{
  "invariant": "no-park",
  "seed": 20470484,
  "wave": 190,
  "detail": "production full-snapshot resync capture returned null",
  "replay": "SOAK_SEED=20470484",
  "phaseState": {
    "hostPhase": "TitlePhase",
    "guestPhase": "CoopFinalizeTurnPhase",
    "hostInteractionCounter": 221,
    "guestInteractionCounter": 221,
    "hostPlayerField": [],
    "hostEnemyField": [],
    "guestPlayerField": [
      {
        "id": 4090903534,
        "battlerIndex": 0,
        "speciesId": 890,
        "speciesName": "Eternatus",
        "hp": 0,
        "maxHp": 2065,
        "fainted": true,
        "status": 7,
        "statStages": [
          0,
          0,
          0,
          0,
          0,
          0,
          0
        ],
        "moves": [
          {
            "id": 34,
            "ppUsed": 4
          },
          {
            "id": 247,
            "ppUsed": 0
          },
          {
            "id": 53,
            "ppUsed": 0
          },
          {
            "id": 85,
            "ppUsed": 0
          }
        ],
        "coopOwner": "host"
      },
      {
        "id": 435757588,
        "battlerIndex": 1,
        "speciesId": 150,
        "speciesName": "Mewtwo",
        "hp": 1471,
        "maxHp": 1725,
        "fainted": false,
        "status": 0,
        "statStages": [
          0,
          0,
          0,
          0,
          0,
          0,
          0
        ],
        "moves": [
          {
            "id": 34,
            "ppUsed": 0
          },
          {
            "id": 247,
            "ppUsed": 0
          },
          {
            "id": 53,
            "ppUsed": 1
          },
          {
            "id": 85,
            "ppUsed": 1
          }
        ],
        "coopOwner": "guest"
      }
    ],
    "guestEnemyField": [
      {
        "id": 1279619567,
        "battlerIndex": 2,
        "speciesId": 249,
        "speciesName": "Lugia",
        "hp": 453,
        "maxHp": 791,
        "fainted": false,
        "status": 0,
        "statStages": [
          0,
          0,
          0,
          0,
          0,
          0,
          0
        ],
        "moves": [
          {
            "id": 177,
            "ppUsed": 0
          },
          {
            "id": 323,
            "ppUsed": 2
          },
          {
            "id": 540,
            "ppUsed": 1
          },
          {
            "id": 236,
            "ppUsed": 0
          }
        ]
      },
      {
        "id": 3555622563,
        "battlerIndex": 3,
        "speciesId": 143,
        "speciesName": "Snorlax",
        "hp": 0,
        "maxHp": 903,
        "fainted": true,
        "status": 7,
        "statStages": [
          0,
          0,
          0,
          0,
          0,
          0,
          0
        ],
        "moves": [
          {
            "id": 216,
            "ppUsed": 0
          },
          {
            "id": 187,
            "ppUsed": 0
          },
          {
            "id": 452,
            "ppUsed": 0
          },
          {
            "id": 133,
            "ppUsed": 0
          }
        ]
      }
    ]
  },
  "actionScript": [
    "SKIP mysteryEncounterDisabledV1",
    "content seed=coop-soak-20470484 preseeded=false",
    "wave 1 turn 1: replay guest crossed cmd:1:1 through real public COMMAND=opened",
    "wave 1 turn 1: host SWITCH -> party[2]",
    "wave 1: host slot move=85 guest slot move=53",
    "wave 1 turn 1: guest SWITCH -> party[3]",
    "wave 1 turn 1: progress enemyHp=[16:14/14,263:14/14] playerHp=[493:1865/1865,150:1723/1725]",
    "wave 1 turn 2: replay guest crossed cmd:1:2 through real public COMMAND=opened",
    "wave 1 turn 2: host SWITCH -> party[2]",
    "wave 1 turn 3: replay guest crossed cmd:1:3 through real public COMMAND=opened",
    "wave 1: reward shop owner=host take-nonparty",
    "wave 2 turn 1: replay guest crossed cmd:2:1 through real public COMMAND=opened",
    "wave 2: host slot move=34 guest slot move=53",
    "wave 2 turn 1: progress enemyHp=[915:0/17,265:0/16] playerHp=[890:2065/2065,150:1723/1725]",
    "wave 2: reward shop owner=guest leave",
    "wave 3 turn 1: replay guest crossed cmd:3:1 through real public COMMAND=opened",
    "wave 3: host slot move=85 guest slot move=53",
    "wave 3 turn 1: guest SWITCH -> party[3]",
    "wave 3 turn 1: progress enemyHp=[263:0/16,399:18/18] playerHp=[890:2065/2065,384:1715/1715]",
    "wave 3 turn 2: replay guest crossed cmd:3:2 through real public COMMAND=opened",
    "wave 3 turn 2: host SWITCH -> party[2]",
    "wave 3: reward shop owner=host leave",
    "wave 4 turn 1: replay guest crossed cmd:4:1 through real public COMMAND=opened",
    "wave 4: host slot move=34 guest slot move=34",
    "wave 4 turn 1: progress enemyHp=[831:0/18,163:0/20] playerHp=[493:1865/1865,384:1715/1715]",
    "wave 4: reward shop owner=guest take-nonparty",
    "wave 5 turn 1: replay guest crossed cmd:5:1 through real public COMMAND=opened",
    "wave 5: TRAINER (fixed)",
    "wave 5: host slot move=34 guest slot move=85",
    "wave 5 turn 1: progress enemyHp=[399:0/20,504:0/18] playerHp=[493:1865/1865,384:1715/1715]",
    "wave 5: reward shop owner=host take-nonparty",
    "wave 5: guest chose Crossroads Leave through public UI",
    "wave 5: guest drove World Map via public UI=true and both consumed 1827803286259418:1:BIOME_PICK:9700005",
    "wave 6 turn 1: replay guest crossed cmd:6:1 through real public COMMAND=opened",
    "wave 6: BIOME 0->1",
    "wave 6: host slot move=34 guest slot move=34",
    "wave 6 turn 1: progress enemyHp=[519:0/23,915:0/19] playerHp=[493:1865/1865,384:1715/1715]",
    "wave 6: reward shop owner=host take-nonparty",
    "wave 7 turn 1: replay guest crossed cmd:7:1 through real public COMMAND=opened",
    "wave 7: host slot move=53 guest slot move=85",
    "wave 7 turn 1: progress enemyHp=[734:0/21,734:0/21] playerHp=[493:1865/1865,384:1715/1715]",
    "wave 7: reward shop owner=guest take-nonparty",
    "wave 8 turn 1: replay guest crossed cmd:8:1 through real public COMMAND=opened",
    "wave 8: TRAINER (fixed)",
    "wave 8: host slot move=53 guest slot move=34",
    "wave 8 turn 1: guest SWITCH -> party[3]",
    "wave 8 turn 1: progress enemyHp=[909:0/29,163:25/25] playerHp=[493:1865/1865,150:1719/1725]",
    "wave 8 turn 2: replay guest crossed cmd:8:2 through real public COMMAND=opened",
    "wave 8 turn 2: host SWITCH -> party[2]",
    "wave 8: reward shop owner=host leave",
    "wave 9 turn 1: replay guest crossed cmd:9:1 through real public COMMAND=opened",
    "wave 9: host slot move=34 guest slot move=85",
    "wave 9 turn 1: progress enemyHp=[20:0/24,519:0/26] playerHp=[890:2065/2065,150:1719/1725]",
    "wave 9: reward shop owner=guest take-nonparty",
    "wave 10 turn 1: replay guest crossed cmd:10:1 through real public COMMAND=opened",
    "wave 10: host slot move=34 guest slot move=34",
    "wave 10 turn 1: progress enemyHp=[84:0/30,427:0/24] playerHp=[890:2056/2065,150:1719/1725]",
    "wave 10: biome market owner=host leave",
    "wave 10: drained 1 milestone reward continuation(s)",
    "wave 10: guest chose Crossroads Leave through public UI",
    "wave 10: guest drove World Map via public UI=true and both consumed 1827803286259418:1:BIOME_PICK:9700011",
    "wave 11 turn 1: replay guest crossed cmd:11:1 through real public COMMAND=opened",
    "wave 11: BIOME 1->2",
    "wave 11: host slot move=247 guest slot move=85",
    "wave 11 turn 1: progress enemyHp=[543:0/23,285:0/27] playerHp=[890:2065/2065,150:1725/1725]",
    "wave 11: reward shop owner=host take-nonparty",
    "wave 12 turn 1: replay guest crossed cmd:12:1 through real public COMMAND=opened",
    "wave 12 turn 1: host SWITCH -> party[2]",
    "wave 12: host slot move=53 guest slot move=34",
    "wave 12 turn 1: progress enemyHp=[266:26/26,187:0/24] playerHp=[493:1865/1865,150:1725/1725]",
    "wave 12 turn 2: replay guest crossed cmd:12:2 through real public COMMAND=opened",
    "wave 12 turn 2: host SWITCH -> party[2]",
    "wave 12: reward shop owner=guest take-nonparty",
    "wave 13 turn 1: replay guest crossed cmd:13:1 through real public COMMAND=opened",
    "wave 13: host slot move=85 guest slot move=247",
    "wave 13 turn 1: progress enemyHp=[187:0/28,543:0/25] playerHp=[890:2065/2065,150:1725/1725]",
    "wave 13: reward shop owner=host leave",
    "wave 14 turn 1: replay guest crossed cmd:14:1 through real public COMMAND=opened",
    "wave 14: host slot move=34 guest slot move=53",
    "wave 14 turn 1: progress enemyHp=[266:0/30,187:0/28] playerHp=[890:2065/2065,150:1725/1725]",
    "wave 14: reward shop owner=guest leave",
    "wave 15 turn 1: replay guest crossed cmd:15:1 through real public COMMAND=opened",
    "wave 15: host slot move=247 guest slot move=85",
    "wave 15 turn 1: progress enemyHp=[266:0/33,548:0/29] playerHp=[890:2065/2065,150:1725/1725]",
    "wave 15: reward shop owner=host leave",
    "wave 15: guest chose Crossroads Leave through public UI",
    "wave 15: guest drove World Map via public UI=true and both consumed 1827803286259418:1:BIOME_PICK:9700017",
    "wave 16 turn 1: replay guest crossed cmd:16:1 through real public COMMAND=opened",
    "wave 16: BIOME 2->3",
    "wave 16: host slot move=34 guest slot move=34",
    "wave 16 turn 1: progress enemyHp=[290:29/29,29:0/34] playerHp=[890:2065/2065,150:1725/1725]",
    "wave 16 turn 2: replay guest crossed cmd:16:2 through real public COMMAND=opened",
    "wave 16 turn 2: host SWITCH -> party[2]",
    "wave 16: reward shop owner=host take-nonparty",
    "wave 17 turn 1: replay guest crossed cmd:17:1 through real public COMMAND=opened",
    "wave 17: host slot move=85 guest slot move=247",
    "wave 17 turn 1: progress enemyHp=[919:29/29,761:0/31] playerHp=[493:1865/1865,150:1725/1725]",
    "wave 17 turn 2: replay guest crossed cmd:17:2 through real public COMMAND=opened",
    "wave 17: reward shop owner=guest leave",
    "wave 18 turn 1: replay guest crossed cmd:18:1 through real public COMMAND=opened",
    "wave 18: host slot move=34 guest slot move=53",
    "wave 18 turn 1: progress enemyHp=[303:0/39,541:36/36] playerHp=[493:1865/1865,150:1725/1725]",
    "wave 18 turn 2: replay guest crossed cmd:18:2 through real public COMMAND=opened",
    "wave 18 turn 2: guest SWITCH -> party[3]",
    "wave 18: reward shop owner=host take-nonparty",
    "wave 19 turn 1: replay guest crossed cmd:19:1 through real public COMMAND=opened",
    "wave 19: host slot move=247 guest slot move=85",
    "wave 19 turn 1: progress enemyHp=[370:0/36,665:0/38] playerHp=[493:1865/1865,384:1715/1715]",
    "wave 19: reward shop owner=guest leave",
    "wave 20 turn 1: replay guest crossed cmd:20:1 through real public COMMAND=opened",
    "wave 20: TRAINER (random)",
    "wave 20: host slot move=53 guest slot move=34",
    "wave 20 turn 1: progress enemyHp=[283:0/37,664:0/38] playerHp=[493:1865/1865,384:1715/1715]",
    "wave 20: biome market owner=host leave",
    "wave 20: drained 1 milestone reward continuation(s)",
    "wave 20: guest chose Crossroads Leave through public UI",
    "wave 20: guest drove World Map via public UI=true and both consumed 1827803286259418:1:BIOME_PICK:9700023",
    "wave 21 turn 1: replay guest crossed cmd:21:1 through real public COMMAND=opened",
    "wave 21: BIOME 3->5",
    "wave 21: host slot move=85 guest slot move=247",
    "wave 21 turn 1: progress enemyHp=[23:0/43,948:37/37] playerHp=[493:1865/1865,384:1714/1715]",
    "wave 21 turn 2: replay guest crossed cmd:21:2 through real public COMMAND=opened",
    "wave 21: reward shop owner=host take-nonparty",
    "wave 22 turn 1: replay guest crossed cmd:22:1 through real public COMMAND=opened",
    "wave 22 turn 1: host SWITCH -> party[2]",
    "wave 22: host slot move=34 guest slot move=53",
    "wave 22 turn 1: progress enemyHp=[267:46/46,69:0/45] playerHp=[890:2065/2065,384:1711/1715]",
    "wave 22 turn 2: replay guest crossed cmd:22:2 through real public COMMAND=opened",
    "wave 22: reward shop owner=guest take-nonparty",
    "wave 23 turn 1: replay guest crossed cmd:23:1 through real public COMMAND=opened",
    "wave 23: host slot move=247 guest slot move=85",
    "wave 23 turn 1: progress enemyHp=[267:0/46,12:0/49] playerHp=[890:2065/2065,384:1711/1715]",
    "wave 23: reward shop owner=host take-nonparty",
    "wave 24 turn 1: replay guest crossed cmd:24:1 through real public COMMAND=opened",
    "wave 24: host slot move=53 guest slot move=34",
    "wave 24 turn 1: progress enemyHp=[548:0/45,944:0/41] playerHp=[890:2065/2065,384:1711/1715]",
    "wave 24: reward shop owner=guest take-nonparty",
    "wave 25 turn 1: replay guest crossed cmd:25:1 through real public COMMAND=opened",
    "wave 25: TRAINER (fixed)",
    "wave 25: host slot move=85 guest slot move=247",
    "wave 25 turn 1: progress enemyHp=[910:0/64,163:0/52] playerHp=[890:2065/2065,384:1711/1715]",
    "wave 25 turn 2: replay guest crossed cmd:25:2 through real public COMMAND=opened",
    "wave 25 turn 2: guest SWITCH -> party[3]",
    "wave 25: reward shop owner=host leave",
    "wave 25: guest chose Crossroads Leave through public UI",
    "wave 25: guest drove World Map via public UI=true and both consumed 1827803286259418:1:BIOME_PICK:9700029",
    "wave 26 turn 1: replay guest crossed cmd:26:1 through real public COMMAND=opened",
    "wave 26: BIOME 5->27",
    "wave 26: host slot move=34 guest slot move=53",
    "wave 26 turn 1: progress enemyHp=[595:0/53,590:0/58] playerHp=[890:2065/2065,150:1725/1725]",
    "wave 26: reward shop owner=host take-nonparty",
    "wave 27 turn 1: replay guest crossed cmd:27:1 through real public COMMAND=opened",
    "wave 27: host slot move=53 guest slot move=85",
    "wave 27 turn 1: progress enemyHp=[190:0/53,870:0/59] playerHp=[890:2065/2065,150:1725/1725]",
    "wave 27: reward shop owner=guest take-nonparty",
    "wave 28 turn 1: replay guest crossed cmd:28:1 through real public COMMAND=opened",
    "wave 28: host slot move=85 guest slot move=34",
    "wave 28 turn 1: guest SWITCH -> party[3]",
    "wave 28 turn 1: progress enemyHp=[732:0/55,509:50/50] playerHp=[890:2065/2065,384:1715/1715]",
    "wave 28 turn 2: replay guest crossed cmd:28:2 through real public COMMAND=opened",
    "wave 28: reward shop owner=host leave",
    "wave 29 turn 1: replay guest crossed cmd:29:1 through real public COMMAND=opened",
    "wave 29: host slot move=53 guest slot move=247",
    "wave 29 turn 1: progress enemyHp=[732:0/58,513:0/58] playerHp=[890:1915/2065,384:1713/1715]",
    "wave 29: reward shop owner=guest leave",
    "wave 30 turn 1: replay guest crossed cmd:30:1 through real public COMMAND=opened",
    "wave 30: host slot move=34 guest slot move=53",
    "wave 30 turn 1: progress enemyHp=[336:0/79,336:0/62] playerHp=[890:1889/2065,384:1713/1715]",
    "wave 30: biome market owner=host leave",
    "wave 30: drained 1 milestone reward continuation(s)",
    "wave 30: guest chose Crossroads Leave through public UI",
    "wave 30: guest drove World Map via public UI=true and both consumed 1827803286259418:1:BIOME_PICK:9700035",
    "wave 31 turn 1: replay guest crossed cmd:31:1 through real public COMMAND=opened",
    "wave 31: BIOME 27->29",
    "wave 31: host slot move=247 guest slot move=85",
    "wave 31 turn 1: progress enemyHp=[679:0/54,679:0/51] playerHp=[890:2048/2065,384:1715/1715]",
    "wave 31: reward shop owner=host leave",
    "wave 31: drained 1 milestone reward continuation(s)",
    "wave 32 turn 1: replay guest crossed cmd:32:1 through real public COMMAND=opened",
    "wave 32: host slot move=247 guest slot move=34",
    "wave 32 turn 1: progress enemyHp=[92:0/50,343:0/53] playerHp=[890:1516/2065,384:1715/1715]",
    "wave 32: reward shop owner=guest take-nonparty",
    "wave 33 turn 1: replay guest crossed cmd:33:1 through real public COMMAND=opened",
    "wave 33 turn 1: host SWITCH -> party[2]",
    "wave 33: host slot move=53 guest slot move=53",
    "wave 33 turn 1: progress enemyHp=[622:62/62,10440:0/64] playerHp=[493:1865/1865,384:1712/1715]",
    "wave 33 turn 2: replay guest crossed cmd:33:2 through real public COMMAND=opened",
    "wave 33: reward shop owner=host leave",
    "wave 33: drained 1 milestone reward continuation(s)",
    "wave 34 turn 1: replay guest crossed cmd:34:1 through real public COMMAND=opened",
    "wave 34 turn 1: host SWITCH -> party[2]",
    "wave 34: host slot move=247 guest slot move=247",
    "wave 34 turn 1: progress enemyHp=[622:64/64,622:0/64] playerHp=[890:2065/2065,384:1712/1715]",
    "wave 34 turn 2: replay guest crossed cmd:34:2 through real public COMMAND=opened",
    "wave 34: reward shop owner=guest take-nonparty",
    "wave 35 turn 1: replay guest crossed cmd:35:1 through real public COMMAND=opened",
    "wave 35: TRAINER (fixed)",
    "wave 35: host slot move=247 guest slot move=85",
    "wave 35 turn 1: progress enemyHp=[822:0/74,838:0/79] playerHp=[890:2020/2065,384:1712/1715]",
    "wave 35: reward shop owner=host leave",
    "wave 35: guest chose Crossroads Leave through public UI",
    "wave 35: guest drove World Map via public UI=true and both consumed 1827803286259418:1:BIOME_PICK:9700041",
    "wave 36 turn 1: replay guest crossed cmd:36:1 through real public COMMAND=opened",
    "wave 36: BIOME 29->14",
    "wave 36: host slot move=53 guest slot move=34",
    "wave 36 turn 1: progress enemyHp=[331:58/58,207:0/67] playerHp=[890:1891/2065,384:1391/1715]",
    "wave 36 turn 2: replay guest crossed cmd:36:2 through real public COMMAND=opened",
    "wave 36: reward shop owner=host take-nonparty",
    "wave 37 turn 1: replay guest crossed cmd:37:1 through real public COMMAND=opened",
    "wave 37: host slot move=85 guest slot move=247",
    "wave 37 turn 1: guest SWITCH -> party[3]",
    "wave 37 turn 1: progress enemyHp=[953:0/61,331:65/65] playerHp=[890:1594/2065,150:1618/1725]",
    "wave 37 turn 2: replay guest crossed cmd:37:2 through real public COMMAND=opened",
    "wave 37: reward shop owner=guest take-nonparty",
    "wave 38 turn 1: replay guest crossed cmd:38:1 through real public COMMAND=opened",
    "wave 38: host slot move=85 guest slot move=247",
    "wave 38 turn 1: progress enemyHp=[562:0/61,946:0/67] playerHp=[890:1313/2065,150:1404/1725]",
    "wave 38: reward shop owner=host leave",
    "wave 38: drained 1 milestone reward continuation(s)",
    "wave 39 turn 1: replay guest crossed cmd:39:1 through real public COMMAND=opened",
    "wave 39: host slot move=34 guest slot move=85",
    "wave 39 turn 1: progress enemyHp=[777:0/77,331:67/67] playerHp=[890:900/2065,150:1297/1725]",
    "wave 39 turn 2: replay guest crossed cmd:39:2 through real public COMMAND=opened",
    "wave 39: reward shop owner=guest leave",
    "wave 39: drained 1 milestone reward continuation(s)",
    "wave 40 turn 1: replay guest crossed cmd:40:1 through real public COMMAND=opened",
    "wave 40: host slot move=53 guest slot move=247",
    "wave 40 turn 1: progress enemyHp=[207:0/80,552:0/75] playerHp=[890:745/2065,150:1190/1725]",
    "wave 40: biome market owner=host leave",
    "wave 40: drained 1 milestone reward continuation(s)",
    "wave 40: guest chose Crossroads Leave through public UI",
    "wave 40: guest drove World Map via public UI=true and both consumed 1827803286259418:1:BIOME_PICK:9700047",
    "wave 41 turn 1: replay guest crossed cmd:41:1 through real public COMMAND=opened",
    "wave 41: BIOME 14->22",
    "wave 41: host slot move=34 guest slot move=247",
    "wave 41 turn 1: progress enemyHp=[566:0/70,575:0/80] playerHp=[890:2042/2065,150:1725/1725]",
    "wave 41: reward shop owner=host leave",
    "wave 41: drained 1 milestone reward continuation(s)",
    "wave 42 turn 1: replay guest crossed cmd:42:1 through real public COMMAND=opened",
    "wave 42: host slot move=85 guest slot move=53",
    "wave 42 turn 1: progress enemyHp=[96:0/77,325:0/77] playerHp=[890:2017/2065,150:1725/1725]",
    "wave 42: reward shop owner=guest leave",
    "wave 42: drained 1 milestone reward continuation(s)",
    "wave 43 turn 1: replay guest crossed cmd:43:1 through real public COMMAND=opened",
    "wave 43 turn 1: host SWITCH -> party[2]",
    "wave 43: host slot move=53 guest slot move=53",
    "wave 43 turn 1: progress enemyHp=[201:79/79,343:0/76] playerHp=[493:1865/1865,150:1725/1725]",
    "wave 43 turn 2: replay guest crossed cmd:43:2 through real public COMMAND=opened",
    "wave 43 turn 2: guest SWITCH -> party[3]",
    "wave 43: reward shop owner=host take-nonparty",
    "wave 44 turn 1: replay guest crossed cmd:44:1 through real public COMMAND=opened",
    "wave 44: host slot move=247 guest slot move=247",
    "wave 44 turn 1: progress enemyHp=[867:0/81,867:0/74] playerHp=[493:1399/1865,384:1287/1715]",
    "wave 44: reward shop owner=guest leave",
    "wave 44: drained 1 milestone reward continuation(s)",
    "wave 45 turn 1: replay guest crossed cmd:45:1 through real public COMMAND=opened",
    "wave 45: host slot move=85 guest slot move=247",
    "wave 45 turn 1: progress enemyHp=[325:0/80,201:0/84] playerHp=[493:933/1865,384:859/1715]",
    "wave 45: reward shop owner=host take-nonparty",
    "wave 45: guest chose Crossroads Leave through public UI",
    "wave 45: guest drove World Map via public UI=true and both consumed 1827803286259418:1:BIOME_PICK:9700053",
    "wave 46 turn 1: replay guest crossed cmd:46:1 through real public COMMAND=opened",
    "wave 46: BIOME 22->11",
    "wave 46: host slot move=34 guest slot move=53",
    "wave 46 turn 1: guest SWITCH -> party[3]",
    "wave 46 turn 1: progress enemyHp=[701:0/90,333:78/78] playerHp=[493:933/1865,150:1725/1725]",
    "wave 46 turn 2: replay guest crossed cmd:46:2 through real public COMMAND=opened",
    "wave 46 turn 2: guest SWITCH -> party[3]",
    "wave 46: reward shop owner=host leave",
    "wave 47 turn 1: replay guest crossed cmd:47:1 through real public COMMAND=opened",
    "wave 47: TRAINER (random)",
    "wave 47 turn 1: host SWITCH -> party[2]",
    "wave 47: host slot move=247 guest slot move=85",
    "wave 47 turn 1: progress enemyHp=[538:113/113,286:0/80] playerHp=[890:2062/2065,384:1715/1715]",
    "wave 47 turn 2: replay guest crossed cmd:47:2 through real public COMMAND=opened",
    "wave 47: reward shop owner=guest take-nonparty",
    "wave 48 turn 1: replay guest crossed cmd:48:1 through real public COMMAND=opened",
    "wave 48: host slot move=34 guest slot move=53",
    "wave 48 turn 1: progress enemyHp=[277:87/87,397:0/84] playerHp=[890:2025/2065,384:1715/1715]",
    "wave 48 turn 2: replay guest crossed cmd:48:2 through real public COMMAND=opened",
    "wave 48: reward shop owner=host take-nonparty",
    "wave 49 turn 1: replay guest crossed cmd:49:1 through real public COMMAND=opened",
    "wave 49: host slot move=34 guest slot move=34",
    "wave 49 turn 1: progress enemyHp=[22:0/93,333:0/76] playerHp=[890:1967/2065,384:1715/1715]",
    "wave 49: reward shop owner=guest take-nonparty",
    "wave 50 turn 1: replay guest crossed cmd:50:1 through real public COMMAND=opened",
    "wave 50: TRAINER (random)",
    "wave 50: host slot move=34 guest slot move=53",
    "wave 50 turn 1: progress enemyHp=[629:0/106,528:0/105] playerHp=[890:1933/2065,384:1711/1715]",
    "wave 50 turn 2: replay guest crossed cmd:50:2 through real public COMMAND=opened",
    "wave 50: biome market owner=host leave",
    "wave 50: drained 1 milestone reward continuation(s)",
    "wave 50: guest chose Crossroads Leave through public UI",
    "wave 50: guest drove World Map via public UI=true and both consumed 1827803286259418:1:BIOME_PICK:9700059",
    "wave 51 turn 1: replay guest crossed cmd:51:1 through real public COMMAND=opened",
    "wave 51: BIOME 11->18",
    "wave 51: host slot move=85 guest slot move=85",
    "wave 51 turn 1: progress enemyHp=[37:0/82,58:0/89] playerHp=[890:1909/2065,384:1711/1715]",
    "wave 51: reward shop owner=host take-nonparty",
    "wave 52 turn 1: replay guest crossed cmd:52:1 through real public COMMAND=opened",
    "wave 52: TRAINER (random)",
    "wave 52: host slot move=247 guest slot move=34",
    "wave 52 turn 1: progress enemyHp=[323:0/121,10649:0/104] playerHp=[890:1870/2065,384:1711/1715]",
    "wave 52: reward shop owner=guest leave",
    "wave 53 turn 1: replay guest crossed cmd:53:1 through real public COMMAND=opened",
    "wave 53 turn 1: host SWITCH -> party[2]",
    "wave 53: host slot move=247 guest slot move=247",
    "wave 53 turn 1: progress enemyHp=[322:111/111,322:0/103] playerHp=[493:1865/1865,384:1711/1715]",
    "wave 53 turn 2: replay guest crossed cmd:53:2 through real public COMMAND=opened",
    "wave 53: reward shop owner=host take-nonparty",
    "wave 54 turn 1: replay guest crossed cmd:54:1 through real public COMMAND=opened",
    "wave 54: host slot move=34 guest slot move=34",
    "wave 54 turn 1: progress enemyHp=[126:0/98,219:0/95] playerHp=[493:1865/1865,384:1711/1715]",
    "wave 54: reward shop owner=guest take-nonparty",
    "wave 55 turn 1: replay guest crossed cmd:55:1 through real public COMMAND=opened",
    "wave 55: TRAINER (fixed)",
    "wave 55: host slot move=53 guest slot move=85",
    "wave 55 turn 1: guest SWITCH -> party[3]",
    "wave 55 turn 1: progress enemyHp=[911:0/148,164:135/135] playerHp=[493:1865/1865,150:1719/1725]",
    "wave 55 turn 2: replay guest crossed cmd:55:2 through real public COMMAND=opened",
    "wave 55 turn 3: replay guest crossed cmd:55:3 through real public COMMAND=opened",
    "wave 55: reward shop owner=host take-nonparty",
    "wave 55: guest chose Crossroads Leave through public UI",
    "wave 55: guest drove World Map via public UI=true and both consumed 1827803286259418:1:BIOME_PICK:9700065",
    "wave 56 turn 1: replay guest crossed cmd:56:1 through real public COMMAND=opened",
    "wave 56: BIOME 18->8",
    "wave 56: host slot move=53 guest slot move=34",
    "wave 56 turn 1: progress enemyHp=[961:0/80,558:1/110] playerHp=[493:1865/1865,150:1719/1725]",
    "wave 56 turn 2: replay guest crossed cmd:56:2 through real public COMMAND=opened",
    "wave 56: reward shop owner=host take-nonparty",
    "wave 57 turn 1: replay guest crossed cmd:57:1 through real public COMMAND=opened",
    "wave 57: host slot move=85 guest slot move=247",
    "wave 57 turn 1: progress enemyHp=[99:0/111,99:0/114] playerHp=[493:1865/1865,150:1719/1725]",
    "wave 57: reward shop owner=guest leave",
    "wave 58 turn 1: replay guest crossed cmd:58:1 through real public COMMAND=opened",
    "wave 58 turn 1: host SWITCH -> party[2]",
    "wave 58: host slot move=34 guest slot move=53",
    "wave 58 turn 1: guest SWITCH -> party[3]",
    "wave 58 turn 1: progress enemyHp=[342:115/115,961:82/82] playerHp=[890:2065/2065,384:1497/1715]",
    "wave 58 turn 2: replay guest crossed cmd:58:2 through real public COMMAND=opened",
    "wave 58: reward shop owner=host take-nonparty",
    "wave 59 turn 1: replay guest crossed cmd:59:1 through real public COMMAND=opened",
    "wave 59: host slot move=247 guest slot move=85",
    "wave 59 turn 1: progress enemyHp=[342:0/107,692:0/119] playerHp=[890:1993/2065,384:1497/1715]",
    "wave 59: reward shop owner=guest take-nonparty",
    "wave 60 turn 1: replay guest crossed cmd:60:1 through real public COMMAND=opened",
    "wave 60: host slot move=34 guest slot move=34",
    "wave 60 turn 1: progress enemyHp=[413:120/120,565:0/143] playerHp=[890:1993/2065,384:1493/1715]",
    "wave 60 turn 2: replay guest crossed cmd:60:2 through real public COMMAND=opened",
    "wave 60: biome market owner=host leave",
    "wave 60: drained 1 milestone reward continuation(s)",
    "wave 60: guest chose Crossroads Leave through public UI",
    "wave 60: guest drove World Map via public UI=true and both consumed 1827803286259418:1:BIOME_PICK:9700071",
    "wave 61 turn 1: replay guest crossed cmd:61:1 through real public COMMAND=opened",
    "wave 61: BIOME 8->6",
    "wave 61: DIGEST mismatch @wave-start class=unexpected fields=[field] -> one-heal resync",
    "wave 61: host slot move=85 guest slot move=247",
    "wave 61 turn 1: progress enemyHp=[419:0/139,321:0/208] playerHp=[890:2020/2065,384:1715/1715]",
    "wave 61: reward shop owner=host take-nonparty",
    "wave 62 turn 1: replay guest crossed cmd:62:1 through real public COMMAND=opened",
    "wave 62: TRAINER (fixed)",
    "wave 62: host slot move=34 guest slot move=34",
    "wave 62 turn 1: progress enemyHp=[448:0/126,208:0/130] playerHp=[890:1979/2065,384:1715/1715]",
    "wave 62 turn 2: replay guest crossed cmd:62:2 through real public COMMAND=opened",
    "wave 62: reward shop owner=guest take-nonparty",
    "wave 63 turn 1: replay guest crossed cmd:63:1 through real public COMMAND=opened",
    "wave 63 turn 1: host SWITCH -> party[2]",
    "wave 63: host slot move=247 guest slot move=85",
    "wave 63 turn 1: progress enemyHp=[845:133/133,279:0/110] playerHp=[493:1865/1865,384:1715/1715]",
    "wave 63 turn 2: replay guest crossed cmd:63:2 through real public COMMAND=opened",
    "wave 63 turn 2: guest SWITCH -> party[3]",
    "wave 63: reward shop owner=host take-nonparty",
    "wave 64 turn 1: replay guest crossed cmd:64:1 through real public COMMAND=opened",
    "wave 64: TRAINER (fixed)",
    "wave 64: host slot move=34 guest slot move=34",
    "wave 64 turn 1: progress enemyHp=[820:0/176,870:0/127] playerHp=[493:1865/1865,150:1725/1725]",
    "wave 64 turn 2: replay guest crossed cmd:64:2 through real public COMMAND=opened",
    "wave 64: reward shop owner=guest leave",
    "wave 65 turn 1: replay guest crossed cmd:65:1 through real public COMMAND=opened",
    "wave 65 turn 1: host SWITCH -> party[2]",
    "wave 65: host slot move=85 guest slot move=247",
    "wave 65 turn 1: progress enemyHp=[321:203/203,80:0/157] playerHp=[890:2065/2065,150:1725/1725]",
    "wave 65 turn 2: replay guest crossed cmd:65:2 through real public COMMAND=opened",
    "wave 65 turn 2: host SWITCH -> party[2]",
    "wave 65: reward shop owner=host leave",
    "wave 66 turn 1: replay guest crossed cmd:66:1 through real public COMMAND=opened",
    "wave 66: TRAINER (fixed)",
    "wave 66 turn 1: host SWITCH -> party[2]",
    "wave 66: host slot move=34 guest slot move=53",
    "wave 66 turn 1: progress enemyHp=[303:137/137,858:0/129] playerHp=[890:2065/2065,150:1718/1725]",
    "wave 66 turn 2: replay guest crossed cmd:66:2 through real public COMMAND=opened",
    "wave 66 turn 3: replay guest crossed cmd:66:3 through real public COMMAND=opened",
    "wave 66 turn 4: replay guest crossed cmd:66:4 through real public COMMAND=opened",
    "wave 66: reward shop owner=guest take-nonparty",
    "wave 67 turn 1: replay guest crossed cmd:67:1 through real public COMMAND=opened",
    "wave 67: host slot move=247 guest slot move=85",
    "wave 67 turn 1: progress enemyHp=[73:0/140,687:0/143] playerHp=[890:1918/2065,150:1718/1725]",
    "wave 67: reward shop owner=host leave",
    "wave 68 turn 1: replay guest crossed cmd:68:1 through real public COMMAND=opened",
    "wave 68: host slot move=53 guest slot move=34",
    "wave 68 turn 1: progress enemyHp=[457:0/131,321:0/221] playerHp=[890:1875/2065,150:1715/1725]",
    "wave 68: reward shop owner=guest take-nonparty",
    "wave 69 turn 1: replay guest crossed cmd:69:1 through real public COMMAND=opened",
    "wave 69: host slot move=85 guest slot move=247",
    "wave 69 turn 1: progress enemyHp=[73:0/143,687:0/152] playerHp=[890:1828/2065,150:1711/1725]",
    "wave 69: reward shop owner=host leave",
    "wave 70 turn 1: replay guest crossed cmd:70:1 through real public COMMAND=opened",
    "wave 70: host slot move=34 guest slot move=53",
    "wave 70 turn 1: progress enemyHp=[230:0/167,730:0/152] playerHp=[890:1773/2065,150:1711/1725]",
    "wave 70: biome market owner=guest leave",
    "wave 70: drained 1 milestone reward continuation(s)",
    "wave 70: host chose Crossroads Leave through public UI",
    "wave 70: host drove World Map via public UI=true and both consumed 1827803286259418:0:BIOME_PICK:9700082",
    "wave 71 turn 1: replay guest crossed cmd:71:1 through real public COMMAND=opened",
    "wave 71: BIOME 6->10",
    "wave 71: host slot move=247 guest slot move=85",
    "wave 71 turn 1: progress enemyHp=[226:0/145,222:10/145] playerHp=[890:2012/2065,150:1725/1725]",
    "wave 71 turn 2: replay guest crossed cmd:71:2 through real public COMMAND=opened",
    "wave 71: reward shop owner=guest leave",
    "wave 71: drained 1 milestone reward continuation(s)",
    "wave 72 turn 1: replay guest crossed cmd:72:1 through real public COMMAND=opened",
    "wave 72: host slot move=53 guest slot move=34",
    "wave 72 turn 1: progress enemyHp=[321:0/244,847:0/136] playerHp=[890:1932/2065,150:1725/1725]",
    "wave 72: reward shop owner=host take-nonparty",
    "wave 73 turn 1: replay guest crossed cmd:73:1 through real public COMMAND=opened",
    "wave 73: host slot move=85 guest slot move=247",
    "wave 73 turn 1: progress enemyHp=[91:1/120,691:0/151] playerHp=[890:1893/2065,150:1725/1725]",
    "wave 73 turn 2: replay guest crossed cmd:73:2 through real public COMMAND=opened",
    "wave 73: reward shop owner=guest take-nonparty",
    "wave 74 turn 1: replay guest crossed cmd:74:1 through real public COMMAND=opened",
    "wave 74 turn 1: host SWITCH -> party[2]",
    "wave 74: host slot move=53 guest slot move=53",
    "wave 74 turn 1: progress enemyHp=[171:211/211,550:0/140] playerHp=[493:1865/1865,150:1725/1725]",
    "wave 74 turn 2: replay guest crossed cmd:74:2 through real public COMMAND=opened",
    "wave 74: reward shop owner=host take-nonparty",
    "wave 75 turn 1: replay guest crossed cmd:75:1 through real public COMMAND=opened",
    "wave 75: host slot move=247 guest slot move=247",
    "wave 75 turn 1: progress enemyHp=[691:0/157,171:0/200] playerHp=[493:1865/1865,150:1725/1725]",
    "wave 75: reward shop owner=guest take-nonparty",
    "wave 75: host chose Crossroads Leave through public UI",
    "wave 75: host drove World Map via public UI=true and both consumed 1827803286259418:0:BIOME_PICK:9700088",
    "wave 76 turn 1: replay guest crossed cmd:76:1 through real public COMMAND=opened",
    "wave 76: BIOME 10->13",
    "wave 76: host slot move=34 guest slot move=53",
    "wave 76 turn 1: progress enemyHp=[294:0/185,294:0/185] playerHp=[493:1865/1865,150:1725/1725]",
    "wave 76: reward shop owner=guest leave",
    "wave 77 turn 1: replay guest crossed cmd:77:1 through real public COMMAND=opened",
    "wave 77: host slot move=34 guest slot move=53",
    "wave 77 turn 1: progress enemyHp=[217:0/177,47:0/167] playerHp=[493:1865/1865,150:1725/1725]",
    "wave 77: reward shop owner=host leave",
    "wave 78 turn 1: replay guest crossed cmd:78:1 through real public COMMAND=opened",
    "wave 78 turn 1: host SWITCH -> party[2]",
    "wave 78: host slot move=34 guest slot move=53",
    "wave 78 turn 1: progress enemyHp=[715:171/171,294:0/172] playerHp=[890:2065/2065,150:1702/1725]",
    "wave 78 turn 2: replay guest crossed cmd:78:2 through real public COMMAND=opened",
    "wave 78: reward shop owner=guest leave",
    "wave 78: drained 1 milestone reward continuation(s)",
    "wave 79 turn 1: replay guest crossed cmd:79:1 through real public COMMAND=opened",
    "wave 79: host slot move=85 guest slot move=85",
    "wave 79 turn 1: guest SWITCH -> party[3]",
    "wave 79 turn 1: progress enemyHp=[217:0/174,528:158/158] playerHp=[890:2008/2065,384:1715/1715]",
    "wave 79 turn 2: replay guest crossed cmd:79:2 through real public COMMAND=opened",
    "wave 79: reward shop owner=host leave",
    "wave 80 turn 1: replay guest crossed cmd:80:1 through real public COMMAND=opened",
    "wave 80: TRAINER (random)",
    "wave 80: DIGEST mismatch @wave-start class=unexpected fields=[field] -> one-heal resync",
    "wave 80: host slot move=53 guest slot move=34",
    "wave 80 turn 1: progress enemyHp=[142:0/184,139:0/172] playerHp=[890:1896/2065,384:1715/1715]",
    "wave 80 turn 2: replay guest crossed cmd:80:2 through real public COMMAND=opened",
    "wave 80 turn 2: host SWITCH -> party[2]",
    "wave 80 turn 3: replay guest crossed cmd:80:3 through real public COMMAND=opened",
    "wave 80: biome market owner=guest leave",
    "wave 80: drained 1 milestone reward continuation(s)",
    "wave 80: host chose Crossroads Leave through public UI",
    "wave 80: host drove World Map via public UI=true and both consumed 1827803286259418:0:BIOME_PICK:9700094",
    "wave 81 turn 1: replay guest crossed cmd:81:1 through real public COMMAND=opened",
    "wave 81: BIOME 13->12",
    "wave 81: host slot move=247 guest slot move=247",
    "wave 81 turn 1: progress enemyHp=[50:0/91,526:1/169] playerHp=[493:1749/1865,384:1608/1715]",
    "wave 81 turn 2: replay guest crossed cmd:81:2 through real public COMMAND=opened",
    "wave 81 turn 2: guest SWITCH -> party[3]",
    "wave 81: reward shop owner=guest leave",
    "wave 82 turn 1: replay guest crossed cmd:82:1 through real public COMMAND=opened",
    "wave 82: host slot move=53 guest slot move=53",
    "wave 82 turn 1: guest SWITCH -> party[3]",
    "wave 82 turn 1: progress enemyHp=[645:0/182,879:231/231] playerHp=[493:1517/1865,384:1597/1715]",
    "wave 82 turn 2: replay guest crossed cmd:82:2 through real public COMMAND=opened",
    "wave 82: reward shop owner=host leave",
    "wave 82: drained 1 milestone reward continuation(s)",
    "wave 83 turn 1: replay guest crossed cmd:83:1 through real public COMMAND=opened",
    "wave 83: host slot move=247 guest slot move=85",
    "wave 83 turn 1: progress enemyHp=[529:0/160,526:1/175] playerHp=[493:1285/1865,384:1383/1715]",
    "wave 83 turn 2: replay guest crossed cmd:83:2 through real public COMMAND=opened",
    "wave 83: reward shop owner=guest leave",
    "wave 84 turn 1: replay guest crossed cmd:84:1 through real public COMMAND=opened",
    "wave 84: host slot move=247 guest slot move=247",
    "wave 84 turn 1: guest SWITCH -> party[3]",
    "wave 84 turn 1: progress enemyHp=[112:0/218,112:200/200] playerHp=[493:1053/1865,150:1618/1725]",
    "wave 84 turn 2: replay guest crossed cmd:84:2 through real public COMMAND=opened",
    "wave 84: reward shop owner=host leave",
    "wave 85 turn 1: replay guest crossed cmd:85:1 through real public COMMAND=opened",
    "wave 85: host slot move=34 guest slot move=247",
    "wave 85 turn 1: progress enemyHp=[75:1/149,851:0/205] playerHp=[493:821/1865,150:1404/1725]",
    "wave 85 turn 2: replay guest crossed cmd:85:2 through real public COMMAND=opened",
    "wave 85 turn 2: host SWITCH -> party[2]",
    "wave 85 turn 2: guest SWITCH -> party[3]",
    "wave 85 turn 3: replay guest crossed cmd:85:3 through real public COMMAND=opened",
    "wave 85: reward shop owner=guest take-nonparty",
    "wave 85: host chose Crossroads Leave through public UI",
    "wave 85: host drove World Map via public UI=true and both consumed 1827803286259418:0:BIOME_PICK:9700100",
    "wave 86 turn 1: replay guest crossed cmd:86:1 through real public COMMAND=opened",
    "wave 86: BIOME 12->14",
    "wave 86: TRAINER (random)",
    "wave 86: host slot move=34 guest slot move=53",
    "wave 86 turn 1: progress enemyHp=[303:0/167,323:0/221] playerHp=[890:1622/2065,384:1387/1715]",
    "wave 86: reward shop owner=guest leave",
    "wave 87 turn 1: replay guest crossed cmd:87:1 through real public COMMAND=opened",
    "wave 87: host slot move=247 guest slot move=85",
    "wave 87 turn 1: progress enemyHp=[787:0/172,561:0/166] playerHp=[890:1566/2065,384:1280/1715]",
    "wave 87: reward shop owner=host leave",
    "wave 87: drained 1 milestone reward continuation(s)",
    "wave 88 turn 1: replay guest crossed cmd:88:1 through real public COMMAND=opened",
    "wave 88: host slot move=53 guest slot move=34",
    "wave 88 turn 1: progress enemyHp=[330:0/178,346:0/207] playerHp=[890:1508/2065,384:1173/1715]",
    "wave 88: reward shop owner=guest leave",
    "wave 88: drained 1 milestone reward continuation(s)",
    "wave 89 turn 1: replay guest crossed cmd:89:1 through real public COMMAND=opened",
    "wave 89: host slot move=53 guest slot move=247",
    "wave 89 turn 1: progress enemyHp=[330:0/181,947:0/163] playerHp=[890:1449/2065,384:1066/1715]",
    "wave 89: reward shop owner=host leave",
    "wave 89: drained 1 milestone reward continuation(s)",
    "wave 90 turn 1: replay guest crossed cmd:90:1 through real public COMMAND=opened",
    "wave 90: host slot move=34 guest slot move=34",
    "wave 90 turn 1: progress enemyHp=[28:0/247,28:0/234] playerHp=[890:1368/2065,384:1066/1715]",
    "wave 90: biome market owner=guest leave",
    "wave 90: drained 1 milestone reward continuation(s)",
    "wave 90: host chose Crossroads Leave through public UI",
    "wave 90: host drove World Map via public UI=true and both consumed 1827803286259418:0:BIOME_PICK:9700106",
    "wave 91 turn 1: replay guest crossed cmd:91:1 through real public COMMAND=opened",
    "wave 91: BIOME 14->22",
    "wave 91: DIGEST mismatch @wave-start class=unexpected fields=[field] -> one-heal resync",
    "wave 91: host slot move=247 guest slot move=85",
    "wave 91 turn 1: progress enemyHp=[606:0/184,202:0/342] playerHp=[890:1478/2065,384:0/1715]",
    "wave 91: reward shop owner=guest leave",
    "wave 91: drained 1 milestone reward continuation(s)",
    "wave 92 turn 1: replay guest crossed cmd:92:1 through real public COMMAND=opened",
    "wave 92: host slot move=53 guest slot move=34",
    "wave 92 turn 1: progress enemyHp=[874:235/235,959:208/208] playerHp=[890:1478/2065,150:1715/1725]",
    "wave 92 turn 2: replay guest crossed cmd:92:2 through real public COMMAND=opened",
    "wave 92: reward shop owner=host take-nonparty",
    "wave 93 turn 1: replay guest crossed cmd:93:1 through real public COMMAND=opened",
    "wave 93: host slot move=247 guest slot move=247",
    "wave 93 turn 1: progress enemyHp=[344:0/183,561:0/202] playerHp=[890:1341/2065,150:1705/1725]",
    "wave 93: reward shop owner=guest leave",
    "wave 94 turn 1: replay guest crossed cmd:94:1 through real public COMMAND=opened",
    "wave 94: host slot move=53 guest slot move=53",
    "wave 94 turn 1: guest SWITCH -> party[3]",
    "wave 94 turn 1: progress enemyHp=[201:0/177,97:218/218] playerHp=[890:1283/2065,384:1715/1715]",
    "wave 94 turn 2: replay guest crossed cmd:94:2 through real public COMMAND=opened",
    "wave 94: reward shop owner=host leave",
    "wave 95 turn 1: replay guest crossed cmd:95:1 through real public COMMAND=opened",
    "wave 95: TRAINER (fixed)",
    "wave 95: host slot move=85 guest slot move=85",
    "wave 95 turn 1: progress enemyHp=[911:0/267,164:0/251] playerHp=[890:1124/2065,384:1715/1715]",
    "wave 95 turn 2: replay guest crossed cmd:95:2 through real public COMMAND=opened",
    "wave 95 turn 3: replay guest crossed cmd:95:3 through real public COMMAND=opened",
    "wave 95: reward shop owner=guest take-nonparty",
    "wave 95: host chose Crossroads Leave through public UI",
    "wave 95: host drove World Map via public UI=true and both consumed 1827803286259418:0:BIOME_PICK:9700112",
    "wave 96 turn 1: replay guest crossed cmd:96:1 through real public COMMAND=opened",
    "wave 96: BIOME 22->11",
    "wave 96: host slot move=53 guest slot move=53",
    "wave 96 turn 1: progress enemyHp=[673:0/251,18:0/211] playerHp=[890:880/2065,384:1715/1715]",
    "wave 96: reward shop owner=guest leave",
    "wave 97 turn 1: replay guest crossed cmd:97:1 through real public COMMAND=opened",
    "wave 97: host slot move=85 guest slot move=247",
    "wave 97 turn 1: progress enemyHp=[673:0/277,663:0/208] playerHp=[890:789/2065,384:1715/1715]",
    "wave 97: reward shop owner=host take-nonparty",
    "wave 98 turn 1: replay guest crossed cmd:98:1 through real public COMMAND=opened",
    "wave 98: host slot move=85 guest slot move=53",
    "wave 98 turn 1: progress enemyHp=[18:0/229,663:0/219] playerHp=[890:714/2065,384:1715/1715]",
    "wave 98: reward shop owner=guest leave",
    "wave 99 turn 1: replay guest crossed cmd:99:1 through real public COMMAND=opened",
    "wave 99: host slot move=247 guest slot move=85",
    "wave 99 turn 1: progress enemyHp=[334:0/201,334:0/220] playerHp=[890:648/2065,384:1715/1715]",
    "wave 99: reward shop owner=host take-nonparty",
    "wave 100 turn 1: replay guest crossed cmd:100:1 through real public COMMAND=opened",
    "wave 100: host slot move=53 guest slot move=34",
    "wave 100 turn 1: progress enemyHp=[663:0/236,823:0/242] playerHp=[890:571/2065,384:1690/1715]",
    "wave 100: biome market owner=guest leave",
    "wave 100: drained 1 milestone reward continuation(s)",
    "wave 100: host chose Crossroads Leave through public UI",
    "wave 100: host drove World Map via public UI=true and both consumed 1827803286259418:0:BIOME_PICK:9700118",
    "wave 101 turn 1: replay guest crossed cmd:101:1 through real public COMMAND=opened",
    "wave 101: BIOME 11->18",
    "wave 101: host slot move=85 guest slot move=85",
    "wave 101 turn 1: progress enemyHp=[218:0/166,38:0/220] playerHp=[890:2011/2065,384:1715/1715]",
    "wave 101: reward shop owner=guest take-nonparty",
    "wave 102 turn 1: replay guest crossed cmd:102:1 through real public COMMAND=opened",
    "wave 102: host slot move=34 guest slot move=53",
    "wave 102 turn 1: progress enemyHp=[514:0/229,643:0/264] playerHp=[890:1936/2065,384:1715/1715]",
    "wave 102: reward shop owner=host leave",
    "wave 102: drained 1 milestone reward continuation(s)",
    "wave 103 turn 1: replay guest crossed cmd:103:1 through real public COMMAND=opened",
    "wave 103: TRAINER (random)",
    "wave 103: host slot move=247 guest slot move=247",
    "wave 103 turn 1: progress enemyHp=[10453:0/240,609:0/248] playerHp=[890:1857/2065,384:1715/1715]",
    "wave 103: reward shop owner=guest leave",
    "wave 104 turn 1: replay guest crossed cmd:104:1 through real public COMMAND=opened",
    "wave 104 turn 1: host SWITCH -> party[2]",
    "wave 104: host slot move=53 guest slot move=34",
    "wave 104 turn 1: progress enemyHp=[218:178/178,78:0/238] playerHp=[493:1865/1865,384:1715/1715]",
    "wave 104 turn 2: replay guest crossed cmd:104:2 through real public COMMAND=opened",
    "wave 104: reward shop owner=host leave",
    "wave 105 turn 1: replay guest crossed cmd:105:1 through real public COMMAND=opened",
    "wave 105: host slot move=85 guest slot move=247",
    "wave 105 turn 1: progress enemyHp=[839:0/280,631:0/229] playerHp=[493:1865/1865,384:1715/1715]",
    "wave 105: reward shop owner=guest leave",
    "wave 105: drained 1 milestone reward continuation(s)",
    "wave 105: host chose Crossroads Leave through public UI",
    "wave 105: host drove World Map via public UI=true and both consumed 1827803286259418:0:BIOME_PICK:9700124",
    "wave 106 turn 1: replay guest crossed cmd:106:1 through real public COMMAND=opened",
    "wave 106: BIOME 18->8",
    "wave 106: host slot move=34 guest slot move=53",
    "wave 106 turn 1: progress enemyHp=[693:0/261,748:226/226] playerHp=[493:1865/1865,384:1715/1715]",
    "wave 106 turn 2: replay guest crossed cmd:106:2 through real public COMMAND=opened",
    "wave 106: reward shop owner=guest leave",
    "wave 107 turn 1: replay guest crossed cmd:107:1 through real public COMMAND=opened",
    "wave 107: host slot move=247 guest slot move=85",
    "wave 107 turn 1: progress enemyHp=[99:0/242,341:0/168] playerHp=[493:1632/1865,384:1715/1715]",
    "wave 107: reward shop owner=host take-nonparty",
    "wave 108 turn 1: replay guest crossed cmd:108:1 through real public COMMAND=opened",
    "wave 108: host slot move=53 guest slot move=34",
    "wave 108 turn 1: progress enemyHp=[960:0/145,960:0/142] playerHp=[493:1632/1865,384:1715/1715]",
    "wave 108: reward shop owner=guest take-nonparty",
    "wave 109 turn 1: replay guest crossed cmd:109:1 through real public COMMAND=opened",
    "wave 109: host slot move=85 guest slot move=247",
    "wave 109 turn 1: progress enemyHp=[692:0/220,960:0/132] playerHp=[493:1632/1865,384:1713/1715]",
    "wave 109: reward shop owner=host take-nonparty",
    "wave 110 turn 1: replay guest crossed cmd:110:1 through real public COMMAND=opened",
    "wave 110: TRAINER (random)",
    "wave 110: host slot move=34 guest slot move=53",
    "wave 110 turn 1: progress enemyHp=[10435:0/286,131:0/357] playerHp=[493:1516/1865,384:1606/1715]",
    "wave 110 turn 2: replay guest crossed cmd:110:2 through real public COMMAND=opened",
    "wave 110 turn 2: guest SWITCH -> party[3]",
    "wave 110 turn 3: replay guest crossed cmd:110:3 through real public COMMAND=opened",
    "wave 110: biome market owner=guest leave",
    "wave 110: drained 1 milestone reward continuation(s)",
    "wave 110: host chose Crossroads Leave through public UI",
    "wave 110: host drove World Map via public UI=true and both consumed 1827803286259418:0:BIOME_PICK:9700130",
    "wave 111 turn 1: replay guest crossed cmd:111:1 through real public COMMAND=opened",
    "wave 111: BIOME 8->6",
    "wave 111: DIGEST mismatch @wave-start class=unexpected fields=[field] -> one-heal resync",
    "wave 111: host slot move=247 guest slot move=85",
    "wave 111 turn 1: progress enemyHp=[321:0/366,516:0/283] playerHp=[493:1865/1865,150:1725/1725]",
    "wave 111: reward shop owner=guest leave",
    "wave 112 turn 1: replay guest crossed cmd:112:1 through real public COMMAND=opened",
    "wave 112: TRAINER (fixed)",
    "wave 112: host slot move=53 guest slot move=247",
    "wave 112 turn 1: progress enemyHp=[839:83/329,867:0/234] playerHp=[493:1865/1865,150:1278/1725]",
    "wave 112 turn 2: replay guest crossed cmd:112:2 through real public COMMAND=opened",
    "wave 112 turn 3: replay guest crossed cmd:112:3 through real public COMMAND=opened",
    "wave 112 turn 4: replay guest crossed cmd:112:4 through real public COMMAND=opened",
    "wave 112 turn 4: guest SWITCH -> party[3]",
    "wave 112: reward shop owner=host take-nonparty",
    "wave 113 turn 1: replay guest crossed cmd:113:1 through real public COMMAND=opened",
    "wave 113: host slot move=85 guest slot move=247",
    "wave 113 turn 1: progress enemyHp=[321:0/375,321:0/366] playerHp=[493:1853/1865,384:1715/1715]",
    "wave 113: reward shop owner=guest leave",
    "wave 114 turn 1: replay guest crossed cmd:114:1 through real public COMMAND=opened",
    "wave 114: TRAINER (fixed)",
    "wave 114: host slot move=34 guest slot move=53",
    "wave 114 turn 1: guest SWITCH -> party[3]",
    "wave 114 turn 1: progress enemyHp=[303:0/262,858:237/237] playerHp=[493:1853/1865,150:1704/1725]",
    "wave 114 turn 2: replay guest crossed cmd:114:2 through real public COMMAND=opened",
    "wave 114 turn 3: replay guest crossed cmd:114:3 through real public COMMAND=opened",
    "wave 114 turn 3: guest SWITCH -> party[3]",
    "wave 114 turn 4: replay guest crossed cmd:114:4 through real public COMMAND=opened",
    "wave 114: reward shop owner=host take-nonparty",
    "wave 115 turn 1: replay guest crossed cmd:115:1 through real public COMMAND=opened",
    "wave 115: TRAINER (fixed)",
    "wave 115: host slot move=247 guest slot move=85",
    "wave 115 turn 1: progress enemyHp=[1018:0/325,598:0/272] playerHp=[493:1853/1865,384:1595/1715]",
    "wave 115 turn 2: replay guest crossed cmd:115:2 through real public COMMAND=opened",
    "wave 115 turn 2: host SWITCH -> party[2]",
    "wave 115 turn 2: guest SWITCH -> party[3]",
    "wave 115 turn 3: replay guest crossed cmd:115:3 through real public COMMAND=opened",
    "wave 115 turn 4: replay guest crossed cmd:115:4 through real public COMMAND=opened",
    "wave 115 turn 5: replay guest crossed cmd:115:5 through real public COMMAND=opened",
    "wave 115: reward shop owner=guest leave",
    "wave 115: host chose Crossroads Leave through public UI",
    "wave 115: host drove World Map via public UI=true and both consumed 1827803286259418:0:BIOME_PICK:9700136",
    "wave 116 turn 1: replay guest crossed cmd:116:1 through real public COMMAND=opened",
    "wave 116: BIOME 6->10",
    "wave 116: host slot move=53 guest slot move=34",
    "wave 116 turn 1: progress enemyHp=[224:0/246,171:0/337] playerHp=[890:1777/2065,150:1660/1725]",
    "wave 116: reward shop owner=guest leave",
    "wave 116: drained 1 milestone reward continuation(s)",
    "wave 117 turn 1: replay guest crossed cmd:117:1 through real public COMMAND=opened",
    "wave 117: host slot move=85 guest slot move=247",
    "wave 117 turn 1: progress enemyHp=[72:0/195,976:0/314] playerHp=[890:1713/2065,150:1660/1725]",
    "wave 117: reward shop owner=host leave",
    "wave 118 turn 1: replay guest crossed cmd:118:1 through real public COMMAND=opened",
    "wave 118: host slot move=34 guest slot move=53",
    "wave 118 turn 1: guest SWITCH -> party[3]",
    "wave 118 turn 1: progress enemyHp=[91:1/224,370:211/211] playerHp=[890:1640/2065,384:1710/1715]",
    "wave 118 turn 2: replay guest crossed cmd:118:2 through real public COMMAND=opened",
    "wave 118: reward shop owner=guest leave",
    "wave 119 turn 1: replay guest crossed cmd:119:1 through real public COMMAND=opened",
    "wave 119: host slot move=247 guest slot move=85",
    "wave 119 turn 1: progress enemyHp=[604:0/289,793:0/306] playerHp=[890:1544/2065,384:1710/1715]",
    "wave 119: reward shop owner=host leave",
    "wave 119: drained 1 milestone reward continuation(s)",
    "wave 120 turn 1: replay guest crossed cmd:120:1 through real public COMMAND=opened",
    "wave 120: host slot move=53 guest slot move=34",
    "wave 120 turn 1: progress enemyHp=[211:0/291,367:58/229] playerHp=[890:1448/2065,384:1468/1715]",
    "wave 120 turn 2: replay guest crossed cmd:120:2 through real public COMMAND=opened",
    "wave 120: biome market owner=guest leave",
    "wave 120: drained 1 milestone reward continuation(s)",
    "wave 120: host chose Crossroads Leave through public UI",
    "wave 120: host drove World Map via public UI=true and both consumed 1827803286259418:0:BIOME_PICK:9700142",
    "wave 121 turn 1: replay guest crossed cmd:121:1 through real public COMMAND=opened",
    "wave 121: BIOME 10->13",
    "wave 121: DIGEST mismatch @wave-start class=unexpected fields=[field] -> one-heal resync",
    "wave 121: host slot move=34 guest slot move=247",
    "wave 121 turn 1: progress enemyHp=[295:0/357,476:0/235] playerHp=[890:1948/2065,384:1715/1715]",
    "wave 121: reward shop owner=guest leave",
    "wave 121: drained 1 milestone reward continuation(s)",
    "wave 122 turn 1: replay guest crossed cmd:122:1 through real public COMMAND=opened",
    "wave 122: host slot move=34 guest slot move=53",
    "wave 122 turn 1: progress enemyHp=[169:0/283,526:73/289] playerHp=[890:1855/2065,384:1715/1715]",
    "wave 122 turn 2: replay guest crossed cmd:122:2 through real public COMMAND=opened",
    "wave 122: reward shop owner=host take-nonparty",
    "wave 123 turn 1: replay guest crossed cmd:123:1 through real public COMMAND=opened",
    "wave 123: host slot move=247 guest slot move=85",
    "wave 123 turn 1: progress enemyHp=[598:280/280,295:0/357] playerHp=[890:1831/2065,384:1715/1715]",
    "wave 123 turn 2: replay guest crossed cmd:123:2 through real public COMMAND=opened",
    "wave 123 turn 2: guest SWITCH -> party[3]",
    "wave 123: reward shop owner=guest take-nonparty",
    "wave 124 turn 1: replay guest crossed cmd:124:1 through real public COMMAND=opened",
    "wave 124: host slot move=85 guest slot move=34",
    "wave 124 turn 1: guest SWITCH -> party[3]",
    "wave 124 turn 1: progress enemyHp=[217:0/308,169:292/292] playerHp=[890:1638/2065,384:1715/1715]",
    "wave 124 turn 2: replay guest crossed cmd:124:2 through real public COMMAND=opened",
    "wave 124 turn 2: host SWITCH -> party[2]",
    "wave 124: reward shop owner=host take-nonparty",
    "wave 125 turn 1: replay guest crossed cmd:125:1 through real public COMMAND=opened",
    "wave 125: host slot move=85 guest slot move=247",
    "wave 125 turn 1: progress enemyHp=[169:0/311,528:0/261] playerHp=[493:1865/1865,384:1715/1715]",
    "wave 125: reward shop owner=guest leave",
    "wave 125: host chose Crossroads Leave through public UI",
    "wave 125: host drove World Map via public UI=true and both consumed 1827803286259418:0:BIOME_PICK:9700148",
    "wave 126 turn 1: replay guest crossed cmd:126:1 through real public COMMAND=opened",
    "wave 126: BIOME 13->12",
    "wave 126: host slot move=53 guest slot move=247",
    "wave 126 turn 1: progress enemyHp=[472:0/276,208:0/279] playerHp=[493:1749/1865,384:1608/1715]",
    "wave 126: reward shop owner=guest leave",
    "wave 126: drained 1 milestone reward continuation(s)",
    "wave 127 turn 1: replay guest crossed cmd:127:1 through real public COMMAND=opened",
    "wave 127: host slot move=53 guest slot move=34",
    "wave 127 turn 1: progress enemyHp=[76:1/324,76:1/296] playerHp=[493:1633/1865,384:1501/1715]",
    "wave 127 turn 2: replay guest crossed cmd:127:2 through real public COMMAND=opened",
    "wave 127: reward shop owner=host take-nonparty",
    "wave 128 turn 1: replay guest crossed cmd:128:1 through real public COMMAND=opened",
    "wave 128: host slot move=34 guest slot move=53",
    "wave 128 turn 1: progress enemyHp=[76:82/327,112:0/327] playerHp=[493:1401/1865,384:1287/1715]",
    "wave 128 turn 2: replay guest crossed cmd:128:2 through real public COMMAND=opened",
    "wave 128: reward shop owner=guest take-nonparty",
    "wave 129 turn 1: replay guest crossed cmd:129:1 through real public COMMAND=opened",
    "wave 129: host slot move=247 guest slot move=34",
    "wave 129 turn 1: progress enemyHp=[232:0/327,232:0/317] playerHp=[493:1169/1865,384:1073/1715]",
    "wave 129: reward shop owner=host leave",
    "wave 130 turn 1: replay guest crossed cmd:130:1 through real public COMMAND=opened",
    "wave 130: host slot move=34 guest slot move=53",
    "wave 130 turn 1: progress enemyHp=[1014:0/329,879:0/415] playerHp=[493:1169/1865,384:1073/1715]",
    "wave 130: biome market owner=guest leave",
    "wave 130: drained 1 milestone reward continuation(s)",
    "wave 130: host chose Crossroads Leave through public UI",
    "wave 130: host drove World Map via public UI=true and both consumed 1827803286259418:0:BIOME_PICK:9700154",
    "wave 131 turn 1: replay guest crossed cmd:131:1 through real public COMMAND=opened",
    "wave 131: BIOME 12->14",
    "wave 131: DIGEST mismatch @wave-start class=unexpected fields=[field] -> one-heal resync",
    "wave 131: host slot move=34 guest slot move=85",
    "wave 131 turn 1: progress enemyHp=[330:0/286,947:0/284] playerHp=[493:1749/1865,384:1608/1715]",
    "wave 131: reward shop owner=guest leave",
    "wave 132 turn 1: replay guest crossed cmd:132:1 through real public COMMAND=opened",
    "wave 132: host slot move=53 guest slot move=247",
    "wave 132 turn 1: progress enemyHp=[377:0/321,947:0/260] playerHp=[493:1633/1865,384:1501/1715]",
    "wave 132: reward shop owner=host leave",
    "wave 132: drained 1 milestone reward continuation(s)",
    "wave 133 turn 1: replay guest crossed cmd:133:1 through real public COMMAND=opened",
    "wave 133: host slot move=85 guest slot move=247",
    "wave 133 turn 1: progress enemyHp=[947:0/278,555:0/347] playerHp=[493:1517/1865,384:1394/1715]",
    "wave 133: reward shop owner=guest leave",
    "wave 133: drained 1 milestone reward continuation(s)",
    "wave 134 turn 1: replay guest crossed cmd:134:1 through real public COMMAND=opened",
    "wave 134: host slot move=34 guest slot move=34",
    "wave 134 turn 1: progress enemyHp=[954:297/316,694:0/231] playerHp=[493:1401/1865,384:1287/1715]",
    "wave 134 turn 2: replay guest crossed cmd:134:2 through real public COMMAND=opened",
    "wave 134: reward shop owner=host leave",
    "wave 135 turn 1: replay guest crossed cmd:135:1 through real public COMMAND=opened",
    "wave 135: host slot move=34 guest slot move=34",
    "wave 135 turn 1: guest SWITCH -> party[3]",
    "wave 135 turn 1: progress enemyHp=[330:0/303,844:301/301] playerHp=[493:1169/1865,150:1618/1725]",
    "wave 135 turn 2: replay guest crossed cmd:135:2 through real public COMMAND=opened",
    "wave 135 turn 2: host SWITCH -> party[2]",
    "wave 135: reward shop owner=guest leave",
    "wave 135: drained 1 milestone reward continuation(s)",
    "wave 135: host chose Crossroads Leave through public UI",
    "wave 135: host drove World Map via public UI=true and both consumed 1827803286259418:0:BIOME_PICK:9700160",
    "wave 136 turn 1: replay guest crossed cmd:136:1 through real public COMMAND=opened",
    "wave 136: BIOME 14->22",
    "wave 136: host slot move=34 guest slot move=34",
    "wave 136 turn 1: progress enemyHp=[201:0/271,201:0/279] playerHp=[890:1847/2065,150:1511/1725]",
    "wave 136: reward shop owner=guest take-nonparty",
    "wave 137 turn 1: replay guest crossed cmd:137:1 through real public COMMAND=opened",
    "wave 137: host slot move=85 guest slot move=247",
    "wave 137 turn 1: progress enemyHp=[959:0/326,325:0/273] playerHp=[890:1740/2065,150:1511/1725]",
    "wave 137: reward shop owner=host take-nonparty",
    "wave 138 turn 1: replay guest crossed cmd:138:1 through real public COMMAND=opened",
    "wave 138: host slot move=247 guest slot move=53",
    "wave 138 turn 1: guest SWITCH -> party[3]",
    "wave 138 turn 1: progress enemyHp=[196:0/276,97:325/347] playerHp=[890:1649/2065,384:1671/1715]",
    "wave 138 turn 2: replay guest crossed cmd:138:2 through real public COMMAND=opened",
    "wave 138: reward shop owner=guest leave",
    "wave 138: drained 1 milestone reward continuation(s)",
    "wave 139 turn 1: replay guest crossed cmd:139:1 through real public COMMAND=opened",
    "wave 139: host slot move=85 guest slot move=85",
    "wave 139 turn 1: progress enemyHp=[97:0/366,325:0/288] playerHp=[890:1422/2065,384:1671/1715]",
    "wave 139: reward shop owner=host leave",
    "wave 140 turn 1: replay guest crossed cmd:140:1 through real public COMMAND=opened",
    "wave 140: TRAINER (random)",
    "wave 140: host slot move=53 guest slot move=34",
    "wave 140 turn 1: progress enemyHp=[10833:0/374,10209:0/284] playerHp=[890:1299/2065,384:1671/1715]",
    "wave 140 turn 2: replay guest crossed cmd:140:2 through real public COMMAND=opened",
    "wave 140 turn 3: replay guest crossed cmd:140:3 through real public COMMAND=opened",
    "wave 140: biome market owner=guest leave",
    "wave 140: drained 1 milestone reward continuation(s)",
    "wave 140: host chose Crossroads Leave through public UI",
    "wave 140: host drove World Map via public UI=true and both consumed 1827803286259418:0:BIOME_PICK:9700166",
    "wave 141 turn 1: replay guest crossed cmd:141:1 through real public COMMAND=opened",
    "wave 141: BIOME 22->11",
    "wave 141: host slot move=85 guest slot move=247",
    "wave 141 turn 1: progress enemyHp=[68:0/352,526:1/344] playerHp=[890:1949/2065,384:1715/1715]",
    "wave 141 turn 2: replay guest crossed cmd:141:2 through real public COMMAND=opened",
    "wave 141: reward shop owner=guest leave",
    "wave 142 turn 1: replay guest crossed cmd:142:1 through real public COMMAND=opened",
    "wave 142: host slot move=34 guest slot move=53",
    "wave 142 turn 1: guest SWITCH -> party[3]",
    "wave 142 turn 1: progress enemyHp=[673:0/405,18:351/351] playerHp=[890:1815/2065,150:1725/1725]",
    "wave 142 turn 2: replay guest crossed cmd:142:2 through real public COMMAND=opened",
    "wave 142: reward shop owner=host leave",
    "wave 143 turn 1: replay guest crossed cmd:143:1 through real public COMMAND=opened",
    "wave 143: host slot move=53 guest slot move=85",
    "wave 143 turn 1: progress enemyHp=[277:276/276,257:0/332] playerHp=[890:1815/2065,150:1725/1725]",
    "wave 143 turn 2: replay guest crossed cmd:143:2 through real public COMMAND=opened",
    "wave 143: reward shop owner=guest leave",
    "wave 144 turn 1: replay guest crossed cmd:144:1 through real public COMMAND=opened",
    "wave 144: host slot move=85 guest slot move=34",
    "wave 144 turn 1: progress enemyHp=[21:0/246,76:0/380] playerHp=[890:1643/2065,150:1661/1725]",
    "wave 144: reward shop owner=host leave",
    "wave 145 turn 1: replay guest crossed cmd:145:1 through real public COMMAND=opened",
    "wave 145: TRAINER (fixed)",
    "wave 145: host slot move=85 guest slot move=247",
    "wave 145 turn 1: guest SWITCH -> party[3]",
    "wave 145 turn 1: progress enemyHp=[911:0/447,164:430/430] playerHp=[890:1496/2065,384:1656/1715]",
    "wave 145 turn 2: replay guest crossed cmd:145:2 through real public COMMAND=opened",
    "wave 145 turn 3: replay guest crossed cmd:145:3 through real public COMMAND=opened",
    "wave 145 turn 4: replay guest crossed cmd:145:4 through real public COMMAND=opened",
    "wave 145: reward shop owner=guest leave",
    "wave 145: drained 1 milestone reward continuation(s)",
    "wave 145: host chose Crossroads Leave through public UI",
    "wave 145: host drove World Map via public UI=true and both consumed 1827803286259418:0:BIOME_PICK:9700172",
    "wave 146 turn 1: replay guest crossed cmd:146:1 through real public COMMAND=opened",
    "wave 146: BIOME 11->18",
    "wave 146: DIGEST mismatch @wave-start class=unexpected fields=[field] -> one-heal resync",
    "wave 146: host slot move=34 guest slot move=34",
    "wave 146 turn 1: progress enemyHp=[6059:0/389,2051:0/243] playerHp=[890:949/2065,384:1656/1715]",
    "wave 146: reward shop owner=guest leave",
    "wave 146: drained 1 milestone reward continuation(s)",
    "wave 147 turn 1: replay guest crossed cmd:147:1 through real public COMMAND=opened",
    "wave 147 turn 1: host SWITCH -> party[2]",
    "wave 147: host slot move=247 guest slot move=85",
    "wave 147 turn 1: progress enemyHp=[6059:367/367,631:0/371] playerHp=[493:1865/1865,384:1615/1715]",
    "wave 147 turn 2: replay guest crossed cmd:147:2 through real public COMMAND=opened",
    "wave 147: reward shop owner=host leave",
    "wave 147: drained 1 milestone reward continuation(s)",
    "wave 148 turn 1: replay guest crossed cmd:148:1 through real public COMMAND=opened",
    "wave 148: host slot move=247 guest slot move=34",
    "wave 148 turn 1: progress enemyHp=[485:0/363,467:0/321] playerHp=[493:1865/1865,384:1615/1715]",
    "wave 148: reward shop owner=guest leave",
    "wave 148: drained 1 milestone reward continuation(s)",
    "wave 149 turn 1: replay guest crossed cmd:149:1 through real public COMMAND=opened",
    "wave 149: host slot move=53 guest slot move=247",
    "wave 149 turn 1: progress enemyHp=[323:0/389,218:0/261] playerHp=[493:1865/1865,384:1615/1715]",
    "wave 149: reward shop owner=host take-nonparty",
    "wave 150 turn 1: replay guest crossed cmd:150:1 through real public COMMAND=opened",
    "wave 150: host slot move=34 guest slot move=247",
    "wave 150 turn 1: progress enemyHp=[146:0/380,467:0/352] playerHp=[493:1840/1865,384:1599/1715]",
    "wave 150: biome market owner=guest leave",
    "wave 150: drained 1 milestone reward continuation(s)",
    "wave 150: host drove World Map via public UI=true and both consumed 1827803286259418:0:BIOME_PICK:9700178",
    "wave 151 turn 1: replay guest crossed cmd:151:1 through real public COMMAND=opened",
    "wave 151: BIOME 18->8",
    "wave 151 turn 1: host SWITCH -> party[2]",
    "wave 151: host slot move=247 guest slot move=85",
    "wave 151 turn 1: guest SWITCH -> party[3]",
    "wave 151 turn 1: progress enemyHp=[692:343/343,748:369/369] playerHp=[890:2065/2065,150:1725/1725]",
    "wave 151 turn 2: replay guest crossed cmd:151:2 through real public COMMAND=opened",
    "wave 151: reward shop owner=guest take-nonparty",
    "wave 152 turn 1: replay guest crossed cmd:152:1 through real public COMMAND=opened",
    "wave 152: TRAINER (random)",
    "wave 152: host slot move=85 guest slot move=34",
    "wave 152 turn 1: progress enemyHp=[10854:0/386,10104:0/440] playerHp=[890:1825/2065,150:1725/1725]",
    "wave 152: reward shop owner=host take-nonparty",
    "wave 153 turn 1: replay guest crossed cmd:153:1 through real public COMMAND=opened",
    "wave 153: host slot move=85 guest slot move=247",
    "wave 153 turn 1: progress enemyHp=[692:0/351,341:0/281] playerHp=[890:1710/2065,150:1725/1725]",
    "wave 153: reward shop owner=guest take-nonparty",
    "wave 154 turn 1: replay guest crossed cmd:154:1 through real public COMMAND=opened",
    "wave 154: host slot move=34 guest slot move=53",
    "wave 154 turn 1: progress enemyHp=[558:0/365,341:0/285] playerHp=[890:1590/2065,150:1725/1725]",
    "wave 154: reward shop owner=host take-nonparty",
    "wave 155 turn 1: replay guest crossed cmd:155:1 through real public COMMAND=opened",
    "wave 155: host slot move=247 guest slot move=85",
    "wave 155 turn 1: progress enemyHp=[558:1/348,341:0/268] playerHp=[890:1476/2065,150:1725/1725]",
    "wave 155 turn 2: replay guest crossed cmd:155:2 through real public COMMAND=opened",
    "wave 155: reward shop owner=guest leave",
    "wave 156 turn 1: replay guest crossed cmd:156:1 through real public COMMAND=opened",
    "wave 156: host slot move=53 guest slot move=34",
    "wave 156 turn 1: progress enemyHp=[978:0/327,748:0/347] playerHp=[890:1369/2065,150:1510/1725]",
    "wave 156: reward shop owner=host leave",
    "wave 157 turn 1: replay guest crossed cmd:157:1 through real public COMMAND=opened",
    "wave 157: host slot move=85 guest slot move=247",
    "wave 157 turn 1: guest SWITCH -> party[3]",
    "wave 157 turn 1: progress enemyHp=[693:0/429,748:378/378] playerHp=[890:1228/2065,384:1715/1715]",
    "wave 157 turn 2: replay guest crossed cmd:157:2 through real public COMMAND=opened",
    "wave 157 turn 2: host SWITCH -> party[2]",
    "wave 157: reward shop owner=guest take-nonparty",
    "wave 158 turn 1: replay guest crossed cmd:158:1 through real public COMMAND=opened",
    "wave 158: host slot move=34 guest slot move=53",
    "wave 158 turn 1: progress enemyHp=[91:317/317,341:0/294] playerHp=[493:1749/1865,384:1715/1715]",
    "wave 158 turn 2: replay guest crossed cmd:158:2 through real public COMMAND=opened",
    "wave 158: reward shop owner=host take-nonparty",
    "wave 159 turn 1: replay guest crossed cmd:159:1 through real public COMMAND=opened",
    "wave 159 turn 1: host SWITCH -> party[2]",
    "wave 159: host slot move=247 guest slot move=85",
    "wave 159 turn 1: guest SWITCH -> party[3]",
    "wave 159 turn 1: progress enemyHp=[341:300/300,91:310/310] playerHp=[890:2065/2065,150:1713/1725]",
    "wave 159 turn 2: replay guest crossed cmd:159:2 through real public COMMAND=opened",
    "wave 159 turn 3: replay guest crossed cmd:159:3 through real public COMMAND=opened",
    "wave 159: reward shop owner=guest leave",
    "wave 160 turn 1: replay guest crossed cmd:160:1 through real public COMMAND=opened",
    "wave 160 turn 1: host SWITCH -> party[2]",
    "wave 160: host slot move=34 guest slot move=34",
    "wave 160 turn 1: guest SWITCH -> party[3]",
    "wave 160 turn 1: progress enemyHp=[413:383/383,342:387/387] playerHp=[493:1241/1865,384:1715/1715]",
    "wave 160 turn 2: replay guest crossed cmd:160:2 through real public COMMAND=opened",
    "wave 160: biome market owner=host leave",
    "wave 160: drained 1 milestone reward continuation(s)",
    "wave 160: guest drove World Map via public UI=true and both consumed 1827803286259418:1:BIOME_PICK:9700189",
    "wave 161 turn 1: replay guest crossed cmd:161:1 through real public COMMAND=opened",
    "wave 161: BIOME 8->6",
    "wave 161: host slot move=85 guest slot move=247",
    "wave 161 turn 1: progress enemyHp=[687:0/406,321:0/578] playerHp=[493:1865/1865,384:1715/1715]",
    "wave 161: reward shop owner=host leave",
    "wave 162 turn 1: replay guest crossed cmd:162:1 through real public COMMAND=opened",
    "wave 162: host slot move=34 guest slot move=53",
    "wave 162 turn 1: guest SWITCH -> party[3]",
    "wave 162 turn 1: progress enemyHp=[321:0/623,687:431/431] playerHp=[493:1865/1865,150:1725/1725]",
    "wave 162 turn 2: replay guest crossed cmd:162:2 through real public COMMAND=opened",
    "wave 162: reward shop owner=guest take-nonparty",
    "wave 163 turn 1: replay guest crossed cmd:163:1 through real public COMMAND=opened",
    "wave 163: host slot move=247 guest slot move=85",
    "wave 163 turn 1: progress enemyHp=[72:0/299,395:0/413] playerHp=[493:1865/1865,150:1725/1725]",
    "wave 163: reward shop owner=host leave",
    "wave 164 turn 1: replay guest crossed cmd:164:1 through real public COMMAND=opened",
    "wave 164: TRAINER (fixed)",
    "wave 164 turn 1: host SWITCH -> party[2]",
    "wave 164: host slot move=53 guest slot move=34",
    "wave 164 turn 1: progress enemyHp=[303:455/455,858:0/425] playerHp=[890:2065/2065,150:1654/1725]",
    "wave 164 turn 2: replay guest crossed cmd:164:2 through real public COMMAND=opened",
    "wave 164 turn 3: replay guest crossed cmd:164:3 through real public COMMAND=opened",
    "wave 164 turn 4: replay guest crossed cmd:164:4 through real public COMMAND=opened",
    "wave 164 turn 4: host SWITCH -> party[2]",
    "wave 164: reward shop owner=guest leave",
    "wave 165 turn 1: replay guest crossed cmd:165:1 through real public COMMAND=opened",
    "wave 165: TRAINER (fixed)",
    "wave 165: host slot move=85 guest slot move=247",
    "wave 165 turn 1: progress enemyHp=[1018:0/485,823:0/500] playerHp=[493:1399/1865,150:1654/1725]",
    "wave 165 turn 2: replay guest crossed cmd:165:2 through real public COMMAND=opened",
    "wave 165 turn 2: guest SWITCH -> party[3]",
    "wave 165 turn 3: replay guest crossed cmd:165:3 through real public COMMAND=opened",
    "wave 165 turn 4: replay guest crossed cmd:165:4 through real public COMMAND=opened",
    "wave 165: reward shop owner=host leave",
    "wave 165: drained 1 milestone reward continuation(s)",
    "wave 166 turn 1: replay guest crossed cmd:166:1 through real public COMMAND=opened",
    "wave 166: host slot move=34 guest slot move=53",
    "wave 166 turn 1: progress enemyHp=[186:0/469,963:375/375] playerHp=[493:416/1865,384:1552/1715]",
    "wave 166 turn 2: replay guest crossed cmd:166:2 through real public COMMAND=opened",
    "wave 166 turn 2: host SWITCH -> party[2]",
    "wave 166: reward shop owner=guest take-nonparty",
    "wave 167 turn 1: replay guest crossed cmd:167:1 through real public COMMAND=opened",
    "wave 167: host slot move=247 guest slot move=85",
    "wave 167 turn 1: progress enemyHp=[418:0/342,72:0/301] playerHp=[890:1953/2065,384:1552/1715]",
    "wave 167: reward shop owner=host leave",
    "wave 168 turn 1: replay guest crossed cmd:168:1 through real public COMMAND=opened",
    "wave 168: host slot move=53 guest slot move=34",
    "wave 168 turn 1: guest SWITCH -> party[3]",
    "wave 168 turn 1: progress enemyHp=[131:0/576,418:347/347] playerHp=[890:1763/2065,150:1693/1725]",
    "wave 168 turn 2: replay guest crossed cmd:168:2 through real public COMMAND=opened",
    "wave 168: reward shop owner=guest take-nonparty",
    "wave 169 turn 1: replay guest crossed cmd:169:1 through real public COMMAND=opened",
    "wave 169: host slot move=85 guest slot move=247",
    "wave 169 turn 1: progress enemyHp=[845:0/400,963:0/378] playerHp=[890:1517/2065,150:1693/1725]",
    "wave 169: reward shop owner=host leave",
    "wave 170 turn 1: replay guest crossed cmd:170:1 through real public COMMAND=opened",
    "wave 170: TRAINER (random)",
    "wave 170: host slot move=34 guest slot move=53",
    "wave 170 turn 1: progress enemyHp=[279:0/401,10479:0/401] playerHp=[890:1385/2065,150:1693/1725]",
    "wave 170 turn 2: replay guest crossed cmd:170:2 through real public COMMAND=opened",
    "wave 170 turn 3: replay guest crossed cmd:170:3 through real public COMMAND=opened",
    "wave 170 turn 3: guest SWITCH -> party[3]",
    "wave 170 turn 4: replay guest crossed cmd:170:4 through real public COMMAND=opened",
    "wave 170: biome market owner=guest leave",
    "wave 170: drained 1 milestone reward continuation(s)",
    "wave 170: host drove World Map via public UI=true and both consumed 1827803286259418:0:BIOME_PICK:9700200",
    "wave 171 turn 1: replay guest crossed cmd:171:1 through real public COMMAND=opened",
    "wave 171: BIOME 6->10",
    "wave 171: host slot move=247 guest slot move=85",
    "wave 171 turn 1: guest SWITCH -> party[3]",
    "wave 171 turn 1: progress enemyHp=[902:0/510,369:460/460] playerHp=[890:1847/2065,150:1725/1725]",
    "wave 171 turn 2: replay guest crossed cmd:171:2 through real public COMMAND=opened",
    "wave 171 turn 2: host SWITCH -> party[2]",
    "wave 171 turn 3: replay guest crossed cmd:171:3 through real public COMMAND=opened",
    "wave 171: reward shop owner=guest leave",
    "wave 171: drained 1 milestone reward continuation(s)",
    "wave 172 turn 1: replay guest crossed cmd:172:1 through real public COMMAND=opened",
    "wave 172: host slot move=85 guest slot move=34",
    "wave 172 turn 1: progress enemyHp=[593:0/551,550:0/378] playerHp=[493:1865/1865,150:1673/1725]",
    "wave 172: reward shop owner=host leave",
    "wave 173 turn 1: replay guest crossed cmd:173:1 through real public COMMAND=opened",
    "wave 173: host slot move=85 guest slot move=247",
    "wave 173 turn 1: guest SWITCH -> party[3]",
    "wave 173 turn 1: progress enemyHp=[370:0/332,847:359/359] playerHp=[493:1865/1865,384:1715/1715]",
    "wave 173 turn 2: replay guest crossed cmd:173:2 through real public COMMAND=opened",
    "wave 173 turn 2: host SWITCH -> party[2]",
    "wave 173 turn 2: guest SWITCH -> party[3]",
    "wave 173 turn 3: replay guest crossed cmd:173:3 through real public COMMAND=opened",
    "wave 173: reward shop owner=guest leave",
    "wave 174 turn 1: replay guest crossed cmd:174:1 through real public COMMAND=opened",
    "wave 174: host slot move=34 guest slot move=53",
    "wave 174 turn 1: progress enemyHp=[976:0/475,224:0/425] playerHp=[890:1909/2065,150:1705/1725]",
    "wave 174: reward shop owner=host take-nonparty",
    "wave 175 turn 1: replay guest crossed cmd:175:1 through real public COMMAND=opened",
    "wave 175: host slot move=247 guest slot move=85",
    "wave 175 turn 1: progress enemyHp=[793:0/505,367:199/396] playerHp=[890:1675/2065,150:1705/1725]",
    "wave 175 turn 2: replay guest crossed cmd:175:2 through real public COMMAND=opened",
    "wave 175: reward shop owner=guest leave",
    "wave 175: drained 1 milestone reward continuation(s)",
    "wave 176 turn 1: replay guest crossed cmd:176:1 through real public COMMAND=opened",
    "wave 176: host slot move=53 guest slot move=34",
    "wave 176 turn 1: progress enemyHp=[367:1/396,691:0/440] playerHp=[890:1545/2065,150:1705/1725]",
    "wave 176 turn 2: replay guest crossed cmd:176:2 through real public COMMAND=opened",
    "wave 176: reward shop owner=host leave",
    "wave 177 turn 1: replay guest crossed cmd:177:1 through real public COMMAND=opened",
    "wave 177: host slot move=85 guest slot move=247",
    "wave 177 turn 1: guest SWITCH -> party[3]",
    "wave 177 turn 1: progress enemyHp=[902:0/585,224:434/434] playerHp=[890:1300/2065,384:1715/1715]",
    "wave 177 turn 2: replay guest crossed cmd:177:2 through real public COMMAND=opened",
    "wave 177: reward shop owner=guest take-nonparty",
    "wave 178 turn 1: replay guest crossed cmd:178:1 through real public COMMAND=opened",
    "wave 178 turn 1: host SWITCH -> party[2]",
    "wave 178: host slot move=85 guest slot move=53",
    "wave 178 turn 1: progress enemyHp=[593:533/533,847:0/394] playerHp=[493:1865/1865,384:1715/1715]",
    "wave 178 turn 2: replay guest crossed cmd:178:2 through real public COMMAND=opened",
    "wave 178 turn 2: host SWITCH -> party[2]",
    "wave 178: reward shop owner=host leave",
    "wave 179 turn 1: replay guest crossed cmd:179:1 through real public COMMAND=opened",
    "wave 179: host slot move=247 guest slot move=85",
    "wave 179 turn 1: progress enemyHp=[370:0/382,883:0/485] playerHp=[890:1939/2065,384:1715/1715]",
    "wave 179: reward shop owner=guest leave",
    "wave 179: drained 1 milestone reward continuation(s)",
    "wave 180 turn 1: replay guest crossed cmd:180:1 through real public COMMAND=opened",
    "wave 180: host slot move=53 guest slot move=34",
    "wave 180 turn 1: guest SWITCH -> party[3]",
    "wave 180 turn 1: progress enemyHp=[226:0/542,369:546/546] playerHp=[890:1678/2065,150:1725/1725]",
    "wave 180 turn 2: replay guest crossed cmd:180:2 through real public COMMAND=opened",
    "wave 180: biome market owner=host leave",
    "wave 180: drained 1 milestone reward continuation(s)",
    "wave 180: guest drove World Map via public UI=true and both consumed 1827803286259418:1:BIOME_PICK:9700211",
    "wave 181 turn 1: replay guest crossed cmd:181:1 through real public COMMAND=opened",
    "wave 181: BIOME 10->13",
    "wave 181: host slot move=53 guest slot move=247",
    "wave 181 turn 1: progress enemyHp=[901:0/619,169:0/455] playerHp=[890:1861/2065,150:1725/1725]",
    "wave 181: reward shop owner=host leave",
    "wave 182 turn 1: replay guest crossed cmd:182:1 through real public COMMAND=opened",
    "wave 182: TRAINER (fixed)",
    "wave 182: DIGEST mismatch @wave-start class=unexpected fields=[field] -> one-heal resync",
    "wave 182: host slot move=34 guest slot move=53",
    "wave 182 turn 1: progress enemyHp=[103:0/558,4199:0/599] playerHp=[890:1677/2065,150:1725/1725]",
    "wave 182 turn 2: replay guest crossed cmd:182:2 through real public COMMAND=opened",
    "wave 182 turn 3: replay guest crossed cmd:182:3 through real public COMMAND=opened",
    "wave 182 turn 4: replay guest crossed cmd:182:4 through real public COMMAND=opened",
    "wave 182: reward shop owner=guest take-nonparty",
    "wave 183 turn 1: replay guest crossed cmd:183:1 through real public COMMAND=opened",
    "wave 183: host slot move=247 guest slot move=53",
    "wave 183 turn 1: progress enemyHp=[169:0/476,660:0/494] playerHp=[890:1281/2065,150:1591/1725]",
    "wave 183: reward shop owner=host leave",
    "wave 184 turn 1: replay guest crossed cmd:184:1 through real public COMMAND=opened",
    "wave 184: TRAINER (fixed)",
    "wave 184: host slot move=53 guest slot move=34",
    "wave 184 turn 1: progress enemyHp=[49:0/505,89:0/613] playerHp=[890:1064/2065,150:1591/1725]",
    "wave 184 turn 2: replay guest crossed cmd:184:2 through real public COMMAND=opened",
    "wave 184 turn 2: host SWITCH -> party[2]",
    "wave 184 turn 3: replay guest crossed cmd:184:3 through real public COMMAND=opened",
    "wave 184 turn 4: replay guest crossed cmd:184:4 through real public COMMAND=opened",
    "wave 184: reward shop owner=guest take-nonparty",
    "wave 185 turn 1: replay guest crossed cmd:185:1 through real public COMMAND=opened",
    "wave 185: host slot move=85 guest slot move=53",
    "wave 185 turn 1: progress enemyHp=[295:0/624,660:0/464] playerHp=[493:1865/1865,150:1396/1725]",
    "wave 185: reward shop owner=host leave",
    "wave 185: drained 1 milestone reward continuation(s)",
    "wave 186 turn 1: replay guest crossed cmd:186:1 through real public COMMAND=opened",
    "wave 186: TRAINER (fixed)",
    "wave 186: host slot move=34 guest slot move=247",
    "wave 186 turn 1: progress enemyHp=[106:0/525,208:0/541] playerHp=[493:1865/1865,150:1396/1725]",
    "wave 186 turn 2: replay guest crossed cmd:186:2 through real public COMMAND=opened",
    "wave 186 turn 3: replay guest crossed cmd:186:3 through real public COMMAND=opened",
    "wave 186: reward shop owner=guest leave",
    "wave 187 turn 1: replay guest crossed cmd:187:1 through real public COMMAND=opened",
    "wave 187 turn 1: host SWITCH -> party[2]",
    "wave 187: host slot move=247 guest slot move=85",
    "wave 187 turn 1: progress enemyHp=[528:431/431,169:0/506] playerHp=[890:2065/2065,150:1396/1725]",
    "wave 187 turn 2: replay guest crossed cmd:187:2 through real public COMMAND=opened",
    "wave 187: reward shop owner=host take-nonparty",
    "wave 188 turn 1: replay guest crossed cmd:188:1 through real public COMMAND=opened",
    "wave 188: TRAINER (fixed)",
    "wave 188 turn 1: host SWITCH -> party[2]",
    "wave 188: host slot move=53 guest slot move=247",
    "wave 188 turn 1: progress enemyHp=[197:584/584,94:0/532] playerHp=[493:1843/1865,150:1340/1725]",
    "wave 188 turn 2: replay guest crossed cmd:188:2 through real public COMMAND=opened",
    "wave 188 turn 3: replay guest crossed cmd:188:3 through real public COMMAND=opened",
    "wave 188 turn 4: replay guest crossed cmd:188:4 through real public COMMAND=opened",
    "wave 188: reward shop owner=guest leave",
    "wave 189 turn 1: replay guest crossed cmd:189:1 through real public COMMAND=opened",
    "wave 189: host slot move=53 guest slot move=247",
    "wave 189 turn 1: progress enemyHp=[901:0/608,528:0/423] playerHp=[493:1843/1865,150:1340/1725]",
    "wave 189: reward shop owner=host take-nonparty",
    "wave 190 turn 1: replay guest crossed cmd:190:1 through real public COMMAND=opened",
    "wave 190: TRAINER (fixed)",
    "wave 190: host slot move=34 guest slot move=53",
    "wave 190 turn 1: guest SWITCH -> party[3]",
    "wave 190 turn 1: progress enemyHp=[25:0/437,160:596/596] playerHp=[493:1843/1865,384:1646/1715]",
    "wave 190 turn 2: replay guest crossed cmd:190:2 through real public COMMAND=opened",
    "wave 190 turn 2: host SWITCH -> party[2]",
    "wave 190 turn 3: replay guest crossed cmd:190:3 through real public COMMAND=opened",
    "wave 190 turn 4: replay guest crossed cmd:190:4 through real public COMMAND=opened",
    "wave 190 turn 4: guest SWITCH -> party[3]",
    "wave 190 turn 5: replay guest crossed cmd:190:5 through real public COMMAND=opened",
    "wave 190 turn 6: replay guest crossed cmd:190:6 through real public COMMAND=opened",
    "wave 190: DIGEST mismatch @post-turn class=unexpected fields=[field,party,partyLevels,benchHp,benchMoves,money,modifiers,heldItems,pokeballCounts,biomeId,seed,saveDataDigest] -> one-heal resync"
  ]
}