{
  "invariant": "no-park",
  "seed": 206780945,
  "wave": 2,
  "detail": "wave driving threw (strand/stall): guest replay HANG: stuck on MessagePhase - see dev-logs/coop-duo/",
  "replay": "SOAK_SEED=206780945",
  "phaseState": {
    "hostPhase": "EggLapsePhase",
    "guestPhase": "MessagePhase",
    "hostInteractionCounter": 1,
    "guestInteractionCounter": 1,
    "hostWave": 2,
    "hostBattleType": 0,
    "hostPlayerField": [
      {
        "id": 1139362077,
        "battlerIndex": -1,
        "speciesId": 890,
        "speciesName": "Eternatus",
        "hp": 2065,
        "maxHp": 2065,
        "fainted": false,
        "status": 0,
        "statStages": [
          0,
          0,
          2,
          0,
          0,
          0,
          0
        ],
        "moves": [
          {
            "id": 34,
            "ppUsed": 0
          },
          {
            "id": 247,
            "ppUsed": 1
          },
          {
            "id": 53,
            "ppUsed": 0
          },
          {
            "id": 85,
            "ppUsed": 0
          }
        ],
        "coopOwner": "host"
      },
      {
        "id": 2802075046,
        "battlerIndex": -1,
        "speciesId": 384,
        "speciesName": "Rayquaza",
        "hp": 1715,
        "maxHp": 1715,
        "fainted": false,
        "status": 0,
        "statStages": [
          0,
          0,
          0,
          0,
          0,
          0,
          0
        ],
        "moves": [
          {
            "id": 34,
            "ppUsed": 0
          },
          {
            "id": 247,
            "ppUsed": 0
          },
          {
            "id": 53,
            "ppUsed": 1
          },
          {
            "id": 85,
            "ppUsed": 0
          }
        ],
        "coopOwner": "guest"
      }
    ],
    "hostEnemyField": [
      {
        "id": 3090662115,
        "battlerIndex": -1,
        "speciesId": 13,
        "speciesName": "Weedle",
        "hp": 0,
        "maxHp": 14,
        "fainted": true,
        "status": 7,
        "statStages": [
          0,
          0,
          0,
          0,
          0,
          0,
          0
        ],
        "moves": [
          {
            "id": 679,
            "ppUsed": 0
          },
          {
            "id": 40,
            "ppUsed": 1
          }
        ]
      },
      {
        "id": 2676015804,
        "battlerIndex": -1,
        "speciesId": 19,
        "speciesName": "Rattata",
        "hp": 0,
        "maxHp": 15,
        "fainted": true,
        "status": 7,
        "statStages": [
          0,
          0,
          0,
          0,
          0,
          0,
          0
        ],
        "moves": [
          {
            "id": 98,
            "ppUsed": 0
          },
          {
            "id": 422,
            "ppUsed": 0
          },
          {
            "id": 424,
            "ppUsed": 0
          },
          {
            "id": 423,
            "ppUsed": 0
          }
        ]
      }
    ],
    "guestPlayerField": [
      {
        "id": 1139362077,
        "battlerIndex": 0,
        "speciesId": 890,
        "speciesName": "Eternatus",
        "hp": 2064,
        "maxHp": 2065,
        "fainted": false,
        "status": 0,
        "statStages": [
          0,
          0,
          2,
          0,
          0,
          0,
          0
        ],
        "moves": [
          {
            "id": 34,
            "ppUsed": 0
          },
          {
            "id": 247,
            "ppUsed": 0
          },
          {
            "id": 53,
            "ppUsed": 0
          },
          {
            "id": 85,
            "ppUsed": 0
          }
        ],
        "coopOwner": "host"
      },
      {
        "id": 2802075046,
        "battlerIndex": 1,
        "speciesId": 384,
        "speciesName": "Rayquaza",
        "hp": 1715,
        "maxHp": 1715,
        "fainted": false,
        "status": 0,
        "statStages": [
          0,
          0,
          0,
          0,
          0,
          0,
          0
        ],
        "moves": [
          {
            "id": 34,
            "ppUsed": 0
          },
          {
            "id": 247,
            "ppUsed": 0
          },
          {
            "id": 53,
            "ppUsed": 0
          },
          {
            "id": 85,
            "ppUsed": 0
          }
        ],
        "coopOwner": "guest"
      }
    ],
    "guestEnemyField": [
      {
        "id": 3090662115,
        "battlerIndex": 2,
        "speciesId": 13,
        "speciesName": "Weedle",
        "hp": 0,
        "maxHp": 14,
        "fainted": true,
        "status": 7,
        "statStages": [
          0,
          0,
          0,
          0,
          0,
          0,
          0
        ],
        "moves": [
          {
            "id": 679,
            "ppUsed": 0
          },
          {
            "id": 40,
            "ppUsed": 0
          }
        ]
      },
      {
        "id": 2676015804,
        "battlerIndex": 3,
        "speciesId": 19,
        "speciesName": "Rattata",
        "hp": 15,
        "maxHp": 15,
        "fainted": false,
        "status": 0,
        "statStages": [
          0,
          0,
          0,
          0,
          0,
          0,
          0
        ],
        "moves": [
          {
            "id": 98,
            "ppUsed": 0
          },
          {
            "id": 422,
            "ppUsed": 0
          },
          {
            "id": 424,
            "ppUsed": 0
          },
          {
            "id": 423,
            "ppUsed": 0
          }
        ]
      }
    ]
  },
  "actionScript": [
    "SKIP mysteryEncounterDisabledV1",
    "content seed=coop-soak-206780945 preseeded=false",
    "wave 1 turn 1: replay guest crossed cmd:1:1 through real public COMMAND=opened",
    "wave 1: host slot move=85 guest slot move=85",
    "wave 1 turn 1: progress enemyHp=[16:0/14,263:0/14] playerHp=[890:2065/2065,384:1715/1715]",
    "wave 1: reward shop owner=host take-nonparty",
    "wave 2 turn 1: replay guest crossed cmd:2:1 through real public COMMAND=opened",
    "wave 2: host slot move=247 guest slot move=53"
  ]
}