{
  "invariant": "no-park",
  "seed": 20470484,
  "wave": 91,
  "detail": "wave driving threw (strand/stall): PhaseInterceptor.to(\"SelectModifierPhase\") did not reach its target (soft-lock / freeze?): stuck at phase \"SwitchPhase\", UI mode MESSAGE (=0), interceptor state \"running\". runTarget=false, promptTarget=\"SelectModifierPhase\".\nOriginal: Timed out in waitUntil!",
  "replay": "SOAK_SEED=20470484",
  "phaseState": {
    "hostPhase": "SwitchPhase",
    "guestPhase": "TurnInitPhase",
    "hostInteractionCounter": 107,
    "guestInteractionCounter": 107,
    "hostWave": 91,
    "hostBattleType": 0,
    "hostPlayerField": [
      {
        "id": 4090903534,
        "battlerIndex": -1,
        "speciesId": 890,
        "speciesName": "Eternatus",
        "hp": 1478,
        "maxHp": 2065,
        "fainted": false,
        "status": 0,
        "statStages": [
          0,
          0,
          0,
          0,
          0,
          0,
          0
        ],
        "moves": [
          {
            "id": 34,
            "ppUsed": 0
          },
          {
            "id": 247,
            "ppUsed": 0
          },
          {
            "id": 53,
            "ppUsed": 0
          },
          {
            "id": 85,
            "ppUsed": 0
          }
        ],
        "coopOwner": "host"
      },
      {
        "id": 1991345917,
        "battlerIndex": -1,
        "speciesId": 384,
        "speciesName": "Rayquaza",
        "hp": 0,
        "maxHp": 1715,
        "fainted": true,
        "status": 7,
        "statStages": [
          0,
          0,
          0,
          0,
          0,
          0,
          0
        ],
        "moves": [
          {
            "id": 34,
            "ppUsed": 0
          },
          {
            "id": 247,
            "ppUsed": 0
          },
          {
            "id": 53,
            "ppUsed": 0
          },
          {
            "id": 85,
            "ppUsed": 0
          }
        ],
        "coopOwner": "guest"
      }
    ],
    "hostEnemyField": [
      {
        "id": 862117704,
        "battlerIndex": -1,
        "speciesId": 606,
        "speciesName": "Beheeyem",
        "hp": 0,
        "maxHp": 184,
        "fainted": true,
        "status": 7,
        "statStages": [
          0,
          0,
          0,
          0,
          0,
          0,
          0
        ],
        "moves": [
          {
            "id": 736,
            "ppUsed": 0
          },
          {
            "id": 5028,
            "ppUsed": 0
          },
          {
            "id": 683,
            "ppUsed": 0
          },
          {
            "id": 485,
            "ppUsed": 1
          }
        ]
      },
      {
        "id": 3767290152,
        "battlerIndex": -1,
        "speciesId": 202,
        "speciesName": "Wobbuffet",
        "hp": 0,
        "maxHp": 342,
        "fainted": true,
        "status": 7,
        "statStages": [
          0,
          0,
          0,
          0,
          0,
          0,
          0
        ],
        "moves": [
          {
            "id": 227,
            "ppUsed": 0
          },
          {
            "id": 194,
            "ppUsed": 1
          }
        ]
      }
    ],
    "guestPlayerField": [
      {
        "id": 4090903534,
        "battlerIndex": 0,
        "speciesId": 890,
        "speciesName": "Eternatus",
        "hp": 1478,
        "maxHp": 2065,
        "fainted": false,
        "status": 0,
        "statStages": [
          0,
          0,
          0,
          0,
          0,
          0,
          0
        ],
        "moves": [
          {
            "id": 34,
            "ppUsed": 0
          },
          {
            "id": 247,
            "ppUsed": 0
          },
          {
            "id": 53,
            "ppUsed": 0
          },
          {
            "id": 85,
            "ppUsed": 0
          }
        ],
        "coopOwner": "host"
      },
      {
        "id": 1991345917,
        "battlerIndex": 1,
        "speciesId": 384,
        "speciesName": "Rayquaza",
        "hp": 0,
        "maxHp": 1715,
        "fainted": true,
        "status": 7,
        "statStages": [
          0,
          0,
          0,
          0,
          0,
          0,
          0
        ],
        "moves": [
          {
            "id": 34,
            "ppUsed": 0
          },
          {
            "id": 247,
            "ppUsed": 0
          },
          {
            "id": 53,
            "ppUsed": 0
          },
          {
            "id": 85,
            "ppUsed": 0
          }
        ],
        "coopOwner": "guest"
      }
    ],
    "guestEnemyField": [
      {
        "id": 862117704,
        "battlerIndex": 2,
        "speciesId": 606,
        "speciesName": "Beheeyem",
        "hp": 0,
        "maxHp": 184,
        "fainted": true,
        "status": 7,
        "statStages": [
          0,
          0,
          0,
          0,
          0,
          0,
          0
        ],
        "moves": [
          {
            "id": 736,
            "ppUsed": 0
          },
          {
            "id": 5028,
            "ppUsed": 0
          },
          {
            "id": 683,
            "ppUsed": 0
          },
          {
            "id": 485,
            "ppUsed": 1
          }
        ]
      },
      {
        "id": 3767290152,
        "battlerIndex": 3,
        "speciesId": 202,
        "speciesName": "Wobbuffet",
        "hp": 0,
        "maxHp": 342,
        "fainted": true,
        "status": 7,
        "statStages": [
          0,
          0,
          0,
          0,
          0,
          0,
          0
        ],
        "moves": [
          {
            "id": 227,
            "ppUsed": 0
          },
          {
            "id": 194,
            "ppUsed": 1
          }
        ]
      }
    ]
  },
  "actionScript": [
    "SKIP mysteryEncounterDisabledV1",
    "content seed=coop-soak-20470484 preseeded=false",
    "wave 1 turn 1: replay guest crossed cmd:1:1 through real public COMMAND=opened",
    "wave 1 turn 1: host SWITCH -> party[2]",
    "wave 1: host slot move=85 guest slot move=53",
    "wave 1 turn 1: guest SWITCH -> party[3]",
    "wave 1 turn 1: progress enemyHp=[16:14/14,263:14/14] playerHp=[493:1865/1865,150:1723/1725]",
    "wave 1 turn 2: replay guest crossed cmd:1:2 through real public COMMAND=opened",
    "wave 1 turn 2: host SWITCH -> party[2]",
    "wave 1 turn 3: replay guest crossed cmd:1:3 through real public COMMAND=opened",
    "wave 1: reward shop owner=host take-nonparty",
    "wave 2 turn 1: replay guest crossed cmd:2:1 through real public COMMAND=opened",
    "wave 2: host slot move=34 guest slot move=53",
    "wave 2 turn 1: progress enemyHp=[915:0/17,265:0/16] playerHp=[890:2065/2065,150:1723/1725]",
    "wave 2: reward shop owner=guest leave",
    "wave 3 turn 1: replay guest crossed cmd:3:1 through real public COMMAND=opened",
    "wave 3: host slot move=85 guest slot move=53",
    "wave 3 turn 1: guest SWITCH -> party[3]",
    "wave 3 turn 1: progress enemyHp=[263:0/16,399:18/18] playerHp=[890:2065/2065,384:1715/1715]",
    "wave 3 turn 2: replay guest crossed cmd:3:2 through real public COMMAND=opened",
    "wave 3 turn 2: host SWITCH -> party[2]",
    "wave 3: reward shop owner=host leave",
    "wave 4 turn 1: replay guest crossed cmd:4:1 through real public COMMAND=opened",
    "wave 4: host slot move=34 guest slot move=34",
    "wave 4 turn 1: progress enemyHp=[831:0/18,163:0/20] playerHp=[493:1865/1865,384:1715/1715]",
    "wave 4: reward shop owner=guest take-nonparty",
    "wave 5 turn 1: replay guest crossed cmd:5:1 through real public COMMAND=opened",
    "wave 5: TRAINER (fixed)",
    "wave 5: host slot move=34 guest slot move=85",
    "wave 5 turn 1: progress enemyHp=[399:0/20,504:0/18] playerHp=[493:1865/1865,384:1715/1715]",
    "wave 5: reward shop owner=host take-nonparty",
    "wave 5: guest chose Crossroads Leave through public UI",
    "wave 5: guest drove World Map via public UI=true and both consumed 1827802522693750:1:BIOME_PICK:9700005",
    "wave 6 turn 1: replay guest crossed cmd:6:1 through real public COMMAND=opened",
    "wave 6: BIOME 0->1",
    "wave 6: host slot move=34 guest slot move=34",
    "wave 6 turn 1: progress enemyHp=[519:0/23,915:0/19] playerHp=[493:1865/1865,384:1715/1715]",
    "wave 6: reward shop owner=host take-nonparty",
    "wave 7 turn 1: replay guest crossed cmd:7:1 through real public COMMAND=opened",
    "wave 7: host slot move=53 guest slot move=85",
    "wave 7 turn 1: progress enemyHp=[734:0/21,734:0/21] playerHp=[493:1865/1865,384:1715/1715]",
    "wave 7: reward shop owner=guest take-nonparty",
    "wave 8 turn 1: replay guest crossed cmd:8:1 through real public COMMAND=opened",
    "wave 8: TRAINER (fixed)",
    "wave 8: host slot move=53 guest slot move=34",
    "wave 8 turn 1: guest SWITCH -> party[3]",
    "wave 8 turn 1: progress enemyHp=[909:0/29,163:25/25] playerHp=[493:1865/1865,150:1719/1725]",
    "wave 8 turn 2: replay guest crossed cmd:8:2 through real public COMMAND=opened",
    "wave 8 turn 2: host SWITCH -> party[2]",
    "wave 8: reward shop owner=host leave",
    "wave 9 turn 1: replay guest crossed cmd:9:1 through real public COMMAND=opened",
    "wave 9: host slot move=34 guest slot move=85",
    "wave 9 turn 1: progress enemyHp=[20:0/24,519:0/26] playerHp=[890:2065/2065,150:1719/1725]",
    "wave 9: reward shop owner=guest take-nonparty",
    "wave 10 turn 1: replay guest crossed cmd:10:1 through real public COMMAND=opened",
    "wave 10: host slot move=34 guest slot move=34",
    "wave 10 turn 1: progress enemyHp=[84:0/30,427:0/24] playerHp=[890:2056/2065,150:1719/1725]",
    "wave 10: biome market owner=host leave",
    "wave 10: drained 1 milestone reward continuation(s)",
    "wave 10: guest chose Crossroads Leave through public UI",
    "wave 10: guest drove World Map via public UI=true and both consumed 1827802522693750:1:BIOME_PICK:9700011",
    "wave 11 turn 1: replay guest crossed cmd:11:1 through real public COMMAND=opened",
    "wave 11: BIOME 1->2",
    "wave 11: host slot move=247 guest slot move=85",
    "wave 11 turn 1: progress enemyHp=[543:0/23,285:0/27] playerHp=[890:2065/2065,150:1725/1725]",
    "wave 11: reward shop owner=host take-nonparty",
    "wave 12 turn 1: replay guest crossed cmd:12:1 through real public COMMAND=opened",
    "wave 12 turn 1: host SWITCH -> party[2]",
    "wave 12: host slot move=53 guest slot move=34",
    "wave 12 turn 1: progress enemyHp=[266:26/26,187:0/24] playerHp=[493:1865/1865,150:1725/1725]",
    "wave 12 turn 2: replay guest crossed cmd:12:2 through real public COMMAND=opened",
    "wave 12 turn 2: host SWITCH -> party[2]",
    "wave 12: reward shop owner=guest take-nonparty",
    "wave 13 turn 1: replay guest crossed cmd:13:1 through real public COMMAND=opened",
    "wave 13: host slot move=85 guest slot move=247",
    "wave 13 turn 1: progress enemyHp=[187:0/28,543:0/25] playerHp=[890:2065/2065,150:1725/1725]",
    "wave 13: reward shop owner=host leave",
    "wave 14 turn 1: replay guest crossed cmd:14:1 through real public COMMAND=opened",
    "wave 14: host slot move=34 guest slot move=53",
    "wave 14 turn 1: progress enemyHp=[266:0/30,187:0/28] playerHp=[890:2065/2065,150:1725/1725]",
    "wave 14: reward shop owner=guest leave",
    "wave 15 turn 1: replay guest crossed cmd:15:1 through real public COMMAND=opened",
    "wave 15: host slot move=247 guest slot move=85",
    "wave 15 turn 1: progress enemyHp=[266:0/33,548:0/29] playerHp=[890:2065/2065,150:1725/1725]",
    "wave 15: reward shop owner=host leave",
    "wave 15: guest chose Crossroads Leave through public UI",
    "wave 15: guest drove World Map via public UI=true and both consumed 1827802522693750:1:BIOME_PICK:9700017",
    "wave 16 turn 1: replay guest crossed cmd:16:1 through real public COMMAND=opened",
    "wave 16: BIOME 2->3",
    "wave 16: host slot move=34 guest slot move=34",
    "wave 16 turn 1: progress enemyHp=[290:29/29,29:0/34] playerHp=[890:2065/2065,150:1725/1725]",
    "wave 16 turn 2: replay guest crossed cmd:16:2 through real public COMMAND=opened",
    "wave 16 turn 2: host SWITCH -> party[2]",
    "wave 16: reward shop owner=host take-nonparty",
    "wave 17 turn 1: replay guest crossed cmd:17:1 through real public COMMAND=opened",
    "wave 17: host slot move=85 guest slot move=247",
    "wave 17 turn 1: progress enemyHp=[919:29/29,761:0/31] playerHp=[493:1865/1865,150:1725/1725]",
    "wave 17 turn 2: replay guest crossed cmd:17:2 through real public COMMAND=opened",
    "wave 17: reward shop owner=guest leave",
    "wave 18 turn 1: replay guest crossed cmd:18:1 through real public COMMAND=opened",
    "wave 18: host slot move=34 guest slot move=53",
    "wave 18 turn 1: progress enemyHp=[303:0/39,541:36/36] playerHp=[493:1865/1865,150:1725/1725]",
    "wave 18 turn 2: replay guest crossed cmd:18:2 through real public COMMAND=opened",
    "wave 18 turn 2: guest SWITCH -> party[3]",
    "wave 18: reward shop owner=host take-nonparty",
    "wave 19 turn 1: replay guest crossed cmd:19:1 through real public COMMAND=opened",
    "wave 19: host slot move=247 guest slot move=85",
    "wave 19 turn 1: progress enemyHp=[370:0/36,665:0/38] playerHp=[493:1865/1865,384:1715/1715]",
    "wave 19: reward shop owner=guest leave",
    "wave 20 turn 1: replay guest crossed cmd:20:1 through real public COMMAND=opened",
    "wave 20: TRAINER (random)",
    "wave 20: host slot move=53 guest slot move=34",
    "wave 20 turn 1: progress enemyHp=[283:0/37,664:0/38] playerHp=[493:1865/1865,384:1715/1715]",
    "wave 20: biome market owner=host leave",
    "wave 20: drained 1 milestone reward continuation(s)",
    "wave 20: guest chose Crossroads Leave through public UI",
    "wave 20: guest drove World Map via public UI=true and both consumed 1827802522693750:1:BIOME_PICK:9700023",
    "wave 21 turn 1: replay guest crossed cmd:21:1 through real public COMMAND=opened",
    "wave 21: BIOME 3->5",
    "wave 21: host slot move=85 guest slot move=247",
    "wave 21 turn 1: progress enemyHp=[23:0/43,948:37/37] playerHp=[493:1865/1865,384:1714/1715]",
    "wave 21 turn 2: replay guest crossed cmd:21:2 through real public COMMAND=opened",
    "wave 21: reward shop owner=host take-nonparty",
    "wave 22 turn 1: replay guest crossed cmd:22:1 through real public COMMAND=opened",
    "wave 22 turn 1: host SWITCH -> party[2]",
    "wave 22: host slot move=34 guest slot move=53",
    "wave 22 turn 1: progress enemyHp=[267:46/46,69:0/45] playerHp=[890:2065/2065,384:1711/1715]",
    "wave 22 turn 2: replay guest crossed cmd:22:2 through real public COMMAND=opened",
    "wave 22: reward shop owner=guest take-nonparty",
    "wave 23 turn 1: replay guest crossed cmd:23:1 through real public COMMAND=opened",
    "wave 23: host slot move=247 guest slot move=85",
    "wave 23 turn 1: progress enemyHp=[267:0/46,12:0/49] playerHp=[890:2065/2065,384:1711/1715]",
    "wave 23: reward shop owner=host take-nonparty",
    "wave 24 turn 1: replay guest crossed cmd:24:1 through real public COMMAND=opened",
    "wave 24: host slot move=53 guest slot move=34",
    "wave 24 turn 1: progress enemyHp=[548:0/45,944:0/41] playerHp=[890:2065/2065,384:1711/1715]",
    "wave 24: reward shop owner=guest take-nonparty",
    "wave 25 turn 1: replay guest crossed cmd:25:1 through real public COMMAND=opened",
    "wave 25: TRAINER (fixed)",
    "wave 25: host slot move=85 guest slot move=247",
    "wave 25 turn 1: progress enemyHp=[910:0/64,163:0/52] playerHp=[890:2065/2065,384:1711/1715]",
    "wave 25 turn 2: replay guest crossed cmd:25:2 through real public COMMAND=opened",
    "wave 25 turn 2: guest SWITCH -> party[3]",
    "wave 25: reward shop owner=host leave",
    "wave 25: guest chose Crossroads Leave through public UI",
    "wave 25: guest drove World Map via public UI=true and both consumed 1827802522693750:1:BIOME_PICK:9700029",
    "wave 26 turn 1: replay guest crossed cmd:26:1 through real public COMMAND=opened",
    "wave 26: BIOME 5->27",
    "wave 26: host slot move=34 guest slot move=53",
    "wave 26 turn 1: progress enemyHp=[595:0/53,590:0/58] playerHp=[890:2065/2065,150:1725/1725]",
    "wave 26: reward shop owner=host take-nonparty",
    "wave 27 turn 1: replay guest crossed cmd:27:1 through real public COMMAND=opened",
    "wave 27: host slot move=53 guest slot move=85",
    "wave 27 turn 1: progress enemyHp=[190:0/53,870:0/59] playerHp=[890:2065/2065,150:1725/1725]",
    "wave 27: reward shop owner=guest take-nonparty",
    "wave 28 turn 1: replay guest crossed cmd:28:1 through real public COMMAND=opened",
    "wave 28: host slot move=85 guest slot move=34",
    "wave 28 turn 1: guest SWITCH -> party[3]",
    "wave 28 turn 1: progress enemyHp=[732:0/55,509:50/50] playerHp=[890:2065/2065,384:1715/1715]",
    "wave 28 turn 2: replay guest crossed cmd:28:2 through real public COMMAND=opened",
    "wave 28: reward shop owner=host leave",
    "wave 29 turn 1: replay guest crossed cmd:29:1 through real public COMMAND=opened",
    "wave 29: host slot move=53 guest slot move=247",
    "wave 29 turn 1: progress enemyHp=[732:0/58,513:0/58] playerHp=[890:1915/2065,384:1713/1715]",
    "wave 29: reward shop owner=guest leave",
    "wave 30 turn 1: replay guest crossed cmd:30:1 through real public COMMAND=opened",
    "wave 30: host slot move=34 guest slot move=53",
    "wave 30 turn 1: progress enemyHp=[336:0/79,336:0/62] playerHp=[890:1889/2065,384:1713/1715]",
    "wave 30: biome market owner=host leave",
    "wave 30: drained 1 milestone reward continuation(s)",
    "wave 30: guest chose Crossroads Leave through public UI",
    "wave 30: guest drove World Map via public UI=true and both consumed 1827802522693750:1:BIOME_PICK:9700035",
    "wave 31 turn 1: replay guest crossed cmd:31:1 through real public COMMAND=opened",
    "wave 31: BIOME 27->29",
    "wave 31: host slot move=247 guest slot move=85",
    "wave 31 turn 1: progress enemyHp=[679:0/54,679:0/51] playerHp=[890:2048/2065,384:1715/1715]",
    "wave 31: reward shop owner=host leave",
    "wave 31: drained 1 milestone reward continuation(s)",
    "wave 32 turn 1: replay guest crossed cmd:32:1 through real public COMMAND=opened",
    "wave 32: host slot move=247 guest slot move=34",
    "wave 32 turn 1: progress enemyHp=[92:0/50,343:0/53] playerHp=[890:1516/2065,384:1715/1715]",
    "wave 32: reward shop owner=guest take-nonparty",
    "wave 33 turn 1: replay guest crossed cmd:33:1 through real public COMMAND=opened",
    "wave 33 turn 1: host SWITCH -> party[2]",
    "wave 33: host slot move=53 guest slot move=53",
    "wave 33 turn 1: progress enemyHp=[622:62/62,10440:0/64] playerHp=[493:1865/1865,384:1712/1715]",
    "wave 33 turn 2: replay guest crossed cmd:33:2 through real public COMMAND=opened",
    "wave 33: reward shop owner=host leave",
    "wave 33: drained 1 milestone reward continuation(s)",
    "wave 34 turn 1: replay guest crossed cmd:34:1 through real public COMMAND=opened",
    "wave 34 turn 1: host SWITCH -> party[2]",
    "wave 34: host slot move=247 guest slot move=247",
    "wave 34 turn 1: progress enemyHp=[622:64/64,622:0/64] playerHp=[890:2065/2065,384:1712/1715]",
    "wave 34 turn 2: replay guest crossed cmd:34:2 through real public COMMAND=opened",
    "wave 34: reward shop owner=guest take-nonparty",
    "wave 35 turn 1: replay guest crossed cmd:35:1 through real public COMMAND=opened",
    "wave 35: TRAINER (fixed)",
    "wave 35: host slot move=247 guest slot move=85",
    "wave 35 turn 1: progress enemyHp=[822:0/74,838:0/79] playerHp=[890:2020/2065,384:1712/1715]",
    "wave 35: reward shop owner=host leave",
    "wave 35: guest chose Crossroads Leave through public UI",
    "wave 35: guest drove World Map via public UI=true and both consumed 1827802522693750:1:BIOME_PICK:9700041",
    "wave 36 turn 1: replay guest crossed cmd:36:1 through real public COMMAND=opened",
    "wave 36: BIOME 29->14",
    "wave 36: host slot move=53 guest slot move=34",
    "wave 36 turn 1: progress enemyHp=[331:58/58,207:0/67] playerHp=[890:1891/2065,384:1391/1715]",
    "wave 36 turn 2: replay guest crossed cmd:36:2 through real public COMMAND=opened",
    "wave 36: reward shop owner=host take-nonparty",
    "wave 37 turn 1: replay guest crossed cmd:37:1 through real public COMMAND=opened",
    "wave 37: host slot move=85 guest slot move=247",
    "wave 37 turn 1: guest SWITCH -> party[3]",
    "wave 37 turn 1: progress enemyHp=[953:0/61,331:65/65] playerHp=[890:1594/2065,150:1618/1725]",
    "wave 37 turn 2: replay guest crossed cmd:37:2 through real public COMMAND=opened",
    "wave 37: reward shop owner=guest take-nonparty",
    "wave 38 turn 1: replay guest crossed cmd:38:1 through real public COMMAND=opened",
    "wave 38: host slot move=85 guest slot move=247",
    "wave 38 turn 1: progress enemyHp=[562:0/61,946:0/67] playerHp=[890:1313/2065,150:1404/1725]",
    "wave 38: reward shop owner=host leave",
    "wave 38: drained 1 milestone reward continuation(s)",
    "wave 39 turn 1: replay guest crossed cmd:39:1 through real public COMMAND=opened",
    "wave 39: host slot move=34 guest slot move=85",
    "wave 39 turn 1: progress enemyHp=[777:0/77,331:67/67] playerHp=[890:900/2065,150:1297/1725]",
    "wave 39 turn 2: replay guest crossed cmd:39:2 through real public COMMAND=opened",
    "wave 39: reward shop owner=guest leave",
    "wave 39: drained 1 milestone reward continuation(s)",
    "wave 40 turn 1: replay guest crossed cmd:40:1 through real public COMMAND=opened",
    "wave 40: host slot move=53 guest slot move=247",
    "wave 40 turn 1: progress enemyHp=[207:0/80,552:0/75] playerHp=[890:745/2065,150:1190/1725]",
    "wave 40: biome market owner=host leave",
    "wave 40: drained 1 milestone reward continuation(s)",
    "wave 40: guest chose Crossroads Leave through public UI",
    "wave 40: guest drove World Map via public UI=true and both consumed 1827802522693750:1:BIOME_PICK:9700047",
    "wave 41 turn 1: replay guest crossed cmd:41:1 through real public COMMAND=opened",
    "wave 41: BIOME 14->22",
    "wave 41: host slot move=34 guest slot move=247",
    "wave 41 turn 1: progress enemyHp=[566:0/70,575:0/80] playerHp=[890:2042/2065,150:1725/1725]",
    "wave 41: reward shop owner=host leave",
    "wave 41: drained 1 milestone reward continuation(s)",
    "wave 42 turn 1: replay guest crossed cmd:42:1 through real public COMMAND=opened",
    "wave 42: host slot move=85 guest slot move=53",
    "wave 42 turn 1: progress enemyHp=[96:0/77,325:0/77] playerHp=[890:2017/2065,150:1725/1725]",
    "wave 42: reward shop owner=guest leave",
    "wave 42: drained 1 milestone reward continuation(s)",
    "wave 43 turn 1: replay guest crossed cmd:43:1 through real public COMMAND=opened",
    "wave 43 turn 1: host SWITCH -> party[2]",
    "wave 43: host slot move=53 guest slot move=53",
    "wave 43 turn 1: progress enemyHp=[201:79/79,343:0/76] playerHp=[493:1865/1865,150:1725/1725]",
    "wave 43 turn 2: replay guest crossed cmd:43:2 through real public COMMAND=opened",
    "wave 43 turn 2: guest SWITCH -> party[3]",
    "wave 43: reward shop owner=host take-nonparty",
    "wave 44 turn 1: replay guest crossed cmd:44:1 through real public COMMAND=opened",
    "wave 44: host slot move=247 guest slot move=247",
    "wave 44 turn 1: progress enemyHp=[867:0/81,867:0/74] playerHp=[493:1399/1865,384:1287/1715]",
    "wave 44: reward shop owner=guest leave",
    "wave 44: drained 1 milestone reward continuation(s)",
    "wave 45 turn 1: replay guest crossed cmd:45:1 through real public COMMAND=opened",
    "wave 45: host slot move=85 guest slot move=247",
    "wave 45 turn 1: progress enemyHp=[325:0/80,201:0/84] playerHp=[493:933/1865,384:859/1715]",
    "wave 45: reward shop owner=host take-nonparty",
    "wave 45: guest chose Crossroads Leave through public UI",
    "wave 45: guest drove World Map via public UI=true and both consumed 1827802522693750:1:BIOME_PICK:9700053",
    "wave 46 turn 1: replay guest crossed cmd:46:1 through real public COMMAND=opened",
    "wave 46: BIOME 22->11",
    "wave 46: host slot move=34 guest slot move=53",
    "wave 46 turn 1: guest SWITCH -> party[3]",
    "wave 46 turn 1: progress enemyHp=[701:0/90,333:78/78] playerHp=[493:933/1865,150:1725/1725]",
    "wave 46 turn 2: replay guest crossed cmd:46:2 through real public COMMAND=opened",
    "wave 46 turn 2: guest SWITCH -> party[3]",
    "wave 46: reward shop owner=host leave",
    "wave 47 turn 1: replay guest crossed cmd:47:1 through real public COMMAND=opened",
    "wave 47: TRAINER (random)",
    "wave 47 turn 1: host SWITCH -> party[2]",
    "wave 47: host slot move=247 guest slot move=85",
    "wave 47 turn 1: progress enemyHp=[538:113/113,286:0/80] playerHp=[890:2062/2065,384:1715/1715]",
    "wave 47 turn 2: replay guest crossed cmd:47:2 through real public COMMAND=opened",
    "wave 47: reward shop owner=guest take-nonparty",
    "wave 48 turn 1: replay guest crossed cmd:48:1 through real public COMMAND=opened",
    "wave 48: host slot move=34 guest slot move=53",
    "wave 48 turn 1: progress enemyHp=[277:87/87,397:0/84] playerHp=[890:2025/2065,384:1715/1715]",
    "wave 48 turn 2: replay guest crossed cmd:48:2 through real public COMMAND=opened",
    "wave 48: reward shop owner=host take-nonparty",
    "wave 49 turn 1: replay guest crossed cmd:49:1 through real public COMMAND=opened",
    "wave 49: host slot move=34 guest slot move=34",
    "wave 49 turn 1: progress enemyHp=[22:0/93,333:0/76] playerHp=[890:1967/2065,384:1715/1715]",
    "wave 49: reward shop owner=guest take-nonparty",
    "wave 50 turn 1: replay guest crossed cmd:50:1 through real public COMMAND=opened",
    "wave 50: TRAINER (random)",
    "wave 50: host slot move=34 guest slot move=53",
    "wave 50 turn 1: progress enemyHp=[629:0/106,528:0/105] playerHp=[890:1933/2065,384:1711/1715]",
    "wave 50 turn 2: replay guest crossed cmd:50:2 through real public COMMAND=opened",
    "wave 50: biome market owner=host leave",
    "wave 50: drained 1 milestone reward continuation(s)",
    "wave 50: guest chose Crossroads Leave through public UI",
    "wave 50: guest drove World Map via public UI=true and both consumed 1827802522693750:1:BIOME_PICK:9700059",
    "wave 51 turn 1: replay guest crossed cmd:51:1 through real public COMMAND=opened",
    "wave 51: BIOME 11->18",
    "wave 51: host slot move=85 guest slot move=85",
    "wave 51 turn 1: progress enemyHp=[37:0/82,58:0/89] playerHp=[890:1909/2065,384:1711/1715]",
    "wave 51: reward shop owner=host take-nonparty",
    "wave 52 turn 1: replay guest crossed cmd:52:1 through real public COMMAND=opened",
    "wave 52: TRAINER (random)",
    "wave 52: host slot move=247 guest slot move=34",
    "wave 52 turn 1: progress enemyHp=[323:0/121,10649:0/104] playerHp=[890:1870/2065,384:1711/1715]",
    "wave 52: reward shop owner=guest leave",
    "wave 53 turn 1: replay guest crossed cmd:53:1 through real public COMMAND=opened",
    "wave 53 turn 1: host SWITCH -> party[2]",
    "wave 53: host slot move=247 guest slot move=247",
    "wave 53 turn 1: progress enemyHp=[322:111/111,322:0/103] playerHp=[493:1865/1865,384:1711/1715]",
    "wave 53 turn 2: replay guest crossed cmd:53:2 through real public COMMAND=opened",
    "wave 53: reward shop owner=host take-nonparty",
    "wave 54 turn 1: replay guest crossed cmd:54:1 through real public COMMAND=opened",
    "wave 54: host slot move=34 guest slot move=34",
    "wave 54 turn 1: progress enemyHp=[126:0/98,219:0/95] playerHp=[493:1865/1865,384:1711/1715]",
    "wave 54: reward shop owner=guest take-nonparty",
    "wave 55 turn 1: replay guest crossed cmd:55:1 through real public COMMAND=opened",
    "wave 55: TRAINER (fixed)",
    "wave 55: host slot move=53 guest slot move=85",
    "wave 55 turn 1: guest SWITCH -> party[3]",
    "wave 55 turn 1: progress enemyHp=[911:0/148,164:135/135] playerHp=[493:1865/1865,150:1719/1725]",
    "wave 55 turn 2: replay guest crossed cmd:55:2 through real public COMMAND=opened",
    "wave 55 turn 3: replay guest crossed cmd:55:3 through real public COMMAND=opened",
    "wave 55: reward shop owner=host take-nonparty",
    "wave 55: guest chose Crossroads Leave through public UI",
    "wave 55: guest drove World Map via public UI=true and both consumed 1827802522693750:1:BIOME_PICK:9700065",
    "wave 56 turn 1: replay guest crossed cmd:56:1 through real public COMMAND=opened",
    "wave 56: BIOME 18->8",
    "wave 56: host slot move=53 guest slot move=34",
    "wave 56 turn 1: progress enemyHp=[961:0/80,558:1/110] playerHp=[493:1865/1865,150:1719/1725]",
    "wave 56 turn 2: replay guest crossed cmd:56:2 through real public COMMAND=opened",
    "wave 56: reward shop owner=host take-nonparty",
    "wave 57 turn 1: replay guest crossed cmd:57:1 through real public COMMAND=opened",
    "wave 57: host slot move=85 guest slot move=247",
    "wave 57 turn 1: progress enemyHp=[99:0/111,99:0/114] playerHp=[493:1865/1865,150:1719/1725]",
    "wave 57: reward shop owner=guest leave",
    "wave 58 turn 1: replay guest crossed cmd:58:1 through real public COMMAND=opened",
    "wave 58 turn 1: host SWITCH -> party[2]",
    "wave 58: host slot move=34 guest slot move=53",
    "wave 58 turn 1: guest SWITCH -> party[3]",
    "wave 58 turn 1: progress enemyHp=[342:115/115,961:82/82] playerHp=[890:2065/2065,384:1497/1715]",
    "wave 58 turn 2: replay guest crossed cmd:58:2 through real public COMMAND=opened",
    "wave 58: reward shop owner=host take-nonparty",
    "wave 59 turn 1: replay guest crossed cmd:59:1 through real public COMMAND=opened",
    "wave 59: host slot move=247 guest slot move=85",
    "wave 59 turn 1: progress enemyHp=[342:0/107,692:0/119] playerHp=[890:1993/2065,384:1497/1715]",
    "wave 59: reward shop owner=guest take-nonparty",
    "wave 60 turn 1: replay guest crossed cmd:60:1 through real public COMMAND=opened",
    "wave 60: host slot move=34 guest slot move=34",
    "wave 60 turn 1: progress enemyHp=[413:120/120,565:0/143] playerHp=[890:1993/2065,384:1493/1715]",
    "wave 60 turn 2: replay guest crossed cmd:60:2 through real public COMMAND=opened",
    "wave 60: biome market owner=host leave",
    "wave 60: drained 1 milestone reward continuation(s)",
    "wave 60: guest chose Crossroads Leave through public UI",
    "wave 60: guest drove World Map via public UI=true and both consumed 1827802522693750:1:BIOME_PICK:9700071",
    "wave 61 turn 1: replay guest crossed cmd:61:1 through real public COMMAND=opened",
    "wave 61: BIOME 8->6",
    "wave 61: DIGEST mismatch @wave-start class=unexpected fields=[field] -> one-heal resync",
    "wave 61: host slot move=85 guest slot move=247",
    "wave 61 turn 1: progress enemyHp=[419:0/139,321:0/208] playerHp=[890:2020/2065,384:1715/1715]",
    "wave 61: reward shop owner=host take-nonparty",
    "wave 62 turn 1: replay guest crossed cmd:62:1 through real public COMMAND=opened",
    "wave 62: TRAINER (fixed)",
    "wave 62: host slot move=34 guest slot move=34",
    "wave 62 turn 1: progress enemyHp=[448:0/126,208:0/130] playerHp=[890:1979/2065,384:1715/1715]",
    "wave 62 turn 2: replay guest crossed cmd:62:2 through real public COMMAND=opened",
    "wave 62: reward shop owner=guest take-nonparty",
    "wave 63 turn 1: replay guest crossed cmd:63:1 through real public COMMAND=opened",
    "wave 63 turn 1: host SWITCH -> party[2]",
    "wave 63: host slot move=247 guest slot move=85",
    "wave 63 turn 1: progress enemyHp=[845:133/133,279:0/110] playerHp=[493:1865/1865,384:1715/1715]",
    "wave 63 turn 2: replay guest crossed cmd:63:2 through real public COMMAND=opened",
    "wave 63 turn 2: guest SWITCH -> party[3]",
    "wave 63: reward shop owner=host take-nonparty",
    "wave 64 turn 1: replay guest crossed cmd:64:1 through real public COMMAND=opened",
    "wave 64: TRAINER (fixed)",
    "wave 64: host slot move=34 guest slot move=34",
    "wave 64 turn 1: progress enemyHp=[820:0/176,870:0/127] playerHp=[493:1865/1865,150:1725/1725]",
    "wave 64 turn 2: replay guest crossed cmd:64:2 through real public COMMAND=opened",
    "wave 64: reward shop owner=guest leave",
    "wave 65 turn 1: replay guest crossed cmd:65:1 through real public COMMAND=opened",
    "wave 65 turn 1: host SWITCH -> party[2]",
    "wave 65: host slot move=85 guest slot move=247",
    "wave 65 turn 1: progress enemyHp=[321:203/203,80:0/157] playerHp=[890:2065/2065,150:1725/1725]",
    "wave 65 turn 2: replay guest crossed cmd:65:2 through real public COMMAND=opened",
    "wave 65 turn 2: host SWITCH -> party[2]",
    "wave 65: reward shop owner=host leave",
    "wave 66 turn 1: replay guest crossed cmd:66:1 through real public COMMAND=opened",
    "wave 66: TRAINER (fixed)",
    "wave 66 turn 1: host SWITCH -> party[2]",
    "wave 66: host slot move=34 guest slot move=53",
    "wave 66 turn 1: progress enemyHp=[303:137/137,858:0/129] playerHp=[890:2065/2065,150:1718/1725]",
    "wave 66 turn 2: replay guest crossed cmd:66:2 through real public COMMAND=opened",
    "wave 66 turn 3: replay guest crossed cmd:66:3 through real public COMMAND=opened",
    "wave 66 turn 4: replay guest crossed cmd:66:4 through real public COMMAND=opened",
    "wave 66: reward shop owner=guest take-nonparty",
    "wave 67 turn 1: replay guest crossed cmd:67:1 through real public COMMAND=opened",
    "wave 67: host slot move=247 guest slot move=85",
    "wave 67 turn 1: progress enemyHp=[73:0/140,687:0/143] playerHp=[890:1910/2065,150:1718/1725]",
    "wave 67: reward shop owner=host leave",
    "wave 68 turn 1: replay guest crossed cmd:68:1 through real public COMMAND=opened",
    "wave 68: host slot move=53 guest slot move=34",
    "wave 68 turn 1: progress enemyHp=[457:0/131,321:0/221] playerHp=[890:1867/2065,150:1715/1725]",
    "wave 68: reward shop owner=guest take-nonparty",
    "wave 69 turn 1: replay guest crossed cmd:69:1 through real public COMMAND=opened",
    "wave 69: host slot move=85 guest slot move=247",
    "wave 69 turn 1: progress enemyHp=[73:0/143,687:0/152] playerHp=[890:1820/2065,150:1711/1725]",
    "wave 69: reward shop owner=host leave",
    "wave 70 turn 1: replay guest crossed cmd:70:1 through real public COMMAND=opened",
    "wave 70: host slot move=34 guest slot move=53",
    "wave 70 turn 1: progress enemyHp=[230:0/167,730:0/152] playerHp=[890:1765/2065,150:1711/1725]",
    "wave 70: biome market owner=guest leave",
    "wave 70: drained 1 milestone reward continuation(s)",
    "wave 70: host chose Crossroads Leave through public UI",
    "wave 70: host drove World Map via public UI=true and both consumed 1827802522693750:0:BIOME_PICK:9700082",
    "wave 71 turn 1: replay guest crossed cmd:71:1 through real public COMMAND=opened",
    "wave 71: BIOME 6->10",
    "wave 71: host slot move=247 guest slot move=85",
    "wave 71 turn 1: progress enemyHp=[226:0/145,222:10/145] playerHp=[890:2012/2065,150:1725/1725]",
    "wave 71 turn 2: replay guest crossed cmd:71:2 through real public COMMAND=opened",
    "wave 71: reward shop owner=guest leave",
    "wave 71: drained 1 milestone reward continuation(s)",
    "wave 72 turn 1: replay guest crossed cmd:72:1 through real public COMMAND=opened",
    "wave 72: host slot move=53 guest slot move=34",
    "wave 72 turn 1: progress enemyHp=[321:0/244,847:0/136] playerHp=[890:1932/2065,150:1725/1725]",
    "wave 72: reward shop owner=host take-nonparty",
    "wave 73 turn 1: replay guest crossed cmd:73:1 through real public COMMAND=opened",
    "wave 73: host slot move=85 guest slot move=247",
    "wave 73 turn 1: progress enemyHp=[91:1/120,691:0/151] playerHp=[890:1893/2065,150:1725/1725]",
    "wave 73 turn 2: replay guest crossed cmd:73:2 through real public COMMAND=opened",
    "wave 73: reward shop owner=guest take-nonparty",
    "wave 74 turn 1: replay guest crossed cmd:74:1 through real public COMMAND=opened",
    "wave 74 turn 1: host SWITCH -> party[2]",
    "wave 74: host slot move=53 guest slot move=53",
    "wave 74 turn 1: progress enemyHp=[171:211/211,550:0/140] playerHp=[493:1865/1865,150:1725/1725]",
    "wave 74 turn 2: replay guest crossed cmd:74:2 through real public COMMAND=opened",
    "wave 74: reward shop owner=host take-nonparty",
    "wave 75 turn 1: replay guest crossed cmd:75:1 through real public COMMAND=opened",
    "wave 75: host slot move=247 guest slot move=247",
    "wave 75 turn 1: progress enemyHp=[691:0/157,171:0/200] playerHp=[493:1865/1865,150:1725/1725]",
    "wave 75: reward shop owner=guest take-nonparty",
    "wave 75: host chose Crossroads Leave through public UI",
    "wave 75: host drove World Map via public UI=true and both consumed 1827802522693750:0:BIOME_PICK:9700088",
    "wave 76 turn 1: replay guest crossed cmd:76:1 through real public COMMAND=opened",
    "wave 76: BIOME 10->13",
    "wave 76: host slot move=34 guest slot move=53",
    "wave 76 turn 1: progress enemyHp=[294:0/185,294:0/185] playerHp=[493:1865/1865,150:1725/1725]",
    "wave 76: reward shop owner=guest leave",
    "wave 77 turn 1: replay guest crossed cmd:77:1 through real public COMMAND=opened",
    "wave 77: host slot move=34 guest slot move=53",
    "wave 77 turn 1: progress enemyHp=[217:0/177,47:0/167] playerHp=[493:1865/1865,150:1725/1725]",
    "wave 77: reward shop owner=host leave",
    "wave 78 turn 1: replay guest crossed cmd:78:1 through real public COMMAND=opened",
    "wave 78 turn 1: host SWITCH -> party[2]",
    "wave 78: host slot move=34 guest slot move=53",
    "wave 78 turn 1: progress enemyHp=[715:171/171,294:0/172] playerHp=[890:2065/2065,150:1702/1725]",
    "wave 78 turn 2: replay guest crossed cmd:78:2 through real public COMMAND=opened",
    "wave 78: reward shop owner=guest leave",
    "wave 78: drained 1 milestone reward continuation(s)",
    "wave 79 turn 1: replay guest crossed cmd:79:1 through real public COMMAND=opened",
    "wave 79: host slot move=85 guest slot move=85",
    "wave 79 turn 1: guest SWITCH -> party[3]",
    "wave 79 turn 1: progress enemyHp=[217:0/174,528:158/158] playerHp=[890:2008/2065,384:1715/1715]",
    "wave 79 turn 2: replay guest crossed cmd:79:2 through real public COMMAND=opened",
    "wave 79: reward shop owner=host leave",
    "wave 80 turn 1: replay guest crossed cmd:80:1 through real public COMMAND=opened",
    "wave 80: TRAINER (random)",
    "wave 80: DIGEST mismatch @wave-start class=unexpected fields=[field] -> one-heal resync",
    "wave 80: host slot move=53 guest slot move=34",
    "wave 80 turn 1: progress enemyHp=[142:0/184,139:0/172] playerHp=[890:1896/2065,384:1715/1715]",
    "wave 80 turn 2: replay guest crossed cmd:80:2 through real public COMMAND=opened",
    "wave 80 turn 2: host SWITCH -> party[2]",
    "wave 80 turn 3: replay guest crossed cmd:80:3 through real public COMMAND=opened",
    "wave 80: biome market owner=guest leave",
    "wave 80: drained 1 milestone reward continuation(s)",
    "wave 80: host chose Crossroads Leave through public UI",
    "wave 80: host drove World Map via public UI=true and both consumed 1827802522693750:0:BIOME_PICK:9700094",
    "wave 81 turn 1: replay guest crossed cmd:81:1 through real public COMMAND=opened",
    "wave 81: BIOME 13->12",
    "wave 81: host slot move=247 guest slot move=247",
    "wave 81 turn 1: progress enemyHp=[50:0/91,526:1/169] playerHp=[493:1749/1865,384:1608/1715]",
    "wave 81 turn 2: replay guest crossed cmd:81:2 through real public COMMAND=opened",
    "wave 81 turn 2: guest SWITCH -> party[3]",
    "wave 81: reward shop owner=guest leave",
    "wave 82 turn 1: replay guest crossed cmd:82:1 through real public COMMAND=opened",
    "wave 82: host slot move=53 guest slot move=53",
    "wave 82 turn 1: guest SWITCH -> party[3]",
    "wave 82 turn 1: progress enemyHp=[645:0/182,879:231/231] playerHp=[493:1517/1865,384:1597/1715]",
    "wave 82 turn 2: replay guest crossed cmd:82:2 through real public COMMAND=opened",
    "wave 82: reward shop owner=host leave",
    "wave 82: drained 1 milestone reward continuation(s)",
    "wave 83 turn 1: replay guest crossed cmd:83:1 through real public COMMAND=opened",
    "wave 83: host slot move=247 guest slot move=85",
    "wave 83 turn 1: progress enemyHp=[529:0/160,526:1/175] playerHp=[493:1285/1865,384:1383/1715]",
    "wave 83 turn 2: replay guest crossed cmd:83:2 through real public COMMAND=opened",
    "wave 83: reward shop owner=guest leave",
    "wave 84 turn 1: replay guest crossed cmd:84:1 through real public COMMAND=opened",
    "wave 84: host slot move=247 guest slot move=247",
    "wave 84 turn 1: guest SWITCH -> party[3]",
    "wave 84 turn 1: progress enemyHp=[112:0/218,112:200/200] playerHp=[493:1053/1865,150:1618/1725]",
    "wave 84 turn 2: replay guest crossed cmd:84:2 through real public COMMAND=opened",
    "wave 84: reward shop owner=host leave",
    "wave 85 turn 1: replay guest crossed cmd:85:1 through real public COMMAND=opened",
    "wave 85: host slot move=34 guest slot move=247",
    "wave 85 turn 1: progress enemyHp=[75:1/149,851:0/205] playerHp=[493:821/1865,150:1404/1725]",
    "wave 85 turn 2: replay guest crossed cmd:85:2 through real public COMMAND=opened",
    "wave 85 turn 2: host SWITCH -> party[2]",
    "wave 85 turn 2: guest SWITCH -> party[3]",
    "wave 85 turn 3: replay guest crossed cmd:85:3 through real public COMMAND=opened",
    "wave 85: reward shop owner=guest take-nonparty",
    "wave 85: host chose Crossroads Leave through public UI",
    "wave 85: host drove World Map via public UI=true and both consumed 1827802522693750:0:BIOME_PICK:9700100",
    "wave 86 turn 1: replay guest crossed cmd:86:1 through real public COMMAND=opened",
    "wave 86: BIOME 12->14",
    "wave 86: TRAINER (random)",
    "wave 86: host slot move=34 guest slot move=53",
    "wave 86 turn 1: progress enemyHp=[303:0/167,323:0/221] playerHp=[890:1622/2065,384:1387/1715]",
    "wave 86: reward shop owner=guest leave",
    "wave 87 turn 1: replay guest crossed cmd:87:1 through real public COMMAND=opened",
    "wave 87: host slot move=247 guest slot move=85",
    "wave 87 turn 1: progress enemyHp=[787:0/172,561:0/166] playerHp=[890:1566/2065,384:1280/1715]",
    "wave 87: reward shop owner=host leave",
    "wave 87: drained 1 milestone reward continuation(s)",
    "wave 88 turn 1: replay guest crossed cmd:88:1 through real public COMMAND=opened",
    "wave 88: host slot move=53 guest slot move=34",
    "wave 88 turn 1: progress enemyHp=[330:0/178,346:0/207] playerHp=[890:1508/2065,384:1173/1715]",
    "wave 88: reward shop owner=guest leave",
    "wave 88: drained 1 milestone reward continuation(s)",
    "wave 89 turn 1: replay guest crossed cmd:89:1 through real public COMMAND=opened",
    "wave 89: host slot move=53 guest slot move=247",
    "wave 89 turn 1: progress enemyHp=[330:0/181,947:0/163] playerHp=[890:1449/2065,384:1066/1715]",
    "wave 89: reward shop owner=host leave",
    "wave 89: drained 1 milestone reward continuation(s)",
    "wave 90 turn 1: replay guest crossed cmd:90:1 through real public COMMAND=opened",
    "wave 90: host slot move=34 guest slot move=34",
    "wave 90 turn 1: progress enemyHp=[28:0/247,28:0/234] playerHp=[890:1368/2065,384:1066/1715]",
    "wave 90: biome market owner=guest leave",
    "wave 90: drained 1 milestone reward continuation(s)",
    "wave 90: host chose Crossroads Leave through public UI",
    "wave 90: host drove World Map via public UI=true and both consumed 1827802522693750:0:BIOME_PICK:9700106",
    "wave 91 turn 1: replay guest crossed cmd:91:1 through real public COMMAND=opened",
    "wave 91: BIOME 14->22",
    "wave 91: DIGEST mismatch @wave-start class=unexpected fields=[field] -> one-heal resync",
    "wave 91: host slot move=247 guest slot move=85",
    "wave 91 turn 1: progress enemyHp=[606:0/184,202:0/342] playerHp=[890:1478/2065,384:0/1715]"
  ]
}