===== COOP SOAK RESULT =====
profile: god-b
verdict: FAIL
waves_requested: 200
run_mode: calibrated-release
calibration_id: god-200
target_sha: 8eb06442d4eaba1760b4e6b9e304395b06551e7e
checked_out_sha: 8eb06442d4eaba1760b4e6b9e304395b06551e7e
base_seed: 20260725
campaign_seed: 20365454
run: 30150223294 (workflow source 8eb06442d4eaba1760b4e6b9e304395b06551e7e)
timestamp: 2026-07-25T08-15-19Z

----- driver lines -----
[22m[39m[coop-soak] SEED=20365454 WAVES=200 - replay this run with:  SOAK_SEED=20365454 SOAK_WAVES=200 ER_SCENARIO=1 npx vitest run test/tests/elite-redux/coop/coop-soak.test.ts
[22m[39m[coop-soak] PRE-HEAL unexpected wave=31 where=wave-start fields=[field] :: field:host=[{"bi":0,"partyIndex":0,"speciesId":890,"hp":2065,"maxHp":2065,"status":0,"statStages":[0,0,0,0,0,0,0],"fainted":false,"abilityId":5258,"formIndex":0,"isTerastallized":false,"teraType":3,"bossSegments":0,"bossSegmentIndex":0,"moves":[[34,0],[247,0],[53,0],[85,0]],"tags":["ER_ENRAGE"],"transformSpeciesId":0,"transformFormIndex":0},{"bi":1,"partyIndex":1,"speciesId":150,"hp":1725,"maxHp":1725,"status":0,"statStages":[0,0,0,0,0,0,0],"fainted":false,"abilityId":5025,"formIndex":0,"isTerastallized":false,"teraType":13,"bossSegments":0,"bossSegmentIndex":0,"moves":[[34,0],[247,0],[53,0],[85,0]],"tags":[],"transformSpeciesId":0,"transformFormIndex":0},{"bi":2,"partyIndex":0,"speciesId":622,"hp":62,"maxHp":62,"status":0,"statStages":[0,0,0,0,0,0,0],"fainted":false,"abilityId":5011,"formIndex":0,"isTerastallized":false,"teraType":7,"bossSegments":1,"bossSegmentIndex":0,"moves":[[707,0],[70,0],[5,0],[286,0]],"tags":[],"transformSpeciesId":0,"transformFormIndex":0},{"bi":3,"partyIndex":1,"speciesId":622,"hp":59,"maxHp":59,"status":0,"statStages":[0,0,0,0,0,0,0],"fainted":false,"abilityId":5011,"formIndex":0,"isTerastallized":false,"teraType":7,"bossSegments":1,"bossSegmentIndex":0,"moves":[[707,0],[5,0],[70,0],[309,0]],"tags":[],"transformSpeciesId":0,"transformFormIndex":0}]/guest=[{"bi":0,"partyIndex":0,"speciesId":890,"hp":2065,"maxHp":2065,"status":0,"statStages":[0,0,0,0,0,0,0],"fainted":false,"abilityId":5258,"formIndex":0,"isTerastallized":false,"teraType":3,"bossSegments":0,"bossSegmentIndex":0,"moves":[[34,0],[247,0],[53,0],[85,0]],"tags":["ER_ENRAGE"],"transformSpeciesId":0,"transformFormIndex":0},{"bi":1,"partyIndex":1,"speciesId":150,"hp":1725,"maxHp":1725,"status":0,"statStages":[0,0,0,0,0,0,0],"fainted":false,"abilityId":5025,"formIndex":0,"isTerastallized":false,"teraType":13,"bossSegments":0,"bossSegmentIndex":0,"moves":[[34,0],[247,0],[53,0],[85,0]],"tags":[],"transformSpeciesId":0,"transformFormIndex":0},{"bi":2,"partyIndex":0,"speciesId":622,"hp":62,"maxHp":62,"status":0,"statStages":[0,0,0,0,0,0,0],"fainted":false,"abilityId":5011,"formIndex":0,"isTerastallized":false,"teraType":7,"bossSegments":1,"bossSegmentIndex":0,"moves":[[707,0],[70,0],[5,0],[286,0]],"tags":[],"transformSpeciesId":0,"transformFormIndex":0},{"bi":3,"partyIndex":1,"speciesId":622,"hp":57,"maxHp":57,"status":0,"statStages":[0,0,0,0,0,0,0],"fainted":false,"abilityId":5011,"formIndex":0,"isTerastallized":false,"teraType":7,"bossSegments":1,"bossSegmentIndex":0,"moves":[[707,0],[5,0],[70,0],[309,0]],"tags":[],"transformSpeciesId":0,"transformFormIndex":0}]
[22m[39m[coop-soak] PRE-HEAL unexpected wave=126 where=wave-start fields=[field] :: field:host=[{"bi":0,"partyIndex":0,"speciesId":890,"hp":2065,"maxHp":2065,"status":0,"statStages":[0,0,2,0,0,0,0],"fainted":false,"abilityId":5258,"formIndex":0,"isTerastallized":false,"teraType":3,"bossSegments":0,"bossSegmentIndex":0,"moves":[[34,0],[247,0],[53,0],[85,0]],"tags":["ER_ENRAGE"],"transformSpeciesId":0,"transformFormIndex":0},{"bi":1,"partyIndex":1,"speciesId":384,"hp":1715,"maxHp":1715,"status":0,"statStages":[0,0,0,0,0,0,0],"fainted":false,"abilityId":263,"formIndex":0,"isTerastallized":false,"teraType":15,"bossSegments":0,"bossSegmentIndex":0,"moves":[[34,0],[247,0],[53,0],[85,0]],"tags":[],"transformSpeciesId":0,"transformFormIndex":0},{"bi":2,"partyIndex":0,"speciesId":464,"hp":334,"maxHp":334,"status":0,"statStages":[0,0,0,0,0,0,0],"fainted":false,"abilityId":133,"formIndex":0,"isTerastallized":false,"teraType":4,"bossSegments":1,"bossSegmentIndex":0,"moves":[[479,0],[439,0],[5035,0],[838,0]],"tags":[],"transformSpeciesId":0,"transformFormIndex":0},{"bi":3,"partyIndex":1,"speciesId":464,"hp":362,"maxHp":362,"status":0,"statStages":[0,0,0,0,0,0,0],"fainted":false,"abilityId":133,"formIndex":0,"isTerastallized":false,"teraType":4,"bossSegments":1,"bossSegmentIndex":0,"moves":[[457,0],[32,0],[5017,0],[5047,0]],"tags":[],"transformSpeciesId":0,"transformFormIndex":0}]/guest=[{"bi":0,"partyIndex":0,"speciesId":890,"hp":2065,"maxHp":2065,"status":0,"statStages":[0,0,2,0,0,0,0],"fainted":false,"abilityId":5258,"formIndex":0,"isTerastallized":false,"teraType":3,"bossSegments":0,"bossSegmentIndex":0,"moves":[[34,0],[247,0],[53,0],[85,0]],"tags":["ER_ENRAGE"],"transformSpeciesId":0,"transformFormIndex":0},{"bi":1,"partyIndex":1,"speciesId":384,"hp":1715,"maxHp":1715,"status":0,"statStages":[0,0,0,0,0,0,0],"fainted":false,"abilityId":263,"formIndex":0,"isTerastallized":false,"teraType":15,"bossSegments":0,"bossSegmentIndex":0,"moves":[[34,0],[247,0],[53,0],[85,0]],"tags":[],"transformSpeciesId":0,"transformFormIndex":0},{"bi":2,"partyIndex":0,"speciesId":464,"hp":334,"maxHp":334,"status":0,"statStages":[0,0,0,0,0,0,0],"fainted":false,"abilityId":133,"formIndex":0,"isTerastallized":false,"teraType":4,"bossSegments":1,"bossSegmentIndex":0,"moves":[[479,0],[439,0],[5035,0],[838,0]],"tags":[],"transformSpeciesId":0,"transformFormIndex":0},{"bi":3,"partyIndex":1,"speciesId":464,"hp":342,"maxHp":342,"status":0,"statStages":[0,0,0,0,0,0,0],"fainted":false,"abilityId":133,"formIndex":0,"isTerastallized":false,"teraType":4,"bossSegments":1,"bossSegmentIndex":0,"moves":[[457,0],[32,0],[5017,0],[5047,0]],"tags":[],"transformSpeciesId":0,"transformFormIndex":0}]
[22m[39m[coop-soak] PRE-HEAL unexpected wave=131 where=wave-start fields=[field] :: field:host=[{"bi":0,"partyIndex":0,"speciesId":493,"hp":1865,"maxHp":1865,"status":0,"statStages":[0,0,0,0,0,0,0],"fainted":false,"abilityId":121,"formIndex":0,"isTerastallized":false,"teraType":0,"bossSegments":0,"bossSegmentIndex":0,"moves":[[34,0],[247,0],[53,0],[85,0]],"tags":[],"transformSpeciesId":0,"transformFormIndex":0},{"bi":1,"partyIndex":1,"speciesId":384,"hp":1715,"maxHp":1715,"status":0,"statStages":[0,0,0,0,0,0,0],"fainted":false,"abilityId":263,"formIndex":0,"isTerastallized":false,"teraType":15,"bossSegments":0,"bossSegmentIndex":0,"moves":[[34,0],[247,0],[53,0],[85,0]],"tags":[],"transformSpeciesId":0,"transformFormIndex":0},{"bi":2,"partyIndex":0,"speciesId":348,"hp":293,"maxHp":293,"status":0,"statStages":[0,0,0,0,0,0,0],"fainted":false,"abilityId":4,"formIndex":0,"isTerastallized":false,"teraType":5,"bossSegments":2,"bossSegmentIndex":1,"moves":[[910,0],[12,0],[834,0],[457,0]],"tags":[],"transformSpeciesId":0,"transformFormIndex":0},{"bi":3,"partyIndex":1,"speciesId":556,"hp":276,"maxHp":276,"status":0,"statStages":[0,0,0,0,0,0,0],"fainted":false,"abilityId":11,"formIndex":0,"isTerastallized":false,"teraType":11,"bossSegments":1,"bossSegmentIndex":0,"moves":[[572,0],[340,0],[596,0],[483,0]],"tags":[],"transformSpeciesId":0,"transformFormIndex":0}]/guest=[{"bi":0,"partyIndex":0,"speciesId":493,"hp":1865,"maxHp":1865,"status":0,"statStages":[0,0,0,0,0,0,0],"fainted":false,"abilityId":121,"formIndex":0,"isTerastallized":false,"teraType":0,"bossSegments":0,"bossSegmentIndex":0,"moves":[[34,0],[247,0],[53,0],[85,0]],"tags":[],"transformSpeciesId":0,"transformFormIndex":0},{"bi":1,"partyIndex":1,"speciesId":384,"hp":1715,"maxHp":1715,"status":0,"statStages":[0,0,0,0,0,0,0],"fainted":false,"abilityId":263,"formIndex":0,"isTerastallized":false,"teraType":15,"bossSegments":0,"bossSegmentIndex":0,"moves":[[34,0],[247,0],[53,0],[85,0]],"tags":[],"transformSpeciesId":0,"transformFormIndex":0},{"bi":2,"partyIndex":0,"speciesId":348,"hp":279,"maxHp":279,"status":0,"statStages":[0,0,0,0,0,0,0],"fainted":false,"abilityId":4,"formIndex":0,"isTerastallized":false,"teraType":5,"bossSegments":2,"bossSegmentIndex":1,"moves":[[910,0],[12,0],[834,0],[457,0]],"tags":[],"transformSpeciesId":0,"transformFormIndex":0},{"bi":3,"partyIndex":1,"speciesId":556,"hp":276,"maxHp":276,"status":0,"statStages":[0,0,0,0,0,0,0],"fainted":false,"abilityId":11,"formIndex":0,"isTerastallized":false,"teraType":11,"bossSegments":1,"bossSegmentIndex":0,"moves":[[572,0],[340,0],[596,0],[483,0]],"tags":[],"transformSpeciesId":0,"transformFormIndex":0}]
[22m[39m[coop-soak] PRE-HEAL unexpected wave=136 where=wave-start fields=[field] :: field:host=[{"bi":0,"partyIndex":0,"speciesId":493,"hp":1169,"maxHp":1865,"status":0,"statStages":[0,0,0,0,0,0,0],"fainted":false,"abilityId":121,"formIndex":0,"isTerastallized":false,"teraType":0,"bossSegments":0,"bossSegmentIndex":0,"moves":[[34,0],[247,0],[53,0],[85,0]],"tags":[],"transformSpeciesId":0,"transformFormIndex":0},{"bi":1,"partyIndex":1,"speciesId":150,"hp":1076,"maxHp":1725,"status":0,"statStages":[0,0,0,0,0,0,0],"fainted":false,"abilityId":5025,"formIndex":0,"isTerastallized":false,"teraType":13,"bossSegments":0,"bossSegmentIndex":0,"moves":[[34,0],[247,0],[53,0],[85,0]],"tags":[],"transformSpeciesId":0,"transformFormIndex":0},{"bi":2,"partyIndex":0,"speciesId":196,"hp":331,"maxHp":331,"status":0,"statStages":[0,0,0,0,0,0,0],"fainted":false,"abilityId":220,"formIndex":0,"isTerastallized":false,"teraType":13,"bossSegments":2,"bossSegmentIndex":1,"moves":[[797,0],[129,0],[226,0],[376,0]],"tags":[],"transformSpeciesId":0,"transformFormIndex":0},{"bi":3,"partyIndex":1,"speciesId":196,"hp":271,"maxHp":271,"status":0,"statStages":[0,0,0,0,0,0,0],"fainted":false,"abilityId":5090,"formIndex":0,"isTerastallized":false,"teraType":13,"bossSegments":2,"bossSegmentIndex":1,"moves":[[797,0],[387,0],[129,0],[226,0]],"tags":[],"transformSpeciesId":0,"transformFormIndex":0}]/guest=[{"bi":0,"partyIndex":0,"speciesId":493,"hp":1169,"maxHp":1865,"status":0,"statStages":[0,0,0,0,0,0,0],"fainted":false,"abilityId":121,"formIndex":0,"isTerastallized":false,"teraType":0,"bossSegments":0,"bossSegmentIndex":0,"moves":[[34,0],[247,0],[53,0],[85,0]],"tags":[],"transformSpeciesId":0,"transformFormIndex":0},{"bi":1,"partyIndex":1,"speciesId":150,"hp":1076,"maxHp":1725,"status":0,"statStages":[0,0,0,0,0,0,0],"fainted":false,"abilityId":5025,"formIndex":0,"isTerastallized":false,"teraType":13,"bossSegments":0,"bossSegmentIndex":0,"moves":[[34,0],[247,0],[53,0],[85,0]],"tags":[],"transformSpeciesId":0,"transformFormIndex":0},{"bi":2,"partyIndex":0,"speciesId":196,"hp":302,"maxHp":302,"status":0,"statStages":[0,0,0,0,0,0,0],"fainted":false,"abilityId":220,"formIndex":0,"isTerastallized":false,"teraType":13,"bossSegments":2,"bossSegmentIndex":1,"moves":[[797,0],[129,0],[226,0],[376,0]],"tags":[],"transformSpeciesId":0,"transformFormIndex":0},{"bi":3,"partyIndex":1,"speciesId":196,"hp":271,"maxHp":271,"status":0,"statStages":[0,0,0,0,0,0,0],"fainted":false,"abilityId":5090,"formIndex":0,"isTerastallized":false,"teraType":13,"bossSegments":2,"bossSegmentIndex":1,"moves":[[797,0],[387,0],[129,0],[226,0]],"tags":[],"transformSpeciesId":0,"transformFormIndex":0}]
[22m[39m[coop-soak] RUN ENDED crossing into wave 163 (seed 20365454): host at terminal phase TitlePhase. Survey stops here.
[22m[39m[coop-soak] DONE seed=20365454 waves=162/200 resyncHeals=4 assertions=0 findings=0 trainerWaves=23 (fixed=13 random=10) skips={"mysteryEncounterDisabledV1":1} elapsedMs=781007
[coop-soak] RUN ENDED at wave 163 (seed 20365454) [TitlePhase]: host at terminal phase TitlePhase. Surveyed 162/200 waves under all invariants before the terminal.

----- vitest result tail -----
[90mstdout[2m | test/tests/elite-redux/coop/coop-soak.test.ts[2m:297:3[22m[2m[2m > [22m[2mNIGHTLY co-op SOAK: seeded randomized two-engine run (#841)[2m > [22m[2mretained wave boundary keeps one X Attack exact on both clients through natural expiry without recovery
[22m[39m[2m> [22m[30m[48;2;193;98;222m Test finished! [49m[39m
    Name: [38;2;0;136;134mNIGHTLY co-op SOAK: seeded randomized two-engine run (#841) > retained wave boundary keeps one X Attack exact on both clients through natural expiry without recovery[39m
    Result: [32m[1m✓ Passed[22m[39m [2min[22m [33m21690[39m[2mms[22m
    File: [38;2;210;155;14melite-redux/test/tests/elite-redux/coop/coop-soak.test.ts:297:3[39m

[33m[39m[32m·[39m

[31m⎯⎯⎯⎯⎯⎯⎯[39m[1m[41m Failed Tests 1 [49m[22m[31m⎯⎯⎯⎯⎯⎯⎯[39m

[41m[1m FAIL [22m[49m [30m[45m main [49m[39m test/tests/elite-redux/coop/coop-soak.test.ts[2m:165:3[22m[2m > [22mNIGHTLY co-op SOAK: seeded randomized two-engine run (#841)[2m > [22mplays a seeded randomized co-op run asserting DIGEST/LOCKSTEP/NO-PARK/TEARDOWN each wave
[31m[1mAssertionError[22m: the god profile is the start-to-finish carrier and may not stop before wave 200: expected { wave: 163, …(3) } to be undefined[39m

[32m- Expected:[39m
undefined

[31m+ Received:[39m
{
  "kind": "verified-terminal",
  "phase": "TitlePhase",
  "reason": "host at terminal phase TitlePhase",
  "wave": 163,
}

[36m [2m❯[22m test/tests/elite-redux/coop/coop-soak.test.ts:[2m245:11[22m[39m
    [90m243|[39m           result[33m.[39mrunEnded[33m,[39m
    [90m244|[39m           `the god profile is the start-to-finish carrier and may not …
    [90m245|[39m         )[33m.[39m[34mtoBeUndefined[39m()[33m;[39m
    [90m   |[39m           [31m^[39m
    [90m246|[39m         expect(result.wavesCompleted, "the god profile completed the r…
    [90m247|[39m       }

[31m[2m⎯⎯⎯⎯⎯⎯⎯⎯⎯⎯⎯⎯⎯⎯⎯⎯⎯⎯⎯⎯⎯⎯⎯⎯[1/1]⎯[22m[39m


[2m Test Files [22m [1m[31m1 failed[39m[22m[90m (1)[39m
[2m      Tests [22m [1m[31m1 failed[39m[22m[2m | [22m[1m[32m1 passed[39m[22m[90m (2)[39m
[2m   Start at [22m 08:01:28
[2m   Duration [22m 830.34s[2m (transform 20.54s, setup 24.87s, import 338ms, tests 804.26s, environment 707ms)[22m

