===== COOP SOAK RESULT =====
profile: god-c
verdict: FAIL
waves_requested: 200
run_mode: calibrated-release
calibration_id: god-200
target_sha: 8eb06442d4eaba1760b4e6b9e304395b06551e7e
checked_out_sha: 8eb06442d4eaba1760b4e6b9e304395b06551e7e
base_seed: 20260725
campaign_seed: 20470484
run: 30150223294 (workflow source 8eb06442d4eaba1760b4e6b9e304395b06551e7e)
timestamp: 2026-07-25T08-08-55Z

----- driver lines -----
[22m[39m[coop-soak] SEED=20470484 WAVES=200 - replay this run with:  SOAK_SEED=20470484 SOAK_WAVES=200 ER_SCENARIO=1 npx vitest run test/tests/elite-redux/coop/coop-soak.test.ts
[22m[39m[coop-soak] PRE-HEAL unexpected wave=61 where=wave-start fields=[field] :: field:host=[{"bi":0,"partyIndex":0,"speciesId":890,"hp":2065,"maxHp":2065,"status":0,"statStages":[0,0,0,0,-1,0,0],"fainted":false,"abilityId":5258,"formIndex":0,"isTerastallized":false,"teraType":3,"bossSegments":0,"bossSegmentIndex":0,"moves":[[34,0],[247,0],[53,0],[85,0]],"tags":["ER_ENRAGE"],"transformSpeciesId":0,"transformFormIndex":0},{"bi":1,"partyIndex":1,"speciesId":384,"hp":1715,"maxHp":1715,"status":0,"statStages":[0,0,0,0,0,0,0],"fainted":false,"abilityId":5144,"formIndex":0,"isTerastallized":false,"teraType":15,"bossSegments":0,"bossSegmentIndex":0,"moves":[[34,0],[247,0],[53,0],[85,0]],"tags":[],"transformSpeciesId":0,"transformFormIndex":0},{"bi":2,"partyIndex":0,"speciesId":419,"hp":139,"maxHp":139,"status":0,"statStages":[-1,0,-1,0,0,0,0],"fainted":false,"abilityId":41,"formIndex":0,"isTerastallized":false,"teraType":10,"bossSegments":0,"bossSegmentIndex":0,"moves":[[886,0],[541,0],[834,0],[227,0]],"tags":["AQUA_RING"],"transformSpeciesId":0,"transformFormIndex":0},{"bi":3,"partyIndex":1,"speciesId":321,"hp":208,"maxHp":208,"status":0,"statStages":[-1,0,-1,0,0,0,0],"fainted":false,"abilityId":192,"formIndex":0,"isTerastallized":false,"teraType":10,"bossSegments":0,"bossSegmentIndex":0,"moves":[[518,0],[335,0],[150,0],[133,0]],"tags":[],"transformSpeciesId":0,"transformFormIndex":0}]/guest=[{"bi":0,"partyIndex":0,"speciesId":890,"hp":2065,"maxHp":2065,"status":0,"statStages":[0,0,2,0,-1,0,0],"fainted":false,"abilityId":5258,"formIndex":0,"isTerastallized":false,"teraType":3,"bossSegments":0,"bossSegmentIndex":0,"moves":[[34,0],[247,0],[53,0],[85,0]],"tags":["ER_ENRAGE"],"transformSpeciesId":0,"transformFormIndex":0},{"bi":1,"partyIndex":1,"speciesId":384,"hp":1715,"maxHp":1715,"status":0,"statStages":[0,0,0,0,0,0,0],"fainted":false,"abilityId":5144,"formIndex":0,"isTerastallized":false,"teraType":15,"bossSegments":0,"bossSegmentIndex":0,"moves":[[34,0],[247,0],[53,0],[85,0]],"tags":[],"transformSpeciesId":0,"transformFormIndex":0},{"bi":2,"partyIndex":0,"speciesId":419,"hp":139,"maxHp":139,"status":0,"statStages":[-1,0,-1,0,0,0,0],"fainted":false,"abilityId":41,"formIndex":0,"isTerastallized":false,"teraType":10,"bossSegments":0,"bossSegmentIndex":0,"moves":[[886,0],[541,0],[834,0],[227,0]],"tags":["AQUA_RING"],"transformSpeciesId":0,"transformFormIndex":0},{"bi":3,"partyIndex":1,"speciesId":321,"hp":208,"maxHp":208,"status":0,"statStages":[-1,0,-1,0,0,0,0],"fainted":false,"abilityId":192,"formIndex":0,"isTerastallized":false,"teraType":10,"bossSegments":0,"bossSegmentIndex":0,"moves":[[518,0],[335,0],[150,0],[133,0]],"tags":[],"transformSpeciesId":0,"transformFormIndex":0}]
[22m[39m[coop-soak] PRE-HEAL unexpected wave=80 where=wave-start fields=[field] :: field:host=[{"bi":0,"partyIndex":0,"speciesId":890,"hp":1956,"maxHp":2065,"status":0,"statStages":[0,0,0,0,0,0,0],"fainted":false,"abilityId":5258,"formIndex":0,"isTerastallized":false,"teraType":3,"bossSegments":0,"bossSegmentIndex":0,"moves":[[34,0],[247,0],[53,0],[85,0]],"tags":["ER_ENRAGE"],"transformSpeciesId":0,"transformFormIndex":0},{"bi":1,"partyIndex":1,"speciesId":384,"hp":1715,"maxHp":1715,"status":0,"statStages":[0,0,0,0,0,0,0],"fainted":false,"abilityId":5144,"formIndex":0,"isTerastallized":false,"teraType":15,"bossSegments":0,"bossSegmentIndex":0,"moves":[[34,0],[247,0],[53,0],[85,0]],"tags":[],"transformSpeciesId":0,"transformFormIndex":0},{"bi":2,"partyIndex":0,"speciesId":142,"hp":184,"maxHp":184,"status":0,"statStages":[-1,0,-1,0,0,0,0],"fainted":false,"abilityId":5093,"formIndex":0,"isTerastallized":false,"teraType":2,"bossSegments":0,"bossSegmentIndex":0,"moves":[[444,0],[413,0],[38,0],[397,0]],"tags":[],"transformSpeciesId":0,"transformFormIndex":0},{"bi":3,"partyIndex":1,"speciesId":139,"hp":172,"maxHp":172,"status":0,"statStages":[-1,0,-1,0,0,0,0],"fainted":false,"abilityId":133,"formIndex":0,"isTerastallized":false,"teraType":10,"bossSegments":0,"bossSegmentIndex":0,"moves":[[503,0],[800,0],[397,0],[378,0]],"tags":[],"transformSpeciesId":0,"transformFormIndex":0}]/guest=[{"bi":0,"partyIndex":0,"speciesId":890,"hp":1956,"maxHp":2065,"status":0,"statStages":[0,0,2,0,0,0,0],"fainted":false,"abilityId":5258,"formIndex":0,"isTerastallized":false,"teraType":3,"bossSegments":0,"bossSegmentIndex":0,"moves":[[34,0],[247,0],[53,0],[85,0]],"tags":["ER_ENRAGE"],"transformSpeciesId":0,"transformFormIndex":0},{"bi":1,"partyIndex":1,"speciesId":384,"hp":1715,"maxHp":1715,"status":0,"statStages":[0,0,0,0,0,0,0],"fainted":false,"abilityId":5144,"formIndex":0,"isTerastallized":false,"teraType":15,"bossSegments":0,"bossSegmentIndex":0,"moves":[[34,0],[247,0],[53,0],[85,0]],"tags":[],"transformSpeciesId":0,"transformFormIndex":0},{"bi":2,"partyIndex":0,"speciesId":142,"hp":184,"maxHp":184,"status":0,"statStages":[-1,0,-1,0,0,0,0],"fainted":false,"abilityId":5093,"formIndex":0,"isTerastallized":false,"teraType":2,"bossSegments":0,"bossSegmentIndex":0,"moves":[[444,0],[413,0],[38,0],[397,0]],"tags":[],"transformSpeciesId":0,"transformFormIndex":0},{"bi":3,"partyIndex":1,"speciesId":139,"hp":172,"maxHp":172,"status":0,"statStages":[-1,0,-1,0,0,0,0],"fainted":false,"abilityId":133,"formIndex":0,"isTerastallized":false,"teraType":10,"bossSegments":0,"bossSegmentIndex":0,"moves":[[503,0],[800,0],[397,0],[378,0]],"tags":[],"transformSpeciesId":0,"transformFormIndex":0}]
[22m[39m[coop-soak] PRE-HEAL unexpected wave=91 where=wave-start fields=[field] :: field:host=[{"bi":0,"partyIndex":0,"speciesId":890,"hp":2065,"maxHp":2065,"status":0,"statStages":[0,0,0,0,0,0,0],"fainted":false,"abilityId":5258,"formIndex":0,"isTerastallized":false,"teraType":3,"bossSegments":0,"bossSegmentIndex":0,"moves":[[34,0],[247,0],[53,0],[85,0]],"tags":["ER_ENRAGE"],"transformSpeciesId":0,"transformFormIndex":0},{"bi":1,"partyIndex":1,"speciesId":384,"hp":1715,"maxHp":1715,"status":0,"statStages":[0,0,0,0,0,0,0],"fainted":false,"abilityId":5144,"formIndex":0,"isTerastallized":false,"teraType":15,"bossSegments":0,"bossSegmentIndex":0,"moves":[[34,0],[247,0],[53,0],[85,0]],"tags":[],"transformSpeciesId":0,"transformFormIndex":0},{"bi":2,"partyIndex":0,"speciesId":606,"hp":184,"maxHp":184,"status":0,"statStages":[-1,0,-1,0,0,0,0],"fainted":false,"abilityId":5084,"formIndex":0,"isTerastallized":false,"teraType":13,"bossSegments":2,"bossSegmentIndex":1,"moves":[[736,0],[5028,0],[683,0],[485,0]],"tags":[],"transformSpeciesId":0,"transformFormIndex":0},{"bi":3,"partyIndex":1,"speciesId":202,"hp":342,"maxHp":342,"status":0,"statStages":[-1,0,-1,0,0,0,0],"fainted":false,"abilityId":5070,"formIndex":0,"isTerastallized":false,"teraType":13,"bossSegments":1,"bossSegmentIndex":0,"moves":[[227,0],[194,0]],"tags":[],"transformSpeciesId":0,"transformFormIndex":0}]/guest=[{"bi":0,"partyIndex":0,"speciesId":890,"hp":2065,"maxHp":2065,"status":0,"statStages":[0,0,2,0,0,0,0],"fainted":false,"abilityId":5258,"formIndex":0,"isTerastallized":false,"teraType":3,"bossSegments":0,"bossSegmentIndex":0,"moves":[[34,0],[247,0],[53,0],[85,0]],"tags":["ER_ENRAGE"],"transformSpeciesId":0,"transformFormIndex":0},{"bi":1,"partyIndex":1,"speciesId":384,"hp":1715,"maxHp":1715,"status":0,"statStages":[0,0,0,0,0,0,0],"fainted":false,"abilityId":5144,"formIndex":0,"isTerastallized":false,"teraType":15,"bossSegments":0,"bossSegmentIndex":0,"moves":[[34,0],[247,0],[53,0],[85,0]],"tags":[],"transformSpeciesId":0,"transformFormIndex":0},{"bi":2,"partyIndex":0,"speciesId":606,"hp":184,"maxHp":184,"status":0,"statStages":[-1,0,-1,0,0,0,0],"fainted":false,"abilityId":5084,"formIndex":0,"isTerastallized":false,"teraType":13,"bossSegments":2,"bossSegmentIndex":1,"moves":[[736,0],[5028,0],[683,0],[485,0]],"tags":[],"transformSpeciesId":0,"transformFormIndex":0},{"bi":3,"partyIndex":1,"speciesId":202,"hp":342,"maxHp":342,"status":0,"statStages":[-1,0,-1,0,0,0,0],"fainted":false,"abilityId":5070,"formIndex":0,"isTerastallized":false,"teraType":13,"bossSegments":1,"bossSegmentIndex":0,"moves":[[227,0],[194,0]],"tags":[],"transformSpeciesId":0,"transformFormIndex":0}]
[22m[39m[coop-soak] RUN ENDED at wave 91 (seed 20470484): host at terminal phase TitlePhase. Survey stops here.
[22m[39m[coop-soak] DONE seed=20470484 waves=90/200 resyncHeals=3 assertions=0 findings=0 trainerWaves=14 (fixed=8 random=6) skips={"mysteryEncounterDisabledV1":1} elapsedMs=414884
[coop-soak] RUN ENDED at wave 91 (seed 20470484) [TitlePhase]: host at terminal phase TitlePhase. Surveyed 90/200 waves under all invariants before the terminal.
[31m[1mSoakInvariantError[22m: [coop-soak] NO-PARK invariant breached at wave 2 (seed 206780945): wave driving threw (strand/stall): guest replay HANG: stuck on MessagePhase - see dev-logs/coop-duo/. Artifact + both logs: /home/runner/work/elite-redux/elite-redux/dev-logs/coop-soak/2026-07-25T08-08-55-077Z__seed-206780945__wave-2. Replay: SOAK_SEED=206780945[39m

----- vitest result tail -----
undefined

[31m+ Received:[39m
{
  "kind": "verified-terminal",
  "phase": "TitlePhase",
  "reason": "host at terminal phase TitlePhase",
  "wave": 91,
}

[36m [2m❯[22m test/tests/elite-redux/coop/coop-soak.test.ts:[2m245:11[22m[39m
    [90m243|[39m           result[33m.[39mrunEnded[33m,[39m
    [90m244|[39m           `the god profile is the start-to-finish carrier and may not …
    [90m245|[39m         )[33m.[39m[34mtoBeUndefined[39m()[33m;[39m
    [90m   |[39m           [31m^[39m
    [90m246|[39m         expect(result.wavesCompleted, "the god profile completed the r…
    [90m247|[39m       }

[31m[2m⎯⎯⎯⎯⎯⎯⎯⎯⎯⎯⎯⎯⎯⎯⎯⎯⎯⎯⎯⎯⎯⎯⎯⎯[1/2]⎯[22m[39m

[41m[1m FAIL [22m[49m [30m[45m main [49m[39m test/tests/elite-redux/coop/coop-soak.test.ts[2m:297:3[22m[2m > [22mNIGHTLY co-op SOAK: seeded randomized two-engine run (#841)[2m > [22mretained wave boundary keeps one X Attack exact on both clients through natural expiry without recovery
[31m[1mSoakInvariantError[22m: [coop-soak] NO-PARK invariant breached at wave 2 (seed 206780945): wave driving threw (strand/stall): guest replay HANG: stuck on MessagePhase - see dev-logs/coop-duo/. Artifact + both logs: /home/runner/work/elite-redux/elite-redux/dev-logs/coop-soak/2026-07-25T08-08-55-077Z__seed-206780945__wave-2. Replay: SOAK_SEED=206780945[39m
[36m [2m❯[22m fail test/tools/coop-soak-driver.ts:[2m1699:11[22m[39m
    [90m1697|[39m       phaseState: phaseStateDump(rig),
    [90m1698|[39m     });
    [90m1699|[39m     throw new SoakInvariantError(invariant, seed, wave, detail, dir);
    [90m   |[39m           [31m^[39m
    [90m1700|[39m   };
    [90m1701|[39m
[90m [2m❯[22m runCoopSoak test/tools/coop-soak-driver.ts:[2m4793:7[22m[39m
[90m [2m❯[22m test/tests/elite-redux/coop/coop-soak.test.ts:[2m309:20[22m[39m

[31m[2m⎯⎯⎯⎯⎯⎯⎯⎯⎯⎯⎯⎯⎯⎯⎯⎯⎯⎯⎯⎯⎯⎯⎯⎯[2/2]⎯[22m[39m


[2m Test Files [22m [1m[31m1 failed[39m[22m[90m (1)[39m
[2m      Tests [22m [1m[31m2 failed[39m[22m[90m (2)[39m
[2m   Start at [22m 08:01:24
[2m   Duration [22m 450.52s[2m (transform 21.94s, setup 26.60s, import 330ms, tests 422.70s, environment 724ms)[22m

