===== COOP SOAK RESULT =====
profile: level
verdict: FAIL
waves_requested: 55
run_mode: calibrated-release
calibration_id: level-55-faint
target_sha: 8eb06442d4eaba1760b4e6b9e304395b06551e7e
checked_out_sha: 8eb06442d4eaba1760b4e6b9e304395b06551e7e
base_seed: 20260725
campaign_seed: 20260725
run: 30150223294 (workflow source 8eb06442d4eaba1760b4e6b9e304395b06551e7e)
timestamp: 2026-07-25T08-02-46Z

----- driver lines -----
[22m[39m[coop-soak] SEED=20260725 WAVES=55 - replay this run with:  SOAK_SEED=20260725 SOAK_WAVES=55 ER_SCENARIO=1 npx vitest run test/tests/elite-redux/coop/coop-soak.test.ts
[22m[39m[coop-soak] RUN ENDED crossing into wave 3 (seed 20260725): host at terminal phase TitlePhase. Survey stops here.
[22m[39m[coop-soak] DONE seed=20260725 waves=2/55 resyncHeals=0 assertions=0 findings=0 trainerWaves=0 (fixed=0 random=0) skips={"mysteryEncounterDisabledV1":1} elapsedMs=25062
[coop-soak] RUN ENDED at wave 3 (seed 20260725) [TitlePhase]: host at terminal phase TitlePhase. Surveyed 2/55 waves under all invariants before the terminal.
[22m[39m[coop-soak] RUN ENDED crossing into wave 4 (seed 206780945): host at terminal phase TitlePhase. Survey stops here.

----- vitest result tail -----

[31m⎯⎯⎯⎯⎯⎯⎯[39m[1m[41m Failed Tests 2 [49m[22m[31m⎯⎯⎯⎯⎯⎯⎯[39m

[41m[1m FAIL [22m[49m [30m[45m main [49m[39m test/tests/elite-redux/coop/coop-soak.test.ts[2m:165:3[22m[2m > [22mNIGHTLY co-op SOAK: seeded randomized two-engine run (#841)[2m > [22mplays a seeded randomized co-op run asserting DIGEST/LOCKSTEP/NO-PARK/TEARDOWN each wave
[31m[1mAssertionError[22m: run-end at wave 3 surveyed only 2 waves - below the proven-survivable floor of 30 (a party this weak this early is a regression, not the late-game level ceiling; replay SOAK_SEED=20260725): expected 2 to be greater than or equal to 30[39m
[36m [2m❯[22m test/tests/elite-redux/coop/coop-soak.test.ts:[2m239:11[22m[39m
    [90m237|[39m             + `proven-survivable floor of ${coverageFloor} (a party th…
    [90m238|[39m             + `not the late-game level ceiling; replay SOAK_SEED=${see…
    [90m239|[39m         )[33m.[39m[34mtoBeGreaterThanOrEqual[39m(coverageFloor)[33m;[39m
    [90m   |[39m           [31m^[39m
    [90m240|[39m       }
    [90m241|[39m       [35mif[39m (profile [33m===[39m [32m"god"[39m) {

[31m[2m⎯⎯⎯⎯⎯⎯⎯⎯⎯⎯⎯⎯⎯⎯⎯⎯⎯⎯⎯⎯⎯⎯⎯⎯[1/2]⎯[22m[39m

[41m[1m FAIL [22m[49m [30m[45m main [49m[39m test/tests/elite-redux/coop/coop-soak.test.ts[2m:297:3[22m[2m > [22mNIGHTLY co-op SOAK: seeded randomized two-engine run (#841)[2m > [22mretained wave boundary keeps one X Attack exact on both clients through natural expiry without recovery
[31m[1mAssertionError[22m: the focused lifecycle crossed every requested battle boundary: expected 3 to be 6 // Object.is equality[39m

[32m- Expected[39m
[31m+ Received[39m

[32m- 6[39m
[31m+ 3[39m

[36m [2m❯[22m test/tests/elite-redux/coop/coop-soak.test.ts:[2m320:100[22m[39m
    [90m318|[39m     })[33m;[39m
    [90m319|[39m
    [90m320|[39m     expect(result.wavesCompleted, "the focused lifecycle crossed every…
    [90m   |[39m                                                                                                    [31m^[39m
    [90m321|[39m     expect(result.findings, "no modifier/save divergence survived a bo…
    [90m322|[39m     expect(result.preHealMismatches, "no mismatch was hidden by the on…

[31m[2m⎯⎯⎯⎯⎯⎯⎯⎯⎯⎯⎯⎯⎯⎯⎯⎯⎯⎯⎯⎯⎯⎯⎯⎯[2/2]⎯[22m[39m


[2m Test Files [22m [1m[31m1 failed[39m[22m[90m (1)[39m
[2m      Tests [22m [1m[31m2 failed[39m[22m[90m (2)[39m
[2m   Start at [22m 08:01:25
[2m   Duration [22m 80.77s[2m (transform 21.28s, setup 25.70s, import 368ms, tests 53.83s, environment 717ms)[22m

