{
  "invariant": "no-park",
  "seed": 20365455,
  "wave": 138,
  "detail": "wave driving threw (strand/stall): PhaseInterceptor.to(\"SelectModifierPhase\") did not reach its target (soft-lock / freeze?): stuck at phase \"SwitchPhase\", UI mode PARTY (=8), interceptor state \"running\". runTarget=false, promptTarget=\"SelectModifierPhase\".\nOriginal: Timed out in waitUntil!",
  "replay": "SOAK_SEED=20365455",
  "phaseState": {
    "hostPhase": "SwitchPhase",
    "guestPhase": "CoopFinalizeTurnPhase",
    "hostInteractionCounter": 163,
    "guestInteractionCounter": 163,
    "hostWave": 138,
    "hostBattleType": 0,
    "hostPlayerField": [
      {
        "id": 3808517183,
        "battlerIndex": -1,
        "speciesId": 890,
        "speciesName": "Eternatus",
        "hp": 0,
        "maxHp": 2065,
        "fainted": true,
        "status": 7,
        "statStages": [
          0,
          0,
          0,
          0,
          0,
          0,
          0
        ],
        "moves": [
          {
            "id": 34,
            "ppUsed": 0
          },
          {
            "id": 247,
            "ppUsed": 0
          },
          {
            "id": 53,
            "ppUsed": 0
          },
          {
            "id": 85,
            "ppUsed": 0
          }
        ],
        "coopOwner": "host"
      },
      {
        "id": 1032218596,
        "battlerIndex": -1,
        "speciesId": 384,
        "speciesName": "Rayquaza",
        "hp": 1073,
        "maxHp": 1715,
        "fainted": false,
        "status": 0,
        "statStages": [
          0,
          0,
          0,
          0,
          0,
          0,
          0
        ],
        "moves": [
          {
            "id": 34,
            "ppUsed": 0
          },
          {
            "id": 247,
            "ppUsed": 0
          },
          {
            "id": 53,
            "ppUsed": 0
          },
          {
            "id": 85,
            "ppUsed": 0
          }
        ],
        "coopOwner": "guest"
      }
    ],
    "hostEnemyField": [
      {
        "id": 390649974,
        "battlerIndex": -1,
        "speciesId": 606,
        "speciesName": "Beheeyem",
        "hp": 0,
        "maxHp": 305,
        "fainted": true,
        "status": 7,
        "statStages": [
          0,
          0,
          0,
          0,
          0,
          0,
          0
        ],
        "moves": [
          {
            "id": 797,
            "ppUsed": 0
          },
          {
            "id": 683,
            "ppUsed": 0
          },
          {
            "id": 511,
            "ppUsed": 0
          },
          {
            "id": 495,
            "ppUsed": 0
          }
        ]
      },
      {
        "id": 1587960694,
        "battlerIndex": -1,
        "speciesId": 202,
        "speciesName": "Wobbuffet",
        "hp": 0,
        "maxHp": 613,
        "fainted": true,
        "status": 7,
        "statStages": [
          0,
          0,
          0,
          0,
          0,
          0,
          0
        ],
        "moves": [
          {
            "id": 227,
            "ppUsed": 0
          },
          {
            "id": 194,
            "ppUsed": 0
          }
        ]
      }
    ],
    "guestPlayerField": [
      {
        "id": 3808517183,
        "battlerIndex": 0,
        "speciesId": 890,
        "speciesName": "Eternatus",
        "hp": 0,
        "maxHp": 2065,
        "fainted": true,
        "status": 7,
        "statStages": [
          0,
          0,
          0,
          0,
          0,
          0,
          0
        ],
        "moves": [
          {
            "id": 34,
            "ppUsed": 0
          },
          {
            "id": 247,
            "ppUsed": 0
          },
          {
            "id": 53,
            "ppUsed": 0
          },
          {
            "id": 85,
            "ppUsed": 0
          }
        ],
        "coopOwner": "host"
      },
      {
        "id": 1032218596,
        "battlerIndex": 1,
        "speciesId": 384,
        "speciesName": "Rayquaza",
        "hp": 1073,
        "maxHp": 1715,
        "fainted": false,
        "status": 0,
        "statStages": [
          0,
          0,
          0,
          0,
          0,
          0,
          0
        ],
        "moves": [
          {
            "id": 34,
            "ppUsed": 0
          },
          {
            "id": 247,
            "ppUsed": 0
          },
          {
            "id": 53,
            "ppUsed": 0
          },
          {
            "id": 85,
            "ppUsed": 0
          }
        ],
        "coopOwner": "guest"
      }
    ],
    "guestEnemyField": [
      {
        "id": 390649974,
        "battlerIndex": 2,
        "speciesId": 606,
        "speciesName": "Beheeyem",
        "hp": 0,
        "maxHp": 305,
        "fainted": true,
        "status": 7,
        "statStages": [
          0,
          0,
          0,
          0,
          0,
          0,
          0
        ],
        "moves": [
          {
            "id": 797,
            "ppUsed": 0
          },
          {
            "id": 683,
            "ppUsed": 0
          },
          {
            "id": 511,
            "ppUsed": 0
          },
          {
            "id": 495,
            "ppUsed": 0
          }
        ]
      },
      {
        "id": 1587960694,
        "battlerIndex": 3,
        "speciesId": 202,
        "speciesName": "Wobbuffet",
        "hp": 0,
        "maxHp": 613,
        "fainted": true,
        "status": 7,
        "statStages": [
          0,
          0,
          0,
          0,
          0,
          0,
          0
        ],
        "moves": [
          {
            "id": 227,
            "ppUsed": 0
          },
          {
            "id": 194,
            "ppUsed": 0
          }
        ]
      }
    ]
  },
  "actionScript": [
    "SKIP mysteryEncounterDisabledV1",
    "content seed=coop-soak-20365455 preseeded=false",
    "wave 1 turn 1: replay guest crossed cmd:1:1 through real public COMMAND=opened",
    "wave 1: host slot move=53 guest slot move=85",
    "wave 1 turn 1: progress enemyHp=[16:0/14,263:0/14] playerHp=[890:2065/2065,384:1715/1715]",
    "wave 1: reward shop owner=host take-nonparty",
    "wave 2 turn 1: replay guest crossed cmd:2:1 through real public COMMAND=opened",
    "wave 2: host slot move=85 guest slot move=247",
    "wave 2 turn 1: progress enemyHp=[261:0/16,46:0/16] playerHp=[890:2065/2065,384:1715/1715]",
    "wave 2: reward shop owner=guest take-nonparty",
    "wave 3 turn 1: replay guest crossed cmd:3:1 through real public COMMAND=opened",
    "wave 3 turn 1: host SWITCH -> party[2]",
    "wave 3: host slot move=85 guest slot move=85",
    "wave 3 turn 1: progress enemyHp=[16:16/16,661:0/16] playerHp=[493:1865/1865,384:1715/1715]",
    "wave 3 turn 2: replay guest crossed cmd:3:2 through real public COMMAND=opened",
    "wave 3: reward shop owner=host leave",
    "wave 4 turn 1: replay guest crossed cmd:4:1 through real public COMMAND=opened",
    "wave 4: host slot move=85 guest slot move=85",
    "wave 4 turn 1: guest SWITCH -> party[3]",
    "wave 4 turn 1: progress enemyHp=[831:0/18,265:16/16] playerHp=[493:1865/1865,150:1723/1725]",
    "wave 4 turn 2: replay guest crossed cmd:4:2 through real public COMMAND=opened",
    "wave 4: reward shop owner=guest leave",
    "wave 5 turn 1: replay guest crossed cmd:5:1 through real public COMMAND=opened",
    "wave 5: TRAINER (fixed)",
    "wave 5: host slot move=85 guest slot move=53",
    "wave 5 turn 1: progress enemyHp=[506:0/18,504:0/18] playerHp=[493:1865/1865,150:1723/1725]",
    "wave 5: reward shop owner=host leave",
    "wave 5: guest chose Crossroads Leave through public UI",
    "wave 5: guest drove World Map via public UI=true and both consumed 1827868684056076:1:BIOME_PICK:9700005",
    "wave 6 turn 1: replay guest crossed cmd:6:1 through real public COMMAND=opened",
    "wave 6: BIOME 0->1",
    "wave 6: host slot move=53 guest slot move=247",
    "wave 6 turn 1: progress enemyHp=[399:0/23,41:0/20] playerHp=[493:1865/1865,150:1723/1725]",
    "wave 6: reward shop owner=host leave",
    "wave 7 turn 1: replay guest crossed cmd:7:1 through real public COMMAND=opened",
    "wave 7 turn 1: host SWITCH -> party[2]",
    "wave 7: host slot move=34 guest slot move=34",
    "wave 7 turn 1: progress enemyHp=[915:21/21,10194:0/18] playerHp=[890:2065/2065,150:1723/1725]",
    "wave 7 turn 2: replay guest crossed cmd:7:2 through real public COMMAND=opened",
    "wave 7: reward shop owner=guest take-nonparty",
    "wave 8 turn 1: replay guest crossed cmd:8:1 through real public COMMAND=opened",
    "wave 8: TRAINER (fixed)",
    "wave 8: host slot move=247 guest slot move=53",
    "wave 8 turn 1: progress enemyHp=[653:0/24,940:0/22] playerHp=[890:2065/2065,150:1723/1725]",
    "wave 8: reward shop owner=host leave",
    "wave 9 turn 1: replay guest crossed cmd:9:1 through real public COMMAND=opened",
    "wave 9: host slot move=85 guest slot move=34",
    "wave 9 turn 1: progress enemyHp=[915:0/24,52:0/22] playerHp=[890:2065/2065,150:1723/1725]",
    "wave 9: reward shop owner=guest leave",
    "wave 10 turn 1: replay guest crossed cmd:10:1 through real public COMMAND=opened",
    "wave 10: host slot move=53 guest slot move=85",
    "wave 10 turn 1: progress enemyHp=[399:0/31,399:0/28] playerHp=[890:2055/2065,150:1723/1725]",
    "wave 10: biome market owner=host leave",
    "wave 10: drained 1 milestone reward continuation(s)",
    "wave 10: guest chose Crossroads Leave through public UI",
    "wave 10: guest drove World Map via public UI=true and both consumed 1827868684056076:1:BIOME_PICK:9700011",
    "wave 11 turn 1: replay guest crossed cmd:11:1 through real public COMMAND=opened",
    "wave 11: BIOME 1->2",
    "wave 11: host slot move=53 guest slot move=34",
    "wave 11 turn 1: progress enemyHp=[268:0/26,285:0/27] playerHp=[890:2065/2065,150:1725/1725]",
    "wave 11: reward shop owner=host take-nonparty",
    "wave 12 turn 1: replay guest crossed cmd:12:1 through real public COMMAND=opened",
    "wave 12: host slot move=247 guest slot move=85",
    "wave 12 turn 1: progress enemyHp=[543:0/25,268:0/28] playerHp=[890:2065/2065,150:1725/1725]",
    "wave 12: reward shop owner=guest leave",
    "wave 13 turn 1: replay guest crossed cmd:13:1 through real public COMMAND=opened",
    "wave 13: host slot move=34 guest slot move=53",
    "wave 13 turn 1: progress enemyHp=[268:0/28,268:0/30] playerHp=[890:2065/2065,150:1725/1725]",
    "wave 13: reward shop owner=host leave",
    "wave 14 turn 1: replay guest crossed cmd:14:1 through real public COMMAND=opened",
    "wave 14: TRAINER (random)",
    "wave 14: host slot move=247 guest slot move=247",
    "wave 14 turn 1: progress enemyHp=[921:0/32,176:0/37] playerHp=[890:2065/2065,150:1725/1725]",
    "wave 14: reward shop owner=guest take-nonparty",
    "wave 15 turn 1: replay guest crossed cmd:15:1 through real public COMMAND=opened",
    "wave 15: host slot move=53 guest slot move=34",
    "wave 15 turn 1: progress enemyHp=[187:0/30,266:0/30] playerHp=[890:2065/2065,150:1725/1725]",
    "wave 15: reward shop owner=host take-nonparty",
    "wave 15: guest chose Crossroads Leave through public UI",
    "wave 15: guest drove World Map via public UI=true and both consumed 1827868684056076:1:BIOME_PICK:9700017",
    "wave 16 turn 1: replay guest crossed cmd:16:1 through real public COMMAND=opened",
    "wave 16: BIOME 2->3",
    "wave 16: host slot move=247 guest slot move=85",
    "wave 16 turn 1: progress enemyHp=[32:0/34,753:0/31] playerHp=[890:2065/2065,150:1725/1725]",
    "wave 16: reward shop owner=host take-nonparty",
    "wave 17 turn 1: replay guest crossed cmd:17:1 through real public COMMAND=opened",
    "wave 17 turn 1: host SWITCH -> party[2]",
    "wave 17: host slot move=34 guest slot move=53",
    "wave 17 turn 1: progress enemyHp=[753:31/31,48:0/40] playerHp=[493:1865/1865,150:1725/1725]",
    "wave 17 turn 2: replay guest crossed cmd:17:2 through real public COMMAND=opened",
    "wave 17: reward shop owner=guest leave",
    "wave 18 turn 1: replay guest crossed cmd:18:1 through real public COMMAND=opened",
    "wave 18: host slot move=34 guest slot move=247",
    "wave 18 turn 1: progress enemyHp=[20:0/36,761:0/35] playerHp=[493:1865/1865,150:1725/1725]",
    "wave 18: reward shop owner=host take-nonparty",
    "wave 19 turn 1: replay guest crossed cmd:19:1 through real public COMMAND=opened",
    "wave 19 turn 1: host SWITCH -> party[2]",
    "wave 19: host slot move=53 guest slot move=34",
    "wave 19 turn 1: guest SWITCH -> party[3]",
    "wave 19 turn 1: progress enemyHp=[665:30/34,761:37/37] playerHp=[890:2065/2065,384:1713/1715]",
    "wave 19 turn 2: replay guest crossed cmd:19:2 through real public COMMAND=opened",
    "wave 19: reward shop owner=guest take-nonparty",
    "wave 20 turn 1: replay guest crossed cmd:20:1 through real public COMMAND=opened",
    "wave 20: TRAINER (random)",
    "wave 20: host slot move=247 guest slot move=85",
    "wave 20 turn 1: progress enemyHp=[283:0/37,664:0/38] playerHp=[890:2053/2065,384:1713/1715]",
    "wave 20: biome market owner=host leave",
    "wave 20: drained 1 milestone reward continuation(s)",
    "wave 20: guest chose Crossroads Leave through public UI",
    "wave 20: guest drove World Map via public UI=true and both consumed 1827868684056076:1:BIOME_PICK:9700023",
    "wave 21 turn 1: replay guest crossed cmd:21:1 through real public COMMAND=opened",
    "wave 21: BIOME 3->5",
    "wave 21: host slot move=34 guest slot move=53",
    "wave 21 turn 1: guest SWITCH -> party[3]",
    "wave 21 turn 1: progress enemyHp=[267:0/43,540:36/36] playerHp=[890:2065/2065,150:1725/1725]",
    "wave 21 turn 2: replay guest crossed cmd:21:2 through real public COMMAND=opened",
    "wave 21 turn 2: host SWITCH -> party[2]",
    "wave 21: reward shop owner=host take-nonparty",
    "wave 22 turn 1: replay guest crossed cmd:22:1 through real public COMMAND=opened",
    "wave 22: TRAINER (random)",
    "wave 22: host slot move=85 guest slot move=247",
    "wave 22 turn 1: progress enemyHp=[868:0/49,665:0/43] playerHp=[493:1865/1865,150:1725/1725]",
    "wave 22: reward shop owner=guest take-nonparty",
    "wave 23 turn 1: replay guest crossed cmd:23:1 through real public COMMAND=opened",
    "wave 23: host slot move=53 guest slot move=34",
    "wave 23 turn 1: progress enemyHp=[665:0/43,267:0/46] playerHp=[493:1865/1865,150:1725/1725]",
    "wave 23: reward shop owner=host leave",
    "wave 24 turn 1: replay guest crossed cmd:24:1 through real public COMMAND=opened",
    "wave 24: host slot move=247 guest slot move=85",
    "wave 24 turn 1: progress enemyHp=[548:0/40,357:0/62] playerHp=[493:1865/1865,150:1725/1725]",
    "wave 24: reward shop owner=guest leave",
    "wave 25 turn 1: replay guest crossed cmd:25:1 through real public COMMAND=opened",
    "wave 25: TRAINER (fixed)",
    "wave 25: host slot move=34 guest slot move=34",
    "wave 25 turn 1: progress enemyHp=[654:0/54,940:0/45] playerHp=[493:1865/1865,150:1725/1725]",
    "wave 25 turn 2: replay guest crossed cmd:25:2 through real public COMMAND=opened",
    "wave 25: reward shop owner=host take-nonparty",
    "wave 25: guest chose Crossroads Leave through public UI",
    "wave 25: guest drove World Map via public UI=true and both consumed 1827868684056076:1:BIOME_PICK:9700029",
    "wave 26 turn 1: replay guest crossed cmd:26:1 through real public COMMAND=opened",
    "wave 26: BIOME 5->27",
    "wave 26: host slot move=53 guest slot move=247",
    "wave 26 turn 1: progress enemyHp=[732:0/53,541:0/53] playerHp=[493:1865/1865,150:1401/1725]",
    "wave 26: reward shop owner=host leave",
    "wave 26: drained 1 milestone reward continuation(s)",
    "wave 27 turn 1: replay guest crossed cmd:27:1 through real public COMMAND=opened",
    "wave 27: host slot move=53 guest slot move=34",
    "wave 27 turn 1: guest SWITCH -> party[3]",
    "wave 27 turn 1: progress enemyHp=[420:0/54,541:55/55] playerHp=[493:1865/1865,384:1715/1715]",
    "wave 27 turn 2: replay guest crossed cmd:27:2 through real public COMMAND=opened",
    "wave 27: reward shop owner=guest take-nonparty",
    "wave 28 turn 1: replay guest crossed cmd:28:1 through real public COMMAND=opened",
    "wave 28: host slot move=34 guest slot move=85",
    "wave 28 turn 1: progress enemyHp=[190:0/53,415:0/54] playerHp=[493:1865/1865,384:1715/1715]",
    "wave 28: reward shop owner=host leave",
    "wave 29 turn 1: replay guest crossed cmd:29:1 through real public COMMAND=opened",
    "wave 29: TRAINER (random)",
    "wave 29: host slot move=53 guest slot move=53",
    "wave 29 turn 1: progress enemyHp=[111:0/59,672:0/65] playerHp=[493:1865/1865,384:1715/1715]",
    "wave 29: reward shop owner=guest take-nonparty",
    "wave 30 turn 1: replay guest crossed cmd:30:1 through real public COMMAND=opened",
    "wave 30: host slot move=85 guest slot move=247",
    "wave 30 turn 1: progress enemyHp=[102:0/62,420:0/58] playerHp=[493:1865/1865,384:1715/1715]",
    "wave 30: biome market owner=host leave",
    "wave 30: drained 1 milestone reward continuation(s)",
    "wave 30: guest chose Crossroads Leave through public UI",
    "wave 30: guest drove World Map via public UI=true and both consumed 1827868684056076:1:BIOME_PICK:9700035",
    "wave 31 turn 1: replay guest crossed cmd:31:1 through real public COMMAND=opened",
    "wave 31: BIOME 27->29",
    "wave 31: host slot move=53 guest slot move=34",
    "wave 31 turn 1: progress enemyHp=[177:0/52,177:0/47] playerHp=[493:1865/1865,384:1715/1715]",
    "wave 31: reward shop owner=host take-nonparty",
    "wave 32 turn 1: replay guest crossed cmd:32:1 through real public COMMAND=opened",
    "wave 32 turn 1: host SWITCH -> party[2]",
    "wave 32: host slot move=53 guest slot move=247",
    "wave 32 turn 1: progress enemyHp=[622:62/62,343:0/56] playerHp=[890:2065/2065,384:1715/1715]",
    "wave 32 turn 2: replay guest crossed cmd:32:2 through real public COMMAND=opened",
    "wave 32 turn 2: guest SWITCH -> party[3]",
    "wave 32: reward shop owner=guest take-nonparty",
    "wave 33 turn 1: replay guest crossed cmd:33:1 through real public COMMAND=opened",
    "wave 33: host slot move=34 guest slot move=247",
    "wave 33 turn 1: progress enemyHp=[343:0/58,999:0/62] playerHp=[890:2065/2065,150:1725/1725]",
    "wave 33: reward shop owner=host leave",
    "wave 34 turn 1: replay guest crossed cmd:34:1 through real public COMMAND=opened",
    "wave 34: host slot move=53 guest slot move=53",
    "wave 34 turn 1: guest SWITCH -> party[3]",
    "wave 34 turn 1: progress enemyHp=[622:0/59,622:64/64] playerHp=[890:2065/2065,384:1715/1715]",
    "wave 34 turn 2: replay guest crossed cmd:34:2 through real public COMMAND=opened",
    "wave 34: reward shop owner=guest leave",
    "wave 34: drained 1 milestone reward continuation(s)",
    "wave 35 turn 1: replay guest crossed cmd:35:1 through real public COMMAND=opened",
    "wave 35: TRAINER (fixed)",
    "wave 35 turn 1: host SWITCH -> party[2]",
    "wave 35: host slot move=53 guest slot move=34",
    "wave 35 turn 1: progress enemyHp=[278:60/60,339:0/65] playerHp=[493:1863/1865,384:1712/1715]",
    "wave 35 turn 2: replay guest crossed cmd:35:2 through real public COMMAND=opened",
    "wave 35 turn 2: guest SWITCH -> party[3]",
    "wave 35: reward shop owner=host leave",
    "wave 35: guest chose Crossroads Leave through public UI",
    "wave 35: guest drove World Map via public UI=true and both consumed 1827868684056076:1:BIOME_PICK:9700041",
    "wave 36 turn 1: replay guest crossed cmd:36:1 through real public COMMAND=opened",
    "wave 36: BIOME 29->14",
    "wave 36: host slot move=85 guest slot move=53",
    "wave 36 turn 1: progress enemyHp=[946:0/60,28:0/87] playerHp=[493:1747/1865,150:1618/1725]",
    "wave 36: reward shop owner=host leave",
    "wave 36: drained 1 milestone reward continuation(s)",
    "wave 37 turn 1: replay guest crossed cmd:37:1 through real public COMMAND=opened",
    "wave 37: host slot move=34 guest slot move=247",
    "wave 37 turn 1: progress enemyHp=[953:0/58,451:0/65] playerHp=[493:1631/1865,150:1511/1725]",
    "wave 37: reward shop owner=guest take-nonparty",
    "wave 38 turn 1: replay guest crossed cmd:38:1 through real public COMMAND=opened",
    "wave 38: host slot move=85 guest slot move=34",
    "wave 38 turn 1: guest SWITCH -> party[3]",
    "wave 38 turn 1: progress enemyHp=[347:0/63,843:66/66] playerHp=[493:1515/1865,384:1608/1715]",
    "wave 38 turn 2: replay guest crossed cmd:38:2 through real public COMMAND=opened",
    "wave 38: reward shop owner=host take-nonparty",
    "wave 39 turn 1: replay guest crossed cmd:39:1 through real public COMMAND=opened",
    "wave 39: host slot move=34 guest slot move=53",
    "wave 39 turn 1: progress enemyHp=[423:0/101,586:0/82] playerHp=[493:1283/1865,384:1394/1715]",
    "wave 39: reward shop owner=guest take-nonparty",
    "wave 40 turn 1: replay guest crossed cmd:40:1 through real public COMMAND=opened",
    "wave 40: host slot move=247 guest slot move=247",
    "wave 40 turn 1: progress enemyHp=[451:0/77,843:0/85] playerHp=[493:1283/1865,384:1394/1715]",
    "wave 40: biome market owner=host leave",
    "wave 40: drained 1 milestone reward continuation(s)",
    "wave 40: guest chose Crossroads Leave through public UI",
    "wave 40: guest drove World Map via public UI=true and both consumed 1827868684056076:1:BIOME_PICK:9700047",
    "wave 41 turn 1: replay guest crossed cmd:41:1 through real public COMMAND=opened",
    "wave 41: BIOME 14->22",
    "wave 41: host slot move=34 guest slot move=53",
    "wave 41 turn 1: progress enemyHp=[177:0/62,325:0/80] playerHp=[493:1865/1865,384:1715/1715]",
    "wave 41: reward shop owner=host leave",
    "wave 42 turn 1: replay guest crossed cmd:42:1 through real public COMMAND=opened",
    "wave 42: host slot move=85 guest slot move=247",
    "wave 42 turn 1: progress enemyHp=[177:0/69,958:0/75] playerHp=[493:1865/1865,384:1715/1715]",
    "wave 42: reward shop owner=guest leave",
    "wave 42: drained 1 milestone reward continuation(s)",
    "wave 43 turn 1: replay guest crossed cmd:43:1 through real public COMMAND=opened",
    "wave 43: host slot move=34 guest slot move=34",
    "wave 43 turn 1: progress enemyHp=[201:0/79,122:0/66] playerHp=[493:1865/1865,384:1715/1715]",
    "wave 43: reward shop owner=host take-nonparty",
    "wave 44 turn 1: replay guest crossed cmd:44:1 through real public COMMAND=opened",
    "wave 44: host slot move=53 guest slot move=85",
    "wave 44 turn 1: progress enemyHp=[343:0/79,605:0/83] playerHp=[493:1865/1865,384:1715/1715]",
    "wave 44: reward shop owner=guest leave",
    "wave 45 turn 1: replay guest crossed cmd:45:1 through real public COMMAND=opened",
    "wave 45: host slot move=34 guest slot move=53",
    "wave 45 turn 1: progress enemyHp=[201:0/79,177:0/69] playerHp=[493:1865/1865,384:1715/1715]",
    "wave 45: reward shop owner=host leave",
    "wave 45: guest chose Crossroads Leave through public UI",
    "wave 45: guest drove World Map via public UI=true and both consumed 1827868684056076:1:BIOME_PICK:9700053",
    "wave 46 turn 1: replay guest crossed cmd:46:1 through real public COMMAND=opened",
    "wave 46: BIOME 22->11",
    "wave 46: host slot move=85 guest slot move=85",
    "wave 46 turn 1: progress enemyHp=[67:0/91,22:0/90] playerHp=[493:1865/1865,384:1715/1715]",
    "wave 46: reward shop owner=host take-nonparty",
    "wave 47 turn 1: replay guest crossed cmd:47:1 through real public COMMAND=opened",
    "wave 47: host slot move=53 guest slot move=34",
    "wave 47 turn 1: progress enemyHp=[933:0/80,22:0/96] playerHp=[493:1865/1865,384:1715/1715]",
    "wave 47: reward shop owner=guest take-nonparty",
    "wave 48 turn 1: replay guest crossed cmd:48:1 through real public COMMAND=opened",
    "wave 48 turn 1: host SWITCH -> party[2]",
    "wave 48: host slot move=247 guest slot move=53",
    "wave 48 turn 1: progress enemyHp=[672:88/88,111:0/100] playerHp=[890:2065/2065,384:1715/1715]",
    "wave 48 turn 2: replay guest crossed cmd:48:2 through real public COMMAND=opened",
    "wave 48: reward shop owner=host take-nonparty",
    "wave 49 turn 1: replay guest crossed cmd:49:1 through real public COMMAND=opened",
    "wave 49: host slot move=34 guest slot move=53",
    "wave 49 turn 1: guest SWITCH -> party[3]",
    "wave 49 turn 1: progress enemyHp=[177:0/77,525:94/94] playerHp=[890:2065/2065,150:1725/1725]",
    "wave 49 turn 2: replay guest crossed cmd:49:2 through real public COMMAND=opened",
    "wave 49: reward shop owner=guest leave",
    "wave 50 turn 1: replay guest crossed cmd:50:1 through real public COMMAND=opened",
    "wave 50: TRAINER (random)",
    "wave 50: host slot move=85 guest slot move=247",
    "wave 50 turn 1: progress enemyHp=[430:0/129,178:0/121] playerHp=[890:2065/2065,150:1725/1725]",
    "wave 50 turn 2: replay guest crossed cmd:50:2 through real public COMMAND=opened",
    "wave 50: biome market owner=host leave",
    "wave 50: drained 1 milestone reward continuation(s)",
    "wave 50: guest chose Crossroads Leave through public UI",
    "wave 50: guest drove World Map via public UI=true and both consumed 1827868684056076:1:BIOME_PICK:9700059",
    "wave 51 turn 1: replay guest crossed cmd:51:1 through real public COMMAND=opened",
    "wave 51: BIOME 11->18",
    "wave 51: host slot move=34 guest slot move=34",
    "wave 51 turn 1: progress enemyHp=[2051:0/74,324:0/96] playerHp=[890:2065/2065,150:1725/1725]",
    "wave 51: reward shop owner=host leave",
    "wave 51: drained 1 milestone reward continuation(s)",
    "wave 52 turn 1: replay guest crossed cmd:52:1 through real public COMMAND=opened",
    "wave 52 turn 1: host SWITCH -> party[2]",
    "wave 52: host slot move=53 guest slot move=34",
    "wave 52 turn 1: progress enemyHp=[333:85/85,323:0/118] playerHp=[493:1865/1865,150:1725/1725]",
    "wave 52 turn 2: replay guest crossed cmd:52:2 through real public COMMAND=opened",
    "wave 52: reward shop owner=guest take-nonparty",
    "wave 53 turn 1: replay guest crossed cmd:53:1 through real public COMMAND=opened",
    "wave 53: host slot move=247 guest slot move=34",
    "wave 53 turn 1: progress enemyHp=[38:0/104,514:0/111] playerHp=[493:1863/1865,150:1725/1725]",
    "wave 53: reward shop owner=host leave",
    "wave 53: drained 1 milestone reward continuation(s)",
    "wave 54 turn 1: replay guest crossed cmd:54:1 through real public COMMAND=opened",
    "wave 54: host slot move=85 guest slot move=247",
    "wave 54 turn 1: progress enemyHp=[58:0/96,37:0/86] playerHp=[493:1863/1865,150:1725/1725]",
    "wave 54: reward shop owner=guest leave",
    "wave 55 turn 1: replay guest crossed cmd:55:1 through real public COMMAND=opened",
    "wave 55: TRAINER (fixed)",
    "wave 55: host slot move=53 guest slot move=34",
    "wave 55 turn 1: progress enemyHp=[655:0/125,941:0/112] playerHp=[493:1397/1865,150:1725/1725]",
    "wave 55 turn 2: replay guest crossed cmd:55:2 through real public COMMAND=opened",
    "wave 55: reward shop owner=host leave",
    "wave 55: guest chose Crossroads Leave through public UI",
    "wave 55: guest drove World Map via public UI=true and both consumed 1827868684056076:1:BIOME_PICK:9700065",
    "wave 56 turn 1: replay guest crossed cmd:56:1 through real public COMMAND=opened",
    "wave 56: BIOME 18->8",
    "wave 56: host slot move=247 guest slot move=85",
    "wave 56 turn 1: progress enemyHp=[342:0/102,689:0/114] playerHp=[493:1397/1865,150:1725/1725]",
    "wave 56: reward shop owner=host take-nonparty",
    "wave 57 turn 1: replay guest crossed cmd:57:1 through real public COMMAND=opened",
    "wave 57: host slot move=34 guest slot move=53",
    "wave 57 turn 1: progress enemyHp=[960:0/71,557:95/95] playerHp=[493:1397/1865,150:1723/1725]",
    "wave 57 turn 2: replay guest crossed cmd:57:2 through real public COMMAND=opened",
    "wave 57: reward shop owner=guest leave",
    "wave 58 turn 1: replay guest crossed cmd:58:1 through real public COMMAND=opened",
    "wave 58: host slot move=85 guest slot move=247",
    "wave 58 turn 1: progress enemyHp=[342:0/115,692:0/119] playerHp=[493:1397/1865,150:1723/1725]",
    "wave 58: reward shop owner=host leave",
    "wave 59 turn 1: replay guest crossed cmd:59:1 through real public COMMAND=opened",
    "wave 59: TRAINER (random)",
    "wave 59: host slot move=247 guest slot move=34",
    "wave 59 turn 1: guest SWITCH -> party[3]",
    "wave 59 turn 1: progress enemyHp=[119:0/138,370:114/114] playerHp=[493:1397/1865,384:1705/1715]",
    "wave 59 turn 2: replay guest crossed cmd:59:2 through real public COMMAND=opened",
    "wave 59: reward shop owner=guest leave",
    "wave 60 turn 1: replay guest crossed cmd:60:1 through real public COMMAND=opened",
    "wave 60: host slot move=247 guest slot move=85",
    "wave 60 turn 1: progress enemyHp=[748:0/139,121:0/112] playerHp=[493:1394/1865,384:1701/1715]",
    "wave 60: biome market owner=host leave",
    "wave 60: drained 1 milestone reward continuation(s)",
    "wave 60: guest chose Crossroads Leave through public UI",
    "wave 60: guest drove World Map via public UI=true and both consumed 1827868684056076:1:BIOME_PICK:9700071",
    "wave 61 turn 1: replay guest crossed cmd:61:1 through real public COMMAND=opened",
    "wave 61: BIOME 8->6",
    "wave 61: host slot move=34 guest slot move=53",
    "wave 61 turn 1: progress enemyHp=[230:0/128,73:0/135] playerHp=[493:1865/1865,384:1715/1715]",
    "wave 61: reward shop owner=host take-nonparty",
    "wave 62 turn 1: replay guest crossed cmd:62:1 through real public COMMAND=opened",
    "wave 62: TRAINER (fixed)",
    "wave 62: host slot move=85 guest slot move=247",
    "wave 62 turn 1: progress enemyHp=[211:0/122,342:0/120] playerHp=[493:1865/1865,384:1715/1715]",
    "wave 62 turn 2: replay guest crossed cmd:62:2 through real public COMMAND=opened",
    "wave 62 turn 2: guest SWITCH -> party[3]",
    "wave 62: reward shop owner=guest take-nonparty",
    "wave 63 turn 1: replay guest crossed cmd:63:1 through real public COMMAND=opened",
    "wave 63: host slot move=53 guest slot move=34",
    "wave 63 turn 1: progress enemyHp=[845:0/130,845:0/122] playerHp=[493:1865/1865,150:1725/1725]",
    "wave 63: reward shop owner=host leave",
    "wave 64 turn 1: replay guest crossed cmd:64:1 through real public COMMAND=opened",
    "wave 64: TRAINER (fixed)",
    "wave 64: host slot move=247 guest slot move=85",
    "wave 64 turn 1: progress enemyHp=[262:0/131,73:0/140] playerHp=[493:1749/1865,150:1618/1725]",
    "wave 64 turn 2: replay guest crossed cmd:64:2 through real public COMMAND=opened",
    "wave 64: reward shop owner=guest take-nonparty",
    "wave 65 turn 1: replay guest crossed cmd:65:1 through real public COMMAND=opened",
    "wave 65: host slot move=34 guest slot move=53",
    "wave 65 turn 1: progress enemyHp=[321:0/208,279:0/125] playerHp=[493:1517/1865,150:1404/1725]",
    "wave 65: reward shop owner=host leave",
    "wave 66 turn 1: replay guest crossed cmd:66:1 through real public COMMAND=opened",
    "wave 66: TRAINER (fixed)",
    "wave 66: host slot move=85 guest slot move=247",
    "wave 66 turn 1: progress enemyHp=[365:0/174,262:0/137] playerHp=[493:1517/1865,150:1404/1725]",
    "wave 66 turn 2: replay guest crossed cmd:66:2 through real public COMMAND=opened",
    "wave 66 turn 3: replay guest crossed cmd:66:3 through real public COMMAND=opened",
    "wave 66 turn 3: guest SWITCH -> party[3]",
    "wave 66 turn 4: replay guest crossed cmd:66:4 through real public COMMAND=opened",
    "wave 66: reward shop owner=guest leave",
    "wave 67 turn 1: replay guest crossed cmd:67:1 through real public COMMAND=opened",
    "wave 67 turn 1: host SWITCH -> party[2]",
    "wave 67: host slot move=53 guest slot move=34",
    "wave 67 turn 1: progress enemyHp=[199:151/151,129:0/90] playerHp=[890:2065/2065,384:1709/1715]",
    "wave 67 turn 2: replay guest crossed cmd:67:2 through real public COMMAND=opened",
    "wave 67: reward shop owner=host take-nonparty",
    "wave 68 turn 1: replay guest crossed cmd:68:1 through real public COMMAND=opened",
    "wave 68: host slot move=247 guest slot move=85",
    "wave 68 turn 1: progress enemyHp=[199:0/144,321:0/226] playerHp=[890:2065/2065,384:1709/1715]",
    "wave 68: reward shop owner=guest leave",
    "wave 69 turn 1: replay guest crossed cmd:69:1 through real public COMMAND=opened",
    "wave 69: TRAINER (random)",
    "wave 69 turn 1: host SWITCH -> party[2]",
    "wave 69: host slot move=34 guest slot move=53",
    "wave 69 turn 1: progress enemyHp=[689:131/131,419:0/142] playerHp=[493:1865/1865,384:1703/1715]",
    "wave 69 turn 2: replay guest crossed cmd:69:2 through real public COMMAND=opened",
    "wave 69: reward shop owner=host take-nonparty",
    "wave 70 turn 1: replay guest crossed cmd:70:1 through real public COMMAND=opened",
    "wave 70: host slot move=85 guest slot move=247",
    "wave 70 turn 1: progress enemyHp=[730:0/161,130:0/160] playerHp=[493:1865/1865,384:1703/1715]",
    "wave 70: biome market owner=guest leave",
    "wave 70: drained 1 milestone reward continuation(s)",
    "wave 70: host chose Crossroads Leave through public UI",
    "wave 70: host drove World Map via public UI=true and both consumed 1827868684056076:0:BIOME_PICK:9700082",
    "wave 71 turn 1: replay guest crossed cmd:71:1 through real public COMMAND=opened",
    "wave 71: BIOME 6->10",
    "wave 71: DIGEST mismatch @wave-start class=unexpected fields=[field] -> one-heal resync",
    "wave 71: host slot move=53 guest slot move=34",
    "wave 71 turn 1: progress enemyHp=[604:0/154,883:0/159] playerHp=[493:1865/1865,384:1715/1715]",
    "wave 71: reward shop owner=guest leave",
    "wave 71: drained 1 milestone reward continuation(s)",
    "wave 72 turn 1: replay guest crossed cmd:72:1 through real public COMMAND=opened",
    "wave 72: host slot move=247 guest slot move=85",
    "wave 72 turn 1: progress enemyHp=[847:0/136,847:0/133] playerHp=[493:1865/1865,384:1715/1715]",
    "wave 72: reward shop owner=host leave",
    "wave 73 turn 1: replay guest crossed cmd:73:1 through real public COMMAND=opened",
    "wave 73: host slot move=53 guest slot move=53",
    "wave 73 turn 1: progress enemyHp=[593:0/184,370:0/135] playerHp=[493:1865/1865,384:1715/1715]",
    "wave 73: reward shop owner=guest leave",
    "wave 74 turn 1: replay guest crossed cmd:74:1 through real public COMMAND=opened",
    "wave 74: host slot move=53 guest slot move=53",
    "wave 74 turn 1: progress enemyHp=[902:0/206,871:0/158] playerHp=[493:1865/1865,384:1715/1715]",
    "wave 74: reward shop owner=host leave",
    "wave 75 turn 1: replay guest crossed cmd:75:1 through real public COMMAND=opened",
    "wave 75: host slot move=53 guest slot move=247",
    "wave 75 turn 1: progress enemyHp=[91:134/134,902:0/202] playerHp=[493:1865/1865,384:1715/1715]",
    "wave 75 turn 2: replay guest crossed cmd:75:2 through real public COMMAND=opened",
    "wave 75: reward shop owner=guest leave",
    "wave 75: host chose Crossroads Leave through public UI",
    "wave 75: host drove World Map via public UI=true and both consumed 1827868684056076:0:BIOME_PICK:9700088",
    "wave 76 turn 1: replay guest crossed cmd:76:1 through real public COMMAND=opened",
    "wave 76: BIOME 10->13",
    "wave 76: host slot move=247 guest slot move=53",
    "wave 76 turn 1: progress enemyHp=[42:0/153,660:0/169] playerHp=[493:1865/1865,384:1715/1715]",
    "wave 76: reward shop owner=guest leave",
    "wave 77 turn 1: replay guest crossed cmd:77:1 through real public COMMAND=opened",
    "wave 77: host slot move=34 guest slot move=53",
    "wave 77 turn 1: progress enemyHp=[970:43/169,213:0/132] playerHp=[493:1858/1865,384:1706/1715]",
    "wave 77 turn 2: replay guest crossed cmd:77:2 through real public COMMAND=opened",
    "wave 77: reward shop owner=host leave",
    "wave 77: drained 1 milestone reward continuation(s)",
    "wave 78 turn 1: replay guest crossed cmd:78:1 through real public COMMAND=opened",
    "wave 78: host slot move=53 guest slot move=34",
    "wave 78 turn 1: progress enemyHp=[75:1/137,75:1/135] playerHp=[493:1858/1865,384:1706/1715]",
    "wave 78 turn 2: replay guest crossed cmd:78:2 through real public COMMAND=opened",
    "wave 78: reward shop owner=guest take-nonparty",
    "wave 79 turn 1: replay guest crossed cmd:79:1 through real public COMMAND=opened",
    "wave 79 turn 1: host SWITCH -> party[2]",
    "wave 79: host slot move=85 guest slot move=34",
    "wave 79 turn 1: progress enemyHp=[217:181/181,297:0/232] playerHp=[890:2065/2065,384:1700/1715]",
    "wave 79 turn 2: replay guest crossed cmd:79:2 through real public COMMAND=opened",
    "wave 79: reward shop owner=host leave",
    "wave 80 turn 1: replay guest crossed cmd:80:1 through real public COMMAND=opened",
    "wave 80: TRAINER (random)",
    "wave 80: host slot move=247 guest slot move=85",
    "wave 80 turn 1: progress enemyHp=[248:0/208,476:0/160] playerHp=[890:1997/2065,384:1593/1715]",
    "wave 80 turn 2: replay guest crossed cmd:80:2 through real public COMMAND=opened",
    "wave 80 turn 3: replay guest crossed cmd:80:3 through real public COMMAND=opened",
    "wave 80 turn 3: host SWITCH -> party[2]",
    "wave 80 turn 3: guest SWITCH -> party[3]",
    "wave 80 turn 4: replay guest crossed cmd:80:4 through real public COMMAND=opened",
    "wave 80 turn 4: guest SWITCH -> party[3]",
    "wave 80: biome market owner=guest leave",
    "wave 80: drained 1 milestone reward continuation(s)",
    "wave 80: host chose Crossroads Leave through public UI",
    "wave 80: host drove World Map via public UI=true and both consumed 1827868684056076:0:BIOME_PICK:9700094",
    "wave 81 turn 1: replay guest crossed cmd:81:1 through real public COMMAND=opened",
    "wave 81: BIOME 13->12",
    "wave 81: host slot move=85 guest slot move=247",
    "wave 81 turn 1: progress enemyHp=[2105:0/170,50:0/96] playerHp=[493:1749/1865,384:1608/1715]",
    "wave 81: reward shop owner=guest take-nonparty",
    "wave 82 turn 1: replay guest crossed cmd:82:1 through real public COMMAND=opened",
    "wave 82: host slot move=247 guest slot move=247",
    "wave 82 turn 1: progress enemyHp=[75:1/152,50:0/102] playerHp=[493:1633/1865,384:1501/1715]",
    "wave 82 turn 2: replay guest crossed cmd:82:2 through real public COMMAND=opened",
    "wave 82 turn 2: host SWITCH -> party[2]",
    "wave 82: reward shop owner=host leave",
    "wave 83 turn 1: replay guest crossed cmd:83:1 through real public COMMAND=opened",
    "wave 83: host slot move=34 guest slot move=34",
    "wave 83 turn 1: progress enemyHp=[529:0/155,323:0/199] playerHp=[890:2014/2065,384:1287/1715]",
    "wave 83: reward shop owner=guest leave",
    "wave 84 turn 1: replay guest crossed cmd:84:1 through real public COMMAND=opened",
    "wave 84: host slot move=34 guest slot move=247",
    "wave 84 turn 1: progress enemyHp=[51:0/126,1013:0/168] playerHp=[890:1973/2065,384:1180/1715]",
    "wave 84: reward shop owner=host leave",
    "wave 84: drained 1 milestone reward continuation(s)",
    "wave 85 turn 1: replay guest crossed cmd:85:1 through real public COMMAND=opened",
    "wave 85: host slot move=53 guest slot move=53",
    "wave 85 turn 1: progress enemyHp=[75:1/149,879:0/220] playerHp=[890:1925/2065,384:1073/1715]",
    "wave 85 turn 2: replay guest crossed cmd:85:2 through real public COMMAND=opened",
    "wave 85: reward shop owner=guest take-nonparty",
    "wave 85: host chose Crossroads Leave through public UI",
    "wave 85: host drove World Map via public UI=true and both consumed 1827868684056076:0:BIOME_PICK:9700100",
    "wave 86 turn 1: replay guest crossed cmd:86:1 through real public COMMAND=opened",
    "wave 86: BIOME 12->14",
    "wave 86: host slot move=247 guest slot move=247",
    "wave 86 turn 1: progress enemyHp=[844:0/172,452:0/178] playerHp=[890:1868/2065,384:859/1715]",
    "wave 86: reward shop owner=guest leave",
    "wave 87 turn 1: replay guest crossed cmd:87:1 through real public COMMAND=opened",
    "wave 87: TRAINER (random)",
    "wave 87: host slot move=53 guest slot move=34",
    "wave 87 turn 1: progress enemyHp=[337:1/221,141:0/180] playerHp=[890:1783/2065,384:724/1715]",
    "wave 87 turn 2: replay guest crossed cmd:87:2 through real public COMMAND=opened",
    "wave 87 turn 2: host SWITCH -> party[2]",
    "wave 87: reward shop owner=host take-nonparty",
    "wave 88 turn 1: replay guest crossed cmd:88:1 through real public COMMAND=opened",
    "wave 88: host slot move=53 guest slot move=85",
    "wave 88 turn 1: progress enemyHp=[844:0/177,954:0/189] playerHp=[493:1633/1865,384:510/1715]",
    "wave 88: reward shop owner=guest leave",
    "wave 89 turn 1: replay guest crossed cmd:89:1 through real public COMMAND=opened",
    "wave 89: host slot move=53 guest slot move=247",
    "wave 89 turn 1: guest SWITCH -> party[3]",
    "wave 89 turn 1: progress enemyHp=[445:0/228,553:202/202] playerHp=[493:1517/1865,150:1576/1725]",
    "wave 89 turn 2: replay guest crossed cmd:89:2 through real public COMMAND=opened",
    "wave 89 turn 2: guest SWITCH -> party[3]",
    "wave 89: reward shop owner=host leave",
    "wave 89: drained 1 milestone reward continuation(s)",
    "wave 90 turn 1: replay guest crossed cmd:90:1 through real public COMMAND=opened",
    "wave 90: host slot move=85 guest slot move=53",
    "wave 90 turn 1: progress enemyHp=[346:0/232,563:0/223] playerHp=[493:1401/1865,384:1608/1715]",
    "wave 90: biome market owner=guest leave",
    "wave 90: drained 1 milestone reward continuation(s)",
    "wave 90: host chose Crossroads Leave through public UI",
    "wave 90: host drove World Map via public UI=true and both consumed 1827868684056076:0:BIOME_PICK:9700106",
    "wave 91 turn 1: replay guest crossed cmd:91:1 through real public COMMAND=opened",
    "wave 91: BIOME 14->22",
    "wave 91: host slot move=53 guest slot move=34",
    "wave 91 turn 1: progress enemyHp=[606:0/184,201:0/173] playerHp=[493:1399/1865,384:1287/1715]",
    "wave 91: reward shop owner=guest take-nonparty",
    "wave 92 turn 1: replay guest crossed cmd:92:1 through real public COMMAND=opened",
    "wave 92: host slot move=247 guest slot move=85",
    "wave 92 turn 1: progress enemyHp=[201:0/163,202:0/352] playerHp=[493:1399/1865,384:935/1715]",
    "wave 92: reward shop owner=host take-nonparty",
    "wave 93 turn 1: replay guest crossed cmd:93:1 through real public COMMAND=opened",
    "wave 93: host slot move=85 guest slot move=53",
    "wave 93 turn 1: progress enemyHp=[325:0/180,97:0/231] playerHp=[493:1399/1865,384:935/1715]",
    "wave 93: reward shop owner=guest take-nonparty",
    "wave 94 turn 1: replay guest crossed cmd:94:1 through real public COMMAND=opened",
    "wave 94: host slot move=53 guest slot move=34",
    "wave 94 turn 1: progress enemyHp=[325:0/185,344:0/178] playerHp=[493:1399/1865,384:935/1715]",
    "wave 94: reward shop owner=host leave",
    "wave 95 turn 1: replay guest crossed cmd:95:1 through real public COMMAND=opened",
    "wave 95: TRAINER (fixed)",
    "wave 95: host slot move=53 guest slot move=34",
    "wave 95 turn 1: progress enemyHp=[655:0/223,941:0/207] playerHp=[493:933/1865,384:507/1715]",
    "wave 95 turn 2: replay guest crossed cmd:95:2 through real public COMMAND=opened",
    "wave 95 turn 2: host SWITCH -> party[2]",
    "wave 95 turn 3: replay guest crossed cmd:95:3 through real public COMMAND=opened",
    "wave 95: reward shop owner=guest leave",
    "wave 95: host chose Crossroads Leave through public UI",
    "wave 95: host drove World Map via public UI=true and both consumed 1827868684056076:0:BIOME_PICK:9700112",
    "wave 96 turn 1: replay guest crossed cmd:96:1 through real public COMMAND=opened",
    "wave 96: BIOME 22->11",
    "wave 96: host slot move=85 guest slot move=85",
    "wave 96 turn 1: guest SWITCH -> party[3]",
    "wave 96 turn 1: progress enemyHp=[18:0/206,673:262/262] playerHp=[890:2065/2065,150:1715/1725]",
    "wave 96 turn 2: replay guest crossed cmd:96:2 through real public COMMAND=opened",
    "wave 96 turn 2: guest SWITCH -> party[3]",
    "wave 96: reward shop owner=guest take-nonparty",
    "wave 97 turn 1: replay guest crossed cmd:97:1 through real public COMMAND=opened",
    "wave 97: host slot move=85 guest slot move=53",
    "wave 97 turn 1: progress enemyHp=[398:0/220,521:0/241] playerHp=[890:2065/2065,384:1715/1715]",
    "wave 97: reward shop owner=host take-nonparty",
    "wave 98 turn 1: replay guest crossed cmd:98:1 through real public COMMAND=opened",
    "wave 98: host slot move=85 guest slot move=34",
    "wave 98 turn 1: progress enemyHp=[334:0/209,521:0/235] playerHp=[890:2065/2065,384:1715/1715]",
    "wave 98: reward shop owner=guest take-nonparty",
    "wave 99 turn 1: replay guest crossed cmd:99:1 through real public COMMAND=opened",
    "wave 99: host slot move=34 guest slot move=34",
    "wave 99 turn 1: guest SWITCH -> party[3]",
    "wave 99 turn 1: progress enemyHp=[18:0/211,673:262/262] playerHp=[890:2065/2065,150:1712/1725]",
    "wave 99 turn 2: replay guest crossed cmd:99:2 through real public COMMAND=opened",
    "wave 99: reward shop owner=host leave",
    "wave 100 turn 1: replay guest crossed cmd:100:1 through real public COMMAND=opened",
    "wave 100 turn 1: host SWITCH -> party[2]",
    "wave 100: host slot move=53 guest slot move=53",
    "wave 100 turn 1: progress enemyHp=[521:278/287,18:0/272] playerHp=[493:1865/1865,150:1683/1725]",
    "wave 100 turn 2: replay guest crossed cmd:100:2 through real public COMMAND=opened",
    "wave 100: biome market owner=guest leave",
    "wave 100: drained 1 milestone reward continuation(s)",
    "wave 100: host chose Crossroads Leave through public UI",
    "wave 100: host drove World Map via public UI=true and both consumed 1827868684056076:0:BIOME_PICK:9700118",
    "wave 101 turn 1: replay guest crossed cmd:101:1 through real public COMMAND=opened",
    "wave 101: BIOME 11->18",
    "wave 101: host slot move=34 guest slot move=53",
    "wave 101 turn 1: progress enemyHp=[334:0/209,758:0/194] playerHp=[493:1865/1865,150:1725/1725]",
    "wave 101: reward shop owner=guest take-nonparty",
    "wave 102 turn 1: replay guest crossed cmd:102:1 through real public COMMAND=opened",
    "wave 102: host slot move=53 guest slot move=247",
    "wave 102 turn 1: progress enemyHp=[323:0/243,1004:0/185] playerHp=[493:1865/1865,150:1725/1725]",
    "wave 102: reward shop owner=host leave",
    "wave 102: drained 1 milestone reward continuation(s)",
    "wave 103 turn 1: replay guest crossed cmd:103:1 through real public COMMAND=opened",
    "wave 103: host slot move=247 guest slot move=34",
    "wave 103 turn 1: progress enemyHp=[38:0/212,325:0/205] playerHp=[493:1865/1865,150:1725/1725]",
    "wave 103: reward shop owner=guest take-nonparty",
    "wave 104 turn 1: replay guest crossed cmd:104:1 through real public COMMAND=opened",
    "wave 104: host slot move=85 guest slot move=34",
    "wave 104 turn 1: guest SWITCH -> party[3]",
    "wave 104 turn 1: progress enemyHp=[78:0/266,485:247/247] playerHp=[493:1865/1865,384:1689/1715]",
    "wave 104 turn 2: replay guest crossed cmd:104:2 through real public COMMAND=opened",
    "wave 104 turn 2: host SWITCH -> party[2]",
    "wave 104: reward shop owner=host leave",
    "wave 104: drained 1 milestone reward continuation(s)",
    "wave 105 turn 1: replay guest crossed cmd:105:1 through real public COMMAND=opened",
    "wave 105: host slot move=34 guest slot move=53",
    "wave 105 turn 1: progress enemyHp=[59:0/233,643:0/254] playerHp=[890:2065/2065,384:1689/1715]",
    "wave 105: reward shop owner=guest leave",
    "wave 105: drained 1 milestone reward continuation(s)",
    "wave 105: host chose Crossroads Leave through public UI",
    "wave 105: host drove World Map via public UI=true and both consumed 1827868684056076:0:BIOME_PICK:9700124",
    "wave 106 turn 1: replay guest crossed cmd:106:1 through real public COMMAND=opened",
    "wave 106: BIOME 18->8",
    "wave 106: host slot move=85 guest slot move=247",
    "wave 106 turn 1: progress enemyHp=[99:0/239,341:0/185] playerHp=[890:2065/2065,384:1689/1715]",
    "wave 106: reward shop owner=guest leave",
    "wave 107 turn 1: replay guest crossed cmd:107:1 through real public COMMAND=opened",
    "wave 107: host slot move=53 guest slot move=34",
    "wave 107 turn 1: progress enemyHp=[692:0/236,689:0/238] playerHp=[890:2065/2065,384:1689/1715]",
    "wave 107: reward shop owner=host leave",
    "wave 108 turn 1: replay guest crossed cmd:108:1 through real public COMMAND=opened",
    "wave 108: host slot move=247 guest slot move=85",
    "wave 108 turn 1: guest SWITCH -> party[3]",
    "wave 108 turn 1: progress enemyHp=[960:0/133,978:231/231] playerHp=[890:2065/2065,150:1725/1725]",
    "wave 108 turn 2: replay guest crossed cmd:108:2 through real public COMMAND=opened",
    "wave 108 turn 2: host SWITCH -> party[2]",
    "wave 108: reward shop owner=guest take-nonparty",
    "wave 109 turn 1: replay guest crossed cmd:109:1 through real public COMMAND=opened",
    "wave 109: host slot move=34 guest slot move=53",
    "wave 109 turn 1: progress enemyHp=[689:0/219,121:0/215] playerHp=[493:1865/1865,150:1725/1725]",
    "wave 109: reward shop owner=host take-nonparty",
    "wave 110 turn 1: replay guest crossed cmd:110:1 through real public COMMAND=opened",
    "wave 110: TRAINER (random)",
    "wave 110: host slot move=85 guest slot move=247",
    "wave 110 turn 1: progress enemyHp=[10754:0/318,131:0/357] playerHp=[493:1749/1865,150:1618/1725]",
    "wave 110 turn 2: replay guest crossed cmd:110:2 through real public COMMAND=opened",
    "wave 110 turn 2: guest SWITCH -> party[3]",
    "wave 110 turn 3: replay guest crossed cmd:110:3 through real public COMMAND=opened",
    "wave 110: biome market owner=guest leave",
    "wave 110: drained 1 milestone reward continuation(s)",
    "wave 110: host chose Crossroads Leave through public UI",
    "wave 110: host drove World Map via public UI=true and both consumed 1827868684056076:0:BIOME_PICK:9700130",
    "wave 111 turn 1: replay guest crossed cmd:111:1 through real public COMMAND=opened",
    "wave 111: BIOME 8->6",
    "wave 111: host slot move=53 guest slot move=34",
    "wave 111 turn 1: guest SWITCH -> party[3]",
    "wave 111 turn 1: progress enemyHp=[321:0/384,845:237/237] playerHp=[493:1865/1865,150:1725/1725]",
    "wave 111 turn 2: replay guest crossed cmd:111:2 through real public COMMAND=opened",
    "wave 111 turn 2: host SWITCH -> party[2]",
    "wave 111: reward shop owner=guest leave",
    "wave 112 turn 1: replay guest crossed cmd:112:1 through real public COMMAND=opened",
    "wave 112: TRAINER (fixed)",
    "wave 112: host slot move=247 guest slot move=85",
    "wave 112 turn 1: progress enemyHp=[336:0/262,224:0/265] playerHp=[890:2065/2065,150:1725/1725]",
    "wave 112 turn 2: replay guest crossed cmd:112:2 through real public COMMAND=opened",
    "wave 112 turn 2: guest SWITCH -> party[3]",
    "wave 112 turn 3: replay guest crossed cmd:112:3 through real public COMMAND=opened",
    "wave 112 turn 4: replay guest crossed cmd:112:4 through real public COMMAND=opened",
    "wave 112 turn 4: guest SWITCH -> party[3]",
    "wave 112: reward shop owner=host take-nonparty",
    "wave 113 turn 1: replay guest crossed cmd:113:1 through real public COMMAND=opened",
    "wave 113: host slot move=34 guest slot move=53",
    "wave 113 turn 1: progress enemyHp=[963:0/226,80:0/266] playerHp=[890:2065/2065,150:1725/1725]",
    "wave 113: reward shop owner=guest leave",
    "wave 114 turn 1: replay guest crossed cmd:114:1 through real public COMMAND=opened",
    "wave 114: TRAINER (fixed)",
    "wave 114: host slot move=85 guest slot move=247",
    "wave 114 turn 1: progress enemyHp=[365:0/336,10035:0/317] playerHp=[890:2065/2065,150:1725/1725]",
    "wave 114 turn 2: replay guest crossed cmd:114:2 through real public COMMAND=opened",
    "wave 114 turn 2: guest SWITCH -> party[3]",
    "wave 114 turn 3: replay guest crossed cmd:114:3 through real public COMMAND=opened",
    "wave 114 turn 3: host SWITCH -> party[2]",
    "wave 114 turn 4: replay guest crossed cmd:114:4 through real public COMMAND=opened",
    "wave 114: reward shop owner=host take-nonparty",
    "wave 115 turn 1: replay guest crossed cmd:115:1 through real public COMMAND=opened",
    "wave 115: TRAINER (fixed)",
    "wave 115: host slot move=53 guest slot move=34",
    "wave 115 turn 1: progress enemyHp=[279:0/262,321:0/464] playerHp=[493:1855/1865,384:1715/1715]",
    "wave 115 turn 2: replay guest crossed cmd:115:2 through real public COMMAND=opened",
    "wave 115 turn 3: replay guest crossed cmd:115:3 through real public COMMAND=opened",
    "wave 115: reward shop owner=guest leave",
    "wave 115: host chose Crossroads Leave through public UI",
    "wave 115: host drove World Map via public UI=true and both consumed 1827868684056076:0:BIOME_PICK:9700136",
    "wave 116 turn 1: replay guest crossed cmd:116:1 through real public COMMAND=opened",
    "wave 116: BIOME 6->10",
    "wave 116: host slot move=247 guest slot move=85",
    "wave 116 turn 1: progress enemyHp=[370:0/211,593:0/310] playerHp=[493:1855/1865,384:1715/1715]",
    "wave 116: reward shop owner=guest leave",
    "wave 117 turn 1: replay guest crossed cmd:117:1 through real public COMMAND=opened",
    "wave 117: host slot move=34 guest slot move=53",
    "wave 117 turn 1: progress enemyHp=[594:0/420,370:0/216] playerHp=[493:1855/1865,384:1715/1715]",
    "wave 117: reward shop owner=host leave",
    "wave 117: drained 1 milestone reward continuation(s)",
    "wave 118 turn 1: replay guest crossed cmd:118:1 through real public COMMAND=opened",
    "wave 118: host slot move=85 guest slot move=247",
    "wave 118 turn 1: progress enemyHp=[368:0/226,368:0/239] playerHp=[493:1855/1865,384:1715/1715]",
    "wave 118: reward shop owner=guest leave",
    "wave 118: drained 1 milestone reward continuation(s)",
    "wave 119 turn 1: replay guest crossed cmd:119:1 through real public COMMAND=opened",
    "wave 119: host slot move=53 guest slot move=34",
    "wave 119 turn 1: guest SWITCH -> party[3]",
    "wave 119 turn 1: progress enemyHp=[368:0/239,847:237/237] playerHp=[493:1855/1865,150:1687/1725]",
    "wave 119 turn 2: replay guest crossed cmd:119:2 through real public COMMAND=opened",
    "wave 119: reward shop owner=host leave",
    "wave 119: drained 1 milestone reward continuation(s)",
    "wave 120 turn 1: replay guest crossed cmd:120:1 through real public COMMAND=opened",
    "wave 120: host slot move=247 guest slot move=85",
    "wave 120 turn 1: progress enemyHp=[368:0/263,139:0/256] playerHp=[493:1855/1865,150:1687/1725]",
    "wave 120: biome market owner=guest leave",
    "wave 120: drained 1 milestone reward continuation(s)",
    "wave 120: host chose Crossroads Leave through public UI",
    "wave 120: host drove World Map via public UI=true and both consumed 1827868684056076:0:BIOME_PICK:9700142",
    "wave 121 turn 1: replay guest crossed cmd:121:1 through real public COMMAND=opened",
    "wave 121: BIOME 10->13",
    "wave 121 turn 1: host SWITCH -> party[2]",
    "wave 121: host slot move=34 guest slot move=53",
    "wave 121 turn 1: progress enemyHp=[660:271/271,526:1/301] playerHp=[890:2065/2065,150:1705/1725]",
    "wave 121 turn 2: replay guest crossed cmd:121:2 through real public COMMAND=opened",
    "wave 121 turn 2: host SWITCH -> party[2]",
    "wave 121 turn 3: replay guest crossed cmd:121:3 through real public COMMAND=opened",
    "wave 121 turn 3: host SWITCH -> party[2]",
    "wave 121: reward shop owner=guest leave",
    "wave 122 turn 1: replay guest crossed cmd:122:1 through real public COMMAND=opened",
    "wave 122: host slot move=85 guest slot move=247",
    "wave 122 turn 1: progress enemyHp=[1024:0/313,476:0/238] playerHp=[890:2065/2065,150:1705/1725]",
    "wave 122: reward shop owner=host leave",
    "wave 122: drained 1 milestone reward continuation(s)",
    "wave 123 turn 1: replay guest crossed cmd:123:1 through real public COMMAND=opened",
    "wave 123: host slot move=34 guest slot move=34",
    "wave 123 turn 1: progress enemyHp=[295:0/361,528:0/267] playerHp=[890:2065/2065,150:1705/1725]",
    "wave 123: reward shop owner=guest leave",
    "wave 124 turn 1: replay guest crossed cmd:124:1 through real public COMMAND=opened",
    "wave 124: host slot move=85 guest slot move=85",
    "wave 124 turn 1: guest SWITCH -> party[3]",
    "wave 124 turn 1: progress enemyHp=[295:0/401,480:265/265] playerHp=[890:2062/2065,384:1657/1715]",
    "wave 124 turn 2: replay guest crossed cmd:124:2 through real public COMMAND=opened",
    "wave 124: reward shop owner=host leave",
    "wave 124: drained 1 milestone reward continuation(s)",
    "wave 125 turn 1: replay guest crossed cmd:125:1 through real public COMMAND=opened",
    "wave 125: host slot move=34 guest slot move=53",
    "wave 125 turn 1: progress enemyHp=[660:0/286,715:0/292] playerHp=[890:2065/2065,384:1657/1715]",
    "wave 125: reward shop owner=guest leave",
    "wave 125: host chose Crossroads Leave through public UI",
    "wave 125: host drove World Map via public UI=true and both consumed 1827868684056076:0:BIOME_PICK:9700148",
    "wave 126 turn 1: replay guest crossed cmd:126:1 through real public COMMAND=opened",
    "wave 126: BIOME 13->12",
    "wave 126: TRAINER (random)",
    "wave 126: host slot move=34 guest slot move=53",
    "wave 126 turn 1: guest SWITCH -> party[3]",
    "wave 126 turn 1: progress enemyHp=[10845:0/371,424:294/313] playerHp=[890:1943/2065,150:1581/1725]",
    "wave 126 turn 2: replay guest crossed cmd:126:2 through real public COMMAND=opened",
    "wave 126: reward shop owner=guest take-nonparty",
    "wave 127 turn 1: replay guest crossed cmd:127:1 through real public COMMAND=opened",
    "wave 127: host slot move=53 guest slot move=34",
    "wave 127 turn 1: progress enemyHp=[112:0/361,529:0/266] playerHp=[890:1727/2065,150:1367/1725]",
    "wave 127: reward shop owner=host leave",
    "wave 128 turn 1: replay guest crossed cmd:128:1 through real public COMMAND=opened",
    "wave 128: host slot move=34 guest slot move=247",
    "wave 128 turn 1: progress enemyHp=[529:0/255,76:1/305] playerHp=[890:1643/2065,150:1192/1725]",
    "wave 128 turn 2: replay guest crossed cmd:128:2 through real public COMMAND=opened",
    "wave 128: reward shop owner=guest take-nonparty",
    "wave 129 turn 1: replay guest crossed cmd:129:1 through real public COMMAND=opened",
    "wave 129: TRAINER (random)",
    "wave 129: host slot move=34 guest slot move=53",
    "wave 129 turn 1: progress enemyHp=[612:0/318,612:0/318] playerHp=[890:1539/2065,150:978/1725]",
    "wave 129 turn 2: replay guest crossed cmd:129:2 through real public COMMAND=opened",
    "wave 129: reward shop owner=host take-nonparty",
    "wave 130 turn 1: replay guest crossed cmd:130:1 through real public COMMAND=opened",
    "wave 130: host slot move=53 guest slot move=34",
    "wave 130 turn 1: guest SWITCH -> party[3]",
    "wave 130 turn 1: progress enemyHp=[464:0/442,472:343/343] playerHp=[890:1332/2065,384:1608/1715]",
    "wave 130 turn 2: replay guest crossed cmd:130:2 through real public COMMAND=opened",
    "wave 130: biome market owner=guest leave",
    "wave 130: drained 1 milestone reward continuation(s)",
    "wave 130: host chose Crossroads Leave through public UI",
    "wave 130: host drove World Map via public UI=true and both consumed 1827868684056076:0:BIOME_PICK:9700154",
    "wave 131 turn 1: replay guest crossed cmd:131:1 through real public COMMAND=opened",
    "wave 131: BIOME 12->14",
    "wave 131: host slot move=247 guest slot move=34",
    "wave 131 turn 1: guest SWITCH -> party[3]",
    "wave 131 turn 1: progress enemyHp=[323:0/342,954:270/288] playerHp=[890:1953/2065,150:1618/1725]",
    "wave 131 turn 2: replay guest crossed cmd:131:2 through real public COMMAND=opened",
    "wave 131: reward shop owner=guest leave",
    "wave 132 turn 1: replay guest crossed cmd:132:1 through real public COMMAND=opened",
    "wave 132: host slot move=247 guest slot move=34",
    "wave 132 turn 1: progress enemyHp=[450:0/339,28:0/343] playerHp=[890:1842/2065,150:1404/1725]",
    "wave 132: reward shop owner=host leave",
    "wave 132: drained 1 milestone reward continuation(s)",
    "wave 133 turn 1: replay guest crossed cmd:133:1 through real public COMMAND=opened",
    "wave 133: host slot move=34 guest slot move=34",
    "wave 133 turn 1: progress enemyHp=[452:0/302,844:0/290] playerHp=[890:1743/2065,150:1297/1725]",
    "wave 133: reward shop owner=guest leave",
    "wave 134 turn 1: replay guest crossed cmd:134:1 through real public COMMAND=opened",
    "wave 134: host slot move=53 guest slot move=247",
    "wave 134 turn 1: progress enemyHp=[450:0/353,332:0/308] playerHp=[890:1627/2065,150:1190/1725]",
    "wave 134: reward shop owner=host leave",
    "wave 134: drained 1 milestone reward continuation(s)",
    "wave 135 turn 1: replay guest crossed cmd:135:1 through real public COMMAND=opened",
    "wave 135: host slot move=85 guest slot move=34",
    "wave 135 turn 1: guest SWITCH -> party[3]",
    "wave 135 turn 1: progress enemyHp=[947:0/276,844:293/293] playerHp=[890:1536/2065,384:1608/1715]",
    "wave 135 turn 2: replay guest crossed cmd:135:2 through real public COMMAND=opened",
    "wave 135: reward shop owner=guest take-nonparty",
    "wave 135: host chose Crossroads Leave through public UI",
    "wave 135: host drove World Map via public UI=true and both consumed 1827868684056076:0:BIOME_PICK:9700160",
    "wave 136 turn 1: replay guest crossed cmd:136:1 through real public COMMAND=opened",
    "wave 136: BIOME 14->22",
    "wave 136: DIGEST mismatch @wave-start class=unexpected fields=[field] -> one-heal resync",
    "wave 136: host slot move=247 guest slot move=85",
    "wave 136 turn 1: progress enemyHp=[202:0/531,326:0/335] playerHp=[890:863/2065,384:1501/1715]",
    "wave 136: reward shop owner=guest leave",
    "wave 136: drained 1 milestone reward continuation(s)",
    "wave 137 turn 1: replay guest crossed cmd:137:1 through real public COMMAND=opened",
    "wave 137: host slot move=34 guest slot move=53",
    "wave 137 turn 1: progress enemyHp=[561:0/290,178:0/340] playerHp=[890:897/2065,384:1501/1715]",
    "wave 137: reward shop owner=host leave",
    "wave 137: drained 1 milestone reward continuation(s)",
    "wave 138 turn 1: replay guest crossed cmd:138:1 through real public COMMAND=opened",
    "wave 138: host slot move=85 guest slot move=247",
    "wave 138 turn 1: progress enemyHp=[606:0/305,202:0/613] playerHp=[890:0/2065,384:1073/1715]"
  ]
}