{
  "invariant": "no-park",
  "seed": 20470485,
  "wave": 200,
  "detail": "wave crossing threw (strand/stall): client phase drive to guest command 200:1 HANG on CoopReplayTurnPhase; queued=[CommandPhase,TurnStartPhase], ui=MESSAGE",
  "replay": "SOAK_SEED=20470485",
  "phaseState": {
    "hostPhase": "CommandPhase",
    "guestPhase": "CoopReplayTurnPhase",
    "hostInteractionCounter": 231,
    "guestInteractionCounter": 231,
    "hostWave": 200,
    "hostBattleType": 0,
    "hostPlayerField": [
      {
        "id": 2352411182,
        "battlerIndex": -1,
        "speciesId": 890,
        "speciesName": "Eternatus",
        "hp": 2065,
        "maxHp": 2065,
        "fainted": false,
        "status": 0,
        "statStages": [
          0,
          0,
          0,
          0,
          0,
          0,
          0
        ],
        "moves": [
          {
            "id": 34,
            "ppUsed": 1
          },
          {
            "id": 247,
            "ppUsed": 0
          },
          {
            "id": 53,
            "ppUsed": 0
          },
          {
            "id": 85,
            "ppUsed": 0
          }
        ],
        "coopOwner": "host"
      }
    ],
    "hostEnemyField": [
      {
        "id": 128471403,
        "battlerIndex": -1,
        "speciesId": 890,
        "speciesName": "Eternatus",
        "hp": 832,
        "maxHp": 832,
        "fainted": false,
        "status": 0,
        "statStages": [
          0,
          0,
          2,
          0,
          0,
          0,
          0
        ],
        "moves": [
          {
            "id": 795,
            "ppUsed": 0
          },
          {
            "id": 188,
            "ppUsed": 0
          },
          {
            "id": 53,
            "ppUsed": 0
          },
          {
            "id": 322,
            "ppUsed": 0
          }
        ]
      }
    ],
    "guestPlayerField": [
      {
        "id": 2352411182,
        "battlerIndex": 0,
        "speciesId": 890,
        "speciesName": "Eternatus",
        "hp": 2065,
        "maxHp": 2065,
        "fainted": false,
        "status": 0,
        "statStages": [
          0,
          0,
          0,
          0,
          0,
          0,
          0
        ],
        "moves": [
          {
            "id": 34,
            "ppUsed": 1
          },
          {
            "id": 247,
            "ppUsed": 0
          },
          {
            "id": 53,
            "ppUsed": 0
          },
          {
            "id": 85,
            "ppUsed": 0
          }
        ],
        "coopOwner": "host"
      }
    ],
    "guestEnemyField": [
      {
        "id": 128471403,
        "battlerIndex": 2,
        "speciesId": 890,
        "speciesName": "Eternatus",
        "hp": 832,
        "maxHp": 832,
        "fainted": false,
        "status": 0,
        "statStages": [
          0,
          0,
          2,
          0,
          0,
          0,
          0
        ],
        "moves": [
          {
            "id": 795,
            "ppUsed": 0
          },
          {
            "id": 188,
            "ppUsed": 0
          },
          {
            "id": 53,
            "ppUsed": 0
          },
          {
            "id": 322,
            "ppUsed": 0
          }
        ]
      }
    ]
  },
  "actionScript": [
    "SKIP mysteryEncounterDisabledV1",
    "content seed=coop-soak-20470485 preseeded=false",
    "wave 1 turn 1: replay guest crossed cmd:1:1 through real public COMMAND=opened",
    "wave 1: host slot move=85 guest slot move=53",
    "wave 1 turn 1: guest SWITCH -> party[3]",
    "wave 1 turn 1: progress enemyHp=[16:0/14,263:14/14] playerHp=[890:2065/2065,150:1723/1725]",
    "wave 1 turn 2: replay guest crossed cmd:1:2 through real public COMMAND=opened",
    "wave 1: reward shop owner=host leave",
    "wave 2 turn 1: replay guest crossed cmd:2:1 through real public COMMAND=opened",
    "wave 2: host slot move=247 guest slot move=85",
    "wave 2 turn 1: progress enemyHp=[546:0/16,396:14/14] playerHp=[890:2065/2065,150:1723/1725]",
    "wave 2 turn 2: replay guest crossed cmd:2:2 through real public COMMAND=opened",
    "wave 2 turn 2: guest SWITCH -> party[3]",
    "wave 2: reward shop owner=guest take-nonparty",
    "wave 3 turn 1: replay guest crossed cmd:3:1 through real public COMMAND=opened",
    "wave 3: host slot move=34 guest slot move=85",
    "wave 3 turn 1: progress enemyHp=[273:0/16,300:11/17] playerHp=[890:2065/2065,384:1714/1715]",
    "wave 3 turn 2: replay guest crossed cmd:3:2 through real public COMMAND=opened",
    "wave 3 turn 2: host SWITCH -> party[2]",
    "wave 3: reward shop owner=host leave",
    "wave 4 turn 1: replay guest crossed cmd:4:1 through real public COMMAND=opened",
    "wave 4: host slot move=85 guest slot move=53",
    "wave 4 turn 1: progress enemyHp=[664:0/16,21:18/18] playerHp=[493:1865/1865,384:1714/1715]",
    "wave 4 turn 2: replay guest crossed cmd:4:2 through real public COMMAND=opened",
    "wave 4 turn 2: guest SWITCH -> party[3]",
    "wave 4: reward shop owner=guest take-nonparty",
    "wave 5 turn 1: replay guest crossed cmd:5:1 through real public COMMAND=opened",
    "wave 5: TRAINER (fixed)",
    "wave 5: host slot move=53 guest slot move=34",
    "wave 5 turn 1: progress enemyHp=[506:0/18,10:0/18] playerHp=[493:1865/1865,150:1725/1725]",
    "wave 5: reward shop owner=host leave",
    "wave 5: guest chose Crossroads Leave through public UI",
    "wave 5: guest drove World Map via public UI=true and both consumed 1827868689840899:1:BIOME_PICK:9700005",
    "wave 6 turn 1: replay guest crossed cmd:6:1 through real public COMMAND=opened",
    "wave 6: BIOME 0->1",
    "wave 6: host slot move=85 guest slot move=34",
    "wave 6 turn 1: progress enemyHp=[915:0/19,734:0/21] playerHp=[493:1865/1865,150:1725/1725]",
    "wave 6: reward shop owner=host leave",
    "wave 7 turn 1: replay guest crossed cmd:7:1 through real public COMMAND=opened",
    "wave 7: host slot move=34 guest slot move=53",
    "wave 7 turn 1: progress enemyHp=[734:0/23,819:0/26] playerHp=[493:1865/1865,150:1725/1725]",
    "wave 7: reward shop owner=guest take-nonparty",
    "wave 8 turn 1: replay guest crossed cmd:8:1 through real public COMMAND=opened",
    "wave 8: TRAINER (fixed)",
    "wave 8: host slot move=85 guest slot move=34",
    "wave 8 turn 1: guest SWITCH -> party[3]",
    "wave 8 turn 1: progress enemyHp=[155:0/25,940:22/22] playerHp=[493:1865/1865,384:1709/1715]",
    "wave 8 turn 2: replay guest crossed cmd:8:2 through real public COMMAND=opened",
    "wave 8: reward shop owner=host leave",
    "wave 9 turn 1: replay guest crossed cmd:9:1 through real public COMMAND=opened",
    "wave 9: host slot move=85 guest slot move=34",
    "wave 9 turn 1: progress enemyHp=[21:0/24,819:0/26] playerHp=[493:1862/1865,384:1709/1715]",
    "wave 9: reward shop owner=guest take-nonparty",
    "wave 10 turn 1: replay guest crossed cmd:10:1 through real public COMMAND=opened",
    "wave 10: host slot move=85 guest slot move=85",
    "wave 10 turn 1: guest SWITCH -> party[3]",
    "wave 10 turn 1: progress enemyHp=[399:0/26,950:26/26] playerHp=[493:1390/1865,150:1725/1725]",
    "wave 10 turn 2: replay guest crossed cmd:10:2 through real public COMMAND=opened",
    "wave 10: biome market owner=host leave",
    "wave 10: drained 1 milestone reward continuation(s)",
    "wave 10: guest chose Crossroads Leave through public UI",
    "wave 10: guest drove World Map via public UI=true and both consumed 1827868689840899:1:BIOME_PICK:9700011",
    "wave 11 turn 1: replay guest crossed cmd:11:1 through real public COMMAND=opened",
    "wave 11: BIOME 1->2",
    "wave 11: host slot move=34 guest slot move=53",
    "wave 11 turn 1: progress enemyHp=[268:0/28,268:0/28] playerHp=[493:1865/1865,150:1725/1725]",
    "wave 11: reward shop owner=host take-nonparty",
    "wave 12 turn 1: replay guest crossed cmd:12:1 through real public COMMAND=opened",
    "wave 12: TRAINER (random)",
    "wave 12: host slot move=247 guest slot move=247",
    "wave 12 turn 1: guest SWITCH -> party[3]",
    "wave 12 turn 1: progress enemyHp=[302:0/31,96:31/31] playerHp=[493:1865/1865,384:1711/1715]",
    "wave 12 turn 2: replay guest crossed cmd:12:2 through real public COMMAND=opened",
    "wave 12: reward shop owner=guest take-nonparty",
    "wave 13 turn 1: replay guest crossed cmd:13:1 through real public COMMAND=opened",
    "wave 13: host slot move=53 guest slot move=34",
    "wave 13 turn 1: progress enemyHp=[285:0/30,543:0/27] playerHp=[493:1865/1865,384:1711/1715]",
    "wave 13: reward shop owner=host take-nonparty",
    "wave 14 turn 1: replay guest crossed cmd:14:1 through real public COMMAND=opened",
    "wave 14: host slot move=247 guest slot move=85",
    "wave 14 turn 1: progress enemyHp=[548:0/27,273:0/28] playerHp=[493:1864/1865,384:1710/1715]",
    "wave 14: reward shop owner=guest take-nonparty",
    "wave 15 turn 1: replay guest crossed cmd:15:1 through real public COMMAND=opened",
    "wave 15 turn 1: host SWITCH -> party[2]",
    "wave 15: host slot move=34 guest slot move=53",
    "wave 15 turn 1: progress enemyHp=[548:32/32,543:0/27] playerHp=[890:2065/2065,384:1710/1715]",
    "wave 15 turn 2: replay guest crossed cmd:15:2 through real public COMMAND=opened",
    "wave 15 turn 2: host SWITCH -> party[2]",
    "wave 15: reward shop owner=host leave",
    "wave 15: guest chose Crossroads Leave through public UI",
    "wave 15: guest drove World Map via public UI=true and both consumed 1827868689840899:1:BIOME_PICK:9700017",
    "wave 16 turn 1: replay guest crossed cmd:16:1 through real public COMMAND=opened",
    "wave 16: BIOME 2->3",
    "wave 16: host slot move=85 guest slot move=247",
    "wave 16 turn 1: progress enemyHp=[37:0/30,37:0/30] playerHp=[493:1749/1865,384:1708/1715]",
    "wave 16: reward shop owner=host leave",
    "wave 17 turn 1: replay guest crossed cmd:17:1 through real public COMMAND=opened",
    "wave 17: host slot move=53 guest slot move=34",
    "wave 17 turn 1: progress enemyHp=[46:0/32,919:0/31] playerHp=[493:1865/1865,384:1708/1715]",
    "wave 17: reward shop owner=guest leave",
    "wave 18 turn 1: replay guest crossed cmd:18:1 through real public COMMAND=opened",
    "wave 18: host slot move=247 guest slot move=85",
    "wave 18 turn 1: progress enemyHp=[37:0/32,167:0/33] playerHp=[493:1865/1865,384:1707/1715]",
    "wave 18: reward shop owner=host leave",
    "wave 19 turn 1: replay guest crossed cmd:19:1 through real public COMMAND=opened",
    "wave 19: host slot move=34 guest slot move=53",
    "wave 19 turn 1: progress enemyHp=[665:0/36,753:0/35] playerHp=[493:1865/1865,384:1707/1715]",
    "wave 19: reward shop owner=guest leave",
    "wave 20 turn 1: replay guest crossed cmd:20:1 through real public COMMAND=opened",
    "wave 20: host slot move=85 guest slot move=247",
    "wave 20 turn 1: progress enemyHp=[753:0/37,919:0/37] playerHp=[493:1865/1865,384:1707/1715]",
    "wave 20: biome market owner=host leave",
    "wave 20: drained 1 milestone reward continuation(s)",
    "wave 20: guest chose Crossroads Leave through public UI",
    "wave 20: guest drove World Map via public UI=true and both consumed 1827868689840899:1:BIOME_PICK:9700023",
    "wave 21 turn 1: replay guest crossed cmd:21:1 through real public COMMAND=opened",
    "wave 21: BIOME 3->5",
    "wave 21: host slot move=53 guest slot move=34",
    "wave 21 turn 1: guest SWITCH -> party[3]",
    "wave 21 turn 1: progress enemyHp=[15:0/43,269:49/49] playerHp=[493:1865/1865,150:1723/1725]",
    "wave 21 turn 2: replay guest crossed cmd:21:2 through real public COMMAND=opened",
    "wave 21: reward shop owner=host leave",
    "wave 22 turn 1: replay guest crossed cmd:22:1 through real public COMMAND=opened",
    "wave 22: host slot move=247 guest slot move=85",
    "wave 22 turn 1: guest SWITCH -> party[3]",
    "wave 22 turn 1: progress enemyHp=[204:40/40,285:45/45] playerHp=[493:1865/1865,384:1715/1715]",
    "wave 22 turn 2: replay guest crossed cmd:22:2 through real public COMMAND=opened",
    "wave 22 turn 3: replay guest crossed cmd:22:3 through real public COMMAND=opened",
    "wave 22 turn 4: replay guest crossed cmd:22:4 through real public COMMAND=opened",
    "wave 22: reward shop owner=guest leave",
    "wave 23 turn 1: replay guest crossed cmd:23:1 through real public COMMAND=opened",
    "wave 23: host slot move=34 guest slot move=53",
    "wave 23 turn 1: progress enemyHp=[167:0/41,543:0/38] playerHp=[493:1865/1865,384:1715/1715]",
    "wave 23: reward shop owner=host leave",
    "wave 24 turn 1: replay guest crossed cmd:24:1 through real public COMMAND=opened",
    "wave 24: host slot move=34 guest slot move=247",
    "wave 24 turn 1: progress enemyHp=[216:0/50,274:0/50] playerHp=[493:1865/1865,384:1715/1715]",
    "wave 24: reward shop owner=guest leave",
    "wave 25 turn 1: replay guest crossed cmd:25:1 through real public COMMAND=opened",
    "wave 25: TRAINER (fixed)",
    "wave 25: host slot move=247 guest slot move=247",
    "wave 25 turn 1: guest SWITCH -> party[3]",
    "wave 25 turn 1: progress enemyHp=[156:0/56,940:47/47] playerHp=[493:1865/1865,150:1719/1725]",
    "wave 25 turn 2: replay guest crossed cmd:25:2 through real public COMMAND=opened",
    "wave 25 turn 2: host SWITCH -> party[2]",
    "wave 25 turn 3: replay guest crossed cmd:25:3 through real public COMMAND=opened",
    "wave 25: reward shop owner=host leave",
    "wave 25: guest chose Crossroads Leave through public UI",
    "wave 25: guest drove World Map via public UI=true and both consumed 1827868689840899:1:BIOME_PICK:9700029",
    "wave 26 turn 1: replay guest crossed cmd:26:1 through real public COMMAND=opened",
    "wave 26: BIOME 5->27",
    "wave 26: host slot move=53 guest slot move=85",
    "wave 26 turn 1: guest SWITCH -> party[3]",
    "wave 26 turn 1: progress enemyHp=[732:0/53,285:55/55] playerHp=[890:2065/2065,384:1715/1715]",
    "wave 26 turn 2: replay guest crossed cmd:26:2 through real public COMMAND=opened",
    "wave 26 turn 2: host SWITCH -> party[2]",
    "wave 26: reward shop owner=host take-nonparty",
    "wave 27 turn 1: replay guest crossed cmd:27:1 through real public COMMAND=opened",
    "wave 27: host slot move=53 guest slot move=85",
    "wave 27 turn 1: progress enemyHp=[190:0/53,732:0/55] playerHp=[493:1865/1865,384:1715/1715]",
    "wave 27: reward shop owner=guest take-nonparty",
    "wave 28 turn 1: replay guest crossed cmd:28:1 through real public COMMAND=opened",
    "wave 28: host slot move=85 guest slot move=247",
    "wave 28 turn 1: progress enemyHp=[509:0/48,285:0/62] playerHp=[493:1865/1865,384:1715/1715]",
    "wave 28: reward shop owner=host leave",
    "wave 29 turn 1: replay guest crossed cmd:29:1 through real public COMMAND=opened",
    "wave 29: host slot move=53 guest slot move=34",
    "wave 29 turn 1: progress enemyHp=[522:0/58,285:0/62] playerHp=[493:1865/1865,384:1715/1715]",
    "wave 29: reward shop owner=guest take-nonparty",
    "wave 30 turn 1: replay guest crossed cmd:30:1 through real public COMMAND=opened",
    "wave 30: TRAINER (random)",
    "wave 30: host slot move=247 guest slot move=85",
    "wave 30 turn 1: guest SWITCH -> party[3]",
    "wave 30 turn 1: progress enemyHp=[69:0/64,188:60/60] playerHp=[493:1865/1865,150:1720/1725]",
    "wave 30 turn 2: replay guest crossed cmd:30:2 through real public COMMAND=opened",
    "wave 30 turn 2: host SWITCH -> party[2]",
    "wave 30 turn 3: replay guest crossed cmd:30:3 through real public COMMAND=opened",
    "wave 30 turn 3: host SWITCH -> party[2]",
    "wave 30: biome market owner=host leave",
    "wave 30: drained 1 milestone reward continuation(s)",
    "wave 30: guest chose Crossroads Leave through public UI",
    "wave 30: guest drove World Map via public UI=true and both consumed 1827868689840899:1:BIOME_PICK:9700035",
    "wave 31 turn 1: replay guest crossed cmd:31:1 through real public COMMAND=opened",
    "wave 31: BIOME 27->29",
    "wave 31: host slot move=247 guest slot move=247",
    "wave 31 turn 1: progress enemyHp=[622:0/59,562:0/47] playerHp=[493:1865/1865,150:1725/1725]",
    "wave 31: reward shop owner=host take-nonparty",
    "wave 32 turn 1: replay guest crossed cmd:32:1 through real public COMMAND=opened",
    "wave 32: host slot move=53 guest slot move=247",
    "wave 32 turn 1: progress enemyHp=[622:0/64,343:0/53] playerHp=[493:1865/1865,150:1725/1725]",
    "wave 32: reward shop owner=guest leave",
    "wave 33 turn 1: replay guest crossed cmd:33:1 through real public COMMAND=opened",
    "wave 33: host slot move=53 guest slot move=34",
    "wave 33 turn 1: progress enemyHp=[433:0/58,433:0/58] playerHp=[493:1865/1865,150:1725/1725]",
    "wave 33: reward shop owner=host leave",
    "wave 33: drained 1 milestone reward continuation(s)",
    "wave 34 turn 1: replay guest crossed cmd:34:1 through real public COMMAND=opened",
    "wave 34: host slot move=247 guest slot move=247",
    "wave 34 turn 1: progress enemyHp=[562:0/57,679:0/56] playerHp=[493:1865/1865,150:1725/1725]",
    "wave 34: reward shop owner=guest take-nonparty",
    "wave 35 turn 1: replay guest crossed cmd:35:1 through real public COMMAND=opened",
    "wave 35: TRAINER (fixed)",
    "wave 35: host slot move=85 guest slot move=34",
    "wave 35 turn 1: progress enemyHp=[425:0/87,431:0/64] playerHp=[493:1863/1865,150:1723/1725]",
    "wave 35: reward shop owner=host take-nonparty",
    "wave 35: guest chose Crossroads Leave through public UI",
    "wave 35: guest drove World Map via public UI=true and both consumed 1827868689840899:1:BIOME_PICK:9700041",
    "wave 36 turn 1: replay guest crossed cmd:36:1 through real public COMMAND=opened",
    "wave 36: BIOME 29->14",
    "wave 36: host slot move=34 guest slot move=247",
    "wave 36 turn 1: progress enemyHp=[451:0/70,556:0/77] playerHp=[493:1747/1865,150:1616/1725]",
    "wave 36: reward shop owner=host leave",
    "wave 36: drained 1 milestone reward continuation(s)",
    "wave 37 turn 1: replay guest crossed cmd:37:1 through real public COMMAND=opened",
    "wave 37: host slot move=34 guest slot move=34",
    "wave 37 turn 1: progress enemyHp=[552:0/67,329:0/60] playerHp=[493:1631/1865,150:1509/1725]",
    "wave 37: reward shop owner=guest leave",
    "wave 37: drained 1 milestone reward continuation(s)",
    "wave 38 turn 1: replay guest crossed cmd:38:1 through real public COMMAND=opened",
    "wave 38: TRAINER (random)",
    "wave 38: host slot move=34 guest slot move=85",
    "wave 38 turn 1: progress enemyHp=[507:0/80,303:0/83] playerHp=[493:1515/1865,150:1402/1725]",
    "wave 38: reward shop owner=host take-nonparty",
    "wave 39 turn 1: replay guest crossed cmd:39:1 through real public COMMAND=opened",
    "wave 39 turn 1: host SWITCH -> party[2]",
    "wave 39: host slot move=247 guest slot move=53",
    "wave 39 turn 1: progress enemyHp=[329:67/67,345:0/77] playerHp=[890:2065/2065,150:1289/1725]",
    "wave 39 turn 2: replay guest crossed cmd:39:2 through real public COMMAND=opened",
    "wave 39 turn 2: host SWITCH -> party[2]",
    "wave 39: reward shop owner=guest leave",
    "wave 39: drained 1 milestone reward continuation(s)",
    "wave 40 turn 1: replay guest crossed cmd:40:1 through real public COMMAND=opened",
    "wave 40: host slot move=85 guest slot move=247",
    "wave 40 turn 1: progress enemyHp=[348:0/91,556:0/85] playerHp=[493:1749/1865,150:1182/1725]",
    "wave 40: biome market owner=host leave",
    "wave 40: drained 1 milestone reward continuation(s)",
    "wave 40: guest chose Crossroads Leave through public UI",
    "wave 40: guest drove World Map via public UI=true and both consumed 1827868689840899:1:BIOME_PICK:9700047",
    "wave 41 turn 1: replay guest crossed cmd:41:1 through real public COMMAND=opened",
    "wave 41: BIOME 14->22",
    "wave 41: host slot move=53 guest slot move=34",
    "wave 41 turn 1: progress enemyHp=[325:0/77,605:0/83] playerHp=[493:1865/1865,150:1725/1725]",
    "wave 41: reward shop owner=host leave",
    "wave 42 turn 1: replay guest crossed cmd:42:1 through real public COMMAND=opened",
    "wave 42: host slot move=247 guest slot move=85",
    "wave 42 turn 1: guest SWITCH -> party[3]",
    "wave 42 turn 1: progress enemyHp=[605:0/75,575:78/78] playerHp=[493:1865/1865,384:1710/1715]",
    "wave 42 turn 2: replay guest crossed cmd:42:2 through real public COMMAND=opened",
    "wave 42: reward shop owner=guest leave",
    "wave 42: drained 1 milestone reward continuation(s)",
    "wave 43 turn 1: replay guest crossed cmd:43:1 through real public COMMAND=opened",
    "wave 43: host slot move=34 guest slot move=53",
    "wave 43 turn 1: progress enemyHp=[64:0/69,177:0/71] playerHp=[493:1865/1865,384:1710/1715]",
    "wave 43: reward shop owner=host leave",
    "wave 44 turn 1: replay guest crossed cmd:44:1 through real public COMMAND=opened",
    "wave 44: host slot move=85 guest slot move=247",
    "wave 44 turn 1: progress enemyHp=[561:0/81,202:0/158] playerHp=[493:1865/1865,384:1552/1715]",
    "wave 44: reward shop owner=guest leave",
    "wave 45 turn 1: replay guest crossed cmd:45:1 through real public COMMAND=opened",
    "wave 45: host slot move=53 guest slot move=34",
    "wave 45 turn 1: progress enemyHp=[64:0/73,325:0/80] playerHp=[493:1865/1865,384:1552/1715]",
    "wave 45: reward shop owner=host leave",
    "wave 45: guest chose Crossroads Leave through public UI",
    "wave 45: guest drove World Map via public UI=true and both consumed 1827868689840899:1:BIOME_PICK:9700053",
    "wave 46 turn 1: replay guest crossed cmd:46:1 through real public COMMAND=opened",
    "wave 46: BIOME 22->11",
    "wave 46: host slot move=85 guest slot move=85",
    "wave 46 turn 1: progress enemyHp=[22:88/88,17:0/84] playerHp=[493:1865/1865,384:1552/1715]",
    "wave 46 turn 2: replay guest crossed cmd:46:2 through real public COMMAND=opened",
    "wave 46 turn 2: guest SWITCH -> party[3]",
    "wave 46: reward shop owner=host take-nonparty",
    "wave 47 turn 1: replay guest crossed cmd:47:1 through real public COMMAND=opened",
    "wave 47: host slot move=85 guest slot move=53",
    "wave 47 turn 1: guest SWITCH -> party[3]",
    "wave 47 turn 1: progress enemyHp=[397:0/82,17:89/89] playerHp=[493:1865/1865,384:1715/1715]",
    "wave 47 turn 2: replay guest crossed cmd:47:2 through real public COMMAND=opened",
    "wave 47 turn 2: guest SWITCH -> party[3]",
    "wave 47: reward shop owner=guest take-nonparty",
    "wave 48 turn 1: replay guest crossed cmd:48:1 through real public COMMAND=opened",
    "wave 48: host slot move=85 guest slot move=247",
    "wave 48 turn 1: guest SWITCH -> party[3]",
    "wave 48 turn 1: progress enemyHp=[955:0/69,662:86/86] playerHp=[493:1865/1865,384:1715/1715]",
    "wave 48 turn 2: replay guest crossed cmd:48:2 through real public COMMAND=opened",
    "wave 48: reward shop owner=host take-nonparty",
    "wave 49 turn 1: replay guest crossed cmd:49:1 through real public COMMAND=opened",
    "wave 49: TRAINER (random)",
    "wave 49: host slot move=53 guest slot move=34",
    "wave 49 turn 1: progress enemyHp=[908:0/97,10191:0/79] playerHp=[493:1865/1865,384:1712/1715]",
    "wave 49 turn 2: replay guest crossed cmd:49:2 through real public COMMAND=opened",
    "wave 49: reward shop owner=guest leave",
    "wave 50 turn 1: replay guest crossed cmd:50:1 through real public COMMAND=opened",
    "wave 50: host slot move=247 guest slot move=85",
    "wave 50 turn 1: progress enemyHp=[823:0/130,6628:0/145] playerHp=[493:1865/1865,384:1712/1715]",
    "wave 50: biome market owner=host leave",
    "wave 50: drained 1 milestone reward continuation(s)",
    "wave 50: guest chose Crossroads Leave through public UI",
    "wave 50: guest drove World Map via public UI=true and both consumed 1827868689840899:1:BIOME_PICK:9700059",
    "wave 51 turn 1: replay guest crossed cmd:51:1 through real public COMMAND=opened",
    "wave 51: BIOME 11->18",
    "wave 51: host slot move=34 guest slot move=53",
    "wave 51 turn 1: progress enemyHp=[262:0/94,58:0/91] playerHp=[493:1865/1865,384:1715/1715]",
    "wave 51: reward shop owner=host take-nonparty",
    "wave 52 turn 1: replay guest crossed cmd:52:1 through real public COMMAND=opened",
    "wave 52: host slot move=85 guest slot move=247",
    "wave 52 turn 1: progress enemyHp=[333:0/89,654:89/89] playerHp=[493:1865/1865,384:1715/1715]",
    "wave 52 turn 2: replay guest crossed cmd:52:2 through real public COMMAND=opened",
    "wave 52: reward shop owner=guest take-nonparty",
    "wave 53 turn 1: replay guest crossed cmd:53:1 through real public COMMAND=opened",
    "wave 53 turn 1: host SWITCH -> party[2]",
    "wave 53: host slot move=53 guest slot move=53",
    "wave 53 turn 1: progress enemyHp=[58:94/94,333:0/80] playerHp=[890:2065/2065,384:1713/1715]",
    "wave 53 turn 2: replay guest crossed cmd:53:2 through real public COMMAND=opened",
    "wave 53: reward shop owner=host leave",
    "wave 54 turn 1: replay guest crossed cmd:54:1 through real public COMMAND=opened",
    "wave 54: host slot move=247 guest slot move=85",
    "wave 54 turn 1: progress enemyHp=[631:0/118,500:0/143] playerHp=[890:2065/2065,384:1709/1715]",
    "wave 54: reward shop owner=guest take-nonparty",
    "wave 55 turn 1: replay guest crossed cmd:55:1 through real public COMMAND=opened",
    "wave 55: TRAINER (fixed)",
    "wave 55: host slot move=34 guest slot move=247",
    "wave 55 turn 1: progress enemyHp=[157:0/127,941:0/112] playerHp=[890:2065/2065,384:1705/1715]",
    "wave 55 turn 2: replay guest crossed cmd:55:2 through real public COMMAND=opened",
    "wave 55: reward shop owner=host leave",
    "wave 55: guest chose Crossroads Leave through public UI",
    "wave 55: guest drove World Map via public UI=true and both consumed 1827868689840899:1:BIOME_PICK:9700065",
    "wave 56 turn 1: replay guest crossed cmd:56:1 through real public COMMAND=opened",
    "wave 56: BIOME 18->8",
    "wave 56: host slot move=85 guest slot move=53",
    "wave 56 turn 1: progress enemyHp=[689:0/117,770:0/121] playerHp=[890:2065/2065,384:1705/1715]",
    "wave 56: reward shop owner=host take-nonparty",
    "wave 57 turn 1: replay guest crossed cmd:57:1 through real public COMMAND=opened",
    "wave 57 turn 1: host SWITCH -> party[2]",
    "wave 57: host slot move=53 guest slot move=34",
    "wave 57 turn 1: progress enemyHp=[99:123/123,914:0/118] playerHp=[493:1865/1865,384:1705/1715]",
    "wave 57 turn 2: replay guest crossed cmd:57:2 through real public COMMAND=opened",
    "wave 57: reward shop owner=guest take-nonparty",
    "wave 58 turn 1: replay guest crossed cmd:58:1 through real public COMMAND=opened",
    "wave 58: host slot move=247 guest slot move=85",
    "wave 58 turn 1: progress enemyHp=[414:0/103,414:0/114] playerHp=[493:1865/1865,384:1705/1715]",
    "wave 58: reward shop owner=host take-nonparty",
    "wave 59 turn 1: replay guest crossed cmd:59:1 through real public COMMAND=opened",
    "wave 59: host slot move=34 guest slot move=53",
    "wave 59 turn 1: progress enemyHp=[692:0/124,558:1/110] playerHp=[493:1865/1865,384:1705/1715]",
    "wave 59 turn 2: replay guest crossed cmd:59:2 through real public COMMAND=opened",
    "wave 59: reward shop owner=guest leave",
    "wave 60 turn 1: replay guest crossed cmd:60:1 through real public COMMAND=opened",
    "wave 60: TRAINER (random)",
    "wave 60: host slot move=85 guest slot move=53",
    "wave 60 turn 1: progress enemyHp=[131:0/185,195:0/152] playerHp=[493:1865/1865,384:1705/1715]",
    "wave 60 turn 2: replay guest crossed cmd:60:2 through real public COMMAND=opened",
    "wave 60: biome market owner=host leave",
    "wave 60: drained 1 milestone reward continuation(s)",
    "wave 60: guest chose Crossroads Leave through public UI",
    "wave 60: guest drove World Map via public UI=true and both consumed 1827868689840899:1:BIOME_PICK:9700071",
    "wave 61 turn 1: replay guest crossed cmd:61:1 through real public COMMAND=opened",
    "wave 61: BIOME 8->6",
    "wave 61: host slot move=53 guest slot move=34",
    "wave 61 turn 1: progress enemyHp=[321:0/203,73:0/126] playerHp=[493:1749/1865,384:1715/1715]",
    "wave 61: reward shop owner=host take-nonparty",
    "wave 62 turn 1: replay guest crossed cmd:62:1 through real public COMMAND=opened",
    "wave 62: TRAINER (fixed)",
    "wave 62: host slot move=85 guest slot move=85",
    "wave 62 turn 1: progress enemyHp=[463:0/195,455:0/143] playerHp=[493:1749/1865,384:1715/1715]",
    "wave 62 turn 2: replay guest crossed cmd:62:2 through real public COMMAND=opened",
    "wave 62: reward shop owner=guest leave",
    "wave 63 turn 1: replay guest crossed cmd:63:1 through real public COMMAND=opened",
    "wave 63: host slot move=34 guest slot move=53",
    "wave 63 turn 1: progress enemyHp=[199:0/144,687:0/146] playerHp=[493:1749/1865,384:1715/1715]",
    "wave 63: reward shop owner=host take-nonparty",
    "wave 64 turn 1: replay guest crossed cmd:64:1 through real public COMMAND=opened",
    "wave 64: TRAINER (fixed)",
    "wave 64: host slot move=247 guest slot move=247",
    "wave 64 turn 1: progress enemyHp=[413:144/144,207:0/127] playerHp=[493:1749/1865,384:1710/1715]",
    "wave 64 turn 2: replay guest crossed cmd:64:2 through real public COMMAND=opened",
    "wave 64 turn 3: replay guest crossed cmd:64:3 through real public COMMAND=opened",
    "wave 64 turn 3: guest SWITCH -> party[3]",
    "wave 64: reward shop owner=guest leave",
    "wave 65 turn 1: replay guest crossed cmd:65:1 through real public COMMAND=opened",
    "wave 65: host slot move=53 guest slot move=34",
    "wave 65 turn 1: progress enemyHp=[457:0/122,457:0/120] playerHp=[493:1749/1865,150:1725/1725]",
    "wave 65: reward shop owner=host take-nonparty",
    "wave 66 turn 1: replay guest crossed cmd:66:1 through real public COMMAND=opened",
    "wave 66: TRAINER (fixed)",
    "wave 66 turn 1: host SWITCH -> party[2]",
    "wave 66: host slot move=53 guest slot move=53",
    "wave 66 turn 1: progress enemyHp=[302:137/137,423:0/186] playerHp=[890:2065/2065,150:1725/1725]",
    "wave 66 turn 2: replay guest crossed cmd:66:2 through real public COMMAND=opened",
    "wave 66 turn 3: replay guest crossed cmd:66:3 through real public COMMAND=opened",
    "wave 66 turn 4: replay guest crossed cmd:66:4 through real public COMMAND=opened",
    "wave 66: reward shop owner=guest leave",
    "wave 67 turn 1: replay guest crossed cmd:67:1 through real public COMMAND=opened",
    "wave 67: host slot move=34 guest slot move=53",
    "wave 67 turn 1: progress enemyHp=[80:0/148,457:0/122] playerHp=[890:2065/2065,150:1719/1725]",
    "wave 67: reward shop owner=host take-nonparty",
    "wave 68 turn 1: replay guest crossed cmd:68:1 through real public COMMAND=opened",
    "wave 68: host slot move=85 guest slot move=247",
    "wave 68 turn 1: progress enemyHp=[395:0/138,687:0/143] playerHp=[890:2065/2065,150:1719/1725]",
    "wave 68: reward shop owner=guest take-nonparty",
    "wave 69 turn 1: replay guest crossed cmd:69:1 through real public COMMAND=opened",
    "wave 69: host slot move=53 guest slot move=34",
    "wave 69 turn 1: progress enemyHp=[73:0/152,321:0/221] playerHp=[890:2065/2065,150:1719/1725]",
    "wave 69: reward shop owner=host take-nonparty",
    "wave 70 turn 1: replay guest crossed cmd:70:1 through real public COMMAND=opened",
    "wave 70 turn 1: host SWITCH -> party[2]",
    "wave 70: host slot move=247 guest slot move=85",
    "wave 70 turn 1: progress enemyHp=[319:139/145,419:0/187] playerHp=[493:1865/1865,150:1698/1725]",
    "wave 70 turn 2: replay guest crossed cmd:70:2 through real public COMMAND=opened",
    "wave 70: biome market owner=guest leave",
    "wave 70: drained 1 milestone reward continuation(s)",
    "wave 70: host chose Crossroads Leave through public UI",
    "wave 70: host drove World Map via public UI=true and both consumed 1827868689840899:0:BIOME_PICK:9700082",
    "wave 71 turn 1: replay guest crossed cmd:71:1 through real public COMMAND=opened",
    "wave 71: BIOME 6->10",
    "wave 71: host slot move=247 guest slot move=53",
    "wave 71 turn 1: progress enemyHp=[171:0/204,550:0/137] playerHp=[493:1865/1865,150:1725/1725]",
    "wave 71: reward shop owner=guest leave",
    "wave 72 turn 1: replay guest crossed cmd:72:1 through real public COMMAND=opened",
    "wave 72: host slot move=34 guest slot move=247",
    "wave 72 turn 1: progress enemyHp=[171:0/204,593:0/191] playerHp=[493:1865/1865,150:1725/1725]",
    "wave 72: reward shop owner=host take-nonparty",
    "wave 73 turn 1: replay guest crossed cmd:73:1 through real public COMMAND=opened",
    "wave 73: host slot move=85 guest slot move=247",
    "wave 73 turn 1: progress enemyHp=[902:0/188,171:0/196] playerHp=[493:1865/1865,150:1725/1725]",
    "wave 73: reward shop owner=guest leave",
    "wave 73: drained 1 milestone reward continuation(s)",
    "wave 74 turn 1: replay guest crossed cmd:74:1 through real public COMMAND=opened",
    "wave 74: host slot move=247 guest slot move=85",
    "wave 74 turn 1: progress enemyHp=[224:0/147,593:0/191] playerHp=[493:1865/1865,150:1725/1725]",
    "wave 74: reward shop owner=host take-nonparty",
    "wave 75 turn 1: replay guest crossed cmd:75:1 through real public COMMAND=opened",
    "wave 75: host slot move=34 guest slot move=53",
    "wave 75 turn 1: progress enemyHp=[321:0/244,367:1/128] playerHp=[493:1865/1865,150:1718/1725]",
    "wave 75 turn 2: replay guest crossed cmd:75:2 through real public COMMAND=opened",
    "wave 75: reward shop owner=guest leave",
    "wave 75: drained 1 milestone reward continuation(s)",
    "wave 75: host chose Crossroads Leave through public UI",
    "wave 75: host drove World Map via public UI=true and both consumed 1827868689840899:0:BIOME_PICK:9700088",
    "wave 76 turn 1: replay guest crossed cmd:76:1 through real public COMMAND=opened",
    "wave 76: BIOME 10->13",
    "wave 76: host slot move=85 guest slot move=247",
    "wave 76 turn 1: progress enemyHp=[294:0/182,526:87/172] playerHp=[493:1749/1865,150:1611/1725]",
    "wave 76 turn 2: replay guest crossed cmd:76:2 through real public COMMAND=opened",
    "wave 76: reward shop owner=guest take-nonparty",
    "wave 77 turn 1: replay guest crossed cmd:77:1 through real public COMMAND=opened",
    "wave 77: host slot move=53 guest slot move=53",
    "wave 77 turn 1: guest SWITCH -> party[3]",
    "wave 77 turn 1: progress enemyHp=[217:0/187,294:168/179] playerHp=[493:1517/1865,384:1608/1715]",
    "wave 77 turn 2: replay guest crossed cmd:77:2 through real public COMMAND=opened",
    "wave 77: reward shop owner=host take-nonparty",
    "wave 78 turn 1: replay guest crossed cmd:78:1 through real public COMMAND=opened",
    "wave 78: host slot move=85 guest slot move=85",
    "wave 78 turn 1: progress enemyHp=[47:0/161,526:1/160] playerHp=[493:1285/1865,384:1394/1715]",
    "wave 78 turn 2: replay guest crossed cmd:78:2 through real public COMMAND=opened",
    "wave 78 turn 2: host SWITCH -> party[2]",
    "wave 78 turn 2: guest SWITCH -> party[3]",
    "wave 78 turn 3: replay guest crossed cmd:78:3 through real public COMMAND=opened",
    "wave 78: reward shop owner=guest leave",
    "wave 79 turn 1: replay guest crossed cmd:79:1 through real public COMMAND=opened",
    "wave 79: host slot move=34 guest slot move=53",
    "wave 79 turn 1: progress enemyHp=[217:0/181,294:0/179] playerHp=[890:2065/2065,150:1395/1725]",
    "wave 79: reward shop owner=host leave",
    "wave 79: drained 1 milestone reward continuation(s)",
    "wave 80 turn 1: replay guest crossed cmd:80:1 through real public COMMAND=opened",
    "wave 80: host slot move=53 guest slot move=247",
    "wave 80 turn 1: guest SWITCH -> party[3]",
    "wave 80 turn 1: progress enemyHp=[660:0/193,480:166/203] playerHp=[890:2065/2065,384:1678/1715]",
    "wave 80 turn 2: replay guest crossed cmd:80:2 through real public COMMAND=opened",
    "wave 80: biome market owner=guest leave",
    "wave 80: drained 1 milestone reward continuation(s)",
    "wave 80: host chose Crossroads Leave through public UI",
    "wave 80: host drove World Map via public UI=true and both consumed 1827868689840899:0:BIOME_PICK:9700094",
    "wave 81 turn 1: replay guest crossed cmd:81:1 through real public COMMAND=opened",
    "wave 81: BIOME 13->12",
    "wave 81: host slot move=34 guest slot move=247",
    "wave 81 turn 1: progress enemyHp=[750:0/205,76:43/171] playerHp=[890:2048/2065,384:1608/1715]",
    "wave 81 turn 2: replay guest crossed cmd:81:2 through real public COMMAND=opened",
    "wave 81: reward shop owner=guest leave",
    "wave 81: drained 1 milestone reward continuation(s)",
    "wave 82 turn 1: replay guest crossed cmd:82:1 through real public COMMAND=opened",
    "wave 82: TRAINER (random)",
    "wave 82: host slot move=247 guest slot move=85",
    "wave 82 turn 1: progress enemyHp=[4078:0/172,689:0/158] playerHp=[890:2048/2065,384:1394/1715]",
    "wave 82 turn 2: replay guest crossed cmd:82:2 through real public COMMAND=opened",
    "wave 82 turn 3: replay guest crossed cmd:82:3 through real public COMMAND=opened",
    "wave 82: reward shop owner=host leave",
    "wave 83 turn 1: replay guest crossed cmd:83:1 through real public COMMAND=opened",
    "wave 83: host slot move=34 guest slot move=247",
    "wave 83 turn 1: progress enemyHp=[232:0/190,112:0/211] playerHp=[890:2048/2065,384:1073/1715]",
    "wave 83: reward shop owner=guest leave",
    "wave 84 turn 1: replay guest crossed cmd:84:1 through real public COMMAND=opened",
    "wave 84: host slot move=85 guest slot move=247",
    "wave 84 turn 1: guest SWITCH -> party[3]",
    "wave 84 turn 1: progress enemyHp=[851:0/215,232:196/196] playerHp=[890:2048/2065,150:1606/1725]",
    "wave 84 turn 2: replay guest crossed cmd:84:2 through real public COMMAND=opened",
    "wave 84: reward shop owner=host take-nonparty",
    "wave 85 turn 1: replay guest crossed cmd:85:1 through real public COMMAND=opened",
    "wave 85 turn 1: host SWITCH -> party[2]",
    "wave 85: host slot move=247 guest slot move=34",
    "wave 85 turn 1: progress enemyHp=[750:198/198,112:0/224] playerHp=[493:1749/1865,150:1172/1725]",
    "wave 85 turn 2: replay guest crossed cmd:85:2 through real public COMMAND=opened",
    "wave 85 turn 2: guest SWITCH -> party[3]",
    "wave 85: reward shop owner=guest take-nonparty",
    "wave 85: host chose Crossroads Leave through public UI",
    "wave 85: host drove World Map via public UI=true and both consumed 1827868689840899:0:BIOME_PICK:9700100",
    "wave 86 turn 1: replay guest crossed cmd:86:1 through real public COMMAND=opened",
    "wave 86: BIOME 12->14",
    "wave 86 turn 1: host SWITCH -> party[2]",
    "wave 86: host slot move=247 guest slot move=247",
    "wave 86 turn 1: progress enemyHp=[555:195/211,844:0/172] playerHp=[890:2065/2065,384:1489/1715]",
    "wave 86 turn 2: replay guest crossed cmd:86:2 through real public COMMAND=opened",
    "wave 86 turn 2: guest SWITCH -> party[3]",
    "wave 86: reward shop owner=guest leave",
    "wave 86: drained 1 milestone reward continuation(s)",
    "wave 87 turn 1: replay guest crossed cmd:87:1 through real public COMMAND=opened",
    "wave 87: host slot move=53 guest slot move=53",
    "wave 87 turn 1: progress enemyHp=[968:0/186,452:0/167] playerHp=[890:2065/2065,150:1511/1725]",
    "wave 87: reward shop owner=host leave",
    "wave 88 turn 1: replay guest crossed cmd:88:1 through real public COMMAND=opened",
    "wave 88: host slot move=85 guest slot move=53",
    "wave 88 turn 1: progress enemyHp=[348:0/189,553:0/221] playerHp=[890:2065/2065,150:1404/1725]",
    "wave 88: reward shop owner=guest leave",
    "wave 88: drained 1 milestone reward continuation(s)",
    "wave 89 turn 1: replay guest crossed cmd:89:1 through real public COMMAND=opened",
    "wave 89: host slot move=53 guest slot move=34",
    "wave 89 turn 1: progress enemyHp=[450:0/211,694:0/156] playerHp=[890:2065/2065,150:1297/1725]",
    "wave 89: reward shop owner=host leave",
    "wave 90 turn 1: replay guest crossed cmd:90:1 through real public COMMAND=opened",
    "wave 90: TRAINER (random)",
    "wave 90: host slot move=247 guest slot move=85",
    "wave 90 turn 1: progress enemyHp=[10631:0/203,248:0/238] playerHp=[890:2065/2065,150:1190/1725]",
    "wave 90 turn 2: replay guest crossed cmd:90:2 through real public COMMAND=opened",
    "wave 90 turn 2: host SWITCH -> party[2]",
    "wave 90 turn 3: replay guest crossed cmd:90:3 through real public COMMAND=opened",
    "wave 90 turn 3: guest SWITCH -> party[3]",
    "wave 90 turn 4: replay guest crossed cmd:90:4 through real public COMMAND=opened",
    "wave 90 turn 4: guest SWITCH -> party[3]",
    "wave 90: biome market owner=guest leave",
    "wave 90: drained 1 milestone reward continuation(s)",
    "wave 90: host chose Crossroads Leave through public UI",
    "wave 90: host drove World Map via public UI=true and both consumed 1827868689840899:0:BIOME_PICK:9700106",
    "wave 91 turn 1: replay guest crossed cmd:91:1 through real public COMMAND=opened",
    "wave 91: BIOME 14->22",
    "wave 91: host slot move=34 guest slot move=53",
    "wave 91 turn 1: progress enemyHp=[326:0/199,959:0/208] playerHp=[493:1865/1865,150:1725/1725]",
    "wave 91: reward shop owner=guest leave",
    "wave 91: drained 1 milestone reward continuation(s)",
    "wave 92 turn 1: replay guest crossed cmd:92:1 through real public COMMAND=opened",
    "wave 92: host slot move=85 guest slot move=247",
    "wave 92 turn 1: progress enemyHp=[325:0/168,325:0/183] playerHp=[493:1865/1865,150:1725/1725]",
    "wave 92: reward shop owner=host leave",
    "wave 93 turn 1: replay guest crossed cmd:93:1 through real public COMMAND=opened",
    "wave 93: host slot move=53 guest slot move=247",
    "wave 93 turn 1: progress enemyHp=[606:0/187,344:0/199] playerHp=[493:1399/1865,150:1725/1725]",
    "wave 93: reward shop owner=guest leave",
    "wave 94 turn 1: replay guest crossed cmd:94:1 through real public COMMAND=opened",
    "wave 94: host slot move=247 guest slot move=85",
    "wave 94 turn 1: progress enemyHp=[606:0/195,65:0/164] playerHp=[493:933/1865,150:1725/1725]",
    "wave 94: reward shop owner=host take-nonparty",
    "wave 95 turn 1: replay guest crossed cmd:95:1 through real public COMMAND=opened",
    "wave 95: TRAINER (fixed)",
    "wave 95: host slot move=53 guest slot move=34",
    "wave 95 turn 1: progress enemyHp=[157:0/238,941:0/207] playerHp=[493:933/1865,150:1725/1725]",
    "wave 95 turn 2: replay guest crossed cmd:95:2 through real public COMMAND=opened",
    "wave 95 turn 2: guest SWITCH -> party[3]",
    "wave 95 turn 3: replay guest crossed cmd:95:3 through real public COMMAND=opened",
    "wave 95: reward shop owner=guest leave",
    "wave 95: host chose Crossroads Leave through public UI",
    "wave 95: host drove World Map via public UI=true and both consumed 1827868689840899:0:BIOME_PICK:9700112",
    "wave 96 turn 1: replay guest crossed cmd:96:1 through real public COMMAND=opened",
    "wave 96: BIOME 22->11",
    "wave 96: host slot move=85 guest slot move=53",
    "wave 96 turn 1: progress enemyHp=[21:0/155,178:0/219] playerHp=[493:933/1865,384:1675/1715]",
    "wave 96: reward shop owner=guest take-nonparty",
    "wave 97 turn 1: replay guest crossed cmd:97:1 through real public COMMAND=opened",
    "wave 97: host slot move=53 guest slot move=34",
    "wave 97 turn 1: progress enemyHp=[21:0/159,218:0/147] playerHp=[493:933/1865,384:1675/1715]",
    "wave 97: reward shop owner=host take-nonparty",
    "wave 98 turn 1: replay guest crossed cmd:98:1 through real public COMMAND=opened",
    "wave 98: host slot move=247 guest slot move=85",
    "wave 98 turn 1: progress enemyHp=[218:0/157,673:0/266] playerHp=[493:933/1865,384:1675/1715]",
    "wave 98: reward shop owner=guest take-nonparty",
    "wave 99 turn 1: replay guest crossed cmd:99:1 through real public COMMAND=opened",
    "wave 99: host slot move=34 guest slot move=53",
    "wave 99 turn 1: guest SWITCH -> party[3]",
    "wave 99 turn 1: progress enemyHp=[21:0/157,526:235/235] playerHp=[493:933/1865,150:1725/1725]",
    "wave 99 turn 2: replay guest crossed cmd:99:2 through real public COMMAND=opened",
    "wave 99 turn 2: host SWITCH -> party[2]",
    "wave 99 turn 3: replay guest crossed cmd:99:3 through real public COMMAND=opened",
    "wave 99 turn 3: guest SWITCH -> party[3]",
    "wave 99: reward shop owner=host take-nonparty",
    "wave 100 turn 1: replay guest crossed cmd:100:1 through real public COMMAND=opened",
    "wave 100: host slot move=34 guest slot move=247",
    "wave 100 turn 1: progress enemyHp=[22:0/237,1017:0/248] playerHp=[890:2065/2065,384:1715/1715]",
    "wave 100: biome market owner=guest leave",
    "wave 100: drained 1 milestone reward continuation(s)",
    "wave 100: host chose Crossroads Leave through public UI",
    "wave 100: host drove World Map via public UI=true and both consumed 1827868689840899:0:BIOME_PICK:9700118",
    "wave 101 turn 1: replay guest crossed cmd:101:1 through real public COMMAND=opened",
    "wave 101: BIOME 11->18",
    "wave 101 turn 1: host SWITCH -> party[2]",
    "wave 101: host slot move=53 guest slot move=34",
    "wave 101 turn 1: guest SWITCH -> party[3]",
    "wave 101 turn 1: progress enemyHp=[839:266/266,334:209/209] playerHp=[493:1865/1865,150:1712/1725]",
    "wave 101 turn 2: replay guest crossed cmd:101:2 through real public COMMAND=opened",
    "wave 101: reward shop owner=guest leave",
    "wave 102 turn 1: replay guest crossed cmd:102:1 through real public COMMAND=opened",
    "wave 102: host slot move=247 guest slot move=85",
    "wave 102 turn 1: progress enemyHp=[323:0/227,1004:0/190] playerHp=[493:1865/1865,150:1712/1725]",
    "wave 102: reward shop owner=host leave",
    "wave 102: drained 1 milestone reward continuation(s)",
    "wave 103 turn 1: replay guest crossed cmd:103:1 through real public COMMAND=opened",
    "wave 103 turn 1: host SWITCH -> party[2]",
    "wave 103: host slot move=34 guest slot move=53",
    "wave 103 turn 1: progress enemyHp=[2051:159/159,839:0/297] playerHp=[890:2065/2065,150:1690/1725]",
    "wave 103 turn 2: replay guest crossed cmd:103:2 through real public COMMAND=opened",
    "wave 103 turn 2: host SWITCH -> party[2]",
    "wave 103: reward shop owner=guest leave",
    "wave 103: drained 1 milestone reward continuation(s)",
    "wave 104 turn 1: replay guest crossed cmd:104:1 through real public COMMAND=opened",
    "wave 104: host slot move=34 guest slot move=247",
    "wave 104 turn 1: progress enemyHp=[2050:0/120,631:0/238] playerHp=[493:1865/1865,150:1690/1725]",
    "wave 104: reward shop owner=host take-nonparty",
    "wave 105 turn 1: replay guest crossed cmd:105:1 through real public COMMAND=opened",
    "wave 105: host slot move=53 guest slot move=34",
    "wave 105 turn 1: progress enemyHp=[261:0/156,261:0/168] playerHp=[493:1865/1865,150:1690/1725]",
    "wave 105: reward shop owner=guest take-nonparty",
    "wave 105: host chose Crossroads Leave through public UI",
    "wave 105: host drove World Map via public UI=true and both consumed 1827868689840899:0:BIOME_PICK:9700124",
    "wave 106 turn 1: replay guest crossed cmd:106:1 through real public COMMAND=opened",
    "wave 106: BIOME 18->8",
    "wave 106: host slot move=247 guest slot move=247",
    "wave 106 turn 1: progress enemyHp=[914:0/250,413:205/205] playerHp=[493:1865/1865,150:1690/1725]",
    "wave 106 turn 2: replay guest crossed cmd:106:2 through real public COMMAND=opened",
    "wave 106 turn 2: guest SWITCH -> party[3]",
    "wave 106: reward shop owner=guest leave",
    "wave 107 turn 1: replay guest crossed cmd:107:1 through real public COMMAND=opened",
    "wave 107: host slot move=34 guest slot move=53",
    "wave 107 turn 1: progress enemyHp=[558:1/215,689:0/219] playerHp=[493:1865/1865,384:1214/1715]",
    "wave 107 turn 2: replay guest crossed cmd:107:2 through real public COMMAND=opened",
    "wave 107: reward shop owner=host leave",
    "wave 108 turn 1: replay guest crossed cmd:108:1 through real public COMMAND=opened",
    "wave 108: host slot move=85 guest slot move=247",
    "wave 108 turn 1: progress enemyHp=[692:0/214,91:201/201] playerHp=[493:1865/1865,384:1212/1715]",
    "wave 108 turn 2: replay guest crossed cmd:108:2 through real public COMMAND=opened",
    "wave 108: reward shop owner=guest leave",
    "wave 109 turn 1: replay guest crossed cmd:109:1 through real public COMMAND=opened",
    "wave 109: host slot move=247 guest slot move=34",
    "wave 109 turn 1: guest SWITCH -> party[3]",
    "wave 109 turn 1: progress enemyHp=[769:0/210,341:177/177] playerHp=[493:1865/1865,150:1725/1725]",
    "wave 109 turn 2: replay guest crossed cmd:109:2 through real public COMMAND=opened",
    "wave 109 turn 2: guest SWITCH -> party[3]",
    "wave 109: reward shop owner=host take-nonparty",
    "wave 110 turn 1: replay guest crossed cmd:110:1 through real public COMMAND=opened",
    "wave 110: host slot move=247 guest slot move=85",
    "wave 110 turn 1: progress enemyHp=[689:0/249,914:0/295] playerHp=[493:1865/1865,384:1715/1715]",
    "wave 110: biome market owner=guest leave",
    "wave 110: drained 1 milestone reward continuation(s)",
    "wave 110: host chose Crossroads Leave through public UI",
    "wave 110: host drove World Map via public UI=true and both consumed 1827868689840899:0:BIOME_PICK:9700130",
    "wave 111 turn 1: replay guest crossed cmd:111:1 through real public COMMAND=opened",
    "wave 111: BIOME 8->6",
    "wave 111: host slot move=34 guest slot move=53",
    "wave 111 turn 1: progress enemyHp=[845:0/237,186:0/304] playerHp=[493:1865/1865,384:1715/1715]",
    "wave 111: reward shop owner=guest leave",
    "wave 112 turn 1: replay guest crossed cmd:112:1 through real public COMMAND=opened",
    "wave 112: TRAINER (fixed)",
    "wave 112: host slot move=247 guest slot move=247",
    "wave 112 turn 1: progress enemyHp=[467:198/265,426:0/402] playerHp=[493:1855/1865,384:1702/1715]",
    "wave 112 turn 2: replay guest crossed cmd:112:2 through real public COMMAND=opened",
    "wave 112 turn 3: replay guest crossed cmd:112:3 through real public COMMAND=opened",
    "wave 112 turn 4: replay guest crossed cmd:112:4 through real public COMMAND=opened",
    "wave 112: reward shop owner=host take-nonparty",
    "wave 113 turn 1: replay guest crossed cmd:113:1 through real public COMMAND=opened",
    "wave 113 turn 1: host SWITCH -> party[2]",
    "wave 113: host slot move=34 guest slot move=34",
    "wave 113 turn 1: progress enemyHp=[118:200/200,321:0/384] playerHp=[890:2065/2065,384:1675/1715]",
    "wave 113 turn 2: replay guest crossed cmd:113:2 through real public COMMAND=opened",
    "wave 113: reward shop owner=guest leave",
    "wave 114 turn 1: replay guest crossed cmd:114:1 through real public COMMAND=opened",
    "wave 114: TRAINER (fixed)",
    "wave 114: host slot move=85 guest slot move=85",
    "wave 114 turn 1: guest SWITCH -> party[3]",
    "wave 114 turn 1: progress enemyHp=[467:0/271,452:174/262] playerHp=[890:2065/2065,150:1658/1725]",
    "wave 114 turn 2: replay guest crossed cmd:114:2 through real public COMMAND=opened",
    "wave 114 turn 3: replay guest crossed cmd:114:3 through real public COMMAND=opened",
    "wave 114 turn 3: host SWITCH -> party[2]",
    "wave 114 turn 4: replay guest crossed cmd:114:4 through real public COMMAND=opened",
    "wave 114: reward shop owner=host take-nonparty",
    "wave 115 turn 1: replay guest crossed cmd:115:1 through real public COMMAND=opened",
    "wave 115: TRAINER (fixed)",
    "wave 115: host slot move=34 guest slot move=53",
    "wave 115 turn 1: progress enemyHp=[130:0/318,430:0/339] playerHp=[493:1844/1865,150:1658/1725]",
    "wave 115 turn 2: replay guest crossed cmd:115:2 through real public COMMAND=opened",
    "wave 115 turn 3: replay guest crossed cmd:115:3 through real public COMMAND=opened",
    "wave 115: reward shop owner=guest take-nonparty",
    "wave 115: host chose Crossroads Leave through public UI",
    "wave 115: host drove World Map via public UI=true and both consumed 1827868689840899:0:BIOME_PICK:9700136",
    "wave 116 turn 1: replay guest crossed cmd:116:1 through real public COMMAND=opened",
    "wave 116: BIOME 6->10",
    "wave 116: host slot move=85 guest slot move=53",
    "wave 116 turn 1: progress enemyHp=[977:0/363,781:0/232] playerHp=[493:1844/1865,150:1658/1725]",
    "wave 116: reward shop owner=guest leave",
    "wave 116: drained 1 milestone reward continuation(s)",
    "wave 117 turn 1: replay guest crossed cmd:117:1 through real public COMMAND=opened",
    "wave 117 turn 1: host SWITCH -> party[2]",
    "wave 117: host slot move=53 guest slot move=34",
    "wave 117 turn 1: progress enemyHp=[368:244/244,883:0/265] playerHp=[890:2065/2065,150:1614/1725]",
    "wave 117 turn 2: replay guest crossed cmd:117:2 through real public COMMAND=opened",
    "wave 117: reward shop owner=host leave",
    "wave 117: drained 1 milestone reward continuation(s)",
    "wave 118 turn 1: replay guest crossed cmd:118:1 through real public COMMAND=opened",
    "wave 118: host slot move=53 guest slot move=85",
    "wave 118 turn 1: progress enemyHp=[593:0/336,976:0/301] playerHp=[890:2065/2065,150:1614/1725]",
    "wave 118: reward shop owner=guest take-nonparty",
    "wave 119 turn 1: replay guest crossed cmd:119:1 through real public COMMAND=opened",
    "wave 119: host slot move=34 guest slot move=85",
    "wave 119 turn 1: progress enemyHp=[367:1/231,593:0/353] playerHp=[890:2065/2065,150:1614/1725]",
    "wave 119 turn 2: replay guest crossed cmd:119:2 through real public COMMAND=opened",
    "wave 119 turn 2: guest SWITCH -> party[3]",
    "wave 119: reward shop owner=host take-nonparty",
    "wave 120 turn 1: replay guest crossed cmd:120:1 through real public COMMAND=opened",
    "wave 120: TRAINER (random)",
    "wave 120: host slot move=85 guest slot move=247",
    "wave 120 turn 1: progress enemyHp=[10081:0/329,10720:0/379] playerHp=[890:2065/2065,384:1692/1715]",
    "wave 120 turn 2: replay guest crossed cmd:120:2 through real public COMMAND=opened",
    "wave 120 turn 3: replay guest crossed cmd:120:3 through real public COMMAND=opened",
    "wave 120: biome market owner=guest leave",
    "wave 120: drained 1 milestone reward continuation(s)",
    "wave 120: host chose Crossroads Leave through public UI",
    "wave 120: host drove World Map via public UI=true and both consumed 1827868689840899:0:BIOME_PICK:9700142",
    "wave 121 turn 1: replay guest crossed cmd:121:1 through real public COMMAND=opened",
    "wave 121: BIOME 10->13",
    "wave 121: host slot move=53 guest slot move=34",
    "wave 121 turn 1: progress enemyHp=[768:0/257,476:0/245] playerHp=[890:2065/2065,384:1715/1715]",
    "wave 121: reward shop owner=guest leave",
    "wave 122 turn 1: replay guest crossed cmd:122:1 through real public COMMAND=opened",
    "wave 122: host slot move=247 guest slot move=85",
    "wave 122 turn 1: progress enemyHp=[476:0/248,528:0/240] playerHp=[890:2065/2065,384:1715/1715]",
    "wave 122: reward shop owner=host leave",
    "wave 123 turn 1: replay guest crossed cmd:123:1 through real public COMMAND=opened",
    "wave 123: host slot move=34 guest slot move=53",
    "wave 123 turn 1: progress enemyHp=[715:0/286,715:0/304] playerHp=[890:2065/2065,384:1715/1715]",
    "wave 123: reward shop owner=guest leave",
    "wave 124 turn 1: replay guest crossed cmd:124:1 through real public COMMAND=opened",
    "wave 124: host slot move=53 guest slot move=247",
    "wave 124 turn 1: guest SWITCH -> party[3]",
    "wave 124 turn 1: progress enemyHp=[47:280/280,598:255/255] playerHp=[890:1665/2065,150:975/1725]",
    "wave 124 turn 2: replay guest crossed cmd:124:2 through real public COMMAND=opened",
    "wave 124: reward shop owner=host leave",
    "wave 124: drained 1 milestone reward continuation(s)",
    "wave 125 turn 1: replay guest crossed cmd:125:1 through real public COMMAND=opened",
    "wave 125: TRAINER (random)",
    "wave 125: host slot move=85 guest slot move=34",
    "wave 125 turn 1: progress enemyHp=[981:0/362,10845:0/374] playerHp=[890:1665/2065,150:760/1725]",
    "wave 125: reward shop owner=guest take-nonparty",
    "wave 125: host chose Crossroads Leave through public UI",
    "wave 125: host drove World Map via public UI=true and both consumed 1827868689840899:0:BIOME_PICK:9700148",
    "wave 126 turn 1: replay guest crossed cmd:126:1 through real public COMMAND=opened",
    "wave 126: BIOME 13->12",
    "wave 126: DIGEST mismatch @wave-start class=unexpected fields=[field] -> one-heal resync",
    "wave 126: host slot move=34 guest slot move=85",
    "wave 126 turn 1: progress enemyHp=[76:161/322,1013:0/285] playerHp=[890:1665/2065,150:611/1725]",
    "wave 126 turn 2: replay guest crossed cmd:126:2 through real public COMMAND=opened",
    "wave 126 turn 2: host SWITCH -> party[2]",
    "wave 126: reward shop owner=guest leave",
    "wave 126: drained 1 milestone reward continuation(s)",
    "wave 127 turn 1: replay guest crossed cmd:127:1 through real public COMMAND=opened",
    "wave 127: host slot move=34 guest slot move=34",
    "wave 127 turn 1: progress enemyHp=[879:0/355,464:0/352] playerHp=[493:1633/1865,150:397/1725]",
    "wave 127: reward shop owner=host leave",
    "wave 127: drained 1 milestone reward continuation(s)",
    "wave 128 turn 1: replay guest crossed cmd:128:1 through real public COMMAND=opened",
    "wave 128: host slot move=85 guest slot move=247",
    "wave 128 turn 1: guest SWITCH -> party[3]",
    "wave 128 turn 1: progress enemyHp=[851:0/331,526:323/323] playerHp=[493:1517/1865,384:1608/1715]",
    "wave 128 turn 2: replay guest crossed cmd:128:2 through real public COMMAND=opened",
    "wave 128 turn 2: guest SWITCH -> party[3]",
    "wave 128 turn 3: replay guest crossed cmd:128:3 through real public COMMAND=opened",
    "wave 128: reward shop owner=guest leave",
    "wave 129 turn 1: replay guest crossed cmd:129:1 through real public COMMAND=opened",
    "wave 129: host slot move=34 guest slot move=34",
    "wave 129 turn 1: progress enemyHp=[232:0/317,76:1/314] playerHp=[493:1169/1865,150:1300/1725]",
    "wave 129 turn 2: replay guest crossed cmd:129:2 through real public COMMAND=opened",
    "wave 129: reward shop owner=host take-nonparty",
    "wave 130 turn 1: replay guest crossed cmd:130:1 through real public COMMAND=opened",
    "wave 130: host slot move=34 guest slot move=247",
    "wave 130 turn 1: progress enemyHp=[51:0/247,208:0/330] playerHp=[493:1053/1865,150:1193/1725]",
    "wave 130: biome market owner=guest leave",
    "wave 130: drained 1 milestone reward continuation(s)",
    "wave 130: host chose Crossroads Leave through public UI",
    "wave 130: host drove World Map via public UI=true and both consumed 1827868689840899:0:BIOME_PICK:9700154",
    "wave 131 turn 1: replay guest crossed cmd:131:1 through real public COMMAND=opened",
    "wave 131: BIOME 12->14",
    "wave 131: DIGEST mismatch @wave-start class=unexpected fields=[field] -> one-heal resync",
    "wave 131: host slot move=34 guest slot move=53",
    "wave 131 turn 1: progress enemyHp=[331:0/245,331:0/241] playerHp=[493:1516/1865,150:1618/1725]",
    "wave 131: reward shop owner=guest leave",
    "wave 132 turn 1: replay guest crossed cmd:132:1 through real public COMMAND=opened",
    "wave 132: host slot move=34 guest slot move=53",
    "wave 132 turn 1: progress enemyHp=[472:0/293,450:0/350] playerHp=[493:1167/1865,150:1511/1725]",
    "wave 132: reward shop owner=host leave",
    "wave 132: drained 1 milestone reward continuation(s)",
    "wave 133 turn 1: replay guest crossed cmd:133:1 through real public COMMAND=opened",
    "wave 133 turn 1: host SWITCH -> party[2]",
    "wave 133: host slot move=53 guest slot move=247",
    "wave 133 turn 1: progress enemyHp=[452:254/270,947:273/273] playerHp=[890:2065/2065,150:1393/1725]",
    "wave 133 turn 2: replay guest crossed cmd:133:2 through real public COMMAND=opened",
    "wave 133: reward shop owner=guest take-nonparty",
    "wave 134 turn 1: replay guest crossed cmd:134:1 through real public COMMAND=opened",
    "wave 134 turn 1: host SWITCH -> party[2]",
    "wave 134: host slot move=247 guest slot move=85",
    "wave 134 turn 1: progress enemyHp=[555:348/371,85:0/332] playerHp=[493:1749/1865,150:1118/1725]",
    "wave 134 turn 2: replay guest crossed cmd:134:2 through real public COMMAND=opened",
    "wave 134: reward shop owner=host leave",
    "wave 134: drained 1 milestone reward continuation(s)",
    "wave 135 turn 1: replay guest crossed cmd:135:1 through real public COMMAND=opened",
    "wave 135: host slot move=53 guest slot move=34",
    "wave 135 turn 1: progress enemyHp=[450:0/381,844:0/290] playerHp=[493:1517/1865,150:904/1725]",
    "wave 135: reward shop owner=guest leave",
    "wave 135: drained 1 milestone reward continuation(s)",
    "wave 135: host chose Crossroads Leave through public UI",
    "wave 135: host drove World Map via public UI=true and both consumed 1827868689840899:0:BIOME_PICK:9700160",
    "wave 136 turn 1: replay guest crossed cmd:136:1 through real public COMMAND=opened",
    "wave 136: BIOME 14->22",
    "wave 136: host slot move=85 guest slot move=247",
    "wave 136 turn 1: progress enemyHp=[959:0/332,959:0/341] playerHp=[493:1517/1865,150:904/1725]",
    "wave 136: reward shop owner=guest take-nonparty",
    "wave 137 turn 1: replay guest crossed cmd:137:1 through real public COMMAND=opened",
    "wave 137: host slot move=53 guest slot move=34",
    "wave 137 turn 1: progress enemyHp=[606:0/296,606:0/313] playerHp=[493:1051/1865,150:876/1725]",
    "wave 137: reward shop owner=host leave",
    "wave 138 turn 1: replay guest crossed cmd:138:1 through real public COMMAND=opened",
    "wave 138: host slot move=247 guest slot move=85",
    "wave 138 turn 1: progress enemyHp=[325:0/273,606:0/319] playerHp=[493:585/1865,150:876/1725]",
    "wave 138: reward shop owner=guest take-nonparty",
    "wave 139 turn 1: replay guest crossed cmd:139:1 through real public COMMAND=opened",
    "wave 139: host slot move=34 guest slot move=53",
    "wave 139 turn 1: progress enemyHp=[379:0/321,122:0/248] playerHp=[493:585/1865,150:876/1725]",
    "wave 139: reward shop owner=host leave",
    "wave 139: drained 1 milestone reward continuation(s)",
    "wave 140 turn 1: replay guest crossed cmd:140:1 through real public COMMAND=opened",
    "wave 140: host slot move=85 guest slot move=247",
    "wave 140 turn 1: progress enemyHp=[202:0/602,561:0/353] playerHp=[493:0/1865,150:876/1725]",
    "wave 140: biome market owner=guest leave",
    "wave 140: drained 1 milestone reward continuation(s)",
    "wave 140: host chose Crossroads Leave through public UI",
    "wave 140: host drove World Map via public UI=true and both consumed 1827868689840899:0:BIOME_PICK:9700166",
    "wave 141 turn 1: replay guest crossed cmd:141:1 through real public COMMAND=opened",
    "wave 141: BIOME 22->11",
    "wave 141 turn 1: host SWITCH -> party[2]",
    "wave 141: host slot move=53 guest slot move=85",
    "wave 141 turn 1: progress enemyHp=[526:356/356,21:0/250] playerHp=[890:2065/2065,150:1618/1725]",
    "wave 141 turn 2: replay guest crossed cmd:141:2 through real public COMMAND=opened",
    "wave 141: reward shop owner=guest take-nonparty",
    "wave 142 turn 1: replay guest crossed cmd:142:1 through real public COMMAND=opened",
    "wave 142: host slot move=53 guest slot move=85",
    "wave 142 turn 1: progress enemyHp=[21:0/258,526:1/359] playerHp=[890:1936/2065,150:1404/1725]",
    "wave 142 turn 2: replay guest crossed cmd:142:2 through real public COMMAND=opened",
    "wave 142: reward shop owner=host take-nonparty",
    "wave 143 turn 1: replay guest crossed cmd:143:1 through real public COMMAND=opened",
    "wave 143: host slot move=34 guest slot move=53",
    "wave 143 turn 1: progress enemyHp=[673:0/424,218:0/237] playerHp=[890:1807/2065,150:1190/1725]",
    "wave 143: reward shop owner=guest take-nonparty",
    "wave 144 turn 1: replay guest crossed cmd:144:1 through real public COMMAND=opened",
    "wave 144: host slot move=34 guest slot move=247",
    "wave 144 turn 1: progress enemyHp=[76:37/401,76:1/364] playerHp=[890:1807/2065,150:1083/1725]",
    "wave 144 turn 2: replay guest crossed cmd:144:2 through real public COMMAND=opened",
    "wave 144 turn 2: host SWITCH -> party[2]",
    "wave 144 turn 3: replay guest crossed cmd:144:3 through real public COMMAND=opened",
    "wave 144 turn 3: guest SWITCH -> party[3]",
    "wave 144: reward shop owner=host take-nonparty",
    "wave 145 turn 1: replay guest crossed cmd:145:1 through real public COMMAND=opened",
    "wave 145: TRAINER (fixed)",
    "wave 145: host slot move=53 guest slot move=247",
    "wave 145 turn 1: progress enemyHp=[306:0/348,941:0/354] playerHp=[493:1633/1865,384:1608/1715]",
    "wave 145 turn 2: replay guest crossed cmd:145:2 through real public COMMAND=opened",
    "wave 145 turn 3: replay guest crossed cmd:145:3 through real public COMMAND=opened",
    "wave 145: reward shop owner=guest leave",
    "wave 145: drained 1 milestone reward continuation(s)",
    "wave 145: host chose Crossroads Leave through public UI",
    "wave 145: host drove World Map via public UI=true and both consumed 1827868689840899:0:BIOME_PICK:9700172",
    "wave 146 turn 1: replay guest crossed cmd:146:1 through real public COMMAND=opened",
    "wave 146: BIOME 11->18",
    "wave 146: DIGEST mismatch @wave-start class=unexpected fields=[field] -> one-heal resync",
    "wave 146: host slot move=34 guest slot move=85",
    "wave 146 turn 1: progress enemyHp=[78:0/384,308:288/288] playerHp=[493:1633/1865,384:1555/1715]",
    "wave 146 turn 2: replay guest crossed cmd:146:2 through real public COMMAND=opened",
    "wave 146: reward shop owner=guest leave",
    "wave 147 turn 1: replay guest crossed cmd:147:1 through real public COMMAND=opened",
    "wave 147 turn 1: host SWITCH -> party[2]",
    "wave 147: host slot move=34 guest slot move=53",
    "wave 147 turn 1: progress enemyHp=[157:331/331,59:0/370] playerHp=[890:2065/2065,384:1555/1715]",
    "wave 147 turn 2: replay guest crossed cmd:147:2 through real public COMMAND=opened",
    "wave 147 turn 2: guest SWITCH -> party[3]",
    "wave 147: reward shop owner=host leave",
    "wave 148 turn 1: replay guest crossed cmd:148:1 through real public COMMAND=opened",
    "wave 148: host slot move=247 guest slot move=247",
    "wave 148 turn 1: progress enemyHp=[2050:0/198,261:0/235] playerHp=[890:2065/2065,150:1725/1725]",
    "wave 148: reward shop owner=guest take-nonparty",
    "wave 149 turn 1: replay guest crossed cmd:149:1 through real public COMMAND=opened",
    "wave 149: host slot move=53 guest slot move=34",
    "wave 149 turn 1: progress enemyHp=[839:479/479,839:0/406] playerHp=[890:2065/2065,150:1725/1725]",
    "wave 149 turn 2: replay guest crossed cmd:149:2 through real public COMMAND=opened",
    "wave 149: reward shop owner=host leave",
    "wave 150 turn 1: replay guest crossed cmd:150:1 through real public COMMAND=opened",
    "wave 150: TRAINER (random)",
    "wave 150: host slot move=247 guest slot move=85",
    "wave 150 turn 1: progress enemyHp=[10515:0/388,10232:0/367] playerHp=[890:2065/2065,150:1725/1725]",
    "wave 150 turn 2: replay guest crossed cmd:150:2 through real public COMMAND=opened",
    "wave 150 turn 3: replay guest crossed cmd:150:3 through real public COMMAND=opened",
    "wave 150: biome market owner=guest leave",
    "wave 150: drained 1 milestone reward continuation(s)",
    "wave 150: host drove World Map via public UI=true and both consumed 1827868689840899:0:BIOME_PICK:9700178",
    "wave 151 turn 1: replay guest crossed cmd:151:1 through real public COMMAND=opened",
    "wave 151: BIOME 18->8",
    "wave 151 turn 1: host SWITCH -> party[2]",
    "wave 151: host slot move=34 guest slot move=53",
    "wave 151 turn 1: progress enemyHp=[914:362/362,341:0/255] playerHp=[493:1865/1865,150:1725/1725]",
    "wave 151 turn 2: replay guest crossed cmd:151:2 through real public COMMAND=opened",
    "wave 151 turn 2: host SWITCH -> party[2]",
    "wave 151 turn 2: guest SWITCH -> party[3]",
    "wave 151 turn 3: replay guest crossed cmd:151:3 through real public COMMAND=opened",
    "wave 151 turn 4: replay guest crossed cmd:151:4 through real public COMMAND=opened",
    "wave 151: reward shop owner=guest leave",
    "wave 152 turn 1: replay guest crossed cmd:152:1 through real public COMMAND=opened",
    "wave 152: host slot move=85 guest slot move=247",
    "wave 152 turn 1: progress enemyHp=[692:0/351,341:0/263] playerHp=[890:2065/2065,384:1715/1715]",
    "wave 152: reward shop owner=host leave",
    "wave 153 turn 1: replay guest crossed cmd:153:1 through real public COMMAND=opened",
    "wave 153: TRAINER (random)",
    "wave 153 turn 1: host SWITCH -> party[2]",
    "wave 153: host slot move=53 guest slot move=34",
    "wave 153 turn 1: progress enemyHp=[454:339/387,68:0/427] playerHp=[493:1865/1865,384:1689/1715]",
    "wave 153 turn 2: replay guest crossed cmd:153:2 through real public COMMAND=opened",
    "wave 153: reward shop owner=guest leave",
    "wave 154 turn 1: replay guest crossed cmd:154:1 through real public COMMAND=opened",
    "wave 154: host slot move=247 guest slot move=85",
    "wave 154 turn 1: progress enemyHp=[692:0/367,960:0/214] playerHp=[493:1865/1865,384:1683/1715]",
    "wave 154: reward shop owner=host take-nonparty",
    "wave 155 turn 1: replay guest crossed cmd:155:1 through real public COMMAND=opened",
    "wave 155 turn 1: host SWITCH -> party[2]",
    "wave 155: host slot move=34 guest slot move=34",
    "wave 155 turn 1: progress enemyHp=[689:370/370,413:316/316] playerHp=[890:2065/2065,384:1683/1715]",
    "wave 155 turn 2: replay guest crossed cmd:155:2 through real public COMMAND=opened",
    "wave 155: reward shop owner=guest leave",
    "wave 156 turn 1: replay guest crossed cmd:156:1 through real public COMMAND=opened",
    "wave 156: host slot move=85 guest slot move=247",
    "wave 156 turn 1: progress enemyHp=[689:0/375,960:0/209] playerHp=[890:2065/2065,384:1683/1715]",
    "wave 156: reward shop owner=host leave",
    "wave 157 turn 1: replay guest crossed cmd:157:1 through real public COMMAND=opened",
    "wave 157: host slot move=53 guest slot move=34",
    "wave 157 turn 1: progress enemyHp=[689:0/342,558:0/373] playerHp=[890:2065/2065,384:1675/1715]",
    "wave 157: reward shop owner=guest leave",
    "wave 158 turn 1: replay guest crossed cmd:158:1 through real public COMMAND=opened",
    "wave 158: host slot move=247 guest slot move=247",
    "wave 158 turn 1: progress enemyHp=[748:0/383,413:311/311] playerHp=[890:2065/2065,384:1669/1715]",
    "wave 158 turn 2: replay guest crossed cmd:158:2 through real public COMMAND=opened",
    "wave 158: reward shop owner=host leave",
    "wave 159 turn 1: replay guest crossed cmd:159:1 through real public COMMAND=opened",
    "wave 159: host slot move=34 guest slot move=53",
    "wave 159 turn 1: guest SWITCH -> party[3]",
    "wave 159 turn 1: progress enemyHp=[558:86/340,960:209/209] playerHp=[890:2065/2065,150:1707/1725]",
    "wave 159 turn 2: replay guest crossed cmd:159:2 through real public COMMAND=opened",
    "wave 159: reward shop owner=guest take-nonparty",
    "wave 160 turn 1: replay guest crossed cmd:160:1 through real public COMMAND=opened",
    "wave 160: host slot move=85 guest slot move=34",
    "wave 160 turn 1: progress enemyHp=[914:0/431,413:399/399] playerHp=[890:2031/2065,150:1622/1725]",
    "wave 160 turn 2: replay guest crossed cmd:160:2 through real public COMMAND=opened",
    "wave 160: biome market owner=host leave",
    "wave 160: drained 1 milestone reward continuation(s)",
    "wave 160: guest drove World Map via public UI=true and both consumed 1827868689840899:1:BIOME_PICK:9700189",
    "wave 161 turn 1: replay guest crossed cmd:161:1 through real public COMMAND=opened",
    "wave 161: BIOME 8->6",
    "wave 161: host slot move=53 guest slot move=34",
    "wave 161 turn 1: progress enemyHp=[72:0/275,321:0/573] playerHp=[890:2065/2065,150:1725/1725]",
    "wave 161: reward shop owner=host take-nonparty",
    "wave 162 turn 1: replay guest crossed cmd:162:1 through real public COMMAND=opened",
    "wave 162 turn 1: host SWITCH -> party[2]",
    "wave 162: host slot move=247 guest slot move=85",
    "wave 162 turn 1: progress enemyHp=[186:487/487,321:0/627] playerHp=[493:1865/1865,150:1701/1725]",
    "wave 162 turn 2: replay guest crossed cmd:162:2 through real public COMMAND=opened",
    "wave 162: reward shop owner=guest leave",
    "wave 163 turn 1: replay guest crossed cmd:163:1 through real public COMMAND=opened",
    "wave 163: host slot move=34 guest slot move=53",
    "wave 163 turn 1: progress enemyHp=[963:0/373,279:0/338] playerHp=[493:1865/1865,150:1701/1725]",
    "wave 163: reward shop owner=host take-nonparty",
    "wave 164 turn 1: replay guest crossed cmd:164:1 through real public COMMAND=opened",
    "wave 164: TRAINER (fixed)",
    "wave 164: host slot move=85 guest slot move=34",
    "wave 164 turn 1: progress enemyHp=[302:0/413,423:0/535] playerHp=[493:1865/1865,150:1701/1725]",
    "wave 164 turn 2: replay guest crossed cmd:164:2 through real public COMMAND=opened",
    "wave 164 turn 3: replay guest crossed cmd:164:3 through real public COMMAND=opened",
    "wave 164 turn 4: replay guest crossed cmd:164:4 through real public COMMAND=opened",
    "wave 164: reward shop owner=guest leave",
    "wave 165 turn 1: replay guest crossed cmd:165:1 through real public COMMAND=opened",
    "wave 165: TRAINER (fixed)",
    "wave 165 turn 1: host SWITCH -> party[2]",
    "wave 165: host slot move=53 guest slot move=34",
    "wave 165 turn 1: progress enemyHp=[430:547/547,462:0/437] playerHp=[890:2065/2065,150:1554/1725]",
    "wave 165 turn 2: replay guest crossed cmd:165:2 through real public COMMAND=opened",
    "wave 165 turn 3: replay guest crossed cmd:165:3 through real public COMMAND=opened",
    "wave 165 turn 4: replay guest crossed cmd:165:4 through real public COMMAND=opened",
    "wave 165 turn 4: guest SWITCH -> party[3]",
    "wave 165 turn 5: replay guest crossed cmd:165:5 through real public COMMAND=opened",
    "wave 165: reward shop owner=host leave",
    "wave 165: drained 1 milestone reward continuation(s)",
    "wave 166 turn 1: replay guest crossed cmd:166:1 through real public COMMAND=opened",
    "wave 166: host slot move=247 guest slot move=85",
    "wave 166 turn 1: progress enemyHp=[963:0/365,516:0/466] playerHp=[890:2065/2065,384:1670/1715]",
    "wave 166: reward shop owner=guest take-nonparty",
    "wave 167 turn 1: replay guest crossed cmd:167:1 through real public COMMAND=opened",
    "wave 167: host slot move=34 guest slot move=53",
    "wave 167 turn 1: progress enemyHp=[199:0/465,199:234/459] playerHp=[890:2065/2065,384:1670/1715]",
    "wave 167 turn 2: replay guest crossed cmd:167:2 through real public COMMAND=opened",
    "wave 167: reward shop owner=host take-nonparty",
    "wave 168 turn 1: replay guest crossed cmd:168:1 through real public COMMAND=opened",
    "wave 168: host slot move=85 guest slot move=247",
    "wave 168 turn 1: progress enemyHp=[321:0/609,72:0/320] playerHp=[890:2065/2065,384:1670/1715]",
    "wave 168: reward shop owner=guest leave",
    "wave 169 turn 1: replay guest crossed cmd:169:1 through real public COMMAND=opened",
    "wave 169: host slot move=53 guest slot move=34",
    "wave 169 turn 1: progress enemyHp=[418:0/354,321:0/677] playerHp=[890:2065/2065,384:1670/1715]",
    "wave 169: reward shop owner=host take-nonparty",
    "wave 170 turn 1: replay guest crossed cmd:170:1 through real public COMMAND=opened",
    "wave 170: host slot move=247 guest slot move=85",
    "wave 170 turn 1: progress enemyHp=[279:0/404,845:0/498] playerHp=[890:2065/2065,384:1670/1715]",
    "wave 170: biome market owner=guest leave",
    "wave 170: drained 1 milestone reward continuation(s)",
    "wave 170: host drove World Map via public UI=true and both consumed 1827868689840899:0:BIOME_PICK:9700200",
    "wave 171 turn 1: replay guest crossed cmd:171:1 through real public COMMAND=opened",
    "wave 171: BIOME 6->10",
    "wave 171: host slot move=34 guest slot move=53",
    "wave 171 turn 1: progress enemyHp=[977:0/596,976:0/492] playerHp=[890:2065/2065,384:1715/1715]",
    "wave 171: reward shop owner=guest leave",
    "wave 172 turn 1: replay guest crossed cmd:172:1 through real public COMMAND=opened",
    "wave 172: host slot move=85 guest slot move=247",
    "wave 172 turn 1: progress enemyHp=[902:0/533,370:0/327] playerHp=[890:2065/2065,384:1715/1715]",
    "wave 172: reward shop owner=host take-nonparty",
    "wave 173 turn 1: replay guest crossed cmd:173:1 through real public COMMAND=opened",
    "wave 173: host slot move=53 guest slot move=34",
    "wave 173 turn 1: progress enemyHp=[321:200/623,224:0/403] playerHp=[890:2065/2065,384:1715/1715]",
    "wave 173 turn 2: replay guest crossed cmd:173:2 through real public COMMAND=opened",
    "wave 173: reward shop owner=guest leave",
    "wave 174 turn 1: replay guest crossed cmd:174:1 through real public COMMAND=opened",
    "wave 174: host slot move=247 guest slot move=85",
    "wave 174 turn 1: progress enemyHp=[902:0/529,368:398/398] playerHp=[890:2065/2065,384:1715/1715]",
    "wave 174 turn 2: replay guest crossed cmd:174:2 through real public COMMAND=opened",
    "wave 174 turn 2: host SWITCH -> party[2]",
    "wave 174: reward shop owner=host take-nonparty",
    "wave 175 turn 1: replay guest crossed cmd:175:1 through real public COMMAND=opened",
    "wave 175: host slot move=34 guest slot move=247",
    "wave 175 turn 1: progress enemyHp=[141:0/366,593:0/547] playerHp=[493:1865/1865,384:1695/1715]",
    "wave 175: reward shop owner=guest take-nonparty",
    "wave 176 turn 1: replay guest crossed cmd:176:1 through real public COMMAND=opened",
    "wave 176: host slot move=85 guest slot move=247",
    "wave 176 turn 1: progress enemyHp=[593:0/551,91:1/358] playerHp=[493:1865/1865,384:1695/1715]",
    "wave 176 turn 2: replay guest crossed cmd:176:2 through real public COMMAND=opened",
    "wave 176 turn 2: host SWITCH -> party[2]",
    "wave 176: reward shop owner=host take-nonparty",
    "wave 177 turn 1: replay guest crossed cmd:177:1 through real public COMMAND=opened",
    "wave 177: host slot move=247 guest slot move=34",
    "wave 177 turn 1: progress enemyHp=[871:0/451,976:0/509] playerHp=[890:2065/2065,384:1695/1715]",
    "wave 177: reward shop owner=guest take-nonparty",
    "wave 178 turn 1: replay guest crossed cmd:178:1 through real public COMMAND=opened",
    "wave 178 turn 1: host SWITCH -> party[2]",
    "wave 178: host slot move=85 guest slot move=247",
    "wave 178 turn 1: progress enemyHp=[902:533/533,902:0/540] playerHp=[493:1865/1865,384:1669/1715]",
    "wave 178 turn 2: replay guest crossed cmd:178:2 through real public COMMAND=opened",
    "wave 178 turn 2: host SWITCH -> party[2]",
    "wave 178: reward shop owner=host leave",
    "wave 179 turn 1: replay guest crossed cmd:179:1 through real public COMMAND=opened",
    "wave 179: host slot move=34 guest slot move=53",
    "wave 179 turn 1: progress enemyHp=[976:0/532,691:80/449] playerHp=[890:2065/2065,384:1635/1715]",
    "wave 179 turn 2: replay guest crossed cmd:179:2 through real public COMMAND=opened",
    "wave 179: reward shop owner=guest leave",
    "wave 180 turn 1: replay guest crossed cmd:180:1 through real public COMMAND=opened",
    "wave 180: TRAINER (random)",
    "wave 180: host slot move=85 guest slot move=247",
    "wave 180 turn 1: progress enemyHp=[10081:0/528,10720:0/640] playerHp=[890:2065/2065,384:1635/1715]",
    "wave 180 turn 2: replay guest crossed cmd:180:2 through real public COMMAND=opened",
    "wave 180 turn 3: replay guest crossed cmd:180:3 through real public COMMAND=opened",
    "wave 180 turn 4: replay guest crossed cmd:180:4 through real public COMMAND=opened",
    "wave 180 turn 4: host SWITCH -> party[2]",
    "wave 180: biome market owner=host leave",
    "wave 180: drained 1 milestone reward continuation(s)",
    "wave 180: guest drove World Map via public UI=true and both consumed 1827868689840899:1:BIOME_PICK:9700211",
    "wave 181 turn 1: replay guest crossed cmd:181:1 through real public COMMAND=opened",
    "wave 181: BIOME 10->13",
    "wave 181: host slot move=247 guest slot move=34",
    "wave 181 turn 1: progress enemyHp=[47:0/466,528:0/423] playerHp=[493:1865/1865,384:1715/1715]",
    "wave 181: reward shop owner=host leave",
    "wave 182 turn 1: replay guest crossed cmd:182:1 through real public COMMAND=opened",
    "wave 182: TRAINER (fixed)",
    "wave 182: host slot move=247 guest slot move=85",
    "wave 182 turn 1: guest SWITCH -> party[3]",
    "wave 182 turn 1: progress enemyHp=[87:0/572,4080:599/599] playerHp=[493:1865/1865,150:1660/1725]",
    "wave 182 turn 2: replay guest crossed cmd:182:2 through real public COMMAND=opened",
    "wave 182 turn 3: replay guest crossed cmd:182:3 through real public COMMAND=opened",
    "wave 182 turn 4: replay guest crossed cmd:182:4 through real public COMMAND=opened",
    "wave 182 turn 4: guest SWITCH -> party[3]",
    "wave 182 turn 5: replay guest crossed cmd:182:5 through real public COMMAND=opened",
    "wave 182: reward shop owner=guest leave",
    "wave 183 turn 1: replay guest crossed cmd:183:1 through real public COMMAND=opened",
    "wave 183: host slot move=34 guest slot move=53",
    "wave 183 turn 1: guest SWITCH -> party[3]",
    "wave 183 turn 1: progress enemyHp=[213:183/366,526:475/475] playerHp=[493:1461/1865,150:1383/1725]",
    "wave 183 turn 2: replay guest crossed cmd:183:2 through real public COMMAND=opened",
    "wave 183 turn 3: replay guest crossed cmd:183:3 through real public COMMAND=opened",
    "wave 183: reward shop owner=host leave",
    "wave 183: drained 1 milestone reward continuation(s)",
    "wave 184 turn 1: replay guest crossed cmd:184:1 through real public COMMAND=opened",
    "wave 184: TRAINER (fixed)",
    "wave 184: host slot move=85 guest slot move=247",
    "wave 184 turn 1: progress enemyHp=[106:0/544,208:0/507] playerHp=[493:1030/1865,150:1169/1725]",
    "wave 184 turn 2: replay guest crossed cmd:184:2 through real public COMMAND=opened",
    "wave 184 turn 3: replay guest crossed cmd:184:3 through real public COMMAND=opened",
    "wave 184 turn 3: host SWITCH -> party[2]",
    "wave 184 turn 4: replay guest crossed cmd:184:4 through real public COMMAND=opened",
    "wave 184: reward shop owner=guest take-nonparty",
    "wave 185 turn 1: replay guest crossed cmd:185:1 through real public COMMAND=opened",
    "wave 185: host slot move=53 guest slot move=34",
    "wave 185 turn 1: progress enemyHp=[970:1/470,213:386/386] playerHp=[890:2065/2065,150:957/1725]",
    "wave 185 turn 2: replay guest crossed cmd:185:2 through real public COMMAND=opened",
    "wave 185 turn 3: replay guest crossed cmd:185:3 through real public COMMAND=opened",
    "wave 185: reward shop owner=host leave",
    "wave 185: drained 1 milestone reward continuation(s)",
    "wave 186 turn 1: replay guest crossed cmd:186:1 through real public COMMAND=opened",
    "wave 186: TRAINER (fixed)",
    "wave 186: host slot move=85 guest slot move=85",
    "wave 186 turn 1: progress enemyHp=[429:0/475,110:0/613] playerHp=[890:2065/2065,150:935/1725]",
    "wave 186 turn 2: replay guest crossed cmd:186:2 through real public COMMAND=opened",
    "wave 186 turn 2: host SWITCH -> party[2]",
    "wave 186 turn 2: guest SWITCH -> party[3]",
    "wave 186 turn 3: replay guest crossed cmd:186:3 through real public COMMAND=opened",
    "wave 186 turn 4: replay guest crossed cmd:186:4 through real public COMMAND=opened",
    "wave 186 turn 4: host SWITCH -> party[2]",
    "wave 186 turn 5: replay guest crossed cmd:186:5 through real public COMMAND=opened",
    "wave 186: reward shop owner=guest leave",
    "wave 187 turn 1: replay guest crossed cmd:187:1 through real public COMMAND=opened",
    "wave 187: host slot move=34 guest slot move=247",
    "wave 187 turn 1: progress enemyHp=[480:265/484,95:112/446] playerHp=[890:1769/2065,384:1616/1715]",
    "wave 187 turn 2: replay guest crossed cmd:187:2 through real public COMMAND=opened",
    "wave 187 turn 2: guest SWITCH -> party[3]",
    "wave 187 turn 3: replay guest crossed cmd:187:3 through real public COMMAND=opened",
    "wave 187: reward shop owner=host leave",
    "wave 187: drained 1 milestone reward continuation(s)",
    "wave 188 turn 1: replay guest crossed cmd:188:1 through real public COMMAND=opened",
    "wave 188: TRAINER (fixed)",
    "wave 188 turn 1: host SWITCH -> party[2]",
    "wave 188: host slot move=85 guest slot move=247",
    "wave 188 turn 1: progress enemyHp=[230:538/538,142:0/539] playerHp=[493:1865/1865,150:1541/1725]",
    "wave 188 turn 2: replay guest crossed cmd:188:2 through real public COMMAND=opened",
    "wave 188 turn 3: replay guest crossed cmd:188:3 through real public COMMAND=opened",
    "wave 188 turn 4: replay guest crossed cmd:188:4 through real public COMMAND=opened",
    "wave 188 turn 4: guest SWITCH -> party[3]",
    "wave 188 turn 5: replay guest crossed cmd:188:5 through real public COMMAND=opened",
    "wave 188 turn 5: host SWITCH -> party[2]",
    "wave 188 turn 6: replay guest crossed cmd:188:6 through real public COMMAND=opened",
    "wave 188: reward shop owner=guest take-nonparty",
    "wave 189 turn 1: replay guest crossed cmd:189:1 through real public COMMAND=opened",
    "wave 189: host slot move=53 guest slot move=34",
    "wave 189 turn 1: progress enemyHp=[296:0/436,528:0/439] playerHp=[890:2065/2065,384:715/1715]",
    "wave 189: reward shop owner=host leave",
    "wave 190 turn 1: replay guest crossed cmd:190:1 through real public COMMAND=opened",
    "wave 190: TRAINER (fixed)",
    "wave 190: host slot move=247 guest slot move=85",
    "wave 190 turn 1: progress enemyHp=[65:0/455,103:0/674] playerHp=[890:2065/2065,384:715/1715]",
    "wave 190 turn 2: replay guest crossed cmd:190:2 through real public COMMAND=opened",
    "wave 190 turn 2: host SWITCH -> party[2]",
    "wave 190 turn 3: replay guest crossed cmd:190:3 through real public COMMAND=opened",
    "wave 190 turn 3: host SWITCH -> party[2]",
    "wave 190 turn 4: replay guest crossed cmd:190:4 through real public COMMAND=opened",
    "wave 190: biome market owner=guest leave",
    "wave 190: drained 1 milestone reward continuation(s)",
    "wave 190: host drove World Map via public UI=false and both consumed 1827868689840899:0:BIOME_PICK:9800191",
    "wave 191 turn 1: replay guest crossed cmd:191:1 through real public COMMAND=opened",
    "wave 191: BIOME 13->50",
    "wave 191: host slot move=34 guest slot move=53",
    "wave 191 turn 1: progress enemyHp=[985:264/580,993:0/536] playerHp=[890:2065/2065,384:1715/1715]",
    "wave 191 turn 2: replay guest crossed cmd:191:2 through real public COMMAND=opened",
    "wave 191 turn 2: guest SWITCH -> party[3]",
    "wave 191: reward shop owner=host take-nonparty",
    "wave 192 turn 1: replay guest crossed cmd:192:1 through real public COMMAND=opened",
    "wave 192: host slot move=34 guest slot move=247",
    "wave 192 turn 1: progress enemyHp=[989:31/500,995:613/613] playerHp=[890:2065/2065,150:1725/1725]",
    "wave 192 turn 2: replay guest crossed cmd:192:2 through real public COMMAND=opened",
    "wave 192: reward shop owner=guest leave",
    "wave 193 turn 1: replay guest crossed cmd:193:1 through real public COMMAND=opened",
    "wave 193: host slot move=53 guest slot move=247",
    "wave 193 turn 1: progress enemyHp=[994:495/495,990:529/529] playerHp=[890:2065/2065,150:1725/1725]",
    "wave 193 turn 2: replay guest crossed cmd:193:2 through real public COMMAND=opened",
    "wave 193 turn 2: host SWITCH -> party[2]",
    "wave 193 turn 3: replay guest crossed cmd:193:3 through real public COMMAND=opened",
    "wave 193: reward shop owner=host take-nonparty",
    "wave 194 turn 1: replay guest crossed cmd:194:1 through real public COMMAND=opened",
    "wave 194: host slot move=34 guest slot move=85",
    "wave 194 turn 1: progress enemyHp=[990:0/520,993:0/545] playerHp=[493:1555/1865,150:1725/1725]",
    "wave 194: reward shop owner=guest leave",
    "wave 195 turn 1: replay guest crossed cmd:195:1 through real public COMMAND=opened",
    "wave 195: TRAINER (fixed)",
    "wave 195: host slot move=34 guest slot move=53",
    "wave 195 turn 1: progress enemyHp=[157:0/587,941:0/548] playerHp=[493:1555/1865,150:1725/1725]",
    "wave 195 turn 2: replay guest crossed cmd:195:2 through real public COMMAND=opened",
    "wave 195 turn 2: guest SWITCH -> party[3]",
    "wave 195 turn 3: replay guest crossed cmd:195:3 through real public COMMAND=opened",
    "wave 195 turn 4: replay guest crossed cmd:195:4 through real public COMMAND=opened",
    "wave 195: reward shop owner=host leave",
    "wave 195: drained 1 milestone reward continuation(s)",
    "wave 196 turn 1: replay guest crossed cmd:196:1 through real public COMMAND=opened",
    "wave 196: host slot move=247 guest slot move=247",
    "wave 196 turn 1: progress enemyHp=[989:0/503,985:0/645] playerHp=[493:1155/1865,384:1460/1715]",
    "wave 196: reward shop owner=guest leave",
    "wave 197 turn 1: replay guest crossed cmd:197:1 through real public COMMAND=opened",
    "wave 197: host slot move=53 guest slot move=34",
    "wave 197 turn 1: guest SWITCH -> party[3]",
    "wave 197 turn 1: progress enemyHp=[1005:539/620,992:729/729] playerHp=[493:1155/1865,150:1725/1725]",
    "wave 197 turn 2: replay guest crossed cmd:197:2 through real public COMMAND=opened",
    "wave 197 turn 2: guest SWITCH -> party[3]",
    "wave 197 turn 3: replay guest crossed cmd:197:3 through real public COMMAND=opened",
    "wave 197 turn 4: replay guest crossed cmd:197:4 through real public COMMAND=opened",
    "wave 197: reward shop owner=host leave",
    "wave 198 turn 1: replay guest crossed cmd:198:1 through real public COMMAND=opened",
    "wave 198: host slot move=53 guest slot move=85",
    "wave 198 turn 1: progress enemyHp=[989:0/521,995:0/612] playerHp=[493:1155/1865,384:1715/1715]",
    "wave 198: reward shop owner=guest leave",
    "wave 199 turn 1: replay guest crossed cmd:199:1 through real public COMMAND=opened",
    "wave 199 turn 1: host SWITCH -> party[2]",
    "wave 199: host slot move=34 guest slot move=53",
    "wave 199 turn 1: progress enemyHp=[986:651/651,984:0/656] playerHp=[890:2065/2065,384:1715/1715]",
    "wave 199 turn 2: replay guest crossed cmd:199:2 through real public COMMAND=opened",
    "wave 199 turn 2: guest SWITCH -> party[3]",
    "wave 199: reward shop owner=host take-nonparty"
  ]
}