===== COOP SOAK RESULT =====
profile: god-c
verdict: FAIL
waves_requested: 200
run_mode: calibrated-release
calibration_id: god-200
target_sha: 6a32f02982fa6fd3a0b828a3210ebd30f9a178b2
checked_out_sha: 6a32f02982fa6fd3a0b828a3210ebd30f9a178b2
base_seed: 20260726
campaign_seed: 20470485
run: 30182286218 (workflow source 6a32f02982fa6fd3a0b828a3210ebd30f9a178b2)
timestamp: 2026-07-26T01-24-49Z

----- driver lines -----
[22m[39m[coop-soak] SEED=20470485 WAVES=200 - replay this run with:  SOAK_SEED=20470485 SOAK_WAVES=200 ER_SCENARIO=1 npx vitest run test/tests/elite-redux/coop/coop-soak.test.ts
[22m[39m[coop-soak] PRE-HEAL unexpected wave=126 where=wave-start fields=[field] :: field:host=[{"bi":0,"partyIndex":0,"speciesId":890,"hp":1665,"maxHp":2065,"status":0,"statStages":[0,0,0,0,0,0,0],"fainted":false,"abilityId":212,"formIndex":0,"isTerastallized":false,"teraType":3,"bossSegments":0,"bossSegmentIndex":0,"moves":[[34,0],[247,0],[53,0],[85,0]],"tags":[],"transformSpeciesId":0,"transformFormIndex":0},{"bi":1,"partyIndex":1,"speciesId":150,"hp":760,"maxHp":1725,"status":0,"statStages":[0,0,0,0,0,0,0],"fainted":false,"abilityId":227,"formIndex":0,"isTerastallized":false,"teraType":13,"bossSegments":0,"bossSegmentIndex":0,"moves":[[34,0],[247,0],[53,0],[85,0]],"tags":[],"transformSpeciesId":0,"transformFormIndex":0},{"bi":2,"partyIndex":0,"speciesId":76,"hp":322,"maxHp":322,"status":0,"statStages":[0,1,0,0,0,0,0],"fainted":false,"abilityId":69,"formIndex":0,"isTerastallized":false,"teraType":4,"bossSegments":2,"bossSegmentIndex":1,"moves":[[5167,0],[130,0],[457,0],[335,0]],"tags":[],"transformSpeciesId":0,"transformFormIndex":0},{"bi":3,"partyIndex":1,"speciesId":1013,"hp":285,"maxHp":285,"status":0,"statStages":[0,0,0,0,0,0,0],"fainted":false,"abilityId":5045,"formIndex":0,"isTerastallized":false,"teraType":7,"bossSegments":2,"bossSegmentIndex":1,"moves":[[902,0],[504,0],[5080,0],[202,0]],"tags":[],"transformSpeciesId":0,"transformFormIndex":0}]/guest=[{"bi":0,"partyIndex":0,"speciesId":890,"hp":1665,"maxHp":2065,"status":0,"statStages":[0,0,0,0,0,0,0],"fainted":false,"abilityId":212,"formIndex":0,"isTerastallized":false,"teraType":3,"bossSegments":0,"bossSegmentIndex":0,"moves":[[34,0],[247,0],[53,0],[85,0]],"tags":[],"transformSpeciesId":0,"transformFormIndex":0},{"bi":1,"partyIndex":1,"speciesId":150,"hp":760,"maxHp":1725,"status":0,"statStages":[0,0,0,0,0,0,0],"fainted":false,"abilityId":227,"formIndex":0,"isTerastallized":false,"teraType":13,"bossSegments":0,"bossSegmentIndex":0,"moves":[[34,0],[247,0],[53,0],[85,0]],"tags":[],"transformSpeciesId":0,"transformFormIndex":0},{"bi":2,"partyIndex":0,"speciesId":76,"hp":305,"maxHp":305,"status":0,"statStages":[0,1,0,0,0,0,0],"fainted":false,"abilityId":69,"formIndex":0,"isTerastallized":false,"teraType":4,"bossSegments":2,"bossSegmentIndex":1,"moves":[[5167,0],[130,0],[457,0],[335,0]],"tags":[],"transformSpeciesId":0,"transformFormIndex":0},{"bi":3,"partyIndex":1,"speciesId":1013,"hp":285,"maxHp":285,"status":0,"statStages":[0,0,0,0,0,0,0],"fainted":false,"abilityId":5045,"formIndex":0,"isTerastallized":false,"teraType":7,"bossSegments":2,"bossSegmentIndex":1,"moves":[[902,0],[504,0],[5080,0],[202,0]],"tags":[],"transformSpeciesId":0,"transformFormIndex":0}]
[22m[39m[coop-soak] PRE-HEAL unexpected wave=131 where=wave-start fields=[field] :: field:host=[{"bi":0,"partyIndex":0,"speciesId":493,"hp":1865,"maxHp":1865,"status":0,"statStages":[0,0,0,0,0,0,0],"fainted":false,"abilityId":121,"formIndex":0,"isTerastallized":false,"teraType":0,"bossSegments":0,"bossSegmentIndex":0,"moves":[[34,0],[247,0],[53,0],[85,0]],"tags":[],"transformSpeciesId":0,"transformFormIndex":0},{"bi":1,"partyIndex":1,"speciesId":150,"hp":1725,"maxHp":1725,"status":0,"statStages":[0,0,0,0,0,0,0],"fainted":false,"abilityId":227,"formIndex":0,"isTerastallized":false,"teraType":13,"bossSegments":0,"bossSegmentIndex":0,"moves":[[34,0],[247,0],[53,0],[85,0]],"tags":[],"transformSpeciesId":0,"transformFormIndex":0},{"bi":2,"partyIndex":0,"speciesId":331,"hp":245,"maxHp":245,"status":0,"statStages":[0,0,0,0,0,0,0],"fainted":false,"abilityId":159,"formIndex":0,"isTerastallized":false,"teraType":11,"bossSegments":0,"bossSegmentIndex":0,"moves":[[5034,0],[42,0],[235,0],[409,0]],"tags":[],"transformSpeciesId":0,"transformFormIndex":0},{"bi":3,"partyIndex":1,"speciesId":331,"hp":251,"maxHp":251,"status":0,"statStages":[0,0,0,0,0,0,0],"fainted":false,"abilityId":146,"formIndex":0,"isTerastallized":false,"teraType":11,"bossSegments":0,"bossSegmentIndex":0,"moves":[[345,0],[409,0],[302,0],[202,0]],"tags":[],"transformSpeciesId":0,"transformFormIndex":0}]/guest=[{"bi":0,"partyIndex":0,"speciesId":493,"hp":1865,"maxHp":1865,"status":0,"statStages":[0,0,0,0,0,0,0],"fainted":false,"abilityId":121,"formIndex":0,"isTerastallized":false,"teraType":0,"bossSegments":0,"bossSegmentIndex":0,"moves":[[34,0],[247,0],[53,0],[85,0]],"tags":[],"transformSpeciesId":0,"transformFormIndex":0},{"bi":1,"partyIndex":1,"speciesId":150,"hp":1725,"maxHp":1725,"status":0,"statStages":[0,0,0,0,0,0,0],"fainted":false,"abilityId":227,"formIndex":0,"isTerastallized":false,"teraType":13,"bossSegments":0,"bossSegmentIndex":0,"moves":[[34,0],[247,0],[53,0],[85,0]],"tags":[],"transformSpeciesId":0,"transformFormIndex":0},{"bi":2,"partyIndex":0,"speciesId":331,"hp":245,"maxHp":245,"status":0,"statStages":[0,0,0,0,0,0,0],"fainted":false,"abilityId":159,"formIndex":0,"isTerastallized":false,"teraType":11,"bossSegments":0,"bossSegmentIndex":0,"moves":[[5034,0],[42,0],[235,0],[409,0]],"tags":[],"transformSpeciesId":0,"transformFormIndex":0},{"bi":3,"partyIndex":1,"speciesId":331,"hp":241,"maxHp":241,"status":0,"statStages":[0,0,0,0,0,0,0],"fainted":false,"abilityId":146,"formIndex":0,"isTerastallized":false,"teraType":11,"bossSegments":0,"bossSegmentIndex":0,"moves":[[345,0],[409,0],[302,0],[202,0]],"tags":[],"transformSpeciesId":0,"transformFormIndex":0}]
[22m[39m[coop-soak] PRE-HEAL unexpected wave=146 where=wave-start fields=[field] :: field:host=[{"bi":0,"partyIndex":0,"speciesId":493,"hp":1633,"maxHp":1865,"status":0,"statStages":[0,0,0,0,0,0,0],"fainted":false,"abilityId":121,"formIndex":0,"isTerastallized":false,"teraType":0,"bossSegments":0,"bossSegmentIndex":0,"moves":[[34,0],[247,0],[53,0],[85,0]],"tags":[],"transformSpeciesId":0,"transformFormIndex":0},{"bi":1,"partyIndex":1,"speciesId":384,"hp":1555,"maxHp":1715,"status":0,"statStages":[0,0,0,0,0,0,0],"fainted":false,"abilityId":263,"formIndex":0,"isTerastallized":false,"teraType":15,"bossSegments":0,"bossSegmentIndex":0,"moves":[[34,0],[247,0],[53,0],[85,0]],"tags":[],"transformSpeciesId":0,"transformFormIndex":0},{"bi":2,"partyIndex":0,"speciesId":78,"hp":384,"maxHp":384,"status":0,"statStages":[0,0,0,0,0,0,0],"fainted":false,"abilityId":5099,"formIndex":0,"isTerastallized":false,"teraType":9,"bossSegments":0,"bossSegmentIndex":0,"moves":[[172,0],[38,0],[394,0],[684,0]],"tags":[],"transformSpeciesId":0,"transformFormIndex":0},{"bi":3,"partyIndex":1,"speciesId":308,"hp":288,"maxHp":288,"status":0,"statStages":[0,0,0,0,0,0,0],"fainted":false,"abilityId":84,"formIndex":0,"isTerastallized":false,"teraType":13,"bossSegments":0,"bossSegmentIndex":0,"moves":[[136,0],[494,0],[170,0],[252,0]],"tags":[],"transformSpeciesId":0,"transformFormIndex":0}]/guest=[{"bi":0,"partyIndex":0,"speciesId":493,"hp":1633,"maxHp":1865,"status":0,"statStages":[0,0,0,0,0,0,0],"fainted":false,"abilityId":121,"formIndex":0,"isTerastallized":false,"teraType":0,"bossSegments":0,"bossSegmentIndex":0,"moves":[[34,0],[247,0],[53,0],[85,0]],"tags":[],"transformSpeciesId":0,"transformFormIndex":0},{"bi":1,"partyIndex":1,"speciesId":384,"hp":1555,"maxHp":1715,"status":0,"statStages":[0,0,0,0,0,0,0],"fainted":false,"abilityId":263,"formIndex":0,"isTerastallized":false,"teraType":15,"bossSegments":0,"bossSegmentIndex":0,"moves":[[34,0],[247,0],[53,0],[85,0]],"tags":[],"transformSpeciesId":0,"transformFormIndex":0},{"bi":2,"partyIndex":0,"speciesId":78,"hp":365,"maxHp":365,"status":0,"statStages":[0,0,0,0,0,0,0],"fainted":false,"abilityId":5099,"formIndex":0,"isTerastallized":false,"teraType":9,"bossSegments":0,"bossSegmentIndex":0,"moves":[[172,0],[38,0],[394,0],[684,0]],"tags":[],"transformSpeciesId":0,"transformFormIndex":0},{"bi":3,"partyIndex":1,"speciesId":308,"hp":288,"maxHp":288,"status":0,"statStages":[0,0,0,0,0,0,0],"fainted":false,"abilityId":84,"formIndex":0,"isTerastallized":false,"teraType":13,"bossSegments":0,"bossSegmentIndex":0,"moves":[[136,0],[494,0],[170,0],[252,0]],"tags":[],"transformSpeciesId":0,"transformFormIndex":0}]
[31m[1mSoakInvariantError[22m: [coop-soak] NO-PARK invariant breached at wave 200 (seed 20470485): wave crossing threw (strand/stall): client phase drive to guest command 200:1 HANG on CoopReplayTurnPhase; queued=[CommandPhase,TurnStartPhase], ui=MESSAGE. Artifact + both logs: /home/runner/work/elite-redux/elite-redux/dev-logs/coop-soak/2026-07-26T01-24-27-669Z__seed-20470485__wave-200. Replay: SOAK_SEED=20470485[39m

----- vitest result tail -----
[coop:session] coopAuthoritativeGuestPredicate CLEARED (-> solo/host/lockstep reads false)
[coop:session] coopAuthoritativeGuestPredicate INSTALLED
[coop:launch] clearCoopRuntime role=host netcode=authoritative gen->6
[coop:stream] streamer DISPOSE: cancel pending(turns=0 enemyParty=0 meBattle=0 stateSync=0) + null-out all handlers
[coop:relay] dispose() (no in-flight waiters)
[coop:pump] end session { seq: -1, termSeq: -1, wasOwner: false }
[coop:transport] state host disconnected -> closed
[coop:turn] host recorder: CLEAR (null-out) live emitter (was=false)
[coop:session] coopAuthoritativeGuestPredicate CLEARED (-> solo/host/lockstep reads false)

[90mstdout[2m | test/tests/elite-redux/coop/coop-soak.test.ts[2m:297:3[22m[2m[2m > [22m[2mNIGHTLY co-op SOAK: seeded randomized two-engine run (#841)[2m > [22m[2mretained wave boundary keeps one X Attack exact on both clients through natural expiry without recovery
[22m[39m[2m> [22m[30m[48;2;193;98;222m Test finished! [49m[39m
    Name: [38;2;0;136;134mNIGHTLY co-op SOAK: seeded randomized two-engine run (#841) > retained wave boundary keeps one X Attack exact on both clients through natural expiry without recovery[39m
    Result: [32m[1m✓ Passed[22m[39m [2min[22m [33m21729[39m[2mms[22m
    File: [38;2;210;155;14melite-redux/test/tests/elite-redux/coop/coop-soak.test.ts:297:3[39m

[33m[39m[32m·[39m

[31m⎯⎯⎯⎯⎯⎯⎯[39m[1m[41m Failed Tests 1 [49m[22m[31m⎯⎯⎯⎯⎯⎯⎯[39m

[41m[1m FAIL [22m[49m [30m[45m main [49m[39m test/tests/elite-redux/coop/coop-soak.test.ts[2m:165:3[22m[2m > [22mNIGHTLY co-op SOAK: seeded randomized two-engine run (#841)[2m > [22mplays a seeded randomized co-op run asserting DIGEST/LOCKSTEP/NO-PARK/TEARDOWN each wave
[31m[1mSoakInvariantError[22m: [coop-soak] NO-PARK invariant breached at wave 200 (seed 20470485): wave crossing threw (strand/stall): client phase drive to guest command 200:1 HANG on CoopReplayTurnPhase; queued=[CommandPhase,TurnStartPhase], ui=MESSAGE. Artifact + both logs: /home/runner/work/elite-redux/elite-redux/dev-logs/coop-soak/2026-07-26T01-24-27-669Z__seed-20470485__wave-200. Replay: SOAK_SEED=20470485[39m
[36m [2m❯[22m fail test/tools/coop-soak-driver.ts:[2m1699:11[22m[39m
    [90m1697|[39m       phaseState: phaseStateDump(rig),
    [90m1698|[39m     });
    [90m1699|[39m     throw new SoakInvariantError(invariant, seed, wave, detail, dir);
    [90m   |[39m           [31m^[39m
    [90m1700|[39m   };
    [90m1701|[39m
[90m [2m❯[22m runCoopSoak test/tools/coop-soak-driver.ts:[2m4857:11[22m[39m
[90m [2m❯[22m test/tests/elite-redux/coop/coop-soak.test.ts:[2m184:22[22m[39m

[31m[2m⎯⎯⎯⎯⎯⎯⎯⎯⎯⎯⎯⎯⎯⎯⎯⎯⎯⎯⎯⎯⎯⎯⎯⎯[1/1]⎯[22m[39m


[2m Test Files [22m [1m[31m1 failed[39m[22m[90m (1)[39m
[2m      Tests [22m [1m[31m1 failed[39m[22m[2m | [22m[1m[32m1 passed[39m[22m[90m (2)[39m
[2m   Start at [22m 01:06:27
[2m   Duration [22m 1101.53s[2m (transform 21.51s, setup 26.16s, import 326ms, tests 1074.01s, environment 810ms)[22m

