===== COOP SOAK RESULT =====
profile: journey
verdict: FAIL
waves_requested: 45
run_mode: diagnostic
calibration_id: journey-45-thirteen-event
target_sha: f4bb59d5d87b2104ff57f1835b1832ac29cc9756
checked_out_sha: f4bb59d5d87b2104ff57f1835b1832ac29cc9756
base_seed: 20260726
campaign_seed: fixed-in-test (matrix candidate 20260726 not consumed)
run: 30183221756 (workflow source f4bb59d5d87b2104ff57f1835b1832ac29cc9756)
timestamp: 2026-07-26T01-41-31Z

----- driver lines -----
[31m[1mSoakInvariantError[22m: [coop-soak] NO-PARK invariant breached at wave 6 (seed 828633): wave crossing threw (strand/stall): PhaseInterceptor.toFirst([CommandPhase, ErDexNavPhase, ScanIvsPhase, TheBargainPhase, ErCrossroadsPhase, SelectBiomePhase]) did not reach a target (soft-lock / freeze?): stuck at phase "NewBiomeEncounterPhase", UI mode MESSAGE (=0), interceptor state "running".

----- vitest result tail -----
[coop:session] coopAuthoritativeGuestPredicate INSTALLED
[coop:launch] clearCoopRuntime role=host netcode=authoritative gen->3
[coop:stream] streamer DISPOSE: cancel pending(turns=0 enemyParty=0 meBattle=0 stateSync=0) + null-out all handlers
[coop:relay] dispose() (no in-flight waiters)
[coop:pump] end session { seq: -1, termSeq: -1, wasOwner: false }
[coop:transport] state host disconnected -> closed
[coop:turn] host recorder: CLEAR (null-out) live emitter (was=false)
[coop:session] coopAuthoritativeGuestPredicate CLEARED (-> solo/host/lockstep reads false)

[90mstdout[2m | test/tests/elite-redux/coop/coop-soak-journey.test.ts[2m:107:3[22m[2m[2m > [22m[2mco-op continuous journey: many mystery events plus biome transitions[2m > [22m[2mplays through thirteen heterogeneous events, later battles, and repeated world-map boundaries without drift
[22m[39m[2m> [22m[30m[48;2;193;98;222m Test finished! [49m[39m
    Name: [38;2;0;136;134mco-op continuous journey: many mystery events plus biome transitions > plays through thirteen heterogeneous events, later battles, and repeated world-map boundaries without drift[39m
    Result: [31m[1m✗ Failed[22m[39m [2min[22m [33m35504[39m[2mms[22m
    File: [38;2;210;155;14melite-redux/test/tests/elite-redux/coop/coop-soak-journey.test.ts:107:3[39m

[33m[39m[31mx[39m

[31m⎯⎯⎯⎯⎯⎯⎯[39m[1m[41m Failed Tests 1 [49m[22m[31m⎯⎯⎯⎯⎯⎯⎯[39m

[41m[1m FAIL [22m[49m [30m[45m main [49m[39m test/tests/elite-redux/coop/coop-soak-journey.test.ts[2m:107:3[22m[2m > [22mco-op continuous journey: many mystery events plus biome transitions[2m > [22mplays through thirteen heterogeneous events, later battles, and repeated world-map boundaries without drift
[31m[1mSoakInvariantError[22m: [coop-soak] NO-PARK invariant breached at wave 6 (seed 828633): wave crossing threw (strand/stall): PhaseInterceptor.toFirst([CommandPhase, ErDexNavPhase, ScanIvsPhase, TheBargainPhase, ErCrossroadsPhase, SelectBiomePhase]) did not reach a target (soft-lock / freeze?): stuck at phase "NewBiomeEncounterPhase", UI mode MESSAGE (=0), interceptor state "running".
Original: Timed out in waitUntil!. Artifact + both logs: /home/runner/work/elite-redux/elite-redux/dev-logs/coop-soak/2026-07-26T01-41-31-276Z__seed-828633__wave-6. Replay: SOAK_SEED=828633[39m
[36m [2m❯[22m fail test/tools/coop-soak-driver.ts:[2m1700:11[22m[39m
    [90m1698|[39m       phaseState: phaseStateDump(rig),
    [90m1699|[39m     });
    [90m1700|[39m     throw new SoakInvariantError(invariant, seed, wave, detail, dir);
    [90m   |[39m           [31m^[39m
    [90m1701|[39m   };
    [90m1702|[39m
[90m [2m❯[22m runCoopSoak test/tools/coop-soak-driver.ts:[2m4980:11[22m[39m
[90m [2m❯[22m test/tests/elite-redux/coop/coop-soak-journey.test.ts:[2m111:20[22m[39m

[31m[2m⎯⎯⎯⎯⎯⎯⎯⎯⎯⎯⎯⎯⎯⎯⎯⎯⎯⎯⎯⎯⎯⎯⎯⎯[1/1]⎯[22m[39m


[2m Test Files [22m [1m[31m1 failed[39m[22m[90m (1)[39m
[2m      Tests [22m [1m[31m1 failed[39m[22m[90m (1)[39m
[2m   Start at [22m 01:40:27
[2m   Duration [22m 63.45s[2m (transform 21.75s, setup 26.30s, import 335ms, tests 35.94s, environment 713ms)[22m

