scenario: Endless: final boss auto-KO
url:      https://elite-redux-staging.pages.dev/
build:    github:7b7231a85a51612e29c40ce95b7126f9fe02eda0:run-32051280588.1
ua:       Mozilla/5.0 (Windows NT 10.0; Win64; x64) AppleWebKit/537.36 (KHTML, like Gecko) Chrome/151.0.0.0 Safari/537.36
platform: Win32
screen:   1920x1080 @1x  devmem:16 GB
boot:     boot-start@0ms -> loading-complete@83899ms -> title-shown@87204ms
lastSess: ok (reached title)
mode:     0  wave:201
seed:     cU91CbwnP0tygPjK7yJNcjqE
party:    Bewear Angry(L200 1184hp f0), Iron Voca(L200 648hp f0), Honchkrow(L200 638hp f0), Pikachu(L200 392hp f7), Lycanroc Eclipse(L200 558hp f0), Golem(L200 602hp f0)
enemy:    Alakazam(L200), Terrow(L200), Oinkologne(L200)

----- BUILD IDENTITY (JSON) -----
{"version":1,"id":"github:7b7231a85a51612e29c40ce95b7126f9fe02eda0:run-32051280588.1","source":"github","sha":"7b7231a85a51612e29c40ce95b7126f9fe02eda0","workflow":{"provider":"github-actions","runId":"32051280588","runAttempt":1,"workflow":"Deploy Staging","job":"deploy","repository":"Heraklines/elite-redux","ref":"feat/elite-redux-port"},"deployment":null}

----- CONSOLE -----
[18:06:52.962] LOG: %c %c %c %c %c Phaser v3.90.0 (WebGL | Web Audio) %c https://phaser.io/v390 background: #ff0000 background: #ffff00 background: #00ff00 background: #00ffff color: #ffffff; background: #000000 background: transparent
[18:06:54.049] LOG: [ER] build {"version":1,"id":"github:7b7231a85a51612e29c40ce95b7126f9fe02eda0:run-32051280588.1","source":"github","sha":"7b7231a85a51612e29c40ce95b7126f9fe02eda0","workflow":{"provider":"github-actions","runId":"32051280588","runAttempt":1,"workflow":"Deploy Staging","job":"deploy","repository":"Heraklines/elite-redux","ref":"feat/elite-redux-port"},"deployment":null}
[18:06:54.080] LOG: [dev-tools] loaded — 1 picker scenarios + Send Logs button
[18:08:13.218] DEBUG: Destroying loading scene
[18:08:13.218] DEBUG: Destroyed loading scene
[18:08:13.283] LOG: Seed: cU91CbwnP0tygPjK7yJNcjqE
[18:08:13.283] LOG: Wave Seed: cU91CbwnP0tygPjK7yJNcjqE 0
[18:08:15.690] LOG: %cStart Phase LoginPhase color:green;
[18:08:15.964] LOG: Client Session: 5yPS5tAikelzyaE5HIpbqHLDDwDqx4Q3
[18:08:16.509] LOG: %cStart Phase TitlePhase color:green;
[18:08:16.511] LOG: Getting Session Slot id: %d 0
[18:08:16.724] LOG: use seasonal splash messages true
[18:08:32.524] LOG: %cStart Phase SelectStarterPhase color:green;
[18:08:32.584] LOG: Applied Iron 
[18:08:32.584] LOG: Applied HP Up 
[18:08:32.584] LOG: Applied Calcium 
[18:08:32.584] LOG: Applied Soul Dew 
[18:08:32.585] LOG: Applied Soul Dew 
[18:08:32.587] LOG: Applied Calcium 
[18:08:32.589] LOG: Applied Iron 
[18:08:32.589] LOG: Applied HP Up 
[18:08:32.589] LOG: Applied Calcium 
[18:08:32.590] LOG: Applied Soul Dew 
[18:08:32.590] LOG: Applied Soul Dew 
[18:08:32.591] LOG: Applied Calcium 
[18:08:33.222] LOG: Wave Seed: īĝāùċĪĿĶĘøļŁįĘĲēÿŁĒĖīĲĹč 200
[18:08:33.231] LOG: %cStart Phase EncounterPhase color:green;
[18:08:33.238] LOG: Starting species pool tier: BOSS_RARE
[18:08:33.238] LOG: Downgraded rarity tier from BOSS_RARE to BOSS
[18:08:33.256] LOG: Pokemon: Foe Cascoon | Species ID: 268 | Level: 200 | Nature: Modest (+SpAtk/-Atk)
[18:08:33.256] LOG: Stats (IVs): HP: 446 (31), Atk: 168 (31), Def: 125 (31), Spatk: 151 (31), Spdef: 281 (31), Spd: 73 (31)
[18:08:33.256] LOG: Ability: Angel's Wrath | Passive Ability: Prismatic Fur | Boss Bars: 3
[18:08:33.256] LOG: Moveset: ["Tackle","Poison Sting","String Shot","Harden","Iron Defense","Electroweb","Bug Bite"]
[18:08:33.632] LOG: Wave Seed: īĝāùċĪĿĶĘøļŁįĘĲēÿŁĒĖīĲĹč 200
[18:08:37.513] LOG: %cStart Phase SummonPhase color:green;
[18:08:37.663] LOG: Applied Iron 
[18:08:37.663] LOG: Applied HP Up 
[18:08:37.663] LOG: Applied Calcium 
[18:08:37.663] LOG: Applied Soul Dew 
[18:08:37.664] LOG: Applied Soul Dew 
[18:08:37.665] LOG: Applied Calcium 
[18:08:37.690] WARN: cry/10766 not found
[18:08:37.787] LOG: %cStart Phase ShinySparklePhase color:green;
[18:08:37.890] LOG: %cStart Phase ToggleDoublePositionPhase color:green;
[18:08:37.892] LOG: %cStart Phase CheckSwitchPhase color:green;
[18:08:39.082] LOG: %cStart Phase InitEncounterPhase color:green;
[18:08:39.087] LOG: %cStart Phase PostSummonPhase color:green;
[18:08:39.087] LOG: Ran PSP for: Bewear Angry
[18:08:39.092] LOG: %cStart Phase PostSummonPhase color:green;
[18:08:39.093] LOG: %cStart Phase ShowAbilityPhase color:green;
[18:08:39.253] LOG: %cStart Phase MessagePhase color:green;
[18:08:39.474] LOG: %cStart Phase HideAbilityPhase color:green;
[18:08:39.496] LOG: %cStart Phase PostSummonPhase color:green;
[18:08:39.496] LOG: Ran PSP for: Cascoon
[18:08:39.498] LOG: %cStart Phase TurnInitPhase color:green;
[18:08:39.499] LOG: %cStart Phase CommandPhase color:green;
[18:08:40.630] LOG: Move: DOUBLE_LARIAT Move targets: {"targets":[2],"multiple":true} 
Player Pokemon: Bewear Angry
[18:08:40.632] LOG: %cStart Phase EnemyCommandPhase color:green;
[18:08:40.639] LOG: Battle Seed: paCU5waY6bA8v25r
[18:08:40.641] WARN: BattlerTag KINGS_SHIELD is missing a score!
[18:08:40.642] WARN: BattlerTag KINGS_SHIELD is missing a score!
[18:08:40.643] LOG: Applied Silk Scarf 
[18:08:40.646] LOG: %cStart Phase TurnStartPhase color:green;
[18:08:40.648] LOG: %cStart Phase DamageAnimPhase color:green;
[18:08:41.641] LOG: %cStart Phase StatStageChangePhase color:green;
[18:08:41.641] LOG: %cStart Phase StatStageChangePhase color:green;
[18:08:41.641] LOG: %cStart Phase MessagePhase color:green;
[18:08:41.793] LOG: %cStart Phase FaintPhase color:green;
[18:08:41.801] LOG: [coop:account] account-write scope OPEN (achievement-egg-reward) depth=1
[18:08:43.158] LOG: Dialogue saved as seen: battleSpecDialogue:secondStageWin
[18:08:43.219] LOG: %cStart Phase MessagePhase color:green;
[18:08:44.852] LOG: %cStart Phase VictoryPhase color:green;
[18:08:44.868] LOG: %cStart Phase TurnInitPhase color:green;
[18:08:44.868] LOG: %cStart Phase CheckInterludePhase color:green;
[18:08:44.868] LOG: %cStart Phase PositionalTagPhase color:green;
[18:08:44.868] LOG: %cStart Phase TurnEndPhase color:green;
[18:08:44.870] LOG: %cStart Phase BattleEndPhase color:green;
[18:08:44.871] LOG: Battle Score: 225 (1 Turns x1)
[18:08:44.871] LOG: Total Score: 5225
[18:08:44.875] LOG: Applied Iron 
[18:08:44.876] LOG: Applied HP Up 
[18:08:44.876] LOG: Applied Calcium 
[18:08:44.876] LOG: Applied Soul Dew 
[18:08:44.877] LOG: Applied Soul Dew 
[18:08:44.878] LOG: Applied Calcium 
[18:08:44.887] LOG: %cStart Phase GameOverPhase color:green;
[18:08:44.887] LOG: %cStart Phase EndlessOfferPhase color:green;
[18:08:48.644] LOG: %cStart Phase EndlessContinuationPhase color:green;
[18:09:07.837] LOG: %cStart Phase NewBattlePhase color:green;
[18:09:07.837] LOG: Wave Seed: ĬĞĂúČīŀķęùĽłİęĳĔĀłēėĬĳĺĎ 201
[18:09:07.848] LOG: %cStart Phase SwitchBiomePhase color:green;
[18:09:08.259] LOG: %cStart Phase ReturnPhase color:green;
[18:09:08.363] LOG: %cStart Phase ShowTrainerPhase color:green;
[18:09:08.467] LOG: %cStart Phase NewBiomeEncounterPhase color:green;
[18:09:08.470] LOG: Starting species pool tier: RARE
[18:09:08.476] LOG: Replaced ABRA with ALAKAZAM
[18:09:08.501] LOG: Pokemon: Wild Alakazam | Species ID: 65 | Level: 200 | Nature: Bold (+Def/-Atk)
[18:09:08.501] LOG: Stats (IVs): HP: 454 (12), Atk: 188 (2), Def: 255 (23), Spatk: 569 (12), Spdef: 391 (3), Spd: 535 (25)
[18:09:08.501] LOG: Ability: Mystic Power | Passive Ability: Psychic Mind 
[18:09:08.501] LOG: Moveset: ["Psycho Boost","Future Sight","Tri Attack","Gravity"]
[18:09:08.501] LOG: Starting species pool tier: COMMON
[18:09:08.519] LOG: Replaced SPEAROW with 
[18:09:08.554] LOG: Pokemon: Wild Terrow | Species ID: 10879 | Level: 200 | Nature: Modest (+SpAtk/-Atk)
[18:09:08.554] LOG: Stats (IVs): HP: 672 (21), Atk: 531 (29), Def: 423 (19), Spatk: 285 (25), Spdef: 219 (5), Spd: 497 (30)
[18:09:08.554] LOG: Ability: Reckless | Passive Ability: Striker 
[18:09:08.554] LOG: Moveset: ["High Jump Kick","Axe Kick","Thunderous Kick","Parting Shot"]
[18:09:08.554] LOG: Starting species pool tier: COMMON
[18:09:08.574] LOG: Replaced LECHONK with OINKOLOGNE
[18:09:08.595] LOG: Pokemon: Wild Oinkologne | Species ID: 916 | Level: 200 | Nature: Hasty (+Spd/-Def)
[18:09:08.595] LOG: Stats (IVs): HP: 646 (18), Atk: 449 (2), Def: 413 (27), Spatk: 271 (15), Spdef: 375 (15), Spd: 316 (11)
[18:09:08.595] LOG: Ability: Lingering Aroma | Passive Ability: Thick Fat 
[18:09:08.595] LOG: Moveset: ["Stomp","Slack Off","Aromatic Mist","Hyper Fang"]
[18:09:11.917] LOG: Wave Seed: ĬĞĂúČīŀķęùĽłİęĳĔĀłēėĬĳĺĎ 201
[18:09:12.120] WARN: cry/10879 not found
[18:09:12.126] LOG: %cStart Phase ShinySparklePhase color:green;
[18:09:12.223] LOG: %cStart Phase LevelCapPhase color:green;
[18:09:15.940] LOG: %cStart Phase SummonPhase color:green;
[18:09:16.086] LOG: Applied Iron 
[18:09:16.086] LOG: Applied HP Up 
[18:09:16.086] LOG: Applied Calcium 
[18:09:16.086] LOG: Applied Soul Dew 
[18:09:16.087] LOG: Applied Soul Dew 
[18:09:16.088] LOG: Applied Calcium 
[18:09:16.109] WARN: cry/10766 not found
[18:09:16.210] LOG: %cStart Phase ShinySparklePhase color:green;
[18:09:16.313] LOG: %cStart Phase ToggleDoublePositionPhase color:green;
[18:09:16.319] LOG: %cStart Phase SummonPhase color:green;
[18:09:16.468] LOG: Applied Iron 
[18:09:16.468] LOG: Applied HP Up 
[18:09:16.468] LOG: Applied Calcium 
[18:09:16.469] LOG: Applied Soul Dew 
[18:09:16.469] LOG: Applied Soul Dew 
[18:09:16.472] LOG: Applied Calcium 
[18:09:16.496] WARN: cry/10047 not found
[18:09:16.600] LOG: %cStart Phase ShinySparklePhase color:green;
[18:09:16.700] LOG: %cStart Phase SummonPhase color:green;
[18:09:16.860] LOG: Applied Iron 
[18:09:16.860] LOG: Applied HP Up 
[18:09:16.860] LOG: Applied Calcium 
[18:09:16.860] LOG: Applied Soul Dew 
[18:09:16.861] LOG: Applied Soul Dew 
[18:09:16.864] LOG: Applied Calcium 
[18:09:16.979] LOG: %cStart Phase CheckSwitchPhase color:green;
[18:09:19.148] LOG: %cStart Phase CheckSwitchPhase color:green;
[18:09:19.447] LOG: %cStart Phase CheckSwitchPhase color:green;
[18:09:19.932] LOG: %cStart Phase InitEncounterPhase color:green;
[18:09:20.052] LOG: %cStart Phase PostSummonPhase color:green;
[18:09:20.052] LOG: Ran PSP for: Bewear Angry
[18:09:20.246] LOG: %cStart Phase PostSummonPhase color:green;
[18:09:20.246] LOG: %cStart Phase ShowAbilityPhase color:green;
[18:09:20.406] LOG: %cStart Phase MessagePhase color:green;
[18:09:20.618] LOG: %cStart Phase HideAbilityPhase color:green;
[18:09:20.754] LOG: %cStart Phase PostSummonPhase color:green;
[18:09:20.754] LOG: Ran PSP for: Iron Voca
[18:09:20.873] LOG: %cStart Phase PostSummonPhase color:green;
[18:09:20.873] LOG: Ran PSP for: Alakazam
[18:09:20.964] LOG: %cStart Phase PostSummonPhase color:green;
[18:09:20.964] LOG: Ran PSP for: Terrow
[18:09:21.062] LOG: %cStart Phase PostSummonPhase color:green;
[18:09:21.101] LOG: %cStart Phase ShowAbilityPhase color:green;
[18:09:21.262] LOG: %cStart Phase MessagePhase color:green;
[18:09:21.564] LOG: %cStart Phase StatStageChangePhase color:green;
[18:09:21.568] LOG: Battle Seed: t6AMcwzNffcYyf3J
[18:09:21.748] LOG: %cStart Phase MessagePhase color:green;
[18:09:21.946] LOG: %cStart Phase StatStageChangePhase color:green;
[18:09:22.138] LOG: %cStart Phase MessagePhase color:green;
[18:09:22.333] LOG: %cStart Phase HideAbilityPhase color:green;
[18:09:22.403] LOG: %cStart Phase PostSummonPhase color:green;
[18:09:22.403] LOG: Ran PSP for: Honchkrow
[18:09:22.454] LOG: %cStart Phase PostSummonPhase color:green;
[18:09:22.454] LOG: Ran PSP for: Oinkologne
[18:09:22.507] LOG: %cStart Phase PostSummonPhase color:green;
[18:09:22.508] LOG: %cStart Phase ShowAbilityPhase color:green;
[18:09:22.677] LOG: %cStart Phase MovePhase color:green;
[18:09:22.678] LOG: %cUser: Oinkologne
Move: SAFEGUARD
Use Mode: INDIRECT color:orchid
[18:09:23.001] LOG: %cStart Phase MessagePhase color:green;
[18:09:23.125] LOG: %cStart Phase MoveEffectPhase color:green;
[18:09:23.145] LOG: %cStart Phase MessagePhase color:green;
[18:09:23.404] LOG: %cStart Phase MoveEndPhase color:green;
[18:09:23.405] LOG: %cStart Phase HideAbilityPhase color:green;
[18:09:23.434] LOG: %cStart Phase ShowAbilityPhase color:green;
[18:09:23.593] LOG: %cStart Phase HideAbilityPhase color:green;
[18:09:23.634] LOG: %cStart Phase PostSummonPhase color:green;
[18:09:23.635] LOG: %cStart Phase ShowAbilityPhase color:green;
[18:09:23.803] LOG: %cStart Phase MovePhase color:green;
[18:09:23.803] LOG: %cUser: Oinkologne
Move: NO_RETREAT
Use Mode: FOLLOW_UP color:orchid
[18:09:24.431] LOG: %cStart Phase MessagePhase color:green;
[18:09:24.561] LOG: %cStart Phase MoveEffectPhase color:green;
[18:09:24.859] LOG: %cStart Phase StatStageChangePhase color:green;
[18:09:24.859] LOG: %cStart Phase StatStageChangePhase color:green;
[18:09:25.037] LOG: %cStart Phase MessagePhase color:green;
[18:09:25.225] LOG: %cStart Phase StatStageChangePhase color:green;
[18:09:25.458] LOG: %cStart Phase MessagePhase color:green;
[18:09:25.630] LOG: %cStart Phase StatStageChangePhase color:green;
[18:09:25.871] LOG: %cStart Phase MessagePhase color:green;
[18:09:26.044] LOG: %cStart Phase StatStageChangePhase color:green;
[18:09:26.290] LOG: %cStart Phase MessagePhase color:green;
[18:09:26.471] LOG: %cStart Phase StatStageChangePhase color:green;
[18:09:26.703] LOG: %cStart Phase MessagePhase color:green;
[18:09:26.878] LOG: %cStart Phase MessagePhase color:green;
[18:09:27.122] LOG: %cStart Phase MoveEndPhase color:green;
[18:09:27.123] LOG: %cStart Phase HideAbilityPhase color:green;
[18:09:27.153] LOG: %cStart Phase PostSummonPhase color:green;
[18:09:27.153] LOG: %cStart Phase TurnInitPhase color:green;
[18:09:27.153] LOG: %cStart Phase CommandPhase color:green;
[18:09:28.472] LOG: Applied Scope Lens 
[18:09:28.476] LOG: crit stage: +1
[18:09:29.762] LOG: crit stage: +0
[18:09:29.930] LOG: crit stage: +0
[18:09:30.080] LOG: crit stage: +0
[18:09:36.759] LOG: crit stage: +0

----- REPLAY TRACE (JSON) -----
{"version":2,"seed":"cU91CbwnP0tygPjK7yJNcjqE","gameModeId":0,"difficulty":"youngster","challenges":[],"roster":[{"id":4279785471,"player":true,"species":10766,"formIndex":0,"abilityIndex":0,"passive":false,"shiny":true,"variant":2,"pokeball":0,"level":200,"exp":8000000,"levelExp":0,"gender":0,"hp":1184,"stats":[1184,911,907,175,307,587],"ivs":[31,31,31,31,31,31],"nature":3,"moveset":[{"moveId":5069,"ppUsed":0,"ppUp":0},{"moveId":409,"ppUsed":0,"ppUp":0},{"moveId":5,"ppUsed":0,"ppUp":0},{"moveId":748,"ppUsed":0,"ppUp":0}],"status":null,"friendship":50,"metLevel":200,"metBiome":-1,"metSpecies":10766,"metWave":-1,"luck":0,"pauseEvolutions":false,"pokerus":false,"usedTMs":[],"teraType":0,"isTerastallized":false,"stellarTypesBoosted":[],"fusionShiny":false,"fusionLuck":3,"fusionTeraType":0,"boss":false,"bossSegments":0,"summonData":{"statStages":[0,0,0,0,0,0,0],"moveQueue":[],"tags":[],"abilitySuppressed":false,"abilitiesApplied":[],"erSuppressedInnateSlots":[false,false,false],"erTimedAbilitySuppressions":[],"erAbilityProvenance":[],"erImposterCopiedAttackBoost":false,"chuckusterReductionUsed":false,"forceAttackerOutUsed":false,"erCommandedUsedThisSwitchIn":false,"stats":[0,0,0,0,0,0],"types":[],"berriesEatenLast":[],"moveHistory":[]},"battleData":{"hitCount":0,"hasEatenBerry":false,"berriesEaten":[],"anticipationDodgeUsed":false,"rudeAwakeningTriggered":false,"cowardProtectUsed":false,"lostItems":[]},"customPokemonData":{"spriteScale":-1,"ability":-1,"passive":-1,"passive2":-1,"passive3":-1,"nature":-1,"bonusMoveSlots":0,"abilityOverridesForm":false,"types":[],"hitsRecCount":null,"erBlackShiny":false,"erGiftAbilities":[],"erGiftIndex":0,"erSoulHarvestFaintCount":0,"erShinyLabSuppressLocal":false,"erInnateShrineUnlocked":false,"erCursedStat":-1,"erLockedAbilitySlots":[],"erRunUnlockedAbilitySlots":[],"erFunPseudoMega":false},"fusionCustomPokemonData":{"spriteScale":-1,"ability":-1,"passive":-1,"passive2":-1,"passive3":-1,"nature":-1,"bonusMoveSlots":0,"abilityOverridesForm":false,"types":[],"hitsRecCount":null,"erBlackShiny":false,"erGiftAbilities":[],"erGiftIndex":0,"erSoulHarvestFaintCount":0,"erShinyLabSuppressLocal":false,"erInnateShrineUnlocked":false,"erCursedStat":-1,"erLockedAbilitySlots":[],"erRunUnlockedAbilitySlots":[],"erFunPseudoMega":false},"mysteryEncounterPokemonData":null,"fusionMysteryEncounterPokemonData":null},{"id":4125261214,"player":true,"species":10047,"formIndex":0,"abilityIndex":0,"passive":false,"shiny":true,"variant":1,"pokeball":0,"level":200,"exp":8000000,"levelExp":0,"gender":-1,"hp":648,"stats":[648,261,547,813,347,539],"ivs":[31,31,31,31,31,31],"nature":15,"moveset":[{"moveId":304,"ppUsed":0,"ppUp":0},{"moveId":786,"ppUsed":0,"ppUp":0},{"moveId":5154,"ppUsed":0,"ppUp":0},{"moveId":914,"ppUsed":0,"ppUp":0}],"status":null,"friendship":50,"metLevel":200,"metBiome":-1,"metSpecies":10047,"metWave":-1,"luck":0,"pauseEvolutions":false,"pokerus":false,"usedTMs":[],"teraType":8,"isTerastallized":false,"stellarTypesBoosted":[],"fusionShiny":false,"fusionLuck":2,"fusionTeraType":0,"boss":false,"bossSegments":0,"summonData":{"statStages":[0,0,-1,0,0,0,0],"moveQueue":[],"tags":[],"abilitySuppressed":false,"abilitiesApplied":[],"erSuppressedInnateSlots":[false,false,false],"erTimedAbilitySuppressions":[],"erAbilityProvenance":[],"erImposterCopiedAttackBoost":false,"chuckusterReductionUsed":false,"forceAttackerOutUsed":false,"erCommandedUsedThisSwitchIn":false,"stats":[0,0,0,0,0,0],"types":[],"berriesEatenLast":[],"moveHistory":[]},"battleData":{"hitCount":0,"hasEatenBerry":false,"berriesEaten":[],"anticipationDodgeUsed":false,"rudeAwakeningTriggered":false,"cowardProtectUsed":false,"lostItems":[]},"customPokemonData":{"spriteScale":-1,"ability":-1,"passive":-1,"passive2":-1,"passive3":-1,"nature":-1,"bonusMoveSlots":0,"abilityOverridesForm":false,"types":[],"hitsRecCount":null,"erBlackShiny":false,"erGiftAbilities":[],"erGiftIndex":0,"erSoulHarvestFaintCount":0,"erShinyLabSuppressLocal":false,"erInnateShrineUnlocked":false,"erCursedStat":-1,"erLockedAbilitySlots":[],"erRunUnlockedAbilitySlots":[],"erFunPseudoMega":false},"fusionCustomPokemonData":{"spriteScale":-1,"ability":-1,"passive":-1,"passive2":-1,"passive3":-1,"nature":-1,"bonusMoveSlots":0,"abilityOverridesForm":false,"types":[],"hitsRecCount":null,"erBlackShiny":false,"erGiftAbilities":[],"erGiftIndex":0,"erSoulHarvestFaintCount":0,"erShinyLabSuppressLocal":false,"erInnateShrineUnlocked":false,"erCursedStat":-1,"erLockedAbilitySlots":[],"erRunUnlockedAbilitySlots":[],"erFunPseudoMega":false},"mysteryEncounterPokemonData":null,"fusionMysteryEncounterPokemonData":null},{"id":3731119984,"player":true,"species":430,"formIndex":0,"abilityIndex":1,"passive":false,"shiny":false,"variant":0,"pokeball":0,"level":200,"exp":8331454,"levelExp":0,"gender":0,"hp":638,"stats":[638,450,231,239,343,451],"ivs":[14,8,9,2,7,13],"nature":15,"moveset":[{"moveId":372,"ppUsed":0,"ppUp":0},{"moveId":575,"ppUsed":0,"ppUp":0},{"moveId":413,"ppUsed":0,"ppUp":0},{"moveId":448,"ppUsed":0,"ppUp":0}],"status":null,"friendship":35,"metLevel":200,"metBiome":-1,"metSpecies":430,"metWave":-1,"luck":0,"pauseEvolutions":false,"pokerus":false,"usedTMs":[],"teraType":16,"isTerastallized":false,"stellarTypesBoosted":[],"fusionShiny":false,"fusionLuck":0,"fusionTeraType":0,"boss":false,"bossSegments":0,"summonData":{"statStages":[0,0,-1,0,0,0,0],"moveQueue":[],"tags":[],"abilitySuppressed":false,"abilitiesApplied":[],"erSuppressedInnateSlots":[false,false,false],"erTimedAbilitySuppressions":[],"erAbilityProvenance":[],"erImposterCopiedAttackBoost":false,"chuckusterReductionUsed":false,"forceAttackerOutUsed":false,"erCommandedUsedThisSwitchIn":false,"stats":[0,0,0,0,0,0],"types":[],"berriesEatenLast":[],"moveHistory":[]},"battleData":{"hitCount":0,"hasEatenBerry":false,"berriesEaten":[],"anticipationDodgeUsed":false,"rudeAwakeningTriggered":false,"cowardProtectUsed":false,"lostItems":[]},"customPokemonData":{"spriteScale":-1,"ability":-1,"passive":-1,"passive2":-1,"passive3":-1,"nature":-1,"bonusMoveSlots":0,"abilityOverridesForm":false,"types":[],"hitsRecCount":null,"erBlackShiny":false,"erGiftAbilities":[],"erGiftIndex":0,"erSoulHarvestFaintCount":0,"erShinyLabSuppressLocal":false,"erInnateShrineUnlocked":false,"erCursedStat":-1,"erLockedAbilitySlots":[],"erRunUnlockedAbilitySlots":[],"erFunPseudoMega":false},"fusionCustomPokemonData":{"spriteScale":-1,"ability":-1,"passive":-1,"passive2":-1,"passive3":-1,"nature":-1,"bonusMoveSlots":0,"abilityOverridesForm":false,"types":[],"hitsRecCount":null,"erBlackShiny":false,"erGiftAbilities":[],"erGiftIndex":0,"erSoulHarvestFaintCount":0,"erShinyLabSuppressLocal":false,"erInnateShrineUnlocked":false,"erCursedStat":-1,"erLockedAbilitySlots":[],"erRunUnlockedAbilitySlots":[],"erFunPseudoMega":false},"mysteryEncounterPokemonData":null,"fusionMysteryEncounterPokemonData":null},{"id":4283108795,"player":true,"species":25,"formIndex":7,"abilityIndex":1,"passive":false,"shiny":false,"variant":0,"pokeball":0,"level":200,"exp":8000000,"levelExp":0,"gender":0,"hp":392,"stats":[392,360,265,341,222,545],"ivs":[1,1,30,18,1,30],"nature":4,"moveset":[{"moveId":732,"ppUsed":0,"ppUp":0},{"moveId":231,"ppUsed":0,"ppUp":0},{"moveId":86,"ppUsed":0,"ppUp":0},{"moveId":87,"ppUsed":0,"ppUp":0}],"status":null,"friendship":50,"metLevel":200,"metBiome":-1,"metSpecies":25,"metWave":-1,"luck":2,"pauseEvolutions":false,"pokerus":false,"usedTMs":[],"teraType":12,"isTerastallized":false,"stellarTypesBoosted":[],"fusionShiny":false,"fusionLuck":0,"fusionTeraType":0,"boss":false,"bossSegments":0,"summonData":{"statStages":[0,0,0,0,0,0,0],"moveQueue":[],"tags":[],"abilitySuppressed":false,"abilitiesApplied":[],"erSuppressedInnateSlots":[false,false,false],"erTimedAbilitySuppressions":[],"erAbilityProvenance":[],"erImposterCopiedAttackBoost":false,"chuckusterReductionUsed":false,"forceAttackerOutUsed":false,"erCommandedUsedThisSwitchIn":false,"stats":[0,0,0,0,0,0],"types":[],"berriesEatenLast":[],"moveHistory":[]},"battleData":{"hitCount":0,"hasEatenBerry":false,"berriesEaten":[],"anticipationDodgeUsed":false,"rudeAwakeningTriggered":false,"cowardProtectUsed":false,"lostItems":[]},"customPokemonData":{"spriteScale":-1,"ability":-1,"passive":-1,"passive2":-1,"passive3":-1,"nature":-1,"bonusMoveSlots":0,"abilityOverridesForm":false,"types":[],"hitsRecCount":null,"erBlackShiny":false,"erGiftAbilities":[],"erGiftIndex":0,"erSoulHarvestFaintCount":0,"erShinyLabSuppressLocal":false,"erInnateShrineUnlocked":false,"erCursedStat":-1,"erLockedAbilitySlots":[],"erRunUnlockedAbilitySlots":[],"erFunPseudoMega":false},"fusionCustomPokemonData":{"spriteScale":-1,"ability":-1,"passive":-1,"passive2":-1,"passive3":-1,"nature":-1,"bonusMoveSlots":0,"abilityOverridesForm":false,"types":[],"hitsRecCount":null,"erBlackShiny":false,"erGiftAbilities":[],"erGiftIndex":0,"erSoulHarvestFaintCount":0,"erShinyLabSuppressLocal":false,"erInnateShrineUnlocked":false,"erCursedStat":-1,"erLockedAbilitySlots":[],"erRunUnlockedAbilitySlots":[],"erFunPseudoMega":false},"mysteryEncounterPokemonData":null,"fusionMysteryEncounterPokemonData":null},{"id":21341959,"player":true,"species":10457,"formIndex":0,"abilityIndex":0,"passive":false,"shiny":false,"variant":0,"pokeball":0,"level":200,"exp":8000000,"levelExp":0,"gender":1,"hp":558,"stats":[558,353,239,393,319,505],"ivs":[4,22,7,24,7,28],"nature":6,"moveset":[{"moveId":869,"ppUsed":0,"ppUp":0},{"moveId":95,"ppUsed":0,"ppUp":0},{"moveId":457,"ppUsed":0,"ppUp":0},{"moveId":421,"ppUsed":0,"ppUp":0}],"status":null,"friendship":50,"metLevel":200,"metBiome":-1,"metSpecies":10457,"metWave":-1,"luck":0,"pauseEvolutions":false,"pokerus":false,"usedTMs":[],"teraType":5,"isTerastallized":false,"stellarTypesBoosted":[],"fusionShiny":false,"fusionLuck":0,"fusionTeraType":0,"boss":false,"bossSegments":0,"summonData":{"statStages":[0,0,0,0,0,0,0],"moveQueue":[],"tags":[],"abilitySuppressed":false,"abilitiesApplied":[],"erSuppressedInnateSlots":[false,false,false],"erTimedAbilitySuppressions":[],"erAbilityProvenance":[],"erImposterCopiedAttackBoost":false,"chuckusterReductionUsed":false,"forceAttackerOutUsed":false,"erCommandedUsedThisSwitchIn":false,"stats":[0,0,0,0,0,0],"types":[],"berriesEatenLast":[],"moveHistory":[]},"battleData":{"hitCount":0,"hasEatenBerry":false,"berriesEaten":[],"anticipationDodgeUsed":false,"rudeAwakeningTriggered":false,"cowardProtectUsed":false,"lostItems":[]},"customPokemonData":{"spriteScale":-1,"ability":-1,"passive":-1,"passive2":-1,"passive3":-1,"nature":-1,"bonusMoveSlots":0,"abilityOverridesForm":false,"types":[],"hitsRecCount":null,"erBlackShiny":false,"erGiftAbilities":[],"erGiftIndex":0,"erSoulHarvestFaintCount":0,"erShinyLabSuppressLocal":false,"erInnateShrineUnlocked":false,"erCursedStat":-1,"erLockedAbilitySlots":[],"erRunUnlockedAbilitySlots":[],"erFunPseudoMega":false},"fusionCustomPokemonData":{"spriteScale":-1,"ability":-1,"passive":-1,"passive2":-1,"passive3":-1,"nature":-1,"bonusMoveSlots":0,"abilityOverridesForm":false,"types":[],"hitsRecCount":null,"erBlackShiny":false,"erGiftAbilities":[],"erGiftIndex":0,"erSoulHarvestFaintCount":0,"erShinyLabSuppressLocal":false,"erInnateShrineUnlocked":false,"erCursedStat":-1,"erLockedAbilitySlots":[],"erRunUnlockedAbilitySlots":[],"erFunPseudoMega":false},"mysteryEncounterPokemonData":null,"fusionMysteryEncounterPokemonData":null},{"id":800720847,"player":true,"species":2076,"formIndex":0,"abilityIndex":1,"passive":false,"shiny":false,"variant":0,"pokeball":0,"level":200,"exp":8331454,"levelExp":0,"gender":0,"hp":602,"stats":[602,635,491,219,411,202],"ivs":[16,16,23,17,13,20],"nature":2,"moveset":[{"moveId":5035,"ppUsed":0,"ppUp":0},{"moveId":5028,"ppUsed":0,"ppUp":0},{"moveId":5017,"ppUsed":0,"ppUp":0},{"moveId":5153,"ppUsed":0,"ppUp":0}],"status":null,"friendship":70,"metLevel":200,"metBiome":-1,"metSpecies":2076,"metWave":-1,"luck":0,"pauseEvolutions":false,"pokerus":false,"usedTMs":[],"teraType":5,"isTerastallized":false,"stellarTypesBoosted":[],"fusionShiny":false,"fusionLuck":0,"fusionTeraType":0,"boss":false,"bossSegments":0,"summonData":{"statStages":[0,0,0,0,0,0,0],"moveQueue":[],"tags":[],"abilitySuppressed":false,"abilitiesApplied":[],"erSuppressedInnateSlots":[false,false,false],"erTimedAbilitySuppressions":[],"erAbilityProvenance":[],"erImposterCopiedAttackBoost":false,"chuckusterReductionUsed":false,"forceAttackerOutUsed":false,"erCommandedUsedThisSwitchIn":false,"stats":[0,0,0,0,0,0],"types":[],"berriesEatenLast":[],"moveHistory":[]},"battleData":{"hitCount":0,"hasEatenBerry":false,"berriesEaten":[],"anticipationDodgeUsed":false,"rudeAwakeningTriggered":false,"cowardProtectUsed":false,"lostItems":[]},"customPokemonData":{"spriteScale":-1,"ability":-1,"passive":-1,"passive2":-1,"passive3":-1,"nature":-1,"bonusMoveSlots":0,"abilityOverridesForm":false,"types":[],"hitsRecCount":null,"erBlackShiny":false,"erGiftAbilities":[],"erGiftIndex":0,"erSoulHarvestFaintCount":0,"erShinyLabSuppressLocal":false,"erInnateShrineUnlocked":false,"erCursedStat":-1,"erLockedAbilitySlots":[],"erRunUnlockedAbilitySlots":[],"erFunPseudoMega":false},"fusionCustomPokemonData":{"spriteScale":-1,"ability":-1,"passive":-1,"passive2":-1,"passive3":-1,"nature":-1,"bonusMoveSlots":0,"abilityOverridesForm":false,"types":[],"hitsRecCount":null,"erBlackShiny":false,"erGiftAbilities":[],"erGiftIndex":0,"erSoulHarvestFaintCount":0,"erShinyLabSuppressLocal":false,"erInnateShrineUnlocked":false,"erCursedStat":-1,"erLockedAbilitySlots":[],"erRunUnlockedAbilitySlots":[],"erFunPseudoMega":false},"mysteryEncounterPokemonData":null,"fusionMysteryEncounterPokemonData":null}],"events":[{"type":"command","wave":200,"turn":1,"slotFieldIndex":0,"command":{"kind":"move","moveIndex":0,"target":2}}],"endState":{"waveIndex":201,"money":1200,"party":[{"species":10766,"level":200,"hp":1184,"maxHp":1184},{"species":10047,"level":200,"hp":648,"maxHp":648},{"species":430,"level":200,"hp":638,"maxHp":638},{"species":25,"level":200,"hp":392,"maxHp":392},{"species":10457,"level":200,"hp":558,"maxHp":558},{"species":2076,"level":200,"hp":602,"maxHp":602}]},"checkpoint":{"wave":200,"seed":"cU91CbwnP0tygPjK7yJNcjqE","party":[{"id":4279785471,"player":true,"species":10766,"formIndex":0,"abilityIndex":0,"passive":false,"shiny":true,"variant":2,"pokeball":0,"level":200,"exp":8000000,"levelExp":0,"gender":0,"hp":1184,"stats":[1184,911,907,175,307,587],"ivs":[31,31,31,31,31,31],"nature":3,"moveset":[{"moveId":5069,"ppUsed":0,"ppUp":0},{"moveId":409,"ppUsed":0,"ppUp":0},{"moveId":5,"ppUsed":0,"ppUp":0},{"moveId":748,"ppUsed":0,"ppUp":0}],"status":null,"friendship":50,"metLevel":200,"metBiome":-1,"metSpecies":10766,"metWave":-1,"luck":0,"pauseEvolutions":false,"pokerus":false,"usedTMs":[],"teraType":0,"isTerastallized":false,"stellarTypesBoosted":[],"fusionShiny":false,"fusionLuck":3,"fusionTeraType":0,"boss":false,"bossSegments":0,"summonData":{"statStages":[0,0,0,0,0,0,0],"moveQueue":[],"tags":[],"abilitySuppressed":false,"abilitiesApplied":[],"erSuppressedInnateSlots":[false,false,false],"erTimedAbilitySuppressions":[],"erAbilityProvenance":[],"erImposterCopiedAttackBoost":false,"chuckusterReductionUsed":false,"forceAttackerOutUsed":false,"erCommandedUsedThisSwitchIn":false,"stats":[0,0,0,0,0,0],"types":[],"berriesEatenLast":[],"moveHistory":[]},"battleData":{"hitCount":0,"hasEatenBerry":false,"berriesEaten":[],"anticipationDodgeUsed":false,"rudeAwakeningTriggered":false,"cowardProtectUsed":false,"lostItems":[]},"customPokemonData":{"spriteScale":-1,"ability":-1,"passive":-1,"passive2":-1,"passive3":-1,"nature":-1,"bonusMoveSlots":0,"abilityOverridesForm":false,"types":[],"hitsRecCount":null,"erBlackShiny":false,"erGiftAbilities":[],"erGiftIndex":0,"erSoulHarvestFaintCount":0,"erShinyLabSuppressLocal":false,"erInnateShrineUnlocked":false,"erCursedStat":-1,"erLockedAbilitySlots":[],"erRunUnlockedAbilitySlots":[],"erFunPseudoMega":false},"fusionCustomPokemonData":{"spriteScale":-1,"ability":-1,"passive":-1,"passive2":-1,"passive3":-1,"nature":-1,"bonusMoveSlots":0,"abilityOverridesForm":false,"types":[],"hitsRecCount":null,"erBlackShiny":false,"erGiftAbilities":[],"erGiftIndex":0,"erSoulHarvestFaintCount":0,"erShinyLabSuppressLocal":false,"erInnateShrineUnlocked":false,"erCursedStat":-1,"erLockedAbilitySlots":[],"erRunUnlockedAbilitySlots":[],"erFunPseudoMega":false},"mysteryEncounterPokemonData":null,"fusionMysteryEncounterPokemonData":null},{"id":4125261214,"player":true,"species":10047,"formIndex":0,"abilityIndex":0,"passive":false,"shiny":true,"variant":1,"pokeball":0,"level":200,"exp":8000000,"levelExp":0,"gender":-1,"hp":648,"stats":[648,261,547,813,347,539],"ivs":[31,31,31,31,31,31],"nature":15,"moveset":[{"moveId":304,"ppUsed":0,"ppUp":0},{"moveId":786,"ppUsed":0,"ppUp":0},{"moveId":5154,"ppUsed":0,"ppUp":0},{"moveId":914,"ppUsed":0,"ppUp":0}],"status":null,"friendship":50,"metLevel":200,"metBiome":-1,"metSpecies":10047,"metWave":-1,"luck":0,"pauseEvolutions":false,"pokerus":false,"usedTMs":[],"teraType":8,"isTerastallized":false,"stellarTypesBoosted":[],"fusionShiny":false,"fusionLuck":2,"fusionTeraType":0,"boss":false,"bossSegments":0,"summonData":{"statStages":[0,0,-1,0,0,0,0],"moveQueue":[],"tags":[],"abilitySuppressed":false,"abilitiesApplied":[],"erSuppressedInnateSlots":[false,false,false],"erTimedAbilitySuppressions":[],"erAbilityProvenance":[],"erImposterCopiedAttackBoost":false,"chuckusterReductionUsed":false,"forceAttackerOutUsed":false,"erCommandedUsedThisSwitchIn":false,"stats":[0,0,0,0,0,0],"types":[],"berriesEatenLast":[],"moveHistory":[]},"battleData":{"hitCount":0,"hasEatenBerry":false,"berriesEaten":[],"anticipationDodgeUsed":false,"rudeAwakeningTriggered":false,"cowardProtectUsed":false,"lostItems":[]},"customPokemonData":{"spriteScale":-1,"ability":-1,"passive":-1,"passive2":-1,"passive3":-1,"nature":-1,"bonusMoveSlots":0,"abilityOverridesForm":false,"types":[],"hitsRecCount":null,"erBlackShiny":false,"erGiftAbilities":[],"erGiftIndex":0,"erSoulHarvestFaintCount":0,"erShinyLabSuppressLocal":false,"erInnateShrineUnlocked":false,"erCursedStat":-1,"erLockedAbilitySlots":[],"erRunUnlockedAbilitySlots":[],"erFunPseudoMega":false},"fusionCustomPokemonData":{"spriteScale":-1,"ability":-1,"passive":-1,"passive2":-1,"passive3":-1,"nature":-1,"bonusMoveSlots":0,"abilityOverridesForm":false,"types":[],"hitsRecCount":null,"erBlackShiny":false,"erGiftAbilities":[],"erGiftIndex":0,"erSoulHarvestFaintCount":0,"erShinyLabSuppressLocal":false,"erInnateShrineUnlocked":false,"erCursedStat":-1,"erLockedAbilitySlots":[],"erRunUnlockedAbilitySlots":[],"erFunPseudoMega":false},"mysteryEncounterPokemonData":null,"fusionMysteryEncounterPokemonData":null},{"id":3731119984,"player":true,"species":430,"formIndex":0,"abilityIndex":1,"passive":false,"shiny":false,"variant":0,"pokeball":0,"level":200,"exp":8331454,"levelExp":0,"gender":0,"hp":638,"stats":[638,450,231,239,343,451],"ivs":[14,8,9,2,7,13],"nature":15,"moveset":[{"moveId":372,"ppUsed":0,"ppUp":0},{"moveId":575,"ppUsed":0,"ppUp":0},{"moveId":413,"ppUsed":0,"ppUp":0},{"moveId":448,"ppUsed":0,"ppUp":0}],"status":null,"friendship":35,"metLevel":200,"metBiome":-1,"metSpecies":430,"metWave":-1,"luck":0,"pauseEvolutions":false,"pokerus":false,"usedTMs":[],"teraType":16,"isTerastallized":false,"stellarTypesBoosted":[],"fusionShiny":false,"fusionLuck":0,"fusionTeraType":0,"boss":false,"bossSegments":0,"summonData":{"statStages":[0,0,-1,0,0,0,0],"moveQueue":[],"tags":[],"abilitySuppressed":false,"abilitiesApplied":[],"erSuppressedInnateSlots":[false,false,false],"erTimedAbilitySuppressions":[],"erAbilityProvenance":[],"erImposterCopiedAttackBoost":false,"chuckusterReductionUsed":false,"forceAttackerOutUsed":false,"erCommandedUsedThisSwitchIn":false,"stats":[0,0,0,0,0,0],"types":[],"berriesEatenLast":[],"moveHistory":[]},"battleData":{"hitCount":0,"hasEatenBerry":false,"berriesEaten":[],"anticipationDodgeUsed":false,"rudeAwakeningTriggered":false,"cowardProtectUsed":false,"lostItems":[]},"customPokemonData":{"spriteScale":-1,"ability":-1,"passive":-1,"passive2":-1,"passive3":-1,"nature":-1,"bonusMoveSlots":0,"abilityOverridesForm":false,"types":[],"hitsRecCount":null,"erBlackShiny":false,"erGiftAbilities":[],"erGiftIndex":0,"erSoulHarvestFaintCount":0,"erShinyLabSuppressLocal":false,"erInnateShrineUnlocked":false,"erCursedStat":-1,"erLockedAbilitySlots":[],"erRunUnlockedAbilitySlots":[],"erFunPseudoMega":false},"fusionCustomPokemonData":{"spriteScale":-1,"ability":-1,"passive":-1,"passive2":-1,"passive3":-1,"nature":-1,"bonusMoveSlots":0,"abilityOverridesForm":false,"types":[],"hitsRecCount":null,"erBlackShiny":false,"erGiftAbilities":[],"erGiftIndex":0,"erSoulHarvestFaintCount":0,"erShinyLabSuppressLocal":false,"erInnateShrineUnlocked":false,"erCursedStat":-1,"erLockedAbilitySlots":[],"erRunUnlockedAbilitySlots":[],"erFunPseudoMega":false},"mysteryEncounterPokemonData":null,"fusionMysteryEncounterPokemonData":null},{"id":4283108795,"player":true,"species":25,"formIndex":7,"abilityIndex":1,"passive":false,"shiny":false,"variant":0,"pokeball":0,"level":200,"exp":8000000,"levelExp":0,"gender":0,"hp":392,"stats":[392,360,265,341,222,545],"ivs":[1,1,30,18,1,30],"nature":4,"moveset":[{"moveId":732,"ppUsed":0,"ppUp":0},{"moveId":231,"ppUsed":0,"ppUp":0},{"moveId":86,"ppUsed":0,"ppUp":0},{"moveId":87,"ppUsed":0,"ppUp":0}],"status":null,"friendship":50,"metLevel":200,"metBiome":-1,"metSpecies":25,"metWave":-1,"luck":2,"pauseEvolutions":false,"pokerus":false,"usedTMs":[],"teraType":12,"isTerastallized":false,"stellarTypesBoosted":[],"fusionShiny":false,"fusionLuck":0,"fusionTeraType":0,"boss":false,"bossSegments":0,"summonData":{"statStages":[0,0,0,0,0,0,0],"moveQueue":[],"tags":[],"abilitySuppressed":false,"abilitiesApplied":[],"erSuppressedInnateSlots":[false,false,false],"erTimedAbilitySuppressions":[],"erAbilityProvenance":[],"erImposterCopiedAttackBoost":false,"chuckusterReductionUsed":false,"forceAttackerOutUsed":false,"erCommandedUsedThisSwitchIn":false,"stats":[0,0,0,0,0,0],"types":[],"berriesEatenLast":[],"moveHistory":[]},"battleData":{"hitCount":0,"hasEatenBerry":false,"berriesEaten":[],"anticipationDodgeUsed":false,"rudeAwakeningTriggered":false,"cowardProtectUsed":false,"lostItems":[]},"customPokemonData":{"spriteScale":-1,"ability":-1,"passive":-1,"passive2":-1,"passive3":-1,"nature":-1,"bonusMoveSlots":0,"abilityOverridesForm":false,"types":[],"hitsRecCount":null,"erBlackShiny":false,"erGiftAbilities":[],"erGiftIndex":0,"erSoulHarvestFaintCount":0,"erShinyLabSuppressLocal":false,"erInnateShrineUnlocked":false,"erCursedStat":-1,"erLockedAbilitySlots":[],"erRunUnlockedAbilitySlots":[],"erFunPseudoMega":false},"fusionCustomPokemonData":{"spriteScale":-1,"ability":-1,"passive":-1,"passive2":-1,"passive3":-1,"nature":-1,"bonusMoveSlots":0,"abilityOverridesForm":false,"types":[],"hitsRecCount":null,"erBlackShiny":false,"erGiftAbilities":[],"erGiftIndex":0,"erSoulHarvestFaintCount":0,"erShinyLabSuppressLocal":false,"erInnateShrineUnlocked":false,"erCursedStat":-1,"erLockedAbilitySlots":[],"erRunUnlockedAbilitySlots":[],"erFunPseudoMega":false},"mysteryEncounterPokemonData":null,"fusionMysteryEncounterPokemonData":null},{"id":21341959,"player":true,"species":10457,"formIndex":0,"abilityIndex":0,"passive":false,"shiny":false,"variant":0,"pokeball":0,"level":200,"exp":8000000,"levelExp":0,"gender":1,"hp":558,"stats":[558,353,239,393,319,505],"ivs":[4,22,7,24,7,28],"nature":6,"moveset":[{"moveId":869,"ppUsed":0,"ppUp":0},{"moveId":95,"ppUsed":0,"ppUp":0},{"moveId":457,"ppUsed":0,"ppUp":0},{"moveId":421,"ppUsed":0,"ppUp":0}],"status":null,"friendship":50,"metLevel":200,"metBiome":-1,"metSpecies":10457,"metWave":-1,"luck":0,"pauseEvolutions":false,"pokerus":false,"usedTMs":[],"teraType":5,"isTerastallized":false,"stellarTypesBoosted":[],"fusionShiny":false,"fusionLuck":0,"fusionTeraType":0,"boss":false,"bossSegments":0,"summonData":{"statStages":[0,0,0,0,0,0,0],"moveQueue":[],"tags":[],"abilitySuppressed":false,"abilitiesApplied":[],"erSuppressedInnateSlots":[false,false,false],"erTimedAbilitySuppressions":[],"erAbilityProvenance":[],"erImposterCopiedAttackBoost":false,"chuckusterReductionUsed":false,"forceAttackerOutUsed":false,"erCommandedUsedThisSwitchIn":false,"stats":[0,0,0,0,0,0],"types":[],"berriesEatenLast":[],"moveHistory":[]},"battleData":{"hitCount":0,"hasEatenBerry":false,"berriesEaten":[],"anticipationDodgeUsed":false,"rudeAwakeningTriggered":false,"cowardProtectUsed":false,"lostItems":[]},"customPokemonData":{"spriteScale":-1,"ability":-1,"passive":-1,"passive2":-1,"passive3":-1,"nature":-1,"bonusMoveSlots":0,"abilityOverridesForm":false,"types":[],"hitsRecCount":null,"erBlackShiny":false,"erGiftAbilities":[],"erGiftIndex":0,"erSoulHarvestFaintCount":0,"erShinyLabSuppressLocal":false,"erInnateShrineUnlocked":false,"erCursedStat":-1,"erLockedAbilitySlots":[],"erRunUnlockedAbilitySlots":[],"erFunPseudoMega":false},"fusionCustomPokemonData":{"spriteScale":-1,"ability":-1,"passive":-1,"passive2":-1,"passive3":-1,"nature":-1,"bonusMoveSlots":0,"abilityOverridesForm":false,"types":[],"hitsRecCount":null,"erBlackShiny":false,"erGiftAbilities":[],"erGiftIndex":0,"erSoulHarvestFaintCount":0,"erShinyLabSuppressLocal":false,"erInnateShrineUnlocked":false,"erCursedStat":-1,"erLockedAbilitySlots":[],"erRunUnlockedAbilitySlots":[],"erFunPseudoMega":false},"mysteryEncounterPokemonData":null,"fusionMysteryEncounterPokemonData":null},{"id":800720847,"player":true,"species":2076,"formIndex":0,"abilityIndex":1,"passive":false,"shiny":false,"variant":0,"pokeball":0,"level":200,"exp":8331454,"levelExp":0,"gender":0,"hp":602,"stats":[602,635,491,219,411,202],"ivs":[16,16,23,17,13,20],"nature":2,"moveset":[{"moveId":5035,"ppUsed":0,"ppUp":0},{"moveId":5028,"ppUsed":0,"ppUp":0},{"moveId":5017,"ppUsed":0,"ppUp":0},{"moveId":5153,"ppUsed":0,"ppUp":0}],"status":null,"friendship":70,"metLevel":200,"metBiome":-1,"metSpecies":2076,"metWave":-1,"luck":0,"pauseEvolutions":false,"pokerus":false,"usedTMs":[],"teraType":5,"isTerastallized":false,"stellarTypesBoosted":[],"fusionShiny":false,"fusionLuck":0,"fusionTeraType":0,"boss":false,"bossSegments":0,"summonData":{"statStages":[0,0,0,0,0,0,0],"moveQueue":[],"tags":[],"abilitySuppressed":false,"abilitiesApplied":[],"erSuppressedInnateSlots":[false,false,false],"erTimedAbilitySuppressions":[],"erAbilityProvenance":[],"erImposterCopiedAttackBoost":false,"chuckusterReductionUsed":false,"forceAttackerOutUsed":false,"erCommandedUsedThisSwitchIn":false,"stats":[0,0,0,0,0,0],"types":[],"berriesEatenLast":[],"moveHistory":[]},"battleData":{"hitCount":0,"hasEatenBerry":false,"berriesEaten":[],"anticipationDodgeUsed":false,"rudeAwakeningTriggered":false,"cowardProtectUsed":false,"lostItems":[]},"customPokemonData":{"spriteScale":-1,"ability":-1,"passive":-1,"passive2":-1,"passive3":-1,"nature":-1,"bonusMoveSlots":0,"abilityOverridesForm":false,"types":[],"hitsRecCount":null,"erBlackShiny":false,"erGiftAbilities":[],"erGiftIndex":0,"erSoulHarvestFaintCount":0,"erShinyLabSuppressLocal":false,"erInnateShrineUnlocked":false,"erCursedStat":-1,"erLockedAbilitySlots":[],"erRunUnlockedAbilitySlots":[],"erFunPseudoMega":false},"fusionCustomPokemonData":{"spriteScale":-1,"ability":-1,"passive":-1,"passive2":-1,"passive3":-1,"nature":-1,"bonusMoveSlots":0,"abilityOverridesForm":false,"types":[],"hitsRecCount":null,"erBlackShiny":false,"erGiftAbilities":[],"erGiftIndex":0,"erSoulHarvestFaintCount":0,"erShinyLabSuppressLocal":false,"erInnateShrineUnlocked":false,"erCursedStat":-1,"erLockedAbilitySlots":[],"erRunUnlockedAbilitySlots":[],"erFunPseudoMega":false},"mysteryEncounterPokemonData":null,"fusionMysteryEncounterPokemonData":null}],"modifiers":[{"player":true,"typeId":"SOUL_DEW","args":[4279785471],"stackCount":4,"className":"PokemonNatureWeightModifier"},{"player":true,"typeId":"ER_CHILI_SAMPLE","args":[4279785471,"chiliSample",2,0],"stackCount":1,"className":"ErCommunityItemModifier"},{"player":true,"typeId":"SHELL_BELL","args":[4279785471],"stackCount":4,"className":"HitHealModifier"},{"player":true,"typeId":"BASE_STAT_BOOSTER","typePregenArgs":[2],"args":[4279785471,2],"stackCount":11,"className":"BaseStatModifier"},{"player":true,"typeId":"BASE_STAT_BOOSTER","typePregenArgs":[0],"args":[4279785471,0],"stackCount":9,"className":"BaseStatModifier"},{"player":true,"typeId":"GOLDEN_PUNCH","args":[4279785471],"stackCount":5,"className":"DamageMoneyRewardModifier"},{"player":true,"typeId":"FOCUS_BAND","args":[4279785471],"stackCount":5,"className":"SurviveDamageModifier"},{"player":true,"typeId":"BASE_STAT_BOOSTER","typePregenArgs":[3],"args":[4279785471,3],"stackCount":3,"className":"BaseStatModifier"},{"player":true,"typeId":"ER_COPPER_ROD","args":[4279785471,"copperRod",2,0],"stackCount":1,"className":"ErCommunityItemModifier"},{"player":true,"typeId":"ER_SPIKED_KNUCKLES","args":[4279785471,"spikedKnuckles",2,0],"stackCount":1,"className":"ErCommunityItemModifier"},{"player":true,"typeId":"ER_RUSTY_CLAW","args":[4279785471,"rustyClaw",2,0],"stackCount":1,"className":"ErCommunityItemModifier"},{"player":true,"typeId":"ER_METRONOME_ITEM","args":[4279785471,"metronomeItem",false,0],"stackCount":1,"className":"ErTacticalItemModifier"},{"player":true,"typeId":"ATTACK_TYPE_BOOSTER","typePregenArgs":[0],"args":[4279785471,0,20],"stackCount":1,"className":"AttackTypeBoosterModifier"},{"player":true,"typeId":"ER_SHED_SHELL","args":[4279785471,"shedShell",false,0],"stackCount":1,"className":"ErTacticalItemModifier"},{"player":true,"typeId":"ER_LUCKY_HEART","args":[4279785471,"luckyHeart",2,0],"stackCount":1,"className":"ErCommunityItemModifier"},{"player":true,"typeId":"SCOPE_LENS","args":[4279785471,1],"stackCount":1,"className":"CritBoosterModifier"},{"player":true,"typeId":"ER_POWER_HERB","args":[4279785471,"powerHerb",2,0],"stackCount":1,"className":"ErCommunityItemModifier"},{"player":true,"typeId":"BATON","args":[4279785471],"stackCount":1,"className":"SwitchEffectTransferModifier"},{"player":true,"typeId":"KINGS_ROCK","args":[4279785471],"stackCount":1,"className":"FlinchChanceModifier"},{"player":true,"typeId":"ER_MUSCLE_BAND","args":[4279785471,"muscleBand",false,0],"stackCount":1,"className":"ErTacticalItemModifier"},{"player":true,"typeId":"ER_PUNCHING_GLOVE","args":[4279785471,"punchingGlove",false,0],"stackCount":1,"className":"ErTacticalItemModifier"},{"player":true,"typeId":"ER_ABILITY_SHIELD","args":[4279785471,"abilityShield",false,0],"stackCount":1,"className":"ErTacticalItemModifier"},{"player":true,"typeId":"MINI_BLACK_HOLE","args":[4279785471],"stackCount":1,"className":"TurnHeldItemTransferModifier"},{"player":true,"typeId":"BERRY","typePregenArgs":[8],"args":[4279785471,8],"stackCount":1,"className":"BerryModifier"},{"player":true,"typeId":"BERRY","typePregenArgs":[1],"args":[4279785471,1],"stackCount":1,"className":"BerryModifier"},{"player":true,"typeId":"BERRY","typePregenArgs":[0],"args":[4279785471,0],"stackCount":2,"className":"BerryModifier"},{"player":true,"typeId":"ER_WARD_STONE_MINOR","args":[4279785471,"minor",1,0],"stackCount":1,"className":"ErWardStoneModifier"},{"player":true,"typeId":"LUCKY_EGG","args":[4279785471,40],"stackCount":1,"className":"PokemonExpBoosterModifier"},{"player":true,"typeId":"ER_RESIST_BERRY_FIRE","args":[4279785471,9],"stackCount":1,"className":"ErResistBerryModifier"},{"player":true,"typeId":"ER_RESIST_BERRY_ELECTRIC","args":[4279785471,12],"stackCount":1,"className":"ErResistBerryModifier"},{"player":true,"typeId":"ER_WARD_STONE_GREATER","args":[4279785471,"greater",2,0],"stackCount":1,"className":"ErWardStoneModifier"},{"player":true,"typeId":"ER_RESIST_BERRY_GRASS","args":[4279785471,11],"stackCount":1,"className":"ErResistBerryModifier"},{"player":true,"typeId":"ER_CLEAR_AMULET","args":[4279785471,"clearAmulet",false,0],"stackCount":1,"className":"ErTacticalItemModifier"},{"player":true,"typeId":"BASE_STAT_BOOSTER","typePregenArgs":[3],"args":[4125261214,3],"stackCount":5,"className":"BaseStatModifier"},{"player":true,"typeId":"ER_METRONOME_ITEM","args":[4125261214,"metronomeItem",false,0],"stackCount":1,"className":"ErTacticalItemModifier"},{"player":true,"typeId":"ATTACK_TYPE_BOOSTER","typePregenArgs":[8],"args":[4125261214,8,20],"stackCount":1,"className":"AttackTypeBoosterModifier"},{"player":true,"typeId":"FOCUS_BAND","args":[4125261214],"stackCount":5,"className":"SurviveDamageModifier"},{"player":true,"typeId":"GOLDEN_PUNCH","args":[4125261214],"stackCount":1,"className":"DamageMoneyRewardModifier"},{"player":true,"typeId":"SOOTHE_BELL","args":[4125261214],"stackCount":1,"className":"PokemonFriendshipBoosterModifier"},{"player":true,"typeId":"BERRY","typePregenArgs":[10],"args":[3731119984,10],"stackCount":1,"className":"BerryModifier"},{"player":true,"typeId":"RARE_SPECIES_STAT_BOOSTER","typePregenArgs":["LIGHT_BALL"],"args":[4283108795,[1,3],2,[25]],"stackCount":1,"className":"SpeciesStatBoosterModifier"},{"player":true,"typeId":"FOCUS_BAND","args":[4283108795],"stackCount":2,"className":"SurviveDamageModifier"},{"player":true,"typeId":"ER_MUSCLE_BAND","args":[4283108795,"muscleBand",false,0],"stackCount":1,"className":"ErTacticalItemModifier"},{"player":true,"typeId":"ER_PUNCHING_GLOVE","args":[4283108795,"punchingGlove",false,0],"stackCount":1,"className":"ErTacticalItemModifier"},{"player":true,"typeId":"ER_RELIC_BLOOD_PACT","args":["bloodPact",null],"stackCount":1,"className":"ErRelicModifier"},{"player":true,"typeId":"ER_RELIC_SECOND_WIND","args":["secondWind",null],"stackCount":1,"className":"ErRelicModifier"},{"player":true,"typeId":"MAP","args":[],"stackCount":1,"className":"MapModifier"}],"money":1200,"pokeballCounts":{"0":5,"1":0,"2":0,"3":0,"4":0}}}
