{
  "invariant": "no-park",
  "seed": 20260915,
  "wave": 55,
  "detail": "wave driving threw (strand/stall): guest replay HANG: stuck on CoopGuestFaintSwitchPhase - see dev-logs/coop-duo/",
  "replay": "SOAK_SEED=20260915",
  "phaseState": {
    "hostPhase": "SwitchSummonPhase",
    "guestPhase": "CoopGuestFaintSwitchPhase",
    "hostInteractionCounter": 64,
    "guestInteractionCounter": 64,
    "hostWave": 55,
    "hostBattleType": 1,
    "hostPlayerField": [
      {
        "id": 3777072770,
        "battlerIndex": -1,
        "speciesId": 149,
        "speciesName": "Dragonite",
        "hp": 194,
        "maxHp": 213,
        "fainted": false,
        "status": 0,
        "statStages": [
          0,
          0,
          0,
          0,
          0,
          0,
          0
        ],
        "moves": [
          {
            "id": 262,
            "ppUsed": 0
          },
          {
            "id": 247,
            "ppUsed": 0
          },
          {
            "id": 53,
            "ppUsed": 0
          },
          {
            "id": 85,
            "ppUsed": 0
          }
        ],
        "coopOwner": "host"
      },
      {
        "id": 67625491,
        "battlerIndex": -1,
        "speciesId": 94,
        "speciesName": "Gengar",
        "hp": 0,
        "maxHp": 179,
        "fainted": true,
        "status": 7,
        "statStages": [
          0,
          0,
          0,
          0,
          0,
          0,
          0
        ],
        "moves": [
          {
            "id": 262,
            "ppUsed": 0
          },
          {
            "id": 247,
            "ppUsed": 0
          },
          {
            "id": 53,
            "ppUsed": 0
          },
          {
            "id": 85,
            "ppUsed": 0
          }
        ],
        "coopOwner": "guest"
      }
    ],
    "hostEnemyField": [
      {
        "id": 2251971055,
        "battlerIndex": -1,
        "speciesId": 395,
        "speciesName": "Empoleon",
        "hp": 0,
        "maxHp": 132,
        "fainted": true,
        "status": 7,
        "statStages": [
          0,
          0,
          0,
          0,
          0,
          0,
          0
        ],
        "moves": [
          {
            "id": 886,
            "ppUsed": 0
          },
          {
            "id": 211,
            "ppUsed": 1
          },
          {
            "id": 346,
            "ppUsed": 0
          },
          {
            "id": 355,
            "ppUsed": 0
          }
        ]
      },
      {
        "id": 3140000272,
        "battlerIndex": -1,
        "speciesId": 164,
        "speciesName": "Noctowl",
        "hp": 0,
        "maxHp": 135,
        "fainted": true,
        "status": 7,
        "statStages": [
          0,
          0,
          0,
          0,
          0,
          0,
          0
        ],
        "moves": [
          {
            "id": 93,
            "ppUsed": 0
          },
          {
            "id": 16,
            "ppUsed": 0
          },
          {
            "id": 212,
            "ppUsed": 0
          },
          {
            "id": 466,
            "ppUsed": 0
          }
        ]
      }
    ],
    "guestPlayerField": [
      {
        "id": 3777072770,
        "battlerIndex": 0,
        "speciesId": 149,
        "speciesName": "Dragonite",
        "hp": 194,
        "maxHp": 213,
        "fainted": false,
        "status": 0,
        "statStages": [
          0,
          0,
          0,
          0,
          0,
          0,
          0
        ],
        "moves": [
          {
            "id": 262,
            "ppUsed": 0
          },
          {
            "id": 247,
            "ppUsed": 0
          },
          {
            "id": 53,
            "ppUsed": 0
          },
          {
            "id": 85,
            "ppUsed": 0
          }
        ],
        "coopOwner": "host"
      },
      {
        "id": 67625491,
        "battlerIndex": 1,
        "speciesId": 94,
        "speciesName": "Gengar",
        "hp": 0,
        "maxHp": 179,
        "fainted": true,
        "status": 7,
        "statStages": [
          0,
          0,
          0,
          0,
          0,
          0,
          0
        ],
        "moves": [
          {
            "id": 262,
            "ppUsed": 0
          },
          {
            "id": 247,
            "ppUsed": 0
          },
          {
            "id": 53,
            "ppUsed": 0
          },
          {
            "id": 85,
            "ppUsed": 0
          }
        ],
        "coopOwner": "guest"
      }
    ],
    "guestEnemyField": [
      {
        "id": 2251971055,
        "battlerIndex": 2,
        "speciesId": 395,
        "speciesName": "Empoleon",
        "hp": 132,
        "maxHp": 132,
        "fainted": false,
        "status": 0,
        "statStages": [
          0,
          0,
          1,
          0,
          0,
          0,
          0
        ],
        "moves": [
          {
            "id": 886,
            "ppUsed": 0
          },
          {
            "id": 211,
            "ppUsed": 0
          },
          {
            "id": 346,
            "ppUsed": 0
          },
          {
            "id": 355,
            "ppUsed": 0
          }
        ]
      },
      {
        "id": 3140000272,
        "battlerIndex": 3,
        "speciesId": 164,
        "speciesName": "Noctowl",
        "hp": 0,
        "maxHp": 135,
        "fainted": true,
        "status": 7,
        "statStages": [
          0,
          0,
          0,
          0,
          0,
          0,
          0
        ],
        "moves": [
          {
            "id": 93,
            "ppUsed": 0
          },
          {
            "id": 16,
            "ppUsed": 0
          },
          {
            "id": 212,
            "ppUsed": 0
          },
          {
            "id": 466,
            "ppUsed": 0
          }
        ]
      }
    ]
  },
  "actionScript": [
    "SKIP mysteryEncounterDisabledV1",
    "content seed=coop-soak-20260915 preseeded=false",
    "wave 1 turn 1: committed frontier omitted seat 1; guest remained a replay spectator until host action",
    "wave 1: host slot move=85 guest slot move=0",
    "wave 1 turn 1: progress enemyHp=[16:0/14] playerHp=[143:303/303]",
    "wave 1: reward shop owner=host take-nonparty",
    "wave 2 turn 1: replay guest crossed cmd:2:1 through real public COMMAND=opened",
    "wave 2 turn 1: staged guest-owned lead at 1 HP on both engines",
    "wave 2: host slot move=53 guest slot move=53",
    "wave 2 turn 1: forced-faint guest MEMENTO self-KO",
    "wave 2 turn 1: progress enemyHp=[915:0/14,415:14/14] playerHp=[143:303/303,94:0/179]",
    "wave 2 turn 2: replay guest crossed cmd:2:2 through real public COMMAND=opened",
    "wave 2 turn 2: guest SWITCH -> party[5]",
    "wave 2: reward shop owner=guest take-nonparty",
    "wave 3 turn 1: replay guest crossed cmd:3:1 through real public COMMAND=opened",
    "wave 3: host slot move=85 guest slot move=247",
    "wave 3 turn 1: progress enemyHp=[664:0/16,265:0/16] playerHp=[143:303/303,445:231/235]",
    "wave 3: reward shop owner=host take-nonparty",
    "wave 4 turn 1: replay guest crossed cmd:4:1 through real public COMMAND=opened",
    "wave 4: host slot move=53 guest slot move=53",
    "wave 4 turn 1: progress enemyHp=[161:0/18,504:0/16] playerHp=[143:303/303,445:231/235]",
    "wave 4: reward shop owner=guest take-nonparty",
    "wave 5 turn 1: replay guest crossed cmd:5:1 through real public COMMAND=opened",
    "wave 5: TRAINER (fixed)",
    "wave 5 turn 1: host SWITCH -> party[2]",
    "wave 5: host slot move=85 guest slot move=85",
    "wave 5 turn 1: progress enemyHp=[504:18/18,19:0/17] playerHp=[149:213/213,445:228/235]",
    "wave 5 turn 2: replay guest crossed cmd:5:2 through real public COMMAND=opened",
    "wave 5: reward shop owner=host take-nonparty",
    "wave 5: guest chose Crossroads Leave through public UI",
    "wave 5: guest drove World Map via public UI=true and both consumed 1832408614426927:1:BIOME_PICK:9700005",
    "wave 6 turn 1: replay guest crossed cmd:6:1 through real public COMMAND=opened",
    "wave 6: BIOME 0->1",
    "wave 6: host slot move=53 guest slot move=53",
    "wave 6 turn 1: progress enemyHp=[661:0/21,21:0/20] playerHp=[149:213/213,445:228/235]",
    "wave 6: reward shop owner=host take-nonparty",
    "wave 7 turn 1: replay guest crossed cmd:7:1 through real public COMMAND=opened",
    "wave 7: host slot move=85 guest slot move=247",
    "wave 7 turn 1: progress enemyHp=[819:0/23,744:0/21] playerHp=[149:210/213,445:228/235]",
    "wave 7: reward shop owner=guest take-nonparty",
    "wave 8 turn 1: replay guest crossed cmd:8:1 through real public COMMAND=opened",
    "wave 8: TRAINER (fixed)",
    "wave 8: host slot move=53 guest slot move=53",
    "wave 8 turn 1: progress enemyHp=[393:0/26,163:0/25] playerHp=[149:210/213,445:228/235]",
    "wave 8: reward shop owner=host take-nonparty",
    "wave 9 turn 1: replay guest crossed cmd:9:1 through real public COMMAND=opened",
    "wave 9: host slot move=85 guest slot move=85",
    "wave 9 turn 1: progress enemyHp=[84:28/28,261:0/24] playerHp=[149:210/213,445:228/235]",
    "wave 9 turn 2: replay guest crossed cmd:9:2 through real public COMMAND=opened",
    "wave 9 turn 2: host SWITCH -> party[2]",
    "wave 9: reward shop owner=guest take-nonparty",
    "wave 10 turn 1: replay guest crossed cmd:10:1 through real public COMMAND=opened",
    "wave 10: host slot move=53 guest slot move=53",
    "wave 10 turn 1: progress enemyHp=[263:0/22,108:0/31] playerHp=[143:303/303,445:228/235]",
    "wave 10: biome market owner=host leave",
    "wave 10: drained 1 milestone reward continuation(s)",
    "wave 10: guest chose Crossroads Leave through public UI",
    "wave 10: guest drove World Map via public UI=true and both consumed 1832408614426927:1:BIOME_PICK:9700011",
    "wave 11 turn 1: replay guest crossed cmd:11:1 through real public COMMAND=opened",
    "wave 11: BIOME 1->2",
    "wave 11 turn 1: host SWITCH -> party[2]",
    "wave 11: host slot move=85 guest slot move=85",
    "wave 11 turn 1: progress enemyHp=[285:27/27,20:0/29] playerHp=[149:213/213,445:220/235]",
    "wave 11 turn 2: replay guest crossed cmd:11:2 through real public COMMAND=opened",
    "wave 11 turn 2: host SWITCH -> party[2]",
    "wave 11: reward shop owner=host take-nonparty",
    "wave 12 turn 1: replay guest crossed cmd:12:1 through real public COMMAND=opened",
    "wave 12: TRAINER (random)",
    "wave 12: host slot move=247 guest slot move=85",
    "wave 12 turn 1: progress enemyHp=[669:0/27,420:0/27] playerHp=[143:303/303,445:190/235]",
    "wave 12: reward shop owner=guest leave",
    "wave 13 turn 1: replay guest crossed cmd:13:1 through real public COMMAND=opened",
    "wave 13: host slot move=53 guest slot move=53",
    "wave 13 turn 1: progress enemyHp=[415:0/26,543:0/27] playerHp=[143:303/303,445:175/235]",
    "wave 13: reward shop owner=host take-nonparty",
    "wave 14 turn 1: replay guest crossed cmd:14:1 through real public COMMAND=opened",
    "wave 14: host slot move=85 guest slot move=247",
    "wave 14 turn 1: guest SWITCH -> party[3]",
    "wave 14 turn 1: progress enemyHp=[266:0/30,546:28/28] playerHp=[143:303/303,94:179/179]",
    "wave 14 turn 2: replay guest crossed cmd:14:2 through real public COMMAND=opened",
    "wave 14: reward shop owner=guest take-nonparty",
    "wave 15 turn 1: replay guest crossed cmd:15:1 through real public COMMAND=opened",
    "wave 15: host slot move=85 guest slot move=85",
    "wave 15 turn 1: guest SWITCH -> party[3]",
    "wave 15 turn 1: progress enemyHp=[268:0/33,548:29/29] playerHp=[143:303/303,445:160/235]",
    "wave 15 turn 2: replay guest crossed cmd:15:2 through real public COMMAND=opened",
    "wave 15: reward shop owner=host take-nonparty",
    "wave 15: guest chose Crossroads Leave through public UI",
    "wave 15: guest drove World Map via public UI=true and both consumed 1832408614426927:1:BIOME_PICK:9700017",
    "wave 16 turn 1: replay guest crossed cmd:16:1 through real public COMMAND=opened",
    "wave 16: BIOME 2->3",
    "wave 16: host slot move=53 guest slot move=247",
    "wave 16 turn 1: progress enemyHp=[302:39/39,46:0/34] playerHp=[143:303/303,445:130/235]",
    "wave 16 turn 2: replay guest crossed cmd:16:2 through real public COMMAND=opened",
    "wave 16: reward shop owner=host leave",
    "wave 17 turn 1: replay guest crossed cmd:17:1 through real public COMMAND=opened",
    "wave 17: host slot move=53 guest slot move=85",
    "wave 17 turn 1: progress enemyHp=[541:36/36,401:0/32] playerHp=[143:303/303,445:100/235]",
    "wave 17 turn 2: replay guest crossed cmd:17:2 through real public COMMAND=opened",
    "wave 17 turn 2: guest SWITCH -> party[3]",
    "wave 17: reward shop owner=guest leave",
    "wave 18 turn 1: replay guest crossed cmd:18:1 through real public COMMAND=opened",
    "wave 18: host slot move=247 guest slot move=247",
    "wave 18 turn 1: progress enemyHp=[753:0/35,202:0/66] playerHp=[143:303/303,94:179/179]",
    "wave 18: reward shop owner=host take-nonparty",
    "wave 19 turn 1: replay guest crossed cmd:19:1 through real public COMMAND=opened",
    "wave 19: host slot move=53 guest slot move=247",
    "wave 19 turn 1: progress enemyHp=[665:0/36,302:0/42] playerHp=[143:303/303,94:179/179]",
    "wave 19: reward shop owner=guest leave",
    "wave 20 turn 1: replay guest crossed cmd:20:1 through real public COMMAND=opened",
    "wave 20: host slot move=53 guest slot move=85",
    "wave 20 turn 1: progress enemyHp=[820:0/61,167:0/37] playerHp=[143:303/303,94:179/179]",
    "wave 20: biome market owner=host leave",
    "wave 20: drained 1 milestone reward continuation(s)",
    "wave 20: guest chose Crossroads Leave through public UI",
    "wave 20: guest drove World Map via public UI=true and both consumed 1832408614426927:1:BIOME_PICK:9700023",
    "wave 21 turn 1: replay guest crossed cmd:21:1 through real public COMMAND=opened",
    "wave 21: BIOME 3->5",
    "wave 21: host slot move=85 guest slot move=247",
    "wave 21 turn 1: progress enemyHp=[919:0/35,917:0/38] playerHp=[143:303/303,94:179/179]",
    "wave 21: reward shop owner=host take-nonparty",
    "wave 22 turn 1: replay guest crossed cmd:22:1 through real public COMMAND=opened",
    "wave 22: host slot move=247 guest slot move=247",
    "wave 22 turn 1: progress enemyHp=[511:0/40,412:0/46] playerHp=[143:303/303,94:179/179]",
    "wave 22: reward shop owner=guest leave",
    "wave 23 turn 1: replay guest crossed cmd:23:1 through real public COMMAND=opened",
    "wave 23: host slot move=247 guest slot move=247",
    "wave 23 turn 1: progress enemyHp=[48:0/47,825:0/42] playerHp=[143:303/303,94:179/179]",
    "wave 23: reward shop owner=host take-nonparty",
    "wave 24 turn 1: replay guest crossed cmd:24:1 through real public COMMAND=opened",
    "wave 24: host slot move=53 guest slot move=53",
    "wave 24 turn 1: progress enemyHp=[285:0/47,216:0/47] playerHp=[143:303/303,94:179/179]",
    "wave 24: reward shop owner=guest leave",
    "wave 25 turn 1: replay guest crossed cmd:25:1 through real public COMMAND=opened",
    "wave 25: TRAINER (fixed)",
    "wave 25: host slot move=247 guest slot move=85",
    "wave 25 turn 1: progress enemyHp=[394:0/58,163:0/52] playerHp=[143:303/303,94:179/179]",
    "wave 25 turn 2: replay guest crossed cmd:25:2 through real public COMMAND=opened",
    "wave 25: reward shop owner=host take-nonparty",
    "wave 25: guest chose Crossroads Leave through public UI",
    "wave 25: guest drove World Map via public UI=true and both consumed 1832408614426927:1:BIOME_PICK:9700029",
    "wave 26 turn 1: replay guest crossed cmd:26:1 through real public COMMAND=opened",
    "wave 26: BIOME 5->27",
    "wave 26: host slot move=53 guest slot move=53",
    "wave 26 turn 1: progress enemyHp=[667:20/58,732:0/53] playerHp=[143:303/303,94:179/179]",
    "wave 26 turn 2: replay guest crossed cmd:26:2 through real public COMMAND=opened",
    "wave 26 turn 2: guest SWITCH -> party[3]",
    "wave 26: reward shop owner=host take-nonparty",
    "wave 27 turn 1: replay guest crossed cmd:27:1 through real public COMMAND=opened",
    "wave 27 turn 1: host SWITCH -> party[2]",
    "wave 27: host slot move=85 guest slot move=85",
    "wave 27 turn 1: progress enemyHp=[509:48/48,167:0/51] playerHp=[149:210/213,445:235/235]",
    "wave 27 turn 2: replay guest crossed cmd:27:2 through real public COMMAND=opened",
    "wave 27: reward shop owner=guest leave",
    "wave 28 turn 1: replay guest crossed cmd:28:1 through real public COMMAND=opened",
    "wave 28 turn 1: host SWITCH -> party[2]",
    "wave 28: host slot move=53 guest slot move=53",
    "wave 28 turn 1: progress enemyHp=[114:62/62,522:0/58] playerHp=[143:303/303,445:235/235]",
    "wave 28 turn 2: replay guest crossed cmd:28:2 through real public COMMAND=opened",
    "wave 28: reward shop owner=host leave",
    "wave 29 turn 1: replay guest crossed cmd:29:1 through real public COMMAND=opened",
    "wave 29: host slot move=53 guest slot move=247",
    "wave 29 turn 1: progress enemyHp=[777:4/62,753:0/54] playerHp=[143:303/303,445:235/235]",
    "wave 29 turn 2: replay guest crossed cmd:29:2 through real public COMMAND=opened",
    "wave 29: reward shop owner=guest leave",
    "wave 30 turn 1: replay guest crossed cmd:30:1 through real public COMMAND=opened",
    "wave 30: TRAINER (random)",
    "wave 30: host slot move=247 guest slot move=85",
    "wave 30 turn 1: progress enemyHp=[514:0/69,10668:16/78] playerHp=[143:303/303,445:235/235]",
    "wave 30 turn 2: replay guest crossed cmd:30:2 through real public COMMAND=opened",
    "wave 30: biome market owner=host leave",
    "wave 30: drained 1 milestone reward continuation(s)",
    "wave 30: guest chose Crossroads Leave through public UI",
    "wave 30: guest drove World Map via public UI=true and both consumed 1832408614426927:1:BIOME_PICK:9700035",
    "wave 31 turn 1: replay guest crossed cmd:31:1 through real public COMMAND=opened",
    "wave 31: BIOME 27->29",
    "wave 31: host slot move=85 guest slot move=85",
    "wave 31 turn 1: progress enemyHp=[433:0/51,999:0/59] playerHp=[143:303/303,445:235/235]",
    "wave 31: reward shop owner=host leave",
    "wave 32 turn 1: replay guest crossed cmd:32:1 through real public COMMAND=opened",
    "wave 32 turn 1: host SWITCH -> party[2]",
    "wave 32: host slot move=247 guest slot move=247",
    "wave 32 turn 1: progress enemyHp=[622:62/62,679:0/53] playerHp=[149:213/213,445:223/235]",
    "wave 32 turn 2: replay guest crossed cmd:32:2 through real public COMMAND=opened",
    "wave 32: reward shop owner=guest leave",
    "wave 33 turn 1: replay guest crossed cmd:33:1 through real public COMMAND=opened",
    "wave 33: host slot move=85 guest slot move=53",
    "wave 33 turn 1: progress enemyHp=[433:0/51,433:0/56] playerHp=[149:213/213,445:223/235]",
    "wave 33: reward shop owner=host take-nonparty",
    "wave 34 turn 1: replay guest crossed cmd:34:1 through real public COMMAND=opened",
    "wave 34 turn 1: host SWITCH -> party[2]",
    "wave 34: host slot move=85 guest slot move=247",
    "wave 34 turn 1: progress enemyHp=[562:53/53,355:0/49] playerHp=[143:303/303,445:223/235]",
    "wave 34 turn 2: replay guest crossed cmd:34:2 through real public COMMAND=opened",
    "wave 34: reward shop owner=guest leave",
    "wave 35 turn 1: replay guest crossed cmd:35:1 through real public COMMAND=opened",
    "wave 35: TRAINER (fixed)",
    "wave 35: host slot move=247 guest slot move=247",
    "wave 35 turn 1: progress enemyHp=[665:0/63,262:0/75] playerHp=[143:303/303,445:209/235]",
    "wave 35: reward shop owner=host leave",
    "wave 35: guest chose Crossroads Leave through public UI",
    "wave 35: guest drove World Map via public UI=true and both consumed 1832408614426927:1:BIOME_PICK:9700041",
    "wave 36 turn 1: replay guest crossed cmd:36:1 through real public COMMAND=opened",
    "wave 36: BIOME 29->14",
    "wave 36: host slot move=247 guest slot move=247",
    "wave 36 turn 1: progress enemyHp=[556:0/71,946:0/67] playerHp=[143:285/303,445:209/235]",
    "wave 36: reward shop owner=host take-nonparty",
    "wave 37 turn 1: replay guest crossed cmd:37:1 through real public COMMAND=opened",
    "wave 37: host slot move=53 guest slot move=85",
    "wave 37 turn 1: progress enemyHp=[953:0/58,694:0/60] playerHp=[143:267/303,445:209/235]",
    "wave 37: reward shop owner=guest leave",
    "wave 38 turn 1: replay guest crossed cmd:38:1 through real public COMMAND=opened",
    "wave 38: host slot move=247 guest slot move=247",
    "wave 38 turn 1: guest SWITCH -> party[3]",
    "wave 38 turn 1: progress enemyHp=[968:0/75,843:64/64] playerHp=[143:249/303,94:168/179]",
    "wave 38 turn 2: replay guest crossed cmd:38:2 through real public COMMAND=opened",
    "wave 38: reward shop owner=host take-nonparty",
    "wave 39 turn 1: replay guest crossed cmd:39:1 through real public COMMAND=opened",
    "wave 39: host slot move=53 guest slot move=53",
    "wave 39 turn 1: progress enemyHp=[329:0/70,554:0/77] playerHp=[143:213/303,94:146/179]",
    "wave 39: reward shop owner=guest take-nonparty",
    "wave 40 turn 1: replay guest crossed cmd:40:1 through real public COMMAND=opened",
    "wave 40: host slot move=53 guest slot move=53",
    "wave 40 turn 1: progress enemyHp=[694:0/71,84:0/77] playerHp=[143:213/303,94:146/179]",
    "wave 40: biome market owner=host leave",
    "wave 40: drained 1 milestone reward continuation(s)",
    "wave 40: guest chose Crossroads Leave through public UI",
    "wave 40: guest drove World Map via public UI=true and both consumed 1832408614426927:1:BIOME_PICK:9700047",
    "wave 41 turn 1: replay guest crossed cmd:41:1 through real public COMMAND=opened",
    "wave 41: BIOME 14->22",
    "wave 41: host slot move=247 guest slot move=53",
    "wave 41 turn 1: progress enemyHp=[958:36/83,325:0/77] playerHp=[143:303/303,94:179/179]",
    "wave 41 turn 2: replay guest crossed cmd:41:2 through real public COMMAND=opened",
    "wave 41 turn 2: host SWITCH -> party[2]",
    "wave 41: reward shop owner=host take-nonparty",
    "wave 42 turn 1: replay guest crossed cmd:42:1 through real public COMMAND=opened",
    "wave 42 turn 1: host SWITCH -> party[2]",
    "wave 42: host slot move=247 guest slot move=85",
    "wave 42 turn 1: progress enemyHp=[343:72/72,122:0/66] playerHp=[143:295/303,94:179/179]",
    "wave 42 turn 2: replay guest crossed cmd:42:2 through real public COMMAND=opened",
    "wave 42 turn 2: host SWITCH -> party[2]",
    "wave 42 turn 2: guest SWITCH -> party[3]",
    "wave 42 turn 3: replay guest crossed cmd:42:3 through real public COMMAND=opened",
    "wave 42: reward shop owner=guest take-nonparty",
    "wave 43 turn 1: replay guest crossed cmd:43:1 through real public COMMAND=opened",
    "wave 43: host slot move=247 guest slot move=247",
    "wave 43 turn 1: progress enemyHp=[605:0/83,958:6/77] playerHp=[149:213/213,445:235/235]",
    "wave 43 turn 2: replay guest crossed cmd:43:2 through real public COMMAND=opened",
    "wave 43: reward shop owner=host leave",
    "wave 44 turn 1: replay guest crossed cmd:44:1 through real public COMMAND=opened",
    "wave 44: host slot move=85 guest slot move=53",
    "wave 44 turn 1: progress enemyHp=[177:0/69,201:0/76] playerHp=[149:213/213,445:235/235]",
    "wave 44: reward shop owner=guest leave",
    "wave 45 turn 1: replay guest crossed cmd:45:1 through real public COMMAND=opened",
    "wave 45: host slot move=53 guest slot move=85",
    "wave 45 turn 1: progress enemyHp=[343:0/72,177:36/71] playerHp=[149:213/213,445:219/235]",
    "wave 45 turn 2: replay guest crossed cmd:45:2 through real public COMMAND=opened",
    "wave 45 turn 2: host SWITCH -> party[2]",
    "wave 45: reward shop owner=host leave",
    "wave 45: guest chose Crossroads Leave through public UI",
    "wave 45: guest drove World Map via public UI=true and both consumed 1832408614426927:1:BIOME_PICK:9700053",
    "wave 46 turn 1: replay guest crossed cmd:46:1 through real public COMMAND=opened",
    "wave 46: BIOME 22->11",
    "wave 46 turn 1: host SWITCH -> party[2]",
    "wave 46: host slot move=53 guest slot move=53",
    "wave 46 turn 1: progress enemyHp=[17:84/84,333:0/74] playerHp=[149:213/213,445:219/235]",
    "wave 46 turn 2: replay guest crossed cmd:46:2 through real public COMMAND=opened",
    "wave 46 turn 2: host SWITCH -> party[2]",
    "wave 46 turn 2: guest SWITCH -> party[3]",
    "wave 46 turn 3: replay guest crossed cmd:46:3 through real public COMMAND=opened",
    "wave 46: reward shop owner=host take-nonparty",
    "wave 47 turn 1: replay guest crossed cmd:47:1 through real public COMMAND=opened",
    "wave 47: host slot move=53 guest slot move=53",
    "wave 47 turn 1: progress enemyHp=[75:10/87,955:0/71] playerHp=[143:295/303,94:164/179]",
    "wave 47 turn 2: replay guest crossed cmd:47:2 through real public COMMAND=opened",
    "wave 47: reward shop owner=guest take-nonparty",
    "wave 48 turn 1: replay guest crossed cmd:48:1 through real public COMMAND=opened",
    "wave 48: host slot move=53 guest slot move=53",
    "wave 48 turn 1: progress enemyHp=[17:0/87,397:0/89] playerHp=[143:295/303,94:149/179]",
    "wave 48: reward shop owner=host leave",
    "wave 49 turn 1: replay guest crossed cmd:49:1 through real public COMMAND=opened",
    "wave 49: host slot move=53 guest slot move=53",
    "wave 49 turn 1: progress enemyHp=[75:15/82,111:0/100] playerHp=[143:295/303,94:149/179]",
    "wave 49 turn 2: replay guest crossed cmd:49:2 through real public COMMAND=opened",
    "wave 49: reward shop owner=guest leave",
    "wave 50 turn 1: replay guest crossed cmd:50:1 through real public COMMAND=opened",
    "wave 50: host slot move=53 guest slot move=247",
    "wave 50 turn 1: progress enemyHp=[673:71/141,257:0/124] playerHp=[143:278/303,94:149/179]",
    "wave 50 turn 2: replay guest crossed cmd:50:2 through real public COMMAND=opened",
    "wave 50: biome market owner=host leave",
    "wave 50: drained 1 milestone reward continuation(s)",
    "wave 50: guest chose Crossroads Leave through public UI",
    "wave 50: guest drove World Map via public UI=true and both consumed 1832408614426927:1:BIOME_PICK:9700059",
    "wave 51 turn 1: replay guest crossed cmd:51:1 through real public COMMAND=opened",
    "wave 51: BIOME 11->18",
    "wave 51: host slot move=53 guest slot move=53",
    "wave 51 turn 1: progress enemyHp=[6058:0/95,262:0/94] playerHp=[143:303/303,94:153/179]",
    "wave 51: reward shop owner=host take-nonparty",
    "wave 52 turn 1: replay guest crossed cmd:52:1 through real public COMMAND=opened",
    "wave 52 turn 1: host SWITCH -> party[2]",
    "wave 52: host slot move=247 guest slot move=247",
    "wave 52 turn 1: progress enemyHp=[323:115/115,126:0/93] playerHp=[149:213/213,94:90/179]",
    "wave 52 turn 2: replay guest crossed cmd:52:2 through real public COMMAND=opened",
    "wave 52: reward shop owner=guest take-nonparty",
    "wave 53 turn 1: replay guest crossed cmd:53:1 through real public COMMAND=opened",
    "wave 53: host slot move=53 guest slot move=247",
    "wave 53 turn 1: progress enemyHp=[262:0/96,776:0/92] playerHp=[149:213/213,94:90/179]",
    "wave 53: reward shop owner=host take-nonparty",
    "wave 54 turn 1: replay guest crossed cmd:54:1 through real public COMMAND=opened",
    "wave 54: host slot move=247 guest slot move=247",
    "wave 54 turn 1: progress enemyHp=[839:72/144,38:0/112] playerHp=[149:194/213,94:43/179]",
    "wave 54 turn 2: replay guest crossed cmd:54:2 through real public COMMAND=opened",
    "wave 54: reward shop owner=guest take-nonparty",
    "wave 55 turn 1: replay guest crossed cmd:55:1 through real public COMMAND=opened",
    "wave 55: TRAINER (fixed)",
    "wave 55: host slot move=53 guest slot move=85"
  ]
}