{
  "invariant": "lockstep",
  "seed": 20260915,
  "wave": 71,
  "detail": "reward shop did not advance both counters once (before=83 host=83 guest=83)",
  "replay": "SOAK_SEED=20260915",
  "phaseState": {
    "hostPhase": "ErDexNavPhase",
    "guestPhase": "ErDexNavPhase",
    "hostInteractionCounter": 83,
    "guestInteractionCounter": 83,
    "hostWave": 71,
    "hostBattleType": 0,
    "hostPlayerField": [
      {
        "id": 2665764366,
        "battlerIndex": -1,
        "speciesId": 890,
        "speciesName": "Eternatus",
        "hp": 2065,
        "maxHp": 2065,
        "fainted": false,
        "status": 0,
        "statStages": [
          0,
          0,
          0,
          0,
          0,
          0,
          0
        ],
        "moves": [
          {
            "id": 34,
            "ppUsed": 2
          },
          {
            "id": 247,
            "ppUsed": 2
          },
          {
            "id": 53,
            "ppUsed": 2
          },
          {
            "id": 85,
            "ppUsed": 2
          }
        ],
        "coopOwner": "host"
      },
      {
        "id": 3673981840,
        "battlerIndex": -1,
        "speciesId": 384,
        "speciesName": "Rayquaza",
        "hp": 1715,
        "maxHp": 1715,
        "fainted": false,
        "status": 0,
        "statStages": [
          0,
          0,
          0,
          0,
          0,
          0,
          0
        ],
        "moves": [
          {
            "id": 34,
            "ppUsed": 0
          },
          {
            "id": 247,
            "ppUsed": 0
          },
          {
            "id": 53,
            "ppUsed": 0
          },
          {
            "id": 85,
            "ppUsed": 0
          }
        ],
        "coopOwner": "guest"
      }
    ],
    "hostEnemyField": [
      {
        "id": 3465950497,
        "battlerIndex": -1,
        "speciesId": 526,
        "speciesName": "Gigalith",
        "hp": 0,
        "maxHp": 151,
        "fainted": true,
        "status": 7,
        "statStages": [
          0,
          0,
          0,
          0,
          0,
          0,
          0
        ],
        "moves": [
          {
            "id": 800,
            "ppUsed": 0
          },
          {
            "id": 5004,
            "ppUsed": 0
          },
          {
            "id": 815,
            "ppUsed": 0
          },
          {
            "id": 659,
            "ppUsed": 1
          }
        ]
      },
      {
        "id": 1228993292,
        "battlerIndex": -1,
        "speciesId": 525,
        "speciesName": "Boldore",
        "hp": 0,
        "maxHp": 131,
        "fainted": true,
        "status": 7,
        "statStages": [
          0,
          0,
          0,
          0,
          0,
          0,
          0
        ],
        "moves": [
          {
            "id": 479,
            "ppUsed": 0
          },
          {
            "id": 356,
            "ppUsed": 0
          },
          {
            "id": 5004,
            "ppUsed": 0
          },
          {
            "id": 426,
            "ppUsed": 0
          }
        ]
      }
    ],
    "guestPlayerField": [
      {
        "id": 2665764366,
        "battlerIndex": 0,
        "speciesId": 890,
        "speciesName": "Eternatus",
        "hp": 2065,
        "maxHp": 2065,
        "fainted": false,
        "status": 0,
        "statStages": [
          0,
          0,
          0,
          0,
          0,
          0,
          0
        ],
        "moves": [
          {
            "id": 34,
            "ppUsed": 2
          },
          {
            "id": 247,
            "ppUsed": 2
          },
          {
            "id": 53,
            "ppUsed": 2
          },
          {
            "id": 85,
            "ppUsed": 2
          }
        ],
        "coopOwner": "host"
      },
      {
        "id": 3673981840,
        "battlerIndex": 1,
        "speciesId": 384,
        "speciesName": "Rayquaza",
        "hp": 1715,
        "maxHp": 1715,
        "fainted": false,
        "status": 0,
        "statStages": [
          0,
          0,
          0,
          0,
          0,
          0,
          0
        ],
        "moves": [
          {
            "id": 34,
            "ppUsed": 0
          },
          {
            "id": 247,
            "ppUsed": 0
          },
          {
            "id": 53,
            "ppUsed": 0
          },
          {
            "id": 85,
            "ppUsed": 0
          }
        ],
        "coopOwner": "guest"
      }
    ],
    "guestEnemyField": [
      {
        "id": 3465950497,
        "battlerIndex": 2,
        "speciesId": 526,
        "speciesName": "Gigalith",
        "hp": 0,
        "maxHp": 151,
        "fainted": true,
        "status": 7,
        "statStages": [
          0,
          0,
          0,
          0,
          0,
          0,
          0
        ],
        "moves": [
          {
            "id": 800,
            "ppUsed": 0
          },
          {
            "id": 5004,
            "ppUsed": 0
          },
          {
            "id": 815,
            "ppUsed": 0
          },
          {
            "id": 659,
            "ppUsed": 1
          }
        ]
      },
      {
        "id": 1228993292,
        "battlerIndex": 3,
        "speciesId": 525,
        "speciesName": "Boldore",
        "hp": 0,
        "maxHp": 131,
        "fainted": true,
        "status": 7,
        "statStages": [
          0,
          0,
          0,
          0,
          0,
          0,
          0
        ],
        "moves": [
          {
            "id": 479,
            "ppUsed": 0
          },
          {
            "id": 356,
            "ppUsed": 0
          },
          {
            "id": 5004,
            "ppUsed": 0
          },
          {
            "id": 426,
            "ppUsed": 0
          }
        ]
      }
    ]
  },
  "actionScript": [
    "SKIP mysteryEncounterDisabledV1",
    "content seed=coop-soak-20260915 preseeded=false",
    "wave 1 turn 1: committed frontier omitted seat 1; guest remained a replay spectator until host action",
    "wave 1: host slot move=34 guest slot move=0",
    "wave 1 turn 1: progress enemyHp=[16:0/14] playerHp=[890:2065/2065]",
    "wave 1: reward shop owner=host take-nonparty",
    "wave 2 turn 1: replay guest crossed cmd:2:1 through real public COMMAND=opened",
    "wave 2: host slot move=53 guest slot move=53",
    "wave 2 turn 1: progress enemyHp=[915:0/14,415:0/14] playerHp=[890:2065/2065,384:1715/1715]",
    "wave 2: reward shop owner=guest take-nonparty",
    "wave 3 turn 1: replay guest crossed cmd:3:1 through real public COMMAND=opened",
    "wave 3: host slot move=247 guest slot move=85",
    "wave 3 turn 1: progress enemyHp=[664:0/16,265:0/16] playerHp=[890:2065/2065,384:1715/1715]",
    "wave 3: reward shop owner=host take-nonparty",
    "wave 4 turn 1: replay guest crossed cmd:4:1 through real public COMMAND=opened",
    "wave 4: host slot move=85 guest slot move=53",
    "wave 4 turn 1: progress enemyHp=[161:0/18,504:0/16] playerHp=[890:2065/2065,384:1715/1715]",
    "wave 4: reward shop owner=guest take-nonparty",
    "wave 5 turn 1: replay guest crossed cmd:5:1 through real public COMMAND=opened",
    "wave 5: TRAINER (fixed)",
    "wave 5 turn 1: host SWITCH -> party[2]",
    "wave 5: host slot move=34 guest slot move=34",
    "wave 5 turn 1: progress enemyHp=[504:18/18,19:0/17] playerHp=[493:1865/1865,384:1712/1715]",
    "wave 5 turn 2: replay guest crossed cmd:5:2 through real public COMMAND=opened",
    "wave 5: reward shop owner=host take-nonparty",
    "wave 5: guest chose Crossroads Leave through public UI",
    "wave 5: guest drove World Map via public UI=true and both consumed 1832408295788872:1:BIOME_PICK:9700005",
    "wave 6 turn 1: replay guest crossed cmd:6:1 through real public COMMAND=opened",
    "wave 6: BIOME 0->1",
    "wave 6: host slot move=34 guest slot move=53",
    "wave 6 turn 1: progress enemyHp=[661:0/21,21:0/20] playerHp=[493:1865/1865,384:1712/1715]",
    "wave 6: reward shop owner=host take-nonparty",
    "wave 7 turn 1: replay guest crossed cmd:7:1 through real public COMMAND=opened",
    "wave 7: host slot move=34 guest slot move=85",
    "wave 7 turn 1: progress enemyHp=[819:0/23,744:0/21] playerHp=[493:1862/1865,384:1712/1715]",
    "wave 7: reward shop owner=guest take-nonparty",
    "wave 8 turn 1: replay guest crossed cmd:8:1 through real public COMMAND=opened",
    "wave 8: TRAINER (fixed)",
    "wave 8: host slot move=53 guest slot move=34",
    "wave 8 turn 1: progress enemyHp=[393:0/26,163:0/25] playerHp=[493:1862/1865,384:1712/1715]",
    "wave 8: reward shop owner=host take-nonparty",
    "wave 9 turn 1: replay guest crossed cmd:9:1 through real public COMMAND=opened",
    "wave 9: host slot move=34 guest slot move=247",
    "wave 9 turn 1: progress enemyHp=[84:28/28,261:0/24] playerHp=[493:1862/1865,384:1712/1715]",
    "wave 9 turn 2: replay guest crossed cmd:9:2 through real public COMMAND=opened",
    "wave 9 turn 2: host SWITCH -> party[2]",
    "wave 9: reward shop owner=guest take-nonparty",
    "wave 10 turn 1: replay guest crossed cmd:10:1 through real public COMMAND=opened",
    "wave 10: host slot move=34 guest slot move=53",
    "wave 10 turn 1: progress enemyHp=[263:0/22,108:0/31] playerHp=[890:2065/2065,384:1712/1715]",
    "wave 10: biome market owner=host leave",
    "wave 10: drained 1 milestone reward continuation(s)",
    "wave 10: guest chose Crossroads Leave through public UI",
    "wave 10: guest drove World Map via public UI=true and both consumed 1832408295788872:1:BIOME_PICK:9700011",
    "wave 11 turn 1: replay guest crossed cmd:11:1 through real public COMMAND=opened",
    "wave 11: BIOME 1->2",
    "wave 11 turn 1: host SWITCH -> party[2]",
    "wave 11: host slot move=247 guest slot move=34",
    "wave 11 turn 1: progress enemyHp=[285:27/27,20:0/29] playerHp=[493:1748/1865,384:1715/1715]",
    "wave 11 turn 2: replay guest crossed cmd:11:2 through real public COMMAND=opened",
    "wave 11 turn 2: host SWITCH -> party[2]",
    "wave 11: reward shop owner=host take-nonparty",
    "wave 12 turn 1: replay guest crossed cmd:12:1 through real public COMMAND=opened",
    "wave 12: TRAINER (random)",
    "wave 12: host slot move=53 guest slot move=34",
    "wave 12 turn 1: progress enemyHp=[669:0/27,420:0/27] playerHp=[890:2065/2065,384:1715/1715]",
    "wave 12: reward shop owner=guest leave",
    "wave 13 turn 1: replay guest crossed cmd:13:1 through real public COMMAND=opened",
    "wave 13: host slot move=85 guest slot move=247",
    "wave 13 turn 1: progress enemyHp=[415:0/26,543:0/27] playerHp=[890:2065/2065,384:1715/1715]",
    "wave 13: reward shop owner=host take-nonparty",
    "wave 14 turn 1: replay guest crossed cmd:14:1 through real public COMMAND=opened",
    "wave 14: host slot move=34 guest slot move=53",
    "wave 14 turn 1: guest SWITCH -> party[3]",
    "wave 14 turn 1: progress enemyHp=[266:0/30,546:28/28] playerHp=[890:2065/2065,150:1725/1725]",
    "wave 14 turn 2: replay guest crossed cmd:14:2 through real public COMMAND=opened",
    "wave 14: reward shop owner=guest take-nonparty",
    "wave 15 turn 1: replay guest crossed cmd:15:1 through real public COMMAND=opened",
    "wave 15: host slot move=247 guest slot move=85",
    "wave 15 turn 1: guest SWITCH -> party[3]",
    "wave 15 turn 1: progress enemyHp=[268:0/33,548:29/29] playerHp=[890:2065/2065,384:1715/1715]",
    "wave 15 turn 2: replay guest crossed cmd:15:2 through real public COMMAND=opened",
    "wave 15: reward shop owner=host take-nonparty",
    "wave 15: guest chose Crossroads Leave through public UI",
    "wave 15: guest drove World Map via public UI=true and both consumed 1832408295788872:1:BIOME_PICK:9700017",
    "wave 16 turn 1: replay guest crossed cmd:16:1 through real public COMMAND=opened",
    "wave 16: host slot move=53 guest slot move=34",
    "wave 16 turn 1: progress enemyHp=[273:0/33,285:0/37] playerHp=[890:2065/2065,384:1715/1715]",
    "wave 16: reward shop owner=host leave",
    "wave 17 turn 1: replay guest crossed cmd:17:1 through real public COMMAND=opened",
    "wave 17: host slot move=85 guest slot move=247",
    "wave 17 turn 1: progress enemyHp=[714:0/35,543:0/31] playerHp=[890:2065/2065,384:1715/1715]",
    "wave 17: reward shop owner=guest leave",
    "wave 18 turn 1: replay guest crossed cmd:18:1 through real public COMMAND=opened",
    "wave 18: host slot move=34 guest slot move=53",
    "wave 18 turn 1: progress enemyHp=[546:0/35,285:0/37] playerHp=[890:2065/2065,384:1715/1715]",
    "wave 18: reward shop owner=host take-nonparty",
    "wave 19 turn 1: replay guest crossed cmd:19:1 through real public COMMAND=opened",
    "wave 19: host slot move=247 guest slot move=34",
    "wave 19 turn 1: progress enemyHp=[548:0/36,108:0/47] playerHp=[890:2065/2065,384:1715/1715]",
    "wave 19: reward shop owner=guest leave",
    "wave 20 turn 1: replay guest crossed cmd:20:1 through real public COMMAND=opened",
    "wave 20: host slot move=53 guest slot move=34",
    "wave 20 turn 1: progress enemyHp=[820:0/61,714:0/40] playerHp=[890:2065/2065,384:1715/1715]",
    "wave 20: biome market owner=host leave",
    "wave 20: drained 1 milestone reward continuation(s)",
    "wave 20: guest chose Crossroads Leave through public UI",
    "wave 20: guest drove World Map via public UI=true and both consumed 1832408295788872:1:BIOME_PICK:9700023",
    "wave 21 turn 1: replay guest crossed cmd:21:1 through real public COMMAND=opened",
    "wave 21: BIOME 2->3",
    "wave 21: host slot move=85 guest slot move=247",
    "wave 21 turn 1: progress enemyHp=[46:0/38,48:0/45] playerHp=[890:2065/2065,384:1715/1715]",
    "wave 21: reward shop owner=host take-nonparty",
    "wave 22 turn 1: replay guest crossed cmd:22:1 through real public COMMAND=opened",
    "wave 22: host slot move=34 guest slot move=53",
    "wave 22 turn 1: progress enemyHp=[290:0/35,919:39/39] playerHp=[890:2065/2065,384:1715/1715]",
    "wave 22 turn 2: replay guest crossed cmd:22:2 through real public COMMAND=opened",
    "wave 22: reward shop owner=guest leave",
    "wave 23 turn 1: replay guest crossed cmd:23:1 through real public COMMAND=opened",
    "wave 23: host slot move=247 guest slot move=85",
    "wave 23 turn 1: progress enemyHp=[15:0/46,665:0/43] playerHp=[890:2065/2065,384:1715/1715]",
    "wave 23: reward shop owner=host take-nonparty",
    "wave 24 turn 1: replay guest crossed cmd:24:1 through real public COMMAND=opened",
    "wave 24: host slot move=53 guest slot move=85",
    "wave 24 turn 1: progress enemyHp=[402:0/52,37:0/41] playerHp=[890:2065/2065,384:1714/1715]",
    "wave 24: reward shop owner=guest leave",
    "wave 25 turn 1: replay guest crossed cmd:25:1 through real public COMMAND=opened",
    "wave 25: TRAINER (fixed)",
    "wave 25: host slot move=85 guest slot move=247",
    "wave 25 turn 1: progress enemyHp=[394:0/58,163:0/52] playerHp=[890:2065/2065,384:1714/1715]",
    "wave 25 turn 2: replay guest crossed cmd:25:2 through real public COMMAND=opened",
    "wave 25: reward shop owner=host take-nonparty",
    "wave 25: guest chose Crossroads Leave through public UI",
    "wave 25: guest drove World Map via public UI=true and both consumed 1832408295788872:1:BIOME_PICK:9700029",
    "wave 26 turn 1: replay guest crossed cmd:26:1 through real public COMMAND=opened",
    "wave 26: host slot move=34 guest slot move=53",
    "wave 26 turn 1: progress enemyHp=[15:0/54,43:0/45] playerHp=[890:2065/2065,384:1714/1715]",
    "wave 26: reward shop owner=host take-nonparty",
    "wave 27 turn 1: replay guest crossed cmd:27:1 through real public COMMAND=opened",
    "wave 27 turn 1: host SWITCH -> party[2]",
    "wave 27: host slot move=247 guest slot move=85",
    "wave 27 turn 1: progress enemyHp=[167:43/43,402:0/58] playerHp=[493:1748/1865,384:1714/1715]",
    "wave 27 turn 2: replay guest crossed cmd:27:2 through real public COMMAND=opened",
    "wave 27: reward shop owner=guest leave",
    "wave 28 turn 1: replay guest crossed cmd:28:1 through real public COMMAND=opened",
    "wave 28 turn 1: host SWITCH -> party[2]",
    "wave 28: host slot move=53 guest slot move=34",
    "wave 28 turn 1: progress enemyHp=[171:78/78,665:0/49] playerHp=[890:2065/2065,384:1714/1715]",
    "wave 28 turn 2: replay guest crossed cmd:28:2 through real public COMMAND=opened",
    "wave 28: reward shop owner=host leave",
    "wave 29 turn 1: replay guest crossed cmd:29:1 through real public COMMAND=opened",
    "wave 29: host slot move=85 guest slot move=34",
    "wave 29 turn 1: progress enemyHp=[753:47/47,777:0/59] playerHp=[890:2065/2065,384:1500/1715]",
    "wave 29 turn 2: replay guest crossed cmd:29:2 through real public COMMAND=opened",
    "wave 29: reward shop owner=guest leave",
    "wave 30 turn 1: replay guest crossed cmd:30:1 through real public COMMAND=opened",
    "wave 30: TRAINER (random)",
    "wave 30: host slot move=34 guest slot move=53",
    "wave 30 turn 1: progress enemyHp=[512:0/66,512:0/69] playerHp=[890:2065/2065,384:1500/1715]",
    "wave 30 turn 2: replay guest crossed cmd:30:2 through real public COMMAND=opened",
    "wave 30: biome market owner=host leave",
    "wave 30: drained 1 milestone reward continuation(s)",
    "wave 30: guest chose Crossroads Leave through public UI",
    "wave 30: guest drove World Map via public UI=true and both consumed 1832408295788872:1:BIOME_PICK:9700035",
    "wave 31 turn 1: replay guest crossed cmd:31:1 through real public COMMAND=opened",
    "wave 31: BIOME 3->5",
    "wave 31: host slot move=247 guest slot move=85",
    "wave 31 turn 1: progress enemyHp=[253:55/55,285:0/57] playerHp=[890:2065/2065,384:1715/1715]",
    "wave 31 turn 2: replay guest crossed cmd:31:2 through real public COMMAND=opened",
    "wave 31: reward shop owner=host leave",
    "wave 32 turn 1: replay guest crossed cmd:32:1 through real public COMMAND=opened",
    "wave 32: TRAINER (random)",
    "wave 32 turn 1: host SWITCH -> party[2]",
    "wave 32: host slot move=53 guest slot move=34",
    "wave 32 turn 1: progress enemyHp=[285:57/57,665:0/51] playerHp=[493:1865/1865,384:1715/1715]",
    "wave 32 turn 2: replay guest crossed cmd:32:2 through real public COMMAND=opened",
    "wave 32: reward shop owner=guest leave",
    "wave 33 turn 1: replay guest crossed cmd:33:1 through real public COMMAND=opened",
    "wave 33: host slot move=85 guest slot move=247",
    "wave 33 turn 1: progress enemyHp=[412:0/55,204:58/58] playerHp=[493:1865/1865,384:1715/1715]",
    "wave 33 turn 2: replay guest crossed cmd:33:2 through real public COMMAND=opened",
    "wave 33: reward shop owner=host take-nonparty",
    "wave 34 turn 1: replay guest crossed cmd:34:1 through real public COMMAND=opened",
    "wave 34 turn 1: host SWITCH -> party[2]",
    "wave 34: host slot move=34 guest slot move=34",
    "wave 34 turn 1: progress enemyHp=[269:73/73,944:0/58] playerHp=[890:2065/2065,384:1715/1715]",
    "wave 34 turn 2: replay guest crossed cmd:34:2 through real public COMMAND=opened",
    "wave 34: reward shop owner=guest leave",
    "wave 35 turn 1: replay guest crossed cmd:35:1 through real public COMMAND=opened",
    "wave 35: TRAINER (fixed)",
    "wave 35: host slot move=247 guest slot move=85",
    "wave 35 turn 1: progress enemyHp=[665:0/63,262:0/75] playerHp=[890:2065/2065,384:1710/1715]",
    "wave 35: reward shop owner=host leave",
    "wave 35: guest chose Crossroads Leave through public UI",
    "wave 35: guest drove World Map via public UI=true and both consumed 1832408295788872:1:BIOME_PICK:9700041",
    "wave 36 turn 1: replay guest crossed cmd:36:1 through real public COMMAND=opened",
    "wave 36: BIOME 5->27",
    "wave 36: host slot move=53 guest slot move=34",
    "wave 36 turn 1: progress enemyHp=[415:0/60,541:75/75] playerHp=[890:2065/2065,384:1710/1715]",
    "wave 36 turn 2: replay guest crossed cmd:36:2 through real public COMMAND=opened",
    "wave 36: reward shop owner=host take-nonparty",
    "wave 37 turn 1: replay guest crossed cmd:37:1 through real public COMMAND=opened",
    "wave 37: host slot move=85 guest slot move=247",
    "wave 37 turn 1: progress enemyHp=[415:0/62,415:0/62] playerHp=[890:2065/2065,384:1710/1715]",
    "wave 37: reward shop owner=guest leave",
    "wave 38 turn 1: replay guest crossed cmd:38:1 through real public COMMAND=opened",
    "wave 38: host slot move=34 guest slot move=53",
    "wave 38 turn 1: guest SWITCH -> party[3]",
    "wave 38 turn 1: progress enemyHp=[758:0/79,102:72/72] playerHp=[890:2065/2065,150:1725/1725]",
    "wave 38 turn 2: replay guest crossed cmd:38:2 through real public COMMAND=opened",
    "wave 38: reward shop owner=host take-nonparty",
    "wave 39 turn 1: replay guest crossed cmd:39:1 through real public COMMAND=opened",
    "wave 39: host slot move=247 guest slot move=85",
    "wave 39 turn 1: progress enemyHp=[541:0/77,415:0/66] playerHp=[890:2065/2065,150:1725/1725]",
    "wave 39: reward shop owner=guest take-nonparty",
    "wave 40 turn 1: replay guest crossed cmd:40:1 through real public COMMAND=opened",
    "wave 40: host slot move=53 guest slot move=53",
    "wave 40 turn 1: progress enemyHp=[421:0/91,667:0/81] playerHp=[890:2065/2065,150:1725/1725]",
    "wave 40: biome market owner=host leave",
    "wave 40: drained 1 milestone reward continuation(s)",
    "wave 40: guest chose Crossroads Leave through public UI",
    "wave 40: guest drove World Map via public UI=true and both consumed 1832408295788872:1:BIOME_PICK:9700047",
    "wave 41 turn 1: replay guest crossed cmd:41:1 through real public COMMAND=opened",
    "wave 41: BIOME 27->29",
    "wave 41: host slot move=247 guest slot move=53",
    "wave 41 turn 1: progress enemyHp=[679:0/71,93:0/69] playerHp=[890:2065/2065,150:1294/1725]",
    "wave 41: reward shop owner=host take-nonparty",
    "wave 42 turn 1: replay guest crossed cmd:42:1 through real public COMMAND=opened",
    "wave 42 turn 1: host SWITCH -> party[2]",
    "wave 42: host slot move=247 guest slot move=247",
    "wave 42 turn 1: progress enemyHp=[563:85/85,622:0/77] playerHp=[493:1865/1865,150:857/1725]",
    "wave 42 turn 2: replay guest crossed cmd:42:2 through real public COMMAND=opened",
    "wave 42 turn 2: host SWITCH -> party[2]",
    "wave 42 turn 2: guest SWITCH -> party[3]",
    "wave 42 turn 3: replay guest crossed cmd:42:3 through real public COMMAND=opened",
    "wave 42: reward shop owner=guest leave",
    "wave 42: drained 1 milestone reward continuation(s)",
    "wave 43 turn 1: replay guest crossed cmd:43:1 through real public COMMAND=opened",
    "wave 43: host slot move=247 guest slot move=247",
    "wave 43 turn 1: progress enemyHp=[563:0/88,562:0/63] playerHp=[890:2065/2065,384:1712/1715]",
    "wave 43: reward shop owner=host take-nonparty",
    "wave 44 turn 1: replay guest crossed cmd:44:1 through real public COMMAND=opened",
    "wave 44: host slot move=53 guest slot move=53",
    "wave 44 turn 1: progress enemyHp=[177:0/69,355:0/56] playerHp=[890:2065/2065,384:1712/1715]",
    "wave 44: reward shop owner=guest leave",
    "wave 45 turn 1: replay guest crossed cmd:45:1 through real public COMMAND=opened",
    "wave 45: host slot move=53 guest slot move=247",
    "wave 45 turn 1: progress enemyHp=[622:0/77,358:0/97] playerHp=[890:2065/2065,384:1705/1715]",
    "wave 45: reward shop owner=host leave",
    "wave 45: drained 1 milestone reward continuation(s)",
    "wave 45: guest chose Crossroads Leave through public UI",
    "wave 45: guest drove World Map via public UI=true and both consumed 1832408295788872:1:BIOME_PICK:9700053",
    "wave 46 turn 1: replay guest crossed cmd:46:1 through real public COMMAND=opened",
    "wave 46 turn 1: host SWITCH -> party[2]",
    "wave 46: host slot move=53 guest slot move=247",
    "wave 46 turn 1: progress enemyHp=[93:74/74,679:0/74] playerHp=[493:1865/1865,384:1705/1715]",
    "wave 46 turn 2: replay guest crossed cmd:46:2 through real public COMMAND=opened",
    "wave 46 turn 2: host SWITCH -> party[2]",
    "wave 46 turn 2: guest SWITCH -> party[3]",
    "wave 46 turn 3: replay guest crossed cmd:46:3 through real public COMMAND=opened",
    "wave 46: reward shop owner=host leave",
    "wave 47 turn 1: replay guest crossed cmd:47:1 through real public COMMAND=opened",
    "wave 47: host slot move=53 guest slot move=53",
    "wave 47 turn 1: progress enemyHp=[2105:0/99,2105:0/99] playerHp=[890:2065/2065,150:1725/1725]",
    "wave 47: reward shop owner=guest leave",
    "wave 48 turn 1: replay guest crossed cmd:48:1 through real public COMMAND=opened",
    "wave 48: host slot move=247 guest slot move=247",
    "wave 48 turn 1: progress enemyHp=[93:0/76,355:0/66] playerHp=[890:2065/2065,150:1725/1725]",
    "wave 48: reward shop owner=host take-nonparty",
    "wave 49 turn 1: replay guest crossed cmd:49:1 through real public COMMAND=opened",
    "wave 49: host slot move=85 guest slot move=85",
    "wave 49 turn 1: progress enemyHp=[999:0/88,999:90/90] playerHp=[890:2065/2065,150:1713/1725]",
    "wave 49 turn 2: replay guest crossed cmd:49:2 through real public COMMAND=opened",
    "wave 49: reward shop owner=guest leave",
    "wave 49: drained 1 milestone reward continuation(s)",
    "wave 50 turn 1: replay guest crossed cmd:50:1 through real public COMMAND=opened",
    "wave 50: host slot move=247 guest slot move=53",
    "wave 50 turn 1: progress enemyHp=[563:0/108,358:0/124] playerHp=[890:2065/2065,150:1707/1725]",
    "wave 50: biome market owner=host leave",
    "wave 50: drained 1 milestone reward continuation(s)",
    "wave 50: guest chose Crossroads Leave through public UI",
    "wave 50: guest drove World Map via public UI=true and both consumed 1832408295788872:1:BIOME_PICK:9700059",
    "wave 51 turn 1: replay guest crossed cmd:51:1 through real public COMMAND=opened",
    "wave 51: BIOME 29->14",
    "wave 51: host slot move=247 guest slot move=85",
    "wave 51 turn 1: progress enemyHp=[843:0/89,953:0/76] playerHp=[890:2065/2065,150:1618/1725]",
    "wave 51: reward shop owner=host take-nonparty",
    "wave 52 turn 1: replay guest crossed cmd:52:1 through real public COMMAND=opened",
    "wave 52 turn 1: host SWITCH -> party[2]",
    "wave 52: host slot move=53 guest slot move=34",
    "wave 52 turn 1: progress enemyHp=[552:95/95,554:0/96] playerHp=[493:1744/1865,150:1511/1725]",
    "wave 52 turn 2: replay guest crossed cmd:52:2 through real public COMMAND=opened",
    "wave 52: reward shop owner=guest leave",
    "wave 52: drained 1 milestone reward continuation(s)",
    "wave 53 turn 1: replay guest crossed cmd:53:1 through real public COMMAND=opened",
    "wave 53: host slot move=53 guest slot move=34",
    "wave 53 turn 1: progress enemyHp=[946:0/83,322:0/106] playerHp=[493:1512/1865,150:1297/1725]",
    "wave 53: reward shop owner=host leave",
    "wave 54 turn 1: replay guest crossed cmd:54:1 through real public COMMAND=opened",
    "wave 54: host slot move=34 guest slot move=53",
    "wave 54 turn 1: progress enemyHp=[695:0/101,556:0/113] playerHp=[493:1396/1865,150:1190/1725]",
    "wave 54: reward shop owner=guest leave",
    "wave 54: drained 1 milestone reward continuation(s)",
    "wave 55 turn 1: replay guest crossed cmd:55:1 through real public COMMAND=opened",
    "wave 55: TRAINER (fixed)",
    "wave 55: host slot move=247 guest slot move=85",
    "wave 55 turn 1: progress enemyHp=[395:0/132,164:0/135] playerHp=[493:1280/1865,150:1083/1725]",
    "wave 55 turn 2: replay guest crossed cmd:55:2 through real public COMMAND=opened",
    "wave 55 turn 3: replay guest crossed cmd:55:3 through real public COMMAND=opened",
    "wave 55: reward shop owner=host leave",
    "wave 55: guest chose Crossroads Leave through public UI",
    "wave 55: guest drove World Map via public UI=true and both consumed 1832408295788872:1:BIOME_PICK:9700065",
    "wave 56 turn 1: replay guest crossed cmd:56:1 through real public COMMAND=opened",
    "wave 56: host slot move=53 guest slot move=34",
    "wave 56 turn 1: progress enemyHp=[348:0/119,554:0/102] playerHp=[493:932/1865,150:757/1725]",
    "wave 56: reward shop owner=host leave",
    "wave 56: drained 1 milestone reward continuation(s)",
    "wave 57 turn 1: replay guest crossed cmd:57:1 through real public COMMAND=opened",
    "wave 57: host slot move=53 guest slot move=34",
    "wave 57 turn 1: guest SWITCH -> party[3]",
    "wave 57 turn 1: progress enemyHp=[947:0/106,552:102/102] playerHp=[493:811/1865,384:1608/1715]",
    "wave 57 turn 2: replay guest crossed cmd:57:2 through real public COMMAND=opened",
    "wave 57 turn 2: guest SWITCH -> party[3]",
    "wave 57: reward shop owner=guest leave",
    "wave 57: drained 1 milestone reward continuation(s)",
    "wave 58 turn 1: replay guest crossed cmd:58:1 through real public COMMAND=opened",
    "wave 58: host slot move=34 guest slot move=34",
    "wave 58 turn 1: progress enemyHp=[28:0/138,968:0/112] playerHp=[493:579/1865,150:1508/1725]",
    "wave 58: reward shop owner=host take-nonparty",
    "wave 59 turn 1: replay guest crossed cmd:59:1 through real public COMMAND=opened",
    "wave 59: host slot move=53 guest slot move=34",
    "wave 59 turn 1: progress enemyHp=[85:0/128,452:0/115] playerHp=[493:463/1865,150:1401/1725]",
    "wave 59: reward shop owner=guest leave",
    "wave 59: drained 1 milestone reward continuation(s)",
    "wave 60 turn 1: replay guest crossed cmd:60:1 through real public COMMAND=opened",
    "wave 60: TRAINER (random)",
    "wave 60 turn 1: host SWITCH -> party[2]",
    "wave 60: host slot move=53 guest slot move=34",
    "wave 60 turn 1: progress enemyHp=[10812:115/115,900:0/123] playerHp=[890:2065/2065,150:1281/1725]",
    "wave 60 turn 2: replay guest crossed cmd:60:2 through real public COMMAND=opened",
    "wave 60 turn 3: replay guest crossed cmd:60:3 through real public COMMAND=opened",
    "wave 60: biome market owner=host leave",
    "wave 60: drained 1 milestone reward continuation(s)",
    "wave 60: guest chose Crossroads Leave through public UI",
    "wave 60: guest drove World Map via public UI=true and both consumed 1832408295788872:1:BIOME_PICK:9700071",
    "wave 61 turn 1: replay guest crossed cmd:61:1 through real public COMMAND=opened",
    "wave 61: BIOME 14->22",
    "wave 61: host slot move=85 guest slot move=53",
    "wave 61 turn 1: progress enemyHp=[178:0/122,344:0/112] playerHp=[890:2065/2065,150:1725/1725]",
    "wave 61: reward shop owner=host leave",
    "wave 61: drained 1 milestone reward continuation(s)",
    "wave 62 turn 1: replay guest crossed cmd:62:1 through real public COMMAND=opened",
    "wave 62: TRAINER (fixed)",
    "wave 62: host slot move=34 guest slot move=53",
    "wave 62 turn 1: progress enemyHp=[510:0/121,317:0/152] playerHp=[890:2065/2065,150:1618/1725]",
    "wave 62 turn 2: replay guest crossed cmd:62:2 through real public COMMAND=opened",
    "wave 62: reward shop owner=guest take-nonparty",
    "wave 63 turn 1: replay guest crossed cmd:63:1 through real public COMMAND=opened",
    "wave 63 turn 1: host SWITCH -> party[2]",
    "wave 63: host slot move=247 guest slot move=85",
    "wave 63 turn 1: progress enemyHp=[606:128/136,64:0/96] playerHp=[493:1749/1865,150:1404/1725]",
    "wave 63 turn 2: replay guest crossed cmd:63:2 through real public COMMAND=opened",
    "wave 63: reward shop owner=host take-nonparty",
    "wave 64 turn 1: replay guest crossed cmd:64:1 through real public COMMAND=opened",
    "wave 64: TRAINER (fixed)",
    "wave 64: host slot move=53 guest slot move=34",
    "wave 64 turn 1: progress enemyHp=[663:137/139,666:0/145] playerHp=[493:1167/1865,150:1288/1725]",
    "wave 64 turn 2: replay guest crossed cmd:64:2 through real public COMMAND=opened",
    "wave 64 turn 2: guest SWITCH -> party[3]",
    "wave 64 turn 3: replay guest crossed cmd:64:3 through real public COMMAND=opened",
    "wave 64: reward shop owner=guest take-nonparty",
    "wave 65 turn 1: replay guest crossed cmd:65:1 through real public COMMAND=opened",
    "wave 65 turn 1: host SWITCH -> party[2]",
    "wave 65: host slot move=85 guest slot move=247",
    "wave 65 turn 1: progress enemyHp=[959:133/133,576:0/138] playerHp=[890:2065/2065,384:1680/1715]",
    "wave 65 turn 2: replay guest crossed cmd:65:2 through real public COMMAND=opened",
    "wave 65: reward shop owner=host leave",
    "wave 65: drained 1 milestone reward continuation(s)",
    "wave 66 turn 1: replay guest crossed cmd:66:1 through real public COMMAND=opened",
    "wave 66: TRAINER (fixed)",
    "wave 66: host slot move=34 guest slot move=53",
    "wave 66 turn 1: guest SWITCH -> party[3]",
    "wave 66 turn 1: progress enemyHp=[663:0/144,407:127/127] playerHp=[890:2065/2065,150:1717/1725]",
    "wave 66 turn 2: replay guest crossed cmd:66:2 through real public COMMAND=opened",
    "wave 66 turn 3: replay guest crossed cmd:66:3 through real public COMMAND=opened",
    "wave 66 turn 4: replay guest crossed cmd:66:4 through real public COMMAND=opened",
    "wave 66: reward shop owner=guest leave",
    "wave 67 turn 1: replay guest crossed cmd:67:1 through real public COMMAND=opened",
    "wave 67: host slot move=247 guest slot move=85",
    "wave 67 turn 1: progress enemyHp=[561:0/139,97:0/154] playerHp=[890:2065/2065,150:1717/1725]",
    "wave 67: reward shop owner=host take-nonparty",
    "wave 68 turn 1: replay guest crossed cmd:68:1 through real public COMMAND=opened",
    "wave 68: host slot move=34 guest slot move=53",
    "wave 68 turn 1: progress enemyHp=[344:0/131,201:0/123] playerHp=[890:2065/2065,150:1717/1725]",
    "wave 68: reward shop owner=guest take-nonparty",
    "wave 69 turn 1: replay guest crossed cmd:69:1 through real public COMMAND=opened",
    "wave 69: host slot move=85 guest slot move=247",
    "wave 69 turn 1: progress enemyHp=[64:0/113,97:0/154] playerHp=[890:2065/2065,150:1717/1725]",
    "wave 69: reward shop owner=host take-nonparty",
    "wave 70 turn 1: replay guest crossed cmd:70:1 through real public COMMAND=opened",
    "wave 70: host slot move=34 guest slot move=53",
    "wave 70 turn 1: progress enemyHp=[606:0/136,576:0/167] playerHp=[890:1549/2065,150:1717/1725]",
    "wave 70: biome market owner=guest leave",
    "wave 70: drained 1 milestone reward continuation(s)",
    "wave 70: host chose Crossroads Leave through public UI",
    "wave 70: host drove World Map via public UI=true and both consumed 1832408295788872:0:BIOME_PICK:9700082",
    "wave 71 turn 1: replay guest crossed cmd:71:1 through real public COMMAND=opened",
    "wave 71: BIOME 22->11",
    "wave 71: host slot move=247 guest slot move=85",
    "wave 71 turn 1: progress enemyHp=[526:76/151,525:0/131] playerHp=[890:2065/2065,150:1725/1725]",
    "wave 71 turn 2: replay guest crossed cmd:71:2 through real public COMMAND=opened",
    "wave 71 turn 2: guest SWITCH -> party[3]",
    "wave 71: reward shop owner=guest take-nonparty"
  ]
}