url:      https://elite-redux-staging.pages.dev/
build:    github:7e3eb45379d100c076cfbffc79e9f28af35da858:run-31549470060.1
ua:       Mozilla/5.0 (Windows NT 10.0; Win64; x64; rv:153.0) Gecko/20100101 Firefox/153.0
platform: Win32
screen:   1920x1080 @1x  devmem:?
boot:     boot-start@0ms -> loading-complete@63052ms -> title-shown@68009ms
lastSess: ok (reached title)
mode:     8  wave:2
seed:     Pz5fbRCsImBB9IHmQr6yIxlO
party:    Rattata(L5 18hp f0), Spearow(L5 19hp f0), Chikorita(L5 20hp f0), Noibat(L5 20hp f0), Riolu(L5 19hp f0)
enemy:    

----- COMMENT -----
frozen session I think.

----- BUILD IDENTITY (JSON) -----
{"version":1,"id":"github:7e3eb45379d100c076cfbffc79e9f28af35da858:run-31549470060.1","source":"github","sha":"7e3eb45379d100c076cfbffc79e9f28af35da858","workflow":{"provider":"github-actions","runId":"31549470060","runAttempt":1,"workflow":"Deploy Staging","job":"deploy","repository":"Heraklines/elite-redux","ref":"feat/elite-redux-port"},"deployment":null}

----- CONSOLE -----
[00:16:57.179] LOG: %c %c %c %c %c Phaser v3.90.0 (WebGL | Web Audio) %c https://phaser.io/v390 background: #ff0000 background: #ffff00 background: #00ff00 background: #00ffff color: #ffffff; background: #000000 background: transparent
[00:16:58.179] LOG: [ER] build {"version":1,"id":"github:7e3eb45379d100c076cfbffc79e9f28af35da858:run-31549470060.1","source":"github","sha":"7e3eb45379d100c076cfbffc79e9f28af35da858","workflow":{"provider":"github-actions","runId":"31549470060","runAttempt":1,"workflow":"Deploy Staging","job":"deploy","repository":"Heraklines/elite-redux","ref":"feat/elite-redux-port"},"deployment":null}
[00:16:58.655] LOG: [dev-tools] loaded — 766 scenarios + Send Logs button
[00:17:56.607] DEBUG: Destroying loading scene
[00:17:56.607] DEBUG: Destroyed loading scene
[00:17:56.881] LOG: Seed: Oh0qBIBefjwidgyHtNZOUss6
[00:17:56.882] LOG: Wave Seed: Oh0qBIBefjwidgyHtNZOUss6 0
[00:18:00.305] LOG: %cStart Phase LoginPhase color:green;
[00:18:00.733] LOG: Client Session: T5WfxuwfYiTaemtCtCvRnPMGQM7GX0Ii
[00:18:01.547] LOG: %cStart Phase TitlePhase color:green;
[00:18:01.547] LOG: Getting Session Slot id: %d 0
[00:18:02.735] LOG: use seasonal splash messages true
[00:18:03.796] LOG: Getting Session Slot id: %d 0
[00:18:05.267] LOG: Wave Seed: Pz5fbRCsImBB9IHmQr6yIxlO 0
[00:18:05.267] LOG: Seed: Pz5fbRCsImBB9IHmQr6yIxlO
[00:18:05.269] LOG: Wave Seed: Q{6gcSDtJnCC:JInRs7zJymP 1
[00:18:05.469] LOG: %cStart Phase EncounterPhase color:green;
[00:18:05.478] LOG: Pokemon: Wild Kirlia | Species ID: 281 | Level: 2 | Nature: Lax (+Def/-SpDef)
[00:18:05.479] LOG: Stats (IVs): HP: 14 (31), Atk: 6 (6), Def: 7 (17), Spatk: 8 (25), Spdef: 6 (22), Spd: 8 (25)
[00:18:05.479] LOG: Ability: Scrapyard | Passive Ability: Eternal Flower 
[00:18:05.479] LOG: Moveset: ["Horn Attack","Defend Order","False Swipe","Zing Zap"]
[00:18:05.480] LOG: Pokemon: Wild Togetic | Species ID: 176 | Level: 2 | Nature: Rash (+SpAtk/-SpDef)
[00:18:05.480] LOG: Stats (IVs): HP: 15 (16), Atk: 6 (19), Def: 8 (9), Spatk: 8 (11), Spdef: 8 (7), Spd: 6 (13)
[00:18:05.480] LOG: Ability: Perfectionist | Passive Ability: Half Drake 
[00:18:05.480] LOG: Moveset: ["Hyper Voice","Glacier Crash","Mountain Chunk","Esper Wing"]
[00:18:06.413] LOG: Wave Seed: Q{6gcSDtJnCC:JInRs7zJymP 1
[00:18:07.879] LOG: %cStart Phase SummonPhase color:green;
[00:18:08.801] LOG: %cStart Phase SummonPhase color:green;
[00:18:09.734] LOG: %cStart Phase CheckSwitchPhase color:green;
[00:18:11.545] LOG: %cStart Phase SwitchPhase color:green;
[00:18:12.862] LOG: %cStart Phase CheckSwitchPhase color:green;
[00:18:13.649] LOG: %cStart Phase InitEncounterPhase color:green;
[00:18:13.759] LOG: %cStart Phase PostSummonPhase color:green;
[00:18:13.759] LOG: Ran PSP for: Rattata
[00:18:13.899] LOG: %cStart Phase PostSummonPhase color:green;
[00:18:14.009] LOG: %cStart Phase PostSummonPhase color:green;
[00:18:14.009] LOG: %cStart Phase ShowAbilityPhase color:green;
[00:18:14.542] LOG: %cStart Phase MovePhase color:green;
[00:18:14.542] LOG: %cUser: Rattata
Move: MIST
Use Mode: FOLLOW_UP color:orchid
[00:18:15.189] LOG: %cStart Phase MessagePhase color:green;
[00:18:15.501] LOG: %cStart Phase MoveEffectPhase color:green;
[00:18:15.544] LOG: %cStart Phase MessagePhase color:green;
[00:18:16.317] LOG: %cStart Phase MoveEndPhase color:green;
[00:18:16.320] LOG: %cStart Phase HideAbilityPhase color:green;
[00:18:16.463] LOG: %cStart Phase PostSummonPhase color:green;
[00:18:16.463] LOG: Ran PSP for: Spearow
[00:18:16.541] LOG: %cStart Phase PostSummonPhase color:green;
[00:18:16.542] LOG: %cStart Phase ShowAbilityPhase color:green;
[00:18:17.076] LOG: %cStart Phase MovePhase color:green;
[00:18:17.076] LOG: %cUser: Spearow
Move: DRAGON_CHEER
Use Mode: FOLLOW_UP color:orchid
[00:18:17.732] LOG: %cStart Phase MessagePhase color:green;
[00:18:18.101] LOG: %cStart Phase MoveEffectPhase color:green;
[00:18:18.236] LOG: %cStart Phase MessagePhase color:green;
[00:18:18.867] LOG: %cStart Phase MoveEndPhase color:green;
[00:18:18.870] LOG: %cStart Phase HideAbilityPhase color:green;
[00:18:19.020] LOG: %cStart Phase PostSummonPhase color:green;
[00:18:19.038] LOG: %cStart Phase PostSummonPhase color:green;
[00:18:19.039] LOG: Ran PSP for: Kirlia
[00:18:19.067] LOG: %cStart Phase PostSummonPhase color:green;
[00:18:19.067] LOG: Ran PSP for: Togetic
[00:18:19.089] LOG: %cStart Phase PostSummonPhase color:green;
[00:18:19.090] LOG: %cStart Phase ShowAbilityPhase color:green;
[00:18:19.626] LOG: %cStart Phase HideAbilityPhase color:green;
[00:18:19.725] LOG: %cStart Phase TurnInitPhase color:green;
[00:18:19.730] LOG: %cStart Phase CommandPhase color:green;
[00:18:22.446] LOG: Move: ICE_FANG Move targets: {"targets":[2,3,1],"multiple":false} 
Player Pokemon: Rattata
[00:18:22.447] LOG: %cStart Phase SelectTargetPhase color:green;
[00:18:23.468] LOG: %cStart Phase CommandPhase color:green;
[00:18:24.478] LOG: Move: AIR_CUTTER Move targets: {"targets":[2,3],"multiple":true} 
Player Pokemon: Spearow
[00:18:24.479] LOG: %cStart Phase SelectTargetPhase color:green;
[00:18:25.161] LOG: %cStart Phase EnemyCommandPhase color:green;
[00:18:25.849] LOG: Battle Seed: irfjbcYLcfWozan6
[00:18:26.243] LOG: Move Pool: ["Horn Attack","Defend Order","False Swipe","Zing Zap"]
[00:18:26.243] LOG: Move Scores: [30,4,36,18]
[00:18:26.243] LOG: Sorted Move Pool: ["False Swipe","Horn Attack","Zing Zap","Defend Order"]
[00:18:26.243] LOG: Chosen Move: Zing Zap
[00:18:26.243] LOG: %cStart Phase EnemyCommandPhase color:green;
[00:18:27.772] LOG: Move Pool: ["Hyper Voice","Glacier Crash","Mountain Chunk","Esper Wing"]
[00:18:27.772] LOG: Move Scores: [28.5,19,46,21]
[00:18:27.772] LOG: Sorted Move Pool: ["Mountain Chunk","Hyper Voice","Esper Wing","Glacier Crash"]
[00:18:27.772] LOG: Chosen Move: Mountain Chunk
[00:18:27.772] LOG: %cStart Phase TurnStartPhase color:green;
[00:18:28.271] LOG: %cStart Phase MovePhase color:green;
[00:18:28.271] LOG: %cUser: Rattata
Move: ICE_FANG
Use Mode: NORMAL color:orchid
[00:18:28.844] LOG: %cStart Phase MessagePhase color:green;
[00:18:29.184] LOG: %cStart Phase MoveEffectPhase color:green;
[00:18:29.610] LOG: crit stage: +0
[00:18:29.659] LOG: Move: Ice Fang | Base damage: 12.057142857142857 | Power: 80 | Source attack: 11 | Target defense: 7
[00:18:29.698] LOG: Move: Ice Fang | Attack damage: 11
[00:18:29.805] LOG: %cStart Phase DamageAnimPhase color:green;
[00:18:29.836] LOG: %cStart Phase ShowAbilityPhase color:green;
[00:18:30.359] LOG: %cStart Phase MessagePhase color:green;
[00:18:31.284] LOG: %cStart Phase HideAbilityPhase color:green;
[00:18:31.376] LOG: %cStart Phase MoveEndPhase color:green;
[00:18:31.443] LOG: %cStart Phase MovePhase color:green;
[00:18:31.443] LOG: %cUser: Spearow
Move: AIR_CUTTER
Use Mode: NORMAL color:orchid
[00:18:31.838] LOG: %cStart Phase MessagePhase color:green;
[00:18:32.201] LOG: %cStart Phase MoveEffectPhase color:green;
[00:18:32.794] LOG: crit stage: +2
[00:18:32.859] LOG: Move: Air Cutter | Base damage: 15 | Power: 75 | Source attack: 13 | Target defense: 6
[00:18:32.898] LOG: Move: Air Cutter | Attack damage: 16
[00:18:32.933] LOG: crit stage: +2
[00:18:32.995] LOG: Move: Air Cutter | Base damage: 11.75 | Power: 75 | Source attack: 13 | Target defense: 8
[00:18:33.030] LOG: Move: Air Cutter | Attack damage: 16
[00:18:33.057] LOG: %cStart Phase DamageAnimPhase color:green;
[00:18:33.080] LOG: %cStart Phase MessagePhase color:green;
[00:18:33.701] LOG: %cStart Phase DamageAnimPhase color:green;
[00:18:33.741] LOG: %cStart Phase MessagePhase color:green;
[00:18:34.367] LOG: %cStart Phase FaintPhase color:green;
[00:18:35.387] LOG: %cStart Phase MessagePhase color:green;
[00:18:35.912] LOG: %cStart Phase VictoryPhase color:green;
[00:18:35.912] LOG: %cStart Phase ExpPhase color:green;
[00:18:36.325] LOG: %cStart Phase ExpPhase color:green;
[00:18:36.858] LOG: %cStart Phase FaintPhase color:green;
[00:18:37.652] LOG: %cStart Phase MessagePhase color:green;
[00:18:38.399] LOG: %cStart Phase VictoryPhase color:green;
[00:18:38.412] LOG: %cStart Phase ExpPhase color:green;
[00:18:39.075] LOG: %cStart Phase ExpPhase color:green;
[00:18:40.057] LOG: %cStart Phase MoveEndPhase color:green;
[00:18:40.058] LOG: %cStart Phase TurnInitPhase color:green;
[00:18:40.063] LOG: %cStart Phase TurnInitPhase color:green;
[00:18:40.067] LOG: %cStart Phase CheckInterludePhase color:green;
[00:18:40.067] LOG: %cStart Phase WeatherEffectPhase color:green;
[00:18:40.067] LOG: %cStart Phase PositionalTagPhase color:green;
[00:18:40.067] LOG: %cStart Phase BerryPhase color:green;
[00:18:40.087] LOG: %cStart Phase CheckStatusEffectPhase color:green;
[00:18:40.102] LOG: %cStart Phase TurnEndPhase color:green;
[00:18:40.128] LOG: %cStart Phase BattleEndPhase color:green;
[00:18:40.154] LOG: Battle Score: 49 (1 Turns x1)
[00:18:40.154] LOG: Total Score: 49
[00:18:40.174] LOG: %cStart Phase EggLapsePhase color:green;
[00:18:40.174] LOG: %cStart Phase SelectModifierPhase color:green;
[00:18:40.174] LOG: Wave Seed: Q{6gcSDtJnCC:JInRs7zJymP 1
[00:18:43.683] LOG: %cStart Phase NewBattlePhase color:green;
[00:18:43.683] LOG: Wave Seed: R|7hdTEuKoDD;KJoSt8{KznQ 2
[00:18:43.699] LOG: %cStart Phase StatStageChangePhase color:green;
[00:18:44.276] LOG: %cStart Phase MessagePhase color:green;
[00:18:44.951] LOG: %cStart Phase StatStageChangePhase color:green;
[00:18:44.952] ERROR: [uncaught] TypeError: can't access property "isPlayer", e is undefined @ https://elite-redux-staging.pages.dev/assets/battle-scene-ChgGSKgO.js:460:140171

----- REPLAY TRACE (JSON) -----
{"version":2,"seed":"Pz5fbRCsImBB9IHmQr6yIxlO","gameModeId":8,"difficulty":"youngster","challenges":[],"roster":[{"id":302379489,"player":true,"species":19,"formIndex":0,"abilityIndex":2,"passive":false,"shiny":false,"variant":0,"pokeball":0,"level":5,"exp":125,"levelExp":0,"gender":0,"hp":18,"stats":[18,11,7,8,9,13],"ivs":[3,18,7,15,7,30],"nature":21,"moveset":[{"moveId":495,"ppUsed":0,"ppUp":0},{"moveId":424,"ppUsed":0,"ppUp":0},{"moveId":116,"ppUsed":0,"ppUp":0},{"moveId":423,"ppUsed":0,"ppUp":0}],"status":null,"friendship":70,"metLevel":5,"metBiome":-1,"metSpecies":19,"metWave":-1,"luck":0,"pauseEvolutions":false,"pokerus":false,"usedTMs":[],"teraType":0,"isTerastallized":false,"stellarTypesBoosted":[14],"fusionSpecies":null,"fusionShiny":false,"fusionVariant":0,"fusionLuck":0,"fusionTeraType":0,"boss":false,"bossSegments":0,"summonData":{"statStages":[1,0,0,0,0,0,0],"moveQueue":[],"tags":[],"abilitySuppressed":false,"abilitiesApplied":[],"erSuppressedInnateSlots":[false,false,false],"erTimedAbilitySuppressions":[],"erAbilityProvenance":[],"erImposterCopiedAttackBoost":false,"chuckusterReductionUsed":false,"forceAttackerOutUsed":false,"erCommandedUsedThisSwitchIn":false,"stats":[0,0,0,0,0,0],"types":[],"berriesEatenLast":[],"moveHistory":[{"move":54,"targets":[0],"result":1,"useMode":4},{"move":423,"targets":[2],"result":1,"useMode":1}]},"battleData":{"hitCount":0,"hasEatenBerry":false,"berriesEaten":[],"anticipationDodgeUsed":false,"rudeAwakeningTriggered":false,"cowardProtectUsed":false,"lostItems":[]},"customPokemonData":{"spriteScale":-1,"ability":-1,"passive":-1,"passive2":-1,"passive3":-1,"nature":-1,"bonusMoveSlots":0,"abilityOverridesForm":false,"types":[],"hitsRecCount":null,"erBlackShiny":false,"erGiftAbilities":[],"erGiftIndex":0,"erSoulHarvestFaintCount":0,"erShinyLabSuppressLocal":false,"erInnateShrineUnlocked":false,"erCursedStat":-1,"erLockedAbilitySlots":[],"erRunUnlockedAbilitySlots":[],"erFunPseudoMega":false},"fusionCustomPokemonData":{"spriteScale":-1,"ability":-1,"passive":-1,"passive2":-1,"passive3":-1,"nature":-1,"bonusMoveSlots":0,"abilityOverridesForm":false,"types":[],"hitsRecCount":null,"erBlackShiny":false,"erGiftAbilities":[],"erGiftIndex":0,"erSoulHarvestFaintCount":0,"erShinyLabSuppressLocal":false,"erInnateShrineUnlocked":false,"erCursedStat":-1,"erLockedAbilitySlots":[],"erRunUnlockedAbilitySlots":[],"erFunPseudoMega":false},"mysteryEncounterPokemonData":null,"fusionMysteryEncounterPokemonData":null},{"id":3306909046,"player":true,"species":21,"formIndex":0,"abilityIndex":2,"passive":false,"shiny":false,"variant":0,"pokeball":0,"level":5,"exp":125,"levelExp":0,"gender":1,"hp":19,"stats":[19,13,8,8,9,10],"ivs":[2,5,2,11,25,16],"nature":2,"moveset":[{"moveId":314,"ppUsed":0,"ppUp":0},{"moveId":197,"ppUsed":0,"ppUp":0},{"moveId":31,"ppUsed":0,"ppUp":0},{"moveId":808,"ppUsed":0,"ppUp":0}],"status":null,"friendship":70,"metLevel":5,"metBiome":-1,"metSpecies":21,"metWave":-1,"luck":0,"pauseEvolutions":false,"pokerus":false,"usedTMs":[],"teraType":0,"isTerastallized":false,"stellarTypesBoosted":[2],"fusionSpecies":null,"fusionShiny":false,"fusionVariant":0,"fusionLuck":0,"fusionTeraType":0,"boss":false,"bossSegments":0,"summonData":{"statStages":[0,0,0,0,0,0,0],"moveQueue":[],"tags":[],"abilitySuppressed":false,"abilitiesApplied":[],"erSuppressedInnateSlots":[false,false,false],"erTimedAbilitySuppressions":[],"erAbilityProvenance":[],"erImposterCopiedAttackBoost":false,"chuckusterReductionUsed":false,"forceAttackerOutUsed":false,"erCommandedUsedThisSwitchIn":false,"stats":[0,0,0,0,0,0],"types":[],"berriesEatenLast":[],"moveHistory":[{"move":913,"targets":[1],"result":1,"useMode":4},{"move":314,"targets":[2,3],"result":1,"useMode":1}]},"battleData":{"hitCount":0,"hasEatenBerry":false,"berriesEaten":[],"anticipationDodgeUsed":false,"rudeAwakeningTriggered":false,"cowardProtectUsed":false,"lostItems":[]},"customPokemonData":{"spriteScale":-1,"ability":-1,"passive":-1,"passive2":-1,"passive3":-1,"nature":-1,"bonusMoveSlots":0,"abilityOverridesForm":false,"types":[],"hitsRecCount":null,"erBlackShiny":false,"erGiftAbilities":[],"erGiftIndex":0,"erSoulHarvestFaintCount":0,"erShinyLabSuppressLocal":false,"erInnateShrineUnlocked":false,"erCursedStat":-1,"erLockedAbilitySlots":[],"erRunUnlockedAbilitySlots":[],"erFunPseudoMega":false},"fusionCustomPokemonData":{"spriteScale":-1,"ability":-1,"passive":-1,"passive2":-1,"passive3":-1,"nature":-1,"bonusMoveSlots":0,"abilityOverridesForm":false,"types":[],"hitsRecCount":null,"erBlackShiny":false,"erGiftAbilities":[],"erGiftIndex":0,"erSoulHarvestFaintCount":0,"erShinyLabSuppressLocal":false,"erInnateShrineUnlocked":false,"erCursedStat":-1,"erLockedAbilitySlots":[],"erRunUnlockedAbilitySlots":[],"erFunPseudoMega":false},"mysteryEncounterPokemonData":null,"fusionMysteryEncounterPokemonData":null},{"id":4220361541,"player":true,"species":152,"formIndex":0,"abilityIndex":2,"passive":false,"shiny":false,"variant":0,"pokeball":0,"level":5,"exp":128,"levelExp":0,"gender":0,"hp":20,"stats":[20,10,12,10,12,10],"ivs":[15,15,15,15,15,15],"nature":6,"moveset":[{"moveId":45,"ppUsed":0,"ppUp":0},{"moveId":72,"ppUsed":0,"ppUp":0},{"moveId":77,"ppUsed":0,"ppUp":0},{"moveId":230,"ppUsed":0,"ppUp":0}],"status":null,"friendship":70,"metLevel":5,"metBiome":-1,"metSpecies":152,"metWave":-1,"luck":0,"pauseEvolutions":false,"pokerus":false,"usedTMs":[],"teraType":11,"isTerastallized":false,"stellarTypesBoosted":[],"fusionSpecies":null,"fusionShiny":false,"fusionVariant":0,"fusionLuck":0,"fusionTeraType":0,"boss":false,"bossSegments":0,"summonData":{"statStages":[0,0,0,0,0,0,0],"moveQueue":[],"tags":[],"abilitySuppressed":false,"abilitiesApplied":[],"erSuppressedInnateSlots":[false,false,false],"erTimedAbilitySuppressions":[],"erAbilityProvenance":[],"erImposterCopiedAttackBoost":false,"chuckusterReductionUsed":false,"forceAttackerOutUsed":false,"erCommandedUsedThisSwitchIn":false,"stats":[0,0,0,0,0,0],"types":[],"berriesEatenLast":[],"moveHistory":[]},"battleData":{"hitCount":0,"hasEatenBerry":false,"berriesEaten":[],"anticipationDodgeUsed":false,"rudeAwakeningTriggered":false,"cowardProtectUsed":false,"lostItems":[]},"customPokemonData":{"spriteScale":-1,"ability":-1,"passive":-1,"passive2":-1,"passive3":-1,"nature":-1,"bonusMoveSlots":0,"abilityOverridesForm":false,"types":[],"hitsRecCount":null,"erBlackShiny":false,"erGiftAbilities":[],"erGiftIndex":0,"erSoulHarvestFaintCount":0,"erShinyLabSuppressLocal":false,"erInnateShrineUnlocked":false,"erCursedStat":-1,"erLockedAbilitySlots":[],"erRunUnlockedAbilitySlots":[],"erFunPseudoMega":false},"fusionCustomPokemonData":{"spriteScale":-1,"ability":-1,"passive":-1,"passive2":-1,"passive3":-1,"nature":-1,"bonusMoveSlots":0,"abilityOverridesForm":false,"types":[],"hitsRecCount":null,"erBlackShiny":false,"erGiftAbilities":[],"erGiftIndex":0,"erSoulHarvestFaintCount":0,"erShinyLabSuppressLocal":false,"erInnateShrineUnlocked":false,"erCursedStat":-1,"erLockedAbilitySlots":[],"erRunUnlockedAbilitySlots":[],"erFunPseudoMega":false},"mysteryEncounterPokemonData":null,"fusionMysteryEncounterPokemonData":null},{"id":1308989129,"player":true,"species":714,"formIndex":0,"abilityIndex":2,"passive":false,"shiny":false,"variant":0,"pokeball":0,"level":5,"exp":125,"levelExp":0,"gender":0,"hp":20,"stats":[20,9,9,13,10,15],"ivs":[2,6,26,14,19,21],"nature":1,"moveset":[{"moveId":16,"ppUsed":0,"ppUp":0},{"moveId":539,"ppUsed":0,"ppUp":0},{"moveId":13,"ppUsed":0,"ppUp":0},{"moveId":103,"ppUsed":0,"ppUp":0}],"status":null,"friendship":50,"metLevel":5,"metBiome":-1,"metSpecies":714,"metWave":-1,"luck":0,"pauseEvolutions":false,"pokerus":false,"usedTMs":[],"teraType":2,"isTerastallized":false,"stellarTypesBoosted":[],"fusionSpecies":null,"fusionShiny":false,"fusionVariant":0,"fusionLuck":0,"fusionTeraType":0,"boss":false,"bossSegments":0,"summonData":{"statStages":[0,0,0,0,0,0,0],"moveQueue":[],"tags":[],"abilitySuppressed":false,"abilitiesApplied":[],"erSuppressedInnateSlots":[false,false,false],"erTimedAbilitySuppressions":[],"erAbilityProvenance":[],"erImposterCopiedAttackBoost":false,"chuckusterReductionUsed":false,"forceAttackerOutUsed":false,"erCommandedUsedThisSwitchIn":false,"stats":[0,0,0,0,0,0],"types":[],"berriesEatenLast":[],"moveHistory":[]},"battleData":{"hitCount":0,"hasEatenBerry":false,"berriesEaten":[],"anticipationDodgeUsed":false,"rudeAwakeningTriggered":false,"cowardProtectUsed":false,"lostItems":[]},"customPokemonData":{"spriteScale":-1,"ability":-1,"passive":-1,"passive2":-1,"passive3":-1,"nature":-1,"bonusMoveSlots":0,"abilityOverridesForm":false,"types":[],"hitsRecCount":null,"erBlackShiny":false,"erGiftAbilities":[],"erGiftIndex":0,"erSoulHarvestFaintCount":0,"erShinyLabSuppressLocal":false,"erInnateShrineUnlocked":false,"erCursedStat":-1,"erLockedAbilitySlots":[],"erRunUnlockedAbilitySlots":[],"erFunPseudoMega":false},"fusionCustomPokemonData":{"spriteScale":-1,"ability":-1,"passive":-1,"passive2":-1,"passive3":-1,"nature":-1,"bonusMoveSlots":0,"abilityOverridesForm":false,"types":[],"hitsRecCount":null,"erBlackShiny":false,"erGiftAbilities":[],"erGiftIndex":0,"erSoulHarvestFaintCount":0,"erShinyLabSuppressLocal":false,"erInnateShrineUnlocked":false,"erCursedStat":-1,"erLockedAbilitySlots":[],"erRunUnlockedAbilitySlots":[],"erFunPseudoMega":false},"mysteryEncounterPokemonData":null,"fusionMysteryEncounterPokemonData":null},{"id":3308267555,"player":true,"species":447,"formIndex":0,"abilityIndex":0,"passive":false,"shiny":false,"variant":0,"pokeball":0,"level":5,"exp":128,"levelExp":0,"gender":0,"hp":19,"stats":[19,12,9,10,8,12],"ivs":[13,9,18,29,7,31],"nature":19,"moveset":[{"moveId":197,"ppUsed":0,"ppUp":0},{"moveId":96,"ppUsed":0,"ppUp":0},{"moveId":382,"ppUsed":0,"ppUp":0},{"moveId":23,"ppUsed":0,"ppUp":0}],"status":null,"friendship":50,"metLevel":5,"metBiome":-1,"metSpecies":447,"metWave":-1,"luck":0,"pauseEvolutions":false,"pokerus":false,"usedTMs":[],"teraType":1,"isTerastallized":false,"stellarTypesBoosted":[],"fusionSpecies":null,"fusionShiny":false,"fusionVariant":0,"fusionLuck":0,"fusionTeraType":0,"boss":false,"bossSegments":0,"summonData":{"statStages":[0,0,0,0,0,0,0],"moveQueue":[],"tags":[],"abilitySuppressed":false,"abilitiesApplied":[],"erSuppressedInnateSlots":[false,false,false],"erTimedAbilitySuppressions":[],"erAbilityProvenance":[],"erImposterCopiedAttackBoost":false,"chuckusterReductionUsed":false,"forceAttackerOutUsed":false,"erCommandedUsedThisSwitchIn":false,"stats":[0,0,0,0,0,0],"types":[],"berriesEatenLast":[],"moveHistory":[]},"battleData":{"hitCount":0,"hasEatenBerry":false,"berriesEaten":[],"anticipationDodgeUsed":false,"rudeAwakeningTriggered":false,"cowardProtectUsed":false,"lostItems":[]},"customPokemonData":{"spriteScale":-1,"ability":-1,"passive":-1,"passive2":-1,"passive3":-1,"nature":-1,"bonusMoveSlots":0,"abilityOverridesForm":false,"types":[],"hitsRecCount":null,"erBlackShiny":false,"erGiftAbilities":[],"erGiftIndex":0,"erSoulHarvestFaintCount":0,"erShinyLabSuppressLocal":false,"erInnateShrineUnlocked":false,"erCursedStat":-1,"erLockedAbilitySlots":[],"erRunUnlockedAbilitySlots":[],"erFunPseudoMega":false},"fusionCustomPokemonData":{"spriteScale":-1,"ability":-1,"passive":-1,"passive2":-1,"passive3":-1,"nature":-1,"bonusMoveSlots":0,"abilityOverridesForm":false,"types":[],"hitsRecCount":null,"erBlackShiny":false,"erGiftAbilities":[],"erGiftIndex":0,"erSoulHarvestFaintCount":0,"erShinyLabSuppressLocal":false,"erInnateShrineUnlocked":false,"erCursedStat":-1,"erLockedAbilitySlots":[],"erRunUnlockedAbilitySlots":[],"erFunPseudoMega":false},"mysteryEncounterPokemonData":null,"fusionMysteryEncounterPokemonData":null}],"events":[{"type":"command","wave":1,"turn":1,"slotFieldIndex":0,"command":{"kind":"move","moveIndex":3}},{"type":"command","wave":1,"turn":1,"slotFieldIndex":1,"command":{"kind":"move","moveIndex":0,"target":2}},{"type":"interaction","seq":0,"kind":"reward","choice":0}],"endState":{"waveIndex":2,"money":1200,"party":[{"species":19,"level":5,"hp":18,"maxHp":18},{"species":21,"level":5,"hp":19,"maxHp":19},{"species":152,"level":5,"hp":20,"maxHp":20},{"species":714,"level":5,"hp":20,"maxHp":20},{"species":447,"level":5,"hp":19,"maxHp":19}]},"checkpoint":{"wave":1,"seed":"Pz5fbRCsImBB9IHmQr6yIxlO","party":[{"id":302379489,"player":true,"species":19,"formIndex":0,"abilityIndex":2,"passive":false,"shiny":false,"variant":0,"pokeball":0,"level":5,"exp":125,"levelExp":0,"gender":0,"hp":18,"stats":[18,11,7,8,9,13],"ivs":[3,18,7,15,7,30],"nature":21,"moveset":[{"moveId":495,"ppUsed":0,"ppUp":0},{"moveId":424,"ppUsed":0,"ppUp":0},{"moveId":116,"ppUsed":0,"ppUp":0},{"moveId":423,"ppUsed":0,"ppUp":0}],"status":null,"friendship":70,"metLevel":5,"metBiome":-1,"metSpecies":19,"metWave":-1,"luck":0,"pauseEvolutions":false,"pokerus":false,"usedTMs":[],"teraType":0,"isTerastallized":false,"stellarTypesBoosted":[14],"fusionSpecies":null,"fusionShiny":false,"fusionVariant":0,"fusionLuck":0,"fusionTeraType":0,"boss":false,"bossSegments":0,"summonData":{"statStages":[1,0,0,0,0,0,0],"moveQueue":[],"tags":[],"abilitySuppressed":false,"abilitiesApplied":[],"erSuppressedInnateSlots":[false,false,false],"erTimedAbilitySuppressions":[],"erAbilityProvenance":[],"erImposterCopiedAttackBoost":false,"chuckusterReductionUsed":false,"forceAttackerOutUsed":false,"erCommandedUsedThisSwitchIn":false,"stats":[0,0,0,0,0,0],"types":[],"berriesEatenLast":[],"moveHistory":[{"move":54,"targets":[0],"result":1,"useMode":4},{"move":423,"targets":[2],"result":1,"useMode":1}]},"battleData":{"hitCount":0,"hasEatenBerry":false,"berriesEaten":[],"anticipationDodgeUsed":false,"rudeAwakeningTriggered":false,"cowardProtectUsed":false,"lostItems":[]},"customPokemonData":{"spriteScale":-1,"ability":-1,"passive":-1,"passive2":-1,"passive3":-1,"nature":-1,"bonusMoveSlots":0,"abilityOverridesForm":false,"types":[],"hitsRecCount":null,"erBlackShiny":false,"erGiftAbilities":[],"erGiftIndex":0,"erSoulHarvestFaintCount":0,"erShinyLabSuppressLocal":false,"erInnateShrineUnlocked":false,"erCursedStat":-1,"erLockedAbilitySlots":[],"erRunUnlockedAbilitySlots":[],"erFunPseudoMega":false},"fusionCustomPokemonData":{"spriteScale":-1,"ability":-1,"passive":-1,"passive2":-1,"passive3":-1,"nature":-1,"bonusMoveSlots":0,"abilityOverridesForm":false,"types":[],"hitsRecCount":null,"erBlackShiny":false,"erGiftAbilities":[],"erGiftIndex":0,"erSoulHarvestFaintCount":0,"erShinyLabSuppressLocal":false,"erInnateShrineUnlocked":false,"erCursedStat":-1,"erLockedAbilitySlots":[],"erRunUnlockedAbilitySlots":[],"erFunPseudoMega":false},"mysteryEncounterPokemonData":null,"fusionMysteryEncounterPokemonData":null},{"id":3306909046,"player":true,"species":21,"formIndex":0,"abilityIndex":2,"passive":false,"shiny":false,"variant":0,"pokeball":0,"level":5,"exp":125,"levelExp":0,"gender":1,"hp":19,"stats":[19,13,8,8,9,10],"ivs":[2,5,2,11,25,16],"nature":2,"moveset":[{"moveId":314,"ppUsed":0,"ppUp":0},{"moveId":197,"ppUsed":0,"ppUp":0},{"moveId":31,"ppUsed":0,"ppUp":0},{"moveId":808,"ppUsed":0,"ppUp":0}],"status":null,"friendship":70,"metLevel":5,"metBiome":-1,"metSpecies":21,"metWave":-1,"luck":0,"pauseEvolutions":false,"pokerus":false,"usedTMs":[],"teraType":0,"isTerastallized":false,"stellarTypesBoosted":[2],"fusionSpecies":null,"fusionShiny":false,"fusionVariant":0,"fusionLuck":0,"fusionTeraType":0,"boss":false,"bossSegments":0,"summonData":{"statStages":[0,0,0,0,0,0,0],"moveQueue":[],"tags":[],"abilitySuppressed":false,"abilitiesApplied":[],"erSuppressedInnateSlots":[false,false,false],"erTimedAbilitySuppressions":[],"erAbilityProvenance":[],"erImposterCopiedAttackBoost":false,"chuckusterReductionUsed":false,"forceAttackerOutUsed":false,"erCommandedUsedThisSwitchIn":false,"stats":[0,0,0,0,0,0],"types":[],"berriesEatenLast":[],"moveHistory":[{"move":913,"targets":[1],"result":1,"useMode":4},{"move":314,"targets":[2,3],"result":1,"useMode":1}]},"battleData":{"hitCount":0,"hasEatenBerry":false,"berriesEaten":[],"anticipationDodgeUsed":false,"rudeAwakeningTriggered":false,"cowardProtectUsed":false,"lostItems":[]},"customPokemonData":{"spriteScale":-1,"ability":-1,"passive":-1,"passive2":-1,"passive3":-1,"nature":-1,"bonusMoveSlots":0,"abilityOverridesForm":false,"types":[],"hitsRecCount":null,"erBlackShiny":false,"erGiftAbilities":[],"erGiftIndex":0,"erSoulHarvestFaintCount":0,"erShinyLabSuppressLocal":false,"erInnateShrineUnlocked":false,"erCursedStat":-1,"erLockedAbilitySlots":[],"erRunUnlockedAbilitySlots":[],"erFunPseudoMega":false},"fusionCustomPokemonData":{"spriteScale":-1,"ability":-1,"passive":-1,"passive2":-1,"passive3":-1,"nature":-1,"bonusMoveSlots":0,"abilityOverridesForm":false,"types":[],"hitsRecCount":null,"erBlackShiny":false,"erGiftAbilities":[],"erGiftIndex":0,"erSoulHarvestFaintCount":0,"erShinyLabSuppressLocal":false,"erInnateShrineUnlocked":false,"erCursedStat":-1,"erLockedAbilitySlots":[],"erRunUnlockedAbilitySlots":[],"erFunPseudoMega":false},"mysteryEncounterPokemonData":null,"fusionMysteryEncounterPokemonData":null},{"id":4220361541,"player":true,"species":152,"formIndex":0,"abilityIndex":2,"passive":false,"shiny":false,"variant":0,"pokeball":0,"level":5,"exp":128,"levelExp":0,"gender":0,"hp":20,"stats":[20,10,12,10,12,10],"ivs":[15,15,15,15,15,15],"nature":6,"moveset":[{"moveId":45,"ppUsed":0,"ppUp":0},{"moveId":72,"ppUsed":0,"ppUp":0},{"moveId":77,"ppUsed":0,"ppUp":0},{"moveId":230,"ppUsed":0,"ppUp":0}],"status":null,"friendship":70,"metLevel":5,"metBiome":-1,"metSpecies":152,"metWave":-1,"luck":0,"pauseEvolutions":false,"pokerus":false,"usedTMs":[],"teraType":11,"isTerastallized":false,"stellarTypesBoosted":[],"fusionSpecies":null,"fusionShiny":false,"fusionVariant":0,"fusionLuck":0,"fusionTeraType":0,"boss":false,"bossSegments":0,"summonData":{"statStages":[0,0,0,0,0,0,0],"moveQueue":[],"tags":[],"abilitySuppressed":false,"abilitiesApplied":[],"erSuppressedInnateSlots":[false,false,false],"erTimedAbilitySuppressions":[],"erAbilityProvenance":[],"erImposterCopiedAttackBoost":false,"chuckusterReductionUsed":false,"forceAttackerOutUsed":false,"erCommandedUsedThisSwitchIn":false,"stats":[0,0,0,0,0,0],"types":[],"berriesEatenLast":[],"moveHistory":[]},"battleData":{"hitCount":0,"hasEatenBerry":false,"berriesEaten":[],"anticipationDodgeUsed":false,"rudeAwakeningTriggered":false,"cowardProtectUsed":false,"lostItems":[]},"customPokemonData":{"spriteScale":-1,"ability":-1,"passive":-1,"passive2":-1,"passive3":-1,"nature":-1,"bonusMoveSlots":0,"abilityOverridesForm":false,"types":[],"hitsRecCount":null,"erBlackShiny":false,"erGiftAbilities":[],"erGiftIndex":0,"erSoulHarvestFaintCount":0,"erShinyLabSuppressLocal":false,"erInnateShrineUnlocked":false,"erCursedStat":-1,"erLockedAbilitySlots":[],"erRunUnlockedAbilitySlots":[],"erFunPseudoMega":false},"fusionCustomPokemonData":{"spriteScale":-1,"ability":-1,"passive":-1,"passive2":-1,"passive3":-1,"nature":-1,"bonusMoveSlots":0,"abilityOverridesForm":false,"types":[],"hitsRecCount":null,"erBlackShiny":false,"erGiftAbilities":[],"erGiftIndex":0,"erSoulHarvestFaintCount":0,"erShinyLabSuppressLocal":false,"erInnateShrineUnlocked":false,"erCursedStat":-1,"erLockedAbilitySlots":[],"erRunUnlockedAbilitySlots":[],"erFunPseudoMega":false},"mysteryEncounterPokemonData":null,"fusionMysteryEncounterPokemonData":null},{"id":1308989129,"player":true,"species":714,"formIndex":0,"abilityIndex":2,"passive":false,"shiny":false,"variant":0,"pokeball":0,"level":5,"exp":125,"levelExp":0,"gender":0,"hp":20,"stats":[20,9,9,13,10,15],"ivs":[2,6,26,14,19,21],"nature":1,"moveset":[{"moveId":16,"ppUsed":0,"ppUp":0},{"moveId":539,"ppUsed":0,"ppUp":0},{"moveId":13,"ppUsed":0,"ppUp":0},{"moveId":103,"ppUsed":0,"ppUp":0}],"status":null,"friendship":50,"metLevel":5,"metBiome":-1,"metSpecies":714,"metWave":-1,"luck":0,"pauseEvolutions":false,"pokerus":false,"usedTMs":[],"teraType":2,"isTerastallized":false,"stellarTypesBoosted":[],"fusionSpecies":null,"fusionShiny":false,"fusionVariant":0,"fusionLuck":0,"fusionTeraType":0,"boss":false,"bossSegments":0,"summonData":{"statStages":[0,0,0,0,0,0,0],"moveQueue":[],"tags":[],"abilitySuppressed":false,"abilitiesApplied":[],"erSuppressedInnateSlots":[false,false,false],"erTimedAbilitySuppressions":[],"erAbilityProvenance":[],"erImposterCopiedAttackBoost":false,"chuckusterReductionUsed":false,"forceAttackerOutUsed":false,"erCommandedUsedThisSwitchIn":false,"stats":[0,0,0,0,0,0],"types":[],"berriesEatenLast":[],"moveHistory":[]},"battleData":{"hitCount":0,"hasEatenBerry":false,"berriesEaten":[],"anticipationDodgeUsed":false,"rudeAwakeningTriggered":false,"cowardProtectUsed":false,"lostItems":[]},"customPokemonData":{"spriteScale":-1,"ability":-1,"passive":-1,"passive2":-1,"passive3":-1,"nature":-1,"bonusMoveSlots":0,"abilityOverridesForm":false,"types":[],"hitsRecCount":null,"erBlackShiny":false,"erGiftAbilities":[],"erGiftIndex":0,"erSoulHarvestFaintCount":0,"erShinyLabSuppressLocal":false,"erInnateShrineUnlocked":false,"erCursedStat":-1,"erLockedAbilitySlots":[],"erRunUnlockedAbilitySlots":[],"erFunPseudoMega":false},"fusionCustomPokemonData":{"spriteScale":-1,"ability":-1,"passive":-1,"passive2":-1,"passive3":-1,"nature":-1,"bonusMoveSlots":0,"abilityOverridesForm":false,"types":[],"hitsRecCount":null,"erBlackShiny":false,"erGiftAbilities":[],"erGiftIndex":0,"erSoulHarvestFaintCount":0,"erShinyLabSuppressLocal":false,"erInnateShrineUnlocked":false,"erCursedStat":-1,"erLockedAbilitySlots":[],"erRunUnlockedAbilitySlots":[],"erFunPseudoMega":false},"mysteryEncounterPokemonData":null,"fusionMysteryEncounterPokemonData":null},{"id":3308267555,"player":true,"species":447,"formIndex":0,"abilityIndex":0,"passive":false,"shiny":false,"variant":0,"pokeball":0,"level":5,"exp":128,"levelExp":0,"gender":0,"hp":19,"stats":[19,12,9,10,8,12],"ivs":[13,9,18,29,7,31],"nature":19,"moveset":[{"moveId":197,"ppUsed":0,"ppUp":0},{"moveId":96,"ppUsed":0,"ppUp":0},{"moveId":382,"ppUsed":0,"ppUp":0},{"moveId":23,"ppUsed":0,"ppUp":0}],"status":null,"friendship":50,"metLevel":5,"metBiome":-1,"metSpecies":447,"metWave":-1,"luck":0,"pauseEvolutions":false,"pokerus":false,"usedTMs":[],"teraType":1,"isTerastallized":false,"stellarTypesBoosted":[],"fusionSpecies":null,"fusionShiny":false,"fusionVariant":0,"fusionLuck":0,"fusionTeraType":0,"boss":false,"bossSegments":0,"summonData":{"statStages":[0,0,0,0,0,0,0],"moveQueue":[],"tags":[],"abilitySuppressed":false,"abilitiesApplied":[],"erSuppressedInnateSlots":[false,false,false],"erTimedAbilitySuppressions":[],"erAbilityProvenance":[],"erImposterCopiedAttackBoost":false,"chuckusterReductionUsed":false,"forceAttackerOutUsed":false,"erCommandedUsedThisSwitchIn":false,"stats":[0,0,0,0,0,0],"types":[],"berriesEatenLast":[],"moveHistory":[]},"battleData":{"hitCount":0,"hasEatenBerry":false,"berriesEaten":[],"anticipationDodgeUsed":false,"rudeAwakeningTriggered":false,"cowardProtectUsed":false,"lostItems":[]},"customPokemonData":{"spriteScale":-1,"ability":-1,"passive":-1,"passive2":-1,"passive3":-1,"nature":-1,"bonusMoveSlots":0,"abilityOverridesForm":false,"types":[],"hitsRecCount":null,"erBlackShiny":false,"erGiftAbilities":[],"erGiftIndex":0,"erSoulHarvestFaintCount":0,"erShinyLabSuppressLocal":false,"erInnateShrineUnlocked":false,"erCursedStat":-1,"erLockedAbilitySlots":[],"erRunUnlockedAbilitySlots":[],"erFunPseudoMega":false},"fusionCustomPokemonData":{"spriteScale":-1,"ability":-1,"passive":-1,"passive2":-1,"passive3":-1,"nature":-1,"bonusMoveSlots":0,"abilityOverridesForm":false,"types":[],"hitsRecCount":null,"erBlackShiny":false,"erGiftAbilities":[],"erGiftIndex":0,"erSoulHarvestFaintCount":0,"erShinyLabSuppressLocal":false,"erInnateShrineUnlocked":false,"erCursedStat":-1,"erLockedAbilitySlots":[],"erRunUnlockedAbilitySlots":[],"erFunPseudoMega":false},"mysteryEncounterPokemonData":null,"fusionMysteryEncounterPokemonData":null}],"modifiers":[{"player":true,"typeId":"MAP","args":[],"stackCount":1,"className":"MapModifier"}],"money":1200,"pokeballCounts":{"0":5,"1":0,"2":0,"3":0,"4":0}}}
