{
  "invariant": "lockstep",
  "seed": 20260813,
  "wave": 85,
  "detail": "reward shop did not advance both counters once (before=99 host=99 guest=99)",
  "replay": "SOAK_SEED=20260813",
  "phaseState": {
    "hostPhase": "ErDexNavPhase",
    "guestPhase": "ErDexNavPhase",
    "hostInteractionCounter": 99,
    "guestInteractionCounter": 99,
    "hostWave": 85,
    "hostBattleType": 0,
    "hostPlayerField": [
      {
        "id": 169382846,
        "battlerIndex": 0,
        "speciesId": 382,
        "speciesName": "Kyogre",
        "hp": 1145,
        "maxHp": 1665,
        "fainted": false,
        "status": 0,
        "statStages": [
          0,
          0,
          0,
          0,
          0,
          0,
          0
        ],
        "moves": [
          {
            "id": 34,
            "ppUsed": 0
          },
          {
            "id": 247,
            "ppUsed": 0
          },
          {
            "id": 53,
            "ppUsed": 1
          },
          {
            "id": 85,
            "ppUsed": 0
          }
        ],
        "coopOwner": "host"
      },
      {
        "id": 2204781246,
        "battlerIndex": 1,
        "speciesId": 150,
        "speciesName": "Mewtwo",
        "hp": 1190,
        "maxHp": 1725,
        "fainted": false,
        "status": 0,
        "statStages": [
          0,
          0,
          0,
          0,
          0,
          0,
          0
        ],
        "moves": [
          {
            "id": 34,
            "ppUsed": 0
          },
          {
            "id": 247,
            "ppUsed": 0
          },
          {
            "id": 53,
            "ppUsed": 1
          },
          {
            "id": 85,
            "ppUsed": 0
          }
        ],
        "coopOwner": "guest"
      }
    ],
    "hostEnemyField": [
      {
        "id": 303868220,
        "battlerIndex": 2,
        "speciesId": 28,
        "speciesName": "Sandslash",
        "hp": 0,
        "maxHp": 196,
        "fainted": true,
        "status": 7,
        "statStages": [
          0,
          0,
          0,
          0,
          0,
          0,
          0
        ],
        "moves": [
          {
            "id": 5017,
            "ppUsed": 0
          },
          {
            "id": 827,
            "ppUsed": 0
          },
          {
            "id": 28,
            "ppUsed": 0
          },
          {
            "id": 838,
            "ppUsed": 0
          }
        ]
      },
      {
        "id": 4031467453,
        "battlerIndex": 3,
        "speciesId": 879,
        "speciesName": "Copperajah",
        "hp": 0,
        "maxHp": 220,
        "fainted": true,
        "status": 7,
        "statStages": [
          0,
          0,
          0,
          0,
          0,
          0,
          0
        ],
        "moves": [
          {
            "id": 886,
            "ppUsed": 0
          },
          {
            "id": 798,
            "ppUsed": 0
          },
          {
            "id": 127,
            "ppUsed": 0
          },
          {
            "id": 5017,
            "ppUsed": 0
          }
        ]
      }
    ],
    "guestPlayerField": [
      {
        "id": 169382846,
        "battlerIndex": -1,
        "speciesId": 382,
        "speciesName": "Kyogre",
        "hp": 1145,
        "maxHp": 1665,
        "fainted": false,
        "status": 0,
        "statStages": [
          0,
          0,
          0,
          0,
          0,
          0,
          0
        ],
        "moves": [
          {
            "id": 34,
            "ppUsed": 0
          },
          {
            "id": 247,
            "ppUsed": 0
          },
          {
            "id": 53,
            "ppUsed": 1
          },
          {
            "id": 85,
            "ppUsed": 0
          }
        ],
        "coopOwner": "host"
      },
      {
        "id": 2204781246,
        "battlerIndex": -1,
        "speciesId": 150,
        "speciesName": "Mewtwo",
        "hp": 1190,
        "maxHp": 1725,
        "fainted": false,
        "status": 0,
        "statStages": [
          0,
          0,
          0,
          0,
          0,
          0,
          0
        ],
        "moves": [
          {
            "id": 34,
            "ppUsed": 0
          },
          {
            "id": 247,
            "ppUsed": 0
          },
          {
            "id": 53,
            "ppUsed": 1
          },
          {
            "id": 85,
            "ppUsed": 0
          }
        ],
        "coopOwner": "guest"
      }
    ],
    "guestEnemyField": [
      {
        "id": 303868220,
        "battlerIndex": -1,
        "speciesId": 28,
        "speciesName": "Sandslash",
        "hp": 0,
        "maxHp": 196,
        "fainted": true,
        "status": 7,
        "statStages": [
          0,
          0,
          0,
          0,
          0,
          0,
          0
        ],
        "moves": [
          {
            "id": 5017,
            "ppUsed": 0
          },
          {
            "id": 827,
            "ppUsed": 0
          },
          {
            "id": 28,
            "ppUsed": 0
          },
          {
            "id": 838,
            "ppUsed": 0
          }
        ]
      },
      {
        "id": 4031467453,
        "battlerIndex": -1,
        "speciesId": 879,
        "speciesName": "Copperajah",
        "hp": 0,
        "maxHp": 220,
        "fainted": true,
        "status": 7,
        "statStages": [
          0,
          0,
          0,
          0,
          0,
          0,
          0
        ],
        "moves": [
          {
            "id": 886,
            "ppUsed": 0
          },
          {
            "id": 798,
            "ppUsed": 0
          },
          {
            "id": 127,
            "ppUsed": 0
          },
          {
            "id": 5017,
            "ppUsed": 0
          }
        ]
      }
    ]
  },
  "actionScript": [
    "SKIP mysteryEncounterDisabledV1",
    "content seed=coop-soak-20260813 preseeded=false",
    "wave 1 turn 1: committed frontier omitted seat 1; guest remained a replay spectator until host action",
    "wave 1: host slot move=53 guest slot move=0",
    "wave 1 turn 1: progress enemyHp=[16:0/14] playerHp=[890:2065/2065]",
    "wave 1: reward shop owner=host take-nonparty",
    "wave 2 turn 1: replay guest crossed cmd:2:1 through real public COMMAND=opened",
    "wave 2 turn 1: host SWITCH -> party[2]",
    "wave 2: host slot move=85 guest slot move=247",
    "wave 2 turn 1: progress enemyHp=[23:17/17,13:0/16] playerHp=[493:1862/1865,384:1715/1715]",
    "wave 2 turn 2: replay guest crossed cmd:2:2 through real public COMMAND=opened",
    "wave 2: reward shop owner=guest take-nonparty",
    "wave 3 turn 1: replay guest crossed cmd:3:1 through real public COMMAND=opened",
    "wave 3: host slot move=53 guest slot move=53",
    "wave 3 turn 1: progress enemyHp=[261:0/16,276:0/16] playerHp=[493:1862/1865,384:1715/1715]",
    "wave 3: reward shop owner=host take-nonparty",
    "wave 4 turn 1: replay guest crossed cmd:4:1 through real public COMMAND=opened",
    "wave 4: host slot move=53 guest slot move=85",
    "wave 4 turn 1: progress enemyHp=[174:0/19,261:0/16] playerHp=[493:1862/1865,384:1715/1715]",
    "wave 4: reward shop owner=guest leave",
    "wave 5 turn 1: replay guest crossed cmd:5:1 through real public COMMAND=opened",
    "wave 5: TRAINER (fixed)",
    "wave 5 turn 1: host SWITCH -> party[2]",
    "wave 5: host slot move=34 guest slot move=53",
    "wave 5 turn 1: progress enemyHp=[10:18/18,13:0/18] playerHp=[890:2065/2065,384:1711/1715]",
    "wave 5 turn 2: replay guest crossed cmd:5:2 through real public COMMAND=opened",
    "wave 5: reward shop owner=host leave",
    "wave 5: guest chose Crossroads Leave through public UI",
    "wave 5: guest drove World Map via public UI=true and both consumed 1829475396909768:1:BIOME_PICK:9700005",
    "wave 6 turn 1: replay guest crossed cmd:6:1 through real public COMMAND=opened",
    "wave 6: BIOME 0->1",
    "wave 6: host slot move=53 guest slot move=34",
    "wave 6 turn 1: progress enemyHp=[52:0/20,399:0/23] playerHp=[890:2065/2065,384:1711/1715]",
    "wave 6: reward shop owner=host take-nonparty",
    "wave 7 turn 1: replay guest crossed cmd:7:1 through real public COMMAND=opened",
    "wave 7: host slot move=53 guest slot move=53",
    "wave 7 turn 1: guest SWITCH -> party[3]",
    "wave 7 turn 1: progress enemyHp=[41:0/20,16:20/20] playerHp=[890:2065/2065,150:1725/1725]",
    "wave 7 turn 2: replay guest crossed cmd:7:2 through real public COMMAND=opened",
    "wave 7 turn 2: host SWITCH -> party[2]",
    "wave 7: reward shop owner=guest take-nonparty",
    "wave 8 turn 1: replay guest crossed cmd:8:1 through real public COMMAND=opened",
    "wave 8: TRAINER (fixed)",
    "wave 8: host slot move=247 guest slot move=53",
    "wave 8 turn 1: progress enemyHp=[255:0/25,731:0/22] playerHp=[493:1865/1865,150:1725/1725]",
    "wave 8: reward shop owner=host take-nonparty",
    "wave 9 turn 1: replay guest crossed cmd:9:1 through real public COMMAND=opened",
    "wave 9: host slot move=34 guest slot move=53",
    "wave 9 turn 1: progress enemyHp=[41:0/22,661:0/23] playerHp=[493:1865/1865,150:1725/1725]",
    "wave 9: reward shop owner=guest leave",
    "wave 10 turn 1: replay guest crossed cmd:10:1 through real public COMMAND=opened",
    "wave 10: host slot move=85 guest slot move=34",
    "wave 10 turn 1: progress enemyHp=[915:0/29,263:0/22] playerHp=[493:1865/1865,150:1725/1725]",
    "wave 10: biome market owner=host leave",
    "wave 10: drained 1 milestone reward continuation(s)",
    "wave 10: guest chose Crossroads Leave through public UI",
    "wave 10: guest drove World Map via public UI=true and both consumed 1829475396909768:1:BIOME_PICK:9700011",
    "wave 11 turn 1: replay guest crossed cmd:11:1 through real public COMMAND=opened",
    "wave 11: BIOME 1->2",
    "wave 11 turn 1: host SWITCH -> party[2]",
    "wave 11: host slot move=53 guest slot move=34",
    "wave 11 turn 1: progress enemyHp=[546:24/24,546:0/24] playerHp=[890:2065/2065,150:1725/1725]",
    "wave 11 turn 2: replay guest crossed cmd:11:2 through real public COMMAND=opened",
    "wave 11: reward shop owner=host take-nonparty",
    "wave 12 turn 1: replay guest crossed cmd:12:1 through real public COMMAND=opened",
    "wave 12: host slot move=247 guest slot move=85",
    "wave 12 turn 1: progress enemyHp=[546:0/26,10306:0/30] playerHp=[890:2065/2065,150:1725/1725]",
    "wave 12: reward shop owner=guest leave",
    "wave 13 turn 1: replay guest crossed cmd:13:1 through real public COMMAND=opened",
    "wave 13: host slot move=34 guest slot move=53",
    "wave 13 turn 1: guest SWITCH -> party[3]",
    "wave 13 turn 1: progress enemyHp=[543:0/27,1:28/28] playerHp=[890:2065/2065,384:1715/1715]",
    "wave 13 turn 2: replay guest crossed cmd:13:2 through real public COMMAND=opened",
    "wave 13 turn 2: guest SWITCH -> party[3]",
    "wave 13: reward shop owner=host take-nonparty",
    "wave 14 turn 1: replay guest crossed cmd:14:1 through real public COMMAND=opened",
    "wave 14: host slot move=85 guest slot move=247",
    "wave 14 turn 1: progress enemyHp=[268:0/30,543:0/27] playerHp=[890:2065/2065,150:1725/1725]",
    "wave 14: reward shop owner=guest take-nonparty",
    "wave 15 turn 1: replay guest crossed cmd:15:1 through real public COMMAND=opened",
    "wave 15: host slot move=53 guest slot move=34",
    "wave 15 turn 1: progress enemyHp=[548:0/32,268:0/33] playerHp=[890:2065/2065,150:1725/1725]",
    "wave 15: reward shop owner=host take-nonparty",
    "wave 15: guest chose Crossroads Leave through public UI",
    "wave 15: guest drove World Map via public UI=true and both consumed 1829475396909768:1:BIOME_PICK:9700017",
    "wave 16 turn 1: replay guest crossed cmd:16:1 through real public COMMAND=opened",
    "wave 16: BIOME 2->3",
    "wave 16: host slot move=247 guest slot move=85",
    "wave 16 turn 1: progress enemyHp=[665:0/32,665:0/34] playerHp=[890:2065/2065,150:1725/1725]",
    "wave 16: reward shop owner=host take-nonparty",
    "wave 17 turn 1: replay guest crossed cmd:17:1 through real public COMMAND=opened",
    "wave 17: host slot move=34 guest slot move=53",
    "wave 17 turn 1: guest SWITCH -> party[3]",
    "wave 17 turn 1: progress enemyHp=[664:0/30,664:30/30] playerHp=[890:2065/2065,384:1715/1715]",
    "wave 17 turn 2: replay guest crossed cmd:17:2 through real public COMMAND=opened",
    "wave 17: reward shop owner=guest take-nonparty",
    "wave 18 turn 1: replay guest crossed cmd:18:1 through real public COMMAND=opened",
    "wave 18: host slot move=85 guest slot move=247",
    "wave 18 turn 1: progress enemyHp=[753:0/33,665:0/36] playerHp=[890:2065/2065,384:1715/1715]",
    "wave 18: reward shop owner=host leave",
    "wave 19 turn 1: replay guest crossed cmd:19:1 through real public COMMAND=opened",
    "wave 19: host slot move=53 guest slot move=34",
    "wave 19 turn 1: guest SWITCH -> party[3]",
    "wave 19 turn 1: progress enemyHp=[46:0/34,43:36/36] playerHp=[890:2065/2065,150:1722/1725]",
    "wave 19 turn 2: replay guest crossed cmd:19:2 through real public COMMAND=opened",
    "wave 19: reward shop owner=guest leave",
    "wave 20 turn 1: replay guest crossed cmd:20:1 through real public COMMAND=opened",
    "wave 20: host slot move=85 guest slot move=85",
    "wave 20 turn 1: progress enemyHp=[203:0/39,402:0/44] playerHp=[890:2065/2065,150:1722/1725]",
    "wave 20: biome market owner=host leave",
    "wave 20: drained 1 milestone reward continuation(s)",
    "wave 20: guest chose Crossroads Leave through public UI",
    "wave 20: guest drove World Map via public UI=true and both consumed 1829475396909768:1:BIOME_PICK:9700023",
    "wave 21 turn 1: replay guest crossed cmd:21:1 through real public COMMAND=opened",
    "wave 21: BIOME 3->5",
    "wave 21: host slot move=34 guest slot move=53",
    "wave 21 turn 1: guest SWITCH -> party[3]",
    "wave 21 turn 1: progress enemyHp=[919:0/35,69:45/45] playerHp=[890:2065/2065,384:1715/1715]",
    "wave 21 turn 2: replay guest crossed cmd:21:2 through real public COMMAND=opened",
    "wave 21: reward shop owner=host leave",
    "wave 22 turn 1: replay guest crossed cmd:22:1 through real public COMMAND=opened",
    "wave 22 turn 1: host SWITCH -> party[2]",
    "wave 22: host slot move=85 guest slot move=247",
    "wave 22 turn 1: progress enemyHp=[665:43/43,919:39/39] playerHp=[493:1632/1865,384:1715/1715]",
    "wave 22 turn 2: replay guest crossed cmd:22:2 through real public COMMAND=opened",
    "wave 22 turn 2: guest SWITCH -> party[3]",
    "wave 22 turn 3: replay guest crossed cmd:22:3 through real public COMMAND=opened",
    "wave 22 turn 4: replay guest crossed cmd:22:4 through real public COMMAND=opened",
    "wave 22: reward shop owner=guest leave",
    "wave 23 turn 1: replay guest crossed cmd:23:1 through real public COMMAND=opened",
    "wave 23: host slot move=53 guest slot move=34",
    "wave 23 turn 1: progress enemyHp=[69:0/50,415:0/41] playerHp=[493:700/1865,150:1725/1725]",
    "wave 23: reward shop owner=host leave",
    "wave 24 turn 1: replay guest crossed cmd:24:1 through real public COMMAND=opened",
    "wave 24: host slot move=247 guest slot move=85",
    "wave 24 turn 1: progress enemyHp=[69:0/53,415:0/43] playerHp=[493:467/1865,150:1725/1725]",
    "wave 24: reward shop owner=guest take-nonparty",
    "wave 25 turn 1: replay guest crossed cmd:25:1 through real public COMMAND=opened",
    "wave 25: TRAINER (fixed)",
    "wave 25: host slot move=34 guest slot move=53",
    "wave 25 turn 1: progress enemyHp=[256:0/56,732:0/50] playerHp=[493:234/1865,150:1725/1725]",
    "wave 25 turn 2: replay guest crossed cmd:25:2 through real public COMMAND=opened",
    "wave 25: reward shop owner=host leave",
    "wave 25: guest chose Crossroads Leave through public UI",
    "wave 25: guest drove World Map via public UI=true and both consumed 1829475396909768:1:BIOME_PICK:9700029",
    "wave 26 turn 1: replay guest crossed cmd:26:1 through real public COMMAND=opened",
    "wave 26: BIOME 5->27",
    "wave 26: host slot move=85 guest slot move=85",
    "wave 26 turn 1: progress enemyHp=[541:53/53,190:0/55] playerHp=[493:0/1865,150:1725/1725]",
    "wave 26 turn 2: replay guest crossed cmd:26:2 through real public COMMAND=opened",
    "wave 26 turn 2: host SWITCH -> party[4]",
    "wave 26: reward shop owner=host leave",
    "wave 26: drained 1 milestone reward continuation(s)",
    "wave 27 turn 1: replay guest crossed cmd:27:1 through real public COMMAND=opened",
    "wave 27: host slot move=53 guest slot move=34",
    "wave 27 turn 1: progress enemyHp=[870:0/59,420:0/49] playerHp=[382:1665/1665,150:1725/1725]",
    "wave 27: reward shop owner=guest leave",
    "wave 27: drained 1 milestone reward continuation(s)",
    "wave 28 turn 1: replay guest crossed cmd:28:1 through real public COMMAND=opened",
    "wave 28 turn 1: host SWITCH -> party[2]",
    "wave 28: host slot move=247 guest slot move=85",
    "wave 28 turn 1: progress enemyHp=[541:55/55,667:0/61] playerHp=[493:1865/1865,150:1725/1725]",
    "wave 28 turn 2: replay guest crossed cmd:28:2 through real public COMMAND=opened",
    "wave 28: reward shop owner=host take-nonparty",
    "wave 29 turn 1: replay guest crossed cmd:29:1 through real public COMMAND=opened",
    "wave 29: host slot move=34 guest slot move=34",
    "wave 29 turn 1: progress enemyHp=[420:0/54,732:0/60] playerHp=[493:1865/1865,150:1725/1725]",
    "wave 29: reward shop owner=guest leave",
    "wave 30 turn 1: replay guest crossed cmd:30:1 through real public COMMAND=opened",
    "wave 30: TRAINER (random)",
    "wave 30: host slot move=85 guest slot move=247",
    "wave 30 turn 1: progress enemyHp=[153:0/64,274:0/66] playerHp=[493:1865/1865,150:1725/1725]",
    "wave 30 turn 2: replay guest crossed cmd:30:2 through real public COMMAND=opened",
    "wave 30: biome market owner=host leave",
    "wave 30: drained 1 milestone reward continuation(s)",
    "wave 30: guest chose Crossroads Leave through public UI",
    "wave 30: guest drove World Map via public UI=true and both consumed 1829475396909768:1:BIOME_PICK:9700035",
    "wave 31 turn 1: replay guest crossed cmd:31:1 through real public COMMAND=opened",
    "wave 31: BIOME 27->29",
    "wave 31: host slot move=53 guest slot move=247",
    "wave 31 turn 1: guest SWITCH -> party[3]",
    "wave 31 turn 1: progress enemyHp=[999:0/61,622:59/59] playerHp=[493:1865/1865,384:1715/1715]",
    "wave 31 turn 2: replay guest crossed cmd:31:2 through real public COMMAND=opened",
    "wave 31 turn 2: host SWITCH -> party[2]",
    "wave 31: reward shop owner=host leave",
    "wave 31: drained 1 milestone reward continuation(s)",
    "wave 32 turn 1: replay guest crossed cmd:32:1 through real public COMMAND=opened",
    "wave 32: host slot move=247 guest slot move=53",
    "wave 32 turn 1: progress enemyHp=[999:67/67,343:0/58] playerHp=[382:1665/1665,384:1715/1715]",
    "wave 32 turn 2: replay guest crossed cmd:32:2 through real public COMMAND=opened",
    "wave 32: reward shop owner=guest take-nonparty",
    "wave 33 turn 1: replay guest crossed cmd:33:1 through real public COMMAND=opened",
    "wave 33 turn 1: host SWITCH -> party[2]",
    "wave 33: host slot move=53 guest slot move=247",
    "wave 33 turn 1: progress enemyHp=[999:62/62,679:0/58] playerHp=[493:1865/1865,384:1713/1715]",
    "wave 33 turn 2: replay guest crossed cmd:33:2 through real public COMMAND=opened",
    "wave 33: reward shop owner=host leave",
    "wave 33: drained 1 milestone reward continuation(s)",
    "wave 34 turn 1: replay guest crossed cmd:34:1 through real public COMMAND=opened",
    "wave 34: host slot move=85 guest slot move=247",
    "wave 34 turn 1: guest SWITCH -> party[3]",
    "wave 34 turn 1: progress enemyHp=[355:0/45,562:53/53] playerHp=[493:1865/1865,150:1725/1725]",
    "wave 34 turn 2: replay guest crossed cmd:34:2 through real public COMMAND=opened",
    "wave 34 turn 2: host SWITCH -> party[2]",
    "wave 34: reward shop owner=guest take-nonparty",
    "wave 35 turn 1: replay guest crossed cmd:35:1 through real public COMMAND=opened",
    "wave 35: TRAINER (fixed)",
    "wave 35: host slot move=53 guest slot move=34",
    "wave 35 turn 1: progress enemyHp=[536:0/77,271:0/70] playerHp=[382:1665/1665,150:1725/1725]",
    "wave 35: reward shop owner=host take-nonparty",
    "wave 35: guest chose Crossroads Leave through public UI",
    "wave 35: guest drove World Map via public UI=true and both consumed 1829475396909768:1:BIOME_PICK:9700041",
    "wave 36 turn 1: replay guest crossed cmd:36:1 through real public COMMAND=opened",
    "wave 36: BIOME 29->14",
    "wave 36 turn 1: host SWITCH -> party[2]",
    "wave 36: host slot move=34 guest slot move=247",
    "wave 36 turn 1: progress enemyHp=[329:63/63,946:0/63] playerHp=[493:1749/1865,150:1618/1725]",
    "wave 36 turn 2: replay guest crossed cmd:36:2 through real public COMMAND=opened",
    "wave 36: reward shop owner=host take-nonparty",
    "wave 37 turn 1: replay guest crossed cmd:37:1 through real public COMMAND=opened",
    "wave 37: host slot move=34 guest slot move=34",
    "wave 37 turn 1: progress enemyHp=[694:0/62,843:0/64] playerHp=[493:1517/1865,150:1404/1725]",
    "wave 37: reward shop owner=guest leave",
    "wave 38 turn 1: replay guest crossed cmd:38:1 through real public COMMAND=opened",
    "wave 38: host slot move=85 guest slot move=247",
    "wave 38 turn 1: guest SWITCH -> party[3]",
    "wave 38 turn 1: progress enemyHp=[556:0/71,843:68/68] playerHp=[493:1401/1865,384:751/1715]",
    "wave 38 turn 2: replay guest crossed cmd:38:2 through real public COMMAND=opened",
    "wave 38: reward shop owner=host take-nonparty",
    "wave 39 turn 1: replay guest crossed cmd:39:1 through real public COMMAND=opened",
    "wave 39: host slot move=53 guest slot move=34",
    "wave 39 turn 1: progress enemyHp=[552:0/75,694:0/64] playerHp=[493:1169/1865,384:537/1715]",
    "wave 39: reward shop owner=guest leave",
    "wave 39: drained 1 milestone reward continuation(s)",
    "wave 40 turn 1: replay guest crossed cmd:40:1 through real public COMMAND=opened",
    "wave 40: host slot move=85 guest slot move=247",
    "wave 40 turn 1: progress enemyHp=[946:0/74,329:0/67] playerHp=[493:1169/1865,384:537/1715]",
    "wave 40: biome market owner=host leave",
    "wave 40: drained 1 milestone reward continuation(s)",
    "wave 40: guest chose Crossroads Leave through public UI",
    "wave 40: guest drove World Map via public UI=true and both consumed 1829475396909768:1:BIOME_PICK:9700047",
    "wave 41 turn 1: replay guest crossed cmd:41:1 through real public COMMAND=opened",
    "wave 41: BIOME 14->22",
    "wave 41: host slot move=34 guest slot move=53",
    "wave 41 turn 1: progress enemyHp=[96:0/80,201:0/76] playerHp=[493:1865/1865,384:1715/1715]",
    "wave 41: reward shop owner=host take-nonparty",
    "wave 42 turn 1: replay guest crossed cmd:42:1 through real public COMMAND=opened",
    "wave 42: host slot move=53 guest slot move=247",
    "wave 42 turn 1: progress enemyHp=[343:0/74,561:0/81] playerHp=[493:1865/1865,384:1715/1715]",
    "wave 42: reward shop owner=guest take-nonparty",
    "wave 43 turn 1: replay guest crossed cmd:43:1 through real public COMMAND=opened",
    "wave 43: host slot move=34 guest slot move=34",
    "wave 43 turn 1: progress enemyHp=[343:0/70,343:0/72] playerHp=[493:1865/1865,384:1715/1715]",
    "wave 43: reward shop owner=host leave",
    "wave 44 turn 1: replay guest crossed cmd:44:1 through real public COMMAND=opened",
    "wave 44: host slot move=53 guest slot move=247",
    "wave 44 turn 1: progress enemyHp=[867:0/76,343:0/79] playerHp=[493:1399/1865,384:1715/1715]",
    "wave 44: reward shop owner=guest leave",
    "wave 44: drained 1 milestone reward continuation(s)",
    "wave 45 turn 1: replay guest crossed cmd:45:1 through real public COMMAND=opened",
    "wave 45 turn 1: host SWITCH -> party[2]",
    "wave 45: host slot move=247 guest slot move=34",
    "wave 45 turn 1: progress enemyHp=[97:99/99,343:0/72] playerHp=[382:1665/1665,384:1715/1715]",
    "wave 45 turn 2: replay guest crossed cmd:45:2 through real public COMMAND=opened",
    "wave 45 turn 2: host SWITCH -> party[2]",
    "wave 45: reward shop owner=host leave",
    "wave 45: guest chose Crossroads Leave through public UI",
    "wave 45: guest drove World Map via public UI=true and both consumed 1829475396909768:1:BIOME_PICK:9700053",
    "wave 46 turn 1: replay guest crossed cmd:46:1 through real public COMMAND=opened",
    "wave 46: BIOME 22->11",
    "wave 46 turn 1: host SWITCH -> party[2]",
    "wave 46: host slot move=85 guest slot move=247",
    "wave 46 turn 1: progress enemyHp=[672:83/83,672:0/88] playerHp=[382:1665/1665,384:1715/1715]",
    "wave 46 turn 2: replay guest crossed cmd:46:2 through real public COMMAND=opened",
    "wave 46 turn 2: guest SWITCH -> party[3]",
    "wave 46: reward shop owner=host leave",
    "wave 47 turn 1: replay guest crossed cmd:47:1 through real public COMMAND=opened",
    "wave 47 turn 1: host SWITCH -> party[2]",
    "wave 47: host slot move=53 guest slot move=34",
    "wave 47 turn 1: progress enemyHp=[111:106/106,325:0/90] playerHp=[493:1865/1865,150:1722/1725]",
    "wave 47 turn 2: replay guest crossed cmd:47:2 through real public COMMAND=opened",
    "wave 47: reward shop owner=guest leave",
    "wave 48 turn 1: replay guest crossed cmd:48:1 through real public COMMAND=opened",
    "wave 48: host slot move=34 guest slot move=85",
    "wave 48 turn 1: progress enemyHp=[22:0/93,629:0/96] playerHp=[493:1865/1865,150:1507/1725]",
    "wave 48: reward shop owner=host leave",
    "wave 49 turn 1: replay guest crossed cmd:49:1 through real public COMMAND=opened",
    "wave 49: TRAINER (random)",
    "wave 49: host slot move=53 guest slot move=85",
    "wave 49 turn 1: guest SWITCH -> party[3]",
    "wave 49 turn 1: progress enemyHp=[676:0/105,626:119/119] playerHp=[493:1865/1865,384:1710/1715]",
    "wave 49 turn 2: replay guest crossed cmd:49:2 through real public COMMAND=opened",
    "wave 49: reward shop owner=guest take-nonparty",
    "wave 50 turn 1: replay guest crossed cmd:50:1 through real public COMMAND=opened",
    "wave 50: host slot move=85 guest slot move=247",
    "wave 50 turn 1: progress enemyHp=[673:0/160,673:0/130] playerHp=[493:1865/1865,384:1710/1715]",
    "wave 50: biome market owner=host leave",
    "wave 50: drained 1 milestone reward continuation(s)",
    "wave 50: guest chose Crossroads Leave through public UI",
    "wave 50: guest drove World Map via public UI=true and both consumed 1829475396909768:1:BIOME_PICK:9700059",
    "wave 51 turn 1: replay guest crossed cmd:51:1 through real public COMMAND=opened",
    "wave 51: BIOME 11->18",
    "wave 51: host slot move=53 guest slot move=85",
    "wave 51 turn 1: progress enemyHp=[322:0/111,333:0/80] playerHp=[493:1865/1865,384:1715/1715]",
    "wave 51: reward shop owner=host take-nonparty",
    "wave 52 turn 1: replay guest crossed cmd:52:1 through real public COMMAND=opened",
    "wave 52: host slot move=247 guest slot move=85",
    "wave 52 turn 1: progress enemyHp=[307:0/69,838:0/114] playerHp=[493:1865/1865,384:1715/1715]",
    "wave 52: reward shop owner=guest leave",
    "wave 53 turn 1: replay guest crossed cmd:53:1 through real public COMMAND=opened",
    "wave 53: host slot move=34 guest slot move=247",
    "wave 53 turn 1: progress enemyHp=[219:0/102,2051:0/80] playerHp=[493:1865/1865,384:1715/1715]",
    "wave 53: reward shop owner=host leave",
    "wave 53: drained 1 milestone reward continuation(s)",
    "wave 54 turn 1: replay guest crossed cmd:54:1 through real public COMMAND=opened",
    "wave 54: host slot move=247 guest slot move=85",
    "wave 54 turn 1: guest SWITCH -> party[3]",
    "wave 54 turn 1: progress enemyHp=[156:0/97,126:102/102] playerHp=[493:1745/1865,150:1613/1725]",
    "wave 54 turn 2: replay guest crossed cmd:54:2 through real public COMMAND=opened",
    "wave 54 turn 2: guest SWITCH -> party[3]",
    "wave 54: reward shop owner=guest leave",
    "wave 54: drained 1 milestone reward continuation(s)",
    "wave 55 turn 1: replay guest crossed cmd:55:1 through real public COMMAND=opened",
    "wave 55: TRAINER (fixed)",
    "wave 55: host slot move=53 guest slot move=34",
    "wave 55 turn 1: progress enemyHp=[257:0/133,733:0/120] playerHp=[493:1513/1865,384:1715/1715]",
    "wave 55 turn 2: replay guest crossed cmd:55:2 through real public COMMAND=opened",
    "wave 55: reward shop owner=host take-nonparty",
    "wave 55: guest chose Crossroads Leave through public UI",
    "wave 55: guest drove World Map via public UI=true and both consumed 1829475396909768:1:BIOME_PICK:9700065",
    "wave 56 turn 1: replay guest crossed cmd:56:1 through real public COMMAND=opened",
    "wave 56: BIOME 18->8",
    "wave 56: host slot move=247 guest slot move=85",
    "wave 56 turn 1: progress enemyHp=[978:0/106,414:0/106] playerHp=[493:1280/1865,384:1713/1715]",
    "wave 56: reward shop owner=host leave",
    "wave 57 turn 1: replay guest crossed cmd:57:1 through real public COMMAND=opened",
    "wave 57: host slot move=34 guest slot move=53",
    "wave 57 turn 1: progress enemyHp=[747:102/102,99:0/117] playerHp=[493:1048/1865,384:1713/1715]",
    "wave 57 turn 2: replay guest crossed cmd:57:2 through real public COMMAND=opened",
    "wave 57: reward shop owner=guest take-nonparty",
    "wave 58 turn 1: replay guest crossed cmd:58:1 through real public COMMAND=opened",
    "wave 58: host slot move=85 guest slot move=247",
    "wave 58 turn 1: progress enemyHp=[558:0/121,342:0/102] playerHp=[493:584/1865,384:1713/1715]",
    "wave 58: reward shop owner=host take-nonparty",
    "wave 59 turn 1: replay guest crossed cmd:59:1 through real public COMMAND=opened",
    "wave 59: host slot move=53 guest slot move=34",
    "wave 59 turn 1: progress enemyHp=[90:1/80,748:0/122] playerHp=[493:352/1865,384:1499/1715]",
    "wave 59 turn 2: replay guest crossed cmd:59:2 through real public COMMAND=opened",
    "wave 59: reward shop owner=guest take-nonparty",
    "wave 60 turn 1: replay guest crossed cmd:60:1 through real public COMMAND=opened",
    "wave 60: TRAINER (random)",
    "wave 60: host slot move=247 guest slot move=85",
    "wave 60 turn 1: progress enemyHp=[658:0/125,365:0/157] playerHp=[493:0/1865,384:1499/1715]",
    "wave 60 turn 2: replay guest crossed cmd:60:2 through real public COMMAND=opened",
    "wave 60: biome market owner=host leave",
    "wave 60: drained 1 milestone reward continuation(s)",
    "wave 60: guest chose Crossroads Leave through public UI",
    "wave 60: guest drove World Map via public UI=true and both consumed 1829475396909768:1:BIOME_PICK:9700071",
    "wave 61 turn 1: replay guest crossed cmd:61:1 through real public COMMAND=opened",
    "wave 61: BIOME 8->6",
    "wave 61: host slot move=34 guest slot move=53",
    "wave 61 turn 1: guest SWITCH -> party[3]",
    "wave 61 turn 1: progress enemyHp=[320:0/162,321:203/203] playerHp=[382:1665/1665,150:1725/1725]",
    "wave 61 turn 2: replay guest crossed cmd:61:2 through real public COMMAND=opened",
    "wave 61: reward shop owner=host take-nonparty",
    "wave 62 turn 1: replay guest crossed cmd:62:1 through real public COMMAND=opened",
    "wave 62: TRAINER (fixed)",
    "wave 62: host slot move=85 guest slot move=247",
    "wave 62 turn 1: progress enemyHp=[224:0/130,272:0/142] playerHp=[382:1665/1665,150:1725/1725]",
    "wave 62 turn 2: replay guest crossed cmd:62:2 through real public COMMAND=opened",
    "wave 62: reward shop owner=guest take-nonparty",
    "wave 63 turn 1: replay guest crossed cmd:63:1 through real public COMMAND=opened",
    "wave 63: host slot move=53 guest slot move=34",
    "wave 63 turn 1: guest SWITCH -> party[3]",
    "wave 63 turn 1: progress enemyHp=[321:0/208,845:133/133] playerHp=[382:1543/1665,384:1715/1715]",
    "wave 63 turn 2: replay guest crossed cmd:63:2 through real public COMMAND=opened",
    "wave 63: reward shop owner=host leave",
    "wave 64 turn 1: replay guest crossed cmd:64:1 through real public COMMAND=opened",
    "wave 64: TRAINER (fixed)",
    "wave 64: host slot move=247 guest slot move=85",
    "wave 64 turn 1: progress enemyHp=[342:0/125,321:0/212] playerHp=[382:1543/1665,384:1715/1715]",
    "wave 64 turn 2: replay guest crossed cmd:64:2 through real public COMMAND=opened",
    "wave 64 turn 2: guest SWITCH -> party[3]",
    "wave 64: reward shop owner=guest take-nonparty",
    "wave 65 turn 1: replay guest crossed cmd:65:1 through real public COMMAND=opened",
    "wave 65 turn 1: host SWITCH -> party[2]",
    "wave 65: host slot move=34 guest slot move=53",
    "wave 65 turn 1: progress enemyHp=[131:189/189,964:0/158] playerHp=[493:1749/1865,150:1613/1725]",
    "wave 65 turn 2: replay guest crossed cmd:65:2 through real public COMMAND=opened",
    "wave 65: reward shop owner=host take-nonparty",
    "wave 66 turn 1: replay guest crossed cmd:66:1 through real public COMMAND=opened",
    "wave 66: TRAINER (fixed)",
    "wave 66 turn 1: host SWITCH -> party[2]",
    "wave 66: host slot move=85 guest slot move=247",
    "wave 66 turn 1: progress enemyHp=[691:151/151,853:0/146] playerHp=[382:1665/1665,150:1491/1725]",
    "wave 66 turn 2: replay guest crossed cmd:66:2 through real public COMMAND=opened",
    "wave 66 turn 3: replay guest crossed cmd:66:3 through real public COMMAND=opened",
    "wave 66 turn 3: host SWITCH -> party[2]",
    "wave 66 turn 4: replay guest crossed cmd:66:4 through real public COMMAND=opened",
    "wave 66: reward shop owner=guest leave",
    "wave 67 turn 1: replay guest crossed cmd:67:1 through real public COMMAND=opened",
    "wave 67: host slot move=53 guest slot move=34",
    "wave 67 turn 1: progress enemyHp=[131:0/178,80:0/144] playerHp=[493:1862/1865,150:1488/1725]",
    "wave 67: reward shop owner=host leave",
    "wave 68 turn 1: replay guest crossed cmd:68:1 through real public COMMAND=opened",
    "wave 68: host slot move=247 guest slot move=85",
    "wave 68 turn 1: progress enemyHp=[845:0/130,963:0/129] playerHp=[493:1862/1865,150:1488/1725]",
    "wave 68: reward shop owner=guest take-nonparty",
    "wave 69 turn 1: replay guest crossed cmd:69:1 through real public COMMAND=opened",
    "wave 69: host slot move=34 guest slot move=53",
    "wave 69 turn 1: progress enemyHp=[199:0/154,419:0/145] playerHp=[493:1862/1865,150:1488/1725]",
    "wave 69: reward shop owner=host leave",
    "wave 70 turn 1: replay guest crossed cmd:70:1 through real public COMMAND=opened",
    "wave 70 turn 1: host SWITCH -> party[2]",
    "wave 70: host slot move=85 guest slot move=247",
    "wave 70 turn 1: progress enemyHp=[230:161/161,964:0/182] playerHp=[382:1665/1665,150:1476/1725]",
    "wave 70 turn 2: replay guest crossed cmd:70:2 through real public COMMAND=opened",
    "wave 70: biome market owner=guest leave",
    "wave 70: drained 1 milestone reward continuation(s)",
    "wave 70: host chose Crossroads Leave through public UI",
    "wave 70: host drove World Map via public UI=true and both consumed 1829475396909768:0:BIOME_PICK:9700082",
    "wave 71 turn 1: replay guest crossed cmd:71:1 through real public COMMAND=opened",
    "wave 71: BIOME 6->10",
    "wave 71: host slot move=85 guest slot move=85",
    "wave 71 turn 1: progress enemyHp=[593:0/199,593:0/191] playerHp=[382:1665/1665,150:1725/1725]",
    "wave 71: reward shop owner=guest leave",
    "wave 72 turn 1: replay guest crossed cmd:72:1 through real public COMMAND=opened",
    "wave 72 turn 1: host SWITCH -> party[2]",
    "wave 72: host slot move=247 guest slot move=85",
    "wave 72 turn 1: progress enemyHp=[222:148/148,321:0/221] playerHp=[493:1865/1865,150:1718/1725]",
    "wave 72 turn 2: replay guest crossed cmd:72:2 through real public COMMAND=opened",
    "wave 72 turn 2: guest SWITCH -> party[3]",
    "wave 72: reward shop owner=host leave",
    "wave 72: drained 1 milestone reward continuation(s)",
    "wave 73 turn 1: replay guest crossed cmd:73:1 through real public COMMAND=opened",
    "wave 73: host slot move=34 guest slot move=53",
    "wave 73 turn 1: progress enemyHp=[370:0/133,224:0/158] playerHp=[493:1865/1865,384:1702/1715]",
    "wave 73: reward shop owner=guest leave",
    "wave 74 turn 1: replay guest crossed cmd:74:1 through real public COMMAND=opened",
    "wave 74: host slot move=85 guest slot move=85",
    "wave 74 turn 1: progress enemyHp=[366:0/116,902:0/184] playerHp=[493:1865/1865,384:1702/1715]",
    "wave 74: reward shop owner=host take-nonparty",
    "wave 75 turn 1: replay guest crossed cmd:75:1 through real public COMMAND=opened",
    "wave 75: host slot move=53 guest slot move=53",
    "wave 75 turn 1: progress enemyHp=[847:0/144,593:0/191] playerHp=[493:1865/1865,384:1702/1715]",
    "wave 75: reward shop owner=guest leave",
    "wave 75: host chose Crossroads Leave through public UI",
    "wave 75: host drove World Map via public UI=true and both consumed 1829475396909768:0:BIOME_PICK:9700088",
    "wave 76 turn 1: replay guest crossed cmd:76:1 through real public COMMAND=opened",
    "wave 76: BIOME 10->13",
    "wave 76 turn 1: host SWITCH -> party[2]",
    "wave 76: host slot move=247 guest slot move=53",
    "wave 76 turn 1: progress enemyHp=[75:142/142,294:0/172] playerHp=[382:1665/1665,384:1702/1715]",
    "wave 76 turn 2: replay guest crossed cmd:76:2 through real public COMMAND=opened",
    "wave 76: reward shop owner=guest take-nonparty",
    "wave 77 turn 1: replay guest crossed cmd:77:1 through real public COMMAND=opened",
    "wave 77: TRAINER (random)",
    "wave 77: host slot move=34 guest slot move=53",
    "wave 77 turn 1: progress enemyHp=[195:0/170,781:0/145] playerHp=[382:1665/1665,384:1702/1715]",
    "wave 77 turn 2: replay guest crossed cmd:77:2 through real public COMMAND=opened",
    "wave 77 turn 2: guest SWITCH -> party[3]",
    "wave 77 turn 3: replay guest crossed cmd:77:3 through real public COMMAND=opened",
    "wave 77: reward shop owner=host take-nonparty",
    "wave 78 turn 1: replay guest crossed cmd:78:1 through real public COMMAND=opened",
    "wave 78: host slot move=53 guest slot move=247",
    "wave 78 turn 1: progress enemyHp=[95:1/156,297:0/248] playerHp=[382:1665/1665,150:1715/1725]",
    "wave 78 turn 2: replay guest crossed cmd:78:2 through real public COMMAND=opened",
    "wave 78: reward shop owner=guest take-nonparty",
    "wave 79 turn 1: replay guest crossed cmd:79:1 through real public COMMAND=opened",
    "wave 79: host slot move=53 guest slot move=247",
    "wave 79 turn 1: progress enemyHp=[42:158/158,47:0/164] playerHp=[382:1451/1665,150:1715/1725]",
    "wave 79 turn 2: replay guest crossed cmd:79:2 through real public COMMAND=opened",
    "wave 79: reward shop owner=host leave",
    "wave 80 turn 1: replay guest crossed cmd:80:1 through real public COMMAND=opened",
    "wave 80: host slot move=53 guest slot move=85",
    "wave 80 turn 1: progress enemyHp=[660:198/205,768:0/161] playerHp=[382:1022/1665,150:1693/1725]",
    "wave 80 turn 2: replay guest crossed cmd:80:2 through real public COMMAND=opened",
    "wave 80: biome market owner=guest leave",
    "wave 80: drained 1 milestone reward continuation(s)",
    "wave 80: host chose Crossroads Leave through public UI",
    "wave 80: host drove World Map via public UI=true and both consumed 1829475396909768:0:BIOME_PICK:9700094",
    "wave 81 turn 1: replay guest crossed cmd:81:1 through real public COMMAND=opened",
    "wave 81: BIOME 13->12",
    "wave 81: host slot move=85 guest slot move=34",
    "wave 81 turn 1: progress enemyHp=[1013:0/168,464:0/215] playerHp=[382:1561/1665,150:1618/1725]",
    "wave 81: reward shop owner=guest leave",
    "wave 81: drained 1 milestone reward continuation(s)",
    "wave 82 turn 1: replay guest crossed cmd:82:1 through real public COMMAND=opened",
    "wave 82: host slot move=85 guest slot move=53",
    "wave 82 turn 1: progress enemyHp=[879:0/227,50:0/99] playerHp=[382:1457/1665,150:1511/1725]",
    "wave 82: reward shop owner=host leave",
    "wave 83 turn 1: replay guest crossed cmd:83:1 through real public COMMAND=opened",
    "wave 83: host slot move=34 guest slot move=34",
    "wave 83 turn 1: progress enemyHp=[51:0/118,464:0/204] playerHp=[382:1353/1665,150:1404/1725]",
    "wave 83: reward shop owner=guest leave",
    "wave 83: drained 1 milestone reward continuation(s)",
    "wave 84 turn 1: replay guest crossed cmd:84:1 through real public COMMAND=opened",
    "wave 84: TRAINER (random)",
    "wave 84: host slot move=34 guest slot move=34",
    "wave 84 turn 1: progress enemyHp=[424:0/167,10845:0/235] playerHp=[382:1249/1665,150:1297/1725]",
    "wave 84: reward shop owner=host take-nonparty",
    "wave 85 turn 1: replay guest crossed cmd:85:1 through real public COMMAND=opened",
    "wave 85: host slot move=53 guest slot move=53",
    "wave 85 turn 1: progress enemyHp=[28:0/196,879:0/220] playerHp=[382:1145/1665,150:1190/1725]",
    "wave 85: reward shop owner=guest take-nonparty"
  ]
}