===== COOP SOAK RESULT =====
profile: god-b
verdict: FAIL
waves_requested: 70
run_mode: diagnostic
calibration_id: god-200
target_sha: fce9cfe8734548907502d4eeb9c868175e4a7a99
checked_out_sha: fce9cfe8734548907502d4eeb9c868175e4a7a99
base_seed: 20260727
campaign_seed: 20365456
run: 30276550644 (workflow source fce9cfe8734548907502d4eeb9c868175e4a7a99)
timestamp: 2026-07-27T14-50-31Z

----- driver lines -----
[22m[39m[coop-soak] SEED=20365456 WAVES=70 - replay this run with:  SOAK_SEED=20365456 SOAK_WAVES=70 ER_SCENARIO=1 npx vitest run test/tests/elite-redux/coop/coop-soak.test.ts
[22m[39m[coop-soak] DONE seed=20365456 waves=70/70 resyncHeals=0 assertions=0 findings=0 trainerWaves=10 (fixed=8 random=2) skips={"mysteryEncounterDisabledV1":1} elapsedMs=241772

----- vitest result tail -----
[coop:session] coopAuthoritativeGuestPredicate CLEARED (-> solo/host/lockstep reads false)
[coop:session] coopAuthoritativeGuestPredicate INSTALLED
[coop:launch] clearCoopRuntime role=host netcode=authoritative gen->6
[coop:stream] streamer DISPOSE: cancel pending(turns=0 enemyParty=0 meBattle=0 stateSync=0) + null-out all handlers
[coop:relay] dispose() (no in-flight waiters)
[coop:pump] end session { seq: -1, termSeq: -1, wasOwner: false }
[coop:transport] state host disconnected -> closed
[coop:turn] host recorder: CLEAR (null-out) live emitter (was=false)
[coop:session] coopAuthoritativeGuestPredicate CLEARED (-> solo/host/lockstep reads false)

[90mstdout[2m | test/tests/elite-redux/coop/coop-soak.test.ts[2m:297:3[22m[2m[2m > [22m[2mNIGHTLY co-op SOAK: seeded randomized two-engine run (#841)[2m > [22m[2mretained wave boundary keeps one X Attack exact on both clients through natural expiry without recovery
[22m[39m[2m> [22m[30m[48;2;193;98;222m Test finished! [49m[39m
    Name: [38;2;0;136;134mNIGHTLY co-op SOAK: seeded randomized two-engine run (#841) > retained wave boundary keeps one X Attack exact on both clients through natural expiry without recovery[39m
    Result: [32m[1m✓ Passed[22m[39m [2min[22m [33m18607[39m[2mms[22m
    File: [38;2;210;155;14melite-redux/test/tests/elite-redux/coop/coop-soak.test.ts:297:3[39m

[33m[39m[32m·[39m

[31m⎯⎯⎯⎯⎯⎯⎯[39m[1m[41m Failed Tests 1 [49m[22m[31m⎯⎯⎯⎯⎯⎯⎯[39m

[41m[1m FAIL [22m[49m [30m[45m main [49m[39m test/tests/elite-redux/coop/coop-soak.test.ts[2m:165:3[22m[2m > [22mNIGHTLY co-op SOAK: seeded randomized two-engine run (#841)[2m > [22mplays a seeded randomized co-op run asserting DIGEST/LOCKSTEP/NO-PARK/TEARDOWN each wave
[31m[1mError[22m: [coop-soak-coverage] COMPLETENESS BACKSTOP FAILED (seed 20365456, 70 waves):
  - GUARANTEED COLD: 1 surface(s) that MUST be hit in a 70-wave run were not driven (a real regression - replay SOAK_SEED=20365456): [operation:op:wave][39m
[36m [2m❯[22m assertSoakCompleteness test/tools/coop-soak-coverage.ts:[2m1375:11[22m[39m
    [90m1373|[39m
    [90m1374|[39m   [35mif[39m (reds[33m.[39mlength [33m>[39m [34m0[39m) {
    [90m1375|[39m     [35mthrow[39m [35mnew[39m [33mError[39m(
    [90m   |[39m           [31m^[39m
    [90m1376|[39m       `[coop-soak-coverage] COMPLETENESS BACKSTOP FAILED (seed ${opts.…
    [90m1377|[39m         [33m+[39m reds[33m.[39m[34mmap[39m(r [33m=>[39m [32m`  - [39m[36m${[39mr[36m}[39m[32m`[39m)[33m.[39m[34mjoin[39m([32m"\n"[39m)[33m,[39m
[90m [2m❯[22m test/tests/elite-redux/coop/coop-soak.test.ts:[2m291:7[22m[39m

[31m[2m⎯⎯⎯⎯⎯⎯⎯⎯⎯⎯⎯⎯⎯⎯⎯⎯⎯⎯⎯⎯⎯⎯⎯⎯[1/1]⎯[22m[39m


[2m Test Files [22m [1m[31m1 failed[39m[22m[90m (1)[39m
[2m      Tests [22m [1m[31m1 failed[39m[22m[2m | [22m[1m[32m1 passed[39m[22m[90m (2)[39m
[2m   Start at [22m 14:45:46
[2m   Duration [22m 284.95s[2m (transform 18.68s, setup 22.38s, import 283ms, tests 261.64s, environment 522ms)[22m

