{
  "invariant": "no-park",
  "seed": 20260727,
  "wave": 34,
  "detail": "wave crossing threw (strand/stall): client phase drive to projected retained replacement HANG on NewBattlePhase; queued=[CoopPartnerSyncPhase], ui=MESSAGE",
  "replay": "SOAK_SEED=20260727",
  "phaseState": {
    "hostPhase": "CommandPhase",
    "guestPhase": "NewBattlePhase",
    "hostInteractionCounter": 39,
    "guestInteractionCounter": 39,
    "hostWave": 34,
    "hostBattleType": 0,
    "hostPlayerField": [
      {
        "id": 841986704,
        "battlerIndex": -1,
        "speciesId": 493,
        "speciesName": "Arceus",
        "hp": 1865,
        "maxHp": 1865,
        "fainted": false,
        "status": 0,
        "statStages": [
          0,
          0,
          0,
          0,
          0,
          0,
          0
        ],
        "moves": [
          {
            "id": 34,
            "ppUsed": 0
          },
          {
            "id": 247,
            "ppUsed": 0
          },
          {
            "id": 53,
            "ppUsed": 0
          },
          {
            "id": 85,
            "ppUsed": 1
          }
        ],
        "coopOwner": "host"
      },
      {
        "id": 3846472869,
        "battlerIndex": -1,
        "speciesId": 150,
        "speciesName": "Mewtwo",
        "hp": 1725,
        "maxHp": 1725,
        "fainted": false,
        "status": 0,
        "statStages": [
          0,
          0,
          0,
          0,
          0,
          0,
          0
        ],
        "moves": [
          {
            "id": 34,
            "ppUsed": 0
          },
          {
            "id": 247,
            "ppUsed": 0
          },
          {
            "id": 53,
            "ppUsed": 0
          },
          {
            "id": 85,
            "ppUsed": 0
          }
        ],
        "coopOwner": "guest"
      }
    ],
    "hostEnemyField": [
      {
        "id": 427514479,
        "battlerIndex": -1,
        "speciesId": 622,
        "speciesName": "Golett",
        "hp": 67,
        "maxHp": 67,
        "fainted": false,
        "status": 0,
        "statStages": [
          0,
          0,
          0,
          0,
          0,
          0,
          0
        ],
        "moves": [
          {
            "id": 707,
            "ppUsed": 0
          },
          {
            "id": 120,
            "ppUsed": 0
          },
          {
            "id": 5,
            "ppUsed": 0
          },
          {
            "id": 309,
            "ppUsed": 0
          }
        ]
      },
      {
        "id": 3500757228,
        "battlerIndex": -1,
        "speciesId": 177,
        "speciesName": "Natu",
        "hp": 54,
        "maxHp": 54,
        "fainted": false,
        "status": 0,
        "statStages": [
          0,
          0,
          0,
          0,
          0,
          0,
          0
        ],
        "moves": [
          {
            "id": 64,
            "ppUsed": 0
          },
          {
            "id": 375,
            "ppUsed": 0
          },
          {
            "id": 466,
            "ppUsed": 0
          },
          {
            "id": 95,
            "ppUsed": 0
          }
        ]
      }
    ],
    "guestPlayerField": [
      {
        "id": 841986704,
        "battlerIndex": 0,
        "speciesId": 493,
        "speciesName": "Arceus",
        "hp": 1865,
        "maxHp": 1865,
        "fainted": false,
        "status": 0,
        "statStages": [
          0,
          0,
          0,
          0,
          0,
          0,
          0
        ],
        "moves": [
          {
            "id": 34,
            "ppUsed": 0
          },
          {
            "id": 247,
            "ppUsed": 0
          },
          {
            "id": 53,
            "ppUsed": 0
          },
          {
            "id": 85,
            "ppUsed": 1
          }
        ],
        "coopOwner": "host"
      },
      {
        "id": 1126819477,
        "battlerIndex": 1,
        "speciesId": 384,
        "speciesName": "Rayquaza",
        "hp": 0,
        "maxHp": 1715,
        "fainted": true,
        "status": 7,
        "statStages": [
          0,
          0,
          0,
          0,
          0,
          0,
          0
        ],
        "moves": [
          {
            "id": 34,
            "ppUsed": 0
          },
          {
            "id": 247,
            "ppUsed": 1
          },
          {
            "id": 53,
            "ppUsed": 0
          },
          {
            "id": 85,
            "ppUsed": 1
          }
        ],
        "coopOwner": "guest"
      }
    ],
    "guestEnemyField": [
      {
        "id": 351767372,
        "battlerIndex": 2,
        "speciesId": 679,
        "speciesName": "Honedge",
        "hp": 0,
        "maxHp": 56,
        "fainted": true,
        "status": 7,
        "statStages": [
          0,
          0,
          0,
          0,
          0,
          0,
          0
        ],
        "moves": [
          {
            "id": 425,
            "ppUsed": 0
          },
          {
            "id": 280,
            "ppUsed": 0
          },
          {
            "id": 159,
            "ppUsed": 0
          },
          {
            "id": 163,
            "ppUsed": 1
          }
        ]
      },
      {
        "id": 3310725323,
        "battlerIndex": 3,
        "speciesId": 622,
        "speciesName": "Golett",
        "hp": 0,
        "maxHp": 64,
        "fainted": true,
        "status": 7,
        "statStages": [
          0,
          0,
          0,
          0,
          0,
          0,
          0
        ],
        "moves": [
          {
            "id": 707,
            "ppUsed": 0
          },
          {
            "id": 5,
            "ppUsed": 0
          },
          {
            "id": 70,
            "ppUsed": 0
          },
          {
            "id": 309,
            "ppUsed": 0
          }
        ]
      }
    ]
  },
  "actionScript": [
    "SKIP mysteryEncounterDisabledV1",
    "content seed=coop-soak-20260727 preseeded=false",
    "wave 1 turn 1: replay guest crossed cmd:1:1 through real public COMMAND=opened",
    "wave 1: host slot move=34 guest slot move=85",
    "wave 1 turn 1: progress enemyHp=[16:0/14,263:0/14] playerHp=[890:2065/2065,384:1715/1715]",
    "wave 1: reward shop owner=host leave",
    "wave 2 turn 1: replay guest crossed cmd:2:1 through real public COMMAND=opened",
    "wave 2: host slot move=53 guest slot move=85",
    "wave 2 turn 1: progress enemyHp=[21:16/16,509:0/14] playerHp=[890:2065/2065,384:1715/1715]",
    "wave 2 turn 2: replay guest crossed cmd:2:2 through real public COMMAND=opened",
    "wave 2: reward shop owner=guest take-nonparty",
    "wave 3 turn 1: replay guest crossed cmd:3:1 through real public COMMAND=opened",
    "wave 3: host slot move=34 guest slot move=53",
    "wave 3 turn 1: progress enemyHp=[273:0/16,261:10/16] playerHp=[890:2065/2065,384:1714/1715]",
    "wave 3 turn 2: replay guest crossed cmd:3:2 through real public COMMAND=opened",
    "wave 3: reward shop owner=host leave",
    "wave 4 turn 1: replay guest crossed cmd:4:1 through real public COMMAND=opened",
    "wave 4: host slot move=85 guest slot move=247",
    "wave 4 turn 1: guest SWITCH -> party[3]",
    "wave 4 turn 1: progress enemyHp=[261:0/16,821:18/18] playerHp=[890:2065/2065,150:1725/1725]",
    "wave 4 turn 2: replay guest crossed cmd:4:2 through real public COMMAND=opened",
    "wave 4: reward shop owner=guest take-nonparty",
    "wave 5 turn 1: replay guest crossed cmd:5:1 through real public COMMAND=opened",
    "wave 5: TRAINER (fixed)",
    "wave 5: host slot move=34 guest slot move=85",
    "wave 5 turn 1: progress enemyHp=[506:0/18,19:0/17] playerHp=[890:2065/2065,150:1725/1725]",
    "wave 5: reward shop owner=host take-nonparty",
    "wave 5: guest chose Crossroads Leave through public UI",
    "wave 5: guest drove World Map via public UI=true and both consumed 1828007492369994:1:BIOME_PICK:9700005",
    "wave 6 turn 1: replay guest crossed cmd:6:1 through real public COMMAND=opened",
    "wave 6: BIOME 0->1",
    "wave 6: host slot move=85 guest slot move=85",
    "wave 6 turn 1: progress enemyHp=[161:0/20,819:0/23] playerHp=[890:2059/2065,150:1725/1725]",
    "wave 6: reward shop owner=host leave",
    "wave 7 turn 1: replay guest crossed cmd:7:1 through real public COMMAND=opened",
    "wave 7: host slot move=34 guest slot move=53",
    "wave 7 turn 1: progress enemyHp=[63:0/19,734:0/23] playerHp=[890:2053/2065,150:1725/1725]",
    "wave 7: reward shop owner=guest leave",
    "wave 8 turn 1: replay guest crossed cmd:8:1 through real public COMMAND=opened",
    "wave 8: TRAINER (fixed)",
    "wave 8: host slot move=85 guest slot move=85",
    "wave 8 turn 1: progress enemyHp=[909:0/29,661:0/23] playerHp=[890:2065/2065,150:1725/1725]",
    "wave 8: reward shop owner=host leave",
    "wave 9 turn 1: replay guest crossed cmd:9:1 through real public COMMAND=opened",
    "wave 9: host slot move=34 guest slot move=53",
    "wave 9 turn 1: progress enemyHp=[263:0/22,399:0/26] playerHp=[890:2065/2065,150:1725/1725]",
    "wave 9: reward shop owner=guest leave",
    "wave 10 turn 1: replay guest crossed cmd:10:1 through real public COMMAND=opened",
    "wave 10: host slot move=53 guest slot move=53",
    "wave 10 turn 1: progress enemyHp=[84:0/30,161:0/24] playerHp=[890:2056/2065,150:1725/1725]",
    "wave 10: biome market owner=host leave",
    "wave 10: drained 1 milestone reward continuation(s)",
    "wave 10: guest chose Crossroads Leave through public UI",
    "wave 10: guest drove World Map via public UI=true and both consumed 1828007492369994:1:BIOME_PICK:9700011",
    "wave 11 turn 1: replay guest crossed cmd:11:1 through real public COMMAND=opened",
    "wave 11: BIOME 1->2",
    "wave 11 turn 1: host SWITCH -> party[2]",
    "wave 11: host slot move=34 guest slot move=53",
    "wave 11 turn 1: guest SWITCH -> party[3]",
    "wave 11 turn 1: progress enemyHp=[548:25/25,548:27/27] playerHp=[493:1865/1865,384:1715/1715]",
    "wave 11 turn 2: replay guest crossed cmd:11:2 through real public COMMAND=opened",
    "wave 11: reward shop owner=host take-nonparty",
    "wave 12 turn 1: replay guest crossed cmd:12:1 through real public COMMAND=opened",
    "wave 12: host slot move=85 guest slot move=247",
    "wave 12 turn 1: guest SWITCH -> party[3]",
    "wave 12 turn 1: progress enemyHp=[543:0/23,285:30/30] playerHp=[493:1865/1865,150:1722/1725]",
    "wave 12 turn 2: replay guest crossed cmd:12:2 through real public COMMAND=opened",
    "wave 12: reward shop owner=guest leave",
    "wave 13 turn 1: replay guest crossed cmd:13:1 through real public COMMAND=opened",
    "wave 13: host slot move=53 guest slot move=34",
    "wave 13 turn 1: progress enemyHp=[191:0/29,548:0/29] playerHp=[493:1865/1865,150:1725/1725]",
    "wave 13: reward shop owner=host take-nonparty",
    "wave 14 turn 1: replay guest crossed cmd:14:1 through real public COMMAND=opened",
    "wave 14: host slot move=247 guest slot move=85",
    "wave 14 turn 1: progress enemyHp=[543:0/27,108:0/37] playerHp=[493:1865/1865,150:1725/1725]",
    "wave 14: reward shop owner=guest leave",
    "wave 15 turn 1: replay guest crossed cmd:15:1 through real public COMMAND=opened",
    "wave 15: host slot move=34 guest slot move=53",
    "wave 15 turn 1: guest SWITCH -> party[3]",
    "wave 15 turn 1: progress enemyHp=[548:0/29,546:31/31] playerHp=[493:1865/1865,384:1715/1715]",
    "wave 15 turn 2: replay guest crossed cmd:15:2 through real public COMMAND=opened",
    "wave 15: reward shop owner=host take-nonparty",
    "wave 15: guest chose Crossroads Leave through public UI",
    "wave 15: guest drove World Map via public UI=true and both consumed 1828007492369994:1:BIOME_PICK:9700017",
    "wave 16 turn 1: replay guest crossed cmd:16:1 through real public COMMAND=opened",
    "wave 16: BIOME 2->3",
    "wave 16: host slot move=85 guest slot move=247",
    "wave 16 turn 1: progress enemyHp=[29:0/34,37:0/30] playerHp=[493:1865/1865,384:1714/1715]",
    "wave 16: reward shop owner=host leave",
    "wave 17 turn 1: replay guest crossed cmd:17:1 through real public COMMAND=opened",
    "wave 17: host slot move=53 guest slot move=34",
    "wave 17 turn 1: progress enemyHp=[919:31/31,753:0/35] playerHp=[493:1865/1865,384:1714/1715]",
    "wave 17 turn 2: replay guest crossed cmd:17:2 through real public COMMAND=opened",
    "wave 17: reward shop owner=guest leave",
    "wave 18 turn 1: replay guest crossed cmd:18:1 through real public COMMAND=opened",
    "wave 18 turn 1: host SWITCH -> party[2]",
    "wave 18: host slot move=247 guest slot move=247",
    "wave 18 turn 1: progress enemyHp=[665:36/36,290:0/33] playerHp=[890:2065/2065,384:1712/1715]",
    "wave 18 turn 2: replay guest crossed cmd:18:2 through real public COMMAND=opened",
    "wave 18: reward shop owner=host take-nonparty",
    "wave 19 turn 1: replay guest crossed cmd:19:1 through real public COMMAND=opened",
    "wave 19: host slot move=34 guest slot move=53",
    "wave 19 turn 1: guest SWITCH -> party[3]",
    "wave 19 turn 1: progress enemyHp=[46:0/36,32:36/36] playerHp=[890:2065/2065,150:1725/1725]",
    "wave 19 turn 2: replay guest crossed cmd:19:2 through real public COMMAND=opened",
    "wave 19: reward shop owner=guest leave",
    "wave 20 turn 1: replay guest crossed cmd:20:1 through real public COMMAND=opened",
    "wave 20: TRAINER (random)",
    "wave 20: host slot move=85 guest slot move=247",
    "wave 20 turn 1: progress enemyHp=[283:0/37,664:0/38] playerHp=[890:2053/2065,150:1725/1725]",
    "wave 20: biome market owner=host leave",
    "wave 20: drained 1 milestone reward continuation(s)",
    "wave 20: guest chose Crossroads Leave through public UI",
    "wave 20: guest drove World Map via public UI=true and both consumed 1828007492369994:1:BIOME_PICK:9700023",
    "wave 21 turn 1: replay guest crossed cmd:21:1 through real public COMMAND=opened",
    "wave 21: BIOME 3->5",
    "wave 21: host slot move=53 guest slot move=53",
    "wave 21 turn 1: progress enemyHp=[23:0/41,585:0/42] playerHp=[890:2065/2065,150:1725/1725]",
    "wave 21: reward shop owner=host leave",
    "wave 22 turn 1: replay guest crossed cmd:22:1 through real public COMMAND=opened",
    "wave 22: host slot move=247 guest slot move=34",
    "wave 22 turn 1: progress enemyHp=[12:0/46,944:0/39] playerHp=[890:2065/2065,150:1725/1725]",
    "wave 22: reward shop owner=guest take-nonparty",
    "wave 23 turn 1: replay guest crossed cmd:23:1 through real public COMMAND=opened",
    "wave 23: host slot move=34 guest slot move=53",
    "wave 23 turn 1: progress enemyHp=[917:0/42,585:0/47] playerHp=[890:2065/2065,150:1725/1725]",
    "wave 23: reward shop owner=host take-nonparty",
    "wave 24 turn 1: replay guest crossed cmd:24:1 through real public COMMAND=opened",
    "wave 24: host slot move=247 guest slot move=247",
    "wave 24 turn 1: progress enemyHp=[665:0/45,415:0/41] playerHp=[890:2065/2065,150:1725/1725]",
    "wave 24: reward shop owner=guest take-nonparty",
    "wave 25 turn 1: replay guest crossed cmd:25:1 through real public COMMAND=opened",
    "wave 25: TRAINER (fixed)",
    "wave 25: host slot move=53 guest slot move=34",
    "wave 25 turn 1: guest SWITCH -> party[3]",
    "wave 25 turn 1: progress enemyHp=[910:0/64,662:53/53] playerHp=[890:2065/2065,384:1713/1715]",
    "wave 25 turn 2: replay guest crossed cmd:25:2 through real public COMMAND=opened",
    "wave 25 turn 2: guest SWITCH -> party[3]",
    "wave 25 turn 3: replay guest crossed cmd:25:3 through real public COMMAND=opened",
    "wave 25: reward shop owner=host take-nonparty",
    "wave 25: guest chose Crossroads Leave through public UI",
    "wave 25: guest drove World Map via public UI=true and both consumed 1828007492369994:1:BIOME_PICK:9700029",
    "wave 26 turn 1: replay guest crossed cmd:26:1 through real public COMMAND=opened",
    "wave 26: BIOME 5->27",
    "wave 26: host slot move=85 guest slot move=85",
    "wave 26 turn 1: progress enemyHp=[190:0/53,193:0/56] playerHp=[890:2065/2065,150:1723/1725]",
    "wave 26: reward shop owner=host leave",
    "wave 26: drained 1 milestone reward continuation(s)",
    "wave 27 turn 1: replay guest crossed cmd:27:1 through real public COMMAND=opened",
    "wave 27: host slot move=34 guest slot move=53",
    "wave 27 turn 1: guest SWITCH -> party[3]",
    "wave 27 turn 1: progress enemyHp=[590:0/61,732:53/53] playerHp=[890:2065/2065,384:1715/1715]",
    "wave 27 turn 2: replay guest crossed cmd:27:2 through real public COMMAND=opened",
    "wave 27: reward shop owner=guest leave",
    "wave 28 turn 1: replay guest crossed cmd:28:1 through real public COMMAND=opened",
    "wave 28: host slot move=85 guest slot move=247",
    "wave 28 turn 1: progress enemyHp=[753:0/47,753:0/54] playerHp=[890:2065/2065,384:1715/1715]",
    "wave 28: reward shop owner=host leave",
    "wave 28: drained 1 milestone reward continuation(s)",
    "wave 29 turn 1: replay guest crossed cmd:29:1 through real public COMMAND=opened",
    "wave 29: host slot move=34 guest slot move=34",
    "wave 29 turn 1: progress enemyHp=[667:0/63,285:0/62] playerHp=[890:2065/2065,384:1715/1715]",
    "wave 29: reward shop owner=guest leave",
    "wave 29: drained 1 milestone reward continuation(s)",
    "wave 30 turn 1: replay guest crossed cmd:30:1 through real public COMMAND=opened",
    "wave 30: host slot move=247 guest slot move=85",
    "wave 30 turn 1: progress enemyHp=[753:0/56,123:0/72] playerHp=[890:2047/2065,384:1715/1715]",
    "wave 30: biome market owner=host leave",
    "wave 30: drained 1 milestone reward continuation(s)",
    "wave 30: guest chose Crossroads Leave through public UI",
    "wave 30: guest drove World Map via public UI=true and both consumed 1828007492369994:1:BIOME_PICK:9700035",
    "wave 31 turn 1: replay guest crossed cmd:31:1 through real public COMMAND=opened",
    "wave 31: BIOME 27->29",
    "wave 31: host slot move=53 guest slot move=247",
    "wave 31 turn 1: progress enemyHp=[562:0/51,92:0/50] playerHp=[890:2065/2065,384:1287/1715]",
    "wave 31: reward shop owner=host leave",
    "wave 32 turn 1: replay guest crossed cmd:32:1 through real public COMMAND=opened",
    "wave 32: host slot move=85 guest slot move=247",
    "wave 32 turn 1: progress enemyHp=[679:0/56,433:0/54] playerHp=[890:2047/2065,384:859/1715]",
    "wave 32: reward shop owner=guest take-nonparty",
    "wave 33 turn 1: replay guest crossed cmd:33:1 through real public COMMAND=opened",
    "wave 33 turn 1: host SWITCH -> party[2]",
    "wave 33: host slot move=85 guest slot move=247",
    "wave 33 turn 1: progress enemyHp=[679:56/56,622:0/64] playerHp=[493:1865/1865,384:427/1715]",
    "wave 33 turn 2: replay guest crossed cmd:33:2 through real public COMMAND=opened",
    "wave 33: reward shop owner=host leave",
    "wave 33: drained 1 milestone reward continuation(s)"
  ]
}