{
  "invariant": "no-park",
  "seed": 20470486,
  "wave": 171,
  "detail": "wave crossing threw (strand/stall): [coop-soak] NO-PARK invariant breached at wave 170 (seed 20470486): World Map did not leave on both clients (host=PartyHealPhase guest=SelectBiomePhase). Artifact + both logs: /home/runner/work/elite-redux/elite-redux/dev-logs/coop-soak/2026-07-27T14-00-04-673Z__seed-20470486__wave-170. Replay: SOAK_SEED=20470486",
  "replay": "SOAK_SEED=20470486",
  "phaseState": {
    "hostPhase": "PartyHealPhase",
    "guestPhase": "SelectBiomePhase",
    "hostInteractionCounter": 201,
    "guestInteractionCounter": 200,
    "hostWave": 170,
    "hostBattleType": 1,
    "hostPlayerField": [
      {
        "id": 602617130,
        "battlerIndex": -1,
        "speciesId": 382,
        "speciesName": "Kyogre",
        "hp": 1227,
        "maxHp": 1665,
        "fainted": false,
        "status": 0,
        "statStages": [
          0,
          -1,
          0,
          0,
          0,
          0,
          0
        ],
        "moves": [
          {
            "id": 34,
            "ppUsed": 0
          },
          {
            "id": 247,
            "ppUsed": 0
          },
          {
            "id": 53,
            "ppUsed": 3
          },
          {
            "id": 85,
            "ppUsed": 0
          }
        ],
        "coopOwner": "host"
      },
      {
        "id": 2961696443,
        "battlerIndex": -1,
        "speciesId": 384,
        "speciesName": "Rayquaza",
        "hp": 1589,
        "maxHp": 1715,
        "fainted": false,
        "status": 0,
        "statStages": [
          0,
          0,
          0,
          0,
          0,
          0,
          0
        ],
        "moves": [
          {
            "id": 34,
            "ppUsed": 1
          },
          {
            "id": 247,
            "ppUsed": 0
          },
          {
            "id": 53,
            "ppUsed": 1
          },
          {
            "id": 85,
            "ppUsed": 0
          }
        ],
        "coopOwner": "guest"
      }
    ],
    "hostEnemyField": [
      {
        "id": 1191651183,
        "battlerIndex": -1,
        "speciesId": 528,
        "speciesName": "Swoobat",
        "hp": 0,
        "maxHp": 431,
        "fainted": true,
        "status": 7,
        "statStages": [
          0,
          0,
          0,
          0,
          0,
          0,
          0
        ],
        "moves": [
          {
            "id": 797,
            "ppUsed": 0
          },
          {
            "id": 497,
            "ppUsed": 0
          },
          {
            "id": 502,
            "ppUsed": 0
          },
          {
            "id": 542,
            "ppUsed": 0
          }
        ]
      },
      {
        "id": 1016180186,
        "battlerIndex": -1,
        "speciesId": 567,
        "speciesName": "Archeops",
        "hp": 0,
        "maxHp": 448,
        "fainted": true,
        "status": 7,
        "statStages": [
          0,
          0,
          0,
          0,
          0,
          0,
          0
        ],
        "moves": [
          {
            "id": 5131,
            "ppUsed": 0
          },
          {
            "id": 5167,
            "ppUsed": 0
          },
          {
            "id": 800,
            "ppUsed": 0
          },
          {
            "id": 432,
            "ppUsed": 0
          }
        ]
      }
    ],
    "guestPlayerField": [
      {
        "id": 602617130,
        "battlerIndex": 0,
        "speciesId": 382,
        "speciesName": "Kyogre",
        "hp": 1227,
        "maxHp": 1665,
        "fainted": false,
        "status": 0,
        "statStages": [
          0,
          -1,
          0,
          0,
          0,
          0,
          0
        ],
        "moves": [
          {
            "id": 34,
            "ppUsed": 0
          },
          {
            "id": 247,
            "ppUsed": 0
          },
          {
            "id": 53,
            "ppUsed": 3
          },
          {
            "id": 85,
            "ppUsed": 0
          }
        ],
        "coopOwner": "host"
      },
      {
        "id": 2961696443,
        "battlerIndex": 1,
        "speciesId": 384,
        "speciesName": "Rayquaza",
        "hp": 1589,
        "maxHp": 1715,
        "fainted": false,
        "status": 0,
        "statStages": [
          0,
          0,
          0,
          0,
          0,
          0,
          0
        ],
        "moves": [
          {
            "id": 34,
            "ppUsed": 1
          },
          {
            "id": 247,
            "ppUsed": 0
          },
          {
            "id": 53,
            "ppUsed": 1
          },
          {
            "id": 85,
            "ppUsed": 0
          }
        ],
        "coopOwner": "guest"
      }
    ],
    "guestEnemyField": [
      {
        "id": 1191651183,
        "battlerIndex": 2,
        "speciesId": 528,
        "speciesName": "Swoobat",
        "hp": 0,
        "maxHp": 431,
        "fainted": true,
        "status": 7,
        "statStages": [
          0,
          0,
          0,
          0,
          0,
          0,
          0
        ],
        "moves": [
          {
            "id": 797,
            "ppUsed": 0
          },
          {
            "id": 497,
            "ppUsed": 0
          },
          {
            "id": 502,
            "ppUsed": 0
          },
          {
            "id": 542,
            "ppUsed": 0
          }
        ]
      },
      {
        "id": 1016180186,
        "battlerIndex": 3,
        "speciesId": 567,
        "speciesName": "Archeops",
        "hp": 0,
        "maxHp": 448,
        "fainted": true,
        "status": 7,
        "statStages": [
          0,
          0,
          0,
          0,
          0,
          0,
          0
        ],
        "moves": [
          {
            "id": 5131,
            "ppUsed": 0
          },
          {
            "id": 5167,
            "ppUsed": 0
          },
          {
            "id": 800,
            "ppUsed": 0
          },
          {
            "id": 432,
            "ppUsed": 0
          }
        ]
      }
    ]
  },
  "actionScript": [
    "SKIP mysteryEncounterDisabledV1",
    "content seed=coop-soak-20470486 preseeded=false",
    "wave 1 turn 1: replay guest crossed cmd:1:1 through real public COMMAND=opened",
    "wave 1 turn 1: host SWITCH -> party[2]",
    "wave 1: host slot move=85 guest slot move=85",
    "wave 1 turn 1: progress enemyHp=[16:14/14,263:0/14] playerHp=[493:1865/1865,384:1715/1715]",
    "wave 1 turn 2: replay guest crossed cmd:1:2 through real public COMMAND=opened",
    "wave 1 turn 2: guest SWITCH -> party[3]",
    "wave 1: reward shop owner=host leave",
    "wave 2 turn 1: replay guest crossed cmd:2:1 through real public COMMAND=opened",
    "wave 2: host slot move=53 guest slot move=34",
    "wave 2 turn 1: progress enemyHp=[265:0/14,174:0/19] playerHp=[493:1865/1865,150:1725/1725]",
    "wave 2: reward shop owner=guest leave",
    "wave 3 turn 1: replay guest crossed cmd:3:1 through real public COMMAND=opened",
    "wave 3: host slot move=85 guest slot move=53",
    "wave 3 turn 1: progress enemyHp=[167:0/16,440:0/19] playerHp=[493:1865/1865,150:1725/1725]",
    "wave 3: reward shop owner=host take-nonparty",
    "wave 4 turn 1: replay guest crossed cmd:4:1 through real public COMMAND=opened",
    "wave 4: host slot move=34 guest slot move=53",
    "wave 4 turn 1: progress enemyHp=[265:0/18,265:0/18] playerHp=[493:1865/1865,150:1725/1725]",
    "wave 4: reward shop owner=guest leave",
    "wave 5 turn 1: replay guest crossed cmd:5:1 through real public COMMAND=opened",
    "wave 5: TRAINER (fixed)",
    "wave 5: host slot move=247 guest slot move=53",
    "wave 5 turn 1: progress enemyHp=[265:0/18,263:0/18] playerHp=[493:1865/1865,150:1725/1725]",
    "wave 5: reward shop owner=host take-nonparty",
    "wave 5: guest chose Crossroads Leave through public UI",
    "wave 5: guest drove World Map via public UI=true and both consumed 1828003842527883:1:BIOME_PICK:9700005",
    "wave 6 turn 1: replay guest crossed cmd:6:1 through real public COMMAND=opened",
    "wave 6: BIOME 0->1",
    "wave 6: host slot move=53 guest slot move=85",
    "wave 6 turn 1: progress enemyHp=[403:0/22,661:0/21] playerHp=[493:1865/1865,150:1725/1725]",
    "wave 6: reward shop owner=host take-nonparty",
    "wave 7 turn 1: replay guest crossed cmd:7:1 through real public COMMAND=opened",
    "wave 7: host slot move=85 guest slot move=34",
    "wave 7 turn 1: guest SWITCH -> party[3]",
    "wave 7 turn 1: progress enemyHp=[915:0/24,52:20/20] playerHp=[493:1863/1865,384:1713/1715]",
    "wave 7 turn 2: replay guest crossed cmd:7:2 through real public COMMAND=opened",
    "wave 7: reward shop owner=guest leave",
    "wave 8 turn 1: replay guest crossed cmd:8:1 through real public COMMAND=opened",
    "wave 8: TRAINER (fixed)",
    "wave 8: host slot move=34 guest slot move=34",
    "wave 8 turn 1: progress enemyHp=[390:0/25,731:0/22] playerHp=[493:1863/1865,384:1713/1715]",
    "wave 8: reward shop owner=host leave",
    "wave 9 turn 1: replay guest crossed cmd:9:1 through real public COMMAND=opened",
    "wave 9 turn 1: host SWITCH -> party[2]",
    "wave 9: host slot move=34 guest slot move=85",
    "wave 9 turn 1: progress enemyHp=[21:24/24,63:0/22] playerHp=[890:2065/2065,384:1713/1715]",
    "wave 9 turn 2: replay guest crossed cmd:9:2 through real public COMMAND=opened",
    "wave 9: reward shop owner=guest take-nonparty",
    "wave 10 turn 1: replay guest crossed cmd:10:1 through real public COMMAND=opened",
    "wave 10: host slot move=34 guest slot move=85",
    "wave 10 turn 1: guest SWITCH -> party[3]",
    "wave 10 turn 1: progress enemyHp=[915:0/29,915:29/29] playerHp=[890:2065/2065,150:1719/1725]",
    "wave 10 turn 2: replay guest crossed cmd:10:2 through real public COMMAND=opened",
    "wave 10 turn 2: host SWITCH -> party[2]",
    "wave 10: biome market owner=host leave",
    "wave 10: drained 1 milestone reward continuation(s)",
    "wave 10: guest chose Crossroads Leave through public UI",
    "wave 10: guest drove World Map via public UI=true and both consumed 1828003842527883:1:BIOME_PICK:9700011",
    "wave 11 turn 1: replay guest crossed cmd:11:1 through real public COMMAND=opened",
    "wave 11: BIOME 1->2",
    "wave 11: host slot move=85 guest slot move=247",
    "wave 11 turn 1: guest SWITCH -> party[3]",
    "wave 11 turn 1: progress enemyHp=[546:0/26,548:25/25] playerHp=[493:1865/1865,384:1715/1715]",
    "wave 11 turn 2: replay guest crossed cmd:11:2 through real public COMMAND=opened",
    "wave 11 turn 2: guest SWITCH -> party[3]",
    "wave 11: reward shop owner=host take-nonparty",
    "wave 12 turn 1: replay guest crossed cmd:12:1 through real public COMMAND=opened",
    "wave 12: host slot move=34 guest slot move=53",
    "wave 12 turn 1: progress enemyHp=[268:0/28,546:0/26] playerHp=[493:1865/1865,150:1725/1725]",
    "wave 12: reward shop owner=guest take-nonparty",
    "wave 13 turn 1: replay guest crossed cmd:13:1 through real public COMMAND=opened",
    "wave 13: host slot move=247 guest slot move=85",
    "wave 13 turn 1: progress enemyHp=[548:0/27,273:0/26] playerHp=[493:1865/1865,150:1725/1725]",
    "wave 13: reward shop owner=host leave",
    "wave 14 turn 1: replay guest crossed cmd:14:1 through real public COMMAND=opened",
    "wave 14: host slot move=53 guest slot move=34",
    "wave 14 turn 1: progress enemyHp=[268:0/30,548:0/29] playerHp=[493:1865/1865,150:1725/1725]",
    "wave 14: reward shop owner=guest leave",
    "wave 15 turn 1: replay guest crossed cmd:15:1 through real public COMMAND=opened",
    "wave 15: host slot move=85 guest slot move=247",
    "wave 15 turn 1: guest SWITCH -> party[3]",
    "wave 15 turn 1: progress enemyHp=[548:0/32,546:28/28] playerHp=[493:1865/1865,384:1715/1715]",
    "wave 15 turn 2: replay guest crossed cmd:15:2 through real public COMMAND=opened",
    "wave 15: reward shop owner=host take-nonparty",
    "wave 15: guest chose Crossroads Leave through public UI",
    "wave 15: guest drove World Map via public UI=true and both consumed 1828003842527883:1:BIOME_PICK:9700017",
    "wave 16 turn 1: replay guest crossed cmd:16:1 through real public COMMAND=opened",
    "wave 16: host slot move=34 guest slot move=53",
    "wave 16 turn 1: progress enemyHp=[10306:0/38,546:0/31] playerHp=[493:1865/1865,384:1715/1715]",
    "wave 16: reward shop owner=host take-nonparty",
    "wave 17 turn 1: replay guest crossed cmd:17:1 through real public COMMAND=opened",
    "wave 17: host slot move=247 guest slot move=85",
    "wave 17 turn 1: progress enemyHp=[58:0/36,191:0/36] playerHp=[493:1865/1865,384:1715/1715]",
    "wave 17: reward shop owner=guest take-nonparty",
    "wave 18 turn 1: replay guest crossed cmd:18:1 through real public COMMAND=opened",
    "wave 18 turn 1: host SWITCH -> party[2]",
    "wave 18: host slot move=53 guest slot move=34",
    "wave 18 turn 1: guest SWITCH -> party[3]",
    "wave 18 turn 1: progress enemyHp=[266:37/37,187:32/32] playerHp=[890:2065/2065,150:1725/1725]",
    "wave 18 turn 2: replay guest crossed cmd:18:2 through real public COMMAND=opened",
    "wave 18: reward shop owner=host leave",
    "wave 19 turn 1: replay guest crossed cmd:19:1 through real public COMMAND=opened",
    "wave 19: host slot move=85 guest slot move=247",
    "wave 19 turn 1: progress enemyHp=[546:0/37,285:0/37] playerHp=[890:2065/2065,150:1725/1725]",
    "wave 19: reward shop owner=guest leave",
    "wave 20 turn 1: replay guest crossed cmd:20:1 through real public COMMAND=opened",
    "wave 20: TRAINER (random)",
    "wave 20: host slot move=34 guest slot move=53",
    "wave 20 turn 1: progress enemyHp=[69:0/45,43:0/40] playerHp=[890:2051/2065,150:1725/1725]",
    "wave 20: biome market owner=host leave",
    "wave 20: drained 1 milestone reward continuation(s)",
    "wave 20: guest chose Crossroads Leave through public UI",
    "wave 20: guest drove World Map via public UI=true and both consumed 1828003842527883:1:BIOME_PICK:9700023",
    "wave 21 turn 1: replay guest crossed cmd:21:1 through real public COMMAND=opened",
    "wave 21: BIOME 2->3",
    "wave 21: host slot move=247 guest slot move=85",
    "wave 21 turn 1: progress enemyHp=[46:0/40,753:0/37] playerHp=[890:2065/2065,150:1725/1725]",
    "wave 21: reward shop owner=host take-nonparty",
    "wave 22 turn 1: replay guest crossed cmd:22:1 through real public COMMAND=opened",
    "wave 22: TRAINER (random)",
    "wave 22 turn 1: host SWITCH -> party[2]",
    "wave 22: host slot move=85 guest slot move=34",
    "wave 22 turn 1: progress enemyHp=[778:41/41,665:0/38] playerHp=[493:1865/1865,150:1725/1725]",
    "wave 22 turn 2: replay guest crossed cmd:22:2 through real public COMMAND=opened",
    "wave 22 turn 2: guest SWITCH -> party[3]",
    "wave 22 turn 3: replay guest crossed cmd:22:3 through real public COMMAND=opened",
    "wave 22 turn 3: host SWITCH -> party[2]",
    "wave 22 turn 4: replay guest crossed cmd:22:4 through real public COMMAND=opened",
    "wave 22: reward shop owner=guest take-nonparty",
    "wave 23 turn 1: replay guest crossed cmd:23:1 through real public COMMAND=opened",
    "wave 23: host slot move=85 guest slot move=247",
    "wave 23 turn 1: progress enemyHp=[761:0/42,753:0/41] playerHp=[890:2065/2065,384:1709/1715]",
    "wave 23: reward shop owner=host leave",
    "wave 24 turn 1: replay guest crossed cmd:24:1 through real public COMMAND=opened",
    "wave 24 turn 1: host SWITCH -> party[2]",
    "wave 24: host slot move=34 guest slot move=53",
    "wave 24 turn 1: progress enemyHp=[37:41/41,761:0/42] playerHp=[493:1865/1865,384:1708/1715]",
    "wave 24 turn 2: replay guest crossed cmd:24:2 through real public COMMAND=opened",
    "wave 24: reward shop owner=guest take-nonparty",
    "wave 25 turn 1: replay guest crossed cmd:25:1 through real public COMMAND=opened",
    "wave 25: TRAINER (fixed)",
    "wave 25: host slot move=247 guest slot move=34",
    "wave 25 turn 1: progress enemyHp=[391:0/56,732:0/50] playerHp=[493:1865/1865,384:1707/1715]",
    "wave 25 turn 2: replay guest crossed cmd:25:2 through real public COMMAND=opened",
    "wave 25: reward shop owner=host take-nonparty",
    "wave 25: guest chose Crossroads Leave through public UI",
    "wave 25: guest drove World Map via public UI=true and both consumed 1828003842527883:1:BIOME_PICK:9700029",
    "wave 26 turn 1: replay guest crossed cmd:26:1 through real public COMMAND=opened",
    "wave 26: BIOME 3->5",
    "wave 26: host slot move=53 guest slot move=247",
    "wave 26 turn 1: progress enemyHp=[944:0/41,412:0/46] playerHp=[493:1862/1865,384:1705/1715]",
    "wave 26: reward shop owner=host leave",
    "wave 27 turn 1: replay guest crossed cmd:27:1 through real public COMMAND=opened",
    "wave 27: host slot move=85 guest slot move=247",
    "wave 27 turn 1: guest SWITCH -> party[3]",
    "wave 27 turn 1: progress enemyHp=[918:0/59,415:43/43] playerHp=[493:1862/1865,150:1725/1725]",
    "wave 27 turn 2: replay guest crossed cmd:27:2 through real public COMMAND=opened",
    "wave 27: reward shop owner=guest leave",
    "wave 28 turn 1: replay guest crossed cmd:28:1 through real public COMMAND=opened",
    "wave 28 turn 1: host SWITCH -> party[2]",
    "wave 28: host slot move=85 guest slot move=53",
    "wave 28 turn 1: progress enemyHp=[216:55/55,415:0/43] playerHp=[890:2065/2065,150:1725/1725]",
    "wave 28 turn 2: replay guest crossed cmd:28:2 through real public COMMAND=opened",
    "wave 28 turn 2: guest SWITCH -> party[3]",
    "wave 28: reward shop owner=host take-nonparty",
    "wave 29 turn 1: replay guest crossed cmd:29:1 through real public COMMAND=opened",
    "wave 29: host slot move=34 guest slot move=85",
    "wave 29 turn 1: progress enemyHp=[216:0/52,918:0/62] playerHp=[890:2065/2065,384:1715/1715]",
    "wave 29: reward shop owner=guest leave",
    "wave 30 turn 1: replay guest crossed cmd:30:1 through real public COMMAND=opened",
    "wave 30: host slot move=53 guest slot move=34",
    "wave 30 turn 1: progress enemyHp=[413:0/75,549:0/76] playerHp=[890:2041/2065,384:1715/1715]",
    "wave 30: biome market owner=host leave",
    "wave 30: drained 1 milestone reward continuation(s)",
    "wave 30: guest chose Crossroads Leave through public UI",
    "wave 30: guest drove World Map via public UI=true and both consumed 1828003842527883:1:BIOME_PICK:9700035",
    "wave 31 turn 1: replay guest crossed cmd:31:1 through real public COMMAND=opened",
    "wave 31: BIOME 5->27",
    "wave 31 turn 1: host SWITCH -> party[2]",
    "wave 31: host slot move=34 guest slot move=53",
    "wave 31 turn 1: progress enemyHp=[190:63/63,190:0/60] playerHp=[493:1865/1865,384:1715/1715]",
    "wave 31 turn 2: replay guest crossed cmd:31:2 through real public COMMAND=opened",
    "wave 31: reward shop owner=host take-nonparty",
    "wave 32 turn 1: replay guest crossed cmd:32:1 through real public COMMAND=opened",
    "wave 32 turn 1: host SWITCH -> party[2]",
    "wave 32: host slot move=85 guest slot move=34",
    "wave 32 turn 1: guest SWITCH -> party[3]",
    "wave 32 turn 1: progress enemyHp=[190:63/63,586:74/74] playerHp=[890:2065/2065,150:1725/1725]",
    "wave 32 turn 2: replay guest crossed cmd:32:2 through real public COMMAND=opened",
    "wave 32: reward shop owner=guest leave",
    "wave 33 turn 1: replay guest crossed cmd:33:1 through real public COMMAND=opened",
    "wave 33 turn 1: host SWITCH -> party[2]",
    "wave 33: host slot move=247 guest slot move=85",
    "wave 33 turn 1: progress enemyHp=[778:63/63,420:0/63] playerHp=[493:1865/1865,150:1725/1725]",
    "wave 33 turn 2: replay guest crossed cmd:33:2 through real public COMMAND=opened",
    "wave 33: reward shop owner=host leave",
    "wave 34 turn 1: replay guest crossed cmd:34:1 through real public COMMAND=opened",
    "wave 34: host slot move=34 guest slot move=34",
    "wave 34 turn 1: progress enemyHp=[732:0/67,420:0/60] playerHp=[493:1865/1865,150:1725/1725]",
    "wave 34: reward shop owner=guest leave",
    "wave 35 turn 1: replay guest crossed cmd:35:1 through real public COMMAND=opened",
    "wave 35: TRAINER (fixed)",
    "wave 35 turn 1: host SWITCH -> party[2]",
    "wave 35: host slot move=85 guest slot move=247",
    "wave 35 turn 1: progress enemyHp=[920:75/75,922:0/70] playerHp=[890:2065/2065,150:1725/1725]",
    "wave 35 turn 2: replay guest crossed cmd:35:2 through real public COMMAND=opened",
    "wave 35 turn 2: host SWITCH -> party[2]",
    "wave 35: reward shop owner=host take-nonparty",
    "wave 35: guest chose Crossroads Leave through public UI",
    "wave 35: guest drove World Map via public UI=true and both consumed 1828003842527883:1:BIOME_PICK:9700041",
    "wave 36 turn 1: replay guest crossed cmd:36:1 through real public COMMAND=opened",
    "wave 36: BIOME 27->29",
    "wave 36: host slot move=53 guest slot move=53",
    "wave 36 turn 1: progress enemyHp=[451:0/65,92:0/52] playerHp=[493:1865/1865,150:1294/1725]",
    "wave 36: reward shop owner=host leave",
    "wave 37 turn 1: replay guest crossed cmd:37:1 through real public COMMAND=opened",
    "wave 37 turn 1: host SWITCH -> party[2]",
    "wave 37: host slot move=85 guest slot move=85",
    "wave 37 turn 1: progress enemyHp=[355:47/47,679:0/63] playerHp=[890:2065/2065,150:863/1725]",
    "wave 37 turn 2: replay guest crossed cmd:37:2 through real public COMMAND=opened",
    "wave 37 turn 2: guest SWITCH -> party[3]",
    "wave 37: reward shop owner=guest leave",
    "wave 38 turn 1: replay guest crossed cmd:38:1 through real public COMMAND=opened",
    "wave 38: host slot move=85 guest slot move=247",
    "wave 38 turn 1: progress enemyHp=[999:0/75,679:0/63] playerHp=[890:2065/2065,384:1715/1715]",
    "wave 38: reward shop owner=host leave",
    "wave 38: drained 1 milestone reward continuation(s)",
    "wave 39 turn 1: replay guest crossed cmd:39:1 through real public COMMAND=opened",
    "wave 39: host slot move=85 guest slot move=247",
    "wave 39 turn 1: progress enemyHp=[433:0/65,177:0/62] playerHp=[890:2065/2065,384:1715/1715]",
    "wave 39: reward shop owner=guest leave",
    "wave 40 turn 1: replay guest crossed cmd:40:1 through real public COMMAND=opened",
    "wave 40 turn 1: host SWITCH -> party[2]",
    "wave 40: host slot move=247 guest slot move=53",
    "wave 40 turn 1: progress enemyHp=[563:83/83,358:0/88] playerHp=[493:1865/1865,384:1712/1715]",
    "wave 40 turn 2: replay guest crossed cmd:40:2 through real public COMMAND=opened",
    "wave 40: biome market owner=host leave",
    "wave 40: drained 1 milestone reward continuation(s)",
    "wave 40: guest chose Crossroads Leave through public UI",
    "wave 40: guest drove World Map via public UI=true and both consumed 1828003842527883:1:BIOME_PICK:9700047",
    "wave 41 turn 1: replay guest crossed cmd:41:1 through real public COMMAND=opened",
    "wave 41: BIOME 29->14",
    "wave 41: host slot move=53 guest slot move=247",
    "wave 41 turn 1: guest SWITCH -> party[3]",
    "wave 41 turn 1: progress enemyHp=[843:0/71,946:70/74] playerHp=[493:1749/1865,150:1618/1725]",
    "wave 41 turn 2: replay guest crossed cmd:41:2 through real public COMMAND=opened",
    "wave 41: reward shop owner=host take-nonparty",
    "wave 42 turn 1: replay guest crossed cmd:42:1 through real public COMMAND=opened",
    "wave 42: host slot move=247 guest slot move=53",
    "wave 42 turn 1: guest SWITCH -> party[3]",
    "wave 42 turn 1: progress enemyHp=[451:0/72,946:72/76] playerHp=[493:1517/1865,384:1608/1715]",
    "wave 42 turn 2: replay guest crossed cmd:42:2 through real public COMMAND=opened",
    "wave 42 turn 3: replay guest crossed cmd:42:3 through real public COMMAND=opened",
    "wave 42: reward shop owner=guest leave",
    "wave 43 turn 1: replay guest crossed cmd:43:1 through real public COMMAND=opened",
    "wave 43: host slot move=53 guest slot move=34",
    "wave 43 turn 1: progress enemyHp=[968:0/88,843:0/73] playerHp=[493:1169/1865,384:1287/1715]",
    "wave 43: reward shop owner=host take-nonparty",
    "wave 44 turn 1: replay guest crossed cmd:44:1 through real public COMMAND=opened",
    "wave 44 turn 1: host SWITCH -> party[2]",
    "wave 44: host slot move=247 guest slot move=53",
    "wave 44 turn 1: progress enemyHp=[451:77/77,28:106/106] playerHp=[890:2065/2065,384:1180/1715]",
    "wave 44 turn 2: replay guest crossed cmd:44:2 through real public COMMAND=opened",
    "wave 44 turn 2: host SWITCH -> party[2]",
    "wave 44 turn 3: replay guest crossed cmd:44:3 through real public COMMAND=opened",
    "wave 44 turn 3: guest SWITCH -> party[3]",
    "wave 44: reward shop owner=guest leave",
    "wave 45 turn 1: replay guest crossed cmd:45:1 through real public COMMAND=opened",
    "wave 45: TRAINER (random)",
    "wave 45: host slot move=247 guest slot move=85",
    "wave 45 turn 1: progress enemyHp=[337:1/106,561:0/95] playerHp=[493:1517/1865,150:1506/1725]",
    "wave 45 turn 2: replay guest crossed cmd:45:2 through real public COMMAND=opened",
    "wave 45: reward shop owner=host leave",
    "wave 45: guest chose Crossroads Leave through public UI",
    "wave 45: guest drove World Map via public UI=true and both consumed 1828003842527883:1:BIOME_PICK:9700053",
    "wave 46 turn 1: replay guest crossed cmd:46:1 through real public COMMAND=opened",
    "wave 46: BIOME 14->22",
    "wave 46: host slot move=53 guest slot move=34",
    "wave 46 turn 1: progress enemyHp=[177:0/75,575:0/90] playerHp=[493:1401/1865,150:1394/1725]",
    "wave 46: reward shop owner=host leave",
    "wave 46: drained 1 milestone reward continuation(s)",
    "wave 47 turn 1: replay guest crossed cmd:47:1 through real public COMMAND=opened",
    "wave 47: host slot move=85 guest slot move=247",
    "wave 47 turn 1: progress enemyHp=[177:0/69,202:0/153] playerHp=[493:1401/1865,150:1241/1725]",
    "wave 47: reward shop owner=guest leave",
    "wave 48 turn 1: replay guest crossed cmd:48:1 through real public COMMAND=opened",
    "wave 48: host slot move=34 guest slot move=53",
    "wave 48 turn 1: progress enemyHp=[202:0/173,605:0/93] playerHp=[493:0/1865,150:1241/1725]",
    "wave 48: reward shop owner=host leave",
    "wave 49 turn 1: replay guest crossed cmd:49:1 through real public COMMAND=opened",
    "wave 49 turn 1: host SWITCH -> party[4]",
    "wave 49: host slot move=247 guest slot move=85",
    "wave 49 turn 1: progress enemyHp=[561:100/100,326:0/103] playerHp=[382:1665/1665,150:1241/1725]",
    "wave 49 turn 2: replay guest crossed cmd:49:2 through real public COMMAND=opened",
    "wave 49 turn 2: host SWITCH -> party[2]",
    "wave 49: reward shop owner=guest take-nonparty",
    "wave 50 turn 1: replay guest crossed cmd:50:1 through real public COMMAND=opened",
    "wave 50: TRAINER (random)",
    "wave 50: host slot move=53 guest slot move=34",
    "wave 50 turn 1: progress enemyHp=[124:0/98,122:0/85] playerHp=[493:1865/1865,150:1241/1725]",
    "wave 50 turn 2: replay guest crossed cmd:50:2 through real public COMMAND=opened",
    "wave 50: biome market owner=host leave",
    "wave 50: drained 1 milestone reward continuation(s)",
    "wave 50: guest chose Crossroads Leave through public UI",
    "wave 50: guest drove World Map via public UI=true and both consumed 1828003842527883:1:BIOME_PICK:9700059",
    "wave 51 turn 1: replay guest crossed cmd:51:1 through real public COMMAND=opened",
    "wave 51: BIOME 22->11",
    "wave 51: host slot move=85 guest slot move=247",
    "wave 51 turn 1: progress enemyHp=[67:0/100,304:1/93] playerHp=[493:1865/1865,150:1725/1725]",
    "wave 51 turn 2: replay guest crossed cmd:51:2 through real public COMMAND=opened",
    "wave 51: reward shop owner=host leave",
    "wave 52 turn 1: replay guest crossed cmd:52:1 through real public COMMAND=opened",
    "wave 52: host slot move=53 guest slot move=53",
    "wave 52 turn 1: progress enemyHp=[22:0/103,67:0/108] playerHp=[493:1865/1865,150:1725/1725]",
    "wave 52: reward shop owner=guest take-nonparty",
    "wave 53 turn 1: replay guest crossed cmd:53:1 through real public COMMAND=opened",
    "wave 53: host slot move=53 guest slot move=85",
    "wave 53 turn 1: progress enemyHp=[17:0/102,304:1/86] playerHp=[493:1865/1865,150:1719/1725]",
    "wave 53 turn 2: replay guest crossed cmd:53:2 through real public COMMAND=opened",
    "wave 53: reward shop owner=host take-nonparty",
    "wave 54 turn 1: replay guest crossed cmd:54:1 through real public COMMAND=opened",
    "wave 54: host slot move=53 guest slot move=247",
    "wave 54 turn 1: progress enemyHp=[18:0/119,112:0/136] playerHp=[493:1865/1865,150:1719/1725]",
    "wave 54: reward shop owner=guest take-nonparty",
    "wave 55 turn 1: replay guest crossed cmd:55:1 through real public COMMAND=opened",
    "wave 55: TRAINER (fixed)",
    "wave 55 turn 1: host SWITCH -> party[2]",
    "wave 55: host slot move=85 guest slot move=85",
    "wave 55 turn 1: progress enemyHp=[392:126/126,733:0/120] playerHp=[382:1665/1665,150:1712/1725]",
    "wave 55 turn 2: replay guest crossed cmd:55:2 through real public COMMAND=opened",
    "wave 55 turn 2: guest SWITCH -> party[3]",
    "wave 55 turn 3: replay guest crossed cmd:55:3 through real public COMMAND=opened",
    "wave 55: reward shop owner=host take-nonparty",
    "wave 55: guest chose Crossroads Leave through public UI",
    "wave 55: guest drove World Map via public UI=true and both consumed 1828003842527883:1:BIOME_PICK:9700065",
    "wave 56 turn 1: replay guest crossed cmd:56:1 through real public COMMAND=opened",
    "wave 56: DIGEST mismatch @wave-start class=unexpected fields=[field] -> one-heal resync",
    "wave 56: host slot move=34 guest slot move=53",
    "wave 56 turn 1: progress enemyHp=[962:0/121,521:125/125] playerHp=[382:1665/1665,384:1697/1715]",
    "wave 56 turn 2: replay guest crossed cmd:56:2 through real public COMMAND=opened",
    "wave 56: reward shop owner=host leave",
    "wave 57 turn 1: replay guest crossed cmd:57:1 through real public COMMAND=opened",
    "wave 57: host slot move=85 guest slot move=85",
    "wave 57 turn 1: progress enemyHp=[17:0/107,673:0/157] playerHp=[382:1665/1665,384:1697/1715]",
    "wave 57: reward shop owner=guest take-nonparty",
    "wave 58 turn 1: replay guest crossed cmd:58:1 through real public COMMAND=opened",
    "wave 58: host slot move=34 guest slot move=34",
    "wave 58 turn 1: progress enemyHp=[398:0/127,22:0/106] playerHp=[382:1665/1665,384:1697/1715]",
    "wave 58: reward shop owner=host leave",
    "wave 59 turn 1: replay guest crossed cmd:59:1 through real public COMMAND=opened",
    "wave 59: host slot move=85 guest slot move=34",
    "wave 59 turn 1: progress enemyHp=[525:0/107,75:1/103] playerHp=[382:1665/1665,384:1697/1715]",
    "wave 59 turn 2: replay guest crossed cmd:59:2 through real public COMMAND=opened",
    "wave 59: reward shop owner=guest take-nonparty",
    "wave 60 turn 1: replay guest crossed cmd:60:1 through real public COMMAND=opened",
    "wave 60: host slot move=53 guest slot move=53",
    "wave 60 turn 1: progress enemyHp=[22:0/124,663:0/121] playerHp=[382:1665/1665,384:1685/1715]",
    "wave 60: biome market owner=host leave",
    "wave 60: drained 1 milestone reward continuation(s)",
    "wave 60: guest chose Crossroads Leave through public UI",
    "wave 60: guest drove World Map via public UI=true and both consumed 1828003842527883:1:BIOME_PICK:9700071",
    "wave 61 turn 1: replay guest crossed cmd:61:1 through real public COMMAND=opened",
    "wave 61: BIOME 11->18",
    "wave 61 turn 1: host SWITCH -> party[2]",
    "wave 61: host slot move=85 guest slot move=247",
    "wave 61 turn 1: guest SWITCH -> party[3]",
    "wave 61 turn 1: progress enemyHp=[38:126/126,323:131/131] playerHp=[493:1865/1865,150:1719/1725]",
    "wave 61 turn 2: replay guest crossed cmd:61:2 through real public COMMAND=opened",
    "wave 61: reward shop owner=host take-nonparty",
    "wave 62 turn 1: replay guest crossed cmd:62:1 through real public COMMAND=opened",
    "wave 62: TRAINER (fixed)",
    "wave 62 turn 1: host SWITCH -> party[2]",
    "wave 62: host slot move=34 guest slot move=34",
    "wave 62 turn 1: guest SWITCH -> party[3]",
    "wave 62 turn 1: progress enemyHp=[931:143/143,923:126/126] playerHp=[382:1665/1665,384:1702/1715]",
    "wave 62 turn 2: replay guest crossed cmd:62:2 through real public COMMAND=opened",
    "wave 62 turn 3: replay guest crossed cmd:62:3 through real public COMMAND=opened",
    "wave 62: reward shop owner=guest leave",
    "wave 63 turn 1: replay guest crossed cmd:63:1 through real public COMMAND=opened",
    "wave 63: host slot move=85 guest slot move=247",
    "wave 63 turn 1: progress enemyHp=[758:0/119,758:0/124] playerHp=[382:1665/1665,384:1695/1715]",
    "wave 63: reward shop owner=host leave",
    "wave 63: drained 1 milestone reward continuation(s)",
    "wave 64 turn 1: replay guest crossed cmd:64:1 through real public COMMAND=opened",
    "wave 64: TRAINER (fixed)",
    "wave 64: host slot move=53 guest slot move=53",
    "wave 64 turn 1: progress enemyHp=[980:0/185,475:0/130] playerHp=[382:1665/1665,384:1695/1715]",
    "wave 64 turn 2: replay guest crossed cmd:64:2 through real public COMMAND=opened",
    "wave 64: reward shop owner=guest leave",
    "wave 65 turn 1: replay guest crossed cmd:65:1 through real public COMMAND=opened",
    "wave 65: host slot move=247 guest slot move=85",
    "wave 65 turn 1: progress enemyHp=[758:0/119,776:0/117] playerHp=[382:1665/1665,384:1686/1715]",
    "wave 65: reward shop owner=host leave",
    "wave 65: drained 1 milestone reward continuation(s)",
    "wave 66 turn 1: replay guest crossed cmd:66:1 through real public COMMAND=opened",
    "wave 66: TRAINER (fixed)",
    "wave 66: host slot move=53 guest slot move=34",
    "wave 66 turn 1: progress enemyHp=[184:0/165,36:0/174] playerHp=[382:1665/1665,384:1686/1715]",
    "wave 66 turn 2: replay guest crossed cmd:66:2 through real public COMMAND=opened",
    "wave 66 turn 3: replay guest crossed cmd:66:3 through real public COMMAND=opened",
    "wave 66: reward shop owner=guest take-nonparty",
    "wave 67 turn 1: replay guest crossed cmd:67:1 through real public COMMAND=opened",
    "wave 67: host slot move=247 guest slot move=247",
    "wave 67 turn 1: progress enemyHp=[2051:0/94,2051:0/106] playerHp=[382:1665/1665,384:1686/1715]",
    "wave 67: reward shop owner=host leave",
    "wave 67: drained 1 milestone reward continuation(s)",
    "wave 68 turn 1: replay guest crossed cmd:68:1 through real public COMMAND=opened",
    "wave 68: host slot move=34 guest slot move=34",
    "wave 68 turn 1: progress enemyHp=[758:0/127,323:0/156] playerHp=[382:1665/1665,384:1686/1715]",
    "wave 68: reward shop owner=guest take-nonparty",
    "wave 69 turn 1: replay guest crossed cmd:69:1 through real public COMMAND=opened",
    "wave 69: host slot move=34 guest slot move=85",
    "wave 69 turn 1: progress enemyHp=[2051:0/100,38:0/145] playerHp=[382:1665/1665,384:1676/1715]",
    "wave 69: reward shop owner=host leave",
    "wave 69: drained 1 milestone reward continuation(s)",
    "wave 70 turn 1: replay guest crossed cmd:70:1 through real public COMMAND=opened",
    "wave 70 turn 1: host SWITCH -> party[2]",
    "wave 70: host slot move=247 guest slot move=34",
    "wave 70 turn 1: progress enemyHp=[219:148/148,248:0/162] playerHp=[493:1742/1865,384:1565/1715]",
    "wave 70 turn 2: replay guest crossed cmd:70:2 through real public COMMAND=opened",
    "wave 70: biome market owner=guest leave",
    "wave 70: drained 1 milestone reward continuation(s)",
    "wave 70: host chose Crossroads Leave through public UI",
    "wave 70: host drove World Map via public UI=true and both consumed 1828003842527883:0:BIOME_PICK:9700082",
    "wave 71 turn 1: replay guest crossed cmd:71:1 through real public COMMAND=opened",
    "wave 71: host slot move=34 guest slot move=247",
    "wave 71 turn 1: progress enemyHp=[157:0/153,776:0/138] playerHp=[493:1865/1865,384:1705/1715]",
    "wave 71: reward shop owner=guest leave",
    "wave 71: drained 1 milestone reward continuation(s)",
    "wave 72 turn 1: replay guest crossed cmd:72:1 through real public COMMAND=opened",
    "wave 72: host slot move=34 guest slot move=34",
    "wave 72 turn 1: progress enemyHp=[136:0/160,815:0/158] playerHp=[493:1865/1865,384:1705/1715]",
    "wave 72: reward shop owner=host leave",
    "wave 72: drained 1 milestone reward continuation(s)",
    "wave 73 turn 1: replay guest crossed cmd:73:1 through real public COMMAND=opened",
    "wave 73: TRAINER (random)",
    "wave 73: host slot move=247 guest slot move=85",
    "wave 73 turn 1: progress enemyHp=[357:0/194,10046:0/184] playerHp=[493:1865/1865,384:1705/1715]",
    "wave 73: reward shop owner=guest take-nonparty",
    "wave 74 turn 1: replay guest crossed cmd:74:1 through real public COMMAND=opened",
    "wave 74: host slot move=53 guest slot move=247",
    "wave 74 turn 1: guest SWITCH -> party[3]",
    "wave 74 turn 1: progress enemyHp=[218:0/113,38:159/159] playerHp=[493:1865/1865,150:1725/1725]",
    "wave 74 turn 2: replay guest crossed cmd:74:2 through real public COMMAND=opened",
    "wave 74 turn 2: guest SWITCH -> party[3]",
    "wave 74: reward shop owner=host leave",
    "wave 75 turn 1: replay guest crossed cmd:75:1 through real public COMMAND=opened",
    "wave 75: host slot move=85 guest slot move=85",
    "wave 75 turn 1: progress enemyHp=[218:0/115,78:0/163] playerHp=[493:1865/1865,384:1715/1715]",
    "wave 75: reward shop owner=guest leave",
    "wave 75: host chose Crossroads Leave through public UI",
    "wave 75: host drove World Map via public UI=true and both consumed 1828003842527883:0:BIOME_PICK:9700088",
    "wave 76 turn 1: replay guest crossed cmd:76:1 through real public COMMAND=opened",
    "wave 76: BIOME 18->8",
    "wave 76: host slot move=34 guest slot move=53",
    "wave 76 turn 1: guest SWITCH -> party[3]",
    "wave 76 turn 1: progress enemyHp=[91:1/134,693:171/171] playerHp=[493:1865/1865,150:1719/1725]",
    "wave 76 turn 2: replay guest crossed cmd:76:2 through real public COMMAND=opened",
    "wave 76: reward shop owner=guest take-nonparty",
    "wave 77 turn 1: replay guest crossed cmd:77:1 through real public COMMAND=opened",
    "wave 77: host slot move=247 guest slot move=85",
    "wave 77 turn 1: progress enemyHp=[978:0/146,692:0/154] playerHp=[493:1865/1865,150:1716/1725]",
    "wave 77: reward shop owner=host leave",
    "wave 78 turn 1: replay guest crossed cmd:78:1 through real public COMMAND=opened",
    "wave 78 turn 1: host SWITCH -> party[2]",
    "wave 78: host slot move=53 guest slot move=34",
    "wave 78 turn 1: progress enemyHp=[342:143/143,558:0/145] playerHp=[382:1244/1665,150:1716/1725]",
    "wave 78 turn 2: replay guest crossed cmd:78:2 through real public COMMAND=opened",
    "wave 78: reward shop owner=guest leave",
    "wave 79 turn 1: replay guest crossed cmd:79:1 through real public COMMAND=opened",
    "wave 79: host slot move=85 guest slot move=247",
    "wave 79 turn 1: progress enemyHp=[342:0/146,914:166/166] playerHp=[382:1244/1665,150:1716/1725]",
    "wave 79 turn 2: replay guest crossed cmd:79:2 through real public COMMAND=opened",
    "wave 79: reward shop owner=host take-nonparty",
    "wave 80 turn 1: replay guest crossed cmd:80:1 through real public COMMAND=opened",
    "wave 80: TRAINER (random)",
    "wave 80: host slot move=34 guest slot move=34",
    "wave 80 turn 1: progress enemyHp=[131:0/260,195:0/202] playerHp=[382:1244/1665,150:1716/1725]",
    "wave 80 turn 2: replay guest crossed cmd:80:2 through real public COMMAND=opened",
    "wave 80: biome market owner=guest leave",
    "wave 80: drained 1 milestone reward continuation(s)",
    "wave 80: host chose Crossroads Leave through public UI",
    "wave 80: host drove World Map via public UI=true and both consumed 1828003842527883:0:BIOME_PICK:9700094",
    "wave 81 turn 1: replay guest crossed cmd:81:1 through real public COMMAND=opened",
    "wave 81: BIOME 8->6",
    "wave 81: host slot move=247 guest slot move=85",
    "wave 81 turn 1: progress enemyHp=[72:0/136,687:0/188] playerHp=[382:1665/1665,150:1725/1725]",
    "wave 81: reward shop owner=guest take-nonparty",
    "wave 82 turn 1: replay guest crossed cmd:82:1 through real public COMMAND=opened",
    "wave 82: host slot move=53 guest slot move=34",
    "wave 82 turn 1: progress enemyHp=[687:182/182,941:0/169] playerHp=[382:1665/1665,150:1725/1725]",
    "wave 82 turn 2: replay guest crossed cmd:82:2 through real public COMMAND=opened",
    "wave 82 turn 2: guest SWITCH -> party[3]",
    "wave 82: reward shop owner=host take-nonparty",
    "wave 83 turn 1: replay guest crossed cmd:83:1 through real public COMMAND=opened",
    "wave 83: host slot move=85 guest slot move=247",
    "wave 83 turn 1: progress enemyHp=[117:0/161,186:0/199] playerHp=[382:1665/1665,384:1715/1715]",
    "wave 83: reward shop owner=guest take-nonparty",
    "wave 84 turn 1: replay guest crossed cmd:84:1 through real public COMMAND=opened",
    "wave 84: host slot move=34 guest slot move=53",
    "wave 84 turn 1: progress enemyHp=[687:0/191,457:0/160] playerHp=[382:1665/1665,384:1715/1715]",
    "wave 84: reward shop owner=host leave",
    "wave 85 turn 1: replay guest crossed cmd:85:1 through real public COMMAND=opened",
    "wave 85: host slot move=247 guest slot move=85",
    "wave 85 turn 1: progress enemyHp=[72:0/132,687:0/191] playerHp=[382:1665/1665,384:1715/1715]",
    "wave 85: reward shop owner=guest leave",
    "wave 85: host chose Crossroads Leave through public UI",
    "wave 85: host drove World Map via public UI=true and both consumed 1828003842527883:0:BIOME_PICK:9700100",
    "wave 86 turn 1: replay guest crossed cmd:86:1 through real public COMMAND=opened",
    "wave 86: BIOME 6->10",
    "wave 86: host slot move=53 guest slot move=34",
    "wave 86 turn 1: progress enemyHp=[977:0/272,350:0/209] playerHp=[382:1665/1665,384:1715/1715]",
    "wave 86: reward shop owner=guest leave",
    "wave 86: drained 1 milestone reward continuation(s)",
    "wave 87 turn 1: replay guest crossed cmd:87:1 through real public COMMAND=opened",
    "wave 87: host slot move=85 guest slot move=247",
    "wave 87 turn 1: progress enemyHp=[977:0/290,847:0/159] playerHp=[382:1665/1665,384:1715/1715]",
    "wave 87: reward shop owner=host take-nonparty",
    "wave 88 turn 1: replay guest crossed cmd:88:1 through real public COMMAND=opened",
    "wave 88: host slot move=34 guest slot move=53",
    "wave 88 turn 1: progress enemyHp=[91:1/153,977:0/264] playerHp=[382:1665/1665,384:1711/1715]",
    "wave 88 turn 2: replay guest crossed cmd:88:2 through real public COMMAND=opened",
    "wave 88: reward shop owner=guest leave",
    "wave 89 turn 1: replay guest crossed cmd:89:1 through real public COMMAND=opened",
    "wave 89: host slot move=247 guest slot move=85",
    "wave 89 turn 1: progress enemyHp=[847:0/159,593:0/258] playerHp=[382:1665/1665,384:1711/1715]",
    "wave 89: reward shop owner=host take-nonparty",
    "wave 90 turn 1: replay guest crossed cmd:90:1 through real public COMMAND=opened",
    "wave 90 turn 1: host SWITCH -> party[2]",
    "wave 90: host slot move=53 guest slot move=34",
    "wave 90 turn 1: progress enemyHp=[367:162/185,771:0/221] playerHp=[493:1861/1865,384:1486/1715]",
    "wave 90 turn 2: replay guest crossed cmd:90:2 through real public COMMAND=opened",
    "wave 90 turn 2: host SWITCH -> party[2]",
    "wave 90: biome market owner=guest leave",
    "wave 90: drained 1 milestone reward continuation(s)",
    "wave 90: host chose Crossroads Leave through public UI",
    "wave 90: host drove World Map via public UI=true and both consumed 1828003842527883:0:BIOME_PICK:9700106",
    "wave 91 turn 1: replay guest crossed cmd:91:1 through real public COMMAND=opened",
    "wave 91: BIOME 10->13",
    "wave 91: DIGEST mismatch @wave-start class=unexpected fields=[field] -> one-heal resync",
    "wave 91: host slot move=85 guest slot move=53",
    "wave 91 turn 1: progress enemyHp=[715:0/208,660:0/199] playerHp=[382:1665/1665,384:1715/1715]",
    "wave 91: reward shop owner=guest leave",
    "wave 91: drained 1 milestone reward continuation(s)",
    "wave 92 turn 1: replay guest crossed cmd:92:1 through real public COMMAND=opened",
    "wave 92: host slot move=53 guest slot move=53",
    "wave 92 turn 1: progress enemyHp=[95:43/171,480:0/201] playerHp=[382:1665/1665,384:1715/1715]",
    "wave 92 turn 2: replay guest crossed cmd:92:2 through real public COMMAND=opened",
    "wave 92: reward shop owner=host leave",
    "wave 92: drained 1 milestone reward continuation(s)",
    "wave 93 turn 1: replay guest crossed cmd:93:1 through real public COMMAND=opened",
    "wave 93: host slot move=247 guest slot move=53",
    "wave 93 turn 1: progress enemyHp=[169:0/217,217:0/227] playerHp=[382:1665/1665,384:1715/1715]",
    "wave 93: reward shop owner=guest leave",
    "wave 93: drained 1 milestone reward continuation(s)",
    "wave 94 turn 1: replay guest crossed cmd:94:1 through real public COMMAND=opened",
    "wave 94 turn 1: host SWITCH -> party[2]",
    "wave 94: host slot move=53 guest slot move=34",
    "wave 94 turn 1: progress enemyHp=[526:220/220,169:0/208] playerHp=[493:1865/1865,384:1715/1715]",
    "wave 94 turn 2: replay guest crossed cmd:94:2 through real public COMMAND=opened",
    "wave 94: reward shop owner=host leave",
    "wave 95 turn 1: replay guest crossed cmd:95:1 through real public COMMAND=opened",
    "wave 95: TRAINER (fixed)",
    "wave 95: host slot move=85 guest slot move=34",
    "wave 95 turn 1: progress enemyHp=[392:0/225,733:0/222] playerHp=[493:1865/1865,384:1715/1715]",
    "wave 95 turn 2: replay guest crossed cmd:95:2 through real public COMMAND=opened",
    "wave 95 turn 3: replay guest crossed cmd:95:3 through real public COMMAND=opened",
    "wave 95: reward shop owner=guest leave",
    "wave 95: host chose Crossroads Leave through public UI",
    "wave 95: host drove World Map via public UI=true and both consumed 1828003842527883:0:BIOME_PICK:9700112",
    "wave 96 turn 1: replay guest crossed cmd:96:1 through real public COMMAND=opened",
    "wave 96: BIOME 13->12",
    "wave 96: host slot move=34 guest slot move=247",
    "wave 96 turn 1: progress enemyHp=[208:0/209,208:0/192] playerHp=[493:1517/1865,384:1394/1715]",
    "wave 96: reward shop owner=guest leave",
    "wave 96: drained 1 milestone reward continuation(s)",
    "wave 97 turn 1: replay guest crossed cmd:97:1 through real public COMMAND=opened",
    "wave 97: host slot move=53 guest slot move=247",
    "wave 97 turn 1: progress enemyHp=[207:0/192,750:0/251] playerHp=[493:1401/1865,384:1287/1715]",
    "wave 97: reward shop owner=host take-nonparty",
    "wave 98 turn 1: replay guest crossed cmd:98:1 through real public COMMAND=opened",
    "wave 98: host slot move=53 guest slot move=247",
    "wave 98 turn 1: progress enemyHp=[851:0/254,50:0/112] playerHp=[493:1285/1865,384:1180/1715]",
    "wave 98: reward shop owner=guest take-nonparty",
    "wave 99 turn 1: replay guest crossed cmd:99:1 through real public COMMAND=opened",
    "wave 99: host slot move=85 guest slot move=53",
    "wave 99 turn 1: progress enemyHp=[851:0/238,232:0/246] playerHp=[493:1169/1865,384:1073/1715]",
    "wave 99: reward shop owner=host leave",
    "wave 100 turn 1: replay guest crossed cmd:100:1 through real public COMMAND=opened",
    "wave 100: host slot move=53 guest slot move=53",
    "wave 100 turn 1: progress enemyHp=[472:0/231,952:0/242] playerHp=[493:1169/1865,384:1073/1715]",
    "wave 100: biome market owner=guest leave",
    "wave 100: drained 1 milestone reward continuation(s)",
    "wave 100: host chose Crossroads Leave through public UI",
    "wave 100: host drove World Map via public UI=true and both consumed 1828003842527883:0:BIOME_PICK:9700118",
    "wave 101 turn 1: replay guest crossed cmd:101:1 through real public COMMAND=opened",
    "wave 101: BIOME 12->14",
    "wave 101: host slot move=247 guest slot move=53",
    "wave 101 turn 1: progress enemyHp=[553:0/247,28:0/228] playerHp=[493:1749/1865,384:1608/1715]",
    "wave 101: reward shop owner=guest leave",
    "wave 101: drained 1 milestone reward continuation(s)",
    "wave 102 turn 1: replay guest crossed cmd:102:1 through real public COMMAND=opened",
    "wave 102: host slot move=53 guest slot move=34",
    "wave 102 turn 1: progress enemyHp=[452:0/196,694:0/161] playerHp=[493:1633/1865,384:1501/1715]",
    "wave 102: reward shop owner=host leave",
    "wave 103 turn 1: replay guest crossed cmd:103:1 through real public COMMAND=opened",
    "wave 103: host slot move=34 guest slot move=85",
    "wave 103 turn 1: progress enemyHp=[450:0/266,954:0/231] playerHp=[493:1517/1865,384:1394/1715]",
    "wave 103: reward shop owner=guest leave",
    "wave 104 turn 1: replay guest crossed cmd:104:1 through real public COMMAND=opened",
    "wave 104: host slot move=247 guest slot move=34",
    "wave 104 turn 1: guest SWITCH -> party[3]",
    "wave 104 turn 1: progress enemyHp=[452:0/205,452:210/210] playerHp=[493:1401/1865,150:1582/1725]",
    "wave 104 turn 2: replay guest crossed cmd:104:2 through real public COMMAND=opened",
    "wave 104: reward shop owner=host take-nonparty",
    "wave 105 turn 1: replay guest crossed cmd:105:1 through real public COMMAND=opened",
    "wave 105: host slot move=34 guest slot move=53",
    "wave 105 turn 1: progress enemyHp=[452:0/207,445:0/277] playerHp=[493:1169/1865,150:1368/1725]",
    "wave 105: reward shop owner=guest take-nonparty",
    "wave 105: host chose Crossroads Leave through public UI",
    "wave 105: host drove World Map via public UI=true and both consumed 1828003842527883:0:BIOME_PICK:9700124",
    "wave 106 turn 1: replay guest crossed cmd:106:1 through real public COMMAND=opened",
    "wave 106: BIOME 14->22",
    "wave 106: host slot move=53 guest slot move=34",
    "wave 106 turn 1: progress enemyHp=[567:0/229,344:218/218] playerHp=[493:1169/1865,150:1368/1725]",
    "wave 106 turn 2: replay guest crossed cmd:106:2 through real public COMMAND=opened",
    "wave 106 turn 2: host SWITCH -> party[2]",
    "wave 106: reward shop owner=guest leave",
    "wave 107 turn 1: replay guest crossed cmd:107:1 through real public COMMAND=opened",
    "wave 107: host slot move=85 guest slot move=247",
    "wave 107 turn 1: progress enemyHp=[379:0/245,606:0/231] playerHp=[382:1241/1665,150:1368/1725]",
    "wave 107: reward shop owner=host leave",
    "wave 107: drained 1 milestone reward continuation(s)",
    "wave 108 turn 1: replay guest crossed cmd:108:1 through real public COMMAND=opened",
    "wave 108: host slot move=34 guest slot move=53",
    "wave 108 turn 1: progress enemyHp=[178:0/246,874:0/278] playerHp=[382:1241/1665,150:1368/1725]",
    "wave 108: reward shop owner=guest take-nonparty",
    "wave 109 turn 1: replay guest crossed cmd:109:1 through real public COMMAND=opened",
    "wave 109 turn 1: host SWITCH -> party[2]",
    "wave 109: host slot move=53 guest slot move=85",
    "wave 109 turn 1: progress enemyHp=[178:257/257,97:0/250] playerHp=[493:1865/1865,150:1368/1725]",
    "wave 109 turn 2: replay guest crossed cmd:109:2 through real public COMMAND=opened",
    "wave 109 turn 3: replay guest crossed cmd:109:3 through real public COMMAND=opened",
    "wave 109 turn 4: replay guest crossed cmd:109:4 through real public COMMAND=opened",
    "wave 109 turn 4: host SWITCH -> party[2]",
    "wave 109 turn 5: replay guest crossed cmd:109:5 through real public COMMAND=opened",
    "wave 109 turn 5: guest SWITCH -> party[3]",
    "wave 109 turn 6: replay guest crossed cmd:109:6 through real public COMMAND=opened",
    "wave 109 turn 7: replay guest crossed cmd:109:7 through real public COMMAND=opened",
    "wave 109 turn 7: guest SWITCH -> party[3]",
    "wave 109 turn 8: replay guest crossed cmd:109:8 through real public COMMAND=opened",
    "wave 109 turn 9: replay guest crossed cmd:109:9 through real public COMMAND=opened",
    "wave 109 turn 10: replay guest crossed cmd:109:10 through real public COMMAND=opened",
    "wave 109 turn 10: progress enemyHp=[97:0/250,178:257/257] playerHp=[382:1665/1665,150:1725/1725]",
    "wave 109 turn 11: replay guest crossed cmd:109:11 through real public COMMAND=opened",
    "wave 109 turn 11: host SWITCH -> party[2]",
    "wave 109 turn 12: replay guest crossed cmd:109:12 through real public COMMAND=opened",
    "wave 109 turn 13: replay guest crossed cmd:109:13 through real public COMMAND=opened",
    "wave 109 turn 14: replay guest crossed cmd:109:14 through real public COMMAND=opened",
    "wave 109 turn 15: replay guest crossed cmd:109:15 through real public COMMAND=opened",
    "wave 109 turn 16: replay guest crossed cmd:109:16 through real public COMMAND=opened",
    "wave 109 turn 17: replay guest crossed cmd:109:17 through real public COMMAND=opened",
    "wave 109 turn 18: replay guest crossed cmd:109:18 through real public COMMAND=opened",
    "wave 109 turn 19: replay guest crossed cmd:109:19 through real public COMMAND=opened",
    "wave 109 turn 19: guest SWITCH -> party[3]",
    "wave 109 turn 20: replay guest crossed cmd:109:20 through real public COMMAND=opened",
    "wave 109 turn 20: progress enemyHp=[97:0/250,178:257/257] playerHp=[493:1865/1865,384:1715/1715]",
    "wave 109 turn 21: replay guest crossed cmd:109:21 through real public COMMAND=opened",
    "wave 109 turn 22: replay guest crossed cmd:109:22 through real public COMMAND=opened",
    "wave 109 turn 23: replay guest crossed cmd:109:23 through real public COMMAND=opened",
    "wave 109 turn 24: replay guest crossed cmd:109:24 through real public COMMAND=opened",
    "wave 109 turn 25: replay guest crossed cmd:109:25 through real public COMMAND=opened",
    "wave 109 turn 25: host SWITCH -> party[2]",
    "wave 109 turn 26: replay guest crossed cmd:109:26 through real public COMMAND=opened",
    "wave 109 turn 26: host SWITCH -> party[2]",
    "wave 109: reward shop owner=host take-nonparty",
    "wave 110 turn 1: replay guest crossed cmd:110:1 through real public COMMAND=opened",
    "wave 110: TRAINER (random)",
    "wave 110: host slot move=53 guest slot move=85",
    "wave 110 turn 1: progress enemyHp=[10376:0/299,981:0/340] playerHp=[493:1865/1865,384:1715/1715]",
    "wave 110 turn 2: replay guest crossed cmd:110:2 through real public COMMAND=opened",
    "wave 110 turn 3: replay guest crossed cmd:110:3 through real public COMMAND=opened",
    "wave 110 turn 3: host SWITCH -> party[2]",
    "wave 110: biome market owner=guest leave",
    "wave 110: drained 1 milestone reward continuation(s)",
    "wave 110: host chose Crossroads Leave through public UI",
    "wave 110: host drove World Map via public UI=true and both consumed 1828003842527883:0:BIOME_PICK:9700130",
    "wave 111 turn 1: replay guest crossed cmd:111:1 through real public COMMAND=opened",
    "wave 111: BIOME 22->11",
    "wave 111: host slot move=85 guest slot move=247",
    "wave 111 turn 1: progress enemyHp=[962:0/245,306:0/224] playerHp=[382:1665/1665,384:1715/1715]",
    "wave 111: reward shop owner=guest leave",
    "wave 112 turn 1: replay guest crossed cmd:112:1 through real public COMMAND=opened",
    "wave 112: TRAINER (fixed)",
    "wave 112: host slot move=34 guest slot move=53",
    "wave 112 turn 1: progress enemyHp=[10033:0/323,571:0/238] playerHp=[382:1665/1665,384:1715/1715]",
    "wave 112 turn 2: replay guest crossed cmd:112:2 through real public COMMAND=opened",
    "wave 112 turn 2: guest SWITCH -> party[3]",
    "wave 112 turn 3: replay guest crossed cmd:112:3 through real public COMMAND=opened",
    "wave 112 turn 4: replay guest crossed cmd:112:4 through real public COMMAND=opened",
    "wave 112: reward shop owner=host take-nonparty",
    "wave 113 turn 1: replay guest crossed cmd:113:1 through real public COMMAND=opened",
    "wave 113: host slot move=53 guest slot move=85",
    "wave 113 turn 1: progress enemyHp=[521:274/274,334:0/243] playerHp=[382:1633/1665,150:1510/1725]",
    "wave 113 turn 2: replay guest crossed cmd:113:2 through real public COMMAND=opened",
    "wave 113: reward shop owner=guest take-nonparty",
    "wave 114 turn 1: replay guest crossed cmd:114:1 through real public COMMAND=opened",
    "wave 114: TRAINER (fixed)",
    "wave 114: host slot move=53 guest slot move=34",
    "wave 114 turn 1: guest SWITCH -> party[3]",
    "wave 114 turn 1: progress enemyHp=[766:0/332,286:243/243] playerHp=[382:1633/1665,384:1712/1715]",
    "wave 114 turn 2: replay guest crossed cmd:114:2 through real public COMMAND=opened",
    "wave 114 turn 3: replay guest crossed cmd:114:3 through real public COMMAND=opened",
    "wave 114 turn 4: replay guest crossed cmd:114:4 through real public COMMAND=opened",
    "wave 114: reward shop owner=host take-nonparty",
    "wave 115 turn 1: replay guest crossed cmd:115:1 through real public COMMAND=opened",
    "wave 115: TRAINER (fixed)",
    "wave 115: host slot move=85 guest slot move=247",
    "wave 115 turn 1: progress enemyHp=[196:0/260,197:0/328] playerHp=[382:801/1665,384:1712/1715]",
    "wave 115 turn 2: replay guest crossed cmd:115:2 through real public COMMAND=opened",
    "wave 115 turn 3: replay guest crossed cmd:115:3 through real public COMMAND=opened",
    "wave 115: reward shop owner=guest take-nonparty",
    "wave 115: host chose Crossroads Leave through public UI",
    "wave 115: host drove World Map via public UI=true and both consumed 1828003842527883:0:BIOME_PICK:9700136",
    "wave 116 turn 1: replay guest crossed cmd:116:1 through real public COMMAND=opened",
    "wave 116: BIOME 11->18",
    "wave 116: DIGEST mismatch @wave-start class=unexpected fields=[field] -> one-heal resync",
    "wave 116: host slot move=34 guest slot move=53",
    "wave 116 turn 1: progress enemyHp=[758:0/252,643:0/291] playerHp=[382:780/1665,384:1627/1715]",
    "wave 116: reward shop owner=guest leave",
    "wave 116: drained 1 milestone reward continuation(s)",
    "wave 117 turn 1: replay guest crossed cmd:117:1 through real public COMMAND=opened",
    "wave 117: host slot move=247 guest slot move=85",
    "wave 117 turn 1: progress enemyHp=[776:0/240,324:0/240] playerHp=[382:780/1665,384:1627/1715]",
    "wave 117: reward shop owner=host leave",
    "wave 117: drained 1 milestone reward continuation(s)",
    "wave 118 turn 1: replay guest crossed cmd:118:1 through real public COMMAND=opened",
    "wave 118: host slot move=53 guest slot move=34",
    "wave 118 turn 1: guest SWITCH -> party[3]",
    "wave 118 turn 1: progress enemyHp=[631:0/259,324:251/251] playerHp=[382:767/1665,150:1689/1725]",
    "wave 118 turn 2: replay guest crossed cmd:118:2 through real public COMMAND=opened",
    "wave 118: reward shop owner=guest leave",
    "wave 118: drained 1 milestone reward continuation(s)",
    "wave 119 turn 1: replay guest crossed cmd:119:1 through real public COMMAND=opened",
    "wave 119: host slot move=85 guest slot move=247",
    "wave 119 turn 1: progress enemyHp=[38:0/270,323:0/286] playerHp=[382:767/1665,150:1689/1725]",
    "wave 119: reward shop owner=host leave",
    "wave 120 turn 1: replay guest crossed cmd:120:1 through real public COMMAND=opened",
    "wave 120: host slot move=85 guest slot move=85",
    "wave 120 turn 1: progress enemyHp=[136:0/308,514:0/296] playerHp=[382:767/1665,150:1689/1725]",
    "wave 120: biome market owner=guest leave",
    "wave 120: drained 1 milestone reward continuation(s)",
    "wave 120: host chose Crossroads Leave through public UI",
    "wave 120: host drove World Map via public UI=true and both consumed 1828003842527883:0:BIOME_PICK:9700142",
    "wave 121 turn 1: replay guest crossed cmd:121:1 through real public COMMAND=opened",
    "wave 121: BIOME 18->8",
    "wave 121: host slot move=53 guest slot move=85",
    "wave 121 turn 1: progress enemyHp=[769:0/236,693:0/313] playerHp=[382:1665/1665,150:1713/1725]",
    "wave 121: reward shop owner=guest take-nonparty",
    "wave 122 turn 1: replay guest crossed cmd:122:1 through real public COMMAND=opened",
    "wave 122: host slot move=53 guest slot move=34",
    "wave 122 turn 1: progress enemyHp=[341:0/209,413:240/240] playerHp=[382:1665/1665,150:1713/1725]",
    "wave 122 turn 2: replay guest crossed cmd:122:2 through real public COMMAND=opened",
    "wave 122: reward shop owner=host take-nonparty",
    "wave 123 turn 1: replay guest crossed cmd:123:1 through real public COMMAND=opened",
    "wave 123: host slot move=85 guest slot move=247",
    "wave 123 turn 1: progress enemyHp=[689:0/257,99:0/274] playerHp=[382:1665/1665,150:1713/1725]",
    "wave 123: reward shop owner=guest leave",
    "wave 124 turn 1: replay guest crossed cmd:124:1 through real public COMMAND=opened",
    "wave 124: host slot move=34 guest slot move=53",
    "wave 124 turn 1: progress enemyHp=[341:0/218,91:1/222] playerHp=[382:1665/1665,150:1706/1725]",
    "wave 124 turn 2: replay guest crossed cmd:124:2 through real public COMMAND=opened",
    "wave 124: reward shop owner=host take-nonparty",
    "wave 125 turn 1: replay guest crossed cmd:125:1 through real public COMMAND=opened",
    "wave 125 turn 1: host SWITCH -> party[2]",
    "wave 125: host slot move=247 guest slot move=53",
    "wave 125 turn 1: progress enemyHp=[341:205/205,769:0/246] playerHp=[493:1865/1865,150:1706/1725]",
    "wave 125 turn 2: replay guest crossed cmd:125:2 through real public COMMAND=opened",
    "wave 125: reward shop owner=guest leave",
    "wave 125: host chose Crossroads Leave through public UI",
    "wave 125: host drove World Map via public UI=true and both consumed 1828003842527883:0:BIOME_PICK:9700148",
    "wave 126 turn 1: replay guest crossed cmd:126:1 through real public COMMAND=opened",
    "wave 126: BIOME 8->6",
    "wave 126: host slot move=53 guest slot move=34",
    "wave 126 turn 1: progress enemyHp=[687:0/297,418:0/226] playerHp=[493:1865/1865,150:1706/1725]",
    "wave 126: reward shop owner=guest leave",
    "wave 127 turn 1: replay guest crossed cmd:127:1 through real public COMMAND=opened",
    "wave 127: host slot move=85 guest slot move=247",
    "wave 127 turn 1: progress enemyHp=[418:0/258,456:0/222] playerHp=[493:1865/1865,150:1706/1725]",
    "wave 127: reward shop owner=host take-nonparty",
    "wave 128 turn 1: replay guest crossed cmd:128:1 through real public COMMAND=opened",
    "wave 128: host slot move=34 guest slot move=53",
    "wave 128 turn 1: progress enemyHp=[230:0/268,118:0/222] playerHp=[493:1865/1865,150:1706/1725]",
    "wave 128: reward shop owner=guest take-nonparty",
    "wave 129 turn 1: replay guest crossed cmd:129:1 through real public COMMAND=opened",
    "wave 129: host slot move=247 guest slot move=85",
    "wave 129 turn 1: progress enemyHp=[321:0/461,456:0/229] playerHp=[493:1865/1865,150:1706/1725]",
    "wave 129: reward shop owner=host take-nonparty",
    "wave 130 turn 1: replay guest crossed cmd:130:1 through real public COMMAND=opened",
    "wave 130: host slot move=53 guest slot move=53",
    "wave 130 turn 1: progress enemyHp=[457:0/287,941:0/337] playerHp=[493:1865/1865,150:1706/1725]",
    "wave 130: biome market owner=guest leave",
    "wave 130: drained 1 milestone reward continuation(s)",
    "wave 130: host chose Crossroads Leave through public UI",
    "wave 130: host drove World Map via public UI=true and both consumed 1828003842527883:0:BIOME_PICK:9700154",
    "wave 131 turn 1: replay guest crossed cmd:131:1 through real public COMMAND=opened",
    "wave 131: BIOME 6->10",
    "wave 131: DIGEST mismatch @wave-start class=unexpected fields=[field] -> one-heal resync",
    "wave 131: host slot move=85 guest slot move=247",
    "wave 131 turn 1: guest SWITCH -> party[3]",
    "wave 131 turn 1: progress enemyHp=[367:66/261,368:291/291] playerHp=[493:1865/1865,384:1674/1715]",
    "wave 131 turn 2: replay guest crossed cmd:131:2 through real public COMMAND=opened",
    "wave 131: reward shop owner=guest leave",
    "wave 131: drained 1 milestone reward continuation(s)",
    "wave 132 turn 1: replay guest crossed cmd:132:1 through real public COMMAND=opened",
    "wave 132: host slot move=34 guest slot move=34",
    "wave 132 turn 1: progress enemyHp=[847:0/252,171:0/379] playerHp=[493:1865/1865,384:1674/1715]",
    "wave 132: reward shop owner=host leave",
    "wave 133 turn 1: replay guest crossed cmd:133:1 through real public COMMAND=opened",
    "wave 133: host slot move=53 guest slot move=85",
    "wave 133 turn 1: progress enemyHp=[593:130/381,847:0/280] playerHp=[493:1865/1865,384:1674/1715]",
    "wave 133 turn 2: replay guest crossed cmd:133:2 through real public COMMAND=opened",
    "wave 133: reward shop owner=guest take-nonparty",
    "wave 134 turn 1: replay guest crossed cmd:134:1 through real public COMMAND=opened",
    "wave 134: host slot move=53 guest slot move=34",
    "wave 134 turn 1: progress enemyHp=[368:0/268,367:1/270] playerHp=[493:1865/1865,384:1674/1715]",
    "wave 134 turn 2: replay guest crossed cmd:134:2 through real public COMMAND=opened",
    "wave 134: reward shop owner=host leave",
    "wave 135 turn 1: replay guest crossed cmd:135:1 through real public COMMAND=opened",
    "wave 135: host slot move=85 guest slot move=247",
    "wave 135 turn 1: progress enemyHp=[977:0/475,604:0/344] playerHp=[493:1865/1865,384:1674/1715]",
    "wave 135: reward shop owner=guest leave",
    "wave 135: drained 1 milestone reward continuation(s)",
    "wave 135: host chose Crossroads Leave through public UI",
    "wave 135: host drove World Map via public UI=true and both consumed 1828003842527883:0:BIOME_PICK:9700160",
    "wave 136 turn 1: replay guest crossed cmd:136:1 through real public COMMAND=opened",
    "wave 136: BIOME 10->13",
    "wave 136: host slot move=34 guest slot move=85",
    "wave 136 turn 1: progress enemyHp=[660:0/326,47:0/318] playerHp=[493:1865/1865,384:1674/1715]",
    "wave 136: reward shop owner=guest take-nonparty",
    "wave 137 turn 1: replay guest crossed cmd:137:1 through real public COMMAND=opened",
    "wave 137: TRAINER (random)",
    "wave 137: host slot move=53 guest slot move=247",
    "wave 137 turn 1: progress enemyHp=[750:0/407,323:0/383] playerHp=[493:1865/1865,384:1674/1715]",
    "wave 137: reward shop owner=host take-nonparty",
    "wave 138 turn 1: replay guest crossed cmd:138:1 through real public COMMAND=opened",
    "wave 138: host slot move=53 guest slot move=34",
    "wave 138 turn 1: progress enemyHp=[295:0/424,660:0/344] playerHp=[493:1865/1865,384:1674/1715]",
    "wave 138: reward shop owner=guest leave",
    "wave 139 turn 1: replay guest crossed cmd:139:1 through real public COMMAND=opened",
    "wave 139: host slot move=85 guest slot move=85",
    "wave 139 turn 1: progress enemyHp=[934:0/380,295:0/416] playerHp=[493:1865/1865,384:1674/1715]",
    "wave 139: reward shop owner=host leave",
    "wave 139: drained 1 milestone reward continuation(s)",
    "wave 140 turn 1: replay guest crossed cmd:140:1 through real public COMMAND=opened",
    "wave 140: TRAINER (random)",
    "wave 140: host slot move=34 guest slot move=53",
    "wave 140 turn 1: progress enemyHp=[10369:0/328,10744:0/531] playerHp=[493:1865/1865,384:1674/1715]",
    "wave 140 turn 2: replay guest crossed cmd:140:2 through real public COMMAND=opened",
    "wave 140 turn 2: guest SWITCH -> party[3]",
    "wave 140 turn 3: replay guest crossed cmd:140:3 through real public COMMAND=opened",
    "wave 140 turn 4: replay guest crossed cmd:140:4 through real public COMMAND=opened",
    "wave 140 turn 5: replay guest crossed cmd:140:5 through real public COMMAND=opened",
    "wave 140 turn 5: host SWITCH -> party[2]",
    "wave 140: biome market owner=guest leave",
    "wave 140: drained 1 milestone reward continuation(s)",
    "wave 140: host chose Crossroads Leave through public UI",
    "wave 140: host drove World Map via public UI=true and both consumed 1828003842527883:0:BIOME_PICK:9700166",
    "wave 141 turn 1: replay guest crossed cmd:141:1 through real public COMMAND=opened",
    "wave 141: BIOME 13->12",
    "wave 141 turn 1: host SWITCH -> party[2]",
    "wave 141: host slot move=247 guest slot move=247",
    "wave 141 turn 1: progress enemyHp=[464:407/407,76:1/333] playerHp=[493:1731/1865,150:1618/1725]",
    "wave 141 turn 2: replay guest crossed cmd:141:2 through real public COMMAND=opened",
    "wave 141: reward shop owner=guest leave",
    "wave 142 turn 1: replay guest crossed cmd:142:1 through real public COMMAND=opened",
    "wave 142: host slot move=247 guest slot move=34",
    "wave 142 turn 1: progress enemyHp=[750:0/397,851:0/397] playerHp=[493:1499/1865,150:1404/1725]",
    "wave 142: reward shop owner=host leave",
    "wave 142: drained 1 milestone reward continuation(s)",
    "wave 143 turn 1: replay guest crossed cmd:143:1 through real public COMMAND=opened",
    "wave 143: host slot move=53 guest slot move=53",
    "wave 143 turn 1: progress enemyHp=[323:0/348,232:0/373] playerHp=[493:1383/1865,150:1297/1725]",
    "wave 143: reward shop owner=guest leave",
    "wave 144 turn 1: replay guest crossed cmd:144:1 through real public COMMAND=opened",
    "wave 144: host slot move=34 guest slot move=53",
    "wave 144 turn 1: progress enemyHp=[952:0/307,952:0/291] playerHp=[493:1267/1865,150:1190/1725]",
    "wave 144: reward shop owner=host leave",
    "wave 144: drained 1 milestone reward continuation(s)",
    "wave 145 turn 1: replay guest crossed cmd:145:1 through real public COMMAND=opened",
    "wave 145: TRAINER (fixed)",
    "wave 145: host slot move=247 guest slot move=85",
    "wave 145 turn 1: progress enemyHp=[392:0/375,733:0/379] playerHp=[493:1151/1865,150:1083/1725]",
    "wave 145 turn 2: replay guest crossed cmd:145:2 through real public COMMAND=opened",
    "wave 145 turn 3: replay guest crossed cmd:145:3 through real public COMMAND=opened",
    "wave 145: reward shop owner=guest leave",
    "wave 145: drained 1 milestone reward continuation(s)",
    "wave 145: host chose Crossroads Leave through public UI",
    "wave 145: host drove World Map via public UI=true and both consumed 1828003842527883:0:BIOME_PICK:9700172",
    "wave 146 turn 1: replay guest crossed cmd:146:1 through real public COMMAND=opened",
    "wave 146: BIOME 12->14",
    "wave 146: host slot move=53 guest slot move=247",
    "wave 146 turn 1: progress enemyHp=[947:0/331,452:0/313] playerHp=[493:1035/1865,150:976/1725]",
    "wave 146: reward shop owner=guest leave",
    "wave 147 turn 1: replay guest crossed cmd:147:1 through real public COMMAND=opened",
    "wave 147: host slot move=53 guest slot move=34",
    "wave 147 turn 1: progress enemyHp=[452:0/343,844:0/323] playerHp=[493:919/1865,150:869/1725]",
    "wave 147: reward shop owner=host take-nonparty",
    "wave 148 turn 1: replay guest crossed cmd:148:1 through real public COMMAND=opened",
    "wave 148: host slot move=247 guest slot move=247",
    "wave 148 turn 1: progress enemyHp=[452:0/348,452:0/327] playerHp=[493:776/1865,150:762/1725]",
    "wave 148: reward shop owner=guest leave",
    "wave 149 turn 1: replay guest crossed cmd:149:1 through real public COMMAND=opened",
    "wave 149: host slot move=85 guest slot move=34",
    "wave 149 turn 1: progress enemyHp=[947:0/302,85:0/392] playerHp=[493:660/1865,150:655/1725]",
    "wave 149: reward shop owner=host leave",
    "wave 149: drained 1 milestone reward continuation(s)",
    "wave 150 turn 1: replay guest crossed cmd:150:1 through real public COMMAND=opened",
    "wave 150: host slot move=34 guest slot move=34",
    "wave 150 turn 1: guest SWITCH -> party[3]",
    "wave 150 turn 1: progress enemyHp=[695:0/387,348:423/423] playerHp=[493:544/1865,384:1425/1715]",
    "wave 150 turn 2: replay guest crossed cmd:150:2 through real public COMMAND=opened",
    "wave 150: biome market owner=guest leave",
    "wave 150: drained 1 milestone reward continuation(s)",
    "wave 150: host drove World Map via public UI=true and both consumed 1828003842527883:0:BIOME_PICK:9700178",
    "wave 151 turn 1: replay guest crossed cmd:151:1 through real public COMMAND=opened",
    "wave 151: BIOME 14->22",
    "wave 151: host slot move=85 guest slot move=247",
    "wave 151 turn 1: progress enemyHp=[561:0/331,178:0/361] playerHp=[493:1865/1865,384:1715/1715]",
    "wave 151: reward shop owner=guest leave",
    "wave 151: drained 1 milestone reward continuation(s)",
    "wave 152 turn 1: replay guest crossed cmd:152:1 through real public COMMAND=opened",
    "wave 152: host slot move=247 guest slot move=53",
    "wave 152 turn 1: guest SWITCH -> party[3]",
    "wave 152 turn 1: progress enemyHp=[97:0/382,178:398/398] playerHp=[493:1865/1865,150:1725/1725]",
    "wave 152 turn 2: replay guest crossed cmd:152:2 through real public COMMAND=opened",
    "wave 152 turn 2: guest SWITCH -> party[3]",
    "wave 152: reward shop owner=host take-nonparty",
    "wave 153 turn 1: replay guest crossed cmd:153:1 through real public COMMAND=opened",
    "wave 153: host slot move=247 guest slot move=85",
    "wave 153 turn 1: progress enemyHp=[97:0/408,606:0/366] playerHp=[493:1399/1865,384:1287/1715]",
    "wave 153: reward shop owner=guest leave",
    "wave 154 turn 1: replay guest crossed cmd:154:1 through real public COMMAND=opened",
    "wave 154: host slot move=85 guest slot move=53",
    "wave 154 turn 1: progress enemyHp=[567:358/358,201:0/306] playerHp=[493:1399/1865,384:1287/1715]",
    "wave 154 turn 2: replay guest crossed cmd:154:2 through real public COMMAND=opened",
    "wave 154 turn 3: replay guest crossed cmd:154:3 through real public COMMAND=opened",
    "wave 154 turn 3: guest SWITCH -> party[3]",
    "wave 154 turn 4: replay guest crossed cmd:154:4 through real public COMMAND=opened",
    "wave 154 turn 5: replay guest crossed cmd:154:5 through real public COMMAND=opened",
    "wave 154 turn 5: guest SWITCH -> party[3]",
    "wave 154 turn 6: replay guest crossed cmd:154:6 through real public COMMAND=opened",
    "wave 154 turn 7: replay guest crossed cmd:154:7 through real public COMMAND=opened",
    "wave 154 turn 8: replay guest crossed cmd:154:8 through real public COMMAND=opened",
    "wave 154 turn 9: replay guest crossed cmd:154:9 through real public COMMAND=opened",
    "wave 154 turn 9: host SWITCH -> party[2]",
    "wave 154 turn 10: replay guest crossed cmd:154:10 through real public COMMAND=opened",
    "wave 154 turn 10: progress enemyHp=[201:0/306,567:358/358] playerHp=[382:1665/1665,384:1715/1715]",
    "wave 154 turn 11: replay guest crossed cmd:154:11 through real public COMMAND=opened",
    "wave 154 turn 12: replay guest crossed cmd:154:12 through real public COMMAND=opened",
    "wave 154 turn 12: guest SWITCH -> party[3]",
    "wave 154 turn 13: replay guest crossed cmd:154:13 through real public COMMAND=opened",
    "wave 154 turn 14: replay guest crossed cmd:154:14 through real public COMMAND=opened",
    "wave 154 turn 15: replay guest crossed cmd:154:15 through real public COMMAND=opened",
    "wave 154 turn 16: replay guest crossed cmd:154:16 through real public COMMAND=opened",
    "wave 154 turn 17: replay guest crossed cmd:154:17 through real public COMMAND=opened",
    "wave 154 turn 17: host SWITCH -> party[2]",
    "wave 154 turn 18: replay guest crossed cmd:154:18 through real public COMMAND=opened",
    "wave 154 turn 19: replay guest crossed cmd:154:19 through real public COMMAND=opened",
    "wave 154 turn 20: replay guest crossed cmd:154:20 through real public COMMAND=opened",
    "wave 154 turn 20: guest SWITCH -> party[3]",
    "wave 154 turn 20: progress enemyHp=[201:0/306,567:358/358] playerHp=[493:1865/1865,384:1715/1715]",
    "wave 154 turn 21: replay guest crossed cmd:154:21 through real public COMMAND=opened",
    "wave 154 turn 22: replay guest crossed cmd:154:22 through real public COMMAND=opened",
    "wave 154 turn 23: replay guest crossed cmd:154:23 through real public COMMAND=opened",
    "wave 154 turn 24: replay guest crossed cmd:154:24 through real public COMMAND=opened",
    "wave 154 turn 25: replay guest crossed cmd:154:25 through real public COMMAND=opened",
    "wave 154 turn 25: host SWITCH -> party[2]",
    "wave 154 turn 26: replay guest crossed cmd:154:26 through real public COMMAND=opened",
    "wave 154: reward shop owner=host take-nonparty",
    "wave 155 turn 1: replay guest crossed cmd:155:1 through real public COMMAND=opened",
    "wave 155: host slot move=85 guest slot move=247",
    "wave 155 turn 1: progress enemyHp=[576:0/394,178:0/378] playerHp=[382:1665/1665,384:1715/1715]",
    "wave 155: reward shop owner=guest leave",
    "wave 156 turn 1: replay guest crossed cmd:156:1 through real public COMMAND=opened",
    "wave 156: host slot move=34 guest slot move=53",
    "wave 156 turn 1: progress enemyHp=[606:0/361,606:0/347] playerHp=[382:1249/1665,384:1287/1715]",
    "wave 156: reward shop owner=host leave",
    "wave 157 turn 1: replay guest crossed cmd:157:1 through real public COMMAND=opened",
    "wave 157 turn 1: host SWITCH -> party[2]",
    "wave 157: host slot move=247 guest slot move=85",
    "wave 157 turn 1: progress enemyHp=[65:299/299,97:0/420] playerHp=[493:1865/1865,384:1287/1715]",
    "wave 157 turn 2: replay guest crossed cmd:157:2 through real public COMMAND=opened",
    "wave 157 turn 2: host SWITCH -> party[2]",
    "wave 157: reward shop owner=guest leave",
    "wave 158 turn 1: replay guest crossed cmd:158:1 through real public COMMAND=opened",
    "wave 158: host slot move=247 guest slot move=53",
    "wave 158 turn 1: progress enemyHp=[344:0/340,201:0/323] playerHp=[382:1665/1665,384:1287/1715]",
    "wave 158: reward shop owner=host leave",
    "wave 159 turn 1: replay guest crossed cmd:159:1 through real public COMMAND=opened",
    "wave 159: host slot move=85 guest slot move=247",
    "wave 159 turn 1: progress enemyHp=[561:0/342,122:0/288] playerHp=[382:1665/1665,384:1287/1715]",
    "wave 159: reward shop owner=guest take-nonparty",
    "wave 160 turn 1: replay guest crossed cmd:160:1 through real public COMMAND=opened",
    "wave 160: host slot move=34 guest slot move=53",
    "wave 160 turn 1: progress enemyHp=[202:0/730,326:197/394] playerHp=[382:935/1665,384:1211/1715]",
    "wave 160 turn 2: replay guest crossed cmd:160:2 through real public COMMAND=opened",
    "wave 160: biome market owner=host leave",
    "wave 160: drained 1 milestone reward continuation(s)",
    "wave 160: guest drove World Map via public UI=true and both consumed 1828003842527883:1:BIOME_PICK:9700189",
    "wave 161 turn 1: replay guest crossed cmd:161:1 through real public COMMAND=opened",
    "wave 161: BIOME 22->11",
    "wave 161: host slot move=247 guest slot move=53",
    "wave 161 turn 1: guest SWITCH -> party[3]",
    "wave 161 turn 1: progress enemyHp=[464:0/468,21:299/299] playerHp=[382:1665/1665,150:1649/1725]",
    "wave 161 turn 2: replay guest crossed cmd:161:2 through real public COMMAND=opened",
    "wave 161: reward shop owner=host take-nonparty",
    "wave 162 turn 1: replay guest crossed cmd:162:1 through real public COMMAND=opened",
    "wave 162: host slot move=53 guest slot move=53",
    "wave 162 turn 1: guest SWITCH -> party[3]",
    "wave 162 turn 1: progress enemyHp=[178:0/390,21:288/288] playerHp=[382:1665/1665,384:1715/1715]",
    "wave 162 turn 2: replay guest crossed cmd:162:2 through real public COMMAND=opened",
    "wave 162: reward shop owner=guest take-nonparty",
    "wave 163 turn 1: replay guest crossed cmd:163:1 through real public COMMAND=opened",
    "wave 163: host slot move=85 guest slot move=247",
    "wave 163 turn 1: progress enemyHp=[218:0/277,306:0/365] playerHp=[382:1665/1665,384:1715/1715]",
    "wave 163: reward shop owner=host take-nonparty",
    "wave 164 turn 1: replay guest crossed cmd:164:1 through real public COMMAND=opened",
    "wave 164: TRAINER (fixed)",
    "wave 164: host slot move=34 guest slot move=53",
    "wave 164 turn 1: progress enemyHp=[663:0/482,323:5/473] playerHp=[382:1665/1665,384:1620/1715]",
    "wave 164 turn 2: replay guest crossed cmd:164:2 through real public COMMAND=opened",
    "wave 164 turn 3: replay guest crossed cmd:164:3 through real public COMMAND=opened",
    "wave 164 turn 4: replay guest crossed cmd:164:4 through real public COMMAND=opened",
    "wave 164 turn 5: replay guest crossed cmd:164:5 through real public COMMAND=opened",
    "wave 164: reward shop owner=guest take-nonparty",
    "wave 165 turn 1: replay guest crossed cmd:165:1 through real public COMMAND=opened",
    "wave 165: TRAINER (fixed)",
    "wave 165: host slot move=247 guest slot move=247",
    "wave 165 turn 1: progress enemyHp=[700:0/501,479:0/371] playerHp=[382:1665/1665,384:1583/1715]",
    "wave 165 turn 2: replay guest crossed cmd:165:2 through real public COMMAND=opened",
    "wave 165 turn 3: replay guest crossed cmd:165:3 through real public COMMAND=opened",
    "wave 165 turn 3: guest SWITCH -> party[3]",
    "wave 165 turn 4: replay guest crossed cmd:165:4 through real public COMMAND=opened",
    "wave 165: reward shop owner=host leave",
    "wave 165: drained 1 milestone reward continuation(s)",
    "wave 166 turn 1: replay guest crossed cmd:166:1 through real public COMMAND=opened",
    "wave 166: host slot move=34 guest slot move=53",
    "wave 166 turn 1: progress enemyHp=[464:0/490,18:0/407] playerHp=[382:1595/1665,150:1725/1725]",
    "wave 166: reward shop owner=guest leave",
    "wave 167 turn 1: replay guest crossed cmd:167:1 through real public COMMAND=opened",
    "wave 167 turn 1: host SWITCH -> party[2]",
    "wave 167: host slot move=85 guest slot move=85",
    "wave 167 turn 1: progress enemyHp=[306:383/383,18:0/413] playerHp=[493:1865/1865,150:1725/1725]",
    "wave 167 turn 2: replay guest crossed cmd:167:2 through real public COMMAND=opened",
    "wave 167: reward shop owner=host take-nonparty",
    "wave 168 turn 1: replay guest crossed cmd:168:1 through real public COMMAND=opened",
    "wave 168: host slot move=53 guest slot move=53",
    "wave 168 turn 1: progress enemyHp=[21:0/294,464:0/540] playerHp=[493:1865/1865,150:1725/1725]",
    "wave 168: reward shop owner=guest leave",
    "wave 169 turn 1: replay guest crossed cmd:169:1 through real public COMMAND=opened",
    "wave 169 turn 1: host SWITCH -> party[2]",
    "wave 169: host slot move=247 guest slot move=85",
    "wave 169 turn 1: progress enemyHp=[227:0/389,526:428/428] playerHp=[382:1665/1665,150:1725/1725]",
    "wave 169 turn 2: replay guest crossed cmd:169:2 through real public COMMAND=opened",
    "wave 169 turn 2: host SWITCH -> party[2]",
    "wave 169 turn 3: replay guest crossed cmd:169:3 through real public COMMAND=opened",
    "wave 169: reward shop owner=host take-nonparty",
    "wave 170 turn 1: replay guest crossed cmd:170:1 through real public COMMAND=opened",
    "wave 170: TRAINER (random)",
    "wave 170 turn 1: host SWITCH -> party[2]",
    "wave 170: host slot move=53 guest slot move=34",
    "wave 170 turn 1: progress enemyHp=[845:470/470,10281:0/479] playerHp=[382:1643/1665,150:1544/1725]",
    "wave 170 turn 2: replay guest crossed cmd:170:2 through real public COMMAND=opened",
    "wave 170 turn 2: guest SWITCH -> party[3]",
    "wave 170 turn 3: replay guest crossed cmd:170:3 through real public COMMAND=opened",
    "wave 170 turn 4: replay guest crossed cmd:170:4 through real public COMMAND=opened",
    "wave 170: biome market owner=guest leave",
    "wave 170: drained 1 milestone reward continuation(s)"
  ]
}