===== COOP SOAK RESULT =====
profile: god-c
verdict: FAIL
waves_requested: 200
run_mode: calibrated-release
calibration_id: god-200
target_sha: dfbba16b7bfc6a6c675cc8c5c688f3140a6db6dd
checked_out_sha: dfbba16b7bfc6a6c675cc8c5c688f3140a6db6dd
base_seed: 20260727
campaign_seed: 20470486
run: 30271751644 (workflow source dfbba16b7bfc6a6c675cc8c5c688f3140a6db6dd)
timestamp: 2026-07-27T14-00-28Z

----- driver lines -----
[22m[39m[coop-soak] SEED=20470486 WAVES=200 - replay this run with:  SOAK_SEED=20470486 SOAK_WAVES=200 ER_SCENARIO=1 npx vitest run test/tests/elite-redux/coop/coop-soak.test.ts
[22m[39m[coop-soak] PRE-HEAL unexpected wave=56 where=wave-start fields=[field] :: field:host=[{"bi":0,"partyIndex":0,"speciesId":382,"hp":1665,"maxHp":1665,"status":0,"statStages":[0,0,0,0,0,0,0],"fainted":false,"abilityId":33,"formIndex":0,"isTerastallized":false,"teraType":10,"bossSegments":0,"bossSegmentIndex":0,"moves":[[34,0],[247,0],[53,0],[85,0]],"tags":[],"transformSpeciesId":0,"transformFormIndex":0},{"bi":1,"partyIndex":1,"speciesId":384,"hp":1697,"maxHp":1715,"status":0,"statStages":[0,0,0,0,0,0,0],"fainted":false,"abilityId":5144,"formIndex":0,"isTerastallized":false,"teraType":15,"bossSegments":0,"bossSegmentIndex":0,"moves":[[34,0],[247,0],[53,0],[85,0]],"tags":[],"transformSpeciesId":0,"transformFormIndex":0},{"bi":2,"partyIndex":0,"speciesId":962,"hp":121,"maxHp":121,"status":0,"statStages":[-1,0,-1,0,0,0,0],"fainted":false,"abilityId":145,"formIndex":0,"isTerastallized":false,"teraType":2,"bossSegments":0,"bossSegmentIndex":0,"moves":[[332,0],[788,0],[143,0],[350,0]],"tags":[],"transformSpeciesId":0,"transformFormIndex":0},{"bi":3,"partyIndex":1,"speciesId":521,"hp":125,"maxHp":125,"status":0,"statStages":[-1,0,-1,0,0,0,0],"fainted":false,"abilityId":145,"formIndex":0,"isTerastallized":false,"teraType":0,"bossSegments":0,"bossSegmentIndex":0,"moves":[[31,0],[197,0],[381,0],[314,0]],"tags":[],"transformSpeciesId":0,"transformFormIndex":0}]/guest=[{"bi":0,"partyIndex":0,"speciesId":382,"hp":1665,"maxHp":1665,"status":0,"statStages":[0,0,0,0,0,0,0],"fainted":false,"abilityId":33,"formIndex":0,"isTerastallized":false,"teraType":10,"bossSegments":0,"bossSegmentIndex":0,"moves":[[34,0],[247,0],[53,0],[85,0]],"tags":[],"transformSpeciesId":0,"transformFormIndex":0},{"bi":1,"partyIndex":1,"speciesId":384,"hp":1697,"maxHp":1715,"status":0,"statStages":[0,0,0,0,0,0,0],"fainted":false,"abilityId":5144,"formIndex":0,"isTerastallized":false,"teraType":15,"bossSegments":0,"bossSegmentIndex":0,"moves":[[34,0],[247,0],[53,0],[85,0]],"tags":[],"transformSpeciesId":0,"transformFormIndex":0},{"bi":2,"partyIndex":0,"speciesId":962,"hp":115,"maxHp":115,"status":0,"statStages":[-1,0,-1,0,0,0,0],"fainted":false,"abilityId":145,"formIndex":0,"isTerastallized":false,"teraType":2,"bossSegments":0,"bossSegmentIndex":0,"moves":[[332,0],[788,0],[143,0],[350,0]],"tags":[],"transformSpeciesId":0,"transformFormIndex":0},{"bi":3,"partyIndex":1,"speciesId":521,"hp":125,"maxHp":125,"status":0,"statStages":[-1,0,-1,0,0,0,0],"fainted":false,"abilityId":145,"formIndex":0,"isTerastallized":false,"teraType":0,"bossSegments":0,"bossSegmentIndex":0,"moves":[[31,0],[197,0],[381,0],[314,0]],"tags":[],"transformSpeciesId":0,"transformFormIndex":0}]
[22m[39m[coop-soak] PRE-HEAL unexpected wave=91 where=wave-start fields=[field] :: field:host=[{"bi":0,"partyIndex":0,"speciesId":382,"hp":1665,"maxHp":1665,"status":0,"statStages":[0,0,0,0,0,0,0],"fainted":false,"abilityId":33,"formIndex":0,"isTerastallized":false,"teraType":10,"bossSegments":0,"bossSegmentIndex":0,"moves":[[34,0],[247,0],[53,0],[85,0]],"tags":[],"transformSpeciesId":0,"transformFormIndex":0},{"bi":1,"partyIndex":1,"speciesId":384,"hp":1715,"maxHp":1715,"status":0,"statStages":[0,0,0,0,0,0,0],"fainted":false,"abilityId":5144,"formIndex":0,"isTerastallized":false,"teraType":15,"bossSegments":0,"bossSegmentIndex":0,"moves":[[34,0],[247,0],[53,0],[85,0]],"tags":[],"transformSpeciesId":0,"transformFormIndex":0},{"bi":2,"partyIndex":0,"speciesId":715,"hp":208,"maxHp":208,"status":0,"statStages":[-1,0,-1,0,0,0,0],"fainted":false,"abilityId":5646,"formIndex":0,"isTerastallized":false,"teraType":15,"bossSegments":2,"bossSegmentIndex":1,"moves":[[434,0],[143,0],[314,0],[349,0]],"tags":[],"transformSpeciesId":0,"transformFormIndex":0},{"bi":3,"partyIndex":1,"speciesId":660,"hp":209,"maxHp":209,"status":0,"statStages":[-1,0,-1,0,0,0,0],"fainted":false,"abilityId":125,"formIndex":0,"isTerastallized":false,"teraType":4,"bossSegments":1,"bossSegmentIndex":0,"moves":[[38,0],[5,0],[5017,0],[838,0]],"tags":[],"transformSpeciesId":0,"transformFormIndex":0}]/guest=[{"bi":0,"partyIndex":0,"speciesId":382,"hp":1665,"maxHp":1665,"status":0,"statStages":[0,0,0,0,0,0,0],"fainted":false,"abilityId":33,"formIndex":0,"isTerastallized":false,"teraType":10,"bossSegments":0,"bossSegmentIndex":0,"moves":[[34,0],[247,0],[53,0],[85,0]],"tags":[],"transformSpeciesId":0,"transformFormIndex":0},{"bi":1,"partyIndex":1,"speciesId":384,"hp":1715,"maxHp":1715,"status":0,"statStages":[0,0,0,0,0,0,0],"fainted":false,"abilityId":5144,"formIndex":0,"isTerastallized":false,"teraType":15,"bossSegments":0,"bossSegmentIndex":0,"moves":[[34,0],[247,0],[53,0],[85,0]],"tags":[],"transformSpeciesId":0,"transformFormIndex":0},{"bi":2,"partyIndex":0,"speciesId":715,"hp":208,"maxHp":208,"status":0,"statStages":[-1,0,-1,0,0,0,0],"fainted":false,"abilityId":5646,"formIndex":0,"isTerastallized":false,"teraType":15,"bossSegments":2,"bossSegmentIndex":1,"moves":[[434,0],[143,0],[314,0],[349,0]],"tags":[],"transformSpeciesId":0,"transformFormIndex":0},{"bi":3,"partyIndex":1,"speciesId":660,"hp":199,"maxHp":199,"status":0,"statStages":[-1,0,-1,0,0,0,0],"fainted":false,"abilityId":125,"formIndex":0,"isTerastallized":false,"teraType":4,"bossSegments":1,"bossSegmentIndex":0,"moves":[[38,0],[5,0],[5017,0],[838,0]],"tags":[],"transformSpeciesId":0,"transformFormIndex":0}]
[22m[39m[coop-soak] PRE-HEAL unexpected wave=116 where=wave-start fields=[field] :: field:host=[{"bi":0,"partyIndex":0,"speciesId":382,"hp":780,"maxHp":1665,"status":0,"statStages":[0,0,0,0,0,0,0],"fainted":false,"abilityId":33,"formIndex":0,"isTerastallized":false,"teraType":10,"bossSegments":0,"bossSegmentIndex":0,"moves":[[34,0],[247,0],[53,0],[85,0]],"tags":[],"transformSpeciesId":0,"transformFormIndex":0},{"bi":1,"partyIndex":1,"speciesId":384,"hp":1627,"maxHp":1715,"status":0,"statStages":[0,0,0,0,0,0,0],"fainted":false,"abilityId":5144,"formIndex":0,"isTerastallized":false,"teraType":15,"bossSegments":0,"bossSegmentIndex":0,"moves":[[34,0],[247,0],[53,0],[85,0]],"tags":[],"transformSpeciesId":0,"transformFormIndex":0},{"bi":2,"partyIndex":0,"speciesId":758,"hp":252,"maxHp":252,"status":0,"statStages":[-1,0,3,0,0,0,0],"fainted":false,"abilityId":172,"formIndex":0,"isTerastallized":false,"teraType":9,"bossSegments":1,"bossSegmentIndex":0,"moves":[[474,0],[349,0],[371,0],[289,0]],"tags":[],"transformSpeciesId":0,"transformFormIndex":0},{"bi":3,"partyIndex":1,"speciesId":643,"hp":308,"maxHp":308,"status":0,"statStages":[0,0,0,0,0,0,0],"fainted":false,"abilityId":263,"formIndex":0,"isTerastallized":false,"teraType":15,"bossSegments":2,"bossSegmentIndex":1,"moves":[[510,0],[558,0],[424,0],[871,0]],"tags":[],"transformSpeciesId":0,"transformFormIndex":0}]/guest=[{"bi":0,"partyIndex":0,"speciesId":382,"hp":780,"maxHp":1665,"status":0,"statStages":[0,0,0,0,0,0,0],"fainted":false,"abilityId":33,"formIndex":0,"isTerastallized":false,"teraType":10,"bossSegments":0,"bossSegmentIndex":0,"moves":[[34,0],[247,0],[53,0],[85,0]],"tags":[],"transformSpeciesId":0,"transformFormIndex":0},{"bi":1,"partyIndex":1,"speciesId":384,"hp":1627,"maxHp":1715,"status":0,"statStages":[0,0,0,0,0,0,0],"fainted":false,"abilityId":5144,"formIndex":0,"isTerastallized":false,"teraType":15,"bossSegments":0,"bossSegmentIndex":0,"moves":[[34,0],[247,0],[53,0],[85,0]],"tags":[],"transformSpeciesId":0,"transformFormIndex":0},{"bi":2,"partyIndex":0,"speciesId":758,"hp":252,"maxHp":252,"status":0,"statStages":[-1,0,3,0,0,0,0],"fainted":false,"abilityId":172,"formIndex":0,"isTerastallized":false,"teraType":9,"bossSegments":1,"bossSegmentIndex":0,"moves":[[474,0],[349,0],[371,0],[289,0]],"tags":[],"transformSpeciesId":0,"transformFormIndex":0},{"bi":3,"partyIndex":1,"speciesId":643,"hp":291,"maxHp":291,"status":0,"statStages":[0,0,0,0,0,0,0],"fainted":false,"abilityId":263,"formIndex":0,"isTerastallized":false,"teraType":15,"bossSegments":2,"bossSegmentIndex":1,"moves":[[510,0],[558,0],[424,0],[871,0]],"tags":[],"transformSpeciesId":0,"transformFormIndex":0}]
[22m[39m[coop-soak] PRE-HEAL unexpected wave=131 where=wave-start fields=[field] :: field:host=[{"bi":0,"partyIndex":0,"speciesId":493,"hp":1865,"maxHp":1865,"status":0,"statStages":[0,0,0,0,0,0,0],"fainted":false,"abilityId":121,"formIndex":0,"isTerastallized":false,"teraType":0,"bossSegments":0,"bossSegmentIndex":0,"moves":[[34,0],[247,0],[53,0],[85,0]],"tags":[],"transformSpeciesId":0,"transformFormIndex":0},{"bi":1,"partyIndex":1,"speciesId":150,"hp":1725,"maxHp":1725,"status":0,"statStages":[0,0,0,0,0,0,0],"fainted":false,"abilityId":5025,"formIndex":0,"isTerastallized":false,"teraType":13,"bossSegments":0,"bossSegmentIndex":0,"moves":[[34,0],[247,0],[53,0],[85,0]],"tags":[],"transformSpeciesId":0,"transformFormIndex":0},{"bi":2,"partyIndex":0,"speciesId":367,"hp":261,"maxHp":261,"status":0,"statStages":[0,0,0,0,0,0,0],"fainted":false,"abilityId":33,"formIndex":0,"isTerastallized":false,"teraType":10,"bossSegments":2,"bossSegmentIndex":1,"moves":[[5000,0],[226,0],[5002,0],[293,0]],"tags":[],"transformSpeciesId":0,"transformFormIndex":0},{"bi":3,"partyIndex":1,"speciesId":368,"hp":291,"maxHp":291,"status":0,"statStages":[0,0,0,0,0,0,0],"fainted":false,"abilityId":136,"formIndex":0,"isTerastallized":false,"teraType":10,"bossSegments":2,"bossSegmentIndex":1,"moves":[[886,0],[293,0],[5143,0],[226,0]],"tags":[],"transformSpeciesId":0,"transformFormIndex":0}]/guest=[{"bi":0,"partyIndex":0,"speciesId":493,"hp":1865,"maxHp":1865,"status":0,"statStages":[0,0,0,0,0,0,0],"fainted":false,"abilityId":121,"formIndex":0,"isTerastallized":false,"teraType":0,"bossSegments":0,"bossSegmentIndex":0,"moves":[[34,0],[247,0],[53,0],[85,0]],"tags":[],"transformSpeciesId":0,"transformFormIndex":0},{"bi":1,"partyIndex":1,"speciesId":150,"hp":1725,"maxHp":1725,"status":0,"statStages":[0,0,0,0,0,0,0],"fainted":false,"abilityId":5025,"formIndex":0,"isTerastallized":false,"teraType":13,"bossSegments":0,"bossSegmentIndex":0,"moves":[[34,0],[247,0],[53,0],[85,0]],"tags":[],"transformSpeciesId":0,"transformFormIndex":0},{"bi":2,"partyIndex":0,"speciesId":367,"hp":251,"maxHp":251,"status":0,"statStages":[0,0,0,0,0,0,0],"fainted":false,"abilityId":33,"formIndex":0,"isTerastallized":false,"teraType":10,"bossSegments":2,"bossSegmentIndex":1,"moves":[[5000,0],[226,0],[5002,0],[293,0]],"tags":[],"transformSpeciesId":0,"transformFormIndex":0},{"bi":3,"partyIndex":1,"speciesId":368,"hp":278,"maxHp":278,"status":0,"statStages":[0,0,0,0,0,0,0],"fainted":false,"abilityId":136,"formIndex":0,"isTerastallized":false,"teraType":10,"bossSegments":2,"bossSegmentIndex":1,"moves":[[886,0],[293,0],[5143,0],[226,0]],"tags":[],"transformSpeciesId":0,"transformFormIndex":0}]
[31m[1mSoakInvariantError[22m: [coop-soak] NO-PARK invariant breached at wave 171 (seed 20470486): wave crossing threw (strand/stall): [coop-soak] NO-PARK invariant breached at wave 170 (seed 20470486): World Map did not leave on both clients (host=PartyHealPhase guest=SelectBiomePhase). Artifact + both logs: /home/runner/work/elite-redux/elite-redux/dev-logs/coop-soak/2026-07-27T14-00-04-673Z__seed-20470486__wave-170. Replay: SOAK_SEED=20470486. Artifact + both logs: /home/runner/work/elite-redux/elite-redux/dev-logs/coop-soak/2026-07-27T14-00-04-696Z__seed-20470486__wave-171. Replay: SOAK_SEED=20470486[39m

----- vitest result tail -----
[coop:session] coopAuthoritativeGuestPredicate CLEARED (-> solo/host/lockstep reads false)
[coop:session] coopAuthoritativeGuestPredicate INSTALLED
[coop:launch] clearCoopRuntime role=host netcode=authoritative gen->6
[coop:stream] streamer DISPOSE: cancel pending(turns=0 enemyParty=0 meBattle=0 stateSync=0) + null-out all handlers
[coop:relay] dispose() (no in-flight waiters)
[coop:pump] end session { seq: -1, termSeq: -1, wasOwner: false }
[coop:transport] state host disconnected -> closed
[coop:turn] host recorder: CLEAR (null-out) live emitter (was=false)
[coop:session] coopAuthoritativeGuestPredicate CLEARED (-> solo/host/lockstep reads false)

[90mstdout[2m | test/tests/elite-redux/coop/coop-soak.test.ts[2m:297:3[22m[2m[2m > [22m[2mNIGHTLY co-op SOAK: seeded randomized two-engine run (#841)[2m > [22m[2mretained wave boundary keeps one X Attack exact on both clients through natural expiry without recovery
[22m[39m[2m> [22m[30m[48;2;193;98;222m Test finished! [49m[39m
    Name: [38;2;0;136;134mNIGHTLY co-op SOAK: seeded randomized two-engine run (#841) > retained wave boundary keeps one X Attack exact on both clients through natural expiry without recovery[39m
    Result: [32m[1m✓ Passed[22m[39m [2min[22m [33m23065[39m[2mms[22m
    File: [38;2;210;155;14melite-redux/test/tests/elite-redux/coop/coop-soak.test.ts:297:3[39m

[33m[39m[32m·[39m

[31m⎯⎯⎯⎯⎯⎯⎯[39m[1m[41m Failed Tests 1 [49m[22m[31m⎯⎯⎯⎯⎯⎯⎯[39m

[41m[1m FAIL [22m[49m [30m[45m main [49m[39m test/tests/elite-redux/coop/coop-soak.test.ts[2m:165:3[22m[2m > [22mNIGHTLY co-op SOAK: seeded randomized two-engine run (#841)[2m > [22mplays a seeded randomized co-op run asserting DIGEST/LOCKSTEP/NO-PARK/TEARDOWN each wave
[31m[1mSoakInvariantError[22m: [coop-soak] NO-PARK invariant breached at wave 171 (seed 20470486): wave crossing threw (strand/stall): [coop-soak] NO-PARK invariant breached at wave 170 (seed 20470486): World Map did not leave on both clients (host=PartyHealPhase guest=SelectBiomePhase). Artifact + both logs: /home/runner/work/elite-redux/elite-redux/dev-logs/coop-soak/2026-07-27T14-00-04-673Z__seed-20470486__wave-170. Replay: SOAK_SEED=20470486. Artifact + both logs: /home/runner/work/elite-redux/elite-redux/dev-logs/coop-soak/2026-07-27T14-00-04-696Z__seed-20470486__wave-171. Replay: SOAK_SEED=20470486[39m
[36m [2m❯[22m fail test/tools/coop-soak-driver.ts:[2m1700:11[22m[39m
    [90m1698|[39m       phaseState: phaseStateDump(rig),
    [90m1699|[39m     });
    [90m1700|[39m     throw new SoakInvariantError(invariant, seed, wave, detail, dir);
    [90m   |[39m           [31m^[39m
    [90m1701|[39m   };
    [90m1702|[39m
[90m [2m❯[22m runCoopSoak test/tools/coop-soak-driver.ts:[2m5043:11[22m[39m
[90m [2m❯[22m test/tests/elite-redux/coop/coop-soak.test.ts:[2m184:22[22m[39m

[31m[2m⎯⎯⎯⎯⎯⎯⎯⎯⎯⎯⎯⎯⎯⎯⎯⎯⎯⎯⎯⎯⎯⎯⎯⎯[1/1]⎯[22m[39m


[2m Test Files [22m [1m[31m1 failed[39m[22m[90m (1)[39m
[2m      Tests [22m [1m[31m1 failed[39m[22m[2m | [22m[1m[32m1 passed[39m[22m[90m (2)[39m
[2m   Start at [22m 13:46:19
[2m   Duration [22m 848.47s[2m (transform 16.84s, setup 20.12s, import 274ms, tests 827.50s, environment 465ms)[22m

