{
  "invariant": "no-park",
  "seed": 20365456,
  "wave": 62,
  "detail": "wave driving threw (strand/stall): client phase drive to guest command 62:2 HANG on TitlePhase; queued=[], ui=TITLE",
  "replay": "SOAK_SEED=20365456",
  "phaseState": {
    "hostPhase": "CommandPhase",
    "guestPhase": "TitlePhase",
    "hostInteractionCounter": 73,
    "guestInteractionCounter": 73,
    "hostWave": 62,
    "hostBattleType": 1,
    "hostPlayerField": [
      {
        "id": 2391279060,
        "battlerIndex": -1,
        "speciesId": 890,
        "speciesName": "Eternatus",
        "hp": 2065,
        "maxHp": 2065,
        "fainted": false,
        "status": 0,
        "statStages": [
          0,
          0,
          0,
          0,
          -1,
          0,
          0
        ],
        "moves": [
          {
            "id": 34,
            "ppUsed": 0
          },
          {
            "id": 247,
            "ppUsed": 1
          },
          {
            "id": 53,
            "ppUsed": 0
          },
          {
            "id": 85,
            "ppUsed": 0
          }
        ],
        "coopOwner": "host"
      },
      {
        "id": 438732693,
        "battlerIndex": -1,
        "speciesId": 150,
        "speciesName": "Mewtwo",
        "hp": 1710,
        "maxHp": 1725,
        "fainted": false,
        "status": 0,
        "statStages": [
          0,
          0,
          0,
          0,
          -1,
          0,
          0
        ],
        "moves": [
          {
            "id": 34,
            "ppUsed": 0
          },
          {
            "id": 247,
            "ppUsed": 0
          },
          {
            "id": 53,
            "ppUsed": 0
          },
          {
            "id": 85,
            "ppUsed": 0
          }
        ],
        "coopOwner": "guest"
      }
    ],
    "hostEnemyField": [
      {
        "id": 1327552418,
        "battlerIndex": -1,
        "speciesId": 591,
        "speciesName": "Amoonguss",
        "hp": 164,
        "maxHp": 164,
        "fainted": false,
        "status": 0,
        "statStages": [
          0,
          0,
          0,
          0,
          -1,
          0,
          0
        ],
        "moves": [
          {
            "id": 440,
            "ppUsed": 0
          },
          {
            "id": 388,
            "ppUsed": 0
          },
          {
            "id": 202,
            "ppUsed": 0
          },
          {
            "id": 259,
            "ppUsed": 0
          }
        ]
      },
      {
        "id": 1915891020,
        "battlerIndex": -1,
        "speciesId": 569,
        "speciesName": "Garbodor",
        "hp": 68,
        "maxHp": 135,
        "fainted": false,
        "status": 0,
        "statStages": [
          -1,
          0,
          -1,
          0,
          -1,
          0,
          0
        ],
        "moves": [
          {
            "id": 482,
            "ppUsed": 1
          },
          {
            "id": 430,
            "ppUsed": 0
          },
          {
            "id": 390,
            "ppUsed": 0
          },
          {
            "id": 254,
            "ppUsed": 0
          }
        ]
      }
    ],
    "guestPlayerField": [],
    "guestEnemyField": []
  },
  "actionScript": [
    "SKIP mysteryEncounterDisabledV1",
    "content seed=coop-soak-20365456 preseeded=false",
    "wave 1 turn 1: replay guest crossed cmd:1:1 through real public COMMAND=opened",
    "wave 1: host slot move=53 guest slot move=53",
    "wave 1 turn 1: progress enemyHp=[16:0/14,263:0/14] playerHp=[890:2065/2065,384:1715/1715]",
    "wave 1: reward shop owner=host leave",
    "wave 2 turn 1: replay guest crossed cmd:2:1 through real public COMMAND=opened",
    "wave 2: host slot move=34 guest slot move=53",
    "wave 2 turn 1: progress enemyHp=[543:0/15,261:0/14] playerHp=[890:2065/2065,384:1715/1715]",
    "wave 2: reward shop owner=guest leave",
    "wave 3 turn 1: replay guest crossed cmd:3:1 through real public COMMAND=opened",
    "wave 3: host slot move=247 guest slot move=85",
    "wave 3 turn 1: progress enemyHp=[926:0/16,173:0/16] playerHp=[890:2065/2065,384:1715/1715]",
    "wave 3: reward shop owner=host take-nonparty",
    "wave 4 turn 1: replay guest crossed cmd:4:1 through real public COMMAND=opened",
    "wave 4: host slot move=85 guest slot move=34",
    "wave 4 turn 1: progress enemyHp=[21:18/18,167:0/18] playerHp=[890:2065/2065,384:1715/1715]",
    "wave 4 turn 2: replay guest crossed cmd:4:2 through real public COMMAND=opened",
    "wave 4: reward shop owner=guest leave",
    "wave 5 turn 1: replay guest crossed cmd:5:1 through real public COMMAND=opened",
    "wave 5: TRAINER (fixed)",
    "wave 5: host slot move=53 guest slot move=85",
    "wave 5 turn 1: progress enemyHp=[19:0/17,10:0/18] playerHp=[890:2065/2065,384:1712/1715]",
    "wave 5: reward shop owner=host leave",
    "wave 5: guest chose Crossroads Leave through public UI",
    "wave 5: guest drove World Map via public UI=true and both consumed 1828012875301526:1:BIOME_PICK:9700005",
    "wave 6 turn 1: replay guest crossed cmd:6:1 through real public COMMAND=opened",
    "wave 6: BIOME 0->1",
    "wave 6: host slot move=34 guest slot move=34",
    "wave 6 turn 1: progress enemyHp=[10194:0/18,16:0/20] playerHp=[890:2065/2065,384:1712/1715]",
    "wave 6: reward shop owner=host take-nonparty",
    "wave 7 turn 1: replay guest crossed cmd:7:1 through real public COMMAND=opened",
    "wave 7: host slot move=34 guest slot move=53",
    "wave 7 turn 1: progress enemyHp=[263:0/20,915:0/21] playerHp=[890:2065/2065,384:1712/1715]",
    "wave 7: reward shop owner=guest leave",
    "wave 8 turn 1: replay guest crossed cmd:8:1 through real public COMMAND=opened",
    "wave 8: TRAINER (fixed)",
    "wave 8 turn 1: host SWITCH -> party[2]",
    "wave 8: host slot move=53 guest slot move=53",
    "wave 8 turn 1: progress enemyHp=[728:26/26,16:0/22] playerHp=[493:1865/1865,384:1710/1715]",
    "wave 8 turn 2: replay guest crossed cmd:8:2 through real public COMMAND=opened",
    "wave 8: reward shop owner=host take-nonparty",
    "wave 9 turn 1: replay guest crossed cmd:9:1 through real public COMMAND=opened",
    "wave 9: host slot move=53 guest slot move=247",
    "wave 9 turn 1: progress enemyHp=[915:0/26,41:0/24] playerHp=[493:1865/1865,384:1710/1715]",
    "wave 9: reward shop owner=guest leave",
    "wave 10 turn 1: replay guest crossed cmd:10:1 through real public COMMAND=opened",
    "wave 10: host slot move=85 guest slot move=53",
    "wave 10 turn 1: progress enemyHp=[427:0/26,399:0/31] playerHp=[493:1865/1865,384:1710/1715]",
    "wave 10: biome market owner=host leave",
    "wave 10: drained 1 milestone reward continuation(s)",
    "wave 10: guest chose Crossroads Leave through public UI",
    "wave 10: guest drove World Map via public UI=true and both consumed 1828012875301526:1:BIOME_PICK:9700011",
    "wave 11 turn 1: replay guest crossed cmd:11:1 through real public COMMAND=opened",
    "wave 11: BIOME 1->2",
    "wave 11: host slot move=247 guest slot move=85",
    "wave 11 turn 1: progress enemyHp=[1:0/28,285:0/27] playerHp=[493:1865/1865,384:1715/1715]",
    "wave 11: reward shop owner=host leave",
    "wave 12 turn 1: replay guest crossed cmd:12:1 through real public COMMAND=opened",
    "wave 12: host slot move=53 guest slot move=34",
    "wave 12 turn 1: progress enemyHp=[10307:0/30,543:0/23] playerHp=[493:1865/1865,384:1715/1715]",
    "wave 12: reward shop owner=guest leave",
    "wave 13 turn 1: replay guest crossed cmd:13:1 through real public COMMAND=opened",
    "wave 13: host slot move=85 guest slot move=247",
    "wave 13 turn 1: progress enemyHp=[543:0/25,268:0/30] playerHp=[493:1865/1865,384:1715/1715]",
    "wave 13: reward shop owner=host leave",
    "wave 14 turn 1: replay guest crossed cmd:14:1 through real public COMMAND=opened",
    "wave 14: host slot move=34 guest slot move=53",
    "wave 14 turn 1: progress enemyHp=[714:0/30,303:0/34] playerHp=[493:1865/1865,384:1715/1715]",
    "wave 14: reward shop owner=guest take-nonparty",
    "wave 15 turn 1: replay guest crossed cmd:15:1 through real public COMMAND=opened",
    "wave 15: host slot move=247 guest slot move=85",
    "wave 15 turn 1: progress enemyHp=[548:0/29,546:0/31] playerHp=[493:1865/1865,384:1715/1715]",
    "wave 15: reward shop owner=host leave",
    "wave 15: guest chose Crossroads Leave through public UI",
    "wave 15: guest drove World Map via public UI=true and both consumed 1828012875301526:1:BIOME_PICK:9700017",
    "wave 16 turn 1: replay guest crossed cmd:16:1 through real public COMMAND=opened",
    "wave 16: BIOME 2->3",
    "wave 16 turn 1: host SWITCH -> party[2]",
    "wave 16: host slot move=53 guest slot move=34",
    "wave 16 turn 1: progress enemyHp=[401:28/28,46:0/29] playerHp=[890:2065/2065,384:1713/1715]",
    "wave 16 turn 2: replay guest crossed cmd:16:2 through real public COMMAND=opened",
    "wave 16: reward shop owner=host leave",
    "wave 17 turn 1: replay guest crossed cmd:17:1 through real public COMMAND=opened",
    "wave 17: host slot move=85 guest slot move=247",
    "wave 17 turn 1: progress enemyHp=[665:0/34,753:0/33] playerHp=[890:2065/2065,384:1713/1715]",
    "wave 17: reward shop owner=guest leave",
    "wave 18 turn 1: replay guest crossed cmd:18:1 through real public COMMAND=opened",
    "wave 18: host slot move=34 guest slot move=53",
    "wave 18 turn 1: progress enemyHp=[167:0/33,753:0/35] playerHp=[890:2065/2065,384:1713/1715]",
    "wave 18: reward shop owner=host leave",
    "wave 19 turn 1: replay guest crossed cmd:19:1 through real public COMMAND=opened",
    "wave 19: host slot move=247 guest slot move=34",
    "wave 19 turn 1: progress enemyHp=[46:0/36,20:0/38] playerHp=[890:2065/2065,384:1713/1715]",
    "wave 19: reward shop owner=guest take-nonparty",
    "wave 20 turn 1: replay guest crossed cmd:20:1 through real public COMMAND=opened",
    "wave 20: host slot move=34 guest slot move=34",
    "wave 20 turn 1: progress enemyHp=[290:0/37,624:0/40] playerHp=[890:2065/2065,384:1713/1715]",
    "wave 20: biome market owner=host leave",
    "wave 20: drained 1 milestone reward continuation(s)",
    "wave 20: guest chose Crossroads Leave through public UI",
    "wave 20: guest drove World Map via public UI=true and both consumed 1828012875301526:1:BIOME_PICK:9700023",
    "wave 21 turn 1: replay guest crossed cmd:21:1 through real public COMMAND=opened",
    "wave 21: BIOME 3->5",
    "wave 21: host slot move=85 guest slot move=247",
    "wave 21 turn 1: progress enemyHp=[511:0/37,919:37/37] playerHp=[890:2065/2065,384:1715/1715]",
    "wave 21 turn 2: replay guest crossed cmd:21:2 through real public COMMAND=opened",
    "wave 21: reward shop owner=host leave",
    "wave 22 turn 1: replay guest crossed cmd:22:1 through real public COMMAND=opened",
    "wave 22: host slot move=85 guest slot move=53",
    "wave 22 turn 1: progress enemyHp=[585:0/45,12:0/49] playerHp=[890:2065/2065,384:1715/1715]",
    "wave 22: reward shop owner=guest take-nonparty",
    "wave 23 turn 1: replay guest crossed cmd:23:1 through real public COMMAND=opened",
    "wave 23: host slot move=85 guest slot move=85",
    "wave 23 turn 1: guest SWITCH -> party[3]",
    "wave 23 turn 1: progress enemyHp=[585:0/42,10229:46/46] playerHp=[890:2065/2065,150:1725/1725]",
    "wave 23 turn 2: replay guest crossed cmd:23:2 through real public COMMAND=opened",
    "wave 23: reward shop owner=host take-nonparty",
    "wave 24 turn 1: replay guest crossed cmd:24:1 through real public COMMAND=opened",
    "wave 24 turn 1: host SWITCH -> party[2]",
    "wave 24: host slot move=53 guest slot move=34",
    "wave 24 turn 1: progress enemyHp=[944:43/43,415:0/39] playerHp=[493:1865/1865,150:1722/1725]",
    "wave 24 turn 2: replay guest crossed cmd:24:2 through real public COMMAND=opened",
    "wave 24 turn 2: host SWITCH -> party[2]",
    "wave 24: reward shop owner=guest take-nonparty",
    "wave 25 turn 1: replay guest crossed cmd:25:1 through real public COMMAND=opened",
    "wave 25: TRAINER (fixed)",
    "wave 25: host slot move=85 guest slot move=53",
    "wave 25 turn 1: progress enemyHp=[729:0/55,17:0/53] playerHp=[890:2065/2065,150:1719/1725]",
    "wave 25 turn 2: replay guest crossed cmd:25:2 through real public COMMAND=opened",
    "wave 25: reward shop owner=host take-nonparty",
    "wave 25: guest chose Crossroads Leave through public UI",
    "wave 25: guest drove World Map via public UI=true and both consumed 1828012875301526:1:BIOME_PICK:9700029",
    "wave 26 turn 1: replay guest crossed cmd:26:1 through real public COMMAND=opened",
    "wave 26: BIOME 5->27",
    "wave 26: host slot move=34 guest slot move=53",
    "wave 26 turn 1: guest SWITCH -> party[3]",
    "wave 26 turn 1: progress enemyHp=[522:0/53,420:49/49] playerHp=[890:2065/2065,384:1715/1715]",
    "wave 26 turn 2: replay guest crossed cmd:26:2 through real public COMMAND=opened",
    "wave 26: reward shop owner=host leave",
    "wave 27 turn 1: replay guest crossed cmd:27:1 through real public COMMAND=opened",
    "wave 27: host slot move=247 guest slot move=85",
    "wave 27 turn 1: progress enemyHp=[415:0/52,420:0/51] playerHp=[890:2065/2065,384:1715/1715]",
    "wave 27: reward shop owner=guest leave",
    "wave 28 turn 1: replay guest crossed cmd:28:1 through real public COMMAND=opened",
    "wave 28: host slot move=34 guest slot move=53",
    "wave 28 turn 1: guest SWITCH -> party[3]",
    "wave 28 turn 1: progress enemyHp=[287:0/55,190:60/60] playerHp=[890:2065/2065,150:1725/1725]",
    "wave 28 turn 2: replay guest crossed cmd:28:2 through real public COMMAND=opened",
    "wave 28 turn 2: guest SWITCH -> party[3]",
    "wave 28: reward shop owner=host take-nonparty",
    "wave 29 turn 1: replay guest crossed cmd:29:1 through real public COMMAND=opened",
    "wave 29: host slot move=85 guest slot move=247",
    "wave 29 turn 1: progress enemyHp=[415:0/52,541:0/55] playerHp=[890:2065/2065,384:1715/1715]",
    "wave 29: reward shop owner=guest leave",
    "wave 30 turn 1: replay guest crossed cmd:30:1 through real public COMMAND=opened",
    "wave 30: TRAINER (random)",
    "wave 30: host slot move=34 guest slot move=53",
    "wave 30 turn 1: progress enemyHp=[69:0/67,188:0/60] playerHp=[890:2065/2065,384:1715/1715]",
    "wave 30 turn 2: replay guest crossed cmd:30:2 through real public COMMAND=opened",
    "wave 30: biome market owner=host leave",
    "wave 30: drained 1 milestone reward continuation(s)",
    "wave 30: guest chose Crossroads Leave through public UI",
    "wave 30: guest drove World Map via public UI=true and both consumed 1828012875301526:1:BIOME_PICK:9700035",
    "wave 31 turn 1: replay guest crossed cmd:31:1 through real public COMMAND=opened",
    "wave 31: BIOME 27->29",
    "wave 31: host slot move=53 guest slot move=53",
    "wave 31 turn 1: progress enemyHp=[999:0/64,355:0/44] playerHp=[890:2065/2065,384:1715/1715]",
    "wave 31: reward shop owner=host take-nonparty",
    "wave 32 turn 1: replay guest crossed cmd:32:1 through real public COMMAND=opened",
    "wave 32: host slot move=85 guest slot move=34",
    "wave 32 turn 1: guest SWITCH -> party[3]",
    "wave 32 turn 1: progress enemyHp=[92:0/50,177:52/52] playerHp=[890:1678/2065,150:1725/1725]",
    "wave 32 turn 2: replay guest crossed cmd:32:2 through real public COMMAND=opened",
    "wave 32: reward shop owner=guest take-nonparty",
    "wave 33 turn 1: replay guest crossed cmd:33:1 through real public COMMAND=opened",
    "wave 33 turn 1: host SWITCH -> party[2]",
    "wave 33: host slot move=247 guest slot move=85",
    "wave 33 turn 1: progress enemyHp=[92:48/52,355:0/45] playerHp=[493:1865/1865,150:1725/1725]",
    "wave 33 turn 2: replay guest crossed cmd:33:2 through real public COMMAND=opened",
    "wave 33: reward shop owner=host leave",
    "wave 34 turn 1: replay guest crossed cmd:34:1 through real public COMMAND=opened",
    "wave 34: host slot move=247 guest slot move=85",
    "wave 34 turn 1: progress enemyHp=[622:0/62,562:0/51] playerHp=[493:933/1865,150:1717/1725]",
    "wave 34: reward shop owner=guest leave",
    "wave 34: drained 1 milestone reward continuation(s)",
    "wave 35 turn 1: replay guest crossed cmd:35:1 through real public COMMAND=opened",
    "wave 35: TRAINER (fixed)",
    "wave 35: host slot move=247 guest slot move=85",
    "wave 35 turn 1: progress enemyHp=[624:0/63,582:0/58] playerHp=[493:933/1865,150:1717/1725]",
    "wave 35: reward shop owner=host leave",
    "wave 35: guest chose Crossroads Leave through public UI",
    "wave 35: guest drove World Map via public UI=true and both consumed 1828012875301526:1:BIOME_PICK:9700041",
    "wave 36 turn 1: replay guest crossed cmd:36:1 through real public COMMAND=opened",
    "wave 36: BIOME 29->14",
    "wave 36: host slot move=53 guest slot move=247",
    "wave 36 turn 1: guest SWITCH -> party[3]",
    "wave 36 turn 1: progress enemyHp=[556:0/69,329:60/60] playerHp=[493:817/1865,384:1601/1715]",
    "wave 36 turn 2: replay guest crossed cmd:36:2 through real public COMMAND=opened",
    "wave 36: reward shop owner=host leave",
    "wave 36: drained 1 milestone reward continuation(s)",
    "wave 37 turn 1: replay guest crossed cmd:37:1 through real public COMMAND=opened",
    "wave 37 turn 1: host SWITCH -> party[2]",
    "wave 37: host slot move=53 guest slot move=34",
    "wave 37 turn 1: progress enemyHp=[84:72/72,449:0/76] playerHp=[890:2065/2065,384:1382/1715]",
    "wave 37 turn 2: replay guest crossed cmd:37:2 through real public COMMAND=opened",
    "wave 37: reward shop owner=guest leave",
    "wave 37: drained 1 milestone reward continuation(s)",
    "wave 38 turn 1: replay guest crossed cmd:38:1 through real public COMMAND=opened",
    "wave 38: host slot move=53 guest slot move=53",
    "wave 38 turn 1: progress enemyHp=[28:0/83,554:0/77] playerHp=[890:2065/2065,384:1168/1715]",
    "wave 38: reward shop owner=host leave",
    "wave 38: drained 1 milestone reward continuation(s)",
    "wave 39 turn 1: replay guest crossed cmd:39:1 through real public COMMAND=opened",
    "wave 39 turn 1: host SWITCH -> party[2]",
    "wave 39: host slot move=247 guest slot move=247",
    "wave 39 turn 1: guest SWITCH -> party[3]",
    "wave 39 turn 1: progress enemyHp=[322:76/76,451:75/75] playerHp=[493:1749/1865,150:1604/1725]",
    "wave 39 turn 2: replay guest crossed cmd:39:2 through real public COMMAND=opened",
    "wave 39: reward shop owner=guest take-nonparty",
    "wave 40 turn 1: replay guest crossed cmd:40:1 through real public COMMAND=opened",
    "wave 40: host slot move=247 guest slot move=34",
    "wave 40 turn 1: progress enemyHp=[946:0/72,874:0/92] playerHp=[493:1633/1865,150:1497/1725]",
    "wave 40: biome market owner=host leave",
    "wave 40: drained 1 milestone reward continuation(s)",
    "wave 40: guest chose Crossroads Leave through public UI",
    "wave 40: guest drove World Map via public UI=true and both consumed 1828012875301526:1:BIOME_PICK:9700047",
    "wave 41 turn 1: replay guest crossed cmd:41:1 through real public COMMAND=opened",
    "wave 41: BIOME 14->22",
    "wave 41: host slot move=85 guest slot move=247",
    "wave 41 turn 1: progress enemyHp=[561:0/81,605:0/75] playerHp=[493:1865/1865,150:1725/1725]",
    "wave 41: reward shop owner=host take-nonparty",
    "wave 42 turn 1: replay guest crossed cmd:42:1 through real public COMMAND=opened",
    "wave 42: host slot move=34 guest slot move=53",
    "wave 42 turn 1: progress enemyHp=[605:0/85,561:0/87] playerHp=[493:1865/1865,150:1725/1725]",
    "wave 42: reward shop owner=guest take-nonparty",
    "wave 43 turn 1: replay guest crossed cmd:43:1 through real public COMMAND=opened",
    "wave 43 turn 1: host SWITCH -> party[2]",
    "wave 43: host slot move=247 guest slot move=53",
    "wave 43 turn 1: progress enemyHp=[874:99/99,343:0/74] playerHp=[890:2065/2065,150:1725/1725]",
    "wave 43 turn 2: replay guest crossed cmd:43:2 through real public COMMAND=opened",
    "wave 43: reward shop owner=host take-nonparty",
    "wave 44 turn 1: replay guest crossed cmd:44:1 through real public COMMAND=opened",
    "wave 44: host slot move=53 guest slot move=34",
    "wave 44 turn 1: progress enemyHp=[201:0/81,177:0/71] playerHp=[890:2065/2065,150:1725/1725]",
    "wave 44: reward shop owner=guest take-nonparty",
    "wave 45 turn 1: replay guest crossed cmd:45:1 through real public COMMAND=opened",
    "wave 45: host slot move=53 guest slot move=247",
    "wave 45 turn 1: progress enemyHp=[201:0/84,605:0/80] playerHp=[890:2065/2065,150:1725/1725]",
    "wave 45: reward shop owner=host leave",
    "wave 45: guest chose Crossroads Leave through public UI",
    "wave 45: guest drove World Map via public UI=true and both consumed 1828012875301526:1:BIOME_PICK:9700053",
    "wave 46 turn 1: replay guest crossed cmd:46:1 through real public COMMAND=opened",
    "wave 46: BIOME 22->11",
    "wave 46: host slot move=34 guest slot move=53",
    "wave 46 turn 1: progress enemyHp=[525:0/88,525:49/96] playerHp=[890:2065/2065,150:1725/1725]",
    "wave 46 turn 2: replay guest crossed cmd:46:2 through real public COMMAND=opened",
    "wave 46: reward shop owner=host leave",
    "wave 47 turn 1: replay guest crossed cmd:47:1 through real public COMMAND=opened",
    "wave 47 turn 1: host SWITCH -> party[2]",
    "wave 47: host slot move=34 guest slot move=85",
    "wave 47 turn 1: progress enemyHp=[22:85/85,304:1/76] playerHp=[493:1865/1865,150:1725/1725]",
    "wave 47 turn 2: replay guest crossed cmd:47:2 through real public COMMAND=opened",
    "wave 47: reward shop owner=guest take-nonparty",
    "wave 48 turn 1: replay guest crossed cmd:48:1 through real public COMMAND=opened",
    "wave 48: host slot move=53 guest slot move=34",
    "wave 48 turn 1: progress enemyHp=[629:0/91,672:0/91] playerHp=[493:1865/1865,150:1725/1725]",
    "wave 48: reward shop owner=host take-nonparty",
    "wave 49 turn 1: replay guest crossed cmd:49:1 through real public COMMAND=opened",
    "wave 49: host slot move=85 guest slot move=247",
    "wave 49 turn 1: progress enemyHp=[177:0/77,672:0/96] playerHp=[493:1865/1865,150:1725/1725]",
    "wave 49: reward shop owner=guest take-nonparty",
    "wave 50 turn 1: replay guest crossed cmd:50:1 through real public COMMAND=opened",
    "wave 50: host slot move=34 guest slot move=53",
    "wave 50 turn 1: progress enemyHp=[630:0/143,18:0/125] playerHp=[493:1865/1865,150:1725/1725]",
    "wave 50: biome market owner=host leave",
    "wave 50: drained 1 milestone reward continuation(s)",
    "wave 50: guest chose Crossroads Leave through public UI",
    "wave 50: guest drove World Map via public UI=true and both consumed 1828012875301526:1:BIOME_PICK:9700059",
    "wave 51 turn 1: replay guest crossed cmd:51:1 through real public COMMAND=opened",
    "wave 51: BIOME 11->18",
    "wave 51: DIGEST mismatch @wave-start class=unexpected fields=[field] -> one-heal resync",
    "wave 51 turn 1: host SWITCH -> party[2]",
    "wave 51: host slot move=247 guest slot move=53",
    "wave 51 turn 1: progress enemyHp=[324:94/94,322:0/108] playerHp=[890:1936/2065,150:1711/1725]",
    "wave 51 turn 2: replay guest crossed cmd:51:2 through real public COMMAND=opened",
    "wave 51: reward shop owner=host leave",
    "wave 52 turn 1: replay guest crossed cmd:52:1 through real public COMMAND=opened",
    "wave 52: host slot move=53 guest slot move=34",
    "wave 52 turn 1: progress enemyHp=[776:92/92,58:0/87] playerHp=[890:2065/2065,150:1604/1725]",
    "wave 52 turn 2: replay guest crossed cmd:52:2 through real public COMMAND=opened",
    "wave 52: reward shop owner=guest take-nonparty",
    "wave 53 turn 1: replay guest crossed cmd:53:1 through real public COMMAND=opened",
    "wave 53: host slot move=85 guest slot move=53",
    "wave 53 turn 1: progress enemyHp=[58:0/87,322:0/103] playerHp=[890:2065/2065,150:1604/1725]",
    "wave 53: reward shop owner=host take-nonparty",
    "wave 54 turn 1: replay guest crossed cmd:54:1 through real public COMMAND=opened",
    "wave 54: host slot move=34 guest slot move=53",
    "wave 54 turn 1: progress enemyHp=[58:0/99,58:0/91] playerHp=[890:2065/2065,150:1604/1725]",
    "wave 54: reward shop owner=guest take-nonparty",
    "wave 55 turn 1: replay guest crossed cmd:55:1 through real public COMMAND=opened",
    "wave 55: TRAINER (fixed)",
    "wave 55: host slot move=247 guest slot move=53",
    "wave 55 turn 1: progress enemyHp=[730:0/129,18:0/122] playerHp=[890:2065/2065,150:1604/1725]",
    "wave 55 turn 2: replay guest crossed cmd:55:2 through real public COMMAND=opened",
    "wave 55: reward shop owner=host leave",
    "wave 55: guest chose Crossroads Leave through public UI",
    "wave 55: guest drove World Map via public UI=true and both consumed 1828012875301526:1:BIOME_PICK:9700065",
    "wave 56 turn 1: replay guest crossed cmd:56:1 through real public COMMAND=opened",
    "wave 56: BIOME 18->8",
    "wave 56: host slot move=53 guest slot move=34",
    "wave 56 turn 1: progress enemyHp=[747:102/102,99:0/123] playerHp=[890:2065/2065,150:1604/1725]",
    "wave 56 turn 2: replay guest crossed cmd:56:2 through real public COMMAND=opened",
    "wave 56: reward shop owner=host take-nonparty",
    "wave 57 turn 1: replay guest crossed cmd:57:1 through real public COMMAND=opened",
    "wave 57: host slot move=85 guest slot move=247",
    "wave 57 turn 1: progress enemyHp=[99:0/114,747:107/107] playerHp=[890:2065/2065,150:1604/1725]",
    "wave 57 turn 2: replay guest crossed cmd:57:2 through real public COMMAND=opened",
    "wave 57: reward shop owner=guest take-nonparty",
    "wave 58 turn 1: replay guest crossed cmd:58:1 through real public COMMAND=opened",
    "wave 58: host slot move=34 guest slot move=53",
    "wave 58 turn 1: progress enemyHp=[689:0/114,99:0/111] playerHp=[890:2065/2065,150:1604/1725]",
    "wave 58: reward shop owner=host take-nonparty",
    "wave 59 turn 1: replay guest crossed cmd:59:1 through real public COMMAND=opened",
    "wave 59 turn 1: host SWITCH -> party[2]",
    "wave 59: host slot move=247 guest slot move=53",
    "wave 59 turn 1: progress enemyHp=[747:102/102,413:112/112] playerHp=[493:1865/1865,150:1604/1725]",
    "wave 59 turn 2: replay guest crossed cmd:59:2 through real public COMMAND=opened",
    "wave 59 turn 2: guest SWITCH -> party[3]",
    "wave 59 turn 3: replay guest crossed cmd:59:3 through real public COMMAND=opened",
    "wave 59: reward shop owner=guest take-nonparty",
    "wave 60 turn 1: replay guest crossed cmd:60:1 through real public COMMAND=opened",
    "wave 60: TRAINER (random)",
    "wave 60: host slot move=53 guest slot move=34",
    "wave 60 turn 1: progress enemyHp=[131:0/174,195:0/144] playerHp=[493:1749/1865,384:1608/1715]",
    "wave 60 turn 2: replay guest crossed cmd:60:2 through real public COMMAND=opened",
    "wave 60: biome market owner=host leave",
    "wave 60: drained 1 milestone reward continuation(s)",
    "wave 60: guest chose Crossroads Leave through public UI",
    "wave 60: guest drove World Map via public UI=true and both consumed 1828012875301526:1:BIOME_PICK:9700071",
    "wave 61 turn 1: replay guest crossed cmd:61:1 through real public COMMAND=opened",
    "wave 61: BIOME 8->6",
    "wave 61 turn 1: host SWITCH -> party[2]",
    "wave 61: host slot move=85 guest slot move=247",
    "wave 61 turn 1: progress enemyHp=[279:107/107,73:0/129] playerHp=[890:2065/2065,384:1715/1715]",
    "wave 61 turn 2: replay guest crossed cmd:61:2 through real public COMMAND=opened",
    "wave 61: reward shop owner=host leave",
    "wave 62 turn 1: replay guest crossed cmd:62:1 through real public COMMAND=opened",
    "wave 62: TRAINER (fixed)",
    "wave 62: DIGEST mismatch @wave-start class=unexpected fields=[terrain] -> one-heal resync",
    "wave 62: host slot move=247 guest slot move=53",
    "wave 62 turn 1: guest SWITCH -> party[3]",
    "wave 62 turn 1: progress enemyHp=[537:0/156,569:68/135] playerHp=[890:2065/2065,150:1710/1725]"
  ]
}