===== COOP SOAK RESULT =====
profile: level
verdict: FAIL
waves_requested: 55
run_mode: calibrated-release
calibration_id: level-55-faint
target_sha: dfbba16b7bfc6a6c675cc8c5c688f3140a6db6dd
checked_out_sha: dfbba16b7bfc6a6c675cc8c5c688f3140a6db6dd
base_seed: 20260727
campaign_seed: 20260727
run: 30271751644 (workflow source dfbba16b7bfc6a6c675cc8c5c688f3140a6db6dd)
timestamp: 2026-07-27T13-47-25Z

----- driver lines -----
[22m[39m[coop-soak] SEED=20260727 WAVES=55 - replay this run with:  SOAK_SEED=20260727 SOAK_WAVES=55 ER_SCENARIO=1 npx vitest run test/tests/elite-redux/coop/coop-soak.test.ts
[31m[1mSoakInvariantError[22m: [coop-soak] NO-PARK invariant breached at wave 3 (seed 20260727): wave crossing threw (strand/stall): client phase drive to projected retained replacement HANG on NewBattlePhase; queued=[CoopPartnerSyncPhase], ui=MESSAGE. Artifact + both logs: /home/runner/work/elite-redux/elite-redux/dev-logs/coop-soak/2026-07-27T13-47-05-359Z__seed-20260727__wave-3. Replay: SOAK_SEED=20260727[39m
[31m[1mSoakInvariantError[22m: [coop-soak] NO-PARK invariant breached at wave 4 (seed 206780945): wave crossing threw (strand/stall): client phase drive to guest command 4:1 HANG on NewBattlePhase; queued=[CoopPartnerSyncPhase], ui=MESSAGE. Artifact + both logs: /home/runner/work/elite-redux/elite-redux/dev-logs/coop-soak/2026-07-27T13-47-25-254Z__seed-206780945__wave-4. Replay: SOAK_SEED=206780945[39m

----- vitest result tail -----
    File: [38;2;210;155;14melite-redux/test/tests/elite-redux/coop/coop-soak.test.ts:297:3[39m

[33m[39m[31mx[39m

[31m⎯⎯⎯⎯⎯⎯⎯[39m[1m[41m Failed Tests 2 [49m[22m[31m⎯⎯⎯⎯⎯⎯⎯[39m

[41m[1m FAIL [22m[49m [30m[45m main [49m[39m test/tests/elite-redux/coop/coop-soak.test.ts[2m:165:3[22m[2m > [22mNIGHTLY co-op SOAK: seeded randomized two-engine run (#841)[2m > [22mplays a seeded randomized co-op run asserting DIGEST/LOCKSTEP/NO-PARK/TEARDOWN each wave
[31m[1mSoakInvariantError[22m: [coop-soak] NO-PARK invariant breached at wave 3 (seed 20260727): wave crossing threw (strand/stall): client phase drive to projected retained replacement HANG on NewBattlePhase; queued=[CoopPartnerSyncPhase], ui=MESSAGE. Artifact + both logs: /home/runner/work/elite-redux/elite-redux/dev-logs/coop-soak/2026-07-27T13-47-05-359Z__seed-20260727__wave-3. Replay: SOAK_SEED=20260727[39m
[36m [2m❯[22m fail test/tools/coop-soak-driver.ts:[2m1700:11[22m[39m
    [90m1698|[39m       phaseState: phaseStateDump(rig),
    [90m1699|[39m     });
    [90m1700|[39m     throw new SoakInvariantError(invariant, seed, wave, detail, dir);
    [90m   |[39m           [31m^[39m
    [90m1701|[39m   };
    [90m1702|[39m
[90m [2m❯[22m runCoopSoak test/tools/coop-soak-driver.ts:[2m5043:11[22m[39m
[90m [2m❯[22m test/tests/elite-redux/coop/coop-soak.test.ts:[2m184:22[22m[39m

[31m[2m⎯⎯⎯⎯⎯⎯⎯⎯⎯⎯⎯⎯⎯⎯⎯⎯⎯⎯⎯⎯⎯⎯⎯⎯[1/2]⎯[22m[39m

[41m[1m FAIL [22m[49m [30m[45m main [49m[39m test/tests/elite-redux/coop/coop-soak.test.ts[2m:297:3[22m[2m > [22mNIGHTLY co-op SOAK: seeded randomized two-engine run (#841)[2m > [22mretained wave boundary keeps one X Attack exact on both clients through natural expiry without recovery
[31m[1mSoakInvariantError[22m: [coop-soak] NO-PARK invariant breached at wave 4 (seed 206780945): wave crossing threw (strand/stall): client phase drive to guest command 4:1 HANG on NewBattlePhase; queued=[CoopPartnerSyncPhase], ui=MESSAGE. Artifact + both logs: /home/runner/work/elite-redux/elite-redux/dev-logs/coop-soak/2026-07-27T13-47-25-254Z__seed-206780945__wave-4. Replay: SOAK_SEED=206780945[39m
[36m [2m❯[22m fail test/tools/coop-soak-driver.ts:[2m1700:11[22m[39m
    [90m1698|[39m       phaseState: phaseStateDump(rig),
    [90m1699|[39m     });
    [90m1700|[39m     throw new SoakInvariantError(invariant, seed, wave, detail, dir);
    [90m   |[39m           [31m^[39m
    [90m1701|[39m   };
    [90m1702|[39m
[90m [2m❯[22m runCoopSoak test/tools/coop-soak-driver.ts:[2m5043:11[22m[39m
[90m [2m❯[22m test/tests/elite-redux/coop/coop-soak.test.ts:[2m309:20[22m[39m

[31m[2m⎯⎯⎯⎯⎯⎯⎯⎯⎯⎯⎯⎯⎯⎯⎯⎯⎯⎯⎯⎯⎯⎯⎯⎯[2/2]⎯[22m[39m


[2m Test Files [22m [1m[31m1 failed[39m[22m[90m (1)[39m
[2m      Tests [22m [1m[31m2 failed[39m[22m[90m (2)[39m
[2m   Start at [22m 13:46:26
[2m   Duration [22m 59.12s[2m (transform 20.74s, setup 25.10s, import 321ms, tests 32.79s, environment 737ms)[22m

