{
  "invariant": "no-park",
  "seed": 20260911,
  "wave": 69,
  "detail": "wave driving threw (strand/stall): guest replay HANG: stuck on CoopGuestFaintSwitchPhase - see dev-logs/coop-duo/",
  "replay": "SOAK_SEED=20260911",
  "phaseState": {
    "hostPhase": "EggLapsePhase",
    "guestPhase": "CoopGuestFaintSwitchPhase",
    "hostInteractionCounter": 80,
    "guestInteractionCounter": 80,
    "hostWave": 69,
    "hostBattleType": 0,
    "hostPlayerField": [
      {
        "id": 1988033276,
        "battlerIndex": 0,
        "speciesId": 890,
        "speciesName": "Eternatus",
        "hp": 1040,
        "maxHp": 2065,
        "fainted": false,
        "status": 0,
        "statStages": [
          -1,
          0,
          2,
          0,
          -1,
          0,
          0
        ],
        "moves": [
          {
            "id": 34,
            "ppUsed": 0
          },
          {
            "id": 247,
            "ppUsed": 0
          },
          {
            "id": 53,
            "ppUsed": 0
          },
          {
            "id": 85,
            "ppUsed": 0
          }
        ],
        "coopOwner": "host"
      },
      {
        "id": 4225317479,
        "battlerIndex": 1,
        "speciesId": 384,
        "speciesName": "Rayquaza",
        "hp": 0,
        "maxHp": 1715,
        "fainted": true,
        "status": 7,
        "statStages": [
          0,
          0,
          0,
          0,
          0,
          0,
          0
        ],
        "moves": [
          {
            "id": 34,
            "ppUsed": 0
          },
          {
            "id": 247,
            "ppUsed": 0
          },
          {
            "id": 53,
            "ppUsed": 0
          },
          {
            "id": 85,
            "ppUsed": 0
          }
        ],
        "coopOwner": "guest"
      }
    ],
    "hostEnemyField": [
      {
        "id": 2022923012,
        "battlerIndex": 2,
        "speciesId": 452,
        "speciesName": "Drapion",
        "hp": 0,
        "maxHp": 140,
        "fainted": true,
        "status": 7,
        "statStages": [
          0,
          0,
          0,
          0,
          0,
          0,
          0
        ],
        "moves": [
          {
            "id": 305,
            "ppUsed": 0
          },
          {
            "id": 210,
            "ppUsed": 1
          },
          {
            "id": 684,
            "ppUsed": 0
          },
          {
            "id": 103,
            "ppUsed": 0
          }
        ]
      },
      {
        "id": 2980385550,
        "battlerIndex": 3,
        "speciesId": 844,
        "speciesName": "Sandaconda",
        "hp": 0,
        "maxHp": 133,
        "fainted": true,
        "status": 7,
        "statStages": [
          0,
          0,
          0,
          0,
          0,
          0,
          0
        ],
        "moves": [
          {
            "id": 5082,
            "ppUsed": 0
          },
          {
            "id": 815,
            "ppUsed": 0
          },
          {
            "id": 378,
            "ppUsed": 0
          },
          {
            "id": 293,
            "ppUsed": 0
          }
        ]
      }
    ],
    "guestPlayerField": [
      {
        "id": 1988033276,
        "battlerIndex": -1,
        "speciesId": 890,
        "speciesName": "Eternatus",
        "hp": 1040,
        "maxHp": 2065,
        "fainted": false,
        "status": 0,
        "statStages": [
          -1,
          0,
          2,
          0,
          -1,
          0,
          0
        ],
        "moves": [
          {
            "id": 34,
            "ppUsed": 0
          },
          {
            "id": 247,
            "ppUsed": 0
          },
          {
            "id": 53,
            "ppUsed": 0
          },
          {
            "id": 85,
            "ppUsed": 0
          }
        ],
        "coopOwner": "host"
      },
      {
        "id": 4225317479,
        "battlerIndex": -1,
        "speciesId": 384,
        "speciesName": "Rayquaza",
        "hp": 0,
        "maxHp": 1715,
        "fainted": true,
        "status": 7,
        "statStages": [
          0,
          0,
          0,
          0,
          0,
          0,
          0
        ],
        "moves": [
          {
            "id": 34,
            "ppUsed": 0
          },
          {
            "id": 247,
            "ppUsed": 0
          },
          {
            "id": 53,
            "ppUsed": 0
          },
          {
            "id": 85,
            "ppUsed": 0
          }
        ],
        "coopOwner": "guest"
      }
    ],
    "guestEnemyField": [
      {
        "id": 2022923012,
        "battlerIndex": -1,
        "speciesId": 452,
        "speciesName": "Drapion",
        "hp": 0,
        "maxHp": 140,
        "fainted": true,
        "status": 7,
        "statStages": [
          0,
          0,
          0,
          0,
          0,
          0,
          0
        ],
        "moves": [
          {
            "id": 305,
            "ppUsed": 0
          },
          {
            "id": 210,
            "ppUsed": 0
          },
          {
            "id": 684,
            "ppUsed": 0
          },
          {
            "id": 103,
            "ppUsed": 0
          }
        ]
      },
      {
        "id": 2980385550,
        "battlerIndex": -1,
        "speciesId": 844,
        "speciesName": "Sandaconda",
        "hp": 0,
        "maxHp": 133,
        "fainted": true,
        "status": 7,
        "statStages": [
          0,
          0,
          0,
          0,
          0,
          0,
          0
        ],
        "moves": [
          {
            "id": 5082,
            "ppUsed": 0
          },
          {
            "id": 815,
            "ppUsed": 0
          },
          {
            "id": 378,
            "ppUsed": 0
          },
          {
            "id": 293,
            "ppUsed": 0
          }
        ]
      }
    ]
  },
  "actionScript": [
    "SKIP mysteryEncounterDisabledV1",
    "content seed=coop-soak-20260911 preseeded=false",
    "wave 1 turn 1: committed frontier omitted seat 1; guest remained a replay spectator until host action",
    "wave 1: host slot move=53 guest slot move=0",
    "wave 1 turn 1: progress enemyHp=[16:0/14] playerHp=[890:2065/2065]",
    "wave 1: reward shop owner=host take-nonparty",
    "wave 2 turn 1: replay guest crossed cmd:2:1 through real public COMMAND=opened",
    "wave 2 turn 1: host SWITCH -> party[2]",
    "wave 2: host slot move=34 guest slot move=34",
    "wave 2 turn 1: progress enemyHp=[276:16/16,19:0/13] playerHp=[493:1865/1865,384:1715/1715]",
    "wave 2 turn 2: replay guest crossed cmd:2:2 through real public COMMAND=opened",
    "wave 2: reward shop owner=guest leave",
    "wave 3 turn 1: replay guest crossed cmd:3:1 through real public COMMAND=opened",
    "wave 3: host slot move=247 guest slot move=53",
    "wave 3 turn 1: progress enemyHp=[265:0/16,661:0/16] playerHp=[493:1865/1865,384:1715/1715]",
    "wave 3: reward shop owner=host leave",
    "wave 4 turn 1: replay guest crossed cmd:4:1 through real public COMMAND=opened",
    "wave 4 turn 1: host SWITCH -> party[2]",
    "wave 4: host slot move=53 guest slot move=34",
    "wave 4 turn 1: progress enemyHp=[273:18/18,48:0/20] playerHp=[890:2065/2065,384:1715/1715]",
    "wave 4 turn 2: replay guest crossed cmd:4:2 through real public COMMAND=opened",
    "wave 4 turn 2: host SWITCH -> party[2]",
    "wave 4: reward shop owner=guest take-nonparty",
    "wave 5 turn 1: replay guest crossed cmd:5:1 through real public COMMAND=opened",
    "wave 5: TRAINER (fixed)",
    "wave 5: host slot move=53 guest slot move=34",
    "wave 5 turn 1: progress enemyHp=[399:0/20,19:0/17] playerHp=[493:1398/1865,384:1714/1715]",
    "wave 5: reward shop owner=host leave",
    "wave 5: guest chose Crossroads Leave through public UI",
    "wave 5: guest drove World Map via public UI=true and both consumed 1832052166127842:1:BIOME_PICK:9700005",
    "wave 6 turn 1: replay guest crossed cmd:6:1 through real public COMMAND=opened",
    "wave 6: BIOME 0->1",
    "wave 6: host slot move=53 guest slot move=53",
    "wave 6 turn 1: progress enemyHp=[132:0/22,21:20/20] playerHp=[493:1165/1865,384:1714/1715]",
    "wave 6 turn 2: replay guest crossed cmd:6:2 through real public COMMAND=opened",
    "wave 6: reward shop owner=host leave",
    "wave 7 turn 1: replay guest crossed cmd:7:1 through real public COMMAND=opened",
    "wave 7: host slot move=85 guest slot move=53",
    "wave 7 turn 1: guest SWITCH -> party[3]",
    "wave 7 turn 1: progress enemyHp=[399:0/23,921:21/21] playerHp=[493:699/1865,150:1723/1725]",
    "wave 7 turn 2: replay guest crossed cmd:7:2 through real public COMMAND=opened",
    "wave 7: reward shop owner=guest leave",
    "wave 8 turn 1: replay guest crossed cmd:8:1 through real public COMMAND=opened",
    "wave 8: TRAINER (fixed)",
    "wave 8: host slot move=53 guest slot move=85",
    "wave 8 turn 1: progress enemyHp=[501:0/27,16:0/22] playerHp=[493:233/1865,150:1721/1725]",
    "wave 8: reward shop owner=host leave",
    "wave 9 turn 1: replay guest crossed cmd:9:1 through real public COMMAND=opened",
    "wave 9: host slot move=53 guest slot move=34",
    "wave 9 turn 1: guest SWITCH -> party[3]",
    "wave 9 turn 1: progress enemyHp=[915:0/26,161:24/24] playerHp=[493:0/1865,384:1715/1715]",
    "wave 9 turn 2: replay guest crossed cmd:9:2 through real public COMMAND=opened",
    "wave 9: reward shop owner=guest take-nonparty",
    "wave 10 turn 1: replay guest crossed cmd:10:1 through real public COMMAND=opened",
    "wave 10 turn 1: host SWITCH -> party[2]",
    "wave 10: host slot move=34 guest slot move=34",
    "wave 10 turn 1: progress enemyHp=[734:25/25,84:0/28] playerHp=[493:1865/1865,384:1712/1715]",
    "wave 10 turn 2: replay guest crossed cmd:10:2 through real public COMMAND=opened",
    "wave 10: biome market owner=host leave",
    "wave 10: drained 1 milestone reward continuation(s)",
    "wave 10: guest chose Crossroads Leave through public UI",
    "wave 10: guest drove World Map via public UI=true and both consumed 1832052166127842:1:BIOME_PICK:9700011",
    "wave 11 turn 1: replay guest crossed cmd:11:1 through real public COMMAND=opened",
    "wave 11: BIOME 1->2",
    "wave 11: host slot move=247 guest slot move=85",
    "wave 11 turn 1: progress enemyHp=[187:0/24,546:0/24] playerHp=[493:1865/1865,384:1715/1715]",
    "wave 11: reward shop owner=host take-nonparty",
    "wave 12 turn 1: replay guest crossed cmd:12:1 through real public COMMAND=opened",
    "wave 12: host slot move=53 guest slot move=34",
    "wave 12 turn 1: progress enemyHp=[285:0/30,548:0/27] playerHp=[493:1865/1865,384:1715/1715]",
    "wave 12: reward shop owner=guest leave",
    "wave 13 turn 1: replay guest crossed cmd:13:1 through real public COMMAND=opened",
    "wave 13: host slot move=85 guest slot move=247",
    "wave 13 turn 1: progress enemyHp=[266:0/28,191:0/31] playerHp=[493:1865/1865,384:1715/1715]",
    "wave 13: reward shop owner=host take-nonparty",
    "wave 14 turn 1: replay guest crossed cmd:14:1 through real public COMMAND=opened",
    "wave 14: host slot move=34 guest slot move=53",
    "wave 14 turn 1: progress enemyHp=[543:0/27,590:0/34] playerHp=[493:1865/1865,384:1715/1715]",
    "wave 14: reward shop owner=guest take-nonparty",
    "wave 15 turn 1: replay guest crossed cmd:15:1 through real public COMMAND=opened",
    "wave 15: host slot move=247 guest slot move=85",
    "wave 15 turn 1: guest SWITCH -> party[3]",
    "wave 15 turn 1: progress enemyHp=[187:0/28,546:28/28] playerHp=[493:1865/1865,150:1725/1725]",
    "wave 15 turn 2: replay guest crossed cmd:15:2 through real public COMMAND=opened",
    "wave 15 turn 2: guest SWITCH -> party[3]",
    "wave 15: reward shop owner=host leave",
    "wave 15: guest chose Crossroads Leave through public UI",
    "wave 15: guest drove World Map via public UI=true and both consumed 1832052166127842:1:BIOME_PICK:9700017",
    "wave 16 turn 1: replay guest crossed cmd:16:1 through real public COMMAND=opened",
    "wave 16: host slot move=53 guest slot move=34",
    "wave 16 turn 1: progress enemyHp=[548:0/32,285:0/35] playerHp=[493:1865/1865,384:1715/1715]",
    "wave 16: reward shop owner=host leave",
    "wave 17 turn 1: replay guest crossed cmd:17:1 through real public COMMAND=opened",
    "wave 17: TRAINER (random)",
    "wave 17: host slot move=85 guest slot move=247",
    "wave 17 turn 1: progress enemyHp=[665:0/32,406:0/31] playerHp=[493:1865/1865,384:1712/1715]",
    "wave 17 turn 2: replay guest crossed cmd:17:2 through real public COMMAND=opened",
    "wave 17 turn 2: host SWITCH -> party[2]",
    "wave 17: reward shop owner=guest leave",
    "wave 18 turn 1: replay guest crossed cmd:18:1 through real public COMMAND=opened",
    "wave 18 turn 1: host SWITCH -> party[2]",
    "wave 18: host slot move=34 guest slot move=53",
    "wave 18 turn 1: progress enemyHp=[266:35/35,285:0/40] playerHp=[493:1865/1865,384:1712/1715]",
    "wave 18 turn 2: replay guest crossed cmd:18:2 through real public COMMAND=opened",
    "wave 18 turn 2: guest SWITCH -> party[3]",
    "wave 18: reward shop owner=host take-nonparty",
    "wave 19 turn 1: replay guest crossed cmd:19:1 through real public COMMAND=opened",
    "wave 19: host slot move=247 guest slot move=85",
    "wave 19 turn 1: progress enemyHp=[548:0/34,266:0/37] playerHp=[493:1865/1865,150:1725/1725]",
    "wave 19: reward shop owner=guest leave",
    "wave 20 turn 1: replay guest crossed cmd:20:1 through real public COMMAND=opened",
    "wave 20: TRAINER (random)",
    "wave 20: host slot move=53 guest slot move=34",
    "wave 20 turn 1: progress enemyHp=[286:0/42,57:0/46] playerHp=[493:1865/1865,150:1725/1725]",
    "wave 20: biome market owner=host leave",
    "wave 20: drained 1 milestone reward continuation(s)",
    "wave 20: guest chose Crossroads Leave through public UI",
    "wave 20: guest drove World Map via public UI=true and both consumed 1832052166127842:1:BIOME_PICK:9700023",
    "wave 21 turn 1: replay guest crossed cmd:21:1 through real public COMMAND=opened",
    "wave 21: BIOME 2->3",
    "wave 21: host slot move=85 guest slot move=247",
    "wave 21 turn 1: progress enemyHp=[15:0/43,919:0/35] playerHp=[493:1865/1865,150:1725/1725]",
    "wave 21: reward shop owner=host take-nonparty",
    "wave 22 turn 1: replay guest crossed cmd:22:1 through real public COMMAND=opened",
    "wave 22: host slot move=34 guest slot move=53",
    "wave 22 turn 1: progress enemyHp=[46:0/40,48:0/42] playerHp=[493:1865/1865,150:1725/1725]",
    "wave 22: reward shop owner=guest leave",
    "wave 23 turn 1: replay guest crossed cmd:23:1 through real public COMMAND=opened",
    "wave 23: host slot move=247 guest slot move=85",
    "wave 23 turn 1: progress enemyHp=[29:0/46,761:0/42] playerHp=[493:1865/1865,150:1725/1725]",
    "wave 23: reward shop owner=host leave",
    "wave 24 turn 1: replay guest crossed cmd:24:1 through real public COMMAND=opened",
    "wave 24 turn 1: host SWITCH -> party[2]",
    "wave 24: host slot move=53 guest slot move=247",
    "wave 24 turn 1: progress enemyHp=[978:52/52,37:0/43] playerHp=[890:2065/2065,150:1725/1725]",
    "wave 24 turn 2: replay guest crossed cmd:24:2 through real public COMMAND=opened",
    "wave 24 turn 2: guest SWITCH -> party[3]",
    "wave 24: reward shop owner=guest take-nonparty",
    "wave 25 turn 1: replay guest crossed cmd:25:1 through real public COMMAND=opened",
    "wave 25: TRAINER (fixed)",
    "wave 25: host slot move=85 guest slot move=34",
    "wave 25 turn 1: progress enemyHp=[502:0/60,17:0/53] playerHp=[890:2065/2065,384:1715/1715]",
    "wave 25 turn 2: replay guest crossed cmd:25:2 through real public COMMAND=opened",
    "wave 25: reward shop owner=host take-nonparty",
    "wave 25: guest chose Crossroads Leave through public UI",
    "wave 25: guest drove World Map via public UI=true and both consumed 1832052166127842:1:BIOME_PICK:9700029",
    "wave 26 turn 1: replay guest crossed cmd:26:1 through real public COMMAND=opened",
    "wave 26: host slot move=34 guest slot move=53",
    "wave 26 turn 1: progress enemyHp=[167:0/43,290:40/40] playerHp=[890:2065/2065,384:1715/1715]",
    "wave 26 turn 2: replay guest crossed cmd:26:2 through real public COMMAND=opened",
    "wave 26: reward shop owner=host leave",
    "wave 27 turn 1: replay guest crossed cmd:27:1 through real public COMMAND=opened",
    "wave 27: host slot move=34 guest slot move=53",
    "wave 27 turn 1: progress enemyHp=[402:0/55,423:0/66] playerHp=[890:2065/2065,384:1715/1715]",
    "wave 27: reward shop owner=guest leave",
    "wave 28 turn 1: replay guest crossed cmd:28:1 through real public COMMAND=opened",
    "wave 28 turn 1: host SWITCH -> party[2]",
    "wave 28: host slot move=34 guest slot move=85",
    "wave 28 turn 1: progress enemyHp=[423:73/73,586:0/59] playerHp=[493:1865/1865,384:1715/1715]",
    "wave 28 turn 2: replay guest crossed cmd:28:2 through real public COMMAND=opened",
    "wave 28 turn 2: guest SWITCH -> party[3]",
    "wave 28: reward shop owner=host take-nonparty",
    "wave 29 turn 1: replay guest crossed cmd:29:1 through real public COMMAND=opened",
    "wave 29 turn 1: host SWITCH -> party[2]",
    "wave 29: host slot move=85 guest slot move=247",
    "wave 29 turn 1: progress enemyHp=[43:51/51,919:0/47] playerHp=[890:2065/2065,150:1725/1725]",
    "wave 29 turn 2: replay guest crossed cmd:29:2 through real public COMMAND=opened",
    "wave 29: reward shop owner=guest leave",
    "wave 30 turn 1: replay guest crossed cmd:30:1 through real public COMMAND=opened",
    "wave 30 turn 1: host SWITCH -> party[2]",
    "wave 30: host slot move=34 guest slot move=53",
    "wave 30 turn 1: guest SWITCH -> party[3]",
    "wave 30 turn 1: progress enemyHp=[336:59/59,168:67/67] playerHp=[493:1865/1865,384:1694/1715]",
    "wave 30 turn 2: replay guest crossed cmd:30:2 through real public COMMAND=opened",
    "wave 30: biome market owner=host leave",
    "wave 30: drained 1 milestone reward continuation(s)",
    "wave 30: guest chose Crossroads Leave through public UI",
    "wave 30: guest drove World Map via public UI=true and both consumed 1832052166127842:1:BIOME_PICK:9700035",
    "wave 31 turn 1: replay guest crossed cmd:31:1 through real public COMMAND=opened",
    "wave 31: BIOME 3->5",
    "wave 31: host slot move=247 guest slot move=85",
    "wave 31 turn 1: progress enemyHp=[15:0/59,23:0/60] playerHp=[493:1865/1865,384:1715/1715]",
    "wave 31: reward shop owner=host leave",
    "wave 32 turn 1: replay guest crossed cmd:32:1 through real public COMMAND=opened",
    "wave 32: host slot move=53 guest slot move=34",
    "wave 32 turn 1: guest SWITCH -> party[3]",
    "wave 32 turn 1: progress enemyHp=[269:0/76,274:61/61] playerHp=[493:1865/1865,150:1725/1725]",
    "wave 32 turn 2: replay guest crossed cmd:32:2 through real public COMMAND=opened",
    "wave 32: reward shop owner=guest take-nonparty",
    "wave 33 turn 1: replay guest crossed cmd:33:1 through real public COMMAND=opened",
    "wave 33: host slot move=85 guest slot move=85",
    "wave 33 turn 1: guest SWITCH -> party[3]",
    "wave 33 turn 1: progress enemyHp=[413:0/75,944:50/50] playerHp=[493:1862/1865,384:1715/1715]",
    "wave 33 turn 2: replay guest crossed cmd:33:2 through real public COMMAND=opened",
    "wave 33: reward shop owner=host leave",
    "wave 34 turn 1: replay guest crossed cmd:34:1 through real public COMMAND=opened",
    "wave 34: host slot move=34 guest slot move=53",
    "wave 34 turn 1: guest SWITCH -> party[3]",
    "wave 34 turn 1: progress enemyHp=[274:0/72,511:60/60] playerHp=[493:1862/1865,150:1725/1725]",
    "wave 34 turn 2: replay guest crossed cmd:34:2 through real public COMMAND=opened",
    "wave 34: reward shop owner=guest take-nonparty",
    "wave 35 turn 1: replay guest crossed cmd:35:1 through real public COMMAND=opened",
    "wave 35: TRAINER (fixed)",
    "wave 35: host slot move=85 guest slot move=85",
    "wave 35 turn 1: progress enemyHp=[425:0/87,453:0/64] playerHp=[493:1860/1865,150:1724/1725]",
    "wave 35: reward shop owner=host take-nonparty",
    "wave 35: guest chose Crossroads Leave through public UI",
    "wave 35: guest drove World Map via public UI=true and both consumed 1832052166127842:1:BIOME_PICK:9700041",
    "wave 36 turn 1: replay guest crossed cmd:36:1 through real public COMMAND=opened",
    "wave 36: host slot move=53 guest slot move=34",
    "wave 36 turn 1: guest SWITCH -> party[3]",
    "wave 36 turn 1: progress enemyHp=[919:0/57,543:55/55] playerHp=[493:1860/1865,384:1712/1715]",
    "wave 36 turn 2: replay guest crossed cmd:36:2 through real public COMMAND=opened",
    "wave 36: reward shop owner=host leave",
    "wave 37 turn 1: replay guest crossed cmd:37:1 through real public COMMAND=opened",
    "wave 37: host slot move=85 guest slot move=247",
    "wave 37 turn 1: progress enemyHp=[286:0/70,204:0/67] playerHp=[493:1858/1865,384:1710/1715]",
    "wave 37: reward shop owner=guest leave",
    "wave 38 turn 1: replay guest crossed cmd:38:1 through real public COMMAND=opened",
    "wave 38 turn 1: host SWITCH -> party[2]",
    "wave 38: host slot move=34 guest slot move=53",
    "wave 38 turn 1: progress enemyHp=[918:78/78,918:0/84] playerHp=[890:2065/2065,384:1710/1715]",
    "wave 38 turn 2: replay guest crossed cmd:38:2 through real public COMMAND=opened",
    "wave 38: reward shop owner=host take-nonparty",
    "wave 39 turn 1: replay guest crossed cmd:39:1 through real public COMMAND=opened",
    "wave 39: host slot move=247 guest slot move=85",
    "wave 39 turn 1: progress enemyHp=[15:0/70,944:64/64] playerHp=[890:2027/2065,384:1710/1715]",
    "wave 39 turn 2: replay guest crossed cmd:39:2 through real public COMMAND=opened",
    "wave 39: reward shop owner=guest leave",
    "wave 40 turn 1: replay guest crossed cmd:40:1 through real public COMMAND=opened",
    "wave 40: host slot move=53 guest slot move=53",
    "wave 40 turn 1: progress enemyHp=[168:0/94,413:90/90] playerHp=[890:2065/2065,384:1709/1715]",
    "wave 40 turn 2: replay guest crossed cmd:40:2 through real public COMMAND=opened",
    "wave 40: biome market owner=host leave",
    "wave 40: drained 1 milestone reward continuation(s)",
    "wave 40: guest chose Crossroads Leave through public UI",
    "wave 40: guest drove World Map via public UI=true and both consumed 1832052166127842:1:BIOME_PICK:9700047",
    "wave 41 turn 1: replay guest crossed cmd:41:1 through real public COMMAND=opened",
    "wave 41: BIOME 5->27",
    "wave 41: host slot move=85 guest slot move=34",
    "wave 41 turn 1: progress enemyHp=[168:0/88,190:0/82] playerHp=[890:2065/2065,384:1715/1715]",
    "wave 41: reward shop owner=host take-nonparty",
    "wave 42 turn 1: replay guest crossed cmd:42:1 through real public COMMAND=opened",
    "wave 42 turn 1: host SWITCH -> party[2]",
    "wave 42: host slot move=34 guest slot move=53",
    "wave 42 turn 1: progress enemyHp=[674:89/89,455:0/97] playerHp=[493:1865/1865,384:1711/1715]",
    "wave 42 turn 2: replay guest crossed cmd:42:2 through real public COMMAND=opened",
    "wave 42: reward shop owner=guest leave",
    "wave 42: drained 1 milestone reward continuation(s)",
    "wave 43 turn 1: replay guest crossed cmd:43:1 through real public COMMAND=opened",
    "wave 43: host slot move=53 guest slot move=85",
    "wave 43 turn 1: progress enemyHp=[115:0/115,754:0/97] playerHp=[493:1865/1865,384:1711/1715]",
    "wave 43: reward shop owner=host leave",
    "wave 43: drained 1 milestone reward continuation(s)",
    "wave 44 turn 1: replay guest crossed cmd:44:1 through real public COMMAND=opened",
    "wave 44: host slot move=53 guest slot move=247",
    "wave 44 turn 1: progress enemyHp=[667:0/83,523:0/103] playerHp=[493:1865/1865,384:1711/1715]",
    "wave 44: reward shop owner=guest leave",
    "wave 45 turn 1: replay guest crossed cmd:45:1 through real public COMMAND=opened",
    "wave 45 turn 1: host SWITCH -> party[2]",
    "wave 45: host slot move=85 guest slot move=247",
    "wave 45 turn 1: progress enemyHp=[541:87/87,421:0/96] playerHp=[890:2065/2065,384:1711/1715]",
    "wave 45 turn 2: replay guest crossed cmd:45:2 through real public COMMAND=opened",
    "wave 45: reward shop owner=host take-nonparty",
    "wave 45: guest chose Crossroads Leave through public UI",
    "wave 45: guest drove World Map via public UI=true and both consumed 1832052166127842:1:BIOME_PICK:9700053",
    "wave 46 turn 1: replay guest crossed cmd:46:1 through real public COMMAND=opened",
    "wave 46: host slot move=85 guest slot move=53",
    "wave 46 turn 1: guest SWITCH -> party[3]",
    "wave 46 turn 1: progress enemyHp=[424:0/99,496:100/100] playerHp=[890:2065/2065,150:1725/1725]",
    "wave 46 turn 2: replay guest crossed cmd:46:2 through real public COMMAND=opened",
    "wave 46: reward shop owner=host leave",
    "wave 46: drained 1 milestone reward continuation(s)",
    "wave 47 turn 1: replay guest crossed cmd:47:1 through real public COMMAND=opened",
    "wave 47: host slot move=247 guest slot move=85",
    "wave 47 turn 1: progress enemyHp=[870:0/90,123:0/96] playerHp=[890:2065/2065,150:1725/1725]",
    "wave 47: reward shop owner=guest leave",
    "wave 47: drained 1 milestone reward continuation(s)",
    "wave 48 turn 1: replay guest crossed cmd:48:1 through real public COMMAND=opened",
    "wave 48: host slot move=53 guest slot move=34",
    "wave 48 turn 1: progress enemyHp=[441:0/100,357:0/111] playerHp=[890:2065/2065,150:1725/1725]",
    "wave 48: reward shop owner=host take-nonparty",
    "wave 49 turn 1: replay guest crossed cmd:49:1 through real public COMMAND=opened",
    "wave 49: host slot move=53 guest slot move=85",
    "wave 49 turn 1: progress enemyHp=[190:0/87,775:0/93] playerHp=[890:2065/2065,150:1725/1725]",
    "wave 49: reward shop owner=guest take-nonparty",
    "wave 50 turn 1: replay guest crossed cmd:50:1 through real public COMMAND=opened",
    "wave 50: TRAINER (random)",
    "wave 50: host slot move=34 guest slot move=53",
    "wave 50 turn 1: progress enemyHp=[10660:0/102,10088:0/163] playerHp=[890:2065/2065,150:1725/1725]",
    "wave 50 turn 2: replay guest crossed cmd:50:2 through real public COMMAND=opened",
    "wave 50: biome market owner=host leave",
    "wave 50: drained 1 milestone reward continuation(s)",
    "wave 50: guest chose Crossroads Leave through public UI",
    "wave 50: guest drove World Map via public UI=true and both consumed 1832052166127842:1:BIOME_PICK:9700059",
    "wave 51 turn 1: replay guest crossed cmd:51:1 through real public COMMAND=opened",
    "wave 51: BIOME 27->29",
    "wave 51 turn 1: host SWITCH -> party[2]",
    "wave 51: host slot move=53 guest slot move=85",
    "wave 51 turn 1: progress enemyHp=[105:97/97,679:0/85] playerHp=[493:1865/1865,150:1725/1725]",
    "wave 51 turn 2: replay guest crossed cmd:51:2 through real public COMMAND=opened",
    "wave 51: reward shop owner=host take-nonparty",
    "wave 52 turn 1: replay guest crossed cmd:52:1 through real public COMMAND=opened",
    "wave 52: host slot move=85 guest slot move=53",
    "wave 52 turn 1: progress enemyHp=[680:0/99,563:0/108] playerHp=[493:1865/1865,150:1725/1725]",
    "wave 52: reward shop owner=guest leave",
    "wave 52: drained 1 milestone reward continuation(s)",
    "wave 53 turn 1: replay guest crossed cmd:53:1 through real public COMMAND=opened",
    "wave 53: host slot move=247 guest slot move=53",
    "wave 53 turn 1: progress enemyHp=[93:0/82,343:0/86] playerHp=[493:1865/1865,150:1725/1725]",
    "wave 53: reward shop owner=host leave",
    "wave 54 turn 1: replay guest crossed cmd:54:1 through real public COMMAND=opened",
    "wave 54: host slot move=34 guest slot move=247",
    "wave 54 turn 1: progress enemyHp=[358:0/121,622:0/104] playerHp=[493:1865/1865,150:1725/1725]",
    "wave 54: reward shop owner=guest leave",
    "wave 54: drained 1 milestone reward continuation(s)",
    "wave 55 turn 1: replay guest crossed cmd:55:1 through real public COMMAND=opened",
    "wave 55: TRAINER (fixed)",
    "wave 55: host slot move=247 guest slot move=53",
    "wave 55 turn 1: progress enemyHp=[503:0/141,18:0/122] playerHp=[493:1865/1865,150:1725/1725]",
    "wave 55 turn 2: replay guest crossed cmd:55:2 through real public COMMAND=opened",
    "wave 55 turn 2: guest SWITCH -> party[3]",
    "wave 55 turn 3: replay guest crossed cmd:55:3 through real public COMMAND=opened",
    "wave 55: reward shop owner=host leave",
    "wave 55: guest chose Crossroads Leave through public UI",
    "wave 55: guest drove World Map via public UI=true and both consumed 1832052166127842:1:BIOME_PICK:9700065",
    "wave 56 turn 1: replay guest crossed cmd:56:1 through real public COMMAND=opened",
    "wave 56: host slot move=53 guest slot move=53",
    "wave 56 turn 1: progress enemyHp=[679:0/85,563:0/122] playerHp=[493:1865/1865,384:1702/1715]",
    "wave 56: reward shop owner=host leave",
    "wave 57 turn 1: replay guest crossed cmd:57:1 through real public COMMAND=opened",
    "wave 57 turn 1: host SWITCH -> party[2]",
    "wave 57: host slot move=85 guest slot move=85",
    "wave 57 turn 1: progress enemyHp=[177:90/90,93:0/94] playerHp=[890:2065/2065,384:1702/1715]",
    "wave 57 turn 2: replay guest crossed cmd:57:2 through real public COMMAND=opened",
    "wave 57: reward shop owner=guest leave",
    "wave 58 turn 1: replay guest crossed cmd:58:1 through real public COMMAND=opened",
    "wave 58: host slot move=247 guest slot move=247",
    "wave 58 turn 1: progress enemyHp=[563:0/113,563:0/111] playerHp=[890:1999/2065,384:1702/1715]",
    "wave 58: reward shop owner=host take-nonparty",
    "wave 59 turn 1: replay guest crossed cmd:59:1 through real public COMMAND=opened",
    "wave 59: host slot move=85 guest slot move=247",
    "wave 59 turn 1: progress enemyHp=[355:0/76,563:0/116] playerHp=[890:1974/2065,384:1702/1715]",
    "wave 59: reward shop owner=guest leave",
    "wave 60 turn 1: replay guest crossed cmd:60:1 through real public COMMAND=opened",
    "wave 60: host slot move=85 guest slot move=247",
    "wave 60 turn 1: progress enemyHp=[680:0/117,623:0/145] playerHp=[890:1936/2065,384:1702/1715]",
    "wave 60: biome market owner=host leave",
    "wave 60: drained 1 milestone reward continuation(s)",
    "wave 60: guest chose Crossroads Leave through public UI",
    "wave 60: guest drove World Map via public UI=true and both consumed 1832052166127842:1:BIOME_PICK:9700071",
    "wave 61 turn 1: replay guest crossed cmd:61:1 through real public COMMAND=opened",
    "wave 61: BIOME 29->14",
    "wave 61: host slot move=247 guest slot move=34",
    "wave 61 turn 1: progress enemyHp=[844:0/117,450:0/141] playerHp=[890:1898/2065,384:1608/1715]",
    "wave 61: reward shop owner=host leave",
    "wave 61: drained 1 milestone reward continuation(s)",
    "wave 62 turn 1: replay guest crossed cmd:62:1 through real public COMMAND=opened",
    "wave 62: TRAINER (fixed)",
    "wave 62: host slot move=34 guest slot move=53",
    "wave 62 turn 1: progress enemyHp=[465:0/152,435:0/154] playerHp=[890:1719/2065,384:1501/1715]",
    "wave 62 turn 2: replay guest crossed cmd:62:2 through real public COMMAND=opened",
    "wave 62: reward shop owner=guest take-nonparty",
    "wave 63 turn 1: replay guest crossed cmd:63:1 through real public COMMAND=opened",
    "wave 63: host slot move=247 guest slot move=34",
    "wave 63 turn 1: progress enemyHp=[552:0/122,28:144/144] playerHp=[890:1421/2065,384:1180/1715]",
    "wave 63 turn 2: replay guest crossed cmd:63:2 through real public COMMAND=opened",
    "wave 63 turn 2: host SWITCH -> party[2]",
    "wave 63: reward shop owner=host take-nonparty",
    "wave 64 turn 1: replay guest crossed cmd:64:1 through real public COMMAND=opened",
    "wave 64: TRAINER (fixed)",
    "wave 64: host slot move=53 guest slot move=34",
    "wave 64 turn 1: progress enemyHp=[267:0/127,435:0/161] playerHp=[493:1630/1865,384:749/1715]",
    "wave 64 turn 2: replay guest crossed cmd:64:2 through real public COMMAND=opened",
    "wave 64 turn 2: guest SWITCH -> party[3]",
    "wave 64: reward shop owner=guest take-nonparty",
    "wave 65 turn 1: replay guest crossed cmd:65:1 through real public COMMAND=opened",
    "wave 65: host slot move=85 guest slot move=247",
    "wave 65 turn 1: progress enemyHp=[874:0/152,332:0/131] playerHp=[493:1398/1865,150:1511/1725]",
    "wave 65: reward shop owner=host leave",
    "wave 66 turn 1: replay guest crossed cmd:66:1 through real public COMMAND=opened",
    "wave 66: TRAINER (fixed)",
    "wave 66 turn 1: host SWITCH -> party[2]",
    "wave 66: host slot move=34 guest slot move=53",
    "wave 66 turn 1: progress enemyHp=[407:120/127,423:0/175] playerHp=[890:1936/2065,150:1396/1725]",
    "wave 66 turn 2: replay guest crossed cmd:66:2 through real public COMMAND=opened",
    "wave 66 turn 2: host SWITCH -> party[2]",
    "wave 66 turn 2: guest SWITCH -> party[3]",
    "wave 66 turn 3: replay guest crossed cmd:66:3 through real public COMMAND=opened",
    "wave 66 turn 4: replay guest crossed cmd:66:4 through real public COMMAND=opened",
    "wave 66 turn 4: host SWITCH -> party[2]",
    "wave 66 turn 5: replay guest crossed cmd:66:5 through real public COMMAND=opened",
    "wave 66 turn 6: replay guest crossed cmd:66:6 through real public COMMAND=opened",
    "wave 66: reward shop owner=guest take-nonparty",
    "wave 67 turn 1: replay guest crossed cmd:67:1 through real public COMMAND=opened",
    "wave 67: host slot move=34 guest slot move=85",
    "wave 67 turn 1: progress enemyHp=[553:0/160,348:0/142] playerHp=[890:1398/2065,384:412/1715]",
    "wave 67: reward shop owner=host leave",
    "wave 67: drained 1 milestone reward continuation(s)",
    "wave 68 turn 1: replay guest crossed cmd:68:1 through real public COMMAND=opened",
    "wave 68: host slot move=247 guest slot move=53",
    "wave 68 turn 1: progress enemyHp=[450:0/166,563:0/144] playerHp=[890:1215/2065,384:198/1715]",
    "wave 68: reward shop owner=guest leave",
    "wave 69 turn 1: replay guest crossed cmd:69:1 through real public COMMAND=opened",
    "wave 69: host slot move=53 guest slot move=34"
  ]
}