{
  "invariant": "no-park",
  "seed": 20260808,
  "wave": 2,
  "detail": "wave driving threw (strand/stall): guest reward WATCH HANG: watcher neither left nor advanced past interaction 1 after 32 drains (owner terminal never arrived) - see dev-logs/coop-duo/",
  "replay": "SOAK_SEED=20260808",
  "phaseState": {
    "hostPhase": "SelectModifierPhase",
    "guestPhase": "SelectModifierPhase",
    "hostInteractionCounter": 1,
    "guestInteractionCounter": 1,
    "hostWave": 2,
    "hostBattleType": 0,
    "hostPlayerField": [
      {
        "id": 3919369214,
        "battlerIndex": 0,
        "speciesId": 149,
        "speciesName": "Dragonite",
        "hp": 211,
        "maxHp": 213,
        "fainted": false,
        "status": 0,
        "statStages": [
          0,
          0,
          0,
          0,
          0,
          0,
          0
        ],
        "moves": [
          {
            "id": 262,
            "ppUsed": 0
          },
          {
            "id": 247,
            "ppUsed": 1
          },
          {
            "id": 53,
            "ppUsed": 1
          },
          {
            "id": 85,
            "ppUsed": 0
          }
        ],
        "coopOwner": "host"
      },
      {
        "id": 2844688664,
        "battlerIndex": 1,
        "speciesId": 248,
        "speciesName": "Tyranitar",
        "hp": 225,
        "maxHp": 225,
        "fainted": false,
        "status": 0,
        "statStages": [
          0,
          0,
          0,
          0,
          0,
          0,
          0
        ],
        "moves": [
          {
            "id": 262,
            "ppUsed": 0
          },
          {
            "id": 247,
            "ppUsed": 0
          },
          {
            "id": 53,
            "ppUsed": 1
          },
          {
            "id": 85,
            "ppUsed": 0
          }
        ],
        "coopOwner": "guest"
      }
    ],
    "hostEnemyField": [
      {
        "id": 724735100,
        "battlerIndex": 2,
        "speciesId": 824,
        "speciesName": "Blipbug",
        "hp": 0,
        "maxHp": 13,
        "fainted": true,
        "status": 7,
        "statStages": [
          0,
          0,
          0,
          0,
          0,
          0,
          0
        ],
        "moves": [
          {
            "id": 679,
            "ppUsed": 0
          },
          {
            "id": 502,
            "ppUsed": 0
          },
          {
            "id": 611,
            "ppUsed": 0
          }
        ]
      },
      {
        "id": 3663087242,
        "battlerIndex": 3,
        "speciesId": 915,
        "speciesName": "Lechonk",
        "hp": 0,
        "maxHp": 17,
        "fainted": true,
        "status": 7,
        "statStages": [
          0,
          0,
          0,
          0,
          0,
          0,
          0
        ],
        "moves": [
          {
            "id": 158,
            "ppUsed": 0
          },
          {
            "id": 39,
            "ppUsed": 0
          },
          {
            "id": 541,
            "ppUsed": 0
          },
          {
            "id": 331,
            "ppUsed": 1
          }
        ]
      }
    ],
    "guestPlayerField": [
      {
        "id": 3919369214,
        "battlerIndex": -1,
        "speciesId": 149,
        "speciesName": "Dragonite",
        "hp": 211,
        "maxHp": 213,
        "fainted": false,
        "status": 0,
        "statStages": [
          0,
          0,
          0,
          0,
          0,
          0,
          0
        ],
        "moves": [
          {
            "id": 262,
            "ppUsed": 0
          },
          {
            "id": 247,
            "ppUsed": 1
          },
          {
            "id": 53,
            "ppUsed": 1
          },
          {
            "id": 85,
            "ppUsed": 0
          }
        ],
        "coopOwner": "host"
      },
      {
        "id": 2844688664,
        "battlerIndex": -1,
        "speciesId": 248,
        "speciesName": "Tyranitar",
        "hp": 225,
        "maxHp": 225,
        "fainted": false,
        "status": 0,
        "statStages": [
          0,
          0,
          0,
          0,
          0,
          0,
          0
        ],
        "moves": [
          {
            "id": 262,
            "ppUsed": 0
          },
          {
            "id": 247,
            "ppUsed": 0
          },
          {
            "id": 53,
            "ppUsed": 1
          },
          {
            "id": 85,
            "ppUsed": 0
          }
        ],
        "coopOwner": "guest"
      }
    ],
    "guestEnemyField": [
      {
        "id": 724735100,
        "battlerIndex": -1,
        "speciesId": 824,
        "speciesName": "Blipbug",
        "hp": 0,
        "maxHp": 13,
        "fainted": true,
        "status": 7,
        "statStages": [
          0,
          0,
          0,
          0,
          0,
          0,
          0
        ],
        "moves": [
          {
            "id": 679,
            "ppUsed": 0
          },
          {
            "id": 502,
            "ppUsed": 0
          },
          {
            "id": 611,
            "ppUsed": 0
          }
        ]
      },
      {
        "id": 3663087242,
        "battlerIndex": -1,
        "speciesId": 915,
        "speciesName": "Lechonk",
        "hp": 0,
        "maxHp": 17,
        "fainted": true,
        "status": 7,
        "statStages": [
          0,
          0,
          0,
          0,
          0,
          0,
          0
        ],
        "moves": [
          {
            "id": 158,
            "ppUsed": 0
          },
          {
            "id": 39,
            "ppUsed": 0
          },
          {
            "id": 541,
            "ppUsed": 0
          },
          {
            "id": 331,
            "ppUsed": 1
          }
        ]
      }
    ]
  },
  "actionScript": [
    "SKIP mysteryEncounterDisabledV1",
    "content seed=coop-soak-20260808 preseeded=false",
    "wave 1 turn 1: replay guest crossed cmd:1:1 through real public COMMAND=opened",
    "wave 1 turn 1: host SWITCH -> party[2]",
    "wave 1: host slot move=85 guest slot move=85",
    "wave 1 turn 1: progress enemyHp=[16:14/14,263:0/14] playerHp=[149:213/213,94:179/179]",
    "wave 1 turn 2: replay guest crossed cmd:1:2 through real public COMMAND=opened",
    "wave 1: reward shop owner=host leave",
    "wave 2 turn 1: replay guest crossed cmd:2:1 through real public COMMAND=opened",
    "wave 2 turn 1: staged guest-owned lead at 1 HP on both engines",
    "wave 2: host slot move=247 guest slot move=53",
    "wave 2 turn 1: forced-faint guest MEMENTO self-KO",
    "wave 2 turn 1: progress enemyHp=[824:0/13,915:17/17] playerHp=[149:211/213,94:0/179]",
    "wave 2 turn 2: replay guest crossed cmd:2:2 through real public COMMAND=opened"
  ]
}