===== COOP SOAK RESULT =====
profile: god
verdict: FAIL
waves_requested: 150
run: 30882151201 (main)
timestamp: 2026-08-04T06-13-43Z

----- driver lines -----
[22m[39m[coop-soak] SEED=20260804 WAVES=150 - replay this run with:  SOAK_SEED=20260804 SOAK_WAVES=150 ER_SCENARIO=1 npx vitest run test/tests/elite-redux/coop/coop-soak.test.ts
[22m[39m[coop-soak] RUN ENDED at wave 150 (seed 20260804): host at terminal phase TitlePhase. Survey stops here.
[22m[39m[coop-soak] DONE seed=20260804 waves=149/150 resyncHeals=0 assertions=0 findings=0 trainerWaves=22 (fixed=13 random=9) skips={"mysteryEncounterDisabledV1":1} elapsedMs=1080608
[coop-soak] RUN ENDED at wave 150 (seed 20260804) [TitlePhase]: host at terminal phase TitlePhase. Surveyed 149/150 waves under all invariants before the terminal.

----- vitest result tail -----
[90mstdout[2m | test/tests/elite-redux/coop/coop-soak.test.ts[2m:297:3[22m[2m[2m > [22m[2mNIGHTLY co-op SOAK: seeded randomized two-engine run (#841)[2m > [22m[2mretained wave boundary keeps one X Attack exact on both clients through natural expiry without recovery
[22m[39m[2m> [22m[30m[48;2;193;98;222m Test finished! [49m[39m
    Name: [38;2;0;136;134mNIGHTLY co-op SOAK: seeded randomized two-engine run (#841) > retained wave boundary keeps one X Attack exact on both clients through natural expiry without recovery[39m
    Result: [32m[1m✓ Passed[22m[39m [2min[22m [33m34673[39m[2mms[22m
    File: [38;2;210;155;14melite-redux/test/tests/elite-redux/coop/coop-soak.test.ts:297:3[39m

[33m[39m[32m·[39m

[31m⎯⎯⎯⎯⎯⎯⎯[39m[1m[41m Failed Tests 1 [49m[22m[31m⎯⎯⎯⎯⎯⎯⎯[39m

[41m[1m FAIL [22m[49m [30m[45m main [49m[39m test/tests/elite-redux/coop/coop-soak.test.ts[2m:165:3[22m[2m > [22mNIGHTLY co-op SOAK: seeded randomized two-engine run (#841)[2m > [22mplays a seeded randomized co-op run asserting DIGEST/LOCKSTEP/NO-PARK/TEARDOWN each wave
[31m[1mAssertionError[22m: the god profile is the start-to-finish carrier and may not stop before wave 150: expected { wave: 150, …(3) } to be undefined[39m

[32m- Expected:[39m
undefined

[31m+ Received:[39m
{
  "kind": "verified-terminal",
  "phase": "TitlePhase",
  "reason": "host at terminal phase TitlePhase",
  "wave": 150,
}

[36m [2m❯[22m test/tests/elite-redux/coop/coop-soak.test.ts:[2m245:11[22m[39m
    [90m243|[39m           result[33m.[39mrunEnded[33m,[39m
    [90m244|[39m           `the god profile is the start-to-finish carrier and may not …
    [90m245|[39m         )[33m.[39m[34mtoBeUndefined[39m()[33m;[39m
    [90m   |[39m           [31m^[39m
    [90m246|[39m         expect(result.wavesCompleted, "the god profile completed the r…
    [90m247|[39m       }

[31m[2m⎯⎯⎯⎯⎯⎯⎯⎯⎯⎯⎯⎯⎯⎯⎯⎯⎯⎯⎯⎯⎯⎯⎯⎯[1/1]⎯[22m[39m


[2m Test Files [22m [1m[31m1 failed[39m[22m[90m (1)[39m
[2m      Tests [22m [1m[31m1 failed[39m[22m[2m | [22m[1m[32m1 passed[39m[22m[90m (2)[39m
[2m   Start at [22m 05:54:38
[2m   Duration [22m 1144.04s[2m (transform 21.53s, setup 25.93s, import 332ms, tests 1116.87s, environment 740ms)[22m

