url:      https://elite-redux-staging.pages.dev/
build:    github:087be79c261191f9513181469da2bc6fbadebe54:run-30878111924.1
ua:       Mozilla/5.0 (Windows NT 10.0; Win64; x64) AppleWebKit/537.36 (KHTML, like Gecko) Chrome/151.0.0.0 Safari/537.36
platform: Win32
screen:   1920x1080 @1x  devmem:16 GB
boot:     boot-start@0ms -> loading-complete@392907ms -> title-shown@405821ms
lastSess: crashed after boot-start
mode:     6  wave:16
seed:     roIqItKgmcw6vHtJICPZHtiq
party:    Kangaskhan(L16 60hp f0), Cyndaquil(L14 33hp f0), Unown(L8 29hp f28), Snivy(L9 28hp f0), Eevee(L8 30hp f1)
enemy:    

----- BUILD IDENTITY (JSON) -----
{"version":1,"id":"github:087be79c261191f9513181469da2bc6fbadebe54:run-30878111924.1","source":"github","sha":"087be79c261191f9513181469da2bc6fbadebe54","workflow":{"provider":"github-actions","runId":"30878111924","runAttempt":1,"workflow":"Deploy Staging","job":"deploy","repository":"Heraklines/elite-redux","ref":"fix/coop-party-mutating-rewards-20260802"},"deployment":null}

----- CO-OP REPORT CORRELATION (JSON) -----
{"version":1,"pairKey":"coop-v1|session=p33-session%3A5ASUF6%3A1828680669071744|run=fe389d9c-f782-46b0-824c-7da4e4034152|epoch=1828680669071744|seed=roIqItKgmcw6vHtJICPZHtiq","runId":"fe389d9c-f782-46b0-824c-7da4e4034152","epoch":1828680669071744,"seed":"roIqItKgmcw6vHtJICPZHtiq","binding":{"bindingId":"p33-binding:5ASUF6:1828680669071744:4c157f0f1a22d567","sessionId":"p33-session:5ASUF6:1828680669071744","source":"resume","authoritySeat":0},"membership":{"revision":2,"connectionGeneration":0},"local":{"role":"host","seat":0},"partner":{"role":"guest","seat":1},"build":{"version":1,"id":"github:087be79c261191f9513181469da2bc6fbadebe54:run-30878111924.1","source":"github","sha":"087be79c261191f9513181469da2bc6fbadebe54","workflow":{"provider":"github-actions","runId":"30878111924","runAttempt":1,"workflow":"Deploy Staging","job":"deploy","repository":"Heraklines/elite-redux","ref":"fix/coop-party-mutating-rewards-20260802"},"deployment":null}}

----- CO-OP CONTROL PLANE -----
session:  role=host seat=0 gen=0g epoch=1828680669071744 run=fe389d9c-f782-46b0-824c-7da4e4034152 binding=p33-binding:5ASUF6:1828680669071744:4c157f0f1a22d567 sessionId=p33-session:5ASUF6:1828680669071744 netcode=authoritative PRESENTATION-FINGERPRINT-MISMATCH
members:  rev=2 state=recovering connectionGen=0 present=[0:host=true, 1:guest=false]
phase:    running=MysteryEncounterRewardsPhase queue=[MysteryEncounterRewardsPhase, EggLapsePhase]
interact: counter=16 awaiting=none
commands: pending=[]
rendez:   awaiting=[] localArrived=[cmd:16:1, cmd:16:2, cmd:16:3] partnerArrived=[cmd:16:1, cmd:16:2, cmd:16:3]
transport(local): state=disconnected generation=0 lastRx=7s
causal:   20/20 most-recent edges
  #1 lobby:resume-offered id=mse7oy0s-0.zz9ofglfze8-1 role=host @e1828680662497173/w16
  #2 lobby:resume-accepted-committed id=mse7oy0s-0.zz9ofglfze8-1 role=host @e1828680669071744/w16
  #3 snapshot:resume-apply-observed id=mse7oy0s-0.zz9ofglfze8-1:snapshot parent=mse7oy0s-0.zz9ofglfze8-1 role=host @e1828680669071744
  #4 operation:committed id=1828680669071744:0:ME_PRESENT:64000128000 role=host @e1828680669071744/r1/w16/t0 class=op:me kind=ME_PRESENT
  #5 operation:committed id=1828680669071744:0:ME_PICK:64000129000 role=host @e1828680669071744/r2/w16/t0 class=op:me kind=ME_PICK
  #6 operation:committed id=1828680669071744:0:ME_TERMINAL:72000132000 role=host @e1828680669071744/r3/w16/t0 class=op:me kind=ME_TERMINAL
  #7 recovery:local-arrival id=rendezvous:e1828680669071744:cmd:16:1 role=host @e1828680669071744/w16/t1
  #8 recovery:wait-open id=rendezvous:e1828680669071744:cmd:16:1 role=host @e1828680669071744/w16/t1
  #9 recovery:peer-arrival id=rendezvous:e1828680669071744:cmd:16:1 role=host @e1828680669071744/w16/t1
  #10 recovery:release id=rendezvous:e1828680669071744:cmd:16:1 role=host @e1828680669071744/w16/t1 outcome=exact
  #11 command:intent-sent id=e1828680669071744:w16:t1:host:p3333767592 role=host @e1828680669071744/w16/t1 command=0
  #12 recovery:peer-arrival id=rendezvous:e1828680669071744:cmd:16:2 role=host @e1828680669071744/w16/t2
  #13 recovery:local-arrival id=rendezvous:e1828680669071744:cmd:16:2 role=host @e1828680669071744/w16/t2
  #14 command:intent-sent id=e1828680669071744:w16:t2:host:p3333767592 role=host @e1828680669071744/w16/t2 command=0
  #15 recovery:peer-arrival id=rendezvous:e1828680669071744:cmd:16:3 role=host @e1828680669071744/w16/t3
  #16 recovery:local-arrival id=rendezvous:e1828680669071744:cmd:16:3 role=host @e1828680669071744/w16/t3
  #17 command:intent-sent id=e1828680669071744:w16:t3:host:p3333767592 role=host @e1828680669071744/w16/t3 command=0
  #18 operation:committed id=1828680669071744:0:ME_TERMINAL:72000132001 role=host @e1828680669071744/r4/w16/t0 class=op:me kind=ME_TERMINAL
  #19 recovery:channel-lost id=rejoin:e1828680669071744:g0:c0 role=host @e1828680669071744/w16/t4 User-Initiated Abort, reason=Close called
  #20 recovery:redial-started id=rejoin:e1828680669071744:g0:c0 role=host @e1828680669071744
uiRelay:  4/4 recent carrier edges
  input#8 mode=MYSTERY_ENCOUNTER carrier=operation operation=op:me class=op:me kind=ME_PICK revision=2
  input#15 mode=FIGHT carrier=battleCommand field=0 turn=1 owner=host command=0
  input#22 mode=FIGHT carrier=battleCommand field=0 turn=2 owner=host command=0
  input#33 mode=FIGHT carrier=battleCommand field=0 turn=3 owner=host command=0

----- CONSOLE -----
[05:13:49.793] LOG: %c %c %c %c %c Phaser v3.90.0 (WebGL | Web Audio) %c https://phaser.io/v390 background: #ff0000 background: #ffff00 background: #00ff00 background: #00ffff color: #ffffff; background: #000000 background: transparent
[05:13:50.650] LOG: [ER] build {"version":1,"id":"github:087be79c261191f9513181469da2bc6fbadebe54:run-30878111924.1","source":"github","sha":"087be79c261191f9513181469da2bc6fbadebe54","workflow":{"provider":"github-actions","runId":"30878111924","runAttempt":1,"workflow":"Deploy Staging","job":"deploy","repository":"Heraklines/elite-redux","ref":"fix/coop-party-mutating-rewards-20260802"},"deployment":null}
[05:13:51.007] LOG: [dev-tools] loaded — 742 scenarios + Send Logs button
[05:20:19.786] DEBUG: Destroying loading scene
[05:20:19.786] DEBUG: Destroyed loading scene
[05:20:20.331] LOG: Seed: Po657Sj4o6VwY6d6dCthGWiq
[05:20:20.332] LOG: Wave Seed: Po657Sj4o6VwY6d6dCthGWiq 0
[05:20:30.879] LOG: %cStart Phase LoginPhase color:green;
[05:20:31.955] LOG: Client Session: lupikJ2YlrZZBraZbH85R2VTkccm1mHf
[05:20:32.448] DEBUG: Using cached system data
[05:20:32.662] LOG: %cStart Phase TitlePhase color:green;
[05:20:32.666] LOG: Getting Session Slot id: %d 2
[05:20:32.712] LOG: use seasonal splash messages true
[05:22:32.019] LOG: [coop:lobby] start announce name=Heraklines1 protocol=p33
[05:22:32.028] LOG: [coop:lobby] start reload-rejoin code=4ZATFU
[05:22:32.966] WARN: [coop:lobby] reload-rejoin unavailable status=409; clearing stale tab handoff and announcing normally
[05:22:33.881] LOG: [coop:lobby] poll players=1
[05:22:34.593] LOG: [coop:lobby] request target=p33_C10GUBs8q5ZZuZFDrdxyoxz0VE7ID-iZ (self=p33_F0YcP4QxqLJzVkLKKKZTTwrxiiUgxKDR)
[05:22:35.159] LOG: [coop:lobby] poll players=1
[05:22:36.949] LOG: [coop:lobby] poll matched code=5ASUF6 transportRole=answerer -> connect
[05:22:37.196] LOG: [coop:launch] ICE from worker /coop/ice servers=1
[05:22:39.289] LOG: [coop:launch] data channel already open
[05:22:39.290] LOG: [coop:webrtc] peer connection state role=host state=connected channel=open
[05:22:39.290] LOG: [coop:webrtc] ICE connection state role=host state=connected channel=open
[05:22:39.290] LOG: [coop:webrtc] ctor role=host readyState=open state=connected
[05:22:39.298] LOG: [coop:webrtc] channel OPEN role=host gen=0
[05:22:39.430] LOG: [coop:webrtc] raw rx role=host t=hello bytes=689 handlers=0
[05:22:39.430] LOG: [coop:webrtc] raw rx BUFFERED (no handlers yet) role=host t=hello queued=1
[05:22:39.463] LOG: [coop:launch] connectCoopSession role=host state=connected username=Heraklines1 netcode=authoritative
[05:22:39.471] LOG: [coop:stream] streamer CONSTRUCT timeout=1200000ms recoveryTimeout=12000ms onMessage registered
[05:22:39.474] LOG: [coop:stream] guest REGISTER onGhostPool handler (bufferedEarly=false)
[05:22:39.475] LOG: [coop:stream] host REGISTER onStateSyncRequest handler (was=false)
[05:22:39.475] LOG: [coop:stream] host REGISTER onEnemyPartyRequest handler (was=false)
[05:22:39.476] LOG: [coop:stream] guest REGISTER onWaveResolved handler (was=false)
[05:22:39.476] LOG: [coop:stream] guest REGISTER onWaveEndState handler (was=false)
[05:22:39.476] LOG: [coop:stream] watcher REGISTER onMeChecksum handler (was=false)
[05:22:39.476] LOG: [coop:turn] host recorder: REGISTER live emitter (was=false)
[05:22:39.479] LOG: [coop:session] coopAuthoritativeGuestPredicate INSTALLED
[05:22:39.479] LOG: [coop:launch] peer session ready role=host netcode=authoritative -> connecting
[05:22:39.479] LOG: [coop:launch] session connect role=host partnerRole=guest netcode=authoritative username=Heraklines1 version=er-coop-62 tiebreak=0.9994358409731537
[05:22:39.481] LOG: [coop:webrtc] raw tx QUEUE role=host t=hello bytes=702
[05:22:39.576] LOG: [coop:checksum] dataFingerprint compute moveMap=e9b828360aafb9e2(1032) movesData=d934626e515c046f(1108) movesName=c262a065143b9028(1108) movesets=2e2adf7d93f4514d(1932) abilitiesData=750d7c1a57ed5701(1148) abilitiesName=a4b0c40bb2b9398c(1148)
[05:22:39.586] LOG: [coop:webrtc] raw tx QUEUE role=host t=dataFingerprint bytes=329
[05:22:39.590] LOG: [coop:session] capabilities NEGOTIATED local=[authority.v2interaction,authority.v2recovery,authority.v2replacement,authority.v2shadow,authority.v2turn,authority.v2wave,durability.journal,opSurface.abilityPicker,opSurface.bargain,opSurface.biome,opSurface.catchFull,opSurface.colosseum,opSurface.faintSwitch,opSurface.learnMove,opSurface.me.v2,opSurface.revival,opSurface.reward,opSurface.stormglass,opSurface.wave,renderer.allowlistEnforce] peer=[authority.v2interaction,authority.v2recovery,authority.v2replacement,authority.v2shadow,authority.v2turn,authority.v2wave,durability.journal,opSurface.abilityPicker,opSurface.bargain,opSurface.biome,opSurface.catchFull,opSurface.colosseum,opSurface.faintSwitch,opSurface.learnMove,opSurface.me.v2,opSurface.revival,opSurface.reward,opSurface.stormglass,opSurface.wave,renderer.allowlistEnforce] -> effective=[authority.v2interaction,authority.v2recovery,authority.v2replacement,authority.v2shadow,authority.v2turn,authority.v2wave,durability.journal,opSurface.abilityPicker,opSurface.bargain,opSurface.biome,opSurface.catchFull,opSurface.colosseum,opSurface.faintSwitch,opSurface.learnMove,opSurface.me.v2,opSurface.revival,opSurface.reward,opSurface.stormglass,opSurface.wave,renderer.allowlistEnforce]
[05:22:39.592] LOG: [coop:owner] ownerOf(counter=0) seat=0 -> owner=host
[05:22:39.592] LOG: [coop:owner] ownerOf(counter=0) seat=0 -> owner=host
[05:22:39.597] LOG: [coop:webrtc] early-rx drain role=host n=1
[05:22:39.603] LOG: [coop:owner] ownerOf(counter=0) seat=0 -> owner=host
[05:22:39.603] LOG: [coop:owner] ownerOf(counter=0) seat=0 -> owner=host
[05:22:39.604] LOG: [coop:owner] ownerOf(counter=0) seat=0 -> owner=host
[05:22:39.604] LOG: [coop:owner] ownerOf(counter=0) seat=0 -> owner=host
[05:22:39.609] LOG: [coop:webrtc] raw rx role=host t=dataFingerprint bytes=329 handlers=10
[05:22:39.609] WARN: [coop:checksum] PRESENTATION MISMATCH sections=movesName,abilitiesName - simulation compatible - movesName local=c262a065143b9028(1108) peer=12be97f97ecdc120(1108) abilitiesName local=a4b0c40bb2b9398c(1148) peer=92447639a283b339(1148)
[05:22:39.610] LOG: [coop:owner] ownerOf(counter=0) seat=0 -> owner=host
[05:22:39.610] LOG: [coop:owner] ownerOf(counter=0) seat=0 -> owner=host
[05:22:39.610] LOG: [coop:owner] ownerOf(counter=0) seat=0 -> owner=host
[05:22:39.610] LOG: [coop:owner] ownerOf(counter=0) seat=0 -> owner=host
[05:22:39.839] LOG: [coop:launch] cloud scan settled [0:present 1:present 2:present 3:present 4:present] retryTransient=true
[05:22:41.213] LOG: [coop:launch] resume snapshot settled sessions=5 failures=0
[05:22:41.216] LOG: [coop:launch] resume discovery settled kind=candidate
[05:22:41.224] LOG: [coop:launch] host decision installed mode=MESSAGE active=true actionable=true
[05:22:43.132] LOG: [coop:launch] SEND resumeOffer id=mse7oy0s-0.zz9ofglfze8-1 wave=16 digest=ac05dbfcd7e51076f02ae2e7ae5b8a498eeae4e082ad6f6c07285f4fd313e368 (#810 durable)
[05:22:43.132] LOG: [coop:webrtc] raw tx QUEUE role=host t=resumeOffer bytes=407
[05:22:44.482] LOG: [coop:interaction] interactionCounter() read -> 0 (role=host)
[05:22:44.482] LOG: [coop:health] tick=0g turn=- wave=- counter=0 assertions=0 wait=-1ms machineWaits=- peerBeat=- lastRx=0s transport=connected journal=0/0 queue=0
[05:22:45.890] LOG: [coop:webrtc] raw rx role=host t=resumeReply bytes=73 handlers=10
[05:22:45.890] LOG: [coop:launch] RECV resumeReply id=mse7oy0s-0.zz9ofglfze8-1 accept=true (#810 durable)
[05:22:45.890] LOG: [coop:launch] RUN IDENTITY resume-accepted-host run=fe389d9c-f782-46b0-824c-7da4e4034152 checkpointRev=16
[05:22:45.890] LOG: [coop:launch] EPOCH MINT epoch=1828680669071744 reason=cold-resume
[05:22:45.891] LOG: [coop:v2-recovery] hard epoch boundary 1828680662497173->1828680669071744; retired prior authoritative log
[05:22:45.892] LOG: [coop:webrtc] raw tx QUEUE role=host t=resumeAccepted bytes=410
[05:22:45.892] LOG: [coop:webrtc] raw tx QUEUE role=host t=hello bytes=702
[05:22:45.902] LOG: [coop:webrtc] raw tx QUEUE role=host t=sessionBinding bytes=535
[05:22:46.570] LOG: [coop:webrtc] raw rx role=host t=requestLaunchSnapshot bytes=39 handlers=10
[05:22:46.570] WARN: [coop:stream] host RECV requestLaunchSnapshot wave=16 -> no matching cache (cached=none)
[05:22:46.570] LOG: [coop:webrtc] raw rx role=host t=sessionBindingAck bytes=148 handlers=10
[05:22:46.574] LOG: [coop:v2-turn] turn CUTOVER active role=authority session=p33-session:5ASUF6:1828680669071744
[05:22:46.574] LOG: [coop:v2-replacement] replacement CUTOVER active role=authority session=p33-session:5ASUF6:1828680669071744
[05:22:46.574] LOG: [coop:v2-wave] wave/terminal CUTOVER active role=authority session=p33-session:5ASUF6:1828680669071744
[05:22:46.574] LOG: [coop:v2-interaction] shared-interaction CUTOVER active role=authority session=p33-session:5ASUF6:1828680669071744
[05:22:46.574] LOG: [coop:v2-control] explicit control-open CUTOVER active role=authority session=p33-session:5ASUF6:1828680669071744
[05:22:46.574] LOG: [coop:v2-shadow] harness built role=authority seat=0 session=p33-session:5ASUF6:1828680669071744
[05:22:46.575] LOG: [coop:owner] ownerOf(counter=0) seat=0 -> owner=host
[05:22:46.575] LOG: [coop:owner] ownerOf(counter=0) seat=0 -> owner=host
[05:22:46.575] LOG: [coop:webrtc] raw rx role=host t=hello bytes=960 handlers=10
[05:22:46.583] LOG: [coop:owner] ownerOf(counter=0) seat=0 -> owner=host
[05:22:46.584] LOG: [coop:owner] ownerOf(counter=0) seat=0 -> owner=host
[05:22:46.913] LOG: [coop:webrtc] raw rx role=host t=requestLaunchSnapshot bytes=39 handlers=10
[05:22:46.913] WARN: [coop:stream] host RECV requestLaunchSnapshot wave=16 -> no matching cache (cached=none)
[05:22:47.914] LOG: [coop:webrtc] raw rx role=host t=requestLaunchSnapshot bytes=39 handlers=10
[05:22:47.915] WARN: [coop:stream] host RECV requestLaunchSnapshot wave=16 -> no matching cache (cached=none)
[05:22:48.929] LOG: [coop:webrtc] raw rx role=host t=requestLaunchSnapshot bytes=39 handlers=10
[05:22:48.930] WARN: [coop:stream] host RECV requestLaunchSnapshot wave=16 -> no matching cache (cached=none)
[05:22:49.004] LOG: [coop:launch] RUN IDENTITY session-materialized run=fe389d9c-f782-46b0-824c-7da4e4034152 checkpointRev=16
[05:22:49.004] LOG: [coop:interaction] restoreInteractionCounter(16) (role=host, cold-resume)
[05:22:49.004] LOG: [coop:owner] ownerOf(counter=16) seat=0 -> owner=host
[05:22:49.004] LOG: [coop:owner] ownerOf(counter=16) seat=0 -> owner=host
[05:22:49.009] LOG: Wave Seed: roIqItKgmcw6vHtJICPZHtiq 0
[05:22:49.009] LOG: Seed: roIqItKgmcw6vHtJICPZHtiq
[05:22:49.010] LOG: [coop:relay] purgeBufferedArrivals(applyCoopLaunchSession (resume/launch adopt)) nothing buffered (#861)
[05:22:49.010] LOG: [coop:stream] purgeSessionBoundaryState(applyCoopLaunchSession (resume/launch adopt)) nothing buffered
[05:22:49.017] LOG: Wave Seed: YY[w}sFXZYS`jXy 16
[05:22:49.061] LOG: [coop:replay] host SEND launchSnapshot wave=16 sessionLen=14581
[05:22:49.061] LOG: [coop:webrtc] raw tx QUEUE role=host t=launchSnapshot bytes=16252
[05:22:49.063] LOG: [coop:webrtc] raw tx CHUNKED role=host t=launchSnapshot bytes=16252 chunks=2 id=host-0-7
[05:22:51.503] LOG: [coop:webrtc] raw rx role=host t=resumeApplied bytes=76 handlers=10
[05:22:51.503] LOG: [coop:webrtc] raw tx QUEUE role=host t=resumeAppliedAck bytes=64
[05:22:51.504] LOG: [coop:webrtc] raw tx QUEUE role=host t=resumeRelease bytes=61
[05:22:51.505] LOG: [coop:webrtc] raw rx role=host t=resumeReleaseAck bytes=64 handlers=10
[05:22:51.510] LOG: %cStart Phase EncounterPhase color:green;
[05:22:54.924] LOG: [coop:replay] host SEND enemyPartySync wave=16 count=0 meType=27 battleType=3 entryPresentation=-
[05:22:54.925] LOG: [coop:webrtc] raw tx QUEUE role=host t=enemyPartySync bytes=13798
[05:22:54.926] LOG: [coop:webrtc] raw tx CHUNKED role=host t=enemyPartySync bytes=13798 chunks=2 id=host-0-10
[05:22:54.928] LOG: Wave Seed: YY[w}sFXZYS`jXy 16
[05:22:58.862] LOG: [coop:turn] host recorder: begin turn=1 scope=1828680669071744:16 (no prior open recording)
[05:22:58.866] LOG: %cStart Phase MysteryEncounterPhase color:green;
[05:22:58.867] LOG: [coop:interaction] interactionCounter() read -> 16 (role=host)
[05:22:58.868] LOG: [coop:me] interaction-counter -1 -> 16 (ME begin)
[05:22:58.868] LOG: [coop:me] coopBeginMePump owner resolution (authoritative-only) {"counter":16,"seq":8000016,"role":"host","spoofed":false,"hostDrives":true}
[05:22:58.868] LOG: [coop:owner] ownerOf(counter=16) seat=0 -> owner=host
[05:22:58.868] LOG: [coop:owner] isLocalOwnerAtCounter(pinnedCounter=16) parity=0 owner=host role=host -> true
[05:22:58.871] LOG: [coop:pump] begin OWNER session {"seq":8000016,"termSeq":9000016}
[05:22:58.871] LOG: [coop:me] ME owner streamed entry checksum {"seq":8000016}
[05:22:58.873] LOG: [coop:interaction] interactionCounter() read -> 16 (role=host)
[05:22:58.877] LOG: [coop:checksum] capture digest=50524a1af8586884 field=1 biome=4 seed=roIqItKgmcw6vHtJICPZHtiq weather=0 terrain=0 money=1343 party=[115,155,201,495,133] partyLevels=[15,14,7,8,7] arenaTags=0 modifiers=10 heldItemsDigest=3 pokeballs=[0:10,1:15,2:0,3:0,4:0] mons=[bi0:sp115/hp61-61/st0/ab89/form0/tera0:0/boss0:0]
[05:22:58.877] LOG: [coop:checksum] owner SEND meChecksum seq=8000016 checksum=50524a1af8586884
[05:22:58.878] LOG: [coop:webrtc] raw tx QUEUE role=host t=meChecksum bytes=62
[05:22:58.879] LOG: [coop:me] host streams ME presentation (mePresent) {"seq":8000016,"opts":2,"labels":2,"tokens":5}
[05:22:58.901] LOG: [coop:webrtc] raw tx QUEUE role=host t=authorityEntry bytes=15487
[05:22:58.903] LOG: [coop:webrtc] raw tx CHUNKED role=host t=authorityEntry bytes=15487 chunks=2 id=host-0-12
[05:22:58.913] LOG: [coop:v2-shadow] PARITY kind=INTERACTION_COMMIT rev=1 match=true field=-
[05:22:58.913] LOG: [coop:me] ME op OWNER committed kind=ME_PRESENT rev=1 id=1828680669071744:0:ME_PRESENT:64000128000 (Wave-2c)
[05:22:58.914] LOG: [coop:owner] ownerOf(counter=16) seat=0 -> owner=host
[05:22:58.914] LOG: [coop:owner] isLocalOwnerAtCounter(pinnedCounter=16) parity=0 owner=host role=host -> true
[05:22:58.964] LOG: [coop:owner] ownerOf(counter=16) seat=0 -> owner=host
[05:22:58.964] LOG: [coop:owner] isLocalOwnerAtCounter(pinnedCounter=16) parity=0 owner=host role=host -> true
[05:22:58.987] LOG: [coop:v2-authority] receipt rev=1 op=1828680669071744:0:ME_PRESENT:64000128000 stage=admitted sender=1 generation=0 advanced retired=false waiting=[1] subsumed=[]
[05:22:59.004] LOG: [coop:v2-authority] receipt rev=1 op=1828680669071744:0:ME_PRESENT:64000128000 stage=materialApplied sender=1 generation=0 advanced retired=false waiting=[1] subsumed=[]
[05:22:59.005] LOG: [coop:webrtc] raw rx role=host t=coopResyncAll bytes=21 handlers=10
[05:22:59.158] LOG: [coop:v2-authority] receipt rev=1 op=1828680669071744:0:ME_PRESENT:64000128000 stage=materialApplied sender=1 generation=0 duplicate highestStage=1
[05:22:59.159] LOG: [coop:v2-authority] receipt rev=1 op=1828680669071744:0:ME_PRESENT:64000128000 stage=controlInstalled sender=1 generation=0 advanced retired=true waiting=[] subsumed=[]
[05:22:59.159] LOG: [coop:webrtc] raw rx role=host t=coopResyncAll bytes=21 handlers=10
[05:23:00.542] LOG: [coop:owner] ownerOf(counter=16) seat=0 -> owner=host
[05:23:00.542] LOG: [coop:owner] isLocalOwnerAtCounter(pinnedCounter=16) parity=0 owner=host role=host -> true
[05:23:00.543] LOG: [coop:owner] ownerOf(counter=16) seat=0 -> owner=host
[05:23:00.543] LOG: [coop:owner] isLocalOwnerAtCounter(pinnedCounter=16) parity=0 owner=host role=host -> true
[05:23:00.543] LOG: [coop:webrtc] raw tx QUEUE role=host t=meCursor bytes=26
[05:23:00.548] LOG: [coop:me] ui: owner press consumed + relayed {"button":3}
[05:23:00.548] LOG: [coop:pump] relay OWNER button {"seq":8000016,"kind":"meBtn","button":3}
[05:23:00.549] LOG: [coop:v2-interaction] suppressed retired raw Mystery button seq=8000016 choice=3
[05:23:01.080] LOG: [coop:owner] ownerOf(counter=16) seat=0 -> owner=host
[05:23:01.080] LOG: [coop:owner] isLocalOwnerAtCounter(pinnedCounter=16) parity=0 owner=host role=host -> true
[05:23:01.080] LOG: [coop:owner] ownerOf(counter=16) seat=0 -> owner=host
[05:23:01.080] LOG: [coop:owner] isLocalOwnerAtCounter(pinnedCounter=16) parity=0 owner=host role=host -> true
[05:23:01.080] LOG: [coop:webrtc] raw tx QUEUE role=host t=meCursor bytes=26
[05:23:01.086] LOG: [coop:me] ui: owner press consumed + relayed {"button":2}
[05:23:01.086] LOG: [coop:pump] relay OWNER button {"seq":8000016,"kind":"meBtn","button":2}
[05:23:01.086] LOG: [coop:v2-interaction] suppressed retired raw Mystery button seq=8000016 choice=2
[05:23:01.490] LOG: [coop:owner] ownerOf(counter=16) seat=0 -> owner=host
[05:23:01.490] LOG: [coop:owner] isLocalOwnerAtCounter(pinnedCounter=16) parity=0 owner=host role=host -> true
[05:23:01.490] LOG: [coop:owner] ownerOf(counter=16) seat=0 -> owner=host
[05:23:01.490] LOG: [coop:owner] isLocalOwnerAtCounter(pinnedCounter=16) parity=0 owner=host role=host -> true
[05:23:01.496] LOG: [coop:me] ME op OWNER committed kind=ME_PICK rev=2 id=1828680669071744:0:ME_PICK:64000129000 (Wave-2c)
[05:23:01.497] LOG: [coop:owner] ownerOf(counter=16) seat=0 -> owner=host
[05:23:01.497] LOG: [coop:owner] isLocalOwnerAtCounter(pinnedCounter=16) parity=0 owner=host role=host -> true
[05:23:01.497] LOG: [coop:owner] ownerOf(counter=16) seat=0 -> owner=host
[05:23:01.498] LOG: [coop:owner] isLocalOwnerAtCounter(pinnedCounter=16) parity=0 owner=host role=host -> true
[05:23:02.080] LOG: [coop:me] ui: owner press consumed + relayed {"button":5}
[05:23:02.080] LOG: [coop:pump] relay OWNER button {"seq":8000016,"kind":"meBtn","button":5}
[05:23:02.081] LOG: [coop:v2-interaction] suppressed retired raw Mystery button seq=8000016 choice=5
[05:23:03.091] LOG: [coop:owner] ownerOf(counter=16) seat=0 -> owner=host
[05:23:03.091] LOG: [coop:owner] isLocalOwnerAtCounter(pinnedCounter=16) parity=0 owner=host role=host -> true
[05:23:03.119] LOG: [coop:me] ui: owner scroll-skip press NOT relayed (handler not ready) {"button":5}
[05:23:03.483] LOG: [coop:owner] ownerOf(counter=16) seat=0 -> owner=host
[05:23:03.483] LOG: [coop:owner] isLocalOwnerAtCounter(pinnedCounter=16) parity=0 owner=host role=host -> true
[05:23:03.486] LOG: [coop:owner] ownerOf(counter=16) seat=0 -> owner=host
[05:23:03.487] LOG: [coop:owner] isLocalOwnerAtCounter(pinnedCounter=16) parity=0 owner=host role=host -> true
[05:23:03.536] LOG: [coop:me] ui: owner scroll-skip press NOT relayed (handler not ready) {"button":5}
[05:23:03.537] LOG: [coop:owner] ownerOf(counter=16) seat=0 -> owner=host
[05:23:03.537] LOG: [coop:owner] isLocalOwnerAtCounter(pinnedCounter=16) parity=0 owner=host role=host -> true
[05:23:03.540] LOG: [coop:me] ui: host streams ME narration (showText) {"len":23,"preview":"Time to test your luck!"}
[05:23:03.541] LOG: [coop:me] host stream ME-message wave=16 seq=8000016 step=0 ack=0 len=23
[05:23:03.541] LOG: [coop:replay] host SEND meMessage wave=16 seq=8000016 step=0 ack=0 id=1828680669071744:0:ME_BUTTON:64000131000 len=23
[05:23:03.541] LOG: [coop:webrtc] raw tx QUEUE role=host t=meMessage bytes=160
[05:23:04.471] LOG: [coop:owner] ownerOf(counter=16) seat=0 -> owner=host
[05:23:04.471] LOG: [coop:owner] isLocalOwnerAtCounter(pinnedCounter=16) parity=0 owner=host role=host -> true
[05:23:04.472] LOG: [coop:me] ui: owner press consumed + relayed {"button":5}
[05:23:04.472] LOG: [coop:pump] relay OWNER button {"seq":8000016,"kind":"meBtn","button":5}
[05:23:04.472] LOG: [coop:v2-interaction] suppressed retired raw Mystery button seq=8000016 choice=5
[05:23:04.497] LOG: [coop:owner] ownerOf(counter=16) seat=0 -> owner=host
[05:23:04.498] LOG: [coop:owner] isLocalOwnerAtCounter(pinnedCounter=16) parity=0 owner=host role=host -> true
[05:23:04.508] LOG: %cStart Phase MysteryEncounterOptionSelectedPhase color:green;
[05:23:04.513] LOG: [coop:me] ui: host streams ME narration (showText) {"len":14,"preview":"You paid ₽620."}
[05:23:04.513] LOG: [coop:me] host stream ME-message wave=16 seq=8000016 step=1 ack=0 len=14
[05:23:04.513] LOG: [coop:replay] host SEND meMessage wave=16 seq=8000016 step=1 ack=0 id=1828680669071744:0:ME_BUTTON:64000131001 len=14
[05:23:04.514] LOG: [coop:webrtc] raw tx QUEUE role=host t=meMessage bytes=153
[05:23:05.036] LOG: [coop:owner] ownerOf(counter=16) seat=0 -> owner=host
[05:23:05.036] LOG: [coop:owner] isLocalOwnerAtCounter(pinnedCounter=16) parity=0 owner=host role=host -> true
[05:23:05.037] LOG: [coop:me] ui: owner press consumed + relayed {"button":5}
[05:23:05.037] LOG: [coop:pump] relay OWNER button {"seq":8000016,"kind":"meBtn","button":5}
[05:23:05.037] LOG: [coop:v2-interaction] suppressed retired raw Mystery button seq=8000016 choice=5
[05:23:05.039] LOG: [coop:me] ui: host streams ME narration (showText) {"len":15,"preview":"Go! Kangaskhan!"}
[05:23:05.039] LOG: [coop:me] host stream ME-message wave=16 seq=8000016 step=2 ack=0 len=15
[05:23:05.039] LOG: [coop:replay] host SEND meMessage wave=16 seq=8000016 step=2 ack=0 id=1828680669071744:0:ME_BUTTON:64000131002 len=15
[05:23:05.039] LOG: [coop:webrtc] raw tx QUEUE role=host t=meMessage bytes=152
[05:23:06.025] LOG: [coop:owner] ownerOf(counter=16) seat=0 -> owner=host
[05:23:06.025] LOG: [coop:owner] isLocalOwnerAtCounter(pinnedCounter=16) parity=0 owner=host role=host -> true
[05:23:06.025] LOG: [coop:me] ui: owner scroll-skip press NOT relayed (handler not ready) {"button":5}
[05:23:09.261] LOG: [coop:me] owner-relay battle-handoff sentinel (end pump, run spawned battle)
[05:23:09.270] LOG: [coop:v2-interaction] terminal proof recorded op=1828680669071744:0:ME_TERMINAL:72000132000 role=host seat=0 duplicate=0 ambient=1
[05:23:09.291] LOG: [coop:webrtc] raw tx QUEUE role=host t=authorityEntry bytes=76612
[05:23:09.296] LOG: [coop:webrtc] raw tx CHUNKED role=host t=authorityEntry bytes=76612 chunks=9 id=host-0-18
[05:23:09.306] LOG: [coop:v2-shadow] PARITY kind=INTERACTION_COMMIT rev=2 match=true field=-
[05:23:09.306] LOG: [coop:me] ME op OWNER committed kind=ME_TERMINAL rev=3 id=1828680669071744:0:ME_TERMINAL:72000132000 (Wave-2c)
[05:23:09.306] LOG: [coop:pump] relay BATTLE-HANDOFF sentinel {"termSeq":9000016,"sentinel":-1000,"hostTurn":1}
[05:23:09.307] LOG: [coop:pump] end session {"wasOwner":true,"seq":8000016,"termSeq":9000016}
[05:23:09.309] LOG: %cStart Phase ShinySparklePhase color:green;
[05:23:09.309] LOG: [coop:turn] host recorder: append turn=1 seq=0 k=shinySparkle total=1 live=true
[05:23:09.310] LOG: [coop:runtime] ME-stream live-event host turn=1 seq=0 k=shinySparkle
[05:23:09.311] LOG: [coop:replay] host EMIT live battleEvent turn=1 seq=0 k=shinySparkle
[05:23:09.311] LOG: [coop:webrtc] raw tx QUEUE role=host t=battleEvent bytes=156
[05:23:09.358] LOG: [coop:v2-authority] receipt rev=2 op=1828680669071744:0:ME_TERMINAL:72000132000 stage=admitted sender=1 generation=0 advanced retired=false waiting=[1] subsumed=[]
[05:23:09.413] LOG: %cStart Phase PostSummonPhase color:green;
[05:23:09.414] LOG: Ran PSP for: Kangaskhan
[05:23:09.422] LOG: %cStart Phase TurnInitPhase color:green;
[05:23:09.425] LOG: [coop:turn] host recorder: append turn=1 seq=1 k=message total=2 live=true
[05:23:09.425] LOG: [coop:runtime] ME-stream live-event host turn=1 seq=1 k=message
[05:23:09.425] LOG: [coop:replay] host EMIT live battleEvent turn=1 seq=1 k=message
[05:23:09.425] LOG: [coop:webrtc] raw tx QUEUE role=host t=battleEvent bytes=127
[05:23:09.426] LOG: %cStart Phase MessagePhase color:green;
[05:23:09.498] LOG: [coop:v2-authority] receipt rev=2 op=1828680669071744:0:ME_TERMINAL:72000132000 stage=materialApplied sender=1 generation=0 advanced retired=false waiting=[1] subsumed=[]
[05:23:09.499] LOG: [coop:v2-authority] receipt rev=2 op=1828680669071744:0:ME_TERMINAL:72000132000 stage=controlInstalled sender=1 generation=0 advanced retired=true waiting=[] subsumed=[]
[05:23:11.231] LOG: %cStart Phase MysteryEncounterBattleStartCleanupPhase color:green;
[05:23:11.244] LOG: %cStart Phase CommandPhase color:green;
[05:23:11.254] LOG: [coop:replay] host SEND enemyPartySync wave=16 count=1 meType=27 battleType=3 entryPresentation=2
[05:23:11.254] LOG: [coop:webrtc] raw tx QUEUE role=host t=enemyPartySync bytes=16519
[05:23:11.255] LOG: [coop:webrtc] raw tx CHUNKED role=host t=enemyPartySync bytes=16519 chunks=2 id=host-0-21
[05:23:11.255] LOG: [coop:replay] host RE-BROADCAST wave-start authority wave=16 after post-summon boundary stateChanged=true presentation=2 (#920)
[05:23:11.273] LOG: [coop:webrtc] raw tx QUEUE role=host t=authorityEntry bytes=16681
[05:23:11.275] LOG: [coop:webrtc] raw tx CHUNKED role=host t=authorityEntry bytes=16681 chunks=2 id=host-0-22
[05:23:11.277] LOG: [coop:v2-shadow] PARITY kind=CONTROL_COMMIT rev=3 match=true field=-
[05:23:11.280] LOG: [coop:rendezvous] next-command barrier ARRIVE+AWAIT cmd:16:1 slot=0
[05:23:11.281] LOG: [coop:rendezvous] ARRIVE point=cmd:16:1 (send) role=host
[05:23:11.281] LOG: [coop:webrtc] raw tx QUEUE role=host t=rendezvous bytes=37
[05:23:11.282] LOG: [coop:rendezvous] AWAIT point=cmd:16:1 timeoutMs=60000 -> network-wait role=host
[05:23:11.329] LOG: [coop:v2-authority] receipt rev=3 op=V2/CONTROL/COMMAND/e1828680669071744/w16/t1/tick10 stage=admitted sender=1 generation=0 advanced retired=false waiting=[1] subsumed=[]
[05:23:11.538] LOG: [coop:webrtc] raw tx QUEUE role=host t=authorityEntry bytes=16681
[05:23:11.540] LOG: [coop:webrtc] raw tx CHUNKED role=host t=authorityEntry bytes=16681 chunks=2 id=host-0-24
[05:23:11.571] LOG: [coop:v2-authority] receipt rev=3 op=V2/CONTROL/COMMAND/e1828680669071744/w16/t1/tick10 stage=admitted sender=1 generation=0 duplicate highestStage=0
[05:23:12.046] LOG: [coop:webrtc] raw tx QUEUE role=host t=authorityEntry bytes=16681
[05:23:12.047] LOG: [coop:webrtc] raw tx CHUNKED role=host t=authorityEntry bytes=16681 chunks=2 id=host-0-25
[05:23:12.080] LOG: [coop:v2-authority] receipt rev=3 op=V2/CONTROL/COMMAND/e1828680669071744/w16/t1/tick10 stage=admitted sender=1 generation=0 duplicate highestStage=0
[05:23:12.226] LOG: [coop:v2-authority] receipt rev=3 op=V2/CONTROL/COMMAND/e1828680669071744/w16/t1/tick10 stage=admitted sender=1 generation=0 duplicate highestStage=0
[05:23:12.242] LOG: [coop:v2-authority] receipt rev=3 op=V2/CONTROL/COMMAND/e1828680669071744/w16/t1/tick10 stage=admitted sender=1 generation=0 duplicate highestStage=0
[05:23:12.272] LOG: [coop:webrtc] raw rx role=host t=rendezvous bytes=37 handlers=10
[05:23:12.272] LOG: [coop:rendezvous] RECV arrival point=cmd:16:1 -> deliver-to-waiter role=host
[05:23:12.272] LOG: [coop:webrtc] raw tx QUEUE role=host t=rendezvous bytes=37
[05:23:12.273] LOG: [coop:rendezvous] AWAIT point=cmd:16:1 RESOLVE both-arrived role=host
[05:23:12.278] LOG: [coop:webrtc] raw tx QUEUE role=host t=enemyPartySync bytes=16519
[05:23:12.279] LOG: [coop:webrtc] raw tx CHUNKED role=host t=enemyPartySync bytes=16519 chunks=2 id=host-0-27
[05:23:12.280] LOG: [coop:replay] host RE-BROADCAST wave-start authority wave=16 after post-summon boundary stateChanged=false presentation=2 (#920)
[05:23:12.281] LOG: [coop:owner] ownerOf(counter=16) seat=0 -> owner=host
[05:23:12.281] LOG: [coop:owner] isLocalOwnerAtCounter(pinnedCounter=16) parity=0 owner=host role=host -> true
[05:23:12.305] LOG: [coop:v2-authority] receipt rev=3 op=V2/CONTROL/COMMAND/e1828680669071744/w16/t1/tick10 stage=materialApplied sender=1 generation=0 advanced retired=false waiting=[1] subsumed=[]
[05:23:12.306] LOG: [coop:v2-authority] receipt rev=3 op=V2/CONTROL/COMMAND/e1828680669071744/w16/t1/tick10 stage=controlInstalled sender=1 generation=0 advanced retired=true waiting=[] subsumed=[]
[05:23:13.025] LOG: Move: SEISMIC_TOSS Move targets: {"targets":[2],"multiple":false} 
Player Pokemon: Kangaskhan
[05:23:13.026] LOG: [coop:relay] broadcastLocalCommand SEND fieldIndex=0 owner=host turn=1 command=0 cursor=0 moveId=69 targets=[2]
[05:23:13.026] LOG: [coop:webrtc] raw tx QUEUE role=host t=command bytes=239
[05:23:13.027] LOG: [coop:owner] ownerOf(counter=16) seat=0 -> owner=host
[05:23:13.027] LOG: [coop:owner] isLocalOwnerAtCounter(pinnedCounter=16) parity=0 owner=host role=host -> true
[05:23:13.029] LOG: %cStart Phase EnemyCommandPhase color:green;
[05:23:13.035] LOG: Battle Seed: 4swkKhT8IFzBzRzK
[05:23:13.041] LOG: Move Pool: ["Encore","Destiny Bond"]
[05:23:13.041] LOG: Move Scores: [-20,0]
[05:23:13.041] LOG: Sorted Move Pool: ["Destiny Bond","Encore"]
[05:23:13.041] LOG: Chosen Move: Destiny Bond
[05:23:13.041] LOG: %cStart Phase TurnStartPhase color:green;
[05:23:13.042] LOG: [coop:turn] host recorder: preserve recording scope=1828680669071744:16 turn=1 events=2 seq=2
[05:23:13.058] LOG: %cStart Phase MovePhase color:green;
[05:23:13.059] LOG: %cUser: Kangaskhan
Move: SEISMIC_TOSS
Use Mode: NORMAL color:orchid
[05:23:13.070] LOG: [coop:turn] host recorder: append turn=1 seq=2 k=moveUsed total=3 live=true
[05:23:13.070] LOG: [coop:runtime] ME-stream live-event host turn=1 seq=2 k=moveUsed
[05:23:13.070] LOG: [coop:replay] host EMIT live battleEvent turn=1 seq=2 k=moveUsed
[05:23:13.070] LOG: [coop:webrtc] raw tx QUEUE role=host t=battleEvent bytes=250
[05:23:13.086] LOG: %cStart Phase MessagePhase color:green;
[05:23:13.209] LOG: %cStart Phase MoveEffectPhase color:green;
[05:23:13.244] LOG: [coop:turn] host recorder: append turn=1 seq=3 k=moveAnim total=4 live=true
[05:23:13.244] LOG: [coop:runtime] ME-stream live-event host turn=1 seq=3 k=moveAnim
[05:23:13.244] LOG: [coop:replay] host EMIT live battleEvent turn=1 seq=3 k=moveAnim
[05:23:13.245] LOG: [coop:webrtc] raw tx QUEUE role=host t=battleEvent bytes=259
[05:23:14.653] LOG: [coop:turn] host recorder: append turn=1 seq=4 k=hp total=5 live=true
[05:23:14.653] LOG: [coop:runtime] ME-stream live-event host turn=1 seq=4 k=hp
[05:23:14.653] LOG: [coop:replay] host EMIT live battleEvent turn=1 seq=4 k=hp
[05:23:14.654] LOG: [coop:webrtc] raw tx QUEUE role=host t=battleEvent bytes=200
[05:23:14.668] LOG: %cStart Phase ShowAbilityPhase color:green;
[05:23:14.669] LOG: [coop:turn] host recorder: append turn=1 seq=5 k=showAbility total=6 live=true
[05:23:14.669] LOG: [coop:runtime] ME-stream live-event host turn=1 seq=5 k=showAbility
[05:23:14.669] LOG: [coop:replay] host EMIT live battleEvent turn=1 seq=5 k=showAbility
[05:23:14.669] LOG: [coop:webrtc] raw tx QUEUE role=host t=battleEvent bytes=239
[05:23:14.819] LOG: %cStart Phase HideAbilityPhase color:green;
[05:23:14.820] LOG: [coop:turn] host recorder: append turn=1 seq=6 k=hideAbility total=7 live=true
[05:23:14.820] LOG: [coop:runtime] ME-stream live-event host turn=1 seq=6 k=hideAbility
[05:23:14.820] LOG: [coop:replay] host EMIT live battleEvent turn=1 seq=6 k=hideAbility
[05:23:14.820] LOG: [coop:webrtc] raw tx QUEUE role=host t=battleEvent bytes=99
[05:23:14.872] LOG: %cStart Phase DamageAnimPhase color:green;
[05:23:14.906] LOG: %cStart Phase MoveEffectPhase color:green;
[05:23:14.920] LOG: [coop:turn] host recorder: append turn=1 seq=7 k=moveAnim total=8 live=true
[05:23:14.920] LOG: [coop:runtime] ME-stream live-event host turn=1 seq=7 k=moveAnim
[05:23:14.920] LOG: [coop:replay] host EMIT live battleEvent turn=1 seq=7 k=moveAnim
[05:23:14.920] LOG: [coop:webrtc] raw tx QUEUE role=host t=battleEvent bytes=259
[05:23:16.333] LOG: [coop:turn] host recorder: append turn=1 seq=8 k=hp total=9 live=true
[05:23:16.333] LOG: [coop:runtime] ME-stream live-event host turn=1 seq=8 k=hp
[05:23:16.333] LOG: [coop:replay] host EMIT live battleEvent turn=1 seq=8 k=hp
[05:23:16.333] LOG: [coop:webrtc] raw tx QUEUE role=host t=battleEvent bytes=200
[05:23:16.347] LOG: [coop:turn] host recorder: append turn=1 seq=9 k=message total=10 live=true
[05:23:16.347] LOG: [coop:runtime] ME-stream live-event host turn=1 seq=9 k=message
[05:23:16.348] LOG: [coop:replay] host EMIT live battleEvent turn=1 seq=9 k=message
[05:23:16.348] LOG: [coop:webrtc] raw tx QUEUE role=host t=battleEvent bytes=119
[05:23:16.348] LOG: %cStart Phase DamageAnimPhase color:green;
[05:23:16.389] LOG: %cStart Phase MessagePhase color:green;
[05:23:16.576] LOG: %cStart Phase MoveEndPhase color:green;
[05:23:16.577] LOG: %cStart Phase CheckInterludePhase color:green;
[05:23:16.578] LOG: %cStart Phase WeatherEffectPhase color:green;
[05:23:16.578] LOG: %cStart Phase PositionalTagPhase color:green;
[05:23:16.578] LOG: %cStart Phase BerryPhase color:green;
[05:23:16.585] LOG: %cStart Phase CheckStatusEffectPhase color:green;
[05:23:16.589] LOG: %cStart Phase TurnEndPhase color:green;
[05:23:16.600] LOG: %cStart Phase CoopTurnCommitPhase color:green;
[05:23:16.601] LOG: [coop:turn] host recorder: finalize turn=1 events=10 seq=10
[05:23:16.603] LOG: [coop:checkpoint] build field=2 weather=0/0 terrain=0/0 arenaTags=0 money=723 mons=[bi0:sp115/hp61-61/st0/fnt0 bi2:sp202/hp52-82/st0/fnt0]
[05:23:16.603] LOG: [coop:checkpoint] host capture field=2 weather=0 terrain=0 money=723 arenaTags=0 mons=[bi0:sp115/hp61-61/st0/fnt0 bi2:sp202/hp52-82/st0/fnt0]
[05:23:16.606] LOG: [coop:interaction] interactionCounter() read -> 16 (role=host)
[05:23:16.609] LOG: [coop:replay] host SEND turnResolution e=1828680669071744 wave=16 turn=1 rev=13 events=10 checksum=29efedd20eb528b2
[05:23:16.619] LOG: [coop:webrtc] raw tx QUEUE role=host t=authorityEntry bytes=20826
[05:23:16.620] LOG: [coop:webrtc] raw tx CHUNKED role=host t=authorityEntry bytes=20826 chunks=3 id=host-0-37
[05:23:16.623] LOG: [coop:v2-shadow] PARITY kind=TURN_COMMIT rev=4 match=true field=- successor=owner-field
[05:23:16.623] LOG: [coop:webrtc] raw tx QUEUE role=host t=turnResolution bytes=20200
[05:23:16.624] LOG: [coop:webrtc] raw tx CHUNKED role=host t=turnResolution bytes=20200 chunks=3 id=host-0-38
[05:23:16.625] LOG: %cStart Phase TurnInitPhase color:green;
[05:23:16.626] LOG: %cStart Phase MessagePhase color:green;
[05:23:16.639] LOG: [coop:v2-authority] receipt rev=4 op=TURN/e1828680669071744/w16/t1 stage=admitted sender=1 generation=0 advanced retired=false waiting=[1] subsumed=[]
[05:23:16.710] LOG: [coop:webrtc] raw rx role=host t=turnCommitAck bytes=189 handlers=10
[05:23:16.710] LOG: [coop:stream] host IGNORE cosmetic turn ACK stage=materialApplied key=1828680669071744:16:1:13 (v2 owns retirement)
[05:23:16.748] LOG: [coop:webrtc] raw rx role=host t=turnCommitAck bytes=191 handlers=10
[05:23:16.748] LOG: [coop:stream] host IGNORE cosmetic turn ACK stage=presentationReady key=1828680669071744:16:1:13 (v2 owns retirement)
[05:23:16.748] LOG: [coop:v2-authority] receipt rev=4 op=TURN/e1828680669071744/w16/t1 stage=admitted sender=1 generation=0 duplicate highestStage=0
[05:23:16.748] LOG: [coop:v2-authority] receipt rev=4 op=TURN/e1828680669071744/w16/t1 stage=materialApplied sender=1 generation=0 advanced retired=false waiting=[1] subsumed=[]
[05:23:16.775] LOG: [coop:v2-authority] receipt rev=4 op=TURN/e1828680669071744/w16/t1 stage=materialApplied sender=1 generation=0 duplicate highestStage=1
[05:23:16.776] LOG: [coop:v2-authority] receipt rev=4 op=TURN/e1828680669071744/w16/t1 stage=controlInstalled sender=1 generation=0 advanced retired=true waiting=[] subsumed=[]
[05:23:16.788] LOG: [coop:webrtc] raw rx role=host t=rendezvous bytes=37 handlers=10
[05:23:16.789] LOG: [coop:rendezvous] RECV arrival point=cmd:16:2 -> BUFFER (no waiter yet) role=host
[05:23:16.789] LOG: [coop:webrtc] raw rx role=host t=turnCommitAck bytes=191 handlers=10
[05:23:16.789] LOG: [coop:stream] host IGNORE cosmetic turn ACK stage=continuationReady key=1828680669071744:16:1:13 (v2 owns retirement)
[05:23:17.585] LOG: %cStart Phase MessagePhase color:green;
[05:23:18.021] LOG: %cStart Phase CommandPhase color:green;
[05:23:18.028] LOG: [coop:rendezvous] ARRIVE point=cmd:16:2 (send) role=host
[05:23:18.028] LOG: [coop:webrtc] raw tx QUEUE role=host t=rendezvous bytes=37
[05:23:18.028] LOG: [coop:rendezvous] next-command barrier cmd:16:2 SYNC pass (partner already arrived)
[05:23:18.029] LOG: [coop:owner] ownerOf(counter=16) seat=0 -> owner=host
[05:23:18.029] LOG: [coop:owner] isLocalOwnerAtCounter(pinnedCounter=16) parity=0 owner=host role=host -> true
[05:23:19.485] LOG: [coop:interaction] interactionCounter() read -> 16 (role=host)
[05:23:19.485] LOG: [coop:health] tick=0g turn=2 wave=16 counter=16 assertions=0 wait=-1ms machineWaits=- peerBeat=- lastRx=0s transport=connected journal=0/0 queue=0
[05:23:20.170] LOG: Move: SEISMIC_TOSS Move targets: {"targets":[2],"multiple":false} 
Player Pokemon: Kangaskhan
[05:23:20.170] LOG: [coop:relay] broadcastLocalCommand SEND fieldIndex=0 owner=host turn=2 command=0 cursor=0 moveId=69 targets=[2]
[05:23:20.170] LOG: [coop:webrtc] raw tx QUEUE role=host t=command bytes=239
[05:23:20.170] LOG: [coop:owner] ownerOf(counter=16) seat=0 -> owner=host
[05:23:20.171] LOG: [coop:owner] isLocalOwnerAtCounter(pinnedCounter=16) parity=0 owner=host role=host -> true
[05:23:20.172] LOG: %cStart Phase EnemyCommandPhase color:green;
[05:23:20.175] LOG: Battle Seed: 4swkKhT8IFzBzRzK
[05:23:20.177] LOG: Move Pool: ["Encore","Destiny Bond"]
[05:23:20.177] LOG: Move Scores: [2,0]
[05:23:20.177] LOG: Sorted Move Pool: ["Encore","Destiny Bond"]
[05:23:20.177] LOG: Chosen Move: Destiny Bond
[05:23:20.177] LOG: %cStart Phase TurnStartPhase color:green;
[05:23:20.177] LOG: [coop:turn] host recorder: begin turn=2 scope=1828680669071744:16 (no prior open recording)
[05:23:20.189] LOG: %cStart Phase MovePhase color:green;
[05:23:20.189] LOG: %cUser: Kangaskhan
Move: SEISMIC_TOSS
Use Mode: NORMAL color:orchid
[05:23:20.196] LOG: [coop:turn] host recorder: append turn=2 seq=0 k=moveUsed total=1 live=true
[05:23:20.197] LOG: [coop:runtime] ME-stream live-event host turn=2 seq=0 k=moveUsed
[05:23:20.197] LOG: [coop:replay] host EMIT live battleEvent turn=2 seq=0 k=moveUsed
[05:23:20.197] LOG: [coop:webrtc] raw tx QUEUE role=host t=battleEvent bytes=250
[05:23:20.205] LOG: %cStart Phase MessagePhase color:green;
[05:23:20.343] LOG: %cStart Phase MoveEffectPhase color:green;
[05:23:20.353] LOG: [coop:turn] host recorder: append turn=2 seq=1 k=moveAnim total=2 live=true
[05:23:20.353] LOG: [coop:runtime] ME-stream live-event host turn=2 seq=1 k=moveAnim
[05:23:20.353] LOG: [coop:replay] host EMIT live battleEvent turn=2 seq=1 k=moveAnim
[05:23:20.353] LOG: [coop:webrtc] raw tx QUEUE role=host t=battleEvent bytes=259
[05:23:21.833] LOG: [coop:turn] host recorder: append turn=2 seq=2 k=hp total=3 live=true
[05:23:21.834] LOG: [coop:runtime] ME-stream live-event host turn=2 seq=2 k=hp
[05:23:21.834] LOG: [coop:replay] host EMIT live battleEvent turn=2 seq=2 k=hp
[05:23:21.834] LOG: [coop:webrtc] raw tx QUEUE role=host t=battleEvent bytes=200
[05:23:21.848] LOG: %cStart Phase ShowAbilityPhase color:green;
[05:23:21.849] LOG: [coop:turn] host recorder: append turn=2 seq=3 k=showAbility total=4 live=true
[05:23:21.849] LOG: [coop:runtime] ME-stream live-event host turn=2 seq=3 k=showAbility
[05:23:21.849] LOG: [coop:replay] host EMIT live battleEvent turn=2 seq=3 k=showAbility
[05:23:21.849] LOG: [coop:webrtc] raw tx QUEUE role=host t=battleEvent bytes=239
[05:23:22.003] LOG: %cStart Phase HideAbilityPhase color:green;
[05:23:22.003] LOG: [coop:turn] host recorder: append turn=2 seq=4 k=hideAbility total=5 live=true
[05:23:22.003] LOG: [coop:runtime] ME-stream live-event host turn=2 seq=4 k=hideAbility
[05:23:22.003] LOG: [coop:replay] host EMIT live battleEvent turn=2 seq=4 k=hideAbility
[05:23:22.003] LOG: [coop:webrtc] raw tx QUEUE role=host t=battleEvent bytes=99
[05:23:22.056] LOG: %cStart Phase DamageAnimPhase color:green;
[05:23:22.096] LOG: %cStart Phase MoveEffectPhase color:green;
[05:23:22.110] LOG: [coop:turn] host recorder: append turn=2 seq=5 k=moveAnim total=6 live=true
[05:23:22.110] LOG: [coop:runtime] ME-stream live-event host turn=2 seq=5 k=moveAnim
[05:23:22.111] LOG: [coop:replay] host EMIT live battleEvent turn=2 seq=5 k=moveAnim
[05:23:22.111] LOG: [coop:webrtc] raw tx QUEUE role=host t=battleEvent bytes=259
[05:23:23.769] LOG: [coop:turn] host recorder: append turn=2 seq=6 k=hp total=7 live=true
[05:23:23.769] LOG: [coop:runtime] ME-stream live-event host turn=2 seq=6 k=hp
[05:23:23.770] LOG: [coop:replay] host EMIT live battleEvent turn=2 seq=6 k=hp
[05:23:23.770] LOG: [coop:webrtc] raw tx QUEUE role=host t=battleEvent bytes=200
[05:23:23.783] LOG: [coop:turn] host recorder: append turn=2 seq=7 k=message total=8 live=true
[05:23:23.783] LOG: [coop:runtime] ME-stream live-event host turn=2 seq=7 k=message
[05:23:23.784] LOG: [coop:replay] host EMIT live battleEvent turn=2 seq=7 k=message
[05:23:23.784] LOG: [coop:webrtc] raw tx QUEUE role=host t=battleEvent bytes=119
[05:23:23.784] LOG: %cStart Phase DamageAnimPhase color:green;
[05:23:23.826] LOG: %cStart Phase MessagePhase color:green;
[05:23:24.011] LOG: %cStart Phase MoveEndPhase color:green;
[05:23:24.012] LOG: %cStart Phase CheckInterludePhase color:green;
[05:23:24.012] LOG: %cStart Phase WeatherEffectPhase color:green;
[05:23:24.012] LOG: %cStart Phase PositionalTagPhase color:green;
[05:23:24.012] LOG: %cStart Phase BerryPhase color:green;
[05:23:24.021] LOG: %cStart Phase CheckStatusEffectPhase color:green;
[05:23:24.028] LOG: %cStart Phase TurnEndPhase color:green;
[05:23:24.039] LOG: %cStart Phase CoopTurnCommitPhase color:green;
[05:23:24.039] LOG: [coop:turn] host recorder: finalize turn=2 events=8 seq=8
[05:23:24.040] LOG: [coop:checkpoint] build field=2 weather=0/0 terrain=0/0 arenaTags=0 money=723 mons=[bi0:sp115/hp61-61/st0/fnt0 bi2:sp202/hp22-82/st0/fnt0]
[05:23:24.040] LOG: [coop:checkpoint] host capture field=2 weather=0 terrain=0 money=723 arenaTags=0 mons=[bi0:sp115/hp61-61/st0/fnt0 bi2:sp202/hp22-82/st0/fnt0]
[05:23:24.043] LOG: [coop:interaction] interactionCounter() read -> 16 (role=host)
[05:23:24.045] LOG: [coop:replay] host SEND turnResolution e=1828680669071744 wave=16 turn=2 rev=17 events=8 checksum=f237264ad6096344
[05:23:24.054] LOG: [coop:webrtc] raw tx QUEUE role=host t=authorityEntry bytes=20750
[05:23:24.055] LOG: [coop:webrtc] raw tx CHUNKED role=host t=authorityEntry bytes=20750 chunks=3 id=host-0-49
[05:23:24.059] LOG: [coop:v2-shadow] PARITY kind=TURN_COMMIT rev=5 match=true field=- successor=owner-field
[05:23:24.060] LOG: [coop:webrtc] raw tx QUEUE role=host t=turnResolution bytes=20124
[05:23:24.063] LOG: [coop:webrtc] raw tx CHUNKED role=host t=turnResolution bytes=20124 chunks=3 id=host-0-50
[05:23:24.063] LOG: %cStart Phase TurnInitPhase color:green;
[05:23:24.064] LOG: %cStart Phase MessagePhase color:green;
[05:23:24.082] LOG: [coop:v2-authority] receipt rev=5 op=TURN/e1828680669071744/w16/t2 stage=admitted sender=1 generation=0 advanced retired=false waiting=[1] subsumed=[]
[05:23:24.195] LOG: [coop:webrtc] raw rx role=host t=turnCommitAck bytes=189 handlers=10
[05:23:24.196] LOG: [coop:stream] host IGNORE cosmetic turn ACK stage=materialApplied key=1828680669071744:16:2:17 (v2 owns retirement)
[05:23:24.223] LOG: [coop:webrtc] raw rx role=host t=turnCommitAck bytes=191 handlers=10
[05:23:24.224] LOG: [coop:stream] host IGNORE cosmetic turn ACK stage=presentationReady key=1828680669071744:16:2:17 (v2 owns retirement)
[05:23:24.237] LOG: [coop:v2-authority] receipt rev=5 op=TURN/e1828680669071744/w16/t2 stage=admitted sender=1 generation=0 duplicate highestStage=0
[05:23:24.237] LOG: [coop:v2-authority] receipt rev=5 op=TURN/e1828680669071744/w16/t2 stage=materialApplied sender=1 generation=0 advanced retired=false waiting=[1] subsumed=[]
[05:23:24.272] LOG: [coop:v2-authority] receipt rev=5 op=TURN/e1828680669071744/w16/t2 stage=materialApplied sender=1 generation=0 duplicate highestStage=1
[05:23:24.272] LOG: [coop:v2-authority] receipt rev=5 op=TURN/e1828680669071744/w16/t2 stage=controlInstalled sender=1 generation=0 advanced retired=true waiting=[] subsumed=[]
[05:23:24.272] LOG: [coop:webrtc] raw rx role=host t=rendezvous bytes=37 handlers=10
[05:23:24.273] LOG: [coop:rendezvous] RECV arrival point=cmd:16:3 -> BUFFER (no waiter yet) role=host
[05:23:24.273] LOG: [coop:webrtc] raw rx role=host t=turnCommitAck bytes=191 handlers=10
[05:23:24.273] LOG: [coop:stream] host IGNORE cosmetic turn ACK stage=continuationReady key=1828680669071744:16:2:17 (v2 owns retirement)
[05:23:24.980] LOG: %cStart Phase MessagePhase color:green;
[05:23:25.765] LOG: %cStart Phase CommandPhase color:green;
[05:23:25.771] LOG: [coop:rendezvous] ARRIVE point=cmd:16:3 (send) role=host
[05:23:25.771] LOG: [coop:webrtc] raw tx QUEUE role=host t=rendezvous bytes=37
[05:23:25.771] LOG: [coop:rendezvous] next-command barrier cmd:16:3 SYNC pass (partner already arrived)
[05:23:25.772] LOG: [coop:owner] ownerOf(counter=16) seat=0 -> owner=host
[05:23:25.772] LOG: [coop:owner] isLocalOwnerAtCounter(pinnedCounter=16) parity=0 owner=host role=host -> true
[05:23:29.323] LOG: Move: TRAILBLAZE Move targets: {"targets":[2],"multiple":false} 
Player Pokemon: Kangaskhan
[05:23:29.323] LOG: [coop:relay] broadcastLocalCommand SEND fieldIndex=0 owner=host turn=3 command=0 cursor=3 moveId=885 targets=[2]
[05:23:29.323] LOG: [coop:webrtc] raw tx QUEUE role=host t=command bytes=240
[05:23:29.324] LOG: [coop:owner] ownerOf(counter=16) seat=0 -> owner=host
[05:23:29.324] LOG: [coop:owner] isLocalOwnerAtCounter(pinnedCounter=16) parity=0 owner=host role=host -> true
[05:23:29.327] LOG: %cStart Phase EnemyCommandPhase color:green;
[05:23:29.331] LOG: Battle Seed: 4swkKhT8IFzBzRzK
[05:23:29.335] LOG: Move Pool: ["Encore","Destiny Bond"]
[05:23:29.336] LOG: Move Scores: [2,0]
[05:23:29.336] LOG: Sorted Move Pool: ["Encore","Destiny Bond"]
[05:23:29.336] LOG: Chosen Move: Destiny Bond
[05:23:29.336] LOG: %cStart Phase TurnStartPhase color:green;
[05:23:29.336] LOG: [coop:turn] host recorder: begin turn=3 scope=1828680669071744:16 (no prior open recording)
[05:23:29.352] LOG: %cStart Phase MovePhase color:green;
[05:23:29.352] LOG: %cUser: Kangaskhan
Move: TRAILBLAZE
Use Mode: NORMAL color:orchid
[05:23:29.359] LOG: [coop:turn] host recorder: append turn=3 seq=0 k=moveUsed total=1 live=true
[05:23:29.359] LOG: [coop:runtime] ME-stream live-event host turn=3 seq=0 k=moveUsed
[05:23:29.359] LOG: [coop:replay] host EMIT live battleEvent turn=3 seq=0 k=moveUsed
[05:23:29.359] LOG: [coop:webrtc] raw tx QUEUE role=host t=battleEvent bytes=251
[05:23:29.368] LOG: %cStart Phase MessagePhase color:green;
[05:23:29.463] LOG: %cStart Phase MoveEffectPhase color:green;
[05:23:29.485] LOG: [coop:turn] host recorder: append turn=3 seq=1 k=moveAnim total=2 live=true
[05:23:29.485] LOG: [coop:runtime] ME-stream live-event host turn=3 seq=1 k=moveAnim
[05:23:29.485] LOG: [coop:replay] host EMIT live battleEvent turn=3 seq=1 k=moveAnim
[05:23:29.485] LOG: [coop:webrtc] raw tx QUEUE role=host t=battleEvent bytes=260
[05:23:29.980] LOG: crit stage: +0
[05:23:29.993] LOG: Move: Trailblaze | Base damage: 18 | Power: 50 | Source attack: 38 | Target defense: 19
[05:23:30.003] LOG: Move: Trailblaze | Attack damage: 18
[05:23:30.003] LOG: [coop:turn] host recorder: append turn=3 seq=2 k=hp total=3 live=true
[05:23:30.003] LOG: [coop:runtime] ME-stream live-event host turn=3 seq=2 k=hp
[05:23:30.003] LOG: [coop:replay] host EMIT live battleEvent turn=3 seq=2 k=hp
[05:23:30.004] LOG: [coop:webrtc] raw tx QUEUE role=host t=battleEvent bytes=199
[05:23:30.016] LOG: %cStart Phase ShowAbilityPhase color:green;
[05:23:30.016] LOG: [coop:turn] host recorder: append turn=3 seq=3 k=showAbility total=4 live=true
[05:23:30.016] LOG: [coop:runtime] ME-stream live-event host turn=3 seq=3 k=showAbility
[05:23:30.016] LOG: [coop:replay] host EMIT live battleEvent turn=3 seq=3 k=showAbility
[05:23:30.017] LOG: [coop:webrtc] raw tx QUEUE role=host t=battleEvent bytes=239
[05:23:30.165] LOG: %cStart Phase HideAbilityPhase color:green;
[05:23:30.165] LOG: [coop:turn] host recorder: append turn=3 seq=4 k=hideAbility total=5 live=true
[05:23:30.165] LOG: [coop:runtime] ME-stream live-event host turn=3 seq=4 k=hideAbility
[05:23:30.165] LOG: [coop:replay] host EMIT live battleEvent turn=3 seq=4 k=hideAbility
[05:23:30.166] LOG: [coop:webrtc] raw tx QUEUE role=host t=battleEvent bytes=99
[05:23:30.242] LOG: %cStart Phase DamageAnimPhase color:green;
[05:23:30.275] LOG: %cStart Phase StatStageChangePhase color:green;
[05:23:30.469] LOG: [coop:turn] host recorder: append turn=3 seq=5 k=message total=6 live=true
[05:23:30.469] LOG: [coop:runtime] ME-stream live-event host turn=3 seq=5 k=message
[05:23:30.469] LOG: [coop:replay] host EMIT live battleEvent turn=3 seq=5 k=message
[05:23:30.469] LOG: [coop:webrtc] raw tx QUEUE role=host t=battleEvent bytes=131
[05:23:30.470] LOG: [coop:turn] host recorder: append turn=3 seq=6 k=statStage total=7 live=true
[05:23:30.470] LOG: [coop:runtime] ME-stream live-event host turn=3 seq=6 k=statStage
[05:23:30.470] LOG: [coop:replay] host EMIT live battleEvent turn=3 seq=6 k=statStage
[05:23:30.470] LOG: [coop:webrtc] raw tx QUEUE role=host t=battleEvent bytes=172
[05:23:30.492] LOG: %cStart Phase MessagePhase color:green;
[05:23:30.675] LOG: %cStart Phase MoveEffectPhase color:green;
[05:23:30.683] LOG: [coop:turn] host recorder: append turn=3 seq=7 k=moveAnim total=8 live=true
[05:23:30.684] LOG: [coop:runtime] ME-stream live-event host turn=3 seq=7 k=moveAnim
[05:23:30.684] LOG: [coop:replay] host EMIT live battleEvent turn=3 seq=7 k=moveAnim
[05:23:30.684] LOG: [coop:webrtc] raw tx QUEUE role=host t=battleEvent bytes=260
[05:23:31.211] LOG: crit stage: +0
[05:23:31.229] LOG: Move: Trailblaze | Base damage: 18 | Power: 50 | Source attack: 38 | Target defense: 19
[05:23:31.235] LOG: Move: Trailblaze | Attack damage: 4
[05:23:31.235] LOG: [coop:turn] host recorder: append turn=3 seq=8 k=hp total=9 live=true
[05:23:31.235] LOG: [coop:runtime] ME-stream live-event host turn=3 seq=8 k=hp
[05:23:31.235] LOG: [coop:replay] host EMIT live battleEvent turn=3 seq=8 k=hp
[05:23:31.236] LOG: [coop:webrtc] raw tx QUEUE role=host t=battleEvent bytes=199
[05:23:31.236] LOG: [coop:turn] host recorder: append turn=3 seq=9 k=faint total=10 live=true
[05:23:31.236] LOG: [coop:runtime] ME-stream live-event host turn=3 seq=9 k=faint
[05:23:31.236] LOG: [coop:replay] host EMIT live battleEvent turn=3 seq=9 k=faint
[05:23:31.236] LOG: [coop:webrtc] raw tx QUEUE role=host t=battleEvent bytes=171
[05:23:31.247] LOG: [coop:turn] host recorder: append turn=3 seq=10 k=message total=11 live=true
[05:23:31.247] LOG: [coop:runtime] ME-stream live-event host turn=3 seq=10 k=message
[05:23:31.247] LOG: [coop:replay] host EMIT live battleEvent turn=3 seq=10 k=message
[05:23:31.247] LOG: [coop:webrtc] raw tx QUEUE role=host t=battleEvent bytes=120
[05:23:31.247] LOG: %cStart Phase DamageAnimPhase color:green;
[05:23:31.289] LOG: %cStart Phase StatStageChangePhase color:green;
[05:23:31.493] LOG: [coop:turn] host recorder: append turn=3 seq=11 k=message total=12 live=true
[05:23:31.493] LOG: [coop:runtime] ME-stream live-event host turn=3 seq=11 k=message
[05:23:31.493] LOG: [coop:replay] host EMIT live battleEvent turn=3 seq=11 k=message
[05:23:31.493] LOG: [coop:webrtc] raw tx QUEUE role=host t=battleEvent bytes=132
[05:23:31.493] LOG: [coop:turn] host recorder: append turn=3 seq=12 k=statStage total=13 live=true
[05:23:31.493] LOG: [coop:runtime] ME-stream live-event host turn=3 seq=12 k=statStage
[05:23:31.493] LOG: [coop:replay] host EMIT live battleEvent turn=3 seq=12 k=statStage
[05:23:31.493] LOG: [coop:webrtc] raw tx QUEUE role=host t=battleEvent bytes=173
[05:23:31.506] LOG: %cStart Phase MessagePhase color:green;
[05:23:31.699] LOG: %cStart Phase MessagePhase color:green;
[05:23:31.890] LOG: %cStart Phase FaintPhase color:green;
[05:23:31.893] LOG: [coop:turn] host recorder: append turn=3 seq=13 k=message total=14 live=true
[05:23:31.893] LOG: [coop:runtime] ME-stream live-event host turn=3 seq=13 k=message
[05:23:31.894] LOG: [coop:replay] host EMIT live battleEvent turn=3 seq=13 k=message
[05:23:31.894] LOG: [coop:webrtc] raw tx QUEUE role=host t=battleEvent bytes=156
[05:23:31.896] LOG: [coop:turn] host recorder: append turn=3 seq=14 k=hp total=15 live=true
[05:23:31.896] LOG: [coop:runtime] ME-stream live-event host turn=3 seq=14 k=hp
[05:23:31.896] LOG: [coop:replay] host EMIT live battleEvent turn=3 seq=14 k=hp
[05:23:31.896] LOG: [coop:webrtc] raw tx QUEUE role=host t=battleEvent bytes=204
[05:23:31.962] LOG: %cStart Phase MessagePhase color:green;
[05:23:32.054] LOG: %cStart Phase ShowAbilityPhase color:green;
[05:23:32.055] LOG: [coop:turn] host recorder: append turn=3 seq=15 k=showAbility total=16 live=true
[05:23:32.055] LOG: [coop:runtime] ME-stream live-event host turn=3 seq=15 k=showAbility
[05:23:32.055] LOG: [coop:replay] host EMIT live battleEvent turn=3 seq=15 k=showAbility
[05:23:32.055] LOG: [coop:webrtc] raw tx QUEUE role=host t=battleEvent bytes=237
[05:23:32.240] LOG: %cStart Phase MessagePhase color:green;
[05:23:32.507] LOG: %cStart Phase DamageAnimPhase color:green;
[05:23:32.524] LOG: %cStart Phase HideAbilityPhase color:green;
[05:23:32.524] LOG: [coop:turn] host recorder: append turn=3 seq=16 k=hideAbility total=17 live=true
[05:23:32.524] LOG: [coop:runtime] ME-stream live-event host turn=3 seq=16 k=hideAbility
[05:23:32.524] LOG: [coop:replay] host EMIT live battleEvent turn=3 seq=16 k=hideAbility
[05:23:32.524] LOG: [coop:webrtc] raw tx QUEUE role=host t=battleEvent bytes=100
[05:23:32.571] LOG: %cStart Phase VictoryPhase color:green;
[05:23:32.572] LOG: [coop:progression] HOST progression capture begin wave=16
[05:23:32.572] LOG: [coop:progression] HOST applyPartyExp COMPUTE wave=16 expValue=427 koMon=Wobbuffet
[05:23:32.574] LOG: Applied Soothe Bell 
[05:23:32.575] LOG: %cStart Phase ExpPhase color:green;
[05:23:32.576] LOG: Applied Super EXP. Charm 
[05:23:32.576] LOG: Applied EXP. Charm 
[05:23:32.803] LOG: 3613 4637 4096
[05:23:32.803] LOG: [coop:progression] HOST progression capture wave=16 seq=0 k=exp slot=0
[05:23:32.928] LOG: %cStart Phase LevelUpPhase color:green;
[05:23:32.929] LOG: [coop:progression] HOST progression capture wave=16 seq=1 k=levelUp slot=0
[05:23:32.931] LOG: %cStart Phase ShowPartyExpBarPhase color:green;
[05:23:32.931] LOG: Applied Super EXP. Charm 
[05:23:32.932] LOG: Applied EXP. Charm 
[05:23:32.932] LOG: [coop:progression] HOST progression capture wave=16 seq=2 k=exp slot=1
[05:23:32.933] LOG: %cStart Phase HidePartyExpBarPhase color:green;
[05:23:32.933] LOG: %cStart Phase ShowPartyExpBarPhase color:green;
[05:23:32.934] LOG: Applied Super EXP. Charm 
[05:23:32.934] LOG: Applied EXP. Charm 
[05:23:32.934] LOG: [coop:progression] HOST progression capture wave=16 seq=3 k=exp slot=2
[05:23:32.936] LOG: %cStart Phase LevelUpPhase color:green;
[05:23:32.937] LOG: [coop:progression] HOST progression capture wave=16 seq=4 k=levelUp slot=2
[05:23:32.938] LOG: %cStart Phase HidePartyExpBarPhase color:green;
[05:23:32.938] LOG: %cStart Phase ShowPartyExpBarPhase color:green;
[05:23:32.939] LOG: Applied Super EXP. Charm 
[05:23:32.939] LOG: Applied EXP. Charm 
[05:23:32.941] LOG: [coop:progression] HOST progression capture wave=16 seq=5 k=exp slot=3
[05:23:32.942] LOG: %cStart Phase LevelUpPhase color:green;
[05:23:32.946] LOG: [coop:progression] HOST progression capture wave=16 seq=6 k=levelUp slot=3
[05:23:32.948] LOG: %cStart Phase HidePartyExpBarPhase color:green;
[05:23:32.948] LOG: %cStart Phase ShowPartyExpBarPhase color:green;
[05:23:32.949] LOG: Applied Super EXP. Charm 
[05:23:32.949] LOG: Applied EXP. Charm 
[05:23:32.949] LOG: [coop:progression] HOST progression capture wave=16 seq=7 k=exp slot=4
[05:23:32.950] LOG: %cStart Phase LevelUpPhase color:green;
[05:23:32.956] LOG: [coop:progression] HOST progression capture wave=16 seq=8 k=levelUp slot=4
[05:23:32.957] LOG: %cStart Phase HidePartyExpBarPhase color:green;
[05:23:32.958] LOG: %cStart Phase MoveEndPhase color:green;
[05:23:32.958] LOG: %cStart Phase CheckInterludePhase color:green;
[05:23:32.958] LOG: %cStart Phase WeatherEffectPhase color:green;
[05:23:32.958] LOG: %cStart Phase PositionalTagPhase color:green;
[05:23:32.958] LOG: %cStart Phase BerryPhase color:green;
[05:23:32.965] LOG: %cStart Phase CheckStatusEffectPhase color:green;
[05:23:32.965] LOG: %cStart Phase TurnEndPhase color:green;
[05:23:32.998] LOG: %cStart Phase CoopTurnCommitPhase color:green;
[05:23:32.998] LOG: [coop:turn] host recorder: finalize turn=3 events=17 seq=17
[05:23:32.999] LOG: [coop:checkpoint] build field=2 weather=0/0 terrain=0/0 arenaTags=0 money=723 mons=[bi0:sp115/hp60-64/st0/fnt0 bi2:sp202/hp0-82/st7/fnt1]
[05:23:32.999] LOG: [coop:checkpoint] host capture field=2 weather=0 terrain=0 money=723 arenaTags=0 mons=[bi0:sp115/hp60-64/st0/fnt0 bi2:sp202/hp0-82/st7/fnt1]
[05:23:33.002] LOG: [coop:interaction] interactionCounter() read -> 16 (role=host)
[05:23:33.004] LOG: [coop:replay] host SEND turnResolution e=1828680669071744 wave=16 turn=3 rev=21 events=17 checksum=86fafc01dd08c06e
[05:23:33.010] LOG: [coop:webrtc] raw tx QUEUE role=host t=authorityEntry bytes=21849
[05:23:33.011] LOG: [coop:webrtc] raw tx CHUNKED role=host t=authorityEntry bytes=21849 chunks=3 id=host-0-70
[05:23:33.014] LOG: [coop:v2-shadow] PARITY kind=TURN_COMMIT rev=6 match=true field=- successor=none-non-command-boundary
[05:23:33.045] LOG: [coop:webrtc] raw tx QUEUE role=host t=turnResolution bytes=21044
[05:23:33.046] LOG: [coop:webrtc] raw tx CHUNKED role=host t=turnResolution bytes=21044 chunks=3 id=host-0-71
[05:23:33.046] LOG: %cStart Phase BattleEndPhase color:green;
[05:23:33.048] LOG: Battle Score: 74 (3 Turns x0.69)
[05:23:33.048] LOG: Total Score: 864
[05:23:33.071] LOG: [coop:v2-interaction] terminal proof recorded op=1828680669071744:0:ME_TERMINAL:72000132001 role=host seat=0 duplicate=0 ambient=1
[05:23:33.085] LOG: [coop:webrtc] raw tx QUEUE role=host t=authorityEntry bytes=78935
[05:23:33.090] LOG: [coop:webrtc] raw tx CHUNKED role=host t=authorityEntry bytes=78935 chunks=9 id=host-0-72
[05:23:33.095] LOG: [coop:v2-shadow] PARITY kind=INTERACTION_COMMIT rev=7 match=true field=-
[05:23:33.095] LOG: [coop:me] ME op OWNER committed kind=ME_TERMINAL rev=4 id=1828680669071744:0:ME_TERMINAL:72000132001 (Wave-2c)
[05:23:33.096] LOG: [coop:me] host retained post-BattleEnd settlement step=1 id=1828680669071744:0:ME_TERMINAL:72000132001
[05:23:33.099] LOG: %cStart Phase MysteryEncounterRewardsPhase color:green;
[05:23:33.119] LOG: [coop:v2-authority] receipt rev=6 op=TURN/e1828680669071744/w16/t3 stage=admitted sender=1 generation=0 advanced retired=false waiting=[1] subsumed=[]
[05:23:33.139] LOG: [coop:webrtc] raw tx QUEUE role=host t=authorityEntry bytes=21849
[05:23:33.140] LOG: [coop:webrtc] raw tx CHUNKED role=host t=authorityEntry bytes=21849 chunks=3 id=host-0-73
[05:23:33.142] LOG: [coop:webrtc] raw tx QUEUE role=host t=authorityEntry bytes=78935
[05:23:33.148] LOG: [coop:webrtc] raw tx CHUNKED role=host t=authorityEntry bytes=78935 chunks=9 id=host-0-74
[05:23:33.176] LOG: [coop:v2-authority] receipt rev=6 op=TURN/e1828680669071744/w16/t3 stage=admitted sender=1 generation=0 duplicate highestStage=0
[05:23:33.268] LOG: [coop:webrtc] raw tx QUEUE role=host t=authorityEntry bytes=21849
[05:23:33.269] LOG: [coop:webrtc] raw tx CHUNKED role=host t=authorityEntry bytes=21849 chunks=3 id=host-0-75
[05:23:33.286] LOG: [coop:v2-authority] receipt rev=6 op=TURN/e1828680669071744/w16/t3 stage=admitted sender=1 generation=0 duplicate highestStage=0
[05:23:33.354] LOG: [coop:webrtc] raw tx QUEUE role=host t=authorityEntry bytes=78935
[05:23:33.357] LOG: [coop:webrtc] raw tx CHUNKED role=host t=authorityEntry bytes=78935 chunks=9 id=host-0-76
[05:23:33.784] LOG: [coop:webrtc] raw tx QUEUE role=host t=authorityEntry bytes=21849
[05:23:33.786] LOG: [coop:webrtc] raw tx CHUNKED role=host t=authorityEntry bytes=21849 chunks=3 id=host-0-77
[05:23:33.862] LOG: [coop:v2-authority] receipt rev=6 op=TURN/e1828680669071744/w16/t3 stage=admitted sender=1 generation=0 duplicate highestStage=0
[05:23:33.877] LOG: [coop:webrtc] raw tx QUEUE role=host t=authorityEntry bytes=78935
[05:23:33.881] LOG: [coop:webrtc] raw tx CHUNKED role=host t=authorityEntry bytes=78935 chunks=9 id=host-0-78
[05:23:34.808] LOG: [coop:webrtc] raw tx QUEUE role=host t=authorityEntry bytes=21849
[05:23:34.809] LOG: [coop:webrtc] raw tx CHUNKED role=host t=authorityEntry bytes=21849 chunks=3 id=host-0-79
[05:23:34.827] LOG: [coop:v2-authority] receipt rev=6 op=TURN/e1828680669071744/w16/t3 stage=admitted sender=1 generation=0 duplicate highestStage=0
[05:23:34.886] LOG: [coop:webrtc] raw tx QUEUE role=host t=authorityEntry bytes=78935
[05:23:34.893] LOG: [coop:webrtc] raw tx CHUNKED role=host t=authorityEntry bytes=78935 chunks=9 id=host-0-80
[05:23:36.838] LOG: [coop:webrtc] raw tx QUEUE role=host t=authorityEntry bytes=21849
[05:23:36.839] LOG: [coop:webrtc] raw tx CHUNKED role=host t=authorityEntry bytes=21849 chunks=3 id=host-0-81
[05:23:36.874] LOG: [coop:v2-authority] receipt rev=6 op=TURN/e1828680669071744/w16/t3 stage=admitted sender=1 generation=0 duplicate highestStage=0
[05:23:36.905] LOG: [coop:webrtc] raw tx QUEUE role=host t=authorityEntry bytes=78935
[05:23:36.911] LOG: [coop:webrtc] raw tx CHUNKED role=host t=authorityEntry bytes=78935 chunks=9 id=host-0-82
[05:23:40.048] LOG: [coop:webrtc] raw rx role=host t=turnCommitAck bytes=189 handlers=10
[05:23:40.048] LOG: [coop:stream] host IGNORE cosmetic turn ACK stage=materialApplied key=1828680669071744:16:3:21 (v2 owns retirement)
[05:23:40.071] LOG: [coop:webrtc] raw rx role=host t=turnCommitAck bytes=191 handlers=10
[05:23:40.071] LOG: [coop:stream] host IGNORE cosmetic turn ACK stage=presentationReady key=1828680669071744:16:3:21 (v2 owns retirement)
[05:23:40.071] LOG: [coop:v2-authority] receipt rev=6 op=TURN/e1828680669071744/w16/t3 stage=admitted sender=1 generation=0 duplicate highestStage=0
[05:23:40.072] LOG: [coop:v2-authority] receipt rev=6 op=TURN/e1828680669071744/w16/t3 stage=materialApplied sender=1 generation=0 advanced retired=false waiting=[1] subsumed=[]
[05:23:40.089] LOG: [coop:webrtc] raw tx QUEUE role=host t=authorityEntry bytes=78935
[05:23:40.095] LOG: [coop:webrtc] raw tx CHUNKED role=host t=authorityEntry bytes=78935 chunks=9 id=host-0-83
[05:23:40.097] LOG: [coop:v2-authority] receipt rev=6 op=TURN/e1828680669071744/w16/t3 stage=controlInstalled sender=1 generation=0 advanced retired=true waiting=[] subsumed=[]
[05:23:40.098] LOG: [coop:v2-authority] receipt rev=7 op=1828680669071744:0:ME_TERMINAL:72000132001 stage=admitted sender=1 generation=0 advanced retired=false waiting=[1] subsumed=[]
[05:23:40.098] LOG: [coop:webrtc] raw rx role=host t=coopResyncAll bytes=21 handlers=10
[05:23:40.150] LOG: [coop:v2-authority] receipt rev=7 op=1828680669071744:0:ME_TERMINAL:72000132001 stage=admitted sender=1 generation=0 duplicate highestStage=0
[05:23:40.917] LOG: [coop:webrtc] raw tx QUEUE role=host t=authorityEntry bytes=78935
[05:23:40.920] LOG: [coop:webrtc] raw tx CHUNKED role=host t=authorityEntry bytes=78935 chunks=9 id=host-0-84
[05:23:40.955] LOG: [coop:v2-authority] receipt rev=7 op=1828680669071744:0:ME_TERMINAL:72000132001 stage=admitted sender=1 generation=0 duplicate highestStage=0
[05:23:45.922] LOG: [coop:webrtc] raw tx QUEUE role=host t=authorityEntry bytes=78935
[05:23:45.927] LOG: [coop:webrtc] raw tx CHUNKED role=host t=authorityEntry bytes=78935 chunks=9 id=host-0-85
[05:23:45.954] LOG: [coop:v2-authority] receipt rev=7 op=1828680669071744:0:ME_TERMINAL:72000132001 stage=admitted sender=1 generation=0 duplicate highestStage=0
[05:23:47.362] LOG: [coop:v2-authority] receipt rev=7 op=1828680669071744:0:ME_TERMINAL:72000132001 stage=admitted sender=1 generation=0 duplicate highestStage=0
[05:23:47.421] LOG: [coop:webrtc] raw rx role=host t=coopResyncAll bytes=21 handlers=10
[05:23:47.421] LOG: [coop:v2-authority] receipt rev=7 op=1828680669071744:0:ME_TERMINAL:72000132001 stage=materialApplied sender=1 generation=0 advanced retired=false waiting=[1] subsumed=[]
[05:23:47.421] LOG: [coop:v2-authority] receipt rev=7 op=1828680669071744:0:ME_TERMINAL:72000132001 stage=controlInstalled sender=1 generation=0 advanced retired=true waiting=[] subsumed=[]
[05:23:54.486] LOG: [coop:interaction] interactionCounter() read -> 16 (role=host)
[05:23:54.486] LOG: [coop:health] tick=0g turn=4 wave=16 counter=16 assertions=0 wait=-1ms machineWaits=- peerBeat=- lastRx=0s transport=connected journal=0/0 queue=0
[05:24:12.432] WARN: [coop:webrtc] channel ERROR role=host readyState=closed err=User-Initiated Abort, reason=Close called
[05:24:12.433] WARN: [coop:webrtc] carrier LOST role=host state=connected gen=0 reason=User-Initiated Abort, reason=Close called
[05:24:12.433] LOG: [coop:webrtc] state role=host connected -> disconnected
[05:24:12.435] WARN: [coop:runtime] partner channel disconnected -> entering membership recovery (shared waits retained)
[05:24:13.287] LOG: [coop:launch] ICE from worker /coop/ice servers=1
[05:24:16.082] LOG: [coop:interaction] interactionCounter() read -> 16 (role=host)

----- REPLAY TRACE (JSON) -----
{"version":2,"seed":"roIqItKgmcw6vHtJICPZHtiq","gameModeId":6,"difficulty":"youngster","challenges":[],"roster":[{"id":3333767592,"player":true,"species":115,"formIndex":0,"abilityIndex":0,"passive":false,"shiny":true,"variant":0,"pokeball":0,"level":15,"exp":3613,"levelExp":238,"gender":1,"hp":61,"stats":[64,40,35,22,35,38],"ivs":[31,31,31,31,31,31],"nature":0,"moveset":[{"moveId":69,"ppUsed":0,"ppUp":0},{"moveId":252,"ppUsed":3,"ppUp":0},{"moveId":612,"ppUsed":3,"ppUp":0},{"moveId":885,"ppUsed":2,"ppUp":0}],"status":null,"friendship":161,"metLevel":5,"metBiome":-1,"metSpecies":115,"metWave":-1,"luck":1,"pauseEvolutions":false,"pokerus":false,"usedTMs":[],"teraType":0,"isTerastallized":false,"stellarTypesBoosted":[1,11],"fusionSpecies":null,"fusionShiny":false,"fusionVariant":0,"fusionLuck":1,"fusionTeraType":0,"boss":false,"bossSegments":0,"coopOwner":"host","summonData":{"statStages":[0,0,0,0,0,0,0],"moveQueue":[],"tags":[],"abilitySuppressed":false,"abilitiesApplied":[],"erSuppressedInnateSlots":[false,false,false],"erTimedAbilitySuppressions":[],"erAbilityProvenance":[],"erImposterCopiedAttackBoost":false,"chuckusterReductionUsed":false,"forceAttackerOutUsed":false,"erCommandedUsedThisSwitchIn":false,"stats":[0,0,0,0,0,0],"types":[],"berriesEatenLast":[],"moveHistory":[]},"battleData":{"hitCount":0,"hasEatenBerry":false,"berriesEaten":[],"anticipationDodgeUsed":false,"rudeAwakeningTriggered":false,"cowardProtectUsed":false,"lostItems":[]},"customPokemonData":{"spriteScale":-1,"ability":-1,"passive":-1,"passive2":-1,"passive3":-1,"nature":-1,"bonusMoveSlots":0,"abilityOverridesForm":false,"types":[],"hitsRecCount":null,"erBlackShiny":false,"erGiftAbilities":[],"erGiftIndex":0,"erShinyLab":[135,0,0,255,255,255,96,0,0,0,0,0,70,85],"erShinyLabSuppressLocal":false,"erInnateShrineUnlocked":false,"erCursedStat":-1,"erLockedAbilitySlots":[],"erRunUnlockedAbilitySlots":[],"coopPassiveAttr":[63,63,63],"coopLuck":1},"fusionCustomPokemonData":{"spriteScale":-1,"ability":-1,"passive":-1,"passive2":-1,"passive3":-1,"nature":-1,"bonusMoveSlots":0,"abilityOverridesForm":false,"types":[],"hitsRecCount":null,"erBlackShiny":false,"erGiftAbilities":[],"erGiftIndex":0,"erShinyLabSuppressLocal":false,"erInnateShrineUnlocked":false,"erCursedStat":-1,"erLockedAbilitySlots":[],"erRunUnlockedAbilitySlots":[]},"mysteryEncounterPokemonData":null,"fusionMysteryEncounterPokemonData":null},{"id":2134958023,"player":true,"species":155,"formIndex":0,"abilityIndex":0,"passive":false,"shiny":false,"variant":0,"pokeball":0,"level":14,"exp":2496,"levelExp":120,"gender":0,"hp":33,"stats":[38,20,19,25,21,26],"ivs":[15,15,15,15,15,15],"nature":12,"moveset":[{"moveId":257,"ppUsed":6,"ppUp":0},{"moveId":172,"ppUsed":1,"ppUp":0},{"moveId":43,"ppUsed":0,"ppUp":0},{"moveId":341,"ppUsed":1,"ppUp":0}],"status":null,"friendship":154,"metLevel":5,"metBiome":-1,"metSpecies":155,"metWave":-1,"luck":1,"pauseEvolutions":false,"pokerus":false,"usedTMs":[257],"teraType":9,"isTerastallized":false,"stellarTypesBoosted":[],"fusionSpecies":null,"fusionShiny":false,"fusionVariant":0,"fusionLuck":0,"fusionTeraType":0,"boss":false,"bossSegments":0,"coopOwner":"guest","summonData":{"statStages":[0,0,0,0,0,0,0],"moveQueue":[],"tags":[],"abilitySuppressed":false,"abilitiesApplied":[],"erSuppressedInnateSlots":[false,false,false],"erTimedAbilitySuppressions":[],"erAbilityProvenance":[],"erImposterCopiedAttackBoost":false,"chuckusterReductionUsed":false,"forceAttackerOutUsed":false,"erCommandedUsedThisSwitchIn":false,"stats":[0,0,0,0,0,0],"types":[],"berriesEatenLast":[],"moveHistory":[]},"battleData":{"hitCount":0,"hasEatenBerry":false,"berriesEaten":[],"anticipationDodgeUsed":false,"rudeAwakeningTriggered":false,"cowardProtectUsed":false,"lostItems":[]},"customPokemonData":{"spriteScale":-1,"ability":-1,"passive":-1,"passive2":-1,"passive3":-1,"nature":-1,"bonusMoveSlots":0,"abilityOverridesForm":false,"types":[],"hitsRecCount":null,"erBlackShiny":false,"erGiftAbilities":[],"erGiftIndex":0,"erShinyLabSuppressLocal":false,"erInnateShrineUnlocked":false,"erCursedStat":-1,"erLockedAbilitySlots":[],"erRunUnlockedAbilitySlots":[],"coopPassiveAttr":[63,63,63],"coopLuck":0},"fusionCustomPokemonData":{"spriteScale":-1,"ability":-1,"passive":-1,"passive2":-1,"passive3":-1,"nature":-1,"bonusMoveSlots":0,"abilityOverridesForm":false,"types":[],"hitsRecCount":null,"erBlackShiny":false,"erGiftAbilities":[],"erGiftIndex":0,"erShinyLabSuppressLocal":false,"erInnateShrineUnlocked":false,"erCursedStat":-1,"erLockedAbilitySlots":[],"erRunUnlockedAbilitySlots":[]},"mysteryEncounterPokemonData":null,"fusionMysteryEncounterPokemonData":null},{"id":266234307,"player":true,"species":201,"formIndex":28,"abilityIndex":0,"passive":false,"shiny":true,"variant":2,"pokeball":0,"level":7,"exp":502,"levelExp":159,"gender":-1,"hp":27,"stats":[29,26,28,32,28,12],"ivs":[31,31,31,31,31,31],"nature":15,"moveset":[{"moveId":832,"ppUsed":0,"ppUp":0},{"moveId":246,"ppUsed":0,"ppUp":0},{"moveId":322,"ppUsed":0,"ppUp":0},{"moveId":267,"ppUsed":0,"ppUp":0}],"status":null,"friendship":70,"metLevel":5,"metBiome":-1,"metSpecies":201,"metWave":-1,"luck":3,"pauseEvolutions":false,"pokerus":false,"usedTMs":[],"teraType":13,"isTerastallized":false,"stellarTypesBoosted":[],"fusionSpecies":null,"fusionShiny":false,"fusionVariant":0,"fusionLuck":3,"fusionTeraType":0,"boss":false,"bossSegments":0,"coopOwner":"host","summonData":{"statStages":[0,0,0,0,0,0,0],"moveQueue":[],"tags":[],"abilitySuppressed":false,"abilitiesApplied":[5586],"erSuppressedInnateSlots":[false,false,false],"erTimedAbilitySuppressions":[],"erAbilityProvenance":[],"erImposterCopiedAttackBoost":false,"chuckusterReductionUsed":false,"forceAttackerOutUsed":false,"erCommandedUsedThisSwitchIn":false,"stats":[0,0,0,0,0,0],"types":[],"berriesEatenLast":[],"moveHistory":[]},"battleData":{"hitCount":0,"hasEatenBerry":false,"berriesEaten":[],"anticipationDodgeUsed":false,"rudeAwakeningTriggered":false,"cowardProtectUsed":false,"lostItems":[]},"customPokemonData":{"spriteScale":-1,"ability":-1,"passive":-1,"passive2":-1,"passive3":-1,"nature":-1,"bonusMoveSlots":0,"abilityOverridesForm":false,"types":[],"hitsRecCount":null,"erBlackShiny":false,"erGiftAbilities":[],"erGiftIndex":0,"erShinyLab":[11,3,0,255,255,255,96,0,0,1,0,1,70,85],"erShinyLabSuppressLocal":false,"erInnateShrineUnlocked":false,"erCursedStat":-1,"erLockedAbilitySlots":[],"erRunUnlockedAbilitySlots":[],"coopPassiveAttr":[63,63,63],"coopLuck":3},"fusionCustomPokemonData":{"spriteScale":-1,"ability":-1,"passive":-1,"passive2":-1,"passive3":-1,"nature":-1,"bonusMoveSlots":0,"abilityOverridesForm":false,"types":[],"hitsRecCount":null,"erBlackShiny":false,"erGiftAbilities":[],"erGiftIndex":0,"erShinyLabSuppressLocal":false,"erInnateShrineUnlocked":false,"erCursedStat":-1,"erLockedAbilitySlots":[],"erRunUnlockedAbilitySlots":[]},"mysteryEncounterPokemonData":null,"fusionMysteryEncounterPokemonData":null},{"id":1281052099,"player":true,"species":495,"formIndex":0,"abilityIndex":0,"passive":false,"shiny":false,"variant":0,"pokeball":0,"level":8,"exp":505,"levelExp":58,"gender":0,"hp":26,"stats":[28,14,17,14,17,17],"ivs":[15,15,15,15,15,15],"nature":24,"moveset":[{"moveId":434,"ppUsed":0,"ppUp":0},{"moveId":141,"ppUsed":0,"ppUp":0},{"moveId":807,"ppUsed":0,"ppUp":0},{"moveId":137,"ppUsed":0,"ppUp":0}],"status":null,"friendship":70,"metLevel":5,"metBiome":-1,"metSpecies":495,"metWave":-1,"luck":2,"pauseEvolutions":false,"pokerus":false,"usedTMs":[],"teraType":11,"isTerastallized":false,"stellarTypesBoosted":[],"fusionSpecies":null,"fusionShiny":false,"fusionVariant":0,"fusionLuck":0,"fusionTeraType":0,"boss":false,"bossSegments":0,"coopOwner":"guest","summonData":{"statStages":[0,0,0,0,0,0,0],"moveQueue":[],"tags":[],"abilitySuppressed":false,"abilitiesApplied":[],"erSuppressedInnateSlots":[false,false,false],"erTimedAbilitySuppressions":[],"erAbilityProvenance":[],"erImposterCopiedAttackBoost":false,"chuckusterReductionUsed":false,"forceAttackerOutUsed":false,"erCommandedUsedThisSwitchIn":false,"stats":[0,0,0,0,0,0],"types":[],"berriesEatenLast":[],"moveHistory":[]},"battleData":{"hitCount":0,"hasEatenBerry":false,"berriesEaten":[],"anticipationDodgeUsed":false,"rudeAwakeningTriggered":false,"cowardProtectUsed":false,"lostItems":[]},"customPokemonData":{"spriteScale":-1,"ability":-1,"passive":-1,"passive2":-1,"passive3":-1,"nature":-1,"bonusMoveSlots":0,"abilityOverridesForm":false,"types":[],"hitsRecCount":null,"erBlackShiny":false,"erGiftAbilities":[],"erGiftIndex":0,"erShinyLabSuppressLocal":false,"erInnateShrineUnlocked":false,"erCursedStat":-1,"erLockedAbilitySlots":[],"erRunUnlockedAbilitySlots":[],"coopPassiveAttr":[63,63,63],"coopLuck":0},"fusionCustomPokemonData":{"spriteScale":-1,"ability":-1,"passive":-1,"passive2":-1,"passive3":-1,"nature":-1,"bonusMoveSlots":0,"abilityOverridesForm":false,"types":[],"hitsRecCount":null,"erBlackShiny":false,"erGiftAbilities":[],"erGiftIndex":0,"erShinyLabSuppressLocal":false,"erInnateShrineUnlocked":false,"erCursedStat":-1,"erLockedAbilitySlots":[],"erRunUnlockedAbilitySlots":[]},"mysteryEncounterPokemonData":null,"fusionMysteryEncounterPokemonData":null},{"id":2042974225,"player":true,"species":133,"formIndex":1,"abilityIndex":0,"passive":false,"shiny":true,"variant":1,"pokeball":0,"level":7,"exp":502,"levelExp":159,"gender":0,"hp":28,"stats":[30,19,18,17,21,19],"ivs":[31,31,31,31,31,31],"nature":0,"moveset":[{"moveId":748,"ppUsed":0,"ppUp":0},{"moveId":729,"ppUsed":0,"ppUp":0},{"moveId":736,"ppUsed":0,"ppUp":0},{"moveId":737,"ppUsed":0,"ppUp":0}],"status":null,"friendship":50,"metLevel":5,"metBiome":-1,"metSpecies":133,"metWave":-1,"luck":2,"pauseEvolutions":false,"pokerus":false,"usedTMs":[],"teraType":0,"isTerastallized":false,"stellarTypesBoosted":[],"fusionSpecies":null,"fusionShiny":false,"fusionVariant":0,"fusionLuck":2,"fusionTeraType":0,"boss":false,"bossSegments":0,"coopOwner":"host","summonData":{"statStages":[0,0,0,0,0,0,0],"moveQueue":[],"tags":[],"abilitySuppressed":false,"abilitiesApplied":[],"erSuppressedInnateSlots":[false,false,false],"erTimedAbilitySuppressions":[],"erAbilityProvenance":[],"erImposterCopiedAttackBoost":false,"chuckusterReductionUsed":false,"forceAttackerOutUsed":false,"erCommandedUsedThisSwitchIn":false,"stats":[0,0,0,0,0,0],"types":[],"berriesEatenLast":[],"moveHistory":[]},"battleData":{"hitCount":0,"hasEatenBerry":false,"berriesEaten":[],"anticipationDodgeUsed":false,"rudeAwakeningTriggered":false,"cowardProtectUsed":false,"lostItems":[]},"customPokemonData":{"spriteScale":-1,"ability":-1,"passive":-1,"passive2":-1,"passive3":-1,"nature":-1,"bonusMoveSlots":0,"abilityOverridesForm":false,"types":[],"hitsRecCount":null,"erBlackShiny":false,"erGiftAbilities":[],"erGiftIndex":0,"erShinyLab":[63,0,0,255,255,255,96,0,0,0,0,0,70,85],"erShinyLabSuppressLocal":false,"erInnateShrineUnlocked":false,"erCursedStat":-1,"erLockedAbilitySlots":[],"erRunUnlockedAbilitySlots":[],"coopPassiveAttr":[63,63,63],"coopLuck":2},"fusionCustomPokemonData":{"spriteScale":-1,"ability":-1,"passive":-1,"passive2":-1,"passive3":-1,"nature":-1,"bonusMoveSlots":0,"abilityOverridesForm":false,"types":[],"hitsRecCount":null,"erBlackShiny":false,"erGiftAbilities":[],"erGiftIndex":0,"erShinyLabSuppressLocal":false,"erInnateShrineUnlocked":false,"erCursedStat":-1,"erLockedAbilitySlots":[],"erRunUnlockedAbilitySlots":[]},"mysteryEncounterPokemonData":null,"fusionMysteryEncounterPokemonData":null}],"events":[{"type":"command","wave":16,"turn":1,"slotFieldIndex":0,"command":{"kind":"move","moveIndex":0,"target":2}},{"type":"command","wave":16,"turn":2,"slotFieldIndex":0,"command":{"kind":"move","moveIndex":0,"target":2}},{"type":"command","wave":16,"turn":3,"slotFieldIndex":0,"command":{"kind":"move","moveIndex":3,"target":2}}],"checkpoint":{"wave":16,"seed":"roIqItKgmcw6vHtJICPZHtiq","party":[{"id":3333767592,"player":true,"species":115,"formIndex":0,"abilityIndex":0,"passive":false,"shiny":true,"variant":0,"pokeball":0,"level":15,"exp":3613,"levelExp":238,"gender":1,"hp":61,"stats":[64,40,35,22,35,38],"ivs":[31,31,31,31,31,31],"nature":0,"moveset":[{"moveId":69,"ppUsed":0,"ppUp":0},{"moveId":252,"ppUsed":3,"ppUp":0},{"moveId":612,"ppUsed":3,"ppUp":0},{"moveId":885,"ppUsed":2,"ppUp":0}],"status":null,"friendship":161,"metLevel":5,"metBiome":-1,"metSpecies":115,"metWave":-1,"luck":1,"pauseEvolutions":false,"pokerus":false,"usedTMs":[],"teraType":0,"isTerastallized":false,"stellarTypesBoosted":[1,11],"fusionSpecies":null,"fusionShiny":false,"fusionVariant":0,"fusionLuck":1,"fusionTeraType":0,"boss":false,"bossSegments":0,"coopOwner":"host","summonData":{"statStages":[0,0,0,0,0,0,0],"moveQueue":[],"tags":[],"abilitySuppressed":false,"abilitiesApplied":[],"erSuppressedInnateSlots":[false,false,false],"erTimedAbilitySuppressions":[],"erAbilityProvenance":[],"erImposterCopiedAttackBoost":false,"chuckusterReductionUsed":false,"forceAttackerOutUsed":false,"erCommandedUsedThisSwitchIn":false,"stats":[0,0,0,0,0,0],"types":[],"berriesEatenLast":[],"moveHistory":[]},"battleData":{"hitCount":0,"hasEatenBerry":false,"berriesEaten":[],"anticipationDodgeUsed":false,"rudeAwakeningTriggered":false,"cowardProtectUsed":false,"lostItems":[]},"customPokemonData":{"spriteScale":-1,"ability":-1,"passive":-1,"passive2":-1,"passive3":-1,"nature":-1,"bonusMoveSlots":0,"abilityOverridesForm":false,"types":[],"hitsRecCount":null,"erBlackShiny":false,"erGiftAbilities":[],"erGiftIndex":0,"erShinyLab":[135,0,0,255,255,255,96,0,0,0,0,0,70,85],"erShinyLabSuppressLocal":false,"erInnateShrineUnlocked":false,"erCursedStat":-1,"erLockedAbilitySlots":[],"erRunUnlockedAbilitySlots":[],"coopPassiveAttr":[63,63,63],"coopLuck":1},"fusionCustomPokemonData":{"spriteScale":-1,"ability":-1,"passive":-1,"passive2":-1,"passive3":-1,"nature":-1,"bonusMoveSlots":0,"abilityOverridesForm":false,"types":[],"hitsRecCount":null,"erBlackShiny":false,"erGiftAbilities":[],"erGiftIndex":0,"erShinyLabSuppressLocal":false,"erInnateShrineUnlocked":false,"erCursedStat":-1,"erLockedAbilitySlots":[],"erRunUnlockedAbilitySlots":[]},"mysteryEncounterPokemonData":null,"fusionMysteryEncounterPokemonData":null},{"id":2134958023,"player":true,"species":155,"formIndex":0,"abilityIndex":0,"passive":false,"shiny":false,"variant":0,"pokeball":0,"level":14,"exp":2496,"levelExp":120,"gender":0,"hp":33,"stats":[38,20,19,25,21,26],"ivs":[15,15,15,15,15,15],"nature":12,"moveset":[{"moveId":257,"ppUsed":6,"ppUp":0},{"moveId":172,"ppUsed":1,"ppUp":0},{"moveId":43,"ppUsed":0,"ppUp":0},{"moveId":341,"ppUsed":1,"ppUp":0}],"status":null,"friendship":154,"metLevel":5,"metBiome":-1,"metSpecies":155,"metWave":-1,"luck":1,"pauseEvolutions":false,"pokerus":false,"usedTMs":[257],"teraType":9,"isTerastallized":false,"stellarTypesBoosted":[],"fusionSpecies":null,"fusionShiny":false,"fusionVariant":0,"fusionLuck":0,"fusionTeraType":0,"boss":false,"bossSegments":0,"coopOwner":"guest","summonData":{"statStages":[0,0,0,0,0,0,0],"moveQueue":[],"tags":[],"abilitySuppressed":false,"abilitiesApplied":[],"erSuppressedInnateSlots":[false,false,false],"erTimedAbilitySuppressions":[],"erAbilityProvenance":[],"erImposterCopiedAttackBoost":false,"chuckusterReductionUsed":false,"forceAttackerOutUsed":false,"erCommandedUsedThisSwitchIn":false,"stats":[0,0,0,0,0,0],"types":[],"berriesEatenLast":[],"moveHistory":[]},"battleData":{"hitCount":0,"hasEatenBerry":false,"berriesEaten":[],"anticipationDodgeUsed":false,"rudeAwakeningTriggered":false,"cowardProtectUsed":false,"lostItems":[]},"customPokemonData":{"spriteScale":-1,"ability":-1,"passive":-1,"passive2":-1,"passive3":-1,"nature":-1,"bonusMoveSlots":0,"abilityOverridesForm":false,"types":[],"hitsRecCount":null,"erBlackShiny":false,"erGiftAbilities":[],"erGiftIndex":0,"erShinyLabSuppressLocal":false,"erInnateShrineUnlocked":false,"erCursedStat":-1,"erLockedAbilitySlots":[],"erRunUnlockedAbilitySlots":[],"coopPassiveAttr":[63,63,63],"coopLuck":0},"fusionCustomPokemonData":{"spriteScale":-1,"ability":-1,"passive":-1,"passive2":-1,"passive3":-1,"nature":-1,"bonusMoveSlots":0,"abilityOverridesForm":false,"types":[],"hitsRecCount":null,"erBlackShiny":false,"erGiftAbilities":[],"erGiftIndex":0,"erShinyLabSuppressLocal":false,"erInnateShrineUnlocked":false,"erCursedStat":-1,"erLockedAbilitySlots":[],"erRunUnlockedAbilitySlots":[]},"mysteryEncounterPokemonData":null,"fusionMysteryEncounterPokemonData":null},{"id":266234307,"player":true,"species":201,"formIndex":28,"abilityIndex":0,"passive":false,"shiny":true,"variant":2,"pokeball":0,"level":7,"exp":502,"levelExp":159,"gender":-1,"hp":27,"stats":[29,26,28,32,28,12],"ivs":[31,31,31,31,31,31],"nature":15,"moveset":[{"moveId":832,"ppUsed":0,"ppUp":0},{"moveId":246,"ppUsed":0,"ppUp":0},{"moveId":322,"ppUsed":0,"ppUp":0},{"moveId":267,"ppUsed":0,"ppUp":0}],"status":null,"friendship":70,"metLevel":5,"metBiome":-1,"metSpecies":201,"metWave":-1,"luck":3,"pauseEvolutions":false,"pokerus":false,"usedTMs":[],"teraType":13,"isTerastallized":false,"stellarTypesBoosted":[],"fusionSpecies":null,"fusionShiny":false,"fusionVariant":0,"fusionLuck":3,"fusionTeraType":0,"boss":false,"bossSegments":0,"coopOwner":"host","summonData":{"statStages":[0,0,0,0,0,0,0],"moveQueue":[],"tags":[],"abilitySuppressed":false,"abilitiesApplied":[5586],"erSuppressedInnateSlots":[false,false,false],"erTimedAbilitySuppressions":[],"erAbilityProvenance":[],"erImposterCopiedAttackBoost":false,"chuckusterReductionUsed":false,"forceAttackerOutUsed":false,"erCommandedUsedThisSwitchIn":false,"stats":[0,0,0,0,0,0],"types":[],"berriesEatenLast":[],"moveHistory":[]},"battleData":{"hitCount":0,"hasEatenBerry":false,"berriesEaten":[],"anticipationDodgeUsed":false,"rudeAwakeningTriggered":false,"cowardProtectUsed":false,"lostItems":[]},"customPokemonData":{"spriteScale":-1,"ability":-1,"passive":-1,"passive2":-1,"passive3":-1,"nature":-1,"bonusMoveSlots":0,"abilityOverridesForm":false,"types":[],"hitsRecCount":null,"erBlackShiny":false,"erGiftAbilities":[],"erGiftIndex":0,"erShinyLab":[11,3,0,255,255,255,96,0,0,1,0,1,70,85],"erShinyLabSuppressLocal":false,"erInnateShrineUnlocked":false,"erCursedStat":-1,"erLockedAbilitySlots":[],"erRunUnlockedAbilitySlots":[],"coopPassiveAttr":[63,63,63],"coopLuck":3},"fusionCustomPokemonData":{"spriteScale":-1,"ability":-1,"passive":-1,"passive2":-1,"passive3":-1,"nature":-1,"bonusMoveSlots":0,"abilityOverridesForm":false,"types":[],"hitsRecCount":null,"erBlackShiny":false,"erGiftAbilities":[],"erGiftIndex":0,"erShinyLabSuppressLocal":false,"erInnateShrineUnlocked":false,"erCursedStat":-1,"erLockedAbilitySlots":[],"erRunUnlockedAbilitySlots":[]},"mysteryEncounterPokemonData":null,"fusionMysteryEncounterPokemonData":null},{"id":1281052099,"player":true,"species":495,"formIndex":0,"abilityIndex":0,"passive":false,"shiny":false,"variant":0,"pokeball":0,"level":8,"exp":505,"levelExp":58,"gender":0,"hp":26,"stats":[28,14,17,14,17,17],"ivs":[15,15,15,15,15,15],"nature":24,"moveset":[{"moveId":434,"ppUsed":0,"ppUp":0},{"moveId":141,"ppUsed":0,"ppUp":0},{"moveId":807,"ppUsed":0,"ppUp":0},{"moveId":137,"ppUsed":0,"ppUp":0}],"status":null,"friendship":70,"metLevel":5,"metBiome":-1,"metSpecies":495,"metWave":-1,"luck":2,"pauseEvolutions":false,"pokerus":false,"usedTMs":[],"teraType":11,"isTerastallized":false,"stellarTypesBoosted":[],"fusionSpecies":null,"fusionShiny":false,"fusionVariant":0,"fusionLuck":0,"fusionTeraType":0,"boss":false,"bossSegments":0,"coopOwner":"guest","summonData":{"statStages":[0,0,0,0,0,0,0],"moveQueue":[],"tags":[],"abilitySuppressed":false,"abilitiesApplied":[],"erSuppressedInnateSlots":[false,false,false],"erTimedAbilitySuppressions":[],"erAbilityProvenance":[],"erImposterCopiedAttackBoost":false,"chuckusterReductionUsed":false,"forceAttackerOutUsed":false,"erCommandedUsedThisSwitchIn":false,"stats":[0,0,0,0,0,0],"types":[],"berriesEatenLast":[],"moveHistory":[]},"battleData":{"hitCount":0,"hasEatenBerry":false,"berriesEaten":[],"anticipationDodgeUsed":false,"rudeAwakeningTriggered":false,"cowardProtectUsed":false,"lostItems":[]},"customPokemonData":{"spriteScale":-1,"ability":-1,"passive":-1,"passive2":-1,"passive3":-1,"nature":-1,"bonusMoveSlots":0,"abilityOverridesForm":false,"types":[],"hitsRecCount":null,"erBlackShiny":false,"erGiftAbilities":[],"erGiftIndex":0,"erShinyLabSuppressLocal":false,"erInnateShrineUnlocked":false,"erCursedStat":-1,"erLockedAbilitySlots":[],"erRunUnlockedAbilitySlots":[],"coopPassiveAttr":[63,63,63],"coopLuck":0},"fusionCustomPokemonData":{"spriteScale":-1,"ability":-1,"passive":-1,"passive2":-1,"passive3":-1,"nature":-1,"bonusMoveSlots":0,"abilityOverridesForm":false,"types":[],"hitsRecCount":null,"erBlackShiny":false,"erGiftAbilities":[],"erGiftIndex":0,"erShinyLabSuppressLocal":false,"erInnateShrineUnlocked":false,"erCursedStat":-1,"erLockedAbilitySlots":[],"erRunUnlockedAbilitySlots":[]},"mysteryEncounterPokemonData":null,"fusionMysteryEncounterPokemonData":null},{"id":2042974225,"player":true,"species":133,"formIndex":1,"abilityIndex":0,"passive":false,"shiny":true,"variant":1,"pokeball":0,"level":7,"exp":502,"levelExp":159,"gender":0,"hp":28,"stats":[30,19,18,17,21,19],"ivs":[31,31,31,31,31,31],"nature":0,"moveset":[{"moveId":748,"ppUsed":0,"ppUp":0},{"moveId":729,"ppUsed":0,"ppUp":0},{"moveId":736,"ppUsed":0,"ppUp":0},{"moveId":737,"ppUsed":0,"ppUp":0}],"status":null,"friendship":50,"metLevel":5,"metBiome":-1,"metSpecies":133,"metWave":-1,"luck":2,"pauseEvolutions":false,"pokerus":false,"usedTMs":[],"teraType":0,"isTerastallized":false,"stellarTypesBoosted":[],"fusionSpecies":null,"fusionShiny":false,"fusionVariant":0,"fusionLuck":2,"fusionTeraType":0,"boss":false,"bossSegments":0,"coopOwner":"host","summonData":{"statStages":[0,0,0,0,0,0,0],"moveQueue":[],"tags":[],"abilitySuppressed":false,"abilitiesApplied":[],"erSuppressedInnateSlots":[false,false,false],"erTimedAbilitySuppressions":[],"erAbilityProvenance":[],"erImposterCopiedAttackBoost":false,"chuckusterReductionUsed":false,"forceAttackerOutUsed":false,"erCommandedUsedThisSwitchIn":false,"stats":[0,0,0,0,0,0],"types":[],"berriesEatenLast":[],"moveHistory":[]},"battleData":{"hitCount":0,"hasEatenBerry":false,"berriesEaten":[],"anticipationDodgeUsed":false,"rudeAwakeningTriggered":false,"cowardProtectUsed":false,"lostItems":[]},"customPokemonData":{"spriteScale":-1,"ability":-1,"passive":-1,"passive2":-1,"passive3":-1,"nature":-1,"bonusMoveSlots":0,"abilityOverridesForm":false,"types":[],"hitsRecCount":null,"erBlackShiny":false,"erGiftAbilities":[],"erGiftIndex":0,"erShinyLab":[63,0,0,255,255,255,96,0,0,0,0,0,70,85],"erShinyLabSuppressLocal":false,"erInnateShrineUnlocked":false,"erCursedStat":-1,"erLockedAbilitySlots":[],"erRunUnlockedAbilitySlots":[],"coopPassiveAttr":[63,63,63],"coopLuck":2},"fusionCustomPokemonData":{"spriteScale":-1,"ability":-1,"passive":-1,"passive2":-1,"passive3":-1,"nature":-1,"bonusMoveSlots":0,"abilityOverridesForm":false,"types":[],"hitsRecCount":null,"erBlackShiny":false,"erGiftAbilities":[],"erGiftIndex":0,"erShinyLabSuppressLocal":false,"erInnateShrineUnlocked":false,"erCursedStat":-1,"erLockedAbilitySlots":[],"erRunUnlockedAbilitySlots":[]},"mysteryEncounterPokemonData":null,"fusionMysteryEncounterPokemonData":null}],"modifiers":[{"player":true,"typeId":"MAP","args":[],"stackCount":1,"className":"MapModifier"},{"player":true,"typeId":"ER_SPIKED_KNUCKLES","args":[3333767592,"spikedKnuckles",2,0],"stackCount":1,"className":"ErCommunityItemModifier"},{"player":true,"typeId":"SUPER_EXP_CHARM","args":[60],"stackCount":1,"className":"ExpBoosterModifier"},{"player":true,"typeId":"EXP_SHARE","args":[],"stackCount":1,"className":"ExpShareModifier"},{"player":true,"typeId":"SOOTHE_BELL","args":[3333767592],"stackCount":1,"className":"PokemonFriendshipBoosterModifier"},{"player":true,"typeId":"EXP_CHARM","args":[25],"stackCount":2,"className":"ExpBoosterModifier"},{"player":true,"typeId":"ER_LUCKY_HEART","args":[2134958023,"luckyHeart",2,0],"stackCount":1,"className":"ErCommunityItemModifier"},{"player":true,"typeId":"CANDY_JAR","args":[],"stackCount":1,"className":"LevelIncrementBoosterModifier"},{"player":true,"typeId":"BERRY","typePregenArgs":[0],"args":[3333767592,0],"stackCount":1,"className":"BerryModifier"},{"player":true,"typeId":"BERRY","typePregenArgs":[10],"args":[2134958023,10],"stackCount":1,"className":"BerryModifier"}],"money":1343,"pokeballCounts":{"0":10,"1":15,"2":0,"3":0,"4":0}}}
