{
  "invariant": "no-park",
  "seed": 20260819,
  "wave": 4,
  "detail": "wave driving threw (strand/stall): guest reward WATCH HANG: watcher neither left nor advanced past interaction 3 after 32 drains (owner terminal never arrived) - see dev-logs/coop-duo/",
  "replay": "SOAK_SEED=20260819",
  "phaseState": {
    "hostPhase": "SelectModifierPhase",
    "guestPhase": "SelectModifierPhase",
    "hostInteractionCounter": 3,
    "guestInteractionCounter": 3,
    "hostWave": 4,
    "hostBattleType": 0,
    "hostPlayerField": [
      {
        "id": 3670819782,
        "battlerIndex": 0,
        "speciesId": 149,
        "speciesName": "Dragonite",
        "hp": 212,
        "maxHp": 213,
        "fainted": false,
        "status": 0,
        "statStages": [
          0,
          0,
          0,
          0,
          0,
          0,
          0
        ],
        "moves": [
          {
            "id": 262,
            "ppUsed": 0
          },
          {
            "id": 247,
            "ppUsed": 0
          },
          {
            "id": 53,
            "ppUsed": 0
          },
          {
            "id": 85,
            "ppUsed": 1
          }
        ],
        "coopOwner": "host"
      },
      {
        "id": 3558902012,
        "battlerIndex": 1,
        "speciesId": 248,
        "speciesName": "Tyranitar",
        "hp": 225,
        "maxHp": 225,
        "fainted": false,
        "status": 0,
        "statStages": [
          0,
          0,
          0,
          0,
          0,
          0,
          0
        ],
        "moves": [
          {
            "id": 262,
            "ppUsed": 0
          },
          {
            "id": 247,
            "ppUsed": 0
          },
          {
            "id": 53,
            "ppUsed": 0
          },
          {
            "id": 85,
            "ppUsed": 1
          }
        ],
        "coopOwner": "guest"
      }
    ],
    "hostEnemyField": [
      {
        "id": 1947990342,
        "battlerIndex": 2,
        "speciesId": 399,
        "speciesName": "Bidoof",
        "hp": 0,
        "maxHp": 20,
        "fainted": true,
        "status": 7,
        "statStages": [
          0,
          0,
          0,
          0,
          0,
          0,
          0
        ],
        "moves": [
          {
            "id": 158,
            "ppUsed": 0
          },
          {
            "id": 111,
            "ppUsed": 0
          },
          {
            "id": 70,
            "ppUsed": 0
          },
          {
            "id": 300,
            "ppUsed": 0
          }
        ]
      },
      {
        "id": 3627036883,
        "battlerIndex": 3,
        "speciesId": 293,
        "speciesName": "Whismur",
        "hp": 0,
        "maxHp": 18,
        "fainted": true,
        "status": 7,
        "statStages": [
          0,
          0,
          0,
          0,
          0,
          0,
          0
        ],
        "moves": [
          {
            "id": 45,
            "ppUsed": 0
          },
          {
            "id": 103,
            "ppUsed": 0
          },
          {
            "id": 310,
            "ppUsed": 0
          },
          {
            "id": 336,
            "ppUsed": 0
          }
        ]
      }
    ],
    "guestPlayerField": [
      {
        "id": 3670819782,
        "battlerIndex": -1,
        "speciesId": 149,
        "speciesName": "Dragonite",
        "hp": 212,
        "maxHp": 213,
        "fainted": false,
        "status": 0,
        "statStages": [
          0,
          0,
          0,
          0,
          0,
          0,
          0
        ],
        "moves": [
          {
            "id": 262,
            "ppUsed": 0
          },
          {
            "id": 247,
            "ppUsed": 0
          },
          {
            "id": 53,
            "ppUsed": 0
          },
          {
            "id": 85,
            "ppUsed": 1
          }
        ],
        "coopOwner": "host"
      },
      {
        "id": 3558902012,
        "battlerIndex": -1,
        "speciesId": 248,
        "speciesName": "Tyranitar",
        "hp": 225,
        "maxHp": 225,
        "fainted": false,
        "status": 0,
        "statStages": [
          0,
          0,
          0,
          0,
          0,
          0,
          0
        ],
        "moves": [
          {
            "id": 262,
            "ppUsed": 0
          },
          {
            "id": 247,
            "ppUsed": 0
          },
          {
            "id": 53,
            "ppUsed": 0
          },
          {
            "id": 85,
            "ppUsed": 1
          }
        ],
        "coopOwner": "guest"
      }
    ],
    "guestEnemyField": [
      {
        "id": 1947990342,
        "battlerIndex": -1,
        "speciesId": 399,
        "speciesName": "Bidoof",
        "hp": 0,
        "maxHp": 20,
        "fainted": true,
        "status": 7,
        "statStages": [
          0,
          0,
          0,
          0,
          0,
          0,
          0
        ],
        "moves": [
          {
            "id": 158,
            "ppUsed": 0
          },
          {
            "id": 111,
            "ppUsed": 0
          },
          {
            "id": 70,
            "ppUsed": 0
          },
          {
            "id": 300,
            "ppUsed": 0
          }
        ]
      },
      {
        "id": 3627036883,
        "battlerIndex": -1,
        "speciesId": 293,
        "speciesName": "Whismur",
        "hp": 0,
        "maxHp": 18,
        "fainted": true,
        "status": 7,
        "statStages": [
          0,
          0,
          0,
          0,
          0,
          0,
          0
        ],
        "moves": [
          {
            "id": 45,
            "ppUsed": 0
          },
          {
            "id": 103,
            "ppUsed": 0
          },
          {
            "id": 310,
            "ppUsed": 0
          },
          {
            "id": 336,
            "ppUsed": 0
          }
        ]
      }
    ]
  },
  "actionScript": [
    "SKIP mysteryEncounterDisabledV1",
    "content seed=coop-soak-20260819 preseeded=false",
    "wave 1 turn 1: committed frontier omitted seat 1; guest remained a replay spectator until host action",
    "wave 1 turn 1: host SWITCH -> party[2]",
    "wave 1: host slot move=53 guest slot move=0",
    "wave 1 turn 1: progress enemyHp=[16:14/14] playerHp=[149:213/213]",
    "wave 1 turn 2: committed frontier omitted seat 1; guest remained a replay spectator until host action",
    "wave 1: reward shop owner=host take-nonparty",
    "wave 2 turn 1: replay guest crossed cmd:2:1 through real public COMMAND=opened",
    "wave 2 turn 1: staged guest-owned lead at 1 HP on both engines",
    "wave 2: host slot move=85 guest slot move=53",
    "wave 2 turn 1: forced-faint guest MEMENTO self-KO",
    "wave 2 turn 1: progress enemyHp=[734:0/14,283:14/14] playerHp=[149:212/213,94:0/179]",
    "wave 2 turn 2: replay guest crossed cmd:2:2 through real public COMMAND=opened",
    "wave 2: reward shop owner=guest take-nonparty",
    "wave 3 turn 1: replay guest crossed cmd:3:1 through real public COMMAND=opened",
    "wave 3 turn 1: host SWITCH -> party[2]",
    "wave 3: host slot move=53 guest slot move=247",
    "wave 3 turn 1: progress enemyHp=[276:16/16,69:0/18] playerHp=[143:303/303,248:225/225]",
    "wave 3 turn 2: replay guest crossed cmd:3:2 through real public COMMAND=opened",
    "wave 3 turn 2: host SWITCH -> party[2]",
    "wave 3: reward shop owner=host leave",
    "wave 4 turn 1: replay guest crossed cmd:4:1 through real public COMMAND=opened",
    "wave 4: host slot move=85 guest slot move=85",
    "wave 4 turn 1: progress enemyHp=[399:0/20,293:0/18] playerHp=[149:212/213,248:225/225]"
  ]
}