----- BUG REPORT (in-game) -----
version:  1.11.19
build:    github:5ecac07db457a5ad265392d000f66f1f054c4300:run-32256524092.1
url:      https://elite-redux-staging.pages.dev/
ua:       Mozilla/5.0 (Windows NT 10.0; Win64; x64; rv:153.0) Gecko/20100101 Firefox/153.0
platform: Win32
screen:   2560x1440 @1x  devmem:?
boot:     boot-start@0ms -> loading-complete@19040ms -> title-shown@23950ms
lastSess: ok (reached title)
mode:     0  wave:null  difficulty:ace
seed:     VZAup4iFZSxjOxsDNMTXsqE9
party:    

----- DESCRIPTION -----
amarkov - endless wont progress

----- BUILD IDENTITY (JSON) -----
{"version":1,"id":"github:5ecac07db457a5ad265392d000f66f1f054c4300:run-32256524092.1","source":"github","sha":"5ecac07db457a5ad265392d000f66f1f054c4300","workflow":{"provider":"github-actions","runId":"32256524092","runAttempt":1,"workflow":"Deploy Staging","job":"deploy","repository":"Heraklines/elite-redux","ref":"feat/elite-redux-port"},"deployment":null}

----- CONSOLE -----
[13:12:10.493] LOG: %c %c %c %c %c Phaser v3.90.0 (WebGL | Web Audio) %c https://phaser.io/v390 background: #ff0000 background: #ffff00 background: #00ff00 background: #00ffff color: #ffffff; background: #000000 background: transparent
[13:12:11.085] LOG: [ER] build {"version":1,"id":"github:5ecac07db457a5ad265392d000f66f1f054c4300:run-32256524092.1","source":"github","sha":"5ecac07db457a5ad265392d000f66f1f054c4300","workflow":{"provider":"github-actions","runId":"32256524092","runAttempt":1,"workflow":"Deploy Staging","job":"deploy","repository":"Heraklines/elite-redux","ref":"feat/elite-redux-port"},"deployment":null}
[13:12:12.217] LOG: [dev-tools] loaded — 2 picker scenarios + Send Logs button
[13:12:25.961] DEBUG: Destroying loading scene
[13:12:25.961] DEBUG: Destroyed loading scene
[13:12:26.199] LOG: Seed: VZAup4iFZSxjOxsDNMTXsqE9
[13:12:26.199] LOG: Wave Seed: VZAup4iFZSxjOxsDNMTXsqE9 0
[13:12:28.248] LOG: %cStart Phase LoginPhase color:green;
[13:12:28.888] LOG: Client Session: gr4H36l8H8egGAKySD2naz8XdmnMm98u
[13:12:30.796] DEBUG: Using cached system data
[13:12:30.867] LOG: %cStart Phase TitlePhase color:green;
[13:12:30.868] LOG: Getting Session Slot id: %d 0
[13:12:31.320] LOG: use seasonal splash messages true

----- REPLAY TRACE (JSON) -----
(none)
