{
  "invariant": "no-park",
  "seed": 20260819,
  "wave": 59,
  "detail": "wave driving threw (strand/stall): guest replay HANG: stuck on CoopGuestFaintSwitchPhase - see dev-logs/coop-duo/",
  "replay": "SOAK_SEED=20260819",
  "phaseState": {
    "hostPhase": "EggLapsePhase",
    "guestPhase": "CoopGuestFaintSwitchPhase",
    "hostInteractionCounter": 69,
    "guestInteractionCounter": 69,
    "hostWave": 59,
    "hostBattleType": 0,
    "hostPlayerField": [
      {
        "id": 943005570,
        "battlerIndex": -1,
        "speciesId": 890,
        "speciesName": "Eternatus",
        "hp": 2065,
        "maxHp": 2065,
        "fainted": false,
        "status": 0,
        "statStages": [
          0,
          0,
          0,
          0,
          0,
          0,
          0
        ],
        "moves": [
          {
            "id": 34,
            "ppUsed": 1
          },
          {
            "id": 247,
            "ppUsed": 0
          },
          {
            "id": 53,
            "ppUsed": 0
          },
          {
            "id": 85,
            "ppUsed": 0
          }
        ],
        "coopOwner": "host"
      },
      {
        "id": 474081762,
        "battlerIndex": -1,
        "speciesId": 150,
        "speciesName": "Mewtwo",
        "hp": 0,
        "maxHp": 1725,
        "fainted": true,
        "status": 7,
        "statStages": [
          0,
          0,
          0,
          0,
          0,
          0,
          0
        ],
        "moves": [
          {
            "id": 34,
            "ppUsed": 0
          },
          {
            "id": 247,
            "ppUsed": 0
          },
          {
            "id": 53,
            "ppUsed": 1
          },
          {
            "id": 85,
            "ppUsed": 0
          }
        ],
        "coopOwner": "guest"
      }
    ],
    "hostEnemyField": [
      {
        "id": 1486436857,
        "battlerIndex": -1,
        "speciesId": 343,
        "speciesName": "Baltoy",
        "hp": 0,
        "maxHp": 93,
        "fainted": true,
        "status": 7,
        "statStages": [
          0,
          0,
          0,
          0,
          0,
          0,
          0
        ],
        "moves": [
          {
            "id": 815,
            "ppUsed": 0
          },
          {
            "id": 478,
            "ppUsed": 0
          },
          {
            "id": 5004,
            "ppUsed": 0
          },
          {
            "id": 105,
            "ppUsed": 1
          }
        ]
      },
      {
        "id": 1133990565,
        "battlerIndex": -1,
        "speciesId": 605,
        "speciesName": "Elgyem",
        "hp": 0,
        "maxHp": 111,
        "fainted": true,
        "status": 7,
        "statStages": [
          0,
          0,
          0,
          0,
          0,
          0,
          0
        ],
        "moves": [
          {
            "id": 736,
            "ppUsed": 0
          },
          {
            "id": 513,
            "ppUsed": 0
          },
          {
            "id": 493,
            "ppUsed": 0
          },
          {
            "id": 356,
            "ppUsed": 1
          }
        ]
      }
    ],
    "guestPlayerField": [
      {
        "id": 943005570,
        "battlerIndex": 0,
        "speciesId": 890,
        "speciesName": "Eternatus",
        "hp": 2065,
        "maxHp": 2065,
        "fainted": false,
        "status": 0,
        "statStages": [
          0,
          0,
          0,
          0,
          0,
          0,
          0
        ],
        "moves": [
          {
            "id": 34,
            "ppUsed": 0
          },
          {
            "id": 247,
            "ppUsed": 0
          },
          {
            "id": 53,
            "ppUsed": 0
          },
          {
            "id": 85,
            "ppUsed": 0
          }
        ],
        "coopOwner": "host"
      },
      {
        "id": 474081762,
        "battlerIndex": 1,
        "speciesId": 150,
        "speciesName": "Mewtwo",
        "hp": 0,
        "maxHp": 1725,
        "fainted": true,
        "status": 7,
        "statStages": [
          0,
          0,
          0,
          0,
          0,
          0,
          0
        ],
        "moves": [
          {
            "id": 34,
            "ppUsed": 0
          },
          {
            "id": 247,
            "ppUsed": 0
          },
          {
            "id": 53,
            "ppUsed": 0
          },
          {
            "id": 85,
            "ppUsed": 0
          }
        ],
        "coopOwner": "guest"
      }
    ],
    "guestEnemyField": [
      {
        "id": 1486436857,
        "battlerIndex": 2,
        "speciesId": 343,
        "speciesName": "Baltoy",
        "hp": 0,
        "maxHp": 93,
        "fainted": true,
        "status": 7,
        "statStages": [
          0,
          0,
          0,
          0,
          0,
          0,
          0
        ],
        "moves": [
          {
            "id": 815,
            "ppUsed": 0
          },
          {
            "id": 478,
            "ppUsed": 0
          },
          {
            "id": 5004,
            "ppUsed": 0
          },
          {
            "id": 105,
            "ppUsed": 0
          }
        ]
      },
      {
        "id": 1133990565,
        "battlerIndex": 3,
        "speciesId": 605,
        "speciesName": "Elgyem",
        "hp": 0,
        "maxHp": 111,
        "fainted": true,
        "status": 7,
        "statStages": [
          0,
          0,
          0,
          0,
          0,
          0,
          0
        ],
        "moves": [
          {
            "id": 736,
            "ppUsed": 0
          },
          {
            "id": 513,
            "ppUsed": 0
          },
          {
            "id": 493,
            "ppUsed": 0
          },
          {
            "id": 356,
            "ppUsed": 0
          }
        ]
      }
    ]
  },
  "actionScript": [
    "SKIP mysteryEncounterDisabledV1",
    "content seed=coop-soak-20260819 preseeded=false",
    "wave 1 turn 1: committed frontier omitted seat 1; guest remained a replay spectator until host action",
    "wave 1 turn 1: host SWITCH -> party[2]",
    "wave 1: host slot move=34 guest slot move=0",
    "wave 1 turn 1: progress enemyHp=[16:14/14] playerHp=[493:1865/1865]",
    "wave 1 turn 2: committed frontier omitted seat 1; guest remained a replay spectator until host action",
    "wave 1: reward shop owner=host take-nonparty",
    "wave 2 turn 1: replay guest crossed cmd:2:1 through real public COMMAND=opened",
    "wave 2: host slot move=53 guest slot move=85",
    "wave 2 turn 1: progress enemyHp=[734:0/14,283:0/14] playerHp=[493:1865/1865,384:1715/1715]",
    "wave 2: reward shop owner=guest take-nonparty",
    "wave 3 turn 1: replay guest crossed cmd:3:1 through real public COMMAND=opened",
    "wave 3 turn 1: host SWITCH -> party[2]",
    "wave 3: host slot move=34 guest slot move=53",
    "wave 3 turn 1: progress enemyHp=[276:16/16,69:0/18] playerHp=[890:2065/2065,384:1715/1715]",
    "wave 3 turn 2: replay guest crossed cmd:3:2 through real public COMMAND=opened",
    "wave 3 turn 2: host SWITCH -> party[2]",
    "wave 3: reward shop owner=host leave",
    "wave 4 turn 1: replay guest crossed cmd:4:1 through real public COMMAND=opened",
    "wave 4: host slot move=85 guest slot move=53",
    "wave 4 turn 1: progress enemyHp=[399:0/20,293:0/18] playerHp=[493:1865/1865,384:1715/1715]",
    "wave 4: reward shop owner=guest take-nonparty",
    "wave 5 turn 1: replay guest crossed cmd:5:1 through real public COMMAND=opened",
    "wave 5: TRAINER (fixed)",
    "wave 5: host slot move=53 guest slot move=34",
    "wave 5 turn 1: progress enemyHp=[263:0/18,10:0/18] playerHp=[493:1865/1865,384:1715/1715]",
    "wave 5: reward shop owner=host leave",
    "wave 5: guest chose Crossroads Leave through public UI",
    "wave 5: guest drove World Map via public UI=true and both consumed 1830002203002763:1:BIOME_PICK:9700005",
    "wave 6 turn 1: replay guest crossed cmd:6:1 through real public COMMAND=opened",
    "wave 6: BIOME 0->1",
    "wave 6: host slot move=247 guest slot move=85",
    "wave 6 turn 1: progress enemyHp=[261:0/18,56:20/20] playerHp=[493:1865/1865,384:1715/1715]",
    "wave 6 turn 2: replay guest crossed cmd:6:2 through real public COMMAND=opened",
    "wave 6: reward shop owner=host take-nonparty",
    "wave 7 turn 1: replay guest crossed cmd:7:1 through real public COMMAND=opened",
    "wave 7: host slot move=34 guest slot move=53",
    "wave 7 turn 1: guest SWITCH -> party[3]",
    "wave 7 turn 1: progress enemyHp=[52:0/20,261:20/20] playerHp=[493:1865/1865,150:1725/1725]",
    "wave 7 turn 2: replay guest crossed cmd:7:2 through real public COMMAND=opened",
    "wave 7 turn 2: host SWITCH -> party[2]",
    "wave 7: reward shop owner=guest leave",
    "wave 8 turn 1: replay guest crossed cmd:8:1 through real public COMMAND=opened",
    "wave 8: TRAINER (fixed)",
    "wave 8: host slot move=85 guest slot move=53",
    "wave 8 turn 1: progress enemyHp=[650:0/27,396:0/22] playerHp=[890:2065/2065,150:1725/1725]",
    "wave 8: reward shop owner=host take-nonparty",
    "wave 9 turn 1: replay guest crossed cmd:9:1 through real public COMMAND=opened",
    "wave 9: host slot move=53 guest slot move=34",
    "wave 9 turn 1: guest SWITCH -> party[3]",
    "wave 9 turn 1: progress enemyHp=[827:0/24,661:23/23] playerHp=[890:2065/2065,384:1713/1715]",
    "wave 9 turn 2: replay guest crossed cmd:9:2 through real public COMMAND=opened",
    "wave 9 turn 2: guest SWITCH -> party[3]",
    "wave 9: reward shop owner=guest take-nonparty",
    "wave 10 turn 1: replay guest crossed cmd:10:1 through real public COMMAND=opened",
    "wave 10: host slot move=85 guest slot move=85",
    "wave 10 turn 1: progress enemyHp=[52:0/26,263:25/26] playerHp=[890:2065/2065,150:1719/1725]",
    "wave 10 turn 2: replay guest crossed cmd:10:2 through real public COMMAND=opened",
    "wave 10 turn 2: guest SWITCH -> party[3]",
    "wave 10: biome market owner=host leave",
    "wave 10: drained 1 milestone reward continuation(s)",
    "wave 10: guest chose Crossroads Leave through public UI",
    "wave 10: guest drove World Map via public UI=true and both consumed 1830002203002763:1:BIOME_PICK:9700011",
    "wave 11 turn 1: replay guest crossed cmd:11:1 through real public COMMAND=opened",
    "wave 11: BIOME 1->2",
    "wave 11: host slot move=34 guest slot move=53",
    "wave 11 turn 1: progress enemyHp=[548:0/25,548:0/25] playerHp=[890:2065/2065,384:1715/1715]",
    "wave 11: reward shop owner=host leave",
    "wave 12 turn 1: replay guest crossed cmd:12:1 through real public COMMAND=opened",
    "wave 12: host slot move=85 guest slot move=247",
    "wave 12 turn 1: progress enemyHp=[268:0/28,543:0/25] playerHp=[890:2065/2065,384:1715/1715]",
    "wave 12: reward shop owner=guest leave",
    "wave 13 turn 1: replay guest crossed cmd:13:1 through real public COMMAND=opened",
    "wave 13: host slot move=53 guest slot move=34",
    "wave 13 turn 1: progress enemyHp=[546:0/26,546:0/26] playerHp=[890:2065/2065,384:1715/1715]",
    "wave 13: reward shop owner=host leave",
    "wave 14 turn 1: replay guest crossed cmd:14:1 through real public COMMAND=opened",
    "wave 14: host slot move=247 guest slot move=85",
    "wave 14 turn 1: progress enemyHp=[546:0/28,543:0/27] playerHp=[890:2065/2065,384:1715/1715]",
    "wave 14: reward shop owner=guest leave",
    "wave 15 turn 1: replay guest crossed cmd:15:1 through real public COMMAND=opened",
    "wave 15: host slot move=34 guest slot move=53",
    "wave 15 turn 1: progress enemyHp=[543:0/29,590:0/34] playerHp=[890:2065/2065,384:1715/1715]",
    "wave 15: reward shop owner=host leave",
    "wave 15: guest chose Crossroads Leave through public UI",
    "wave 15: guest drove World Map via public UI=true and both consumed 1830002203002763:1:BIOME_PICK:9700017",
    "wave 16 turn 1: replay guest crossed cmd:16:1 through real public COMMAND=opened",
    "wave 16: host slot move=85 guest slot move=247",
    "wave 16 turn 1: progress enemyHp=[546:0/33,273:0/31] playerHp=[890:2065/2065,384:1715/1715]",
    "wave 16: reward shop owner=host take-nonparty",
    "wave 17 turn 1: replay guest crossed cmd:17:1 through real public COMMAND=opened",
    "wave 17 turn 1: host SWITCH -> party[2]",
    "wave 17: host slot move=85 guest slot move=34",
    "wave 17 turn 1: progress enemyHp=[108:47/47,714:0/35] playerHp=[493:1865/1865,384:1715/1715]",
    "wave 17 turn 2: replay guest crossed cmd:17:2 through real public COMMAND=opened",
    "wave 17: reward shop owner=guest leave",
    "wave 18 turn 1: replay guest crossed cmd:18:1 through real public COMMAND=opened",
    "wave 18: host slot move=247 guest slot move=85",
    "wave 18 turn 1: progress enemyHp=[268:0/35,44:0/37] playerHp=[493:1865/1865,384:1715/1715]",
    "wave 18: reward shop owner=host take-nonparty",
    "wave 19 turn 1: replay guest crossed cmd:19:1 through real public COMMAND=opened",
    "wave 19: host slot move=34 guest slot move=53",
    "wave 19 turn 1: progress enemyHp=[273:0/33,546:30/35] playerHp=[493:1865/1865,384:1714/1715]",
    "wave 19 turn 2: replay guest crossed cmd:19:2 through real public COMMAND=opened",
    "wave 19 turn 2: guest SWITCH -> party[3]",
    "wave 19: reward shop owner=guest leave",
    "wave 20 turn 1: replay guest crossed cmd:20:1 through real public COMMAND=opened",
    "wave 20: host slot move=85 guest slot move=247",
    "wave 20 turn 1: progress enemyHp=[543:0/36,714:0/44] playerHp=[493:1865/1865,150:1725/1725]",
    "wave 20: biome market owner=host leave",
    "wave 20: drained 1 milestone reward continuation(s)",
    "wave 20: guest chose Crossroads Leave through public UI",
    "wave 20: guest drove World Map via public UI=true and both consumed 1830002203002763:1:BIOME_PICK:9700023",
    "wave 21 turn 1: replay guest crossed cmd:21:1 through real public COMMAND=opened",
    "wave 21: BIOME 2->3",
    "wave 21 turn 1: host SWITCH -> party[2]",
    "wave 21: host slot move=53 guest slot move=53",
    "wave 21 turn 1: progress enemyHp=[624:38/38,402:0/49] playerHp=[890:2065/2065,150:1725/1725]",
    "wave 21 turn 2: replay guest crossed cmd:21:2 through real public COMMAND=opened",
    "wave 21: reward shop owner=host leave",
    "wave 22 turn 1: replay guest crossed cmd:22:1 through real public COMMAND=opened",
    "wave 22: host slot move=247 guest slot move=85",
    "wave 22 turn 1: guest SWITCH -> party[3]",
    "wave 22 turn 1: progress enemyHp=[43:0/43,37:38/38] playerHp=[890:2065/2065,384:1608/1715]",
    "wave 22 turn 2: replay guest crossed cmd:22:2 through real public COMMAND=opened",
    "wave 22: reward shop owner=guest take-nonparty",
    "wave 23 turn 1: replay guest crossed cmd:23:1 through real public COMMAND=opened",
    "wave 23: host slot move=34 guest slot move=53",
    "wave 23 turn 1: progress enemyHp=[46:0/40,37:0/41] playerHp=[890:2065/2065,384:1606/1715]",
    "wave 23: reward shop owner=host take-nonparty",
    "wave 24 turn 1: replay guest crossed cmd:24:1 through real public COMMAND=opened",
    "wave 24: host slot move=85 guest slot move=247",
    "wave 24 turn 1: guest SWITCH -> party[3]",
    "wave 24 turn 1: progress enemyHp=[167:0/41,167:39/39] playerHp=[890:2065/2065,150:1725/1725]",
    "wave 24 turn 2: replay guest crossed cmd:24:2 through real public COMMAND=opened",
    "wave 24: reward shop owner=guest leave",
    "wave 25 turn 1: replay guest crossed cmd:25:1 through real public COMMAND=opened",
    "wave 25: TRAINER (fixed)",
    "wave 25: host slot move=53 guest slot move=34",
    "wave 25 turn 1: progress enemyHp=[651:0/57,397:0/50] playerHp=[890:2065/2065,150:1725/1725]",
    "wave 25 turn 2: replay guest crossed cmd:25:2 through real public COMMAND=opened",
    "wave 25: reward shop owner=host take-nonparty",
    "wave 25: guest drove World Map via public UI=true and both consumed 1830002203002763:1:BIOME_PICK:9700029",
    "wave 26 turn 1: replay guest crossed cmd:26:1 through real public COMMAND=opened",
    "wave 26: host slot move=247 guest slot move=85",
    "wave 26 turn 1: progress enemyHp=[37:0/43,753:0/45] playerHp=[890:2065/2065,150:1725/1725]",
    "wave 26: reward shop owner=host take-nonparty",
    "wave 27 turn 1: replay guest crossed cmd:27:1 through real public COMMAND=opened",
    "wave 27: host slot move=247 guest slot move=53",
    "wave 27 turn 1: progress enemyHp=[587:0/54,30:0/56] playerHp=[890:2065/2065,150:1725/1725]",
    "wave 27: reward shop owner=guest take-nonparty",
    "wave 28 turn 1: replay guest crossed cmd:28:1 through real public COMMAND=opened",
    "wave 28: host slot move=85 guest slot move=247",
    "wave 28 turn 1: progress enemyHp=[665:0/47,758:0/55] playerHp=[890:2065/2065,150:1725/1725]",
    "wave 28: reward shop owner=host leave",
    "wave 29 turn 1: replay guest crossed cmd:29:1 through real public COMMAND=opened",
    "wave 29: host slot move=53 guest slot move=34",
    "wave 29 turn 1: progress enemyHp=[919:0/45,753:0/50] playerHp=[890:2065/2065,150:1725/1725]",
    "wave 29: reward shop owner=guest take-nonparty",
    "wave 30 turn 1: replay guest crossed cmd:30:1 through real public COMMAND=opened",
    "wave 30: TRAINER (random)",
    "wave 30: host slot move=247 guest slot move=85",
    "wave 30 turn 1: progress enemyHp=[69:0/64,10001:5/75] playerHp=[890:2065/2065,150:1725/1725]",
    "wave 30 turn 2: replay guest crossed cmd:30:2 through real public COMMAND=opened",
    "wave 30: biome market owner=host leave",
    "wave 30: drained 1 milestone reward continuation(s)",
    "wave 30: guest chose Crossroads Leave through public UI",
    "wave 30: guest drove World Map via public UI=true and both consumed 1830002203002763:1:BIOME_PICK:9700035",
    "wave 31 turn 1: replay guest crossed cmd:31:1 through real public COMMAND=opened",
    "wave 31: BIOME 3->5",
    "wave 31: host slot move=53 guest slot move=53",
    "wave 31 turn 1: progress enemyHp=[216:0/55,415:0/52] playerHp=[890:2065/2065,150:1725/1725]",
    "wave 31: reward shop owner=host take-nonparty",
    "wave 32 turn 1: replay guest crossed cmd:32:1 through real public COMMAND=opened",
    "wave 32: host slot move=85 guest slot move=247",
    "wave 32 turn 1: progress enemyHp=[548:0/51,12:0/63] playerHp=[890:2065/2065,150:1725/1725]",
    "wave 32: reward shop owner=guest leave",
    "wave 33 turn 1: replay guest crossed cmd:33:1 through real public COMMAND=opened",
    "wave 33: host slot move=53 guest slot move=34",
    "wave 33 turn 1: progress enemyHp=[415:0/54,267:0/62] playerHp=[890:2065/2065,150:1725/1725]",
    "wave 33: reward shop owner=host leave",
    "wave 34 turn 1: replay guest crossed cmd:34:1 through real public COMMAND=opened",
    "wave 34 turn 1: host SWITCH -> party[2]",
    "wave 34: host slot move=247 guest slot move=85",
    "wave 34 turn 1: progress enemyHp=[12:71/71,216:0/62] playerHp=[493:1865/1865,150:1725/1725]",
    "wave 34 turn 2: replay guest crossed cmd:34:2 through real public COMMAND=opened",
    "wave 34: reward shop owner=guest leave",
    "wave 35 turn 1: replay guest crossed cmd:35:1 through real public COMMAND=opened",
    "wave 35: TRAINER (fixed)",
    "wave 35: host slot move=34 guest slot move=53",
    "wave 35 turn 1: guest SWITCH -> party[3]",
    "wave 35 turn 1: progress enemyHp=[262:0/75,316:75/75] playerHp=[493:1626/1865,384:1715/1715]",
    "wave 35 turn 2: replay guest crossed cmd:35:2 through real public COMMAND=opened",
    "wave 35: reward shop owner=host leave",
    "wave 35: guest chose Crossroads Leave through public UI",
    "wave 35: guest drove World Map via public UI=true and both consumed 1830002203002763:1:BIOME_PICK:9700041",
    "wave 36 turn 1: replay guest crossed cmd:36:1 through real public COMMAND=opened",
    "wave 36: host slot move=85 guest slot move=53",
    "wave 36 turn 1: progress enemyHp=[10229:0/67,944:0/60] playerHp=[493:1623/1865,384:1715/1715]",
    "wave 36: reward shop owner=host leave",
    "wave 37 turn 1: replay guest crossed cmd:37:1 through real public COMMAND=opened",
    "wave 37: host slot move=34 guest slot move=34",
    "wave 37 turn 1: progress enemyHp=[586:0/82,267:0/70] playerHp=[493:1623/1865,384:1715/1715]",
    "wave 37: reward shop owner=guest take-nonparty",
    "wave 38 turn 1: replay guest crossed cmd:38:1 through real public COMMAND=opened",
    "wave 38 turn 1: host SWITCH -> party[2]",
    "wave 38: host slot move=247 guest slot move=85",
    "wave 38 turn 1: progress enemyHp=[70:79/79,541:0/72] playerHp=[890:2065/2065,384:1714/1715]",
    "wave 38 turn 2: replay guest crossed cmd:38:2 through real public COMMAND=opened",
    "wave 38: reward shop owner=host leave",
    "wave 39 turn 1: replay guest crossed cmd:39:1 through real public COMMAND=opened",
    "wave 39: host slot move=34 guest slot move=34",
    "wave 39 turn 1: progress enemyHp=[665:0/65,586:0/85] playerHp=[890:2065/2065,384:1714/1715]",
    "wave 39: reward shop owner=guest take-nonparty",
    "wave 40 turn 1: replay guest crossed cmd:40:1 through real public COMMAND=opened",
    "wave 40: host slot move=85 guest slot move=247",
    "wave 40 turn 1: progress enemyHp=[253:0/74,267:0/83] playerHp=[890:2065/2065,384:1714/1715]",
    "wave 40: biome market owner=host leave",
    "wave 40: drained 1 milestone reward continuation(s)",
    "wave 40: guest chose Crossroads Leave through public UI",
    "wave 40: guest drove World Map via public UI=true and both consumed 1830002203002763:1:BIOME_PICK:9700047",
    "wave 41 turn 1: replay guest crossed cmd:41:1 through real public COMMAND=opened",
    "wave 41: BIOME 5->27",
    "wave 41: host slot move=53 guest slot move=247",
    "wave 41 turn 1: guest SWITCH -> party[3]",
    "wave 41 turn 1: progress enemyHp=[515:0/89,522:75/75] playerHp=[890:2065/2065,150:1725/1725]",
    "wave 41 turn 2: replay guest crossed cmd:41:2 through real public COMMAND=opened",
    "wave 41: reward shop owner=host leave",
    "wave 42 turn 1: replay guest crossed cmd:42:1 through real public COMMAND=opened",
    "wave 42: host slot move=247 guest slot move=85",
    "wave 42 turn 1: progress enemyHp=[336:0/90,336:0/90] playerHp=[890:2065/2065,150:1725/1725]",
    "wave 42: reward shop owner=guest leave",
    "wave 42: drained 1 milestone reward continuation(s)",
    "wave 43 turn 1: replay guest crossed cmd:43:1 through real public COMMAND=opened",
    "wave 43: host slot move=34 guest slot move=53",
    "wave 43 turn 1: progress enemyHp=[870:0/93,416:0/91] playerHp=[890:2065/2065,150:1725/1725]",
    "wave 43: reward shop owner=host take-nonparty",
    "wave 44 turn 1: replay guest crossed cmd:44:1 through real public COMMAND=opened",
    "wave 44: host slot move=34 guest slot move=247",
    "wave 44 turn 1: progress enemyHp=[424:0/99,754:0/103] playerHp=[890:2065/2065,150:1725/1725]",
    "wave 44: reward shop owner=guest leave",
    "wave 44: drained 1 milestone reward continuation(s)",
    "wave 45 turn 1: replay guest crossed cmd:45:1 through real public COMMAND=opened",
    "wave 45: host slot move=53 guest slot move=34",
    "wave 45 turn 1: progress enemyHp=[870:0/90,465:0/115] playerHp=[890:2065/2065,150:1725/1725]",
    "wave 45: reward shop owner=host leave",
    "wave 45: drained 1 milestone reward continuation(s)",
    "wave 45: guest chose Crossroads Leave through public UI",
    "wave 45: guest drove World Map via public UI=true and both consumed 1830002203002763:1:BIOME_PICK:9700053",
    "wave 46 turn 1: replay guest crossed cmd:46:1 through real public COMMAND=opened",
    "wave 46: BIOME 27->29",
    "wave 46: host slot move=247 guest slot move=53",
    "wave 46 turn 1: progress enemyHp=[451:0/82,622:0/89] playerHp=[890:2065/2065,150:1725/1725]",
    "wave 46: reward shop owner=host leave",
    "wave 47 turn 1: replay guest crossed cmd:47:1 through real public COMMAND=opened",
    "wave 47: host slot move=53 guest slot move=53",
    "wave 47 turn 1: progress enemyHp=[355:0/63,177:0/73] playerHp=[890:2065/2065,150:1725/1725]",
    "wave 47: reward shop owner=guest leave",
    "wave 48 turn 1: replay guest crossed cmd:48:1 through real public COMMAND=opened",
    "wave 48: host slot move=247 guest slot move=247",
    "wave 48 turn 1: guest SWITCH -> party[3]",
    "wave 48 turn 1: progress enemyHp=[999:96/96,358:109/109] playerHp=[890:2065/2065,384:1707/1715]",
    "wave 48 turn 2: replay guest crossed cmd:48:2 through real public COMMAND=opened",
    "wave 48: reward shop owner=host leave",
    "wave 48: drained 1 milestone reward continuation(s)",
    "wave 49 turn 1: replay guest crossed cmd:49:1 through real public COMMAND=opened",
    "wave 49 turn 1: host SWITCH -> party[2]",
    "wave 49: host slot move=247 guest slot move=247",
    "wave 49 turn 1: progress enemyHp=[355:68/68,563:0/102] playerHp=[493:1865/1865,384:1707/1715]",
    "wave 49 turn 2: replay guest crossed cmd:49:2 through real public COMMAND=opened",
    "wave 49 turn 2: guest SWITCH -> party[3]",
    "wave 49: reward shop owner=guest take-nonparty",
    "wave 50 turn 1: replay guest crossed cmd:50:1 through real public COMMAND=opened",
    "wave 50 turn 1: host SWITCH -> party[2]",
    "wave 50: host slot move=247 guest slot move=53",
    "wave 50 turn 1: progress enemyHp=[563:116/116,358:0/109] playerHp=[890:2065/2065,150:1722/1725]",
    "wave 50 turn 2: replay guest crossed cmd:50:2 through real public COMMAND=opened",
    "wave 50 turn 2: guest SWITCH -> party[3]",
    "wave 50: biome market owner=host leave",
    "wave 50: drained 1 milestone reward continuation(s)",
    "wave 50: guest chose Crossroads Leave through public UI",
    "wave 50: guest drove World Map via public UI=true and both consumed 1830002203002763:1:BIOME_PICK:9700059",
    "wave 51 turn 1: replay guest crossed cmd:51:1 through real public COMMAND=opened",
    "wave 51: BIOME 29->14",
    "wave 51: host slot move=34 guest slot move=85",
    "wave 51 turn 1: progress enemyHp=[346:0/119,947:0/93] playerHp=[890:2065/2065,384:1608/1715]",
    "wave 51: reward shop owner=host leave",
    "wave 51: drained 1 milestone reward continuation(s)",
    "wave 52 turn 1: replay guest crossed cmd:52:1 through real public COMMAND=opened",
    "wave 52: host slot move=34 guest slot move=53",
    "wave 52 turn 1: guest SWITCH -> party[3]",
    "wave 52 turn 1: progress enemyHp=[552:0/100,452:107/107] playerHp=[890:2065/2065,150:1605/1725]",
    "wave 52 turn 2: replay guest crossed cmd:52:2 through real public COMMAND=opened",
    "wave 52: reward shop owner=guest leave",
    "wave 52: drained 1 milestone reward continuation(s)",
    "wave 53 turn 1: replay guest crossed cmd:53:1 through real public COMMAND=opened",
    "wave 53: host slot move=247 guest slot move=34",
    "wave 53 turn 1: progress enemyHp=[563:0/99,346:0/126] playerHp=[890:2065/2065,150:1391/1725]",
    "wave 53: reward shop owner=host leave",
    "wave 53: drained 1 milestone reward continuation(s)",
    "wave 54 turn 1: replay guest crossed cmd:54:1 through real public COMMAND=opened",
    "wave 54: host slot move=85 guest slot move=53",
    "wave 54 turn 1: progress enemyHp=[954:0/108,28:0/131] playerHp=[890:2065/2065,150:1284/1725]",
    "wave 54: reward shop owner=guest take-nonparty",
    "wave 55 turn 1: replay guest crossed cmd:55:1 through real public COMMAND=opened",
    "wave 55: TRAINER (fixed)",
    "wave 55: host slot move=34 guest slot move=53",
    "wave 55 turn 1: progress enemyHp=[652:0/135,398:0/124] playerHp=[890:2065/2065,150:1177/1725]",
    "wave 55 turn 2: replay guest crossed cmd:55:2 through real public COMMAND=opened",
    "wave 55: reward shop owner=host take-nonparty",
    "wave 55: guest chose Crossroads Leave through public UI",
    "wave 55: guest drove World Map via public UI=true and both consumed 1830002203002763:1:BIOME_PICK:9700065",
    "wave 56 turn 1: replay guest crossed cmd:56:1 through real public COMMAND=opened",
    "wave 56: BIOME 14->22",
    "wave 56: host slot move=34 guest slot move=247",
    "wave 56 turn 1: progress enemyHp=[201:0/96,959:0/121] playerHp=[890:2065/2065,150:1070/1725]",
    "wave 56: reward shop owner=host leave",
    "wave 57 turn 1: replay guest crossed cmd:57:1 through real public COMMAND=opened",
    "wave 57: host slot move=247 guest slot move=247",
    "wave 57 turn 1: progress enemyHp=[344:0/112,867:0/103] playerHp=[890:2065/2065,150:639/1725]",
    "wave 57: reward shop owner=guest leave",
    "wave 58 turn 1: replay guest crossed cmd:58:1 through real public COMMAND=opened",
    "wave 58: host slot move=247 guest slot move=85",
    "wave 58 turn 1: progress enemyHp=[326:0/117,605:0/114] playerHp=[890:2065/2065,150:208/1725]",
    "wave 58: reward shop owner=host take-nonparty",
    "wave 59 turn 1: replay guest crossed cmd:59:1 through real public COMMAND=opened",
    "wave 59: host slot move=34 guest slot move=53"
  ]
}