===== COOP SOAK RESULT =====
profile: god
verdict: FAIL
waves_requested: 150
run: 31925298591 (main)
timestamp: 2026-08-16T03-57-47Z

----- driver lines -----
[22m[39m[coop-soak] SEED=20260816 WAVES=150 - replay this run with:  SOAK_SEED=20260816 SOAK_WAVES=150 ER_SCENARIO=1 npx vitest run test/tests/elite-redux/coop/coop-soak.test.ts
[22m[39m[coop-soak] RUN ENDED crossing into wave 6 (seed 206780945): host at terminal phase TitlePhase. Survey stops here.
[31m[1mSoakInvariantError[22m: [coop-soak] LOCKSTEP invariant breached at wave 49 (seed 20260816): reward shop did not advance both counters once (before=57 host=57 guest=57). Artifact + both logs: /home/runner/work/elite-redux/elite-redux/dev-logs/coop-soak/2026-08-16T03-57-09-397Z__seed-20260816__wave-49. Replay: SOAK_SEED=20260816[39m

----- vitest result tail -----
[31m[1mSoakInvariantError[22m: [coop-soak] LOCKSTEP invariant breached at wave 49 (seed 20260816): reward shop did not advance both counters once (before=57 host=57 guest=57). Artifact + both logs: /home/runner/work/elite-redux/elite-redux/dev-logs/coop-soak/2026-08-16T03-57-09-397Z__seed-20260816__wave-49. Replay: SOAK_SEED=20260816[39m
[36m [2m❯[22m fail test/tools/coop-soak-driver.ts:[2m1791:11[22m[39m
    [90m1789|[39m       phaseState: phaseStateDump(rig),
    [90m1790|[39m     });
    [90m1791|[39m     throw new SoakInvariantError(invariant, seed, wave, detail, dir);
    [90m   |[39m           [31m^[39m
    [90m1792|[39m   };
    [90m1793|[39m
[90m [2m❯[22m driveRewardShop test/tools/coop-soak-driver.ts:[2m3456:9[22m[39m
[90m [2m❯[22m processNormalWave test/tools/coop-soak-driver.ts:[2m4694:7[22m[39m
[90m [2m❯[22m runCoopSoak test/tools/coop-soak-driver.ts:[2m5356:7[22m[39m
[90m [2m❯[22m test/tests/elite-redux/coop/coop-soak.test.ts:[2m184:22[22m[39m

[31m[2m⎯⎯⎯⎯⎯⎯⎯⎯⎯⎯⎯⎯⎯⎯⎯⎯⎯⎯⎯⎯⎯⎯⎯⎯[1/2]⎯[22m[39m

[41m[1m FAIL [22m[49m [30m[45m main [49m[39m test/tests/elite-redux/coop/coop-soak.test.ts[2m:297:3[22m[2m > [22mNIGHTLY co-op SOAK: seeded randomized two-engine run (#841)[2m > [22mretained wave boundary keeps one X Attack exact on both clients through natural expiry without recovery
[31m[1mAssertionError[22m: the focused lifecycle crossed every requested battle boundary: expected 5 to be 6 // Object.is equality[39m

[32m- Expected[39m
[31m+ Received[39m

[32m- 6[39m
[31m+ 5[39m

[36m [2m❯[22m test/tests/elite-redux/coop/coop-soak.test.ts:[2m320:100[22m[39m
    [90m318|[39m     })[33m;[39m
    [90m319|[39m
    [90m320|[39m     expect(result.wavesCompleted, "the focused lifecycle crossed every…
    [90m   |[39m                                                                                                    [31m^[39m
    [90m321|[39m     expect(result.findings, "no modifier/save divergence survived a bo…
    [90m322|[39m     expect(result.preHealMismatches, "no mismatch was hidden by the on…

[31m[2m⎯⎯⎯⎯⎯⎯⎯⎯⎯⎯⎯⎯⎯⎯⎯⎯⎯⎯⎯⎯⎯⎯⎯⎯[2/2]⎯[22m[39m


[2m Test Files [22m [1m[31m1 failed[39m[22m[90m (1)[39m
[2m      Tests [22m [1m[31m2 failed[39m[22m[90m (2)[39m
[2m   Start at [22m 03:53:24
[2m   Duration [22m 262.13s[2m (transform 21.86s, setup 26.24s, import 342ms, tests 234.69s, environment 697ms)[22m

