{
  "invariant": "no-park",
  "seed": 20261010,
  "wave": 74,
  "detail": "wave driving threw (strand/stall): guest replay HANG: stuck on CoopGuestFaintSwitchPhase - see dev-logs/coop-duo/",
  "replay": "SOAK_SEED=20261010",
  "phaseState": {
    "hostPhase": "EggLapsePhase",
    "guestPhase": "CoopGuestFaintSwitchPhase",
    "hostInteractionCounter": 86,
    "guestInteractionCounter": 86,
    "hostWave": 74,
    "hostBattleType": 0,
    "hostPlayerField": [
      {
        "id": 2072726658,
        "battlerIndex": 0,
        "speciesId": 493,
        "speciesName": "Arceus",
        "hp": 1865,
        "maxHp": 1865,
        "fainted": false,
        "status": 0,
        "statStages": [
          0,
          0,
          0,
          0,
          0,
          0,
          0
        ],
        "moves": [
          {
            "id": 34,
            "ppUsed": 0
          },
          {
            "id": 247,
            "ppUsed": 0
          },
          {
            "id": 53,
            "ppUsed": 0
          },
          {
            "id": 85,
            "ppUsed": 0
          }
        ],
        "coopOwner": "host"
      },
      {
        "id": 1030500509,
        "battlerIndex": 1,
        "speciesId": 150,
        "speciesName": "Mewtwo",
        "hp": 0,
        "maxHp": 1725,
        "fainted": true,
        "status": 7,
        "statStages": [
          0,
          0,
          0,
          0,
          0,
          0,
          0
        ],
        "moves": [
          {
            "id": 34,
            "ppUsed": 0
          },
          {
            "id": 247,
            "ppUsed": 0
          },
          {
            "id": 53,
            "ppUsed": 0
          },
          {
            "id": 85,
            "ppUsed": 0
          }
        ],
        "coopOwner": "guest"
      }
    ],
    "hostEnemyField": [
      {
        "id": 3181705496,
        "battlerIndex": 2,
        "speciesId": 593,
        "speciesName": "Jellicent",
        "hp": 0,
        "maxHp": 202,
        "fainted": true,
        "status": 7,
        "statStages": [
          0,
          0,
          0,
          0,
          0,
          0,
          0
        ],
        "moves": [
          {
            "id": 127,
            "ppUsed": 0
          },
          {
            "id": 809,
            "ppUsed": 0
          },
          {
            "id": 194,
            "ppUsed": 1
          },
          {
            "id": 362,
            "ppUsed": 0
          }
        ]
      },
      {
        "id": 1255523016,
        "battlerIndex": 3,
        "speciesId": 321,
        "speciesName": "Wailord",
        "hp": 0,
        "maxHp": 235,
        "fainted": true,
        "status": 7,
        "statStages": [
          0,
          0,
          0,
          0,
          0,
          0,
          0
        ],
        "moves": [
          {
            "id": 362,
            "ppUsed": 0
          },
          {
            "id": 497,
            "ppUsed": 0
          },
          {
            "id": 5105,
            "ppUsed": 0
          },
          {
            "id": 340,
            "ppUsed": 0
          }
        ]
      }
    ],
    "guestPlayerField": [
      {
        "id": 2072726658,
        "battlerIndex": -1,
        "speciesId": 493,
        "speciesName": "Arceus",
        "hp": 1865,
        "maxHp": 1865,
        "fainted": false,
        "status": 0,
        "statStages": [
          0,
          0,
          0,
          0,
          0,
          0,
          0
        ],
        "moves": [
          {
            "id": 34,
            "ppUsed": 0
          },
          {
            "id": 247,
            "ppUsed": 0
          },
          {
            "id": 53,
            "ppUsed": 0
          },
          {
            "id": 85,
            "ppUsed": 0
          }
        ],
        "coopOwner": "host"
      },
      {
        "id": 1030500509,
        "battlerIndex": -1,
        "speciesId": 150,
        "speciesName": "Mewtwo",
        "hp": 0,
        "maxHp": 1725,
        "fainted": true,
        "status": 7,
        "statStages": [
          0,
          0,
          0,
          0,
          0,
          0,
          0
        ],
        "moves": [
          {
            "id": 34,
            "ppUsed": 0
          },
          {
            "id": 247,
            "ppUsed": 0
          },
          {
            "id": 53,
            "ppUsed": 0
          },
          {
            "id": 85,
            "ppUsed": 0
          }
        ],
        "coopOwner": "guest"
      }
    ],
    "guestEnemyField": [
      {
        "id": 3181705496,
        "battlerIndex": -1,
        "speciesId": 593,
        "speciesName": "Jellicent",
        "hp": 0,
        "maxHp": 202,
        "fainted": true,
        "status": 7,
        "statStages": [
          0,
          0,
          0,
          0,
          0,
          0,
          0
        ],
        "moves": [
          {
            "id": 127,
            "ppUsed": 0
          },
          {
            "id": 809,
            "ppUsed": 0
          },
          {
            "id": 194,
            "ppUsed": 1
          },
          {
            "id": 362,
            "ppUsed": 0
          }
        ]
      },
      {
        "id": 1255523016,
        "battlerIndex": -1,
        "speciesId": 321,
        "speciesName": "Wailord",
        "hp": 0,
        "maxHp": 235,
        "fainted": true,
        "status": 7,
        "statStages": [
          0,
          0,
          0,
          0,
          0,
          0,
          0
        ],
        "moves": [
          {
            "id": 362,
            "ppUsed": 0
          },
          {
            "id": 497,
            "ppUsed": 0
          },
          {
            "id": 5105,
            "ppUsed": 0
          },
          {
            "id": 340,
            "ppUsed": 0
          }
        ]
      }
    ]
  },
  "actionScript": [
    "SKIP mysteryEncounterDisabledV1",
    "content seed=coop-soak-20261010 preseeded=false",
    "wave 1 turn 1: committed frontier omitted seat 1; guest remained a replay spectator until host action",
    "wave 1: host slot move=53 guest slot move=0",
    "wave 1 turn 1: progress enemyHp=[16:0/14] playerHp=[890:2065/2065]",
    "wave 1: reward shop owner=host leave",
    "wave 2 turn 1: replay guest crossed cmd:2:1 through real public COMMAND=opened",
    "wave 2: host slot move=53 guest slot move=53",
    "wave 2 turn 1: progress enemyHp=[276:0/14,19:0/15] playerHp=[890:2065/2065,384:1715/1715]",
    "wave 2: reward shop owner=guest leave",
    "wave 3 turn 1: replay guest crossed cmd:3:1 through real public COMMAND=opened",
    "wave 3 turn 1: host SWITCH -> party[2]",
    "wave 3: host slot move=34 guest slot move=34",
    "wave 3 turn 1: progress enemyHp=[173:16/16,161:0/16] playerHp=[493:1865/1865,384:1715/1715]",
    "wave 3 turn 2: replay guest crossed cmd:3:2 through real public COMMAND=opened",
    "wave 3: reward shop owner=host take-nonparty",
    "wave 4 turn 1: replay guest crossed cmd:4:1 through real public COMMAND=opened",
    "wave 4: host slot move=85 guest slot move=247",
    "wave 4 turn 1: progress enemyHp=[546:0/18,187:0/18] playerHp=[493:1865/1865,384:1715/1715]",
    "wave 4: reward shop owner=guest take-nonparty",
    "wave 5 turn 1: replay guest crossed cmd:5:1 through real public COMMAND=opened",
    "wave 5: TRAINER (fixed)",
    "wave 5: host slot move=85 guest slot move=34",
    "wave 5 turn 1: progress enemyHp=[399:0/20,10:0/18] playerHp=[493:1865/1865,384:1715/1715]",
    "wave 5: reward shop owner=host leave",
    "wave 5: guest chose Crossroads Leave through public UI",
    "wave 5: guest drove World Map via public UI=true and both consumed 1834624209954451:1:BIOME_PICK:9700005",
    "wave 6 turn 1: replay guest crossed cmd:6:1 through real public COMMAND=opened",
    "wave 6: BIOME 0->1",
    "wave 6: host slot move=85 guest slot move=53",
    "wave 6 turn 1: guest SWITCH -> party[3]",
    "wave 6 turn 1: progress enemyHp=[915:0/19,263:20/20] playerHp=[493:1865/1865,150:1723/1725]",
    "wave 6 turn 2: replay guest crossed cmd:6:2 through real public COMMAND=opened",
    "wave 6 turn 2: guest SWITCH -> party[3]",
    "wave 6: reward shop owner=host leave",
    "wave 7 turn 1: replay guest crossed cmd:7:1 through real public COMMAND=opened",
    "wave 7: host slot move=34 guest slot move=85",
    "wave 7 turn 1: progress enemyHp=[396:22/22,734:0/23] playerHp=[493:1865/1865,384:1715/1715]",
    "wave 7 turn 2: replay guest crossed cmd:7:2 through real public COMMAND=opened",
    "wave 7: reward shop owner=guest take-nonparty",
    "wave 8 turn 1: replay guest crossed cmd:8:1 through real public COMMAND=opened",
    "wave 8: TRAINER (fixed)",
    "wave 8: host slot move=85 guest slot move=85",
    "wave 8 turn 1: progress enemyHp=[909:0/29,276:0/22] playerHp=[493:1865/1865,384:1715/1715]",
    "wave 8: reward shop owner=host leave",
    "wave 9 turn 1: replay guest crossed cmd:9:1 through real public COMMAND=opened",
    "wave 9: host slot move=53 guest slot move=34",
    "wave 9 turn 1: progress enemyHp=[161:0/22,819:0/28] playerHp=[493:1862/1865,384:1715/1715]",
    "wave 9: reward shop owner=guest take-nonparty",
    "wave 10 turn 1: replay guest crossed cmd:10:1 through real public COMMAND=opened",
    "wave 10: host slot move=53 guest slot move=53",
    "wave 10 turn 1: progress enemyHp=[915:0/29,399:0/28] playerHp=[493:1862/1865,384:1715/1715]",
    "wave 10: biome market owner=host leave",
    "wave 10: drained 1 milestone reward continuation(s)",
    "wave 10: guest chose Crossroads Leave through public UI",
    "wave 10: guest drove World Map via public UI=true and both consumed 1834624209954451:1:BIOME_PICK:9700011",
    "wave 11 turn 1: replay guest crossed cmd:11:1 through real public COMMAND=opened",
    "wave 11: BIOME 1->2",
    "wave 11 turn 1: host SWITCH -> party[2]",
    "wave 11: host slot move=34 guest slot move=53",
    "wave 11 turn 1: progress enemyHp=[546:24/24,285:0/27] playerHp=[890:2065/2065,384:1715/1715]",
    "wave 11 turn 2: replay guest crossed cmd:11:2 through real public COMMAND=opened",
    "wave 11: reward shop owner=host take-nonparty",
    "wave 12 turn 1: replay guest crossed cmd:12:1 through real public COMMAND=opened",
    "wave 12: host slot move=85 guest slot move=247",
    "wave 12 turn 1: progress enemyHp=[266:0/26,543:0/25] playerHp=[890:2065/2065,384:1715/1715]",
    "wave 12: reward shop owner=guest leave",
    "wave 13 turn 1: replay guest crossed cmd:13:1 through real public COMMAND=opened",
    "wave 13 turn 1: host SWITCH -> party[2]",
    "wave 13: host slot move=53 guest slot move=34",
    "wave 13 turn 1: progress enemyHp=[548:29/29,187:0/26] playerHp=[493:1865/1865,384:1715/1715]",
    "wave 13 turn 2: replay guest crossed cmd:13:2 through real public COMMAND=opened",
    "wave 13 turn 2: host SWITCH -> party[2]",
    "wave 13: reward shop owner=host take-nonparty",
    "wave 14 turn 1: replay guest crossed cmd:14:1 through real public COMMAND=opened",
    "wave 14: host slot move=247 guest slot move=85",
    "wave 14 turn 1: progress enemyHp=[1:0/30,285:0/30] playerHp=[890:2065/2065,384:1715/1715]",
    "wave 14: reward shop owner=guest leave",
    "wave 15 turn 1: replay guest crossed cmd:15:1 through real public COMMAND=opened",
    "wave 15: host slot move=34 guest slot move=53",
    "wave 15 turn 1: progress enemyHp=[58:0/31,546:0/31] playerHp=[890:2065/2065,384:1715/1715]",
    "wave 15: reward shop owner=host take-nonparty",
    "wave 15: guest chose Crossroads Leave through public UI",
    "wave 15: guest drove World Map via public UI=true and both consumed 1834624209954451:1:BIOME_PICK:9700017",
    "wave 16 turn 1: replay guest crossed cmd:16:1 through real public COMMAND=opened",
    "wave 16: BIOME 2->3",
    "wave 16: host slot move=85 guest slot move=247",
    "wave 16 turn 1: progress enemyHp=[46:0/32,37:0/30] playerHp=[890:2065/2065,384:1714/1715]",
    "wave 16: reward shop owner=host leave",
    "wave 17 turn 1: replay guest crossed cmd:17:1 through real public COMMAND=opened",
    "wave 17: TRAINER (random)",
    "wave 17: host slot move=53 guest slot move=34",
    "wave 17 turn 1: progress enemyHp=[731:0/34,225:0/36] playerHp=[890:2065/2065,384:1714/1715]",
    "wave 17: reward shop owner=guest leave",
    "wave 18 turn 1: replay guest crossed cmd:18:1 through real public COMMAND=opened",
    "wave 18: host slot move=247 guest slot move=85",
    "wave 18 turn 1: progress enemyHp=[919:31/31,10306:0/38] playerHp=[890:2065/2065,384:1714/1715]",
    "wave 18 turn 2: replay guest crossed cmd:18:2 through real public COMMAND=opened",
    "wave 18: reward shop owner=host take-nonparty",
    "wave 19 turn 1: replay guest crossed cmd:19:1 through real public COMMAND=opened",
    "wave 19 turn 1: host SWITCH -> party[2]",
    "wave 19: host slot move=34 guest slot move=53",
    "wave 19 turn 1: progress enemyHp=[665:38/38,753:0/35] playerHp=[493:1865/1865,384:1712/1715]",
    "wave 19 turn 2: replay guest crossed cmd:19:2 through real public COMMAND=opened",
    "wave 19: reward shop owner=guest take-nonparty",
    "wave 20 turn 1: replay guest crossed cmd:20:1 through real public COMMAND=opened",
    "wave 20: TRAINER (random)",
    "wave 20 turn 1: host SWITCH -> party[2]",
    "wave 20: host slot move=34 guest slot move=247",
    "wave 20 turn 1: guest SWITCH -> party[3]",
    "wave 20 turn 1: progress enemyHp=[388:47/47,187:38/38] playerHp=[890:2065/2065,150:1725/1725]",
    "wave 20 turn 2: replay guest crossed cmd:20:2 through real public COMMAND=opened",
    "wave 20: biome market owner=host leave",
    "wave 20: drained 1 milestone reward continuation(s)",
    "wave 20: guest chose Crossroads Leave through public UI",
    "wave 20: guest drove World Map via public UI=true and both consumed 1834624209954451:1:BIOME_PICK:9700023",
    "wave 21 turn 1: replay guest crossed cmd:21:1 through real public COMMAND=opened",
    "wave 21: BIOME 3->5",
    "wave 21: host slot move=53 guest slot move=34",
    "wave 21 turn 1: progress enemyHp=[167:0/37,15:0/46] playerHp=[890:2065/2065,150:1725/1725]",
    "wave 21: reward shop owner=host take-nonparty",
    "wave 22 turn 1: replay guest crossed cmd:22:1 through real public COMMAND=opened",
    "wave 22: host slot move=247 guest slot move=85",
    "wave 22 turn 1: progress enemyHp=[917:0/36,204:42/42] playerHp=[890:2065/2065,150:1725/1725]",
    "wave 22 turn 2: replay guest crossed cmd:22:2 through real public COMMAND=opened",
    "wave 22: reward shop owner=guest take-nonparty",
    "wave 23 turn 1: replay guest crossed cmd:23:1 through real public COMMAND=opened",
    "wave 23: host slot move=34 guest slot move=53",
    "wave 23 turn 1: progress enemyHp=[543:0/38,274:0/47] playerHp=[890:2065/2065,150:1725/1725]",
    "wave 23: reward shop owner=host take-nonparty",
    "wave 24 turn 1: replay guest crossed cmd:24:1 through real public COMMAND=opened",
    "wave 24: host slot move=85 guest slot move=247",
    "wave 24 turn 1: progress enemyHp=[944:0/39,274:0/53] playerHp=[890:2065/2065,150:1721/1725]",
    "wave 24: reward shop owner=guest leave",
    "wave 25 turn 1: replay guest crossed cmd:25:1 through real public COMMAND=opened",
    "wave 25: TRAINER (fixed)",
    "wave 25: host slot move=53 guest slot move=34",
    "wave 25 turn 1: progress enemyHp=[910:0/64,276:0/45] playerHp=[890:2065/2065,150:1721/1725]",
    "wave 25 turn 2: replay guest crossed cmd:25:2 through real public COMMAND=opened",
    "wave 25: reward shop owner=host take-nonparty",
    "wave 25: guest chose Crossroads Leave through public UI",
    "wave 25: guest drove World Map via public UI=true and both consumed 1834624209954451:1:BIOME_PICK:9700029",
    "wave 26 turn 1: replay guest crossed cmd:26:1 through real public COMMAND=opened",
    "wave 26: BIOME 5->27",
    "wave 26: host slot move=247 guest slot move=34",
    "wave 26 turn 1: progress enemyHp=[285:0/55,732:0/55] playerHp=[890:2065/2065,150:1725/1725]",
    "wave 26: reward shop owner=host leave",
    "wave 27 turn 1: replay guest crossed cmd:27:1 through real public COMMAND=opened",
    "wave 27 turn 1: host SWITCH -> party[2]",
    "wave 27: host slot move=34 guest slot move=53",
    "wave 27 turn 1: progress enemyHp=[496:60/60,171:0/82] playerHp=[493:1865/1865,150:1725/1725]",
    "wave 27 turn 2: replay guest crossed cmd:27:2 through real public COMMAND=opened",
    "wave 27 turn 2: guest SWITCH -> party[3]",
    "wave 27: reward shop owner=guest leave",
    "wave 27: drained 1 milestone reward continuation(s)",
    "wave 28 turn 1: replay guest crossed cmd:28:1 through real public COMMAND=opened",
    "wave 28: host slot move=85 guest slot move=247",
    "wave 28 turn 1: progress enemyHp=[522:0/60,587:0/64] playerHp=[493:1865/1865,384:1715/1715]",
    "wave 28: reward shop owner=host leave",
    "wave 29 turn 1: replay guest crossed cmd:29:1 through real public COMMAND=opened",
    "wave 29: host slot move=34 guest slot move=34",
    "wave 29 turn 1: progress enemyHp=[667:0/63,168:0/64] playerHp=[493:1865/1865,384:1715/1715]",
    "wave 29: reward shop owner=guest leave",
    "wave 30 turn 1: replay guest crossed cmd:30:1 through real public COMMAND=opened",
    "wave 30: host slot move=247 guest slot move=34",
    "wave 30 turn 1: progress enemyHp=[336:0/68,732:0/60] playerHp=[493:1865/1865,384:1715/1715]",
    "wave 30: biome market owner=host leave",
    "wave 30: drained 1 milestone reward continuation(s)",
    "wave 30: guest chose Crossroads Leave through public UI",
    "wave 30: guest drove World Map via public UI=true and both consumed 1834624209954451:1:BIOME_PICK:9700035",
    "wave 31 turn 1: replay guest crossed cmd:31:1 through real public COMMAND=opened",
    "wave 31: BIOME 27->29",
    "wave 31: host slot move=247 guest slot move=53",
    "wave 31 turn 1: progress enemyHp=[451:0/62,679:0/49] playerHp=[493:1865/1865,384:1715/1715]",
    "wave 31: reward shop owner=host take-nonparty",
    "wave 32 turn 1: replay guest crossed cmd:32:1 through real public COMMAND=opened",
    "wave 32: host slot move=53 guest slot move=85",
    "wave 32 turn 1: progress enemyHp=[622:0/59,562:0/53] playerHp=[493:1865/1865,384:1715/1715]",
    "wave 32: reward shop owner=guest leave",
    "wave 32: drained 1 milestone reward continuation(s)",
    "wave 33 turn 1: replay guest crossed cmd:33:1 through real public COMMAND=opened",
    "wave 33: host slot move=53 guest slot move=34",
    "wave 33 turn 1: progress enemyHp=[433:0/58,433:0/56] playerHp=[493:1865/1865,384:1715/1715]",
    "wave 33: reward shop owner=host leave",
    "wave 33: drained 1 milestone reward continuation(s)",
    "wave 34 turn 1: replay guest crossed cmd:34:1 through real public COMMAND=opened",
    "wave 34: host slot move=247 guest slot move=85",
    "wave 34 turn 1: progress enemyHp=[92:52/52,355:0/44] playerHp=[493:1865/1865,384:1715/1715]",
    "wave 34 turn 2: replay guest crossed cmd:34:2 through real public COMMAND=opened",
    "wave 34: reward shop owner=guest leave",
    "wave 35 turn 1: replay guest crossed cmd:35:1 through real public COMMAND=opened",
    "wave 35: TRAINER (fixed)",
    "wave 35 turn 1: host SWITCH -> party[2]",
    "wave 35: host slot move=34 guest slot move=53",
    "wave 35 turn 1: progress enemyHp=[15:72/72,88:0/84] playerHp=[890:2065/2065,384:1715/1715]",
    "wave 35 turn 2: replay guest crossed cmd:35:2 through real public COMMAND=opened",
    "wave 35 turn 2: guest SWITCH -> party[3]",
    "wave 35: reward shop owner=host leave",
    "wave 35: guest chose Crossroads Leave through public UI",
    "wave 35: guest drove World Map via public UI=true and both consumed 1834624209954451:1:BIOME_PICK:9700041",
    "wave 36 turn 1: replay guest crossed cmd:36:1 through real public COMMAND=opened",
    "wave 36: BIOME 29->14",
    "wave 36: host slot move=247 guest slot move=247",
    "wave 36 turn 1: progress enemyHp=[207:0/72,27:0/66] playerHp=[890:2042/2065,150:1618/1725]",
    "wave 36: reward shop owner=host leave",
    "wave 36: drained 1 milestone reward continuation(s)",
    "wave 37 turn 1: replay guest crossed cmd:37:1 through real public COMMAND=opened",
    "wave 37: host slot move=247 guest slot move=34",
    "wave 37 turn 1: progress enemyHp=[946:0/65,331:0/65] playerHp=[890:2021/2065,150:1296/1725]",
    "wave 37: reward shop owner=guest leave",
    "wave 38 turn 1: replay guest crossed cmd:38:1 through real public COMMAND=opened",
    "wave 38: TRAINER (random)",
    "wave 38: host slot move=85 guest slot move=85",
    "wave 38 turn 1: progress enemyHp=[302:0/80,436:0/73] playerHp=[890:1995/2065,150:1189/1725]",
    "wave 38: reward shop owner=host leave",
    "wave 39 turn 1: replay guest crossed cmd:39:1 through real public COMMAND=opened",
    "wave 39: host slot move=247 guest slot move=53",
    "wave 39 turn 1: progress enemyHp=[843:0/71,953:0/58] playerHp=[890:1972/2065,150:1082/1725]",
    "wave 39: reward shop owner=guest leave",
    "wave 40 turn 1: replay guest crossed cmd:40:1 through real public COMMAND=opened",
    "wave 40: host slot move=34 guest slot move=247",
    "wave 40 turn 1: progress enemyHp=[552:0/82,561:0/84] playerHp=[890:1945/2065,150:1082/1725]",
    "wave 40: biome market owner=host leave",
    "wave 40: drained 1 milestone reward continuation(s)",
    "wave 40: guest chose Crossroads Leave through public UI",
    "wave 40: guest drove World Map via public UI=true and both consumed 1834624209954451:1:BIOME_PICK:9700047",
    "wave 41 turn 1: replay guest crossed cmd:41:1 through real public COMMAND=opened",
    "wave 41: BIOME 14->22",
    "wave 41: host slot move=53 guest slot move=34",
    "wave 41 turn 1: progress enemyHp=[605:0/80,201:0/71] playerHp=[890:2065/2065,150:1725/1725]",
    "wave 41: reward shop owner=host take-nonparty",
    "wave 42 turn 1: replay guest crossed cmd:42:1 through real public COMMAND=opened",
    "wave 42: host slot move=247 guest slot move=53",
    "wave 42 turn 1: progress enemyHp=[64:0/64,343:0/70] playerHp=[890:2065/2065,150:1725/1725]",
    "wave 42: reward shop owner=guest leave",
    "wave 43 turn 1: replay guest crossed cmd:43:1 through real public COMMAND=opened",
    "wave 43: host slot move=34 guest slot move=53",
    "wave 43 turn 1: guest SWITCH -> party[3]",
    "wave 43 turn 1: progress enemyHp=[958:0/88,64:69/69] playerHp=[890:2065/2065,384:1715/1715]",
    "wave 43 turn 2: replay guest crossed cmd:43:2 through real public COMMAND=opened",
    "wave 43: reward shop owner=host leave",
    "wave 44 turn 1: replay guest crossed cmd:44:1 through real public COMMAND=opened",
    "wave 44: host slot move=53 guest slot move=247",
    "wave 44 turn 1: progress enemyHp=[561:0/84,122:0/69] playerHp=[890:2065/2065,384:1715/1715]",
    "wave 44: reward shop owner=guest leave",
    "wave 44: drained 1 milestone reward continuation(s)",
    "wave 45 turn 1: replay guest crossed cmd:45:1 through real public COMMAND=opened",
    "wave 45: host slot move=247 guest slot move=247",
    "wave 45 turn 1: guest SWITCH -> party[3]",
    "wave 45 turn 1: progress enemyHp=[566:0/82,566:77/77] playerHp=[890:2065/2065,150:1721/1725]",
    "wave 45 turn 2: replay guest crossed cmd:45:2 through real public COMMAND=opened",
    "wave 45: reward shop owner=host leave",
    "wave 45: drained 1 milestone reward continuation(s)",
    "wave 45: guest chose Crossroads Leave through public UI",
    "wave 45: guest drove World Map via public UI=true and both consumed 1834624209954451:1:BIOME_PICK:9700053",
    "wave 46 turn 1: replay guest crossed cmd:46:1 through real public COMMAND=opened",
    "wave 46: BIOME 22->11",
    "wave 46: host slot move=85 guest slot move=85",
    "wave 46 turn 1: progress enemyHp=[17:0/81,520:0/95] playerHp=[890:2065/2065,150:1721/1725]",
    "wave 46: reward shop owner=host take-nonparty",
    "wave 47 turn 1: replay guest crossed cmd:47:1 through real public COMMAND=opened",
    "wave 47 turn 1: host SWITCH -> party[2]",
    "wave 47: host slot move=85 guest slot move=85",
    "wave 47 turn 1: progress enemyHp=[333:74/74,277:0/90] playerHp=[493:1865/1865,150:1721/1725]",
    "wave 47 turn 2: replay guest crossed cmd:47:2 through real public COMMAND=opened",
    "wave 47: reward shop owner=guest take-nonparty",
    "wave 48 turn 1: replay guest crossed cmd:48:1 through real public COMMAND=opened",
    "wave 48: host slot move=247 guest slot move=85",
    "wave 48 turn 1: progress enemyHp=[75:1/87,22:0/85] playerHp=[493:1865/1865,150:1721/1725]",
    "wave 48 turn 2: replay guest crossed cmd:48:2 through real public COMMAND=opened",
    "wave 48 turn 2: guest SWITCH -> party[3]",
    "wave 48: reward shop owner=host leave",
    "wave 49 turn 1: replay guest crossed cmd:49:1 through real public COMMAND=opened",
    "wave 49: host slot move=53 guest slot move=34",
    "wave 49 turn 1: progress enemyHp=[955:0/69,397:0/82] playerHp=[493:1865/1865,384:1712/1715]",
    "wave 49: reward shop owner=guest leave",
    "wave 50 turn 1: replay guest crossed cmd:50:1 through real public COMMAND=opened",
    "wave 50: TRAINER (random)",
    "wave 50: host slot move=247 guest slot move=85",
    "wave 50 turn 1: progress enemyHp=[130:0/119,987:0/100] playerHp=[493:1865/1865,384:1284/1715]",
    "wave 50 turn 2: replay guest crossed cmd:50:2 through real public COMMAND=opened",
    "wave 50: biome market owner=host leave",
    "wave 50: drained 1 milestone reward continuation(s)",
    "wave 50: guest chose Crossroads Leave through public UI",
    "wave 50: guest drove World Map via public UI=true and both consumed 1834624209954451:1:BIOME_PICK:9700059",
    "wave 51 turn 1: replay guest crossed cmd:51:1 through real public COMMAND=opened",
    "wave 51: BIOME 11->18",
    "wave 51: host slot move=34 guest slot move=53",
    "wave 51 turn 1: progress enemyHp=[322:0/108,262:0/99] playerHp=[493:1865/1865,384:1715/1715]",
    "wave 51: reward shop owner=host take-nonparty",
    "wave 52 turn 1: replay guest crossed cmd:52:1 through real public COMMAND=opened",
    "wave 52: host slot move=85 guest slot move=34",
    "wave 52 turn 1: progress enemyHp=[757:0/82,126:0/98] playerHp=[493:1865/1865,384:1715/1715]",
    "wave 52: reward shop owner=guest leave",
    "wave 53 turn 1: replay guest crossed cmd:53:1 through real public COMMAND=opened",
    "wave 53: host slot move=247 guest slot move=247",
    "wave 53 turn 1: progress enemyHp=[636:0/87,219:0/95] playerHp=[493:1865/1865,384:1715/1715]",
    "wave 53: reward shop owner=host leave",
    "wave 53: drained 1 milestone reward continuation(s)",
    "wave 54 turn 1: replay guest crossed cmd:54:1 through real public COMMAND=opened",
    "wave 54: host slot move=247 guest slot move=34",
    "wave 54 turn 1: progress enemyHp=[776:0/105,219:0/97] playerHp=[493:1865/1865,384:1715/1715]",
    "wave 54: reward shop owner=guest take-nonparty",
    "wave 55 turn 1: replay guest crossed cmd:55:1 through real public COMMAND=opened",
    "wave 55: TRAINER (fixed)",
    "wave 55: host slot move=85 guest slot move=34",
    "wave 55 turn 1: progress enemyHp=[911:0/148,277:0/105] playerHp=[493:1865/1865,384:1715/1715]",
    "wave 55 turn 2: replay guest crossed cmd:55:2 through real public COMMAND=opened",
    "wave 55 turn 3: replay guest crossed cmd:55:3 through real public COMMAND=opened",
    "wave 55: reward shop owner=host leave",
    "wave 55: guest chose Crossroads Leave through public UI",
    "wave 55: guest drove World Map via public UI=true and both consumed 1834624209954451:1:BIOME_PICK:9700065",
    "wave 56 turn 1: replay guest crossed cmd:56:1 through real public COMMAND=opened",
    "wave 56: BIOME 18->8",
    "wave 56: host slot move=85 guest slot move=247",
    "wave 56 turn 1: progress enemyHp=[342:0/102,99:0/114] playerHp=[493:1865/1865,384:1710/1715]",
    "wave 56: reward shop owner=host take-nonparty",
    "wave 57 turn 1: replay guest crossed cmd:57:1 through real public COMMAND=opened",
    "wave 57: host slot move=53 guest slot move=34",
    "wave 57 turn 1: progress enemyHp=[961:0/86,961:0/82] playerHp=[493:1865/1865,384:1710/1715]",
    "wave 57: reward shop owner=guest leave",
    "wave 58 turn 1: replay guest crossed cmd:58:1 through real public COMMAND=opened",
    "wave 58: TRAINER (random)",
    "wave 58 turn 1: host SWITCH -> party[2]",
    "wave 58: host slot move=247 guest slot move=85",
    "wave 58 turn 1: progress enemyHp=[692:108/108,121:0/100] playerHp=[890:2065/2065,384:1708/1715]",
    "wave 58 turn 2: replay guest crossed cmd:58:2 through real public COMMAND=opened",
    "wave 58 turn 3: replay guest crossed cmd:58:3 through real public COMMAND=opened",
    "wave 58 turn 3: guest SWITCH -> party[3]",
    "wave 58: reward shop owner=host leave",
    "wave 59 turn 1: replay guest crossed cmd:59:1 through real public COMMAND=opened",
    "wave 59: host slot move=34 guest slot move=53",
    "wave 59 turn 1: progress enemyHp=[692:0/113,961:0/86] playerHp=[890:2065/2065,150:1725/1725]",
    "wave 59: reward shop owner=guest leave",
    "wave 60 turn 1: replay guest crossed cmd:60:1 through real public COMMAND=opened",
    "wave 60: host slot move=85 guest slot move=247",
    "wave 60 turn 1: progress enemyHp=[693:0/165,558:0/126] playerHp=[890:2011/2065,150:1725/1725]",
    "wave 60: biome market owner=host leave",
    "wave 60: drained 1 milestone reward continuation(s)",
    "wave 60: guest chose Crossroads Leave through public UI",
    "wave 60: guest drove World Map via public UI=true and both consumed 1834624209954451:1:BIOME_PICK:9700071",
    "wave 61 turn 1: replay guest crossed cmd:61:1 through real public COMMAND=opened",
    "wave 61: BIOME 8->6",
    "wave 61: host slot move=53 guest slot move=34",
    "wave 61 turn 1: progress enemyHp=[73:0/126,186:0/157] playerHp=[890:2065/2065,150:1725/1725]",
    "wave 61: reward shop owner=host take-nonparty",
    "wave 62 turn 1: replay guest crossed cmd:62:1 through real public COMMAND=opened",
    "wave 62: TRAINER (fixed)",
    "wave 62: host slot move=247 guest slot move=85",
    "wave 62 turn 1: progress enemyHp=[15:0/122,4110:0/139] playerHp=[890:2065/2065,150:1725/1725]",
    "wave 62 turn 2: replay guest crossed cmd:62:2 through real public COMMAND=opened",
    "wave 62 turn 2: guest SWITCH -> party[3]",
    "wave 62: reward shop owner=guest take-nonparty",
    "wave 63 turn 1: replay guest crossed cmd:63:1 through real public COMMAND=opened",
    "wave 63: host slot move=34 guest slot move=53",
    "wave 63 turn 1: progress enemyHp=[730:0/140,687:0/140] playerHp=[890:2065/2065,384:1715/1715]",
    "wave 63: reward shop owner=host leave",
    "wave 64 turn 1: replay guest crossed cmd:64:1 through real public COMMAND=opened",
    "wave 64: TRAINER (fixed)",
    "wave 64: host slot move=85 guest slot move=247",
    "wave 64 turn 1: progress enemyHp=[24:0/149,80:0/154] playerHp=[890:2065/2065,384:1710/1715]",
    "wave 64 turn 2: replay guest crossed cmd:64:2 through real public COMMAND=opened",
    "wave 64 turn 2: host SWITCH -> party[2]",
    "wave 64 turn 2: guest SWITCH -> party[3]",
    "wave 64 turn 3: replay guest crossed cmd:64:3 through real public COMMAND=opened",
    "wave 64 turn 3: host SWITCH -> party[2]",
    "wave 64: reward shop owner=guest leave",
    "wave 65 turn 1: replay guest crossed cmd:65:1 through real public COMMAND=opened",
    "wave 65: host slot move=53 guest slot move=34",
    "wave 65 turn 1: progress enemyHp=[90:24/94,129:0/83] playerHp=[890:2065/2065,150:1717/1725]",
    "wave 65 turn 2: replay guest crossed cmd:65:2 through real public COMMAND=opened",
    "wave 65: reward shop owner=host take-nonparty",
    "wave 66 turn 1: replay guest crossed cmd:66:1 through real public COMMAND=opened",
    "wave 66: TRAINER (fixed)",
    "wave 66: host slot move=247 guest slot move=85",
    "wave 66 turn 1: progress enemyHp=[42:0/142,465:0/165] playerHp=[890:2065/2065,150:1717/1725]",
    "wave 66 turn 2: replay guest crossed cmd:66:2 through real public COMMAND=opened",
    "wave 66 turn 3: replay guest crossed cmd:66:3 through real public COMMAND=opened",
    "wave 66: reward shop owner=guest leave",
    "wave 67 turn 1: replay guest crossed cmd:67:1 through real public COMMAND=opened",
    "wave 67 turn 1: host SWITCH -> party[2]",
    "wave 67: host slot move=53 guest slot move=53",
    "wave 67 turn 1: progress enemyHp=[941:129/129,419:0/154] playerHp=[493:1865/1865,150:1717/1725]",
    "wave 67 turn 2: replay guest crossed cmd:67:2 through real public COMMAND=opened",
    "wave 67: reward shop owner=host leave",
    "wave 68 turn 1: replay guest crossed cmd:68:1 through real public COMMAND=opened",
    "wave 68: host slot move=85 guest slot move=247",
    "wave 68 turn 1: progress enemyHp=[687:0/140,457:0/122] playerHp=[493:1865/1865,150:1717/1725]",
    "wave 68: reward shop owner=guest leave",
    "wave 69 turn 1: replay guest crossed cmd:69:1 through real public COMMAND=opened",
    "wave 69: host slot move=53 guest slot move=34",
    "wave 69 turn 1: progress enemyHp=[516:0/174,199:0/154] playerHp=[493:1865/1865,150:1717/1725]",
    "wave 69: reward shop owner=host take-nonparty",
    "wave 70 turn 1: replay guest crossed cmd:70:1 through real public COMMAND=opened",
    "wave 70 turn 1: host SWITCH -> party[2]",
    "wave 70: host slot move=247 guest slot move=85",
    "wave 70 turn 1: progress enemyHp=[73:178/178,319:0/167] playerHp=[890:2065/2065,150:1586/1725]",
    "wave 70 turn 2: replay guest crossed cmd:70:2 through real public COMMAND=opened",
    "wave 70: biome market owner=guest leave",
    "wave 70: drained 1 milestone reward continuation(s)",
    "wave 70: host chose Crossroads Leave through public UI",
    "wave 70: host drove World Map via public UI=true and both consumed 1834624209954451:0:BIOME_PICK:9700082",
    "wave 71 turn 1: replay guest crossed cmd:71:1 through real public COMMAND=opened",
    "wave 71: BIOME 6->10",
    "wave 71: host slot move=34 guest slot move=53",
    "wave 71 turn 1: progress enemyHp=[91:1/120,550:0/131] playerHp=[890:2065/2065,150:1723/1725]",
    "wave 71 turn 2: replay guest crossed cmd:71:2 through real public COMMAND=opened",
    "wave 71: reward shop owner=guest leave",
    "wave 72 turn 1: replay guest crossed cmd:72:1 through real public COMMAND=opened",
    "wave 72: host slot move=85 guest slot move=247",
    "wave 72 turn 1: progress enemyHp=[976:0/177,321:0/221] playerHp=[890:2065/2065,150:1723/1725]",
    "wave 72: reward shop owner=host take-nonparty",
    "wave 73 turn 1: replay guest crossed cmd:73:1 through real public COMMAND=opened",
    "wave 73: host slot move=53 guest slot move=34",
    "wave 73 turn 1: progress enemyHp=[847:0/141,171:0/192] playerHp=[890:2065/2065,150:1723/1725]",
    "wave 73: reward shop owner=guest take-nonparty",
    "wave 74 turn 1: replay guest crossed cmd:74:1 through real public COMMAND=opened",
    "wave 74 turn 1: host SWITCH -> party[2]",
    "wave 74: host slot move=85 guest slot move=85",
    "wave 74 turn 1: progress enemyHp=[593:202/202,321:0/235] playerHp=[493:1865/1865,150:1723/1725]",
    "wave 74 turn 2: replay guest crossed cmd:74:2 through real public COMMAND=opened"
  ]
}