{
  "invariant": "no-park",
  "seed": 20260821,
  "wave": 9,
  "detail": "wave driving threw (strand/stall): guest reward WATCH HANG: watcher neither left nor advanced past interaction 9 after 32 drains (owner terminal never arrived) - see dev-logs/coop-duo/",
  "replay": "SOAK_SEED=20260821",
  "phaseState": {
    "hostPhase": "SelectModifierPhase",
    "guestPhase": "SelectModifierPhase",
    "hostInteractionCounter": 9,
    "guestInteractionCounter": 9,
    "hostWave": 9,
    "hostBattleType": 0,
    "hostPlayerField": [
      {
        "id": 2370126360,
        "battlerIndex": 0,
        "speciesId": 149,
        "speciesName": "Dragonite",
        "hp": 213,
        "maxHp": 213,
        "fainted": false,
        "status": 0,
        "statStages": [
          0,
          0,
          0,
          0,
          0,
          0,
          0
        ],
        "moves": [
          {
            "id": 262,
            "ppUsed": 0
          },
          {
            "id": 247,
            "ppUsed": 0
          },
          {
            "id": 53,
            "ppUsed": 0
          },
          {
            "id": 85,
            "ppUsed": 0
          }
        ],
        "coopOwner": "host"
      },
      {
        "id": 31396175,
        "battlerIndex": 1,
        "speciesId": 445,
        "speciesName": "Garchomp",
        "hp": 227,
        "maxHp": 235,
        "fainted": false,
        "status": 0,
        "statStages": [
          0,
          0,
          0,
          0,
          0,
          0,
          0
        ],
        "moves": [
          {
            "id": 262,
            "ppUsed": 0
          },
          {
            "id": 247,
            "ppUsed": 0
          },
          {
            "id": 53,
            "ppUsed": 0
          },
          {
            "id": 85,
            "ppUsed": 0
          }
        ],
        "coopOwner": "guest"
      }
    ],
    "hostEnemyField": [
      {
        "id": 1960712592,
        "battlerIndex": 2,
        "speciesId": 263,
        "speciesName": "Zigzagoon",
        "hp": 0,
        "maxHp": 24,
        "fainted": true,
        "status": 7,
        "statStages": [
          0,
          0,
          0,
          0,
          0,
          0,
          0
        ],
        "moves": [
          {
            "id": 38,
            "ppUsed": 0
          },
          {
            "id": 707,
            "ppUsed": 0
          },
          {
            "id": 45,
            "ppUsed": 0
          },
          {
            "id": 300,
            "ppUsed": 1
          }
        ]
      },
      {
        "id": 2281893670,
        "battlerIndex": 3,
        "speciesId": 41,
        "speciesName": "Zubat",
        "hp": 0,
        "maxHp": 24,
        "fainted": true,
        "status": 7,
        "statStages": [
          0,
          0,
          0,
          0,
          0,
          0,
          0
        ],
        "moves": [
          {
            "id": 314,
            "ppUsed": 0
          },
          {
            "id": 305,
            "ppUsed": 0
          },
          {
            "id": 72,
            "ppUsed": 0
          },
          {
            "id": 212,
            "ppUsed": 1
          }
        ]
      }
    ],
    "guestPlayerField": [
      {
        "id": 2370126360,
        "battlerIndex": -1,
        "speciesId": 149,
        "speciesName": "Dragonite",
        "hp": 213,
        "maxHp": 213,
        "fainted": false,
        "status": 0,
        "statStages": [
          0,
          0,
          0,
          0,
          0,
          0,
          0
        ],
        "moves": [
          {
            "id": 262,
            "ppUsed": 0
          },
          {
            "id": 247,
            "ppUsed": 0
          },
          {
            "id": 53,
            "ppUsed": 0
          },
          {
            "id": 85,
            "ppUsed": 0
          }
        ],
        "coopOwner": "host"
      },
      {
        "id": 31396175,
        "battlerIndex": -1,
        "speciesId": 445,
        "speciesName": "Garchomp",
        "hp": 227,
        "maxHp": 235,
        "fainted": false,
        "status": 0,
        "statStages": [
          0,
          0,
          0,
          0,
          0,
          0,
          0
        ],
        "moves": [
          {
            "id": 262,
            "ppUsed": 0
          },
          {
            "id": 247,
            "ppUsed": 0
          },
          {
            "id": 53,
            "ppUsed": 0
          },
          {
            "id": 85,
            "ppUsed": 0
          }
        ],
        "coopOwner": "guest"
      }
    ],
    "guestEnemyField": [
      {
        "id": 1960712592,
        "battlerIndex": -1,
        "speciesId": 263,
        "speciesName": "Zigzagoon",
        "hp": 0,
        "maxHp": 24,
        "fainted": true,
        "status": 7,
        "statStages": [
          0,
          0,
          0,
          0,
          0,
          0,
          0
        ],
        "moves": [
          {
            "id": 38,
            "ppUsed": 0
          },
          {
            "id": 707,
            "ppUsed": 0
          },
          {
            "id": 45,
            "ppUsed": 0
          },
          {
            "id": 300,
            "ppUsed": 1
          }
        ]
      },
      {
        "id": 2281893670,
        "battlerIndex": -1,
        "speciesId": 41,
        "speciesName": "Zubat",
        "hp": 0,
        "maxHp": 24,
        "fainted": true,
        "status": 7,
        "statStages": [
          0,
          0,
          0,
          0,
          0,
          0,
          0
        ],
        "moves": [
          {
            "id": 314,
            "ppUsed": 0
          },
          {
            "id": 305,
            "ppUsed": 0
          },
          {
            "id": 72,
            "ppUsed": 0
          },
          {
            "id": 212,
            "ppUsed": 1
          }
        ]
      }
    ]
  },
  "actionScript": [
    "SKIP mysteryEncounterDisabledV1",
    "content seed=coop-soak-20260821 preseeded=false",
    "wave 1 turn 1: committed frontier omitted seat 1; guest remained a replay spectator until host action",
    "wave 1: host slot move=53 guest slot move=0",
    "wave 1 turn 1: progress enemyHp=[16:0/14] playerHp=[143:303/303]",
    "wave 1: reward shop owner=host leave",
    "wave 2 turn 1: replay guest crossed cmd:2:1 through real public COMMAND=opened",
    "wave 2 turn 1: staged guest-owned lead at 1 HP on both engines",
    "wave 2: host slot move=85 guest slot move=85",
    "wave 2 turn 1: forced-faint guest MEMENTO self-KO",
    "wave 2 turn 1: progress enemyHp=[926:0/14,276:16/16] playerHp=[143:297/303,94:0/179]",
    "wave 2 turn 2: replay guest crossed cmd:2:2 through real public COMMAND=opened",
    "wave 2: reward shop owner=guest leave",
    "wave 3 turn 1: replay guest crossed cmd:3:1 through real public COMMAND=opened",
    "wave 3 turn 1: host SWITCH -> party[2]",
    "wave 3: host slot move=53 guest slot move=53",
    "wave 3 turn 1: progress enemyHp=[440:19/19,21:0/16] playerHp=[149:213/213,248:225/225]",
    "wave 3 turn 2: replay guest crossed cmd:3:2 through real public COMMAND=opened",
    "wave 3: reward shop owner=host take-nonparty",
    "wave 4 turn 1: replay guest crossed cmd:4:1 through real public COMMAND=opened",
    "wave 4: host slot move=85 guest slot move=53",
    "wave 4 turn 1: progress enemyHp=[43:0/16,261:0/18] playerHp=[149:213/213,248:225/225]",
    "wave 4: reward shop owner=guest leave",
    "wave 5 turn 1: replay guest crossed cmd:5:1 through real public COMMAND=opened",
    "wave 5: TRAINER (fixed)",
    "wave 5 turn 1: host SWITCH -> party[2]",
    "wave 5: host slot move=53 guest slot move=85",
    "wave 5 turn 1: guest SWITCH -> party[5]",
    "wave 5 turn 1: progress enemyHp=[161:18/18,265:18/18] playerHp=[143:295/303,445:227/235]",
    "wave 5 turn 2: replay guest crossed cmd:5:2 through real public COMMAND=opened",
    "wave 5 turn 2: guest SWITCH -> party[5]",
    "wave 5 turn 3: replay guest crossed cmd:5:3 through real public COMMAND=opened",
    "wave 5: reward shop owner=host take-nonparty",
    "wave 5: guest chose Crossroads Leave through public UI",
    "wave 5: guest drove World Map via public UI=true and both consumed 1830179488760417:1:BIOME_PICK:9700005",
    "wave 6 turn 1: replay guest crossed cmd:6:1 through real public COMMAND=opened",
    "wave 6: BIOME 0->1",
    "wave 6: host slot move=85 guest slot move=85",
    "wave 6 turn 1: progress enemyHp=[399:0/23,83:0/21] playerHp=[143:293/303,248:221/225]",
    "wave 6: reward shop owner=host leave",
    "wave 7 turn 1: replay guest crossed cmd:7:1 through real public COMMAND=opened",
    "wave 7: host slot move=53 guest slot move=85",
    "wave 7 turn 1: progress enemyHp=[399:0/23,41:0/20] playerHp=[143:293/303,248:221/225]",
    "wave 7: reward shop owner=guest take-nonparty",
    "wave 8 turn 1: replay guest crossed cmd:8:1 through real public COMMAND=opened",
    "wave 8: TRAINER (fixed)",
    "wave 8: host slot move=53 guest slot move=53",
    "wave 8 turn 1: progress enemyHp=[728:0/26,940:0/22] playerHp=[143:293/303,248:221/225]",
    "wave 8: reward shop owner=host take-nonparty",
    "wave 9 turn 1: replay guest crossed cmd:9:1 through real public COMMAND=opened",
    "wave 9 turn 1: host SWITCH -> party[2]",
    "wave 9: host slot move=53 guest slot move=53",
    "wave 9 turn 1: guest SWITCH -> party[5]",
    "wave 9 turn 1: progress enemyHp=[263:24/24,41:24/24] playerHp=[149:213/213,445:227/235]",
    "wave 9 turn 2: replay guest crossed cmd:9:2 through real public COMMAND=opened"
  ]
}