===== COOP SOAK RESULT =====
profile: god
verdict: FAIL
waves_requested: 150
run: 37111631386 (main)
timestamp: 2026-10-03T09-13-14Z

----- driver lines -----
[22m[39m[coop-soak] SEED=20261003 WAVES=150 - replay this run with:  SOAK_SEED=20261003 SOAK_WAVES=150 ER_SCENARIO=1 npx vitest run test/tests/elite-redux/coop/coop-soak.test.ts
[31m[1mSoakInvariantError[22m: [coop-soak] NO-PARK invariant breached at wave 138 (seed 20261003): wave driving threw (strand/stall): PhaseInterceptor.to("CoopTurnCommitPhase") did not reach its target (soft-lock / freeze?): stuck at phase "SwitchPhase", UI mode MESSAGE (=0), interceptor state "running". runTarget=true, promptTarget="CoopTurnCommitPhase".
[31m[1mSoakInvariantError[22m: [coop-soak] NO-PARK invariant breached at wave 6 (seed 206780945): wave driving threw (strand/stall): PhaseInterceptor.to("CoopTurnCommitPhase") did not reach its target (soft-lock / freeze?): stuck at phase "CommandPhase", UI mode MESSAGE (=0), interceptor state "running". runTarget=true, promptTarget="CoopTurnCommitPhase".

----- vitest result tail -----
[33m[39m[31mx[39m

[31m⎯⎯⎯⎯⎯⎯⎯[39m[1m[41m Failed Tests 2 [49m[22m[31m⎯⎯⎯⎯⎯⎯⎯[39m

[41m[1m FAIL [22m[49m [30m[45m main [49m[39m test/tests/elite-redux/coop/coop-soak.test.ts[2m:165:3[22m[2m > [22mNIGHTLY co-op SOAK: seeded randomized two-engine run (#841)[2m > [22mplays a seeded randomized co-op run asserting DIGEST/LOCKSTEP/NO-PARK/TEARDOWN each wave
[31m[1mSoakInvariantError[22m: [coop-soak] NO-PARK invariant breached at wave 138 (seed 20261003): wave driving threw (strand/stall): PhaseInterceptor.to("CoopTurnCommitPhase") did not reach its target (soft-lock / freeze?): stuck at phase "SwitchPhase", UI mode MESSAGE (=0), interceptor state "running". runTarget=true, promptTarget="CoopTurnCommitPhase".
Original: Timed out in waitUntil!. Artifact + both logs: /home/runner/work/elite-redux/elite-redux/dev-logs/coop-soak/2026-10-03T09-12-35-943Z__seed-20261003__wave-138. Replay: SOAK_SEED=20261003[39m
[36m [2m❯[22m fail test/tools/coop-soak-driver.ts:[2m1791:11[22m[39m
    [90m1789|[39m       phaseState: phaseStateDump(rig),
    [90m1790|[39m     });
    [90m1791|[39m     throw new SoakInvariantError(invariant, seed, wave, detail, dir);
    [90m   |[39m           [31m^[39m
    [90m1792|[39m   };
    [90m1793|[39m
[90m [2m❯[22m runCoopSoak test/tools/coop-soak-driver.ts:[2m5386:7[22m[39m
[90m [2m❯[22m test/tests/elite-redux/coop/coop-soak.test.ts:[2m184:22[22m[39m

[31m[2m⎯⎯⎯⎯⎯⎯⎯⎯⎯⎯⎯⎯⎯⎯⎯⎯⎯⎯⎯⎯⎯⎯⎯⎯[1/2]⎯[22m[39m

[41m[1m FAIL [22m[49m [30m[45m main [49m[39m test/tests/elite-redux/coop/coop-soak.test.ts[2m:297:3[22m[2m > [22mNIGHTLY co-op SOAK: seeded randomized two-engine run (#841)[2m > [22mretained wave boundary keeps one X Attack exact on both clients through natural expiry without recovery
[31m[1mSoakInvariantError[22m: [coop-soak] NO-PARK invariant breached at wave 6 (seed 206780945): wave driving threw (strand/stall): PhaseInterceptor.to("CoopTurnCommitPhase") did not reach its target (soft-lock / freeze?): stuck at phase "CommandPhase", UI mode MESSAGE (=0), interceptor state "running". runTarget=true, promptTarget="CoopTurnCommitPhase".
Original: Timed out in waitUntil!. Artifact + both logs: /home/runner/work/elite-redux/elite-redux/dev-logs/coop-soak/2026-10-03T09-13-14-603Z__seed-206780945__wave-6. Replay: SOAK_SEED=206780945[39m
[36m [2m❯[22m fail test/tools/coop-soak-driver.ts:[2m1791:11[22m[39m
    [90m1789|[39m       phaseState: phaseStateDump(rig),
    [90m1790|[39m     });
    [90m1791|[39m     throw new SoakInvariantError(invariant, seed, wave, detail, dir);
    [90m   |[39m           [31m^[39m
    [90m1792|[39m   };
    [90m1793|[39m
[90m [2m❯[22m runCoopSoak test/tools/coop-soak-driver.ts:[2m5386:7[22m[39m
[90m [2m❯[22m test/tests/elite-redux/coop/coop-soak.test.ts:[2m309:20[22m[39m

[31m[2m⎯⎯⎯⎯⎯⎯⎯⎯⎯⎯⎯⎯⎯⎯⎯⎯⎯⎯⎯⎯⎯⎯⎯⎯[2/2]⎯[22m[39m


[2m Test Files [22m [1m[31m1 failed[39m[22m[90m (1)[39m
[2m      Tests [22m [1m[31m2 failed[39m[22m[90m (2)[39m
[2m   Start at [22m 09:01:33
[2m   Duration [22m 701.43s[2m (transform 22.33s, setup 26.72s, import 329ms, tests 673.53s, environment 686ms)[22m

