{
  "invariant": "no-park",
  "seed": 20260826,
  "wave": 55,
  "detail": "wave driving threw (strand/stall): guest replay HANG: stuck on CoopGuestFaintSwitchPhase - see dev-logs/coop-duo/",
  "replay": "SOAK_SEED=20260826",
  "phaseState": {
    "hostPhase": "SwitchSummonPhase",
    "guestPhase": "CoopGuestFaintSwitchPhase",
    "hostInteractionCounter": 64,
    "guestInteractionCounter": 64,
    "hostWave": 55,
    "hostBattleType": 1,
    "hostPlayerField": [
      {
        "id": 3806877054,
        "battlerIndex": -1,
        "speciesId": 149,
        "speciesName": "Dragonite",
        "hp": 213,
        "maxHp": 213,
        "fainted": false,
        "status": 0,
        "statStages": [
          0,
          0,
          0,
          0,
          0,
          0,
          0
        ],
        "moves": [
          {
            "id": 262,
            "ppUsed": 0
          },
          {
            "id": 247,
            "ppUsed": 0
          },
          {
            "id": 53,
            "ppUsed": 0
          },
          {
            "id": 85,
            "ppUsed": 0
          }
        ],
        "coopOwner": "host"
      },
      {
        "id": 1765729735,
        "battlerIndex": -1,
        "speciesId": 445,
        "speciesName": "Garchomp",
        "hp": 0,
        "maxHp": 235,
        "fainted": true,
        "status": 7,
        "statStages": [
          0,
          0,
          0,
          0,
          0,
          0,
          0
        ],
        "moves": [
          {
            "id": 262,
            "ppUsed": 0
          },
          {
            "id": 247,
            "ppUsed": 0
          },
          {
            "id": 53,
            "ppUsed": 0
          },
          {
            "id": 85,
            "ppUsed": 0
          }
        ],
        "coopOwner": "guest"
      }
    ],
    "hostEnemyField": [
      {
        "id": 3055454131,
        "battlerIndex": -1,
        "speciesId": 154,
        "speciesName": "Meganium",
        "hp": 0,
        "maxHp": 129,
        "fainted": true,
        "status": 7,
        "statStages": [
          0,
          0,
          0,
          0,
          0,
          0,
          0
        ],
        "moves": [
          {
            "id": 437,
            "ppUsed": 0
          },
          {
            "id": 320,
            "ppUsed": 0
          },
          {
            "id": 388,
            "ppUsed": 0
          },
          {
            "id": 577,
            "ppUsed": 0
          }
        ]
      },
      {
        "id": 386230542,
        "battlerIndex": -1,
        "speciesId": 521,
        "speciesName": "Unfezant",
        "hp": 0,
        "maxHp": 143,
        "fainted": true,
        "status": 7,
        "statStages": [
          0,
          0,
          0,
          0,
          0,
          0,
          0
        ],
        "moves": [
          {
            "id": 413,
            "ppUsed": 0
          },
          {
            "id": 207,
            "ppUsed": 0
          },
          {
            "id": 95,
            "ppUsed": 0
          },
          {
            "id": 31,
            "ppUsed": 0
          }
        ]
      }
    ],
    "guestPlayerField": [
      {
        "id": 3806877054,
        "battlerIndex": 0,
        "speciesId": 149,
        "speciesName": "Dragonite",
        "hp": 213,
        "maxHp": 213,
        "fainted": false,
        "status": 0,
        "statStages": [
          0,
          0,
          0,
          0,
          0,
          0,
          0
        ],
        "moves": [
          {
            "id": 262,
            "ppUsed": 0
          },
          {
            "id": 247,
            "ppUsed": 0
          },
          {
            "id": 53,
            "ppUsed": 0
          },
          {
            "id": 85,
            "ppUsed": 0
          }
        ],
        "coopOwner": "host"
      },
      {
        "id": 1765729735,
        "battlerIndex": 1,
        "speciesId": 445,
        "speciesName": "Garchomp",
        "hp": 0,
        "maxHp": 235,
        "fainted": true,
        "status": 7,
        "statStages": [
          0,
          0,
          0,
          0,
          0,
          0,
          0
        ],
        "moves": [
          {
            "id": 262,
            "ppUsed": 0
          },
          {
            "id": 247,
            "ppUsed": 0
          },
          {
            "id": 53,
            "ppUsed": 0
          },
          {
            "id": 85,
            "ppUsed": 0
          }
        ],
        "coopOwner": "guest"
      }
    ],
    "guestEnemyField": [
      {
        "id": 3055454131,
        "battlerIndex": 2,
        "speciesId": 154,
        "speciesName": "Meganium",
        "hp": 0,
        "maxHp": 129,
        "fainted": true,
        "status": 7,
        "statStages": [
          0,
          0,
          0,
          0,
          0,
          0,
          0
        ],
        "moves": [
          {
            "id": 437,
            "ppUsed": 0
          },
          {
            "id": 320,
            "ppUsed": 0
          },
          {
            "id": 388,
            "ppUsed": 0
          },
          {
            "id": 577,
            "ppUsed": 0
          }
        ]
      },
      {
        "id": 386230542,
        "battlerIndex": 3,
        "speciesId": 521,
        "speciesName": "Unfezant",
        "hp": 0,
        "maxHp": 143,
        "fainted": true,
        "status": 7,
        "statStages": [
          0,
          0,
          0,
          0,
          0,
          0,
          0
        ],
        "moves": [
          {
            "id": 413,
            "ppUsed": 0
          },
          {
            "id": 207,
            "ppUsed": 0
          },
          {
            "id": 95,
            "ppUsed": 0
          },
          {
            "id": 31,
            "ppUsed": 0
          }
        ]
      }
    ]
  },
  "actionScript": [
    "SKIP mysteryEncounterDisabledV1",
    "content seed=coop-soak-20260826 preseeded=false",
    "wave 1 turn 1: committed frontier omitted seat 1; guest remained a replay spectator until host action",
    "wave 1: host slot move=85 guest slot move=0",
    "wave 1 turn 1: progress enemyHp=[16:0/14] playerHp=[143:303/303]",
    "wave 1: reward shop owner=host leave",
    "wave 2 turn 1: replay guest crossed cmd:2:1 through real public COMMAND=opened",
    "wave 2 turn 1: staged guest-owned lead at 1 HP on both engines",
    "wave 2: host slot move=53 guest slot move=53",
    "wave 2 turn 1: forced-faint guest MEMENTO self-KO",
    "wave 2 turn 1: progress enemyHp=[32:0/16,546:14/14] playerHp=[143:303/303,94:0/179]",
    "wave 2 turn 2: replay guest crossed cmd:2:2 through real public COMMAND=opened",
    "wave 2: reward shop owner=guest leave",
    "wave 3 turn 1: replay guest crossed cmd:3:1 through real public COMMAND=opened",
    "wave 3: host slot move=85 guest slot move=247",
    "wave 3 turn 1: progress enemyHp=[572:0/17,265:0/16] playerHp=[143:303/303,248:225/225]",
    "wave 3: reward shop owner=host leave",
    "wave 4 turn 1: replay guest crossed cmd:4:1 through real public COMMAND=opened",
    "wave 4: host slot move=53 guest slot move=247",
    "wave 4 turn 1: progress enemyHp=[165:0/18,546:0/18] playerHp=[143:303/303,248:225/225]",
    "wave 4: reward shop owner=guest take-nonparty",
    "wave 5 turn 1: replay guest crossed cmd:5:1 through real public COMMAND=opened",
    "wave 5: TRAINER (fixed)",
    "wave 5: host slot move=85 guest slot move=85",
    "wave 5 turn 1: progress enemyHp=[10:0/18,399:0/20] playerHp=[143:303/303,248:225/225]",
    "wave 5: reward shop owner=host take-nonparty",
    "wave 5: guest chose Crossroads Leave through public UI",
    "wave 5: guest drove World Map via public UI=true and both consumed 1830622038090736:1:BIOME_PICK:9700005",
    "wave 6 turn 1: replay guest crossed cmd:6:1 through real public COMMAND=opened",
    "wave 6: BIOME 0->1",
    "wave 6: host slot move=53 guest slot move=53",
    "wave 6 turn 1: progress enemyHp=[161:0/20,661:0/18] playerHp=[143:303/303,248:225/225]",
    "wave 6: reward shop owner=host take-nonparty",
    "wave 7 turn 1: replay guest crossed cmd:7:1 through real public COMMAND=opened",
    "wave 7: host slot move=85 guest slot move=85",
    "wave 7 turn 1: progress enemyHp=[734:0/23,261:0/20] playerHp=[143:303/303,248:225/225]",
    "wave 7: reward shop owner=guest take-nonparty",
    "wave 8 turn 1: replay guest crossed cmd:8:1 through real public COMMAND=opened",
    "wave 8: TRAINER (fixed)",
    "wave 8: host slot move=53 guest slot move=53",
    "wave 8 turn 1: guest SWITCH -> party[5]",
    "wave 8 turn 1: progress enemyHp=[152:0/25,519:26/26] playerHp=[143:301/303,445:233/235]",
    "wave 8 turn 2: replay guest crossed cmd:8:2 through real public COMMAND=opened",
    "wave 8 turn 2: host SWITCH -> party[2]",
    "wave 8: reward shop owner=host take-nonparty",
    "wave 9 turn 1: replay guest crossed cmd:9:1 through real public COMMAND=opened",
    "wave 9: host slot move=85 guest slot move=85",
    "wave 9 turn 1: progress enemyHp=[263:0/24,161:0/24] playerHp=[149:213/213,445:233/235]",
    "wave 9: reward shop owner=guest leave",
    "wave 10 turn 1: replay guest crossed cmd:10:1 through real public COMMAND=opened",
    "wave 10: host slot move=53 guest slot move=53",
    "wave 10 turn 1: progress enemyHp=[161:0/22,915:0/26] playerHp=[149:213/213,445:233/235]",
    "wave 10: biome market owner=host leave",
    "wave 10: drained 1 milestone reward continuation(s)",
    "wave 10: guest chose Crossroads Leave through public UI",
    "wave 10: guest drove World Map via public UI=true and both consumed 1830622038090736:1:BIOME_PICK:9700011",
    "wave 11 turn 1: replay guest crossed cmd:11:1 through real public COMMAND=opened",
    "wave 11: BIOME 1->2",
    "wave 11: host slot move=85 guest slot move=85",
    "wave 11 turn 1: progress enemyHp=[285:0/27,548:0/27] playerHp=[149:213/213,445:235/235]",
    "wave 11: reward shop owner=host leave",
    "wave 12 turn 1: replay guest crossed cmd:12:1 through real public COMMAND=opened",
    "wave 12: TRAINER (random)",
    "wave 12: host slot move=85 guest slot move=53",
    "wave 12 turn 1: guest SWITCH -> party[3]",
    "wave 12 turn 1: progress enemyHp=[10306:0/30,20:29/29] playerHp=[149:213/213,94:179/179]",
    "wave 12 turn 2: replay guest crossed cmd:12:2 through real public COMMAND=opened",
    "wave 12: reward shop owner=guest take-nonparty",
    "wave 13 turn 1: replay guest crossed cmd:13:1 through real public COMMAND=opened",
    "wave 13 turn 1: host SWITCH -> party[2]",
    "wave 13: host slot move=53 guest slot move=53",
    "wave 13 turn 1: progress enemyHp=[268:30/30,285:0/30] playerHp=[143:303/303,94:179/179]",
    "wave 13 turn 2: replay guest crossed cmd:13:2 through real public COMMAND=opened",
    "wave 13 turn 2: host SWITCH -> party[2]",
    "wave 13 turn 2: guest SWITCH -> party[3]",
    "wave 13 turn 3: replay guest crossed cmd:13:3 through real public COMMAND=opened",
    "wave 13: reward shop owner=host take-nonparty",
    "wave 14 turn 1: replay guest crossed cmd:14:1 through real public COMMAND=opened",
    "wave 14: host slot move=53 guest slot move=247",
    "wave 14 turn 1: progress enemyHp=[285:0/30,543:0/27] playerHp=[149:213/213,445:235/235]",
    "wave 14: reward shop owner=guest leave",
    "wave 15 turn 1: replay guest crossed cmd:15:1 through real public COMMAND=opened",
    "wave 15: TRAINER (random)",
    "wave 15: host slot move=85 guest slot move=85",
    "wave 15 turn 1: progress enemyHp=[173:0/30,447:0/28] playerHp=[149:213/213,445:235/235]",
    "wave 15 turn 2: replay guest crossed cmd:15:2 through real public COMMAND=opened",
    "wave 15 turn 2: host SWITCH -> party[2]",
    "wave 15 turn 3: replay guest crossed cmd:15:3 through real public COMMAND=opened",
    "wave 15: reward shop owner=host leave",
    "wave 15: guest chose Crossroads Leave through public UI",
    "wave 15: guest drove World Map via public UI=true and both consumed 1830622038090736:1:BIOME_PICK:9700017",
    "wave 16 turn 1: replay guest crossed cmd:16:1 through real public COMMAND=opened",
    "wave 16: BIOME 2->3",
    "wave 16: host slot move=53 guest slot move=247",
    "wave 16 turn 1: progress enemyHp=[167:0/31,37:0/32] playerHp=[143:303/303,445:235/235]",
    "wave 16: reward shop owner=host leave",
    "wave 17 turn 1: replay guest crossed cmd:17:1 through real public COMMAND=opened",
    "wave 17: host slot move=85 guest slot move=53",
    "wave 17 turn 1: progress enemyHp=[37:0/30,37:0/32] playerHp=[143:285/303,445:235/235]",
    "wave 17: reward shop owner=guest leave",
    "wave 18 turn 1: replay guest crossed cmd:18:1 through real public COMMAND=opened",
    "wave 18 turn 1: host SWITCH -> party[2]",
    "wave 18: host slot move=247 guest slot move=53",
    "wave 18 turn 1: progress enemyHp=[43:36/36,401:0/32] playerHp=[149:213/213,445:235/235]",
    "wave 18 turn 2: replay guest crossed cmd:18:2 through real public COMMAND=opened",
    "wave 18: reward shop owner=host take-nonparty",
    "wave 19 turn 1: replay guest crossed cmd:19:1 through real public COMMAND=opened",
    "wave 19: host slot move=53 guest slot move=85",
    "wave 19 turn 1: progress enemyHp=[202:0/76,665:0/36] playerHp=[149:213/213,445:235/235]",
    "wave 19: reward shop owner=guest take-nonparty",
    "wave 20 turn 1: replay guest crossed cmd:20:1 through real public COMMAND=opened",
    "wave 20: host slot move=53 guest slot move=85",
    "wave 20 turn 1: progress enemyHp=[950:0/42,152:0/41] playerHp=[149:213/213,445:235/235]",
    "wave 20: biome market owner=host leave",
    "wave 20: drained 1 milestone reward continuation(s)",
    "wave 20: guest chose Crossroads Leave through public UI",
    "wave 20: guest drove World Map via public UI=true and both consumed 1830622038090736:1:BIOME_PICK:9700023",
    "wave 21 turn 1: replay guest crossed cmd:21:1 through real public COMMAND=opened",
    "wave 21: BIOME 3->5",
    "wave 21: host slot move=53 guest slot move=85",
    "wave 21 turn 1: progress enemyHp=[167:0/37,269:0/49] playerHp=[149:213/213,445:232/235]",
    "wave 21: reward shop owner=host leave",
    "wave 22 turn 1: replay guest crossed cmd:22:1 through real public COMMAND=opened",
    "wave 22 turn 1: host SWITCH -> party[2]",
    "wave 22: host slot move=247 guest slot move=85",
    "wave 22 turn 1: progress enemyHp=[167:41/41,15:0/46] playerHp=[143:303/303,445:227/235]",
    "wave 22 turn 2: replay guest crossed cmd:22:2 through real public COMMAND=opened",
    "wave 22: reward shop owner=guest leave",
    "wave 23 turn 1: replay guest crossed cmd:23:1 through real public COMMAND=opened",
    "wave 23: host slot move=247 guest slot move=247",
    "wave 23 turn 1: guest SWITCH -> party[3]",
    "wave 23 turn 1: progress enemyHp=[919:39/39,48:47/47] playerHp=[143:303/303,94:179/179]",
    "wave 23 turn 2: replay guest crossed cmd:23:2 through real public COMMAND=opened",
    "wave 23: reward shop owner=host take-nonparty",
    "wave 24 turn 1: replay guest crossed cmd:24:1 through real public COMMAND=opened",
    "wave 24: host slot move=53 guest slot move=53",
    "wave 24 turn 1: progress enemyHp=[269:0/58,269:0/58] playerHp=[143:303/303,94:179/179]",
    "wave 24: reward shop owner=guest take-nonparty",
    "wave 25 turn 1: replay guest crossed cmd:25:1 through real public COMMAND=opened",
    "wave 25: TRAINER (fixed)",
    "wave 25 turn 1: host SWITCH -> party[2]",
    "wave 25: host slot move=85 guest slot move=85",
    "wave 25 turn 1: progress enemyHp=[153:58/58,520:0/60] playerHp=[149:213/213,94:176/179]",
    "wave 25 turn 2: replay guest crossed cmd:25:2 through real public COMMAND=opened",
    "wave 25 turn 2: host SWITCH -> party[2]",
    "wave 25 turn 3: replay guest crossed cmd:25:3 through real public COMMAND=opened",
    "wave 25: reward shop owner=host leave",
    "wave 25: guest chose Crossroads Leave through public UI",
    "wave 25: guest drove World Map via public UI=true and both consumed 1830622038090736:1:BIOME_PICK:9700029",
    "wave 26 turn 1: replay guest crossed cmd:26:1 through real public COMMAND=opened",
    "wave 26: BIOME 5->27",
    "wave 26 turn 1: host SWITCH -> party[2]",
    "wave 26: host slot move=247 guest slot move=53",
    "wave 26 turn 1: progress enemyHp=[167:47/47,167:0/45] playerHp=[149:210/213,94:179/179]",
    "wave 26 turn 2: replay guest crossed cmd:26:2 through real public COMMAND=opened",
    "wave 26: reward shop owner=host take-nonparty",
    "wave 27 turn 1: replay guest crossed cmd:27:1 through real public COMMAND=opened",
    "wave 27: host slot move=53 guest slot move=53",
    "wave 27 turn 1: progress enemyHp=[595:0/56,513:0/53] playerHp=[149:207/213,94:179/179]",
    "wave 27: reward shop owner=guest take-nonparty",
    "wave 28 turn 1: replay guest crossed cmd:28:1 through real public COMMAND=opened",
    "wave 28: host slot move=53 guest slot move=53",
    "wave 28 turn 1: progress enemyHp=[10012:32/70,171:0/82] playerHp=[149:207/213,94:179/179]",
    "wave 28 turn 2: replay guest crossed cmd:28:2 through real public COMMAND=opened",
    "wave 28: reward shop owner=host take-nonparty",
    "wave 29 turn 1: replay guest crossed cmd:29:1 through real public COMMAND=opened",
    "wave 29: host slot move=85 guest slot move=85",
    "wave 29 turn 1: progress enemyHp=[171:0/90,978:0/68] playerHp=[149:207/213,94:179/179]",
    "wave 29: reward shop owner=guest take-nonparty",
    "wave 30 turn 1: replay guest crossed cmd:30:1 through real public COMMAND=opened",
    "wave 30: TRAINER (random)",
    "wave 30: host slot move=85 guest slot move=85",
    "wave 30 turn 1: progress enemyHp=[10773:0/64,271:0/62] playerHp=[149:207/213,94:179/179]",
    "wave 30 turn 2: replay guest crossed cmd:30:2 through real public COMMAND=opened",
    "wave 30: biome market owner=host leave",
    "wave 30: drained 1 milestone reward continuation(s)",
    "wave 30: guest chose Crossroads Leave through public UI",
    "wave 30: guest drove World Map via public UI=true and both consumed 1830622038090736:1:BIOME_PICK:9700035",
    "wave 31 turn 1: replay guest crossed cmd:31:1 through real public COMMAND=opened",
    "wave 31: BIOME 27->29",
    "wave 31: host slot move=85 guest slot move=53",
    "wave 31 turn 1: guest SWITCH -> party[3]",
    "wave 31 turn 1: progress enemyHp=[562:0/52,679:56/56] playerHp=[149:213/213,445:228/235]",
    "wave 31 turn 2: replay guest crossed cmd:31:2 through real public COMMAND=opened",
    "wave 31: reward shop owner=host leave",
    "wave 32 turn 1: replay guest crossed cmd:32:1 through real public COMMAND=opened",
    "wave 32: host slot move=53 guest slot move=247",
    "wave 32 turn 1: progress enemyHp=[343:0/60,607:0/56] playerHp=[149:213/213,445:228/235]",
    "wave 32: reward shop owner=guest leave",
    "wave 33 turn 1: replay guest crossed cmd:33:1 through real public COMMAND=opened",
    "wave 33: host slot move=53 guest slot move=247",
    "wave 33 turn 1: progress enemyHp=[999:62/62,433:0/58] playerHp=[149:208/213,445:222/235]",
    "wave 33 turn 2: replay guest crossed cmd:33:2 through real public COMMAND=opened",
    "wave 33 turn 2: host SWITCH -> party[2]",
    "wave 33: reward shop owner=host leave",
    "wave 34 turn 1: replay guest crossed cmd:34:1 through real public COMMAND=opened",
    "wave 34: host slot move=247 guest slot move=247",
    "wave 34 turn 1: progress enemyHp=[622:0/59,622:0/62] playerHp=[143:303/303,445:222/235]",
    "wave 34: reward shop owner=guest take-nonparty",
    "wave 35 turn 1: replay guest crossed cmd:35:1 through real public COMMAND=opened",
    "wave 35: TRAINER (fixed)",
    "wave 35: host slot move=85 guest slot move=247",
    "wave 35 turn 1: progress enemyHp=[758:7/74,590:0/74] playerHp=[143:296/303,445:222/235]",
    "wave 35 turn 2: replay guest crossed cmd:35:2 through real public COMMAND=opened",
    "wave 35 turn 2: guest SWITCH -> party[3]",
    "wave 35: reward shop owner=host take-nonparty",
    "wave 35: guest chose Crossroads Leave through public UI",
    "wave 35: guest drove World Map via public UI=true and both consumed 1830622038090736:1:BIOME_PICK:9700041",
    "wave 36 turn 1: replay guest crossed cmd:36:1 through real public COMMAND=opened",
    "wave 36: BIOME 29->14",
    "wave 36: host slot move=247 guest slot move=247",
    "wave 36 turn 1: guest SWITCH -> party[3]",
    "wave 36 turn 1: progress enemyHp=[843:0/61,449:74/74] playerHp=[143:259/303,445:222/235]",
    "wave 36 turn 2: replay guest crossed cmd:36:2 through real public COMMAND=opened",
    "wave 36 turn 2: host SWITCH -> party[2]",
    "wave 36 turn 3: replay guest crossed cmd:36:3 through real public COMMAND=opened",
    "wave 36: reward shop owner=host leave",
    "wave 37 turn 1: replay guest crossed cmd:37:1 through real public COMMAND=opened",
    "wave 37: host slot move=53 guest slot move=247",
    "wave 37 turn 1: progress enemyHp=[451:0/65,953:0/58] playerHp=[149:169/213,445:209/235]",
    "wave 37: reward shop owner=guest take-nonparty",
    "wave 38 turn 1: replay guest crossed cmd:38:1 through real public COMMAND=opened",
    "wave 38: host slot move=247 guest slot move=247",
    "wave 38 turn 1: progress enemyHp=[552:38/75,843:0/71] playerHp=[149:156/213,445:183/235]",
    "wave 38 turn 2: replay guest crossed cmd:38:2 through real public COMMAND=opened",
    "wave 38: reward shop owner=host leave",
    "wave 39 turn 1: replay guest crossed cmd:39:1 through real public COMMAND=opened",
    "wave 39: host slot move=247 guest slot move=53",
    "wave 39 turn 1: progress enemyHp=[347:0/63,347:0/60] playerHp=[149:130/213,445:183/235]",
    "wave 39: reward shop owner=guest leave",
    "wave 40 turn 1: replay guest crossed cmd:40:1 through real public COMMAND=opened",
    "wave 40: host slot move=53 guest slot move=53",
    "wave 40 turn 1: progress enemyHp=[556:0/99,946:0/76] playerHp=[149:130/213,445:183/235]",
    "wave 40: biome market owner=host leave",
    "wave 40: drained 1 milestone reward continuation(s)",
    "wave 40: guest chose Crossroads Leave through public UI",
    "wave 40: guest drove World Map via public UI=true and both consumed 1830622038090736:1:BIOME_PICK:9700047",
    "wave 41 turn 1: replay guest crossed cmd:41:1 through real public COMMAND=opened",
    "wave 41: BIOME 14->22",
    "wave 41: host slot move=53 guest slot move=247",
    "wave 41 turn 1: progress enemyHp=[566:38/75,325:0/77] playerHp=[149:213/213,445:201/235]",
    "wave 41 turn 2: replay guest crossed cmd:41:2 through real public COMMAND=opened",
    "wave 41: reward shop owner=host take-nonparty",
    "wave 42 turn 1: replay guest crossed cmd:42:1 through real public COMMAND=opened",
    "wave 42: host slot move=247 guest slot move=247",
    "wave 42 turn 1: progress enemyHp=[325:0/72,566:0/77] playerHp=[149:213/213,445:201/235]",
    "wave 42: reward shop owner=guest leave",
    "wave 43 turn 1: replay guest crossed cmd:43:1 through real public COMMAND=opened",
    "wave 43: host slot move=85 guest slot move=85",
    "wave 43 turn 1: progress enemyHp=[561:0/89,575:0/83] playerHp=[149:213/213,445:201/235]",
    "wave 43: reward shop owner=host leave",
    "wave 44 turn 1: replay guest crossed cmd:44:1 through real public COMMAND=opened",
    "wave 44: TRAINER (random)",
    "wave 44: host slot move=53 guest slot move=53",
    "wave 44 turn 1: progress enemyHp=[64:0/64,64:0/64] playerHp=[149:213/213,445:201/235]",
    "wave 44 turn 2: replay guest crossed cmd:44:2 through real public COMMAND=opened",
    "wave 44 turn 2: host SWITCH -> party[2]",
    "wave 44: reward shop owner=guest leave",
    "wave 45 turn 1: replay guest crossed cmd:45:1 through real public COMMAND=opened",
    "wave 45: host slot move=247 guest slot move=53",
    "wave 45 turn 1: progress enemyHp=[561:0/89,605:0/83] playerHp=[143:303/303,445:201/235]",
    "wave 45: reward shop owner=host take-nonparty",
    "wave 45: guest chose Crossroads Leave through public UI",
    "wave 45: guest drove World Map via public UI=true and both consumed 1830622038090736:1:BIOME_PICK:9700053",
    "wave 46 turn 1: replay guest crossed cmd:46:1 through real public COMMAND=opened",
    "wave 46: BIOME 22->11",
    "wave 46: host slot move=53 guest slot move=85",
    "wave 46 turn 1: progress enemyHp=[520:0/92,662:0/83] playerHp=[143:303/303,445:201/235]",
    "wave 46: reward shop owner=host take-nonparty",
    "wave 47 turn 1: replay guest crossed cmd:47:1 through real public COMMAND=opened",
    "wave 47: host slot move=247 guest slot move=85",
    "wave 47 turn 1: progress enemyHp=[662:0/89,333:0/80] playerHp=[143:303/303,445:201/235]",
    "wave 47: reward shop owner=guest take-nonparty",
    "wave 48 turn 1: replay guest crossed cmd:48:1 through real public COMMAND=opened",
    "wave 48: TRAINER (random)",
    "wave 48: host slot move=53 guest slot move=53",
    "wave 48 turn 1: progress enemyHp=[217:53/112,83:0/87] playerHp=[143:303/303,445:146/235]",
    "wave 48 turn 2: replay guest crossed cmd:48:2 through real public COMMAND=opened",
    "wave 48 turn 3: replay guest crossed cmd:48:3 through real public COMMAND=opened",
    "wave 48: reward shop owner=host take-nonparty",
    "wave 49 turn 1: replay guest crossed cmd:49:1 through real public COMMAND=opened",
    "wave 49: host slot move=53 guest slot move=85",
    "wave 49 turn 1: progress enemyHp=[111:29/108,305:0/92] playerHp=[143:303/303,445:34/235]",
    "wave 49 turn 2: replay guest crossed cmd:49:2 through real public COMMAND=opened",
    "wave 49: reward shop owner=guest take-nonparty",
    "wave 50 turn 1: replay guest crossed cmd:50:1 through real public COMMAND=opened",
    "wave 50: host slot move=247 guest slot move=53",
    "wave 50 turn 1: progress enemyHp=[305:0/95,277:110/110] playerHp=[143:283/303,445:0/235]",
    "wave 50 turn 2: replay guest crossed cmd:50:2 through real public COMMAND=opened",
    "wave 50: biome market owner=host leave",
    "wave 50: drained 1 milestone reward continuation(s)",
    "wave 50: guest chose Crossroads Leave through public UI",
    "wave 50: guest drove World Map via public UI=true and both consumed 1830622038090736:1:BIOME_PICK:9700059",
    "wave 51 turn 1: replay guest crossed cmd:51:1 through real public COMMAND=opened",
    "wave 51: BIOME 11->18",
    "wave 51: host slot move=53 guest slot move=247",
    "wave 51 turn 1: progress enemyHp=[322:44/108,325:0/87] playerHp=[143:303/303,94:179/179]",
    "wave 51 turn 2: replay guest crossed cmd:51:2 through real public COMMAND=opened",
    "wave 51: reward shop owner=host take-nonparty",
    "wave 52 turn 1: replay guest crossed cmd:52:1 through real public COMMAND=opened",
    "wave 52: host slot move=53 guest slot move=53",
    "wave 52 turn 1: progress enemyHp=[839:136/136,636:0/87] playerHp=[143:228/303,94:151/179]",
    "wave 52 turn 2: replay guest crossed cmd:52:2 through real public COMMAND=opened",
    "wave 52 turn 2: host SWITCH -> party[2]",
    "wave 52 turn 2: guest SWITCH -> party[3]",
    "wave 52 turn 3: replay guest crossed cmd:52:3 through real public COMMAND=opened",
    "wave 52 turn 4: replay guest crossed cmd:52:4 through real public COMMAND=opened",
    "wave 52 turn 5: replay guest crossed cmd:52:5 through real public COMMAND=opened",
    "wave 52 turn 6: replay guest crossed cmd:52:6 through real public COMMAND=opened",
    "wave 52 turn 7: replay guest crossed cmd:52:7 through real public COMMAND=opened",
    "wave 52: reward shop owner=guest take-nonparty",
    "wave 53 turn 1: replay guest crossed cmd:53:1 through real public COMMAND=opened",
    "wave 53: host slot move=53 guest slot move=247",
    "wave 53 turn 1: progress enemyHp=[776:76/100,156:0/97] playerHp=[149:213/213,445:69/235]",
    "wave 53 turn 2: replay guest crossed cmd:53:2 through real public COMMAND=opened",
    "wave 53 turn 3: replay guest crossed cmd:53:3 through real public COMMAND=opened",
    "wave 53: reward shop owner=host take-nonparty",
    "wave 54 turn 1: replay guest crossed cmd:54:1 through real public COMMAND=opened",
    "wave 54: host slot move=247 guest slot move=247",
    "wave 54 turn 1: progress enemyHp=[77:0/86,2051:0/82] playerHp=[149:213/213,445:9/235]",
    "wave 54: reward shop owner=guest leave",
    "wave 55 turn 1: replay guest crossed cmd:55:1 through real public COMMAND=opened",
    "wave 55: TRAINER (fixed)",
    "wave 55: host slot move=53 guest slot move=85"
  ]
}