{
  "invariant": "no-park",
  "seed": 20261008,
  "wave": 100,
  "detail": "wave driving threw (strand/stall): guest retained wave 100 did not reach continuationReady within 24 destination pumps (current=NewBattlePhase authority=legacy dataApplied=true continuationReady=false)",
  "replay": "SOAK_SEED=20261008",
  "phaseState": {
    "hostPhase": "NewBattlePhase",
    "guestPhase": "NewBattlePhase",
    "hostInteractionCounter": 119,
    "guestInteractionCounter": 119,
    "hostWave": 100,
    "hostBattleType": 0,
    "hostPlayerField": [
      {
        "id": 1784708559,
        "battlerIndex": 0,
        "speciesId": 493,
        "speciesName": "Arceus",
        "hp": 1865,
        "maxHp": 1865,
        "fainted": false,
        "status": 0,
        "statStages": [
          0,
          0,
          0,
          0,
          0,
          0,
          0
        ],
        "moves": [
          {
            "id": 34,
            "ppUsed": 0
          },
          {
            "id": 247,
            "ppUsed": 0
          },
          {
            "id": 53,
            "ppUsed": 0
          },
          {
            "id": 85,
            "ppUsed": 0
          }
        ],
        "coopOwner": "host"
      },
      {
        "id": 1972958815,
        "battlerIndex": 1,
        "speciesId": 150,
        "speciesName": "Mewtwo",
        "hp": 1725,
        "maxHp": 1725,
        "fainted": false,
        "status": 0,
        "statStages": [
          0,
          0,
          0,
          0,
          0,
          0,
          0
        ],
        "moves": [
          {
            "id": 34,
            "ppUsed": 0
          },
          {
            "id": 247,
            "ppUsed": 0
          },
          {
            "id": 53,
            "ppUsed": 0
          },
          {
            "id": 85,
            "ppUsed": 0
          }
        ],
        "coopOwner": "guest"
      }
    ],
    "hostEnemyField": [
      {
        "id": 2870360491,
        "battlerIndex": 2,
        "speciesId": 141,
        "speciesName": "Kabutops",
        "hp": 0,
        "maxHp": 203,
        "fainted": true,
        "status": 7,
        "statStages": [
          0,
          0,
          0,
          0,
          0,
          0,
          0
        ],
        "moves": [
          {
            "id": 895,
            "ppUsed": 0
          },
          {
            "id": 504,
            "ppUsed": 0
          },
          {
            "id": 503,
            "ppUsed": 0
          },
          {
            "id": 660,
            "ppUsed": 0
          }
        ]
      },
      {
        "id": 1418834286,
        "battlerIndex": 3,
        "speciesId": 367,
        "speciesName": "Huntail",
        "hp": 0,
        "maxHp": 210,
        "fainted": true,
        "status": 7,
        "statStages": [
          0,
          0,
          0,
          0,
          0,
          0,
          0
        ],
        "moves": [
          {
            "id": 5000,
            "ppUsed": 1
          },
          {
            "id": 293,
            "ppUsed": 0
          },
          {
            "id": 511,
            "ppUsed": 0
          },
          {
            "id": 513,
            "ppUsed": 0
          }
        ]
      }
    ],
    "guestPlayerField": [
      {
        "id": 1784708559,
        "battlerIndex": -1,
        "speciesId": 493,
        "speciesName": "Arceus",
        "hp": 1865,
        "maxHp": 1865,
        "fainted": false,
        "status": 0,
        "statStages": [
          0,
          0,
          0,
          0,
          0,
          0,
          0
        ],
        "moves": [
          {
            "id": 34,
            "ppUsed": 0
          },
          {
            "id": 247,
            "ppUsed": 0
          },
          {
            "id": 53,
            "ppUsed": 0
          },
          {
            "id": 85,
            "ppUsed": 0
          }
        ],
        "coopOwner": "host"
      },
      {
        "id": 1972958815,
        "battlerIndex": -1,
        "speciesId": 150,
        "speciesName": "Mewtwo",
        "hp": 1725,
        "maxHp": 1725,
        "fainted": false,
        "status": 0,
        "statStages": [
          0,
          0,
          0,
          0,
          0,
          0,
          0
        ],
        "moves": [
          {
            "id": 34,
            "ppUsed": 0
          },
          {
            "id": 247,
            "ppUsed": 0
          },
          {
            "id": 53,
            "ppUsed": 0
          },
          {
            "id": 85,
            "ppUsed": 0
          }
        ],
        "coopOwner": "guest"
      }
    ],
    "guestEnemyField": [
      {
        "id": 2870360491,
        "battlerIndex": -1,
        "speciesId": 141,
        "speciesName": "Kabutops",
        "hp": 0,
        "maxHp": 203,
        "fainted": true,
        "status": 7,
        "statStages": [
          0,
          0,
          0,
          0,
          0,
          0,
          0
        ],
        "moves": [
          {
            "id": 895,
            "ppUsed": 0
          },
          {
            "id": 504,
            "ppUsed": 0
          },
          {
            "id": 503,
            "ppUsed": 0
          },
          {
            "id": 660,
            "ppUsed": 0
          }
        ]
      },
      {
        "id": 1418834286,
        "battlerIndex": -1,
        "speciesId": 367,
        "speciesName": "Huntail",
        "hp": 0,
        "maxHp": 210,
        "fainted": true,
        "status": 7,
        "statStages": [
          0,
          0,
          0,
          0,
          0,
          0,
          0
        ],
        "moves": [
          {
            "id": 5000,
            "ppUsed": 1
          },
          {
            "id": 293,
            "ppUsed": 0
          },
          {
            "id": 511,
            "ppUsed": 0
          },
          {
            "id": 513,
            "ppUsed": 0
          }
        ]
      }
    ]
  },
  "actionScript": [
    "SKIP mysteryEncounterDisabledV1",
    "content seed=coop-soak-20261008 preseeded=false",
    "wave 1 turn 1: committed frontier omitted seat 1; guest remained a replay spectator until host action",
    "wave 1: host slot move=53 guest slot move=0",
    "wave 1 turn 1: progress enemyHp=[16:0/14] playerHp=[890:2065/2065]",
    "wave 1: reward shop owner=host leave",
    "wave 2 turn 1: replay guest crossed cmd:2:1 through real public COMMAND=opened",
    "wave 2 turn 1: host SWITCH -> party[2]",
    "wave 2: host slot move=85 guest slot move=85",
    "wave 2 turn 1: guest SWITCH -> party[3]",
    "wave 2 turn 1: progress enemyHp=[13:16/16,915:14/14] playerHp=[493:1865/1865,150:1725/1725]",
    "wave 2 turn 2: replay guest crossed cmd:2:2 through real public COMMAND=opened",
    "wave 2: reward shop owner=guest take-nonparty",
    "wave 3 turn 1: replay guest crossed cmd:3:1 through real public COMMAND=opened",
    "wave 3 turn 1: host SWITCH -> party[2]",
    "wave 3: host slot move=53 guest slot move=34",
    "wave 3 turn 1: progress enemyHp=[543:15/15,167:0/16] playerHp=[890:2065/2065,150:1725/1725]",
    "wave 3 turn 2: replay guest crossed cmd:3:2 through real public COMMAND=opened",
    "wave 3: reward shop owner=host take-nonparty",
    "wave 4 turn 1: replay guest crossed cmd:4:1 through real public COMMAND=opened",
    "wave 4: host slot move=247 guest slot move=53",
    "wave 4 turn 1: progress enemyHp=[273:0/18,661:0/16] playerHp=[890:2065/2065,150:1725/1725]",
    "wave 4: reward shop owner=guest take-nonparty",
    "wave 5 turn 1: replay guest crossed cmd:5:1 through real public COMMAND=opened",
    "wave 5: TRAINER (fixed)",
    "wave 5 turn 1: host SWITCH -> party[2]",
    "wave 5: host slot move=85 guest slot move=53",
    "wave 5 turn 1: progress enemyHp=[263:17/18,261:0/18] playerHp=[493:1865/1865,150:1722/1725]",
    "wave 5 turn 2: replay guest crossed cmd:5:2 through real public COMMAND=opened",
    "wave 5: reward shop owner=host leave",
    "wave 5: guest chose Crossroads Leave through public UI",
    "wave 5: guest drove World Map via public UI=true and both consumed 1834449679369035:1:BIOME_PICK:9700005",
    "wave 6 turn 1: replay guest crossed cmd:6:1 through real public COMMAND=opened",
    "wave 6: BIOME 0->1",
    "wave 6: host slot move=53 guest slot move=247",
    "wave 6 turn 1: progress enemyHp=[399:0/23,261:0/18] playerHp=[493:1865/1865,150:1722/1725]",
    "wave 6: reward shop owner=host take-nonparty",
    "wave 7 turn 1: replay guest crossed cmd:7:1 through real public COMMAND=opened",
    "wave 7: host slot move=34 guest slot move=34",
    "wave 7 turn 1: progress enemyHp=[427:0/22,403:0/24] playerHp=[493:1865/1865,150:1722/1725]",
    "wave 7: reward shop owner=guest take-nonparty",
    "wave 8 turn 1: replay guest crossed cmd:8:1 through real public COMMAND=opened",
    "wave 8: TRAINER (fixed)",
    "wave 8: host slot move=247 guest slot move=85",
    "wave 8 turn 1: progress enemyHp=[813:0/26,821:0/22] playerHp=[493:1865/1865,150:1722/1725]",
    "wave 8: reward shop owner=host take-nonparty",
    "wave 9 turn 1: replay guest crossed cmd:9:1 through real public COMMAND=opened",
    "wave 9: host slot move=34 guest slot move=85",
    "wave 9 turn 1: progress enemyHp=[52:0/22,21:22/22] playerHp=[493:1865/1865,150:1722/1725]",
    "wave 9 turn 2: replay guest crossed cmd:9:2 through real public COMMAND=opened",
    "wave 9 turn 2: guest SWITCH -> party[3]",
    "wave 9: reward shop owner=guest leave",
    "wave 10 turn 1: replay guest crossed cmd:10:1 through real public COMMAND=opened",
    "wave 10: host slot move=85 guest slot move=34",
    "wave 10 turn 1: progress enemyHp=[261:0/24,399:0/31] playerHp=[493:1865/1865,384:1715/1715]",
    "wave 10: biome market owner=host leave",
    "wave 10: drained 1 milestone reward continuation(s)",
    "wave 10: guest chose Crossroads Leave through public UI",
    "wave 10: guest drove World Map via public UI=true and both consumed 1834449679369035:1:BIOME_PICK:9700011",
    "wave 11 turn 1: replay guest crossed cmd:11:1 through real public COMMAND=opened",
    "wave 11: BIOME 1->2",
    "wave 11: host slot move=53 guest slot move=34",
    "wave 11 turn 1: progress enemyHp=[268:0/28,303:0/28] playerHp=[493:1865/1865,384:1715/1715]",
    "wave 11: reward shop owner=host leave",
    "wave 12 turn 1: replay guest crossed cmd:12:1 through real public COMMAND=opened",
    "wave 12: host slot move=247 guest slot move=85",
    "wave 12 turn 1: progress enemyHp=[285:0/27,548:0/27] playerHp=[493:1865/1865,384:1715/1715]",
    "wave 12: reward shop owner=guest take-nonparty",
    "wave 13 turn 1: replay guest crossed cmd:13:1 through real public COMMAND=opened",
    "wave 13 turn 1: host SWITCH -> party[2]",
    "wave 13: host slot move=34 guest slot move=53",
    "wave 13 turn 1: progress enemyHp=[543:27/27,546:0/26] playerHp=[890:2065/2065,384:1715/1715]",
    "wave 13 turn 2: replay guest crossed cmd:13:2 through real public COMMAND=opened",
    "wave 13 turn 2: guest SWITCH -> party[3]",
    "wave 13: reward shop owner=host take-nonparty",
    "wave 14 turn 1: replay guest crossed cmd:14:1 through real public COMMAND=opened",
    "wave 14: host slot move=85 guest slot move=247",
    "wave 14 turn 1: progress enemyHp=[285:0/32,590:0/31] playerHp=[890:2065/2065,150:1725/1725]",
    "wave 14: reward shop owner=guest leave",
    "wave 15 turn 1: replay guest crossed cmd:15:1 through real public COMMAND=opened",
    "wave 15: TRAINER (random)",
    "wave 15: host slot move=85 guest slot move=34",
    "wave 15 turn 1: progress enemyHp=[280:0/29,43:0/32] playerHp=[890:2065/2065,150:1725/1725]",
    "wave 15: reward shop owner=host leave",
    "wave 15: guest chose Crossroads Leave through public UI",
    "wave 15: guest drove World Map via public UI=true and both consumed 1834449679369035:1:BIOME_PICK:9700017",
    "wave 16 turn 1: replay guest crossed cmd:16:1 through real public COMMAND=opened",
    "wave 16: host slot move=247 guest slot move=85",
    "wave 16 turn 1: guest SWITCH -> party[3]",
    "wave 16 turn 1: progress enemyHp=[415:0/31,187:30/30] playerHp=[890:2065/2065,384:1715/1715]",
    "wave 16 turn 2: replay guest crossed cmd:16:2 through real public COMMAND=opened",
    "wave 16 turn 2: guest SWITCH -> party[3]",
    "wave 16: reward shop owner=host take-nonparty",
    "wave 17 turn 1: replay guest crossed cmd:17:1 through real public COMMAND=opened",
    "wave 17: host slot move=34 guest slot move=53",
    "wave 17 turn 1: progress enemyHp=[548:0/32,266:0/37] playerHp=[890:2065/2065,150:1725/1725]",
    "wave 17: reward shop owner=guest take-nonparty",
    "wave 18 turn 1: replay guest crossed cmd:18:1 through real public COMMAND=opened",
    "wave 18: host slot move=85 guest slot move=247",
    "wave 18 turn 1: progress enemyHp=[1:0/34,546:0/35] playerHp=[890:2065/2065,150:1725/1725]",
    "wave 18: reward shop owner=host take-nonparty",
    "wave 19 turn 1: replay guest crossed cmd:19:1 through real public COMMAND=opened",
    "wave 19: host slot move=53 guest slot move=34",
    "wave 19 turn 1: progress enemyHp=[285:0/40,44:0/42] playerHp=[890:2065/2065,150:1725/1725]",
    "wave 19: reward shop owner=guest leave",
    "wave 20 turn 1: replay guest crossed cmd:20:1 through real public COMMAND=opened",
    "wave 20: TRAINER (random)",
    "wave 20: host slot move=247 guest slot move=85",
    "wave 20 turn 1: progress enemyHp=[46:0/38,918:0/53] playerHp=[890:2053/2065,150:1725/1725]",
    "wave 20: biome market owner=host leave",
    "wave 20: drained 1 milestone reward continuation(s)",
    "wave 20: guest chose Crossroads Leave through public UI",
    "wave 20: guest drove World Map via public UI=true and both consumed 1834449679369035:1:BIOME_PICK:9700023",
    "wave 21 turn 1: replay guest crossed cmd:21:1 through real public COMMAND=opened",
    "wave 21: BIOME 2->3",
    "wave 21 turn 1: host SWITCH -> party[2]",
    "wave 21: host slot move=34 guest slot move=53",
    "wave 21 turn 1: progress enemyHp=[777:46/46,919:35/35] playerHp=[493:1865/1865,150:1725/1725]",
    "wave 21 turn 2: replay guest crossed cmd:21:2 through real public COMMAND=opened",
    "wave 21 turn 3: replay guest crossed cmd:21:3 through real public COMMAND=opened",
    "wave 21: reward shop owner=host leave",
    "wave 22 turn 1: replay guest crossed cmd:22:1 through real public COMMAND=opened",
    "wave 22: host slot move=85 guest slot move=247",
    "wave 22 turn 1: guest SWITCH -> party[3]",
    "wave 22 turn 1: progress enemyHp=[32:0/38,665:38/38] playerHp=[493:1632/1865,384:1713/1715]",
    "wave 22 turn 2: replay guest crossed cmd:22:2 through real public COMMAND=opened",
    "wave 22: reward shop owner=guest leave",
    "wave 23 turn 1: replay guest crossed cmd:23:1 through real public COMMAND=opened",
    "wave 23: host slot move=53 guest slot move=34",
    "wave 23 turn 1: progress enemyHp=[29:0/46,761:0/42] playerHp=[493:1632/1865,384:1713/1715]",
    "wave 23: reward shop owner=host take-nonparty",
    "wave 24 turn 1: replay guest crossed cmd:24:1 through real public COMMAND=opened",
    "wave 24: host slot move=247 guest slot move=85",
    "wave 24 turn 1: progress enemyHp=[665:0/45,46:0/45] playerHp=[493:1632/1865,384:1713/1715]",
    "wave 24: reward shop owner=guest take-nonparty",
    "wave 25 turn 1: replay guest crossed cmd:25:1 through real public COMMAND=opened",
    "wave 25: TRAINER (fixed)",
    "wave 25: host slot move=34 guest slot move=53",
    "wave 25 turn 1: progress enemyHp=[814:0/56,822:0/55] playerHp=[493:1632/1865,384:1713/1715]",
    "wave 25 turn 2: replay guest crossed cmd:25:2 through real public COMMAND=opened",
    "wave 25: reward shop owner=host leave",
    "wave 25: guest chose Crossroads Leave through public UI",
    "wave 25: guest drove World Map via public UI=true and both consumed 1834449679369035:1:BIOME_PICK:9700029",
    "wave 26 turn 1: replay guest crossed cmd:26:1 through real public COMMAND=opened",
    "wave 26: host slot move=53 guest slot move=53",
    "wave 26 turn 1: progress enemyHp=[423:0/70,587:0/51] playerHp=[493:1748/1865,384:1713/1715]",
    "wave 26: reward shop owner=host leave",
    "wave 27 turn 1: replay guest crossed cmd:27:1 through real public COMMAND=opened",
    "wave 27 turn 1: host SWITCH -> party[2]",
    "wave 27: host slot move=53 guest slot move=34",
    "wave 27 turn 1: progress enemyHp=[48:55/55,32:0/47] playerHp=[890:2065/2065,384:1713/1715]",
    "wave 27 turn 2: replay guest crossed cmd:27:2 through real public COMMAND=opened",
    "wave 27 turn 2: host SWITCH -> party[2]",
    "wave 27: reward shop owner=guest leave",
    "wave 28 turn 1: replay guest crossed cmd:28:1 through real public COMMAND=opened",
    "wave 28: host slot move=247 guest slot move=85",
    "wave 28 turn 1: progress enemyHp=[753:0/47,30:0/61] playerHp=[493:1865/1865,384:1713/1715]",
    "wave 28: reward shop owner=host take-nonparty",
    "wave 29 turn 1: replay guest crossed cmd:29:1 through real public COMMAND=opened",
    "wave 29 turn 1: host SWITCH -> party[2]",
    "wave 29: host slot move=34 guest slot move=53",
    "wave 29 turn 1: progress enemyHp=[665:47/47,30:0/64] playerHp=[890:2065/2065,384:1711/1715]",
    "wave 29 turn 2: replay guest crossed cmd:29:2 through real public COMMAND=opened",
    "wave 29: reward shop owner=guest leave",
    "wave 30 turn 1: replay guest crossed cmd:30:1 through real public COMMAND=opened",
    "wave 30: host slot move=34 guest slot move=34",
    "wave 30 turn 1: progress enemyHp=[31:0/75,335:0/68] playerHp=[890:2039/2065,384:1708/1715]",
    "wave 30: biome market owner=host leave",
    "wave 30: drained 1 milestone reward continuation(s)",
    "wave 30: guest chose Crossroads Leave through public UI",
    "wave 30: guest drove World Map via public UI=true and both consumed 1834449679369035:1:BIOME_PICK:9700035",
    "wave 31 turn 1: replay guest crossed cmd:31:1 through real public COMMAND=opened",
    "wave 31: BIOME 3->5",
    "wave 31: host slot move=53 guest slot move=34",
    "wave 31 turn 1: progress enemyHp=[548:0/56,10229:0/53] playerHp=[890:2065/2065,384:1715/1715]",
    "wave 31: reward shop owner=host take-nonparty",
    "wave 32 turn 1: replay guest crossed cmd:32:1 through real public COMMAND=opened",
    "wave 32: TRAINER (random)",
    "wave 32: host slot move=85 guest slot move=53",
    "wave 32 turn 1: progress enemyHp=[264:0/70,749:0/66] playerHp=[890:2065/2065,384:1715/1715]",
    "wave 32: reward shop owner=guest take-nonparty",
    "wave 33 turn 1: replay guest crossed cmd:33:1 through real public COMMAND=opened",
    "wave 33: host slot move=34 guest slot move=53",
    "wave 33 turn 1: progress enemyHp=[10229:0/58,665:0/56] playerHp=[890:2065/2065,384:1715/1715]",
    "wave 33: reward shop owner=host leave",
    "wave 34 turn 1: replay guest crossed cmd:34:1 through real public COMMAND=opened",
    "wave 34: host slot move=85 guest slot move=247",
    "wave 34 turn 1: progress enemyHp=[511:0/60,267:0/70] playerHp=[890:2065/2065,384:1715/1715]",
    "wave 34: reward shop owner=guest leave",
    "wave 35 turn 1: replay guest crossed cmd:35:1 through real public COMMAND=opened",
    "wave 35: TRAINER (fixed)",
    "wave 35: host slot move=53 guest slot move=34",
    "wave 35 turn 1: progress enemyHp=[613:0/67,510:0/72] playerHp=[890:2065/2065,384:1710/1715]",
    "wave 35: reward shop owner=host take-nonparty",
    "wave 35: guest chose Crossroads Leave through public UI",
    "wave 35: guest drove World Map via public UI=true and both consumed 1834449679369035:1:BIOME_PICK:9700041",
    "wave 36 turn 1: replay guest crossed cmd:36:1 through real public COMMAND=opened",
    "wave 36 turn 1: host SWITCH -> party[2]",
    "wave 36: host slot move=247 guest slot move=85",
    "wave 36 turn 1: progress enemyHp=[253:63/63,23:0/60] playerHp=[493:1865/1865,384:1710/1715]",
    "wave 36 turn 2: replay guest crossed cmd:36:2 through real public COMMAND=opened",
    "wave 36: reward shop owner=host take-nonparty",
    "wave 37 turn 1: replay guest crossed cmd:37:1 through real public COMMAND=opened",
    "wave 37: host slot move=34 guest slot move=53",
    "wave 37 turn 1: progress enemyHp=[918:0/78,204:0/63] playerHp=[493:1865/1865,384:1710/1715]",
    "wave 37: reward shop owner=guest leave",
    "wave 38 turn 1: replay guest crossed cmd:38:1 through real public COMMAND=opened",
    "wave 38 turn 1: host SWITCH -> party[2]",
    "wave 38: host slot move=34 guest slot move=247",
    "wave 38 turn 1: progress enemyHp=[944:56/56,543:0/55] playerHp=[890:2065/2065,384:1710/1715]",
    "wave 38 turn 2: replay guest crossed cmd:38:2 through real public COMMAND=opened",
    "wave 38 turn 2: guest SWITCH -> party[3]",
    "wave 38: reward shop owner=host take-nonparty",
    "wave 39 turn 1: replay guest crossed cmd:39:1 through real public COMMAND=opened",
    "wave 39: host slot move=53 guest slot move=34",
    "wave 39 turn 1: progress enemyHp=[948:0/60,10229:0/70] playerHp=[890:2065/2065,150:1725/1725]",
    "wave 39: reward shop owner=guest take-nonparty",
    "wave 40 turn 1: replay guest crossed cmd:40:1 through real public COMMAND=opened",
    "wave 40: host slot move=247 guest slot move=85",
    "wave 40 turn 1: progress enemyHp=[748:0/94,512:0/85] playerHp=[890:2033/2065,150:1725/1725]",
    "wave 40: biome market owner=host leave",
    "wave 40: drained 1 milestone reward continuation(s)",
    "wave 40: guest chose Crossroads Leave through public UI",
    "wave 40: guest drove World Map via public UI=true and both consumed 1834449679369035:1:BIOME_PICK:9700047",
    "wave 41 turn 1: replay guest crossed cmd:41:1 through real public COMMAND=opened",
    "wave 41: BIOME 5->27",
    "wave 41: host slot move=34 guest slot move=34",
    "wave 41 turn 1: progress enemyHp=[753:0/69,190:0/82] playerHp=[890:2065/2065,150:1725/1725]",
    "wave 41: reward shop owner=host leave",
    "wave 42 turn 1: replay guest crossed cmd:42:1 through real public COMMAND=opened",
    "wave 42: host slot move=85 guest slot move=247",
    "wave 42 turn 1: progress enemyHp=[286:0/80,590:0/88] playerHp=[890:2065/2065,150:1725/1725]",
    "wave 42: reward shop owner=guest leave",
    "wave 43 turn 1: replay guest crossed cmd:43:1 through real public COMMAND=opened",
    "wave 43: host slot move=34 guest slot move=85",
    "wave 43 turn 1: progress enemyHp=[522:0/77,732:0/79] playerHp=[890:2065/2065,150:1725/1725]",
    "wave 43: reward shop owner=host leave",
    "wave 44 turn 1: replay guest crossed cmd:44:1 through real public COMMAND=opened",
    "wave 44 turn 1: host SWITCH -> party[2]",
    "wave 44: host slot move=247 guest slot move=53",
    "wave 44 turn 1: progress enemyHp=[336:95/95,667:0/83] playerHp=[493:1860/1865,150:1725/1725]",
    "wave 44 turn 2: replay guest crossed cmd:44:2 through real public COMMAND=opened",
    "wave 44: reward shop owner=guest leave",
    "wave 44: drained 1 milestone reward continuation(s)",
    "wave 45 turn 1: replay guest crossed cmd:45:1 through real public COMMAND=opened",
    "wave 45: host slot move=34 guest slot move=53",
    "wave 45 turn 1: progress enemyHp=[286:0/90,114:0/90] playerHp=[493:1860/1865,150:1725/1725]",
    "wave 45: reward shop owner=host leave",
    "wave 45: guest chose Crossroads Leave through public UI",
    "wave 45: guest drove World Map via public UI=true and both consumed 1834449679369035:1:BIOME_PICK:9700053",
    "wave 46 turn 1: replay guest crossed cmd:46:1 through real public COMMAND=opened",
    "wave 46: host slot move=85 guest slot move=247",
    "wave 46 turn 1: progress enemyHp=[515:0/94,674:0/89] playerHp=[493:1860/1865,150:1725/1725]",
    "wave 46: reward shop owner=host take-nonparty",
    "wave 47 turn 1: replay guest crossed cmd:47:1 through real public COMMAND=opened",
    "wave 47: host slot move=53 guest slot move=34",
    "wave 47 turn 1: progress enemyHp=[870:0/93,591:0/128] playerHp=[493:1860/1865,150:1725/1725]",
    "wave 47: reward shop owner=guest leave",
    "wave 48 turn 1: replay guest crossed cmd:48:1 through real public COMMAND=opened",
    "wave 48: host slot move=34 guest slot move=85",
    "wave 48 turn 1: progress enemyHp=[523:0/109,511:0/81] playerHp=[493:1860/1865,150:1725/1725]",
    "wave 48: reward shop owner=host leave",
    "wave 49 turn 1: replay guest crossed cmd:49:1 through real public COMMAND=opened",
    "wave 49: host slot move=34 guest slot move=53",
    "wave 49 turn 1: guest SWITCH -> party[3]",
    "wave 49 turn 1: progress enemyHp=[286:0/100,510:92/92] playerHp=[493:1860/1865,384:1715/1715]",
    "wave 49 turn 2: replay guest crossed cmd:49:2 through real public COMMAND=opened",
    "wave 49: reward shop owner=guest leave",
    "wave 50 turn 1: replay guest crossed cmd:50:1 through real public COMMAND=opened",
    "wave 50: TRAINER (random)",
    "wave 50: host slot move=85 guest slot move=247",
    "wave 50 turn 1: progress enemyHp=[114:0/98,10068:0/111] playerHp=[493:1856/1865,384:1715/1715]",
    "wave 50 turn 2: replay guest crossed cmd:50:2 through real public COMMAND=opened",
    "wave 50: biome market owner=host leave",
    "wave 50: drained 1 milestone reward continuation(s)",
    "wave 50: guest chose Crossroads Leave through public UI",
    "wave 50: guest drove World Map via public UI=true and both consumed 1834449679369035:1:BIOME_PICK:9700059",
    "wave 51 turn 1: replay guest crossed cmd:51:1 through real public COMMAND=opened",
    "wave 51: BIOME 27->29",
    "wave 51: host slot move=85 guest slot move=85",
    "wave 51 turn 1: progress enemyHp=[679:0/85,563:0/102] playerHp=[493:1865/1865,384:1715/1715]",
    "wave 51: reward shop owner=host leave",
    "wave 52 turn 1: replay guest crossed cmd:52:1 through real public COMMAND=opened",
    "wave 52: host slot move=85 guest slot move=53",
    "wave 52 turn 1: progress enemyHp=[679:0/82,679:0/85] playerHp=[493:1865/1865,384:1715/1715]",
    "wave 52: reward shop owner=guest leave",
    "wave 52: drained 1 milestone reward continuation(s)",
    "wave 53 turn 1: replay guest crossed cmd:53:1 through real public COMMAND=opened",
    "wave 53 turn 1: host SWITCH -> party[2]",
    "wave 53: host slot move=53 guest slot move=247",
    "wave 53 turn 1: progress enemyHp=[355:71/71,622:102/102] playerHp=[890:2065/2065,384:1715/1715]",
    "wave 53 turn 2: replay guest crossed cmd:53:2 through real public COMMAND=opened",
    "wave 53 turn 2: guest SWITCH -> party[3]",
    "wave 53 turn 3: replay guest crossed cmd:53:3 through real public COMMAND=opened",
    "wave 53: reward shop owner=host take-nonparty",
    "wave 54 turn 1: replay guest crossed cmd:54:1 through real public COMMAND=opened",
    "wave 54: host slot move=247 guest slot move=53",
    "wave 54 turn 1: progress enemyHp=[563:0/108,999:0/103] playerHp=[890:2065/2065,150:1725/1725]",
    "wave 54: reward shop owner=guest take-nonparty",
    "wave 55 turn 1: replay guest crossed cmd:55:1 through real public COMMAND=opened",
    "wave 55: TRAINER (fixed)",
    "wave 55: host slot move=53 guest slot move=34",
    "wave 55 turn 1: progress enemyHp=[815:0/135,823:0/134] playerHp=[890:2065/2065,150:1725/1725]",
    "wave 55 turn 2: replay guest crossed cmd:55:2 through real public COMMAND=opened",
    "wave 55: reward shop owner=host leave",
    "wave 55: guest chose Crossroads Leave through public UI",
    "wave 55: guest drove World Map via public UI=true and both consumed 1834449679369035:1:BIOME_PICK:9700065",
    "wave 56 turn 1: replay guest crossed cmd:56:1 through real public COMMAND=opened",
    "wave 56: host slot move=247 guest slot move=247",
    "wave 56 turn 1: progress enemyHp=[563:0/111,177:0/88] playerHp=[890:2065/2065,150:1725/1725]",
    "wave 56: reward shop owner=host take-nonparty",
    "wave 57 turn 1: replay guest crossed cmd:57:1 through real public COMMAND=opened",
    "wave 57 turn 1: host SWITCH -> party[2]",
    "wave 57: host slot move=247 guest slot move=247",
    "wave 57 turn 1: progress enemyHp=[105:113/113,608:0/102] playerHp=[493:1865/1865,150:1725/1725]",
    "wave 57 turn 2: replay guest crossed cmd:57:2 through real public COMMAND=opened",
    "wave 57: reward shop owner=guest take-nonparty",
    "wave 58 turn 1: replay guest crossed cmd:58:1 through real public COMMAND=opened",
    "wave 58: host slot move=34 guest slot move=85",
    "wave 58 turn 1: progress enemyHp=[452:0/115,563:0/111] playerHp=[493:1865/1865,150:1725/1725]",
    "wave 58: reward shop owner=host leave",
    "wave 59 turn 1: replay guest crossed cmd:59:1 through real public COMMAND=opened",
    "wave 59: host slot move=85 guest slot move=247",
    "wave 59 turn 1: guest SWITCH -> party[3]",
    "wave 59 turn 1: progress enemyHp=[679:0/100,93:100/100] playerHp=[493:1865/1865,384:1715/1715]",
    "wave 59 turn 2: replay guest crossed cmd:59:2 through real public COMMAND=opened",
    "wave 59: reward shop owner=guest leave",
    "wave 60 turn 1: replay guest crossed cmd:60:1 through real public COMMAND=opened",
    "wave 60: host slot move=247 guest slot move=53",
    "wave 60 turn 1: progress enemyHp=[358:0/133,680:0/114] playerHp=[493:1865/1865,384:1715/1715]",
    "wave 60: biome market owner=host leave",
    "wave 60: drained 1 milestone reward continuation(s)",
    "wave 60: guest chose Crossroads Leave through public UI",
    "wave 60: guest drove World Map via public UI=true and both consumed 1834449679369035:1:BIOME_PICK:9700071",
    "wave 61 turn 1: replay guest crossed cmd:61:1 through real public COMMAND=opened",
    "wave 61: BIOME 29->14",
    "wave 61: host slot move=34 guest slot move=247",
    "wave 61 turn 1: guest SWITCH -> party[3]",
    "wave 61 turn 1: progress enemyHp=[844:0/114,968:126/126] playerHp=[493:1747/1865,150:1608/1725]",
    "wave 61 turn 2: replay guest crossed cmd:61:2 through real public COMMAND=opened",
    "wave 61: reward shop owner=host take-nonparty",
    "wave 62 turn 1: replay guest crossed cmd:62:1 through real public COMMAND=opened",
    "wave 62: TRAINER (fixed)",
    "wave 62: host slot move=85 guest slot move=247",
    "wave 62 turn 1: progress enemyHp=[596:0/126,584:0/127] playerHp=[493:1513/1865,150:1392/1725]",
    "wave 62 turn 2: replay guest crossed cmd:62:2 through real public COMMAND=opened",
    "wave 62: reward shop owner=guest leave",
    "wave 63 turn 1: replay guest crossed cmd:63:1 through real public COMMAND=opened",
    "wave 63: host slot move=34 guest slot move=53",
    "wave 63 turn 1: guest SWITCH -> party[3]",
    "wave 63 turn 1: progress enemyHp=[695:0/124,947:124/124] playerHp=[493:1281/1865,384:1601/1715]",
    "wave 63 turn 2: replay guest crossed cmd:63:2 through real public COMMAND=opened",
    "wave 63: reward shop owner=host take-nonparty",
    "wave 64 turn 1: replay guest crossed cmd:64:1 through real public COMMAND=opened",
    "wave 64: TRAINER (fixed)",
    "wave 64: host slot move=247 guest slot move=85",
    "wave 64 turn 1: progress enemyHp=[537:0/163,569:0/140] playerHp=[493:1049/1865,384:1387/1715]",
    "wave 64 turn 2: replay guest crossed cmd:64:2 through real public COMMAND=opened",
    "wave 64: reward shop owner=guest leave",
    "wave 64: host drove World Map via public UI=true and both consumed 1834449679369035:0:BIOME_PICK:9700076",
    "wave 65 turn 1: replay guest crossed cmd:65:1 through real public COMMAND=opened",
    "wave 65: host slot move=53 guest slot move=53",
    "wave 65 turn 1: progress enemyHp=[947:0/130,556:0/122] playerHp=[493:817/1865,384:1173/1715]",
    "wave 65: reward shop owner=guest take-nonparty",
    "wave 66 turn 1: replay guest crossed cmd:66:1 through real public COMMAND=opened",
    "wave 66: TRAINER (fixed)",
    "wave 66 turn 1: host SWITCH -> party[2]",
    "wave 66: host slot move=53 guest slot move=85",
    "wave 66 turn 1: progress enemyHp=[623:155/155,233:0/151] playerHp=[890:2065/2065,384:1063/1715]",
    "wave 66 turn 2: replay guest crossed cmd:66:2 through real public COMMAND=opened",
    "wave 66 turn 3: replay guest crossed cmd:66:3 through real public COMMAND=opened",
    "wave 66 turn 4: replay guest crossed cmd:66:4 through real public COMMAND=opened",
    "wave 66: reward shop owner=host take-nonparty",
    "wave 67 turn 1: replay guest crossed cmd:67:1 through real public COMMAND=opened",
    "wave 67: host slot move=53 guest slot move=53",
    "wave 67 turn 1: progress enemyHp=[555:0/166,330:0/140] playerHp=[890:1343/2065,384:611/1715]",
    "wave 67: reward shop owner=guest leave",
    "wave 67: drained 1 milestone reward continuation(s)",
    "wave 68 turn 1: replay guest crossed cmd:68:1 through real public COMMAND=opened",
    "wave 68: host slot move=85 guest slot move=53",
    "wave 68 turn 1: guest SWITCH -> party[3]",
    "wave 68 turn 1: progress enemyHp=[947:0/124,452:134/134] playerHp=[890:1303/2065,150:1570/1725]",
    "wave 68 turn 2: replay guest crossed cmd:68:2 through real public COMMAND=opened",
    "wave 68: reward shop owner=host leave",
    "wave 69 turn 1: replay guest crossed cmd:69:1 through real public COMMAND=opened",
    "wave 69: host slot move=247 guest slot move=53",
    "wave 69 turn 1: progress enemyHp=[444:0/132,450:0/162] playerHp=[890:1260/2065,150:1356/1725]",
    "wave 69: reward shop owner=guest leave",
    "wave 69: host chose Crossroads Leave through public UI",
    "wave 69: host drove World Map via public UI=true and both consumed 1834449679369035:0:BIOME_PICK:9700082",
    "wave 70 turn 1: replay guest crossed cmd:70:1 through real public COMMAND=opened",
    "wave 70: BIOME 14->22",
    "wave 70: host slot move=85 guest slot move=247",
    "wave 70 turn 1: progress enemyHp=[561:0/142,606:0/172] playerHp=[890:677/2065,150:1342/1725]",
    "wave 70: biome market owner=guest leave",
    "wave 70: drained 1 milestone reward continuation(s)",
    "wave 71 turn 1: replay guest crossed cmd:71:1 through real public COMMAND=opened",
    "wave 71: host slot move=53 guest slot move=34",
    "wave 71 turn 1: guest SWITCH -> party[3]",
    "wave 71 turn 1: progress enemyHp=[344:134/134,959:0/163] playerHp=[890:1625/2065,384:1707/1715]",
    "wave 71 turn 2: replay guest crossed cmd:71:2 through real public COMMAND=opened",
    "wave 71: reward shop owner=host leave",
    "wave 72 turn 1: replay guest crossed cmd:72:1 through real public COMMAND=opened",
    "wave 72: host slot move=247 guest slot move=85",
    "wave 72 turn 1: progress enemyHp=[344:0/134,959:163/163] playerHp=[890:1839/2065,384:1707/1715]",
    "wave 72: reward shop owner=guest take-nonparty",
    "wave 73 turn 1: replay guest crossed cmd:73:1 through real public COMMAND=opened",
    "wave 73: host slot move=34 guest slot move=53",
    "wave 73 turn 1: progress enemyHp=[64:0/113,64:0/115] playerHp=[890:1931/2065,384:1707/1715]",
    "wave 73: reward shop owner=host take-nonparty",
    "wave 74 turn 1: replay guest crossed cmd:74:1 through real public COMMAND=opened",
    "wave 74: host slot move=85 guest slot move=247",
    "wave 74 turn 1: guest SWITCH -> party[3]",
    "wave 74 turn 1: progress enemyHp=[64:0/111,325:135/135] playerHp=[890:2024/2065,150:1725/1725]",
    "wave 74 turn 2: replay guest crossed cmd:74:2 through real public COMMAND=opened",
    "wave 74 turn 2: host SWITCH -> party[2]",
    "wave 74: reward shop owner=guest leave",
    "wave 74: host chose Crossroads Leave through public UI",
    "wave 74: host drove World Map via public UI=true and both consumed 1834449679369035:0:BIOME_PICK:9700088",
    "wave 75 turn 1: replay guest crossed cmd:75:1 through real public COMMAND=opened",
    "wave 75: BIOME 22->11",
    "wave 75: host slot move=53 guest slot move=34",
    "wave 75 turn 1: progress enemyHp=[277:0/138,178:0/160] playerHp=[493:1865/1865,150:1725/1725]",
    "wave 75: reward shop owner=guest take-nonparty",
    "wave 76 turn 1: replay guest crossed cmd:76:1 through real public COMMAND=opened",
    "wave 76 turn 1: host SWITCH -> party[2]",
    "wave 76: host slot move=53 guest slot move=85",
    "wave 76 turn 1: progress enemyHp=[398:160/160,277:0/143] playerHp=[890:2065/2065,150:1722/1725]",
    "wave 76 turn 2: replay guest crossed cmd:76:2 through real public COMMAND=opened",
    "wave 76 turn 2: host SWITCH -> party[2]",
    "wave 76: reward shop owner=host leave",
    "wave 77 turn 1: replay guest crossed cmd:77:1 through real public COMMAND=opened",
    "wave 77: host slot move=85 guest slot move=53",
    "wave 77 turn 1: progress enemyHp=[18:0/164,663:0/170] playerHp=[493:1865/1865,150:1722/1725]",
    "wave 77: reward shop owner=guest take-nonparty",
    "wave 78 turn 1: replay guest crossed cmd:78:1 through real public COMMAND=opened",
    "wave 78: host slot move=85 guest slot move=34",
    "wave 78 turn 1: progress enemyHp=[663:0/173,18:0/164] playerHp=[493:1865/1865,150:1722/1725]",
    "wave 78: reward shop owner=host leave",
    "wave 79 turn 1: replay guest crossed cmd:79:1 through real public COMMAND=opened",
    "wave 79: host slot move=53 guest slot move=34",
    "wave 79 turn 1: progress enemyHp=[67:0/172,934:0/182] playerHp=[493:1865/1865,150:1722/1725]",
    "wave 79: reward shop owner=guest take-nonparty",
    "wave 79: host chose Crossroads Leave through public UI",
    "wave 79: host drove World Map via public UI=true and both consumed 1834449679369035:0:BIOME_PICK:9700094",
    "wave 80 turn 1: replay guest crossed cmd:80:1 through real public COMMAND=opened",
    "wave 80: BIOME 11->18",
    "wave 80: TRAINER (random)",
    "wave 80 turn 1: host SWITCH -> party[2]",
    "wave 80: host slot move=247 guest slot move=247",
    "wave 80 turn 1: progress enemyHp=[727:208/208,157:0/182] playerHp=[890:2065/2065,150:1691/1725]",
    "wave 80 turn 2: replay guest crossed cmd:80:2 through real public COMMAND=opened",
    "wave 80 turn 3: replay guest crossed cmd:80:3 through real public COMMAND=opened",
    "wave 80 turn 3: guest SWITCH -> party[3]",
    "wave 80: biome market owner=guest leave",
    "wave 80: drained 1 milestone reward continuation(s)",
    "wave 81 turn 1: replay guest crossed cmd:81:1 through real public COMMAND=opened",
    "wave 81: host slot move=34 guest slot move=53",
    "wave 81 turn 1: progress enemyHp=[631:0/187,324:0/159] playerHp=[890:2065/2065,384:1715/1715]",
    "wave 81: reward shop owner=host leave",
    "wave 81: drained 1 milestone reward continuation(s)",
    "wave 82 turn 1: replay guest crossed cmd:82:1 through real public COMMAND=opened",
    "wave 82: TRAINER (random)",
    "wave 82: host slot move=85 guest slot move=247",
    "wave 82 turn 1: progress enemyHp=[851:0/211,229:0/181] playerHp=[890:2065/2065,384:1715/1715]",
    "wave 82: reward shop owner=guest leave",
    "wave 83 turn 1: replay guest crossed cmd:83:1 through real public COMMAND=opened",
    "wave 83: host slot move=53 guest slot move=34",
    "wave 83 turn 1: progress enemyHp=[334:0/181,758:0/170] playerHp=[890:2065/2065,384:1715/1715]",
    "wave 83: reward shop owner=host leave",
    "wave 84 turn 1: replay guest crossed cmd:84:1 through real public COMMAND=opened",
    "wave 84: host slot move=247 guest slot move=85",
    "wave 84 turn 1: progress enemyHp=[126:0/171,839:227/227] playerHp=[890:2065/2065,384:1715/1715]",
    "wave 84 turn 2: replay guest crossed cmd:84:2 through real public COMMAND=opened",
    "wave 84: reward shop owner=guest take-nonparty",
    "wave 84: host chose Crossroads Leave through public UI",
    "wave 84: host drove World Map via public UI=true and both consumed 1834449679369035:0:BIOME_PICK:9700100",
    "wave 85 turn 1: replay guest crossed cmd:85:1 through real public COMMAND=opened",
    "wave 85: BIOME 18->8",
    "wave 85 turn 1: host SWITCH -> party[2]",
    "wave 85: host slot move=34 guest slot move=53",
    "wave 85 turn 1: progress enemyHp=[558:178/178,689:0/183] playerHp=[493:1865/1865,384:1715/1715]",
    "wave 85 turn 2: replay guest crossed cmd:85:2 through real public COMMAND=opened",
    "wave 85: reward shop owner=guest leave",
    "wave 86 turn 1: replay guest crossed cmd:86:1 through real public COMMAND=opened",
    "wave 86: host slot move=85 guest slot move=247",
    "wave 86 turn 1: progress enemyHp=[978:0/167,914:0/202] playerHp=[493:1865/1865,384:1715/1715]",
    "wave 86: reward shop owner=host leave",
    "wave 87 turn 1: replay guest crossed cmd:87:1 through real public COMMAND=opened",
    "wave 87: host slot move=53 guest slot move=34",
    "wave 87 turn 1: progress enemyHp=[341:0/146,689:0/172] playerHp=[493:1865/1865,384:1715/1715]",
    "wave 87: reward shop owner=guest take-nonparty",
    "wave 88 turn 1: replay guest crossed cmd:88:1 through real public COMMAND=opened",
    "wave 88: host slot move=53 guest slot move=85",
    "wave 88 turn 1: progress enemyHp=[769:0/164,414:0/163] playerHp=[493:1865/1865,384:1715/1715]",
    "wave 88: reward shop owner=host leave",
    "wave 89 turn 1: replay guest crossed cmd:89:1 through real public COMMAND=opened",
    "wave 89 turn 1: host SWITCH -> party[2]",
    "wave 89: host slot move=34 guest slot move=53",
    "wave 89 turn 1: progress enemyHp=[99:202/202,960:0/106] playerHp=[890:2065/2065,384:1715/1715]",
    "wave 89 turn 2: replay guest crossed cmd:89:2 through real public COMMAND=opened",
    "wave 89 turn 2: host SWITCH -> party[2]",
    "wave 89 turn 2: guest SWITCH -> party[3]",
    "wave 89 turn 3: replay guest crossed cmd:89:3 through real public COMMAND=opened",
    "wave 89: reward shop owner=guest take-nonparty",
    "wave 89: host chose Crossroads Leave through public UI",
    "wave 89: host drove World Map via public UI=true and both consumed 1834449679369035:0:BIOME_PICK:9700106",
    "wave 90 turn 1: replay guest crossed cmd:90:1 through real public COMMAND=opened",
    "wave 90: BIOME 8->6",
    "wave 90: host slot move=85 guest slot move=247",
    "wave 90 turn 1: progress enemyHp=[130:0/212,730:0/190] playerHp=[493:1865/1865,150:1725/1725]",
    "wave 90: biome market owner=guest leave",
    "wave 90: drained 1 milestone reward continuation(s)",
    "wave 91 turn 1: replay guest crossed cmd:91:1 through real public COMMAND=opened",
    "wave 91: host slot move=53 guest slot move=53",
    "wave 91 turn 1: progress enemyHp=[456:0/163,171:0/250] playerHp=[493:1865/1865,150:1725/1725]",
    "wave 91: reward shop owner=host leave",
    "wave 92 turn 1: replay guest crossed cmd:92:1 through real public COMMAND=opened",
    "wave 92 turn 1: host SWITCH -> party[2]",
    "wave 92: host slot move=247 guest slot move=85",
    "wave 92 turn 1: progress enemyHp=[687:216/216,72:0/147] playerHp=[890:2065/2065,150:1725/1725]",
    "wave 92 turn 2: replay guest crossed cmd:92:2 through real public COMMAND=opened",
    "wave 92: reward shop owner=guest take-nonparty",
    "wave 93 turn 1: replay guest crossed cmd:93:1 through real public COMMAND=opened",
    "wave 93 turn 1: host SWITCH -> party[2]",
    "wave 93: host slot move=34 guest slot move=53",
    "wave 93 turn 1: progress enemyHp=[321:312/312,565:0/191] playerHp=[493:1865/1865,150:1725/1725]",
    "wave 93 turn 2: replay guest crossed cmd:93:2 through real public COMMAND=opened",
    "wave 93 turn 2: guest SWITCH -> party[3]",
    "wave 93: reward shop owner=host take-nonparty",
    "wave 94 turn 1: replay guest crossed cmd:94:1 through real public COMMAND=opened",
    "wave 94: host slot move=85 guest slot move=247",
    "wave 94 turn 1: progress enemyHp=[321:0/316,730:0/202] playerHp=[493:1865/1865,384:1715/1715]",
    "wave 94: reward shop owner=guest leave",
    "wave 95 turn 1: replay guest crossed cmd:95:1 through real public COMMAND=opened",
    "wave 95: TRAINER (fixed)",
    "wave 95: host slot move=53 guest slot move=34",
    "wave 95 turn 1: progress enemyHp=[815:0/243,823:0/248] playerHp=[493:1865/1865,384:1715/1715]",
    "wave 95 turn 2: replay guest crossed cmd:95:2 through real public COMMAND=opened",
    "wave 95 turn 2: guest SWITCH -> party[3]",
    "wave 95 turn 3: replay guest crossed cmd:95:3 through real public COMMAND=opened",
    "wave 95: reward shop owner=host take-nonparty",
    "wave 96 turn 1: replay guest crossed cmd:96:1 through real public COMMAND=opened",
    "wave 96: host slot move=247 guest slot move=85",
    "wave 96 turn 1: progress enemyHp=[963:0/202,279:0/175] playerHp=[493:1849/1865,150:1725/1725]",
    "wave 96: reward shop owner=guest take-nonparty",
    "wave 96: host drove World Map via public UI=true and both consumed 1834449679369035:0:BIOME_PICK:9700114",
    "wave 97 turn 1: replay guest crossed cmd:97:1 through real public COMMAND=opened",
    "wave 97: BIOME 6->10",
    "wave 97: host slot move=247 guest slot move=53",
    "wave 97 turn 1: progress enemyHp=[423:0/246,976:0/237] playerHp=[493:1849/1865,150:1725/1725]",
    "wave 97: reward shop owner=guest take-nonparty",
    "wave 98 turn 1: replay guest crossed cmd:98:1 through real public COMMAND=opened",
    "wave 98: host slot move=85 guest slot move=85",
    "wave 98 turn 1: progress enemyHp=[847:0/176,593:0/258] playerHp=[493:1849/1865,150:1725/1725]",
    "wave 98: reward shop owner=host leave",
    "wave 99 turn 1: replay guest crossed cmd:99:1 through real public COMMAND=opened",
    "wave 99: host slot move=53 guest slot move=34",
    "wave 99 turn 1: progress enemyHp=[368:0/192,691:0/226] playerHp=[493:1849/1865,150:1725/1725]",
    "wave 99: reward shop owner=guest leave",
    "wave 99: drained 1 milestone reward continuation(s)",
    "wave 100 turn 1: replay guest crossed cmd:100:1 through real public COMMAND=opened",
    "wave 100: host slot move=247 guest slot move=85",
    "wave 100 turn 1: progress enemyHp=[141:0/203,367:1/210] playerHp=[493:1849/1865,150:1657/1725]",
    "wave 100 turn 2: replay guest crossed cmd:100:2 through real public COMMAND=opened"
  ]
}