{
  "invariant": "no-park",
  "seed": 20260923,
  "wave": 100,
  "detail": "wave driving threw (strand/stall): guest retained wave 100 did not reach continuationReady within 24 destination pumps (current=NewBattlePhase authority=legacy dataApplied=true continuationReady=false)",
  "replay": "SOAK_SEED=20260923",
  "phaseState": {
    "hostPhase": "NewBattlePhase",
    "guestPhase": "NewBattlePhase",
    "hostInteractionCounter": 119,
    "guestInteractionCounter": 119,
    "hostWave": 100,
    "hostBattleType": 0,
    "hostPlayerField": [
      {
        "id": 263684801,
        "battlerIndex": -1,
        "speciesId": 890,
        "speciesName": "Eternatus",
        "hp": 2065,
        "maxHp": 2065,
        "fainted": false,
        "status": 0,
        "statStages": [
          0,
          0,
          2,
          0,
          0,
          0,
          0
        ],
        "moves": [
          {
            "id": 34,
            "ppUsed": 0
          },
          {
            "id": 247,
            "ppUsed": 0
          },
          {
            "id": 53,
            "ppUsed": 0
          },
          {
            "id": 85,
            "ppUsed": 0
          }
        ],
        "coopOwner": "host"
      },
      {
        "id": 3850206911,
        "battlerIndex": -1,
        "speciesId": 384,
        "speciesName": "Rayquaza",
        "hp": 1715,
        "maxHp": 1715,
        "fainted": false,
        "status": 0,
        "statStages": [
          0,
          0,
          0,
          0,
          0,
          0,
          0
        ],
        "moves": [
          {
            "id": 34,
            "ppUsed": 0
          },
          {
            "id": 247,
            "ppUsed": 0
          },
          {
            "id": 53,
            "ppUsed": 0
          },
          {
            "id": 85,
            "ppUsed": 0
          }
        ],
        "coopOwner": "guest"
      }
    ],
    "hostEnemyField": [
      {
        "id": 2841546228,
        "battlerIndex": -1,
        "speciesId": 593,
        "speciesName": "Jellicent",
        "hp": 0,
        "maxHp": 280,
        "fainted": true,
        "status": 7,
        "statStages": [
          0,
          0,
          0,
          0,
          0,
          0,
          0
        ],
        "moves": [
          {
            "id": 323,
            "ppUsed": 0
          },
          {
            "id": 194,
            "ppUsed": 0
          },
          {
            "id": 105,
            "ppUsed": 0
          },
          {
            "id": 207,
            "ppUsed": 0
          }
        ]
      },
      {
        "id": 468302698,
        "battlerIndex": -1,
        "speciesId": 224,
        "speciesName": "Octillery",
        "hp": 0,
        "maxHp": 220,
        "fainted": true,
        "status": 7,
        "statStages": [
          0,
          0,
          0,
          0,
          0,
          0,
          0
        ],
        "moves": [
          {
            "id": 323,
            "ppUsed": 0
          },
          {
            "id": 293,
            "ppUsed": 0
          },
          {
            "id": 362,
            "ppUsed": 0
          },
          {
            "id": 159,
            "ppUsed": 0
          }
        ]
      }
    ],
    "guestPlayerField": [
      {
        "id": 263684801,
        "battlerIndex": 0,
        "speciesId": 890,
        "speciesName": "Eternatus",
        "hp": 2065,
        "maxHp": 2065,
        "fainted": false,
        "status": 0,
        "statStages": [
          0,
          0,
          2,
          0,
          0,
          0,
          0
        ],
        "moves": [
          {
            "id": 34,
            "ppUsed": 0
          },
          {
            "id": 247,
            "ppUsed": 0
          },
          {
            "id": 53,
            "ppUsed": 0
          },
          {
            "id": 85,
            "ppUsed": 0
          }
        ],
        "coopOwner": "host"
      },
      {
        "id": 3850206911,
        "battlerIndex": 1,
        "speciesId": 384,
        "speciesName": "Rayquaza",
        "hp": 1715,
        "maxHp": 1715,
        "fainted": false,
        "status": 0,
        "statStages": [
          0,
          0,
          0,
          0,
          0,
          0,
          0
        ],
        "moves": [
          {
            "id": 34,
            "ppUsed": 0
          },
          {
            "id": 247,
            "ppUsed": 0
          },
          {
            "id": 53,
            "ppUsed": 0
          },
          {
            "id": 85,
            "ppUsed": 0
          }
        ],
        "coopOwner": "guest"
      }
    ],
    "guestEnemyField": [
      {
        "id": 2841546228,
        "battlerIndex": 2,
        "speciesId": 593,
        "speciesName": "Jellicent",
        "hp": 0,
        "maxHp": 280,
        "fainted": true,
        "status": 7,
        "statStages": [
          0,
          0,
          0,
          0,
          0,
          0,
          0
        ],
        "moves": [
          {
            "id": 323,
            "ppUsed": 0
          },
          {
            "id": 194,
            "ppUsed": 0
          },
          {
            "id": 105,
            "ppUsed": 0
          },
          {
            "id": 207,
            "ppUsed": 0
          }
        ]
      },
      {
        "id": 468302698,
        "battlerIndex": 3,
        "speciesId": 224,
        "speciesName": "Octillery",
        "hp": 0,
        "maxHp": 220,
        "fainted": true,
        "status": 7,
        "statStages": [
          0,
          0,
          0,
          0,
          0,
          0,
          0
        ],
        "moves": [
          {
            "id": 323,
            "ppUsed": 0
          },
          {
            "id": 293,
            "ppUsed": 0
          },
          {
            "id": 362,
            "ppUsed": 0
          },
          {
            "id": 159,
            "ppUsed": 0
          }
        ]
      }
    ]
  },
  "actionScript": [
    "SKIP mysteryEncounterDisabledV1",
    "content seed=coop-soak-20260923 preseeded=false",
    "wave 1 turn 1: committed frontier omitted seat 1; guest remained a replay spectator until host action",
    "wave 1: host slot move=85 guest slot move=0",
    "wave 1 turn 1: progress enemyHp=[16:0/14] playerHp=[890:2065/2065]",
    "wave 1: reward shop owner=host take-nonparty",
    "wave 2 turn 1: replay guest crossed cmd:2:1 through real public COMMAND=opened",
    "wave 2: host slot move=34 guest slot move=53",
    "wave 2 turn 1: progress enemyHp=[265:0/16,13:0/16] playerHp=[890:2065/2065,384:1715/1715]",
    "wave 2: reward shop owner=guest take-nonparty",
    "wave 3 turn 1: replay guest crossed cmd:3:1 through real public COMMAND=opened",
    "wave 3: host slot move=53 guest slot move=85",
    "wave 3 turn 1: progress enemyHp=[276:0/16,283:16/16] playerHp=[890:2065/2065,384:1715/1715]",
    "wave 3 turn 2: replay guest crossed cmd:3:2 through real public COMMAND=opened",
    "wave 3 turn 2: host SWITCH -> party[2]",
    "wave 3: reward shop owner=host leave",
    "wave 4 turn 1: replay guest crossed cmd:4:1 through real public COMMAND=opened",
    "wave 4: host slot move=34 guest slot move=53",
    "wave 4 turn 1: progress enemyHp=[19:0/17,263:0/18] playerHp=[493:1865/1865,384:1715/1715]",
    "wave 4: reward shop owner=guest leave",
    "wave 5 turn 1: replay guest crossed cmd:5:1 through real public COMMAND=opened",
    "wave 5: TRAINER (fixed)",
    "wave 5: host slot move=53 guest slot move=34",
    "wave 5 turn 1: progress enemyHp=[506:0/18,263:0/18] playerHp=[493:1865/1865,384:1715/1715]",
    "wave 5: reward shop owner=host leave",
    "wave 5: guest chose Crossroads Leave through public UI",
    "wave 5: guest drove World Map via public UI=true and both consumed 1833115705684281:1:BIOME_PICK:9700005",
    "wave 6 turn 1: replay guest crossed cmd:6:1 through real public COMMAND=opened",
    "wave 6: BIOME 0->1",
    "wave 6: host slot move=85 guest slot move=34",
    "wave 6 turn 1: progress enemyHp=[915:0/19,819:0/23] playerHp=[493:1865/1865,384:1715/1715]",
    "wave 6: reward shop owner=host leave",
    "wave 7 turn 1: replay guest crossed cmd:7:1 through real public COMMAND=opened",
    "wave 7: host slot move=53 guest slot move=85",
    "wave 7 turn 1: progress enemyHp=[161:0/22,399:0/23] playerHp=[493:1865/1865,384:1715/1715]",
    "wave 7: reward shop owner=guest leave",
    "wave 8 turn 1: replay guest crossed cmd:8:1 through real public COMMAND=opened",
    "wave 8: TRAINER (fixed)",
    "wave 8: host slot move=53 guest slot move=85",
    "wave 8 turn 1: progress enemyHp=[813:0/26,396:0/22] playerHp=[493:1865/1865,384:1715/1715]",
    "wave 8: reward shop owner=host take-nonparty",
    "wave 9 turn 1: replay guest crossed cmd:9:1 through real public COMMAND=opened",
    "wave 9 turn 1: host SWITCH -> party[2]",
    "wave 9: host slot move=85 guest slot move=247",
    "wave 9 turn 1: progress enemyHp=[108:28/28,261:0/24] playerHp=[890:2065/2065,384:1715/1715]",
    "wave 9 turn 2: replay guest crossed cmd:9:2 through real public COMMAND=opened",
    "wave 9: reward shop owner=guest take-nonparty",
    "wave 10 turn 1: replay guest crossed cmd:10:1 through real public COMMAND=opened",
    "wave 10: host slot move=53 guest slot move=34",
    "wave 10 turn 1: progress enemyHp=[206:0/33,84:0/25] playerHp=[890:2055/2065,384:1715/1715]",
    "wave 10: biome market owner=host leave",
    "wave 10: drained 1 milestone reward continuation(s)",
    "wave 10: guest chose Crossroads Leave through public UI",
    "wave 10: guest drove World Map via public UI=true and both consumed 1833115705684281:1:BIOME_PICK:9700011",
    "wave 11 turn 1: replay guest crossed cmd:11:1 through real public COMMAND=opened",
    "wave 11: BIOME 1->2",
    "wave 11: host slot move=247 guest slot move=85",
    "wave 11 turn 1: progress enemyHp=[543:0/25,266:0/26] playerHp=[890:2065/2065,384:1715/1715]",
    "wave 11: reward shop owner=host leave",
    "wave 12 turn 1: replay guest crossed cmd:12:1 through real public COMMAND=opened",
    "wave 12: host slot move=53 guest slot move=34",
    "wave 12 turn 1: guest SWITCH -> party[3]",
    "wave 12 turn 1: progress enemyHp=[285:0/30,548:27/27] playerHp=[890:2065/2065,150:1725/1725]",
    "wave 12 turn 2: replay guest crossed cmd:12:2 through real public COMMAND=opened",
    "wave 12 turn 2: host SWITCH -> party[2]",
    "wave 12: reward shop owner=guest leave",
    "wave 13 turn 1: replay guest crossed cmd:13:1 through real public COMMAND=opened",
    "wave 13: host slot move=85 guest slot move=34",
    "wave 13 turn 1: progress enemyHp=[187:0/28,108:0/34] playerHp=[493:1865/1865,150:1725/1725]",
    "wave 13: reward shop owner=host leave",
    "wave 14 turn 1: replay guest crossed cmd:14:1 through real public COMMAND=opened",
    "wave 14: host slot move=34 guest slot move=53",
    "wave 14 turn 1: progress enemyHp=[1:0/30,546:0/28] playerHp=[493:1865/1865,150:1725/1725]",
    "wave 14: reward shop owner=guest take-nonparty",
    "wave 15 turn 1: replay guest crossed cmd:15:1 through real public COMMAND=opened",
    "wave 15: host slot move=247 guest slot move=85",
    "wave 15 turn 1: guest SWITCH -> party[3]",
    "wave 15 turn 1: progress enemyHp=[543:0/27,415:31/31] playerHp=[493:1865/1865,384:1715/1715]",
    "wave 15 turn 2: replay guest crossed cmd:15:2 through real public COMMAND=opened",
    "wave 15: reward shop owner=host take-nonparty",
    "wave 15: guest chose Crossroads Leave through public UI",
    "wave 15: guest drove World Map via public UI=true and both consumed 1833115705684281:1:BIOME_PICK:9700017",
    "wave 16 turn 1: replay guest crossed cmd:16:1 through real public COMMAND=opened",
    "wave 16: host slot move=53 guest slot move=34",
    "wave 16 turn 1: progress enemyHp=[266:0/35,548:0/32] playerHp=[493:1865/1865,384:1715/1715]",
    "wave 16: reward shop owner=host leave",
    "wave 17 turn 1: replay guest crossed cmd:17:1 through real public COMMAND=opened",
    "wave 17 turn 1: host SWITCH -> party[2]",
    "wave 17: host slot move=85 guest slot move=247",
    "wave 17 turn 1: progress enemyHp=[285:37/37,187:0/30] playerHp=[890:2065/2065,384:1714/1715]",
    "wave 17 turn 2: replay guest crossed cmd:17:2 through real public COMMAND=opened",
    "wave 17 turn 2: host SWITCH -> party[2]",
    "wave 17: reward shop owner=guest leave",
    "wave 18 turn 1: replay guest crossed cmd:18:1 through real public COMMAND=opened",
    "wave 18 turn 1: host SWITCH -> party[2]",
    "wave 18: host slot move=34 guest slot move=53",
    "wave 18 turn 1: progress enemyHp=[546:33/33,187:0/34] playerHp=[890:2065/2065,384:1714/1715]",
    "wave 18 turn 2: replay guest crossed cmd:18:2 through real public COMMAND=opened",
    "wave 18: reward shop owner=host leave",
    "wave 19 turn 1: replay guest crossed cmd:19:1 through real public COMMAND=opened",
    "wave 19: host slot move=247 guest slot move=85",
    "wave 19 turn 1: progress enemyHp=[415:0/35,187:0/34] playerHp=[890:2065/2065,384:1714/1715]",
    "wave 19: reward shop owner=guest leave",
    "wave 20 turn 1: replay guest crossed cmd:20:1 through real public COMMAND=opened",
    "wave 20: TRAINER (random)",
    "wave 20: host slot move=53 guest slot move=34",
    "wave 20 turn 1: progress enemyHp=[49:0/45,406:0/39] playerHp=[890:2051/2065,384:1714/1715]",
    "wave 20: biome market owner=host leave",
    "wave 20: drained 1 milestone reward continuation(s)",
    "wave 20: guest chose Crossroads Leave through public UI",
    "wave 20: guest drove World Map via public UI=true and both consumed 1833115705684281:1:BIOME_PICK:9700023",
    "wave 21 turn 1: replay guest crossed cmd:21:1 through real public COMMAND=opened",
    "wave 21: BIOME 2->3",
    "wave 21: host slot move=53 guest slot move=247",
    "wave 21 turn 1: progress enemyHp=[290:37/37,753:0/39] playerHp=[890:2065/2065,384:1715/1715]",
    "wave 21 turn 2: replay guest crossed cmd:21:2 through real public COMMAND=opened",
    "wave 21: reward shop owner=host leave",
    "wave 22 turn 1: replay guest crossed cmd:22:1 through real public COMMAND=opened",
    "wave 22: host slot move=34 guest slot move=53",
    "wave 22 turn 1: progress enemyHp=[761:0/40,46:0/40] playerHp=[890:2065/2065,384:1715/1715]",
    "wave 22: reward shop owner=guest leave",
    "wave 23 turn 1: replay guest crossed cmd:23:1 through real public COMMAND=opened",
    "wave 23 turn 1: host SWITCH -> party[2]",
    "wave 23: host slot move=247 guest slot move=85",
    "wave 23 turn 1: progress enemyHp=[919:39/39,29:0/43] playerHp=[493:1865/1865,384:1715/1715]",
    "wave 23 turn 2: replay guest crossed cmd:23:2 through real public COMMAND=opened",
    "wave 23: reward shop owner=host take-nonparty",
    "wave 24 turn 1: replay guest crossed cmd:24:1 through real public COMMAND=opened",
    "wave 24: host slot move=53 guest slot move=34",
    "wave 24 turn 1: progress enemyHp=[665:0/43,15:0/51] playerHp=[493:1865/1865,384:1715/1715]",
    "wave 24: reward shop owner=guest leave",
    "wave 25 turn 1: replay guest crossed cmd:25:1 through real public COMMAND=opened",
    "wave 25: TRAINER (fixed)",
    "wave 25: host slot move=85 guest slot move=53",
    "wave 25 turn 1: progress enemyHp=[814:0/56,397:0/50] playerHp=[493:1865/1865,384:1715/1715]",
    "wave 25 turn 2: replay guest crossed cmd:25:2 through real public COMMAND=opened",
    "wave 25: reward shop owner=host take-nonparty",
    "wave 25: guest chose Crossroads Leave through public UI",
    "wave 25: guest drove World Map via public UI=true and both consumed 1833115705684281:1:BIOME_PICK:9700029",
    "wave 26 turn 1: replay guest crossed cmd:26:1 through real public COMMAND=opened",
    "wave 26: host slot move=34 guest slot move=53",
    "wave 26 turn 1: progress enemyHp=[402:0/55,666:0/62] playerHp=[493:1865/1865,384:1715/1715]",
    "wave 26: reward shop owner=host take-nonparty",
    "wave 27 turn 1: replay guest crossed cmd:27:1 through real public COMMAND=opened",
    "wave 27 turn 1: host SWITCH -> party[2]",
    "wave 27: host slot move=247 guest slot move=247",
    "wave 27 turn 1: progress enemyHp=[665:47/47,290:42/42] playerHp=[890:2065/2065,384:1713/1715]",
    "wave 27 turn 2: replay guest crossed cmd:27:2 through real public COMMAND=opened",
    "wave 27: reward shop owner=guest take-nonparty",
    "wave 28 turn 1: replay guest crossed cmd:28:1 through real public COMMAND=opened",
    "wave 28: host slot move=53 guest slot move=53",
    "wave 28 turn 1: progress enemyHp=[167:0/50,402:0/64] playerHp=[890:2065/2065,384:1713/1715]",
    "wave 28: reward shop owner=host leave",
    "wave 29 turn 1: replay guest crossed cmd:29:1 through real public COMMAND=opened",
    "wave 29 turn 1: host SWITCH -> party[2]",
    "wave 29: host slot move=53 guest slot move=53",
    "wave 29 turn 1: progress enemyHp=[402:61/61,778:52/55] playerHp=[493:1865/1865,384:1497/1715]",
    "wave 29 turn 2: replay guest crossed cmd:29:2 through real public COMMAND=opened",
    "wave 29 turn 2: host SWITCH -> party[2]",
    "wave 29 turn 3: replay guest crossed cmd:29:3 through real public COMMAND=opened",
    "wave 29 turn 3: host SWITCH -> party[2]",
    "wave 29: reward shop owner=guest leave",
    "wave 30 turn 1: replay guest crossed cmd:30:1 through real public COMMAND=opened",
    "wave 30 turn 1: host SWITCH -> party[2]",
    "wave 30: host slot move=53 guest slot move=53",
    "wave 30 turn 1: progress enemyHp=[352:57/57,919:0/49] playerHp=[890:2065/2065,384:1277/1715]",
    "wave 30 turn 2: replay guest crossed cmd:30:2 through real public COMMAND=opened",
    "wave 30: biome market owner=host leave",
    "wave 30: drained 1 milestone reward continuation(s)",
    "wave 30: guest chose Crossroads Leave through public UI",
    "wave 30: guest drove World Map via public UI=true and both consumed 1833115705684281:1:BIOME_PICK:9700035",
    "wave 31 turn 1: replay guest crossed cmd:31:1 through real public COMMAND=opened",
    "wave 31: BIOME 3->5",
    "wave 31: host slot move=53 guest slot move=85",
    "wave 31 turn 1: progress enemyHp=[216:0/57,23:0/55] playerHp=[890:2065/2065,384:1715/1715]",
    "wave 31: reward shop owner=host leave",
    "wave 32 turn 1: replay guest crossed cmd:32:1 through real public COMMAND=opened",
    "wave 32: host slot move=53 guest slot move=34",
    "wave 32 turn 1: progress enemyHp=[978:0/66,163:0/57] playerHp=[890:2065/2065,384:1715/1715]",
    "wave 32: reward shop owner=guest take-nonparty",
    "wave 33 turn 1: replay guest crossed cmd:33:1 through real public COMMAND=opened",
    "wave 33: host slot move=85 guest slot move=247",
    "wave 33 turn 1: progress enemyHp=[918:0/69,12:0/63] playerHp=[890:2065/2065,384:1715/1715]",
    "wave 33: reward shop owner=host leave",
    "wave 34 turn 1: replay guest crossed cmd:34:1 through real public COMMAND=opened",
    "wave 34: host slot move=34 guest slot move=53",
    "wave 34 turn 1: progress enemyHp=[274:0/72,412:0/58] playerHp=[890:2065/2065,384:1715/1715]",
    "wave 34: reward shop owner=guest take-nonparty",
    "wave 35 turn 1: replay guest crossed cmd:35:1 through real public COMMAND=opened",
    "wave 35: TRAINER (fixed)",
    "wave 35: host slot move=247 guest slot move=85",
    "wave 35 turn 1: progress enemyHp=[72:0/60,846:0/61] playerHp=[890:2065/2065,384:1715/1715]",
    "wave 35: reward shop owner=host leave",
    "wave 35: guest chose Crossroads Leave through public UI",
    "wave 35: guest drove World Map via public UI=true and both consumed 1833115705684281:1:BIOME_PICK:9700041",
    "wave 36 turn 1: replay guest crossed cmd:36:1 through real public COMMAND=opened",
    "wave 36: host slot move=53 guest slot move=34",
    "wave 36 turn 1: progress enemyHp=[274:0/72,543:0/50] playerHp=[890:2065/2065,384:1715/1715]",
    "wave 36: reward shop owner=host take-nonparty",
    "wave 37 turn 1: replay guest crossed cmd:37:1 through real public COMMAND=opened",
    "wave 37: host slot move=85 guest slot move=247",
    "wave 37 turn 1: progress enemyHp=[168:0/72,285:0/67] playerHp=[890:2065/2065,384:1713/1715]",
    "wave 37: reward shop owner=guest leave",
    "wave 38 turn 1: replay guest crossed cmd:38:1 through real public COMMAND=opened",
    "wave 38: host slot move=34 guest slot move=53",
    "wave 38 turn 1: progress enemyHp=[919:0/55,168:0/77] playerHp=[890:2065/2065,384:1713/1715]",
    "wave 38: reward shop owner=host take-nonparty",
    "wave 39 turn 1: replay guest crossed cmd:39:1 through real public COMMAND=opened",
    "wave 39: host slot move=247 guest slot move=85",
    "wave 39 turn 1: progress enemyHp=[918:0/90,269:0/79] playerHp=[890:2065/2065,384:1713/1715]",
    "wave 39: reward shop owner=guest take-nonparty",
    "wave 40 turn 1: replay guest crossed cmd:40:1 through real public COMMAND=opened",
    "wave 40: host slot move=53 guest slot move=34",
    "wave 40 turn 1: progress enemyHp=[214:0/97,920:0/94] playerHp=[890:2032/2065,384:1713/1715]",
    "wave 40: biome market owner=host leave",
    "wave 40: drained 1 milestone reward continuation(s)",
    "wave 40: guest chose Crossroads Leave through public UI",
    "wave 40: guest drove World Map via public UI=true and both consumed 1833115705684281:1:BIOME_PICK:9700047",
    "wave 41 turn 1: replay guest crossed cmd:41:1 through real public COMMAND=opened",
    "wave 41: BIOME 5->27",
    "wave 41 turn 1: host SWITCH -> party[2]",
    "wave 41: host slot move=85 guest slot move=247",
    "wave 41 turn 1: progress enemyHp=[496:84/84,590:0/88] playerHp=[493:1865/1865,384:1715/1715]",
    "wave 41 turn 2: replay guest crossed cmd:41:2 through real public COMMAND=opened",
    "wave 41: reward shop owner=host leave",
    "wave 42 turn 1: replay guest crossed cmd:42:1 through real public COMMAND=opened",
    "wave 42: host slot move=247 guest slot move=53",
    "wave 42 turn 1: progress enemyHp=[523:0/94,732:0/79] playerHp=[493:1865/1865,384:1715/1715]",
    "wave 42: reward shop owner=guest leave",
    "wave 43 turn 1: replay guest crossed cmd:43:1 through real public COMMAND=opened",
    "wave 43: host slot move=85 guest slot move=247",
    "wave 43 turn 1: progress enemyHp=[190:0/82,523:0/106] playerHp=[493:1865/1865,384:1715/1715]",
    "wave 43: reward shop owner=host leave",
    "wave 44 turn 1: replay guest crossed cmd:44:1 through real public COMMAND=opened",
    "wave 44: host slot move=53 guest slot move=34",
    "wave 44 turn 1: progress enemyHp=[674:0/86,513:0/83] playerHp=[493:1865/1865,384:1715/1715]",
    "wave 44: reward shop owner=guest leave",
    "wave 45 turn 1: replay guest crossed cmd:45:1 through real public COMMAND=opened",
    "wave 45: host slot move=85 guest slot move=34",
    "wave 45 turn 1: guest SWITCH -> party[3]",
    "wave 45 turn 1: progress enemyHp=[193:0/93,733:103/103] playerHp=[493:1865/1865,150:1725/1725]",
    "wave 45 turn 2: replay guest crossed cmd:45:2 through real public COMMAND=opened",
    "wave 45: reward shop owner=host leave",
    "wave 45: drained 1 milestone reward continuation(s)",
    "wave 45: guest chose Crossroads Leave through public UI",
    "wave 45: guest drove World Map via public UI=true and both consumed 1833115705684281:1:BIOME_PICK:9700053",
    "wave 46 turn 1: replay guest crossed cmd:46:1 through real public COMMAND=opened",
    "wave 46: host slot move=34 guest slot move=53",
    "wave 46 turn 1: progress enemyHp=[754:0/106,4077:86/86] playerHp=[493:1865/1865,150:1725/1725]",
    "wave 46 turn 2: replay guest crossed cmd:46:2 through real public COMMAND=opened",
    "wave 46: reward shop owner=host leave",
    "wave 46: drained 1 milestone reward continuation(s)",
    "wave 47 turn 1: replay guest crossed cmd:47:1 through real public COMMAND=opened",
    "wave 47: host slot move=247 guest slot move=85",
    "wave 47 turn 1: progress enemyHp=[193:0/98,336:0/93] playerHp=[493:1865/1865,150:1725/1725]",
    "wave 47: reward shop owner=guest leave",
    "wave 47: drained 1 milestone reward continuation(s)",
    "wave 48 turn 1: replay guest crossed cmd:48:1 through real public COMMAND=opened",
    "wave 48: host slot move=85 guest slot move=53",
    "wave 48 turn 1: guest SWITCH -> party[3]",
    "wave 48 turn 1: progress enemyHp=[190:0/95,523:112/112] playerHp=[493:1865/1865,384:1713/1715]",
    "wave 48 turn 2: replay guest crossed cmd:48:2 through real public COMMAND=opened",
    "wave 48: reward shop owner=host leave",
    "wave 49 turn 1: replay guest crossed cmd:49:1 through real public COMMAND=opened",
    "wave 49: host slot move=34 guest slot move=247",
    "wave 49 turn 1: progress enemyHp=[733:0/114,421:0/102] playerHp=[493:1865/1865,384:1713/1715]",
    "wave 49: reward shop owner=guest leave",
    "wave 50 turn 1: replay guest crossed cmd:50:1 through real public COMMAND=opened",
    "wave 50: TRAINER (random)",
    "wave 50: host slot move=34 guest slot move=53",
    "wave 50 turn 1: progress enemyHp=[70045:0/136,10774:0/107] playerHp=[493:1865/1865,384:1713/1715]",
    "wave 50 turn 2: replay guest crossed cmd:50:2 through real public COMMAND=opened",
    "wave 50: biome market owner=host leave",
    "wave 50: drained 1 milestone reward continuation(s)",
    "wave 50: guest chose Crossroads Leave through public UI",
    "wave 50: guest drove World Map via public UI=true and both consumed 1833115705684281:1:BIOME_PICK:9700059",
    "wave 51 turn 1: replay guest crossed cmd:51:1 through real public COMMAND=opened",
    "wave 51: BIOME 27->29",
    "wave 51 turn 1: host SWITCH -> party[2]",
    "wave 51: host slot move=53 guest slot move=85",
    "wave 51 turn 1: progress enemyHp=[622:94/94,177:0/83] playerHp=[890:2065/2065,384:1715/1715]",
    "wave 51 turn 2: replay guest crossed cmd:51:2 through real public COMMAND=opened",
    "wave 51: reward shop owner=host take-nonparty",
    "wave 52 turn 1: replay guest crossed cmd:52:1 through real public COMMAND=opened",
    "wave 52: host slot move=53 guest slot move=247",
    "wave 52 turn 1: progress enemyHp=[679:0/87,563:0/99] playerHp=[890:2037/2065,384:1715/1715]",
    "wave 52: reward shop owner=guest leave",
    "wave 53 turn 1: replay guest crossed cmd:53:1 through real public COMMAND=opened",
    "wave 53: host slot move=85 guest slot move=85",
    "wave 53 turn 1: progress enemyHp=[355:0/66,608:0/95] playerHp=[890:2016/2065,384:1715/1715]",
    "wave 53: reward shop owner=host take-nonparty",
    "wave 54 turn 1: replay guest crossed cmd:54:1 through real public COMMAND=opened",
    "wave 54: host slot move=247 guest slot move=53",
    "wave 54 turn 1: progress enemyHp=[999:96/96,999:0/106] playerHp=[890:2065/2065,384:1711/1715]",
    "wave 54 turn 2: replay guest crossed cmd:54:2 through real public COMMAND=opened",
    "wave 54 turn 2: host SWITCH -> party[2]",
    "wave 54 turn 2: guest SWITCH -> party[3]",
    "wave 54 turn 3: replay guest crossed cmd:54:3 through real public COMMAND=opened",
    "wave 54: reward shop owner=guest leave",
    "wave 54: drained 1 milestone reward continuation(s)",
    "wave 55 turn 1: replay guest crossed cmd:55:1 through real public COMMAND=opened",
    "wave 55: TRAINER (fixed)",
    "wave 55: host slot move=247 guest slot move=34",
    "wave 55 turn 1: progress enemyHp=[815:0/129,398:0/124] playerHp=[493:1865/1865,150:1718/1725]",
    "wave 55 turn 2: replay guest crossed cmd:55:2 through real public COMMAND=opened",
    "wave 55 turn 2: host SWITCH -> party[2]",
    "wave 55 turn 2: guest SWITCH -> party[3]",
    "wave 55 turn 3: replay guest crossed cmd:55:3 through real public COMMAND=opened",
    "wave 55 turn 3: host SWITCH -> party[2]",
    "wave 55 turn 4: replay guest crossed cmd:55:4 through real public COMMAND=opened",
    "wave 55 turn 4: guest SWITCH -> party[3]",
    "wave 55: reward shop owner=host take-nonparty",
    "wave 55: guest chose Crossroads Leave through public UI",
    "wave 55: guest drove World Map via public UI=true and both consumed 1833115705684281:1:BIOME_PICK:9700065",
    "wave 56 turn 1: replay guest crossed cmd:56:1 through real public COMMAND=opened",
    "wave 56: host slot move=53 guest slot move=53",
    "wave 56 turn 1: guest SWITCH -> party[3]",
    "wave 56 turn 1: progress enemyHp=[93:0/96,451:105/105] playerHp=[493:1860/1865,384:1715/1715]",
    "wave 56 turn 2: replay guest crossed cmd:56:2 through real public COMMAND=opened",
    "wave 56 turn 2: host SWITCH -> party[2]",
    "wave 56: reward shop owner=host leave",
    "wave 57 turn 1: replay guest crossed cmd:57:1 through real public COMMAND=opened",
    "wave 57: host slot move=53 guest slot move=247",
    "wave 57 turn 1: progress enemyHp=[622:0/109,177:0/85] playerHp=[890:2065/2065,384:1715/1715]",
    "wave 57: reward shop owner=guest leave",
    "wave 58 turn 1: replay guest crossed cmd:58:1 through real public COMMAND=opened",
    "wave 58 turn 1: host SWITCH -> party[2]",
    "wave 58: host slot move=85 guest slot move=85",
    "wave 58 turn 1: guest SWITCH -> party[3]",
    "wave 58 turn 1: progress enemyHp=[2105:116/116,563:116/116] playerHp=[493:1865/1865,150:1725/1725]",
    "wave 58 turn 2: replay guest crossed cmd:58:2 through real public COMMAND=opened",
    "wave 58: reward shop owner=host take-nonparty",
    "wave 59 turn 1: replay guest crossed cmd:59:1 through real public COMMAND=opened",
    "wave 59: host slot move=247 guest slot move=53",
    "wave 59 turn 1: progress enemyHp=[358:0/118,679:0/89] playerHp=[493:1865/1865,150:1725/1725]",
    "wave 59: reward shop owner=guest leave",
    "wave 60 turn 1: replay guest crossed cmd:60:1 through real public COMMAND=opened",
    "wave 60: host slot move=247 guest slot move=85",
    "wave 60 turn 1: progress enemyHp=[623:0/158,680:0/114] playerHp=[493:1865/1865,150:1725/1725]",
    "wave 60: biome market owner=host leave",
    "wave 60: drained 1 milestone reward continuation(s)",
    "wave 60: guest chose Crossroads Leave through public UI",
    "wave 60: guest drove World Map via public UI=true and both consumed 1833115705684281:1:BIOME_PICK:9700071",
    "wave 61 turn 1: replay guest crossed cmd:61:1 through real public COMMAND=opened",
    "wave 61: BIOME 29->14",
    "wave 61: host slot move=34 guest slot move=53",
    "wave 61 turn 1: guest SWITCH -> party[3]",
    "wave 61 turn 1: progress enemyHp=[330:0/129,85:134/134] playerHp=[493:1749/1865,384:1598/1715]",
    "wave 61 turn 2: replay guest crossed cmd:61:2 through real public COMMAND=opened",
    "wave 61: reward shop owner=host leave",
    "wave 61: drained 1 milestone reward continuation(s)",
    "wave 62 turn 1: replay guest crossed cmd:62:1 through real public COMMAND=opened",
    "wave 62: TRAINER (fixed)",
    "wave 62: host slot move=34 guest slot move=53",
    "wave 62 turn 1: progress enemyHp=[279:0/117,262:0/126] playerHp=[493:1633/1865,384:1491/1715]",
    "wave 62 turn 2: replay guest crossed cmd:62:2 through real public COMMAND=opened",
    "wave 62: reward shop owner=guest leave",
    "wave 63 turn 1: replay guest crossed cmd:63:1 through real public COMMAND=opened",
    "wave 63: host slot move=247 guest slot move=34",
    "wave 63 turn 1: progress enemyHp=[556:0/130,844:0/125] playerHp=[493:1517/1865,384:1384/1715]",
    "wave 63: reward shop owner=host leave",
    "wave 63: drained 1 milestone reward continuation(s)",
    "wave 64 turn 1: replay guest crossed cmd:64:1 through real public COMMAND=opened",
    "wave 64: TRAINER (fixed)",
    "wave 64: host slot move=53 guest slot move=34",
    "wave 64 turn 1: progress enemyHp=[73:0/140,279:0/122] playerHp=[493:1517/1865,384:1384/1715]",
    "wave 64 turn 2: replay guest crossed cmd:64:2 through real public COMMAND=opened",
    "wave 64: reward shop owner=guest take-nonparty",
    "wave 64: host drove World Map via public UI=true and both consumed 1833115705684281:0:BIOME_PICK:9700076",
    "wave 65 turn 1: replay guest crossed cmd:65:1 through real public COMMAND=opened",
    "wave 65: host slot move=53 guest slot move=53",
    "wave 65 turn 1: progress enemyHp=[695:0/117,695:0/114] playerHp=[493:1401/1865,384:1277/1715]",
    "wave 65: reward shop owner=guest leave",
    "wave 66 turn 1: replay guest crossed cmd:66:1 through real public COMMAND=opened",
    "wave 66: TRAINER (fixed)",
    "wave 66: host slot move=34 guest slot move=53",
    "wave 66 turn 1: progress enemyHp=[853:0/146,369:0/165] playerHp=[493:1285/1865,384:1170/1715]",
    "wave 66 turn 2: replay guest crossed cmd:66:2 through real public COMMAND=opened",
    "wave 66 turn 2: host SWITCH -> party[2]",
    "wave 66 turn 3: replay guest crossed cmd:66:3 through real public COMMAND=opened",
    "wave 66 turn 4: replay guest crossed cmd:66:4 through real public COMMAND=opened",
    "wave 66: reward shop owner=host leave",
    "wave 67 turn 1: replay guest crossed cmd:67:1 through real public COMMAND=opened",
    "wave 67: host slot move=247 guest slot move=85",
    "wave 67 turn 1: guest SWITCH -> party[3]",
    "wave 67 turn 1: progress enemyHp=[947:0/122,874:164/164] playerHp=[890:1911/2065,150:1618/1725]",
    "wave 67 turn 2: replay guest crossed cmd:67:2 through real public COMMAND=opened",
    "wave 67: reward shop owner=guest leave",
    "wave 67: drained 1 milestone reward continuation(s)",
    "wave 68 turn 1: replay guest crossed cmd:68:1 through real public COMMAND=opened",
    "wave 68: host slot move=53 guest slot move=34",
    "wave 68 turn 1: progress enemyHp=[984:0/186,85:0/156] playerHp=[890:1796/2065,150:1404/1725]",
    "wave 68: reward shop owner=host leave",
    "wave 68: drained 1 milestone reward continuation(s)",
    "wave 69 turn 1: replay guest crossed cmd:69:1 through real public COMMAND=opened",
    "wave 69: host slot move=247 guest slot move=53",
    "wave 69 turn 1: progress enemyHp=[968:0/142,450:0/176] playerHp=[890:1750/2065,150:1297/1725]",
    "wave 69: reward shop owner=guest take-nonparty",
    "wave 69: host chose Crossroads Leave through public UI",
    "wave 69: host drove World Map via public UI=true and both consumed 1833115705684281:0:BIOME_PICK:9700082",
    "wave 70 turn 1: replay guest crossed cmd:70:1 through real public COMMAND=opened",
    "wave 70: BIOME 14->22",
    "wave 70 turn 1: host SWITCH -> party[2]",
    "wave 70: host slot move=34 guest slot move=53",
    "wave 70 turn 1: progress enemyHp=[959:166/166,97:0/186] playerHp=[493:1865/1865,150:1281/1725]",
    "wave 70 turn 2: replay guest crossed cmd:70:2 through real public COMMAND=opened",
    "wave 70: biome market owner=guest leave",
    "wave 70: drained 1 milestone reward continuation(s)",
    "wave 71 turn 1: replay guest crossed cmd:71:1 through real public COMMAND=opened",
    "wave 71: host slot move=247 guest slot move=85",
    "wave 71 turn 1: progress enemyHp=[576:0/146,561:0/136] playerHp=[493:1865/1865,150:1725/1725]",
    "wave 71: reward shop owner=host leave",
    "wave 71: drained 1 milestone reward continuation(s)",
    "wave 72 turn 1: replay guest crossed cmd:72:1 through real public COMMAND=opened",
    "wave 72: host slot move=53 guest slot move=34",
    "wave 72 turn 1: progress enemyHp=[606:0/144,178:0/148] playerHp=[493:1399/1865,150:1725/1725]",
    "wave 72: reward shop owner=guest leave",
    "wave 72: drained 1 milestone reward continuation(s)",
    "wave 73 turn 1: replay guest crossed cmd:73:1 through real public COMMAND=opened",
    "wave 73: host slot move=85 guest slot move=247",
    "wave 73 turn 1: guest SWITCH -> party[3]",
    "wave 73 turn 1: progress enemyHp=[65:0/137,97:180/180] playerHp=[493:1399/1865,384:1715/1715]",
    "wave 73 turn 2: replay guest crossed cmd:73:2 through real public COMMAND=opened",
    "wave 73: reward shop owner=host leave",
    "wave 74 turn 1: replay guest crossed cmd:74:1 through real public COMMAND=opened",
    "wave 74: host slot move=34 guest slot move=53",
    "wave 74 turn 1: progress enemyHp=[959:0/160,606:0/150] playerHp=[493:933/1865,384:1715/1715]",
    "wave 74: reward shop owner=guest leave",
    "wave 74: host chose Crossroads Leave through public UI",
    "wave 74: host drove World Map via public UI=true and both consumed 1833115705684281:0:BIOME_PICK:9700088",
    "wave 75 turn 1: replay guest crossed cmd:75:1 through real public COMMAND=opened",
    "wave 75: BIOME 22->11",
    "wave 75: host slot move=247 guest slot move=85",
    "wave 75 turn 1: progress enemyHp=[112:0/173,18:0/161] playerHp=[493:933/1865,384:1715/1715]",
    "wave 75: reward shop owner=guest leave",
    "wave 76 turn 1: replay guest crossed cmd:76:1 through real public COMMAND=opened",
    "wave 76: host slot move=34 guest slot move=34",
    "wave 76 turn 1: progress enemyHp=[112:0/187,18:0/170] playerHp=[493:700/1865,384:1715/1715]",
    "wave 76: reward shop owner=host leave",
    "wave 77 turn 1: replay guest crossed cmd:77:1 through real public COMMAND=opened",
    "wave 77 turn 1: host SWITCH -> party[2]",
    "wave 77: host slot move=85 guest slot move=85",
    "wave 77 turn 1: progress enemyHp=[630:196/196,219:0/132] playerHp=[890:2065/2065,384:1715/1715]",
    "wave 77 turn 2: replay guest crossed cmd:77:2 through real public COMMAND=opened",
    "wave 77: reward shop owner=guest take-nonparty",
    "wave 78 turn 1: replay guest crossed cmd:78:1 through real public COMMAND=opened",
    "wave 78 turn 1: host SWITCH -> party[2]",
    "wave 78: host slot move=34 guest slot move=53",
    "wave 78 turn 1: progress enemyHp=[409:182/182,673:0/209] playerHp=[493:1865/1865,384:1708/1715]",
    "wave 78 turn 2: replay guest crossed cmd:78:2 through real public COMMAND=opened",
    "wave 78: reward shop owner=host leave",
    "wave 79 turn 1: replay guest crossed cmd:79:1 through real public COMMAND=opened",
    "wave 79: host slot move=53 guest slot move=85",
    "wave 79 turn 1: progress enemyHp=[18:0/179,673:0/228] playerHp=[493:1865/1865,384:1708/1715]",
    "wave 79: reward shop owner=guest leave",
    "wave 79: host chose Crossroads Leave through public UI",
    "wave 79: host drove World Map via public UI=true and both consumed 1833115705684281:0:BIOME_PICK:9700094",
    "wave 80 turn 1: replay guest crossed cmd:80:1 through real public COMMAND=opened",
    "wave 80: BIOME 11->18",
    "wave 80: TRAINER (random)",
    "wave 80 turn 1: host SWITCH -> party[2]",
    "wave 80: host slot move=34 guest slot move=34",
    "wave 80 turn 1: progress enemyHp=[70014:213/213,70046:0/184] playerHp=[890:2065/2065,384:1700/1715]",
    "wave 80 turn 2: replay guest crossed cmd:80:2 through real public COMMAND=opened",
    "wave 80 turn 2: guest SWITCH -> party[3]",
    "wave 80 turn 3: replay guest crossed cmd:80:3 through real public COMMAND=opened",
    "wave 80: biome market owner=guest leave",
    "wave 80: drained 1 milestone reward continuation(s)",
    "wave 81 turn 1: replay guest crossed cmd:81:1 through real public COMMAND=opened",
    "wave 81: host slot move=85 guest slot move=247",
    "wave 81 turn 1: progress enemyHp=[6:0/180,325:0/145] playerHp=[890:2065/2065,150:1725/1725]",
    "wave 81: reward shop owner=host leave",
    "wave 82 turn 1: replay guest crossed cmd:82:1 through real public COMMAND=opened",
    "wave 82: host slot move=53 guest slot move=53",
    "wave 82 turn 1: progress enemyHp=[323:0/177,59:0/187] playerHp=[890:2065/2065,150:1725/1725]",
    "wave 82: reward shop owner=guest leave",
    "wave 82: drained 1 milestone reward continuation(s)",
    "wave 83 turn 1: replay guest crossed cmd:83:1 through real public COMMAND=opened",
    "wave 83: host slot move=247 guest slot move=247",
    "wave 83 turn 1: progress enemyHp=[323:0/193,78:0/181] playerHp=[890:2065/2065,150:1725/1725]",
    "wave 83: reward shop owner=host leave",
    "wave 84 turn 1: replay guest crossed cmd:84:1 through real public COMMAND=opened",
    "wave 84: host slot move=34 guest slot move=85",
    "wave 84 turn 1: progress enemyHp=[815:0/190,721:0/187] playerHp=[890:2065/2065,150:1725/1725]",
    "wave 84: reward shop owner=guest leave",
    "wave 84: drained 1 milestone reward continuation(s)",
    "wave 84: host chose Crossroads Leave through public UI",
    "wave 84: host drove World Map via public UI=true and both consumed 1833115705684281:0:BIOME_PICK:9700100",
    "wave 85 turn 1: replay guest crossed cmd:85:1 through real public COMMAND=opened",
    "wave 85: BIOME 18->8",
    "wave 85: host slot move=53 guest slot move=247",
    "wave 85 turn 1: progress enemyHp=[769:0/159,960:103/103] playerHp=[890:2065/2065,150:1725/1725]",
    "wave 85 turn 2: replay guest crossed cmd:85:2 through real public COMMAND=opened",
    "wave 85 turn 2: guest SWITCH -> party[3]",
    "wave 85: reward shop owner=guest leave",
    "wave 86 turn 1: replay guest crossed cmd:86:1 through real public COMMAND=opened",
    "wave 86: host slot move=34 guest slot move=53",
    "wave 86 turn 1: progress enemyHp=[748:175/175,414:0/166] playerHp=[890:2065/2065,384:1715/1715]",
    "wave 86 turn 2: replay guest crossed cmd:86:2 through real public COMMAND=opened",
    "wave 86 turn 2: host SWITCH -> party[2]",
    "wave 86: reward shop owner=host leave",
    "wave 87 turn 1: replay guest crossed cmd:87:1 through real public COMMAND=opened",
    "wave 87: host slot move=247 guest slot move=85",
    "wave 87 turn 1: progress enemyHp=[91:1/155,748:181/181] playerHp=[493:1865/1865,384:1711/1715]",
    "wave 87 turn 2: replay guest crossed cmd:87:2 through real public COMMAND=opened",
    "wave 87: reward shop owner=guest take-nonparty",
    "wave 88 turn 1: replay guest crossed cmd:88:1 through real public COMMAND=opened",
    "wave 88: TRAINER (random)",
    "wave 88: host slot move=53 guest slot move=34",
    "wave 88 turn 1: progress enemyHp=[224:0/175,70001:0/217] playerHp=[493:1865/1865,384:1711/1715]",
    "wave 88 turn 2: replay guest crossed cmd:88:2 through real public COMMAND=opened",
    "wave 88: reward shop owner=host take-nonparty",
    "wave 89 turn 1: replay guest crossed cmd:89:1 through real public COMMAND=opened",
    "wave 89: host slot move=85 guest slot move=247",
    "wave 89 turn 1: progress enemyHp=[978:0/183,91:157/157] playerHp=[493:1865/1865,384:1711/1715]",
    "wave 89 turn 2: replay guest crossed cmd:89:2 through real public COMMAND=opened",
    "wave 89: reward shop owner=guest take-nonparty",
    "wave 89: host chose Crossroads Leave through public UI",
    "wave 89: host drove World Map via public UI=true and both consumed 1833115705684281:0:BIOME_PICK:9700106",
    "wave 90 turn 1: replay guest crossed cmd:90:1 through real public COMMAND=opened",
    "wave 90: BIOME 8->6",
    "wave 90: host slot move=53 guest slot move=53",
    "wave 90 turn 1: progress enemyHp=[941:0/186,230:108/215] playerHp=[493:1865/1865,384:1680/1715]",
    "wave 90 turn 2: replay guest crossed cmd:90:2 through real public COMMAND=opened",
    "wave 90: biome market owner=guest leave",
    "wave 90: drained 1 milestone reward continuation(s)",
    "wave 91 turn 1: replay guest crossed cmd:91:1 through real public COMMAND=opened",
    "wave 91: host slot move=247 guest slot move=85",
    "wave 91 turn 1: progress enemyHp=[845:0/192,279:0/183] playerHp=[493:1865/1865,384:1715/1715]",
    "wave 91: reward shop owner=host take-nonparty",
    "wave 92 turn 1: replay guest crossed cmd:92:1 through real public COMMAND=opened",
    "wave 92: host slot move=53 guest slot move=34",
    "wave 92 turn 1: progress enemyHp=[199:0/215,321:0/325] playerHp=[493:1865/1865,384:1715/1715]",
    "wave 92: reward shop owner=guest take-nonparty",
    "wave 93 turn 1: replay guest crossed cmd:93:1 through real public COMMAND=opened",
    "wave 93: host slot move=85 guest slot move=247",
    "wave 93 turn 1: progress enemyHp=[279:0/173,321:0/316] playerHp=[493:1865/1865,384:1715/1715]",
    "wave 93: reward shop owner=host leave",
    "wave 94 turn 1: replay guest crossed cmd:94:1 through real public COMMAND=opened",
    "wave 94 turn 1: host SWITCH -> party[2]",
    "wave 94: host slot move=34 guest slot move=53",
    "wave 94 turn 1: progress enemyHp=[186:234/234,131:0/264] playerHp=[890:2065/2065,384:1708/1715]",
    "wave 94 turn 2: replay guest crossed cmd:94:2 through real public COMMAND=opened",
    "wave 94: reward shop owner=guest leave",
    "wave 95 turn 1: replay guest crossed cmd:95:1 through real public COMMAND=opened",
    "wave 95: TRAINER (fixed)",
    "wave 95: host slot move=247 guest slot move=34",
    "wave 95 turn 1: progress enemyHp=[815:0/231,398:0/229] playerHp=[890:2065/2065,384:1708/1715]",
    "wave 95 turn 2: replay guest crossed cmd:95:2 through real public COMMAND=opened",
    "wave 95 turn 2: host SWITCH -> party[2]",
    "wave 95 turn 3: replay guest crossed cmd:95:3 through real public COMMAND=opened",
    "wave 95: reward shop owner=host leave",
    "wave 96 turn 1: replay guest crossed cmd:96:1 through real public COMMAND=opened",
    "wave 96: host slot move=53 guest slot move=34",
    "wave 96 turn 1: progress enemyHp=[62:0/227,321:0/334] playerHp=[493:1865/1865,384:1618/1715]",
    "wave 96: reward shop owner=guest take-nonparty",
    "wave 97 turn 1: replay guest crossed cmd:97:1 through real public COMMAND=opened",
    "wave 97: host slot move=85 guest slot move=247",
    "wave 97 turn 1: progress enemyHp=[845:0/201,321:0/307] playerHp=[493:1865/1865,384:1618/1715]",
    "wave 97: reward shop owner=host take-nonparty",
    "wave 98 turn 1: replay guest crossed cmd:98:1 through real public COMMAND=opened",
    "wave 98: host slot move=34 guest slot move=53",
    "wave 98 turn 1: progress enemyHp=[121:0/183,963:0/210] playerHp=[493:1865/1865,384:1618/1715]",
    "wave 98: reward shop owner=guest leave",
    "wave 99 turn 1: replay guest crossed cmd:99:1 through real public COMMAND=opened",
    "wave 99 turn 1: host SWITCH -> party[2]",
    "wave 99: host slot move=247 guest slot move=34",
    "wave 99 turn 1: progress enemyHp=[321:312/312,941:0/196] playerHp=[890:2065/2065,384:1618/1715]",
    "wave 99 turn 2: replay guest crossed cmd:99:2 through real public COMMAND=opened",
    "wave 99: reward shop owner=host take-nonparty",
    "wave 99: guest chose Crossroads Leave through public UI",
    "wave 99: guest drove World Map via public UI=true and both consumed 1833115705684281:1:BIOME_PICK:9700117",
    "wave 100 turn 1: replay guest crossed cmd:100:1 through real public COMMAND=opened",
    "wave 100: BIOME 6->10",
    "wave 100: host slot move=85 guest slot move=34",
    "wave 100 turn 1: progress enemyHp=[593:0/280,224:0/220] playerHp=[890:1973/2065,384:1618/1715]"
  ]
}