----- BUG REPORT (in-game) -----
version:  1.11.19
build:    github:69c32b4bcac346704166fc9e0fd0c05c836352a0:run-30096000311.1
url:      https://elite-redux.pages.dev/
ua:       Mozilla/5.0 (Windows NT 10.0; Win64; x64) AppleWebKit/537.36 (KHTML, like Gecko) Chrome/150.0.0.0 Safari/537.36 Edg/150.0.0.0
platform: Win32
screen:   1920x1080 @1x  devmem:8 GB
boot:     boot-start@0ms -> loading-complete@20249ms -> title-shown@25251ms
lastSess: ok (reached title)
mode:     4  wave:152  difficulty:youngster
seed:     8vzPB3bwUjUCfSiwb226qRcZ
party:    Keldeo(L143 584/584), Pentadug Alolan(L138 439/439), Hariyama(L136 537/537), Bulbasaur(L118 268/268), Talonflame(L118 342/342)

----- DESCRIPTION -----
Game completely stops after picking an item from shop, shattering my hopes and dreams

----- BUILD IDENTITY (JSON) -----
{"version":1,"id":"github:69c32b4bcac346704166fc9e0fd0c05c836352a0:run-30096000311.1","source":"github","sha":"69c32b4bcac346704166fc9e0fd0c05c836352a0","workflow":{"provider":"github-actions","runId":"30096000311","runAttempt":1,"workflow":"Deploy Production","job":"deploy","repository":"Heraklines/elite-redux","ref":"feat/elite-redux-port"},"deployment":null}

----- CONSOLE -----
[01:36:12.412] LOG: %c %c %c %c %c Phaser v3.90.0 (WebGL | Web Audio) %c https://phaser.io/v390 background: #ff0000 background: #ffff00 background: #00ff00 background: #00ffff color: #ffffff; background: #000000 background: transparent
[01:36:13.240] LOG: [ER] build {"version":1,"id":"github:69c32b4bcac346704166fc9e0fd0c05c836352a0:run-30096000311.1","source":"github","sha":"69c32b4bcac346704166fc9e0fd0c05c836352a0","workflow":{"provider":"github-actions","runId":"30096000311","runAttempt":1,"workflow":"Deploy Production","job":"deploy","repository":"Heraklines/elite-redux","ref":"feat/elite-redux-port"},"deployment":null}
[01:36:30.860] DEBUG: Destroying loading scene
[01:36:30.860] DEBUG: Destroyed loading scene
[01:36:31.067] LOG: Seed: gKKDABRSRm0EJbNv81YuG7zD
[01:36:31.067] LOG: Wave Seed: gKKDABRSRm0EJbNv81YuG7zD 0
[01:36:34.345] LOG: %cStart Phase LoginPhase color:green;
[01:36:34.712] LOG: Client Session: E9LKkmJPnjLpk20ITvJGj8rDJhxBYIIE
[01:36:35.691] DEBUG: Using cached system data
[01:36:35.844] LOG: %cStart Phase TitlePhase color:green;
[01:36:35.845] LOG: Getting Session Slot id: %d 0
[01:36:35.866] LOG: use seasonal splash messages true
[01:36:39.867] LOG: Getting Session Slot id: %d 0
[01:36:40.660] LOG: Wave Seed: 8vzPB3bwUjUCfSiwb226qRcZ 0
[01:36:40.660] LOG: Seed: 8vzPB3bwUjUCfSiwb226qRcZ
[01:36:40.663] LOG: Wave Seed: ÐĎĒèÚËúďíĂíÛþëāďúÊÊÎĉêûò 152
[01:36:40.671] LOG: Applied Zinc 
[01:36:40.672] LOG: Applied Calcium 
[01:36:40.672] LOG: Applied Iron 
[01:36:40.672] LOG: Applied Carbos 
[01:36:40.672] LOG: Applied HP Up 
[01:36:40.675] LOG: Applied HP Up 
[01:36:40.679] LOG: Applied Zinc 
[01:36:40.679] LOG: Applied Calcium 
[01:36:40.679] LOG: Applied Iron 
[01:36:40.679] LOG: Applied Carbos 
[01:36:40.680] LOG: Applied HP Up 
[01:36:40.681] LOG: Applied HP Up 
[01:36:40.684] LOG: Applied Zinc 
[01:36:40.684] LOG: Applied Calcium 
[01:36:40.684] LOG: Applied Iron 
[01:36:40.684] LOG: Applied Carbos 
[01:36:40.684] LOG: Applied HP Up 
[01:36:40.686] LOG: Applied HP Up 
[01:36:40.751] LOG: %cStart Phase EncounterPhase color:green;
[01:36:40.758] LOG: Pokemon: Wild Corviknight | Species ID: 823 | Level: 114 | Nature: Naive (+Spd/-SpDef)
[01:36:40.758] LOG: Stats (IVs): HP: 371 (21), Atk: 144 (16), Def: 211 (11), Spatk: 219 (14), Spdef: 227 (8), Spd: 173 (0)
[01:36:40.758] LOG: Ability: Impenetrable | Passive Ability: Pressure 
[01:36:40.758] LOG: Moveset: ["Sky Attack","Gust","Swagger","Focus Energy"]
[01:36:41.758] LOG: Wave Seed: ÐĎĒèÚËúďíĂíÛþëāďúÊÊÎĉêûò 152
[01:36:42.363] LOG: %cStart Phase SummonPhase color:green;
[01:36:42.574] LOG: Applied Zinc 
[01:36:42.574] LOG: Applied Calcium 
[01:36:42.574] LOG: Applied Iron 
[01:36:42.574] LOG: Applied Carbos 
[01:36:42.574] LOG: Applied HP Up 
[01:36:42.576] LOG: Applied HP Up 
[01:36:42.748] LOG: %cStart Phase InitEncounterPhase color:green;
[01:36:42.749] LOG: %cStart Phase PostSummonPhase color:green;
[01:36:42.749] LOG: Ran PSP for: Corviknight
[01:36:42.751] LOG: %cStart Phase PostSummonPhase color:green;
[01:36:42.753] LOG: %cStart Phase ShowAbilityPhase color:green;
[01:36:42.974] LOG: %cStart Phase MessagePhase color:green;
[01:36:43.322] LOG: %cStart Phase HideAbilityPhase color:green;
[01:36:43.353] LOG: %cStart Phase ShowAbilityPhase color:green;
[01:36:43.574] LOG: %cStart Phase HideAbilityPhase color:green;
[01:36:43.608] LOG: %cStart Phase TurnInitPhase color:green;
[01:36:43.609] LOG: %cStart Phase CommandPhase color:green;
[01:36:47.009] LOG: Move: AQUA_CUTTER Move targets: {"targets":[2],"multiple":false} 
Player Pokemon: Keldeo
[01:36:47.011] LOG: %cStart Phase EnemyCommandPhase color:green;
[01:36:47.020] LOG: Battle Seed: rkPtwgsVITQS1Rbh
[01:36:47.023] WARN: BattlerTag ER_ENRAGE is missing a score!
[01:36:47.026] WARN: BattlerTag ER_ENRAGE is missing a score!
[01:36:47.027] LOG: Move Pool: ["Sky Attack","Gust","Swagger","Focus Energy"]
[01:36:47.027] LOG: Move Scores: [51,36,-6,5]
[01:36:47.027] LOG: Sorted Move Pool: ["Sky Attack","Gust","Focus Energy","Swagger"]
[01:36:47.027] LOG: Chosen Move: Sky Attack
[01:36:47.027] LOG: %cStart Phase TurnStartPhase color:green;
[01:36:47.032] LOG: %cStart Phase MovePhase color:green;
[01:36:47.032] LOG: %cUser: Keldeo
Move: AQUA_CUTTER
Use Mode: NORMAL color:orchid
[01:36:47.037] LOG: %cStart Phase MessagePhase color:green;
[01:36:47.159] LOG: %cStart Phase MoveEffectPhase color:green;
[01:36:47.162] LOG: Applied Wide Lens 
[01:36:47.337] LOG: crit stage: +1
[01:36:47.343] LOG: Move: Aqua Cutter | Base damage: 423.6962449339207 | Power: 164.775 | Source attack: 494 | Target defense: 227
[01:36:47.346] LOG: Move: Aqua Cutter | Attack damage: 656
[01:36:47.349] LOG: Applied Amulet Coin 
[01:36:47.351] LOG: Applied Golden Punch 
[01:36:47.357] LOG: Applied Shell Bell 
[01:36:47.357] LOG: %cStart Phase DamageAnimPhase color:green;
[01:36:47.366] LOG: %cStart Phase FaintPhase color:green;
[01:36:47.444] LOG: %cStart Phase MessagePhase color:green;
[01:36:47.836] LOG: %cStart Phase VictoryPhase color:green;
[01:36:47.837] LOG: Applied Soothe Bell 
[01:36:47.840] LOG: %cStart Phase ExpPhase color:green;
[01:36:47.840] LOG: Applied Super EXP. Charm 
[01:36:47.840] LOG: Applied EXP. Charm 
[01:36:48.354] LOG: %cStart Phase LevelUpPhase color:green;
[01:36:48.355] LOG: Applied Zinc 
[01:36:48.355] LOG: Applied Calcium 
[01:36:48.355] LOG: Applied Iron 
[01:36:48.355] LOG: Applied Carbos 
[01:36:48.355] LOG: Applied HP Up 
[01:36:48.356] LOG: %cStart Phase ShowPartyExpBarPhase color:green;
[01:36:48.356] LOG: Applied Super EXP. Charm 
[01:36:48.356] LOG: Applied EXP. Charm 
[01:36:48.358] LOG: %cStart Phase LevelUpPhase color:green;
[01:36:48.358] LOG: %cStart Phase HidePartyExpBarPhase color:green;
[01:36:48.359] LOG: %cStart Phase ShowPartyExpBarPhase color:green;
[01:36:48.359] LOG: Applied Super EXP. Charm 
[01:36:48.359] LOG: Applied EXP. Charm 
[01:36:48.359] LOG: %cStart Phase LevelUpPhase color:green;
[01:36:48.360] LOG: %cStart Phase HidePartyExpBarPhase color:green;
[01:36:48.360] LOG: %cStart Phase ShowPartyExpBarPhase color:green;
[01:36:48.360] LOG: Applied Super EXP. Charm 
[01:36:48.360] LOG: Applied EXP. Charm 
[01:36:48.361] LOG: %cStart Phase LevelUpPhase color:green;
[01:36:48.362] LOG: %cStart Phase HidePartyExpBarPhase color:green;
[01:36:48.362] LOG: %cStart Phase ShowPartyExpBarPhase color:green;
[01:36:48.362] LOG: Applied Super EXP. Charm 
[01:36:48.362] LOG: Applied EXP. Charm 
[01:36:48.363] LOG: %cStart Phase LevelUpPhase color:green;
[01:36:48.363] LOG: Applied HP Up 
[01:36:48.364] LOG: %cStart Phase HidePartyExpBarPhase color:green;
[01:36:48.364] LOG: %cStart Phase MoveEndPhase color:green;
[01:36:48.364] LOG: %cStart Phase MovePhase color:green;
[01:36:48.364] LOG: %cStart Phase MoveEndPhase color:green;
[01:36:48.364] LOG: %cStart Phase CheckInterludePhase color:green;
[01:36:48.365] LOG: %cStart Phase WeatherEffectPhase color:green;
[01:36:48.365] LOG: %cStart Phase PositionalTagPhase color:green;
[01:36:48.365] LOG: %cStart Phase BerryPhase color:green;
[01:36:48.366] LOG: %cStart Phase CheckStatusEffectPhase color:green;
[01:36:48.366] LOG: %cStart Phase TurnEndPhase color:green;
[01:36:48.367] LOG: %cStart Phase BattleEndPhase color:green;
[01:36:48.368] LOG: Battle Score: 180 (1 Turns x1)
[01:36:48.368] LOG: Total Score: 31714
[01:36:48.371] LOG: Applied Zinc 
[01:36:48.371] LOG: Applied Calcium 
[01:36:48.371] LOG: Applied Iron 
[01:36:48.371] LOG: Applied Carbos 
[01:36:48.371] LOG: Applied HP Up 
[01:36:48.373] LOG: Applied HP Up 
[01:36:48.384] LOG: %cStart Phase EggLapsePhase color:green;
[01:36:48.385] LOG: %cStart Phase SelectModifierPhase color:green;
[01:36:48.385] LOG: Wave Seed: ÐĎĒèÚËúďíĂíÛþëāďúÊÊÎĉêûò 152
[01:36:48.397] LOG: Applied Golden Poké Ball 
[01:36:48.398] LOG: 7 4 [2,3,4,5]
[01:36:48.398] LOG: {"id":"TEMP_STAT_STAGE_BOOSTER","localeKey":"","iconImage":"x_sp_atk","soundName":"se/restore","tier":0,"stat":3,"nameKey":"x_sp_atk","quantityKey":"percentage"} 
[01:36:48.398] LOG: 0 0 [2,3,4,5]
[01:36:48.398] LOG: {"id":"POKEBALL","localeKey":"","iconImage":"pb","group":"pb","soundName":"se/pb_bounce_1","tier":0,"pokeballType":0,"count":5} 
[01:36:48.398] LOG: 0 0 [2,3,4,5]
[01:36:48.398] LOG: {"id":"POKEBALL","localeKey":"","iconImage":"pb","group":"pb","soundName":"se/pb_bounce_1","tier":0,"pokeballType":0,"count":5} 
[01:36:48.399] LOG: 0 0 [2,3,4,5]
[01:36:48.399] LOG: {"id":"POKEBALL","localeKey":"","iconImage":"pb","group":"pb","soundName":"se/pb_bounce_1","tier":0,"pokeballType":0,"count":5} 
[01:36:48.399] LOG: 7 4 [2,3,4,5]
[01:36:48.399] LOG: {"id":"TEMP_STAT_STAGE_BOOSTER","localeKey":"","iconImage":"x_sp_atk","soundName":"se/restore","tier":0,"stat":3,"nameKey":"x_sp_atk","quantityKey":"percentage"} 
[01:36:48.399] LOG: 6 4 [2,3,4,5]
[01:36:48.399] LOG: {"id":"LURE","localeKey":"modifierType:ModifierType.LURE","iconImage":"lure","group":"lure","soundName":"se/restore","tier":0,"maxBattles":10} 
[01:36:48.399] LOG: 7 4 [2,3,4,5]
[01:36:48.399] LOG: {"id":"TEMP_STAT_STAGE_BOOSTER","localeKey":"","iconImage":"x_defense","soundName":"se/restore","tier":0,"stat":2,"nameKey":"x_defense","quantityKey":"percentage"} 
[01:36:48.399] LOG: 0 0 [2,3,4,5]
[01:36:48.399] LOG: {"id":"POKEBALL","localeKey":"","iconImage":"pb","group":"pb","soundName":"se/pb_bounce_1","tier":0,"pokeballType":0,"count":5} 
[01:36:48.400] LOG: 1 0 [2,3,4,5]
[01:36:48.400] LOG: {"id":"RARE_CANDY","localeKey":"modifierType:ModifierType.RARE_CANDY","iconImage":"rare_candy","soundName":"se/restore","tier":0} 
[01:36:48.400] LOG: 0 0 [2,3,4,5]
[01:36:48.400] LOG: {"id":"POKEBALL","localeKey":"","iconImage":"pb","group":"pb","soundName":"se/pb_bounce_1","tier":0,"pokeballType":0,"count":5} 
[01:36:48.400] LOG: 1 0 [2,3,4,5]
[01:36:48.400] LOG: {"id":"RARE_CANDY","localeKey":"modifierType:ModifierType.RARE_CANDY","iconImage":"rare_candy","soundName":"se/restore","tier":0} 
[01:36:48.400] LOG: 7 4 [2,3,4,5]
[01:36:48.400] LOG: {"id":"TEMP_STAT_STAGE_BOOSTER","localeKey":"","iconImage":"x_defense","soundName":"se/restore","tier":0,"stat":2,"nameKey":"x_defense","quantityKey":"percentage"} 
[01:36:48.400] LOG: 0 0 [2,3,4,5]
[01:36:48.400] LOG: {"id":"POKEBALL","localeKey":"","iconImage":"pb","group":"pb","soundName":"se/pb_bounce_1","tier":0,"pokeballType":0,"count":5} 
[01:36:48.400] LOG: 0 0 [2,3,4,5]
[01:36:48.400] LOG: {"id":"POKEBALL","localeKey":"","iconImage":"pb","group":"pb","soundName":"se/pb_bounce_1","tier":0,"pokeballType":0,"count":5} 
[01:36:48.400] LOG: 7 4 [2,3,4,5]
[01:36:48.400] LOG: {"id":"TEMP_STAT_STAGE_BOOSTER","localeKey":"","iconImage":"x_sp_atk","soundName":"se/restore","tier":0,"stat":3,"nameKey":"x_sp_atk","quantityKey":"percentage"} 
[01:36:48.401] LOG: 0 0 [2,3,4,5]
[01:36:48.401] LOG: {"id":"POKEBALL","localeKey":"","iconImage":"pb","group":"pb","soundName":"se/pb_bounce_1","tier":0,"pokeballType":0,"count":5} 
[01:36:48.401] LOG: 7 4 [2,3,4,5]
[01:36:48.401] LOG: {"id":"TEMP_STAT_STAGE_BOOSTER","localeKey":"","iconImage":"x_speed","soundName":"se/restore","tier":0,"stat":5,"nameKey":"x_speed","quantityKey":"percentage"} 
[01:36:48.401] LOG: 8 4 [2,3,4,5]
[01:36:48.401] LOG: {"id":"BERRY","localeKey":"","iconImage":"lum_berry","group":"berry","soundName":"se/restore","tier":0,"berryType":1} 
[01:36:48.401] LOG: 18 9 [2,3,4,5,6,7,8,9,10,20,21,22,23,24,26,27,30]
[01:36:48.401] LOG: {"id":"MEMORY_MUSHROOM","localeKey":"modifierType:ModifierType.MEMORY_MUSHROOM","iconImage":"big_mushroom","soundName":"se/restore","tier":1} 
[01:36:48.401] LOG: 15 9 [2,3,4,5,6,7,8,9,10,20,21,22,23,24,26,27,30]
[01:36:48.401] LOG: GREAT 0
[01:36:48.401] LOG: 19 9 [2,3,4,5,6,7,8,9,10,20,21,22,23,24,26,27,30]
[01:36:48.401] LOG: {"id":"ER_ABILITY_CAPSULE","localeKey":"","iconImage":"ability_capsule","soundName":"se/restore","tier":1} 
[01:36:48.402] LOG: 13 9 [2,3,4,5,6,7,8,9,10,20,21,22,23,24,26,27,30]
[01:36:48.402] LOG: {"id":"NUGGET","localeKey":"modifierType:ModifierType.NUGGET","iconImage":"nugget","group":"money","soundName":"se/buy","tier":1,"moneyMultiplier":1,"moneyMultiplierDescriptorKey":"modifierType:ModifierType.MoneyRewardModifierType.extra.small"} 
[01:36:48.402] LOG: 7 4 [2,3,4,5]
[01:36:48.402] LOG: {"id":"TEMP_STAT_STAGE_BOOSTER","localeKey":"","iconImage":"x_speed","soundName":"se/restore","tier":0,"stat":5,"nameKey":"x_speed","quantityKey":"percentage"} 
[01:36:48.402] LOG: 0 0 [2,3,4,5]
[01:36:48.402] LOG: {"id":"POKEBALL","localeKey":"","iconImage":"pb","group":"pb","soundName":"se/pb_bounce_1","tier":0,"pokeballType":0,"count":5} 
[01:36:48.402] LOG: 0 0 [2,3,4,5]
[01:36:48.402] LOG: {"id":"POKEBALL","localeKey":"","iconImage":"pb","group":"pb","soundName":"se/pb_bounce_1","tier":0,"pokeballType":0,"count":5} 
[01:36:48.402] LOG: 0 0 [2,3,4,5]
[01:36:48.402] LOG: {"id":"POKEBALL","localeKey":"","iconImage":"pb","group":"pb","soundName":"se/pb_bounce_1","tier":0,"pokeballType":0,"count":5} 
[01:36:48.403] LOG: 0 0 [2,3,4,5]
[01:36:48.403] LOG: {"id":"POKEBALL","localeKey":"","iconImage":"pb","group":"pb","soundName":"se/pb_bounce_1","tier":0,"pokeballType":0,"count":5} 
[01:36:48.403] LOG: 0 0 [2,3,4,5]
[01:36:48.403] LOG: {"id":"POKEBALL","localeKey":"","iconImage":"pb","group":"pb","soundName":"se/pb_bounce_1","tier":0,"pokeballType":0,"count":5} 
[01:36:48.403] LOG: 8 4 [2,3,4,5]
[01:36:48.403] LOG: {"id":"BERRY","localeKey":"","iconImage":"ganlon_berry","group":"berry","soundName":"se/restore","tier":0,"berryType":4} 
[01:36:48.403] LOG: 0 0 [2,3,4,5]
[01:36:48.403] LOG: {"id":"POKEBALL","localeKey":"","iconImage":"pb","group":"pb","soundName":"se/pb_bounce_1","tier":0,"pokeballType":0,"count":5} 
[01:36:48.403] LOG: 0 0 [2,3,4,5]
[01:36:48.404] LOG: {"id":"POKEBALL","localeKey":"","iconImage":"pb","group":"pb","soundName":"se/pb_bounce_1","tier":0,"pokeballType":0,"count":5} 
[01:36:48.404] LOG: 6 4 [2,3,4,5]
[01:36:48.404] LOG: {"id":"LURE","localeKey":"modifierType:ModifierType.LURE","iconImage":"lure","group":"lure","soundName":"se/restore","tier":0,"maxBattles":10} 
[01:36:48.404] LOG: 7 4 [2,3,4,5]
[01:36:48.404] LOG: {"id":"TEMP_STAT_STAGE_BOOSTER","localeKey":"","iconImage":"x_defense","soundName":"se/restore","tier":0,"stat":2,"nameKey":"x_defense","quantityKey":"percentage"} 
[01:36:48.404] LOG: 0 0 [2,3,4,5]
[01:36:48.404] LOG: {"id":"POKEBALL","localeKey":"","iconImage":"pb","group":"pb","soundName":"se/pb_bounce_1","tier":0,"pokeballType":0,"count":5} 
[01:36:48.404] LOG: 7 4 [2,3,4,5]
[01:36:48.404] LOG: {"id":"TEMP_STAT_STAGE_BOOSTER","localeKey":"","iconImage":"x_sp_atk","soundName":"se/restore","tier":0,"stat":3,"nameKey":"x_sp_atk","quantityKey":"percentage"} 
[01:36:48.404] LOG: 0 0 [2,3,4,5]
[01:36:48.404] LOG: {"id":"POKEBALL","localeKey":"","iconImage":"pb","group":"pb","soundName":"se/pb_bounce_1","tier":0,"pokeballType":0,"count":5} 
[01:36:48.405] LOG: 6 4 [2,3,4,5]
[01:36:48.405] LOG: {"id":"LURE","localeKey":"modifierType:ModifierType.LURE","iconImage":"lure","group":"lure","soundName":"se/restore","tier":0,"maxBattles":10} 
[01:36:48.405] LOG: 0 0 [2,3,4,5]
[01:36:48.405] LOG: {"id":"POKEBALL","localeKey":"","iconImage":"pb","group":"pb","soundName":"se/pb_bounce_1","tier":0,"pokeballType":0,"count":5} 
[01:36:48.405] LOG: 1 0 [2,3,4,5]
[01:36:48.405] LOG: {"id":"RARE_CANDY","localeKey":"modifierType:ModifierType.RARE_CANDY","iconImage":"rare_candy","soundName":"se/restore","tier":0} 
[01:36:48.405] LOG: 0 0 [2,3,4,5]
[01:36:48.405] LOG: {"id":"POKEBALL","localeKey":"","iconImage":"pb","group":"pb","soundName":"se/pb_bounce_1","tier":0,"pokeballType":0,"count":5} 
[01:36:48.405] LOG: 7 4 [2,3,4,5]
[01:36:48.405] LOG: {"id":"TEMP_STAT_STAGE_BOOSTER","localeKey":"","iconImage":"x_sp_atk","soundName":"se/restore","tier":0,"stat":3,"nameKey":"x_sp_atk","quantityKey":"percentage"} 
[01:36:48.405] LOG: 8 4 [2,3,4,5]
[01:36:48.406] LOG: {"id":"BERRY","localeKey":"","iconImage":"enigma_berry","group":"berry","soundName":"se/restore","tier":0,"berryType":2} 
[01:36:48.406] LOG: 7 4 [2,3,4,5]
[01:36:48.406] LOG: {"id":"TEMP_STAT_STAGE_BOOSTER","localeKey":"","iconImage":"x_defense","soundName":"se/restore","tier":0,"stat":2,"nameKey":"x_defense","quantityKey":"percentage"} 
[01:36:48.406] LOG: 6 4 [2,3,4,5]
[01:36:48.406] LOG: {"id":"LURE","localeKey":"modifierType:ModifierType.LURE","iconImage":"lure","group":"lure","soundName":"se/restore","tier":0,"maxBattles":10} 
[01:36:48.406] LOG: 6 4 [2,3,4,5]
[01:36:48.406] LOG: {"id":"LURE","localeKey":"modifierType:ModifierType.LURE","iconImage":"lure","group":"lure","soundName":"se/restore","tier":0,"maxBattles":10} 
[01:36:48.406] LOG: 1 0 [2,3,4,5]
[01:36:48.406] LOG: {"id":"RARE_CANDY","localeKey":"modifierType:ModifierType.RARE_CANDY","iconImage":"rare_candy","soundName":"se/restore","tier":0} 
[01:36:48.406] LOG: 1 0 [2,3,4,5]
[01:36:48.406] LOG: {"id":"RARE_CANDY","localeKey":"modifierType:ModifierType.RARE_CANDY","iconImage":"rare_candy","soundName":"se/restore","tier":0} 
[01:36:48.407] LOG: 8 4 [2,3,4,5]
[01:36:48.407] LOG: {"id":"BERRY","localeKey":"","iconImage":"leppa_berry","group":"berry","soundName":"se/restore","tier":0,"berryType":10} 
[01:36:48.407] LOG: 0 0 [2,3,4,5]
[01:36:48.407] LOG: {"id":"POKEBALL","localeKey":"","iconImage":"pb","group":"pb","soundName":"se/pb_bounce_1","tier":0,"pokeballType":0,"count":5} 
[01:36:48.407] LOG: 7 4 [2,3,4,5]
[01:36:48.407] LOG: {"id":"TEMP_STAT_STAGE_BOOSTER","localeKey":"","iconImage":"x_accuracy","soundName":"se/restore","tier":0,"stat":6,"nameKey":"x_accuracy","quantityKey":"stage"} 
[01:36:48.407] LOG: 0 0 [2,3,4,5]
[01:36:48.407] LOG: {"id":"POKEBALL","localeKey":"","iconImage":"pb","group":"pb","soundName":"se/pb_bounce_1","tier":0,"pokeballType":0,"count":5} 
[01:36:48.407] LOG: 1 0 [2,3,4,5]
[01:36:48.407] LOG: {"id":"RARE_CANDY","localeKey":"modifierType:ModifierType.RARE_CANDY","iconImage":"rare_candy","soundName":"se/restore","tier":0} 
[01:36:48.408] LOG: 0 0 [2,3,4,5]
[01:36:48.408] LOG: {"id":"POKEBALL","localeKey":"","iconImage":"pb","group":"pb","soundName":"se/pb_bounce_1","tier":0,"pokeballType":0,"count":5} 
[01:36:48.408] LOG: 6 4 [2,3,4,5]
[01:36:48.408] LOG: {"id":"LURE","localeKey":"modifierType:ModifierType.LURE","iconImage":"lure","group":"lure","soundName":"se/restore","tier":0,"maxBattles":10} 
[01:36:48.408] LOG: 0 0 [2,3,4,5]
[01:36:48.408] LOG: {"id":"POKEBALL","localeKey":"","iconImage":"pb","group":"pb","soundName":"se/pb_bounce_1","tier":0,"pokeballType":0,"count":5} 
[01:36:48.408] LOG: 8 4 [2,3,4,5]
[01:36:48.408] LOG: {"id":"BERRY","localeKey":"","iconImage":"sitrus_berry","group":"berry","soundName":"se/restore","tier":0,"berryType":0} 
[01:36:48.408] LOG: 0 0 [2,3,4,5]
[01:36:48.408] LOG: {"id":"POKEBALL","localeKey":"","iconImage":"pb","group":"pb","soundName":"se/pb_bounce_1","tier":0,"pokeballType":0,"count":5} 
[01:36:48.408] LOG: 6 4 [2,3,4,5]
[01:36:48.409] LOG: {"id":"LURE","localeKey":"modifierType:ModifierType.LURE","iconImage":"lure","group":"lure","soundName":"se/restore","tier":0,"maxBattles":10} 
[01:36:48.409] LOG: 9 4 [2,3,4,5]
[01:36:48.409] LOG: {"id":"TM_CASE","localeKey":"","iconImage":"tm_case","soundName":"se/restore","tier":0} 
[01:36:48.409] LOG: 8 4 [2,3,4,5]
[01:36:48.409] LOG: {"id":"BERRY","localeKey":"","iconImage":"lum_berry","group":"berry","soundName":"se/restore","tier":0,"berryType":1} 
[01:36:48.409] LOG: 0 0 [2,3,4,5]
[01:36:48.409] LOG: {"id":"POKEBALL","localeKey":"","iconImage":"pb","group":"pb","soundName":"se/pb_bounce_1","tier":0,"pokeballType":0,"count":5} 
[01:36:48.409] LOG: 1 0 [2,3,4,5]
[01:36:48.409] LOG: {"id":"RARE_CANDY","localeKey":"modifierType:ModifierType.RARE_CANDY","iconImage":"rare_candy","soundName":"se/restore","tier":0} 
[01:36:48.409] LOG: 1 0 [2,3,4,5]
[01:36:48.409] LOG: {"id":"RARE_CANDY","localeKey":"modifierType:ModifierType.RARE_CANDY","iconImage":"rare_candy","soundName":"se/restore","tier":0} 
[01:36:48.410] LOG: 0 0 [2,3,4,5]
[01:36:48.410] LOG: {"id":"POKEBALL","localeKey":"","iconImage":"pb","group":"pb","soundName":"se/pb_bounce_1","tier":0,"pokeballType":0,"count":5} 
[01:36:48.410] LOG: 7 4 [2,3,4,5]
[01:36:48.410] LOG: {"id":"TEMP_STAT_STAGE_BOOSTER","localeKey":"","iconImage":"x_defense","soundName":"se/restore","tier":0,"stat":2,"nameKey":"x_defense","quantityKey":"percentage"} 
[01:36:48.410] LOG: 6 4 [2,3,4,5]
[01:36:48.410] LOG: {"id":"LURE","localeKey":"modifierType:ModifierType.LURE","iconImage":"lure","group":"lure","soundName":"se/restore","tier":0,"maxBattles":10} 
[01:36:48.410] LOG: 0 0 [2,3,4,5]
[01:36:48.410] LOG: {"id":"POKEBALL","localeKey":"","iconImage":"pb","group":"pb","soundName":"se/pb_bounce_1","tier":0,"pokeballType":0,"count":5} 
[01:36:48.410] LOG: 0 0 [2,3,4,5]
[01:36:48.410] LOG: {"id":"POKEBALL","localeKey":"","iconImage":"pb","group":"pb","soundName":"se/pb_bounce_1","tier":0,"pokeballType":0,"count":5} 
[01:36:48.411] LOG: 9 4 [2,3,4,5]
[01:36:48.411] LOG: {"id":"TM_CASE","localeKey":"","iconImage":"tm_case","soundName":"se/restore","tier":0} 
[01:36:48.411] LOG: 7 4 [2,3,4,5]
[01:36:48.411] LOG: {"id":"TEMP_STAT_STAGE_BOOSTER","localeKey":"","iconImage":"x_attack","soundName":"se/restore","tier":0,"stat":1,"nameKey":"x_attack","quantityKey":"percentage"} 
[01:36:48.411] LOG: 0 0 [2,3,4,5]
[01:36:48.411] LOG: {"id":"POKEBALL","localeKey":"","iconImage":"pb","group":"pb","soundName":"se/pb_bounce_1","tier":0,"pokeballType":0,"count":5} 
[01:36:48.412] LOG: 1 0 [2,3,4,5]
[01:36:48.412] LOG: {"id":"RARE_CANDY","localeKey":"modifierType:ModifierType.RARE_CANDY","iconImage":"rare_candy","soundName":"se/restore","tier":0} 
[01:36:48.412] LOG: 7 4 [2,3,4,5]
[01:36:48.412] LOG: {"id":"TEMP_STAT_STAGE_BOOSTER","localeKey":"","iconImage":"x_sp_atk","soundName":"se/restore","tier":0,"stat":3,"nameKey":"x_sp_atk","quantityKey":"percentage"} 
[01:36:48.412] LOG: 0 0 [2,3,4,5]
[01:36:48.412] LOG: {"id":"POKEBALL","localeKey":"","iconImage":"pb","group":"pb","soundName":"se/pb_bounce_1","tier":0,"pokeballType":0,"count":5} 
[01:36:48.412] LOG: 8 4 [2,3,4,5]
[01:36:48.412] LOG: {"id":"BERRY","localeKey":"","iconImage":"starf_berry","group":"berry","soundName":"se/restore","tier":0,"berryType":9} 
[01:36:48.413] LOG: 0 0 [2,3,4,5]
[01:36:48.413] LOG: {"id":"POKEBALL","localeKey":"","iconImage":"pb","group":"pb","soundName":"se/pb_bounce_1","tier":0,"pokeballType":0,"count":5} 
[01:36:48.413] LOG: 9 4 [2,3,4,5]
[01:36:48.413] LOG: {"id":"TM_CASE","localeKey":"","iconImage":"tm_case","soundName":"se/restore","tier":0} 
[01:36:48.413] LOG: 9 4 [2,3,4,5]
[01:36:48.413] LOG: {"id":"TM_CASE","localeKey":"","iconImage":"tm_case","soundName":"se/restore","tier":0} 
[01:36:48.413] LOG: 0 0 [2,3,4,5]
[01:36:48.413] LOG: {"id":"POKEBALL","localeKey":"","iconImage":"pb","group":"pb","soundName":"se/pb_bounce_1","tier":0,"pokeballType":0,"count":5} 
[01:36:48.413] LOG: 1 0 [2,3,4,5]
[01:36:48.413] LOG: {"id":"RARE_CANDY","localeKey":"modifierType:ModifierType.RARE_CANDY","iconImage":"rare_candy","soundName":"se/restore","tier":0} 
[01:36:48.413] LOG: 9 4 [2,3,4,5]
[01:36:48.414] LOG: {"id":"TM_CASE","localeKey":"","iconImage":"tm_case","soundName":"se/restore","tier":0} 
[01:36:48.414] LOG: 9 4 [2,3,4,5]
[01:36:48.414] LOG: {"id":"TM_CASE","localeKey":"","iconImage":"tm_case","soundName":"se/restore","tier":0} 
[01:36:48.414] LOG: 7 4 [2,3,4,5]
[01:36:48.414] LOG: {"id":"TEMP_STAT_STAGE_BOOSTER","localeKey":"","iconImage":"x_accuracy","soundName":"se/restore","tier":0,"stat":6,"nameKey":"x_accuracy","quantityKey":"stage"} 
[01:36:48.414] LOG: 1 0 [2,3,4,5]
[01:36:48.414] LOG: {"id":"RARE_CANDY","localeKey":"modifierType:ModifierType.RARE_CANDY","iconImage":"rare_candy","soundName":"se/restore","tier":0} 
[01:36:48.414] LOG: 6 4 [2,3,4,5]
[01:36:48.414] LOG: {"id":"LURE","localeKey":"modifierType:ModifierType.LURE","iconImage":"lure","group":"lure","soundName":"se/restore","tier":0,"maxBattles":10} 
[01:36:48.415] LOG: 0 0 [2,3,4,5]
[01:36:48.415] LOG: {"id":"POKEBALL","localeKey":"","iconImage":"pb","group":"pb","soundName":"se/pb_bounce_1","tier":0,"pokeballType":0,"count":5} 
[01:36:48.415] LOG: 0 0 [2,3,4,5]
[01:36:48.415] LOG: {"id":"POKEBALL","localeKey":"","iconImage":"pb","group":"pb","soundName":"se/pb_bounce_1","tier":0,"pokeballType":0,"count":5} 
[01:36:48.415] LOG: 6 4 [2,3,4,5]
[01:36:48.415] LOG: {"id":"LURE","localeKey":"modifierType:ModifierType.LURE","iconImage":"lure","group":"lure","soundName":"se/restore","tier":0,"maxBattles":10} 
[01:36:48.415] LOG: 6 4 [2,3,4,5]
[01:36:48.415] LOG: {"id":"LURE","localeKey":"modifierType:ModifierType.LURE","iconImage":"lure","group":"lure","soundName":"se/restore","tier":0,"maxBattles":10} 
[01:36:48.415] LOG: 7 4 [2,3,4,5]
[01:36:48.416] LOG: {"id":"TEMP_STAT_STAGE_BOOSTER","localeKey":"","iconImage":"x_speed","soundName":"se/restore","tier":0,"stat":5,"nameKey":"x_speed","quantityKey":"percentage"} 
[01:36:48.416] LOG: 0 0 [2,3,4,5]
[01:36:48.416] LOG: {"id":"POKEBALL","localeKey":"","iconImage":"pb","group":"pb","soundName":"se/pb_bounce_1","tier":0,"pokeballType":0,"count":5} 
[01:36:48.416] LOG: 7 4 [2,3,4,5]
[01:36:48.416] LOG: {"id":"TEMP_STAT_STAGE_BOOSTER","localeKey":"","iconImage":"x_sp_atk","soundName":"se/restore","tier":0,"stat":3,"nameKey":"x_sp_atk","quantityKey":"percentage"} 

----- REPLAY TRACE (JSON) -----
{"version":2,"seed":"8vzPB3bwUjUCfSiwb226qRcZ","gameModeId":4,"difficulty":"youngster","challenges":[],"roster":[{"id":1828251100,"player":true,"species":647,"formIndex":1,"abilityIndex":1,"passive":false,"shiny":false,"variant":0,"pokeball":0,"level":142,"exp":3106346,"levelExp":10416,"gender":-1,"hp":580,"stats":[584,365,291,498,263,426],"ivs":[12,18,4,11,13,25],"nature":6,"moveset":[{"moveId":733,"ppUsed":0,"ppUp":1},{"moveId":548,"ppUsed":0,"ppUp":3},{"moveId":895,"ppUsed":0,"ppUp":3},{"moveId":5019,"ppUsed":0,"ppUp":1}],"status":null,"friendship":255,"metLevel":5,"metBiome":-1,"metSpecies":647,"metWave":-1,"luck":0,"pauseEvolutions":false,"pokerus":false,"usedTMs":[58,396],"teraType":8,"isTerastallized":false,"stellarTypesBoosted":[10],"fusionSpecies":null,"fusionShiny":false,"fusionVariant":0,"fusionLuck":0,"fusionTeraType":0,"boss":false,"bossSegments":0,"summonData":{"statStages":[0,0,0,0,0,0,0],"moveQueue":[],"tags":[],"abilitySuppressed":false,"abilitiesApplied":[],"erSuppressedInnateSlots":[false,false,false],"erTimedAbilitySuppressions":[],"erAbilityProvenance":[],"erImposterCopiedAttackBoost":false,"chuckusterReductionUsed":false,"forceAttackerOutUsed":false,"erCommandedUsedThisSwitchIn":false,"stats":[0,0,0,0,0,0],"types":[],"berriesEatenLast":[],"moveHistory":[{"move":895,"targets":[2],"result":1,"useMode":1}]},"battleData":{"hitCount":0,"hasEatenBerry":false,"berriesEaten":[],"anticipationDodgeUsed":false,"rudeAwakeningTriggered":false,"cowardProtectUsed":false,"lostItems":[]},"customPokemonData":{"spriteScale":-1,"ability":-1,"passive":138,"passive2":-1,"passive3":-1,"nature":-1,"bonusMoveSlots":0,"abilityOverridesForm":false,"types":[],"hitsRecCount":null,"erBlackShiny":false,"erGiftAbilities":[],"erGiftIndex":0,"erShinyLabSuppressLocal":false,"erInnateShrineUnlocked":false,"erCursedStat":-1,"erLockedAbilitySlots":[],"erRunUnlockedAbilitySlots":[]},"fusionCustomPokemonData":{"spriteScale":-1,"ability":-1,"passive":-1,"passive2":-1,"passive3":-1,"nature":-1,"bonusMoveSlots":0,"abilityOverridesForm":false,"types":[],"hitsRecCount":null,"erBlackShiny":false,"erGiftAbilities":[],"erGiftIndex":0,"erShinyLabSuppressLocal":false,"erInnateShrineUnlocked":false,"erCursedStat":-1,"erLockedAbilitySlots":[],"erRunUnlockedAbilitySlots":[]},"mysteryEncounterPokemonData":null,"fusionMysteryEncounterPokemonData":null},{"id":718306425,"player":true,"species":10645,"formIndex":0,"abilityIndex":1,"passive":false,"shiny":false,"variant":0,"pokeball":1,"level":137,"exp":2615684,"levelExp":44331,"gender":1,"hp":436,"stats":[439,354,227,199,238,287],"ivs":[21,13,0,31,3,25],"nature":21,"moveset":[{"moveId":815,"ppUsed":0,"ppUp":0},{"moveId":103,"ppUsed":0,"ppUp":0},{"moveId":501,"ppUsed":0,"ppUp":0},{"moveId":468,"ppUsed":0,"ppUp":0}],"status":null,"friendship":100,"metLevel":25,"metBiome":18,"metSpecies":2050,"metWave":41,"luck":0,"pauseEvolutions":false,"pokerus":false,"usedTMs":[],"teraType":8,"isTerastallized":false,"stellarTypesBoosted":[],"fusionSpecies":null,"fusionShiny":false,"fusionVariant":0,"fusionLuck":0,"fusionTeraType":0,"boss":false,"bossSegments":0,"summonData":{"statStages":[0,0,0,0,0,0,0],"moveQueue":[],"tags":[],"abilitySuppressed":false,"abilitiesApplied":[252],"erSuppressedInnateSlots":[false,false,false],"erTimedAbilitySuppressions":[],"erAbilityProvenance":[],"erImposterCopiedAttackBoost":false,"chuckusterReductionUsed":false,"forceAttackerOutUsed":false,"erCommandedUsedThisSwitchIn":false,"stats":[0,0,0,0,0,0],"types":[],"berriesEatenLast":[],"moveHistory":[]},"battleData":{"hitCount":0,"hasEatenBerry":false,"berriesEaten":[],"anticipationDodgeUsed":false,"rudeAwakeningTriggered":false,"cowardProtectUsed":false,"lostItems":[]},"customPokemonData":{"spriteScale":-1,"ability":-1,"passive":-1,"passive2":-1,"passive3":-1,"nature":-1,"bonusMoveSlots":0,"abilityOverridesForm":false,"types":[],"hitsRecCount":null,"erBlackShiny":false,"erGiftAbilities":[],"erGiftIndex":0,"erShinyLabSuppressLocal":false,"erInnateShrineUnlocked":false,"erCursedStat":-1,"erLockedAbilitySlots":[],"erRunUnlockedAbilitySlots":[]},"fusionCustomPokemonData":{"spriteScale":-1,"ability":-1,"passive":-1,"passive2":-1,"passive3":-1,"nature":-1,"bonusMoveSlots":0,"abilityOverridesForm":false,"types":[],"hitsRecCount":null,"erBlackShiny":false,"erGiftAbilities":[],"erGiftIndex":0,"erShinyLabSuppressLocal":false,"erInnateShrineUnlocked":false,"erCursedStat":-1,"erLockedAbilitySlots":[],"erRunUnlockedAbilitySlots":[]},"mysteryEncounterPokemonData":null,"fusionMysteryEncounterPokemonData":null},{"id":3237999033,"player":true,"species":297,"formIndex":0,"abilityIndex":0,"passive":false,"shiny":false,"variant":0,"pokeball":1,"level":135,"exp":2719184,"levelExp":30832,"gender":0,"hp":533,"stats":[537,341,237,167,213,175],"ivs":[0,15,31,28,13,25],"nature":15,"moveset":[{"moveId":370,"ppUsed":0,"ppUp":0},{"moveId":96,"ppUsed":0,"ppUp":0},{"moveId":480,"ppUsed":0,"ppUp":0},{"moveId":689,"ppUsed":0,"ppUp":0}],"status":null,"friendship":120,"metLevel":43,"metBiome":20,"metSpecies":297,"metWave":61,"luck":0,"pauseEvolutions":false,"pokerus":false,"usedTMs":[],"teraType":1,"isTerastallized":false,"stellarTypesBoosted":[],"fusionSpecies":null,"fusionShiny":false,"fusionVariant":0,"fusionLuck":0,"fusionTeraType":0,"boss":false,"bossSegments":0,"summonData":{"statStages":[0,0,0,0,0,0,0],"moveQueue":[],"tags":[],"abilitySuppressed":false,"abilitiesApplied":[],"erSuppressedInnateSlots":[false,false,false],"erTimedAbilitySuppressions":[],"erAbilityProvenance":[],"erImposterCopiedAttackBoost":false,"chuckusterReductionUsed":false,"forceAttackerOutUsed":false,"erCommandedUsedThisSwitchIn":false,"stats":[0,0,0,0,0,0],"types":[],"berriesEatenLast":[],"moveHistory":[]},"battleData":{"hitCount":0,"hasEatenBerry":false,"berriesEaten":[],"anticipationDodgeUsed":false,"rudeAwakeningTriggered":false,"cowardProtectUsed":false,"lostItems":[]},"customPokemonData":{"spriteScale":-1,"ability":-1,"passive":-1,"passive2":-1,"passive3":-1,"nature":-1,"bonusMoveSlots":0,"abilityOverridesForm":false,"types":[],"hitsRecCount":null,"erBlackShiny":false,"erGiftAbilities":[],"erGiftIndex":0,"erShinyLabSuppressLocal":false,"erInnateShrineUnlocked":false,"erCursedStat":-1,"erLockedAbilitySlots":[],"erRunUnlockedAbilitySlots":[]},"fusionCustomPokemonData":{"spriteScale":-1,"ability":-1,"passive":-1,"passive2":-1,"passive3":-1,"nature":-1,"bonusMoveSlots":0,"abilityOverridesForm":false,"types":[],"hitsRecCount":null,"erBlackShiny":false,"erGiftAbilities":[],"erGiftIndex":0,"erShinyLabSuppressLocal":false,"erInnateShrineUnlocked":false,"erCursedStat":-1,"erLockedAbilitySlots":[],"erRunUnlockedAbilitySlots":[]},"mysteryEncounterPokemonData":null,"fusionMysteryEncounterPokemonData":null},{"id":2997500059,"player":true,"species":1,"formIndex":0,"abilityIndex":2,"passive":false,"shiny":false,"variant":0,"pokeball":0,"level":117,"exp":1646374,"levelExp":3634,"gender":1,"hp":266,"stats":[268,118,159,174,163,143],"ivs":[25,10,20,14,4,27],"nature":5,"moveset":[{"moveId":331,"ppUsed":0,"ppUp":0},{"moveId":33,"ppUsed":0,"ppUp":0},{"moveId":77,"ppUsed":0,"ppUp":0},{"moveId":74,"ppUsed":0,"ppUp":0}],"status":null,"friendship":100,"metLevel":5,"metBiome":30,"metSpecies":1,"metWave":122,"luck":0,"pauseEvolutions":true,"pokerus":false,"usedTMs":[],"teraType":11,"isTerastallized":false,"stellarTypesBoosted":[],"fusionSpecies":null,"fusionShiny":false,"fusionVariant":0,"fusionLuck":0,"fusionTeraType":0,"boss":false,"bossSegments":0,"summonData":{"statStages":[0,0,0,0,0,0,0],"moveQueue":[],"tags":[],"abilitySuppressed":false,"abilitiesApplied":[65],"erSuppressedInnateSlots":[false,false,false],"erTimedAbilitySuppressions":[],"erAbilityProvenance":[],"erImposterCopiedAttackBoost":false,"chuckusterReductionUsed":false,"forceAttackerOutUsed":false,"erCommandedUsedThisSwitchIn":false,"stats":[0,0,0,0,0,0],"types":[],"berriesEatenLast":[],"moveHistory":[]},"battleData":{"hitCount":0,"hasEatenBerry":false,"berriesEaten":[],"anticipationDodgeUsed":false,"rudeAwakeningTriggered":false,"cowardProtectUsed":false,"lostItems":[]},"customPokemonData":{"spriteScale":-1,"ability":-1,"passive":-1,"passive2":-1,"passive3":-1,"nature":-1,"bonusMoveSlots":0,"abilityOverridesForm":false,"types":[],"hitsRecCount":null,"erBlackShiny":false,"erGiftAbilities":[],"erGiftIndex":0,"erShinyLabSuppressLocal":false,"erInnateShrineUnlocked":false,"erCursedStat":-1,"erLockedAbilitySlots":[],"erRunUnlockedAbilitySlots":[]},"fusionCustomPokemonData":{"spriteScale":-1,"ability":-1,"passive":-1,"passive2":-1,"passive3":-1,"nature":-1,"bonusMoveSlots":0,"abilityOverridesForm":false,"types":[],"hitsRecCount":null,"erBlackShiny":false,"erGiftAbilities":[],"erGiftIndex":0,"erShinyLabSuppressLocal":false,"erInnateShrineUnlocked":false,"erCursedStat":-1,"erLockedAbilitySlots":[],"erRunUnlockedAbilitySlots":[]},"mysteryEncounterPokemonData":null,"fusionMysteryEncounterPokemonData":null},{"id":1487924093,"player":true,"species":663,"formIndex":0,"abilityIndex":1,"passive":false,"shiny":false,"variant":0,"pokeball":1,"level":117,"exp":1672876,"levelExp":30136,"gender":0,"hp":339,"stats":[342,228,209,210,179,336],"ivs":[12,10,31,26,27,29],"nature":4,"moveset":[{"moveId":814,"ppUsed":0,"ppUp":0},{"moveId":314,"ppUsed":0,"ppUp":0},{"moveId":297,"ppUsed":0,"ppUp":0},{"moveId":289,"ppUsed":0,"ppUp":0}],"status":null,"friendship":50,"metLevel":117,"metBiome":1,"metSpecies":663,"metWave":151,"luck":0,"pauseEvolutions":false,"pokerus":false,"usedTMs":[],"teraType":9,"isTerastallized":false,"stellarTypesBoosted":[],"fusionSpecies":null,"fusionShiny":false,"fusionVariant":0,"fusionLuck":0,"fusionTeraType":0,"boss":false,"bossSegments":0,"summonData":{"statStages":[0,0,0,0,0,0,0],"moveQueue":[],"tags":[],"abilitySuppressed":false,"abilitiesApplied":[],"erSuppressedInnateSlots":[false,false,false],"erTimedAbilitySuppressions":[],"erAbilityProvenance":[],"erImposterCopiedAttackBoost":false,"chuckusterReductionUsed":false,"forceAttackerOutUsed":false,"erCommandedUsedThisSwitchIn":false,"stats":[0,0,0,0,0,0],"types":[],"berriesEatenLast":[],"moveHistory":[]},"battleData":{"hitCount":0,"hasEatenBerry":false,"berriesEaten":[],"anticipationDodgeUsed":false,"rudeAwakeningTriggered":false,"cowardProtectUsed":false,"lostItems":[]},"customPokemonData":{"spriteScale":-1,"ability":-1,"passive":-1,"passive2":-1,"passive3":-1,"nature":-1,"bonusMoveSlots":0,"abilityOverridesForm":false,"types":[],"hitsRecCount":null,"erBlackShiny":false,"erGiftAbilities":[],"erGiftIndex":0,"erShinyLabSuppressLocal":false,"erInnateShrineUnlocked":false,"erCursedStat":-1,"erLockedAbilitySlots":[],"erRunUnlockedAbilitySlots":[]},"fusionCustomPokemonData":{"spriteScale":-1,"ability":-1,"passive":-1,"passive2":-1,"passive3":-1,"nature":-1,"bonusMoveSlots":0,"abilityOverridesForm":false,"types":[],"hitsRecCount":null,"erBlackShiny":false,"erGiftAbilities":[],"erGiftIndex":0,"erShinyLabSuppressLocal":false,"erInnateShrineUnlocked":false,"erCursedStat":-1,"erLockedAbilitySlots":[],"erRunUnlockedAbilitySlots":[]},"mysteryEncounterPokemonData":null,"fusionMysteryEncounterPokemonData":null}],"events":[{"type":"command","wave":152,"turn":1,"slotFieldIndex":0,"command":{"kind":"move","moveIndex":2,"target":2}}],"endState":{"waveIndex":152,"money":79305,"party":[{"species":647,"level":143,"hp":584,"maxHp":584},{"species":10645,"level":138,"hp":439,"maxHp":439},{"species":297,"level":136,"hp":537,"maxHp":537},{"species":1,"level":118,"hp":268,"maxHp":268},{"species":663,"level":118,"hp":342,"maxHp":342}]},"checkpoint":{"wave":152,"seed":"8vzPB3bwUjUCfSiwb226qRcZ","party":[{"id":1828251100,"player":true,"species":647,"formIndex":1,"abilityIndex":1,"passive":false,"shiny":false,"variant":0,"pokeball":0,"level":142,"exp":3106346,"levelExp":10416,"gender":-1,"hp":580,"stats":[584,365,291,498,263,426],"ivs":[12,18,4,11,13,25],"nature":6,"moveset":[{"moveId":733,"ppUsed":0,"ppUp":1},{"moveId":548,"ppUsed":0,"ppUp":3},{"moveId":895,"ppUsed":0,"ppUp":3},{"moveId":5019,"ppUsed":0,"ppUp":1}],"status":null,"friendship":255,"metLevel":5,"metBiome":-1,"metSpecies":647,"metWave":-1,"luck":0,"pauseEvolutions":false,"pokerus":false,"usedTMs":[58,396],"teraType":8,"isTerastallized":false,"stellarTypesBoosted":[10],"fusionSpecies":null,"fusionShiny":false,"fusionVariant":0,"fusionLuck":0,"fusionTeraType":0,"boss":false,"bossSegments":0,"summonData":{"statStages":[0,0,0,0,0,0,0],"moveQueue":[],"tags":[],"abilitySuppressed":false,"abilitiesApplied":[],"erSuppressedInnateSlots":[false,false,false],"erTimedAbilitySuppressions":[],"erAbilityProvenance":[],"erImposterCopiedAttackBoost":false,"chuckusterReductionUsed":false,"forceAttackerOutUsed":false,"erCommandedUsedThisSwitchIn":false,"stats":[0,0,0,0,0,0],"types":[],"berriesEatenLast":[],"moveHistory":[{"move":895,"targets":[2],"result":1,"useMode":1}]},"battleData":{"hitCount":0,"hasEatenBerry":false,"berriesEaten":[],"anticipationDodgeUsed":false,"rudeAwakeningTriggered":false,"cowardProtectUsed":false,"lostItems":[]},"customPokemonData":{"spriteScale":-1,"ability":-1,"passive":138,"passive2":-1,"passive3":-1,"nature":-1,"bonusMoveSlots":0,"abilityOverridesForm":false,"types":[],"hitsRecCount":null,"erBlackShiny":false,"erGiftAbilities":[],"erGiftIndex":0,"erShinyLabSuppressLocal":false,"erInnateShrineUnlocked":false,"erCursedStat":-1,"erLockedAbilitySlots":[],"erRunUnlockedAbilitySlots":[]},"fusionCustomPokemonData":{"spriteScale":-1,"ability":-1,"passive":-1,"passive2":-1,"passive3":-1,"nature":-1,"bonusMoveSlots":0,"abilityOverridesForm":false,"types":[],"hitsRecCount":null,"erBlackShiny":false,"erGiftAbilities":[],"erGiftIndex":0,"erShinyLabSuppressLocal":false,"erInnateShrineUnlocked":false,"erCursedStat":-1,"erLockedAbilitySlots":[],"erRunUnlockedAbilitySlots":[]},"mysteryEncounterPokemonData":null,"fusionMysteryEncounterPokemonData":null},{"id":718306425,"player":true,"species":10645,"formIndex":0,"abilityIndex":1,"passive":false,"shiny":false,"variant":0,"pokeball":1,"level":137,"exp":2615684,"levelExp":44331,"gender":1,"hp":436,"stats":[439,354,227,199,238,287],"ivs":[21,13,0,31,3,25],"nature":21,"moveset":[{"moveId":815,"ppUsed":0,"ppUp":0},{"moveId":103,"ppUsed":0,"ppUp":0},{"moveId":501,"ppUsed":0,"ppUp":0},{"moveId":468,"ppUsed":0,"ppUp":0}],"status":null,"friendship":100,"metLevel":25,"metBiome":18,"metSpecies":2050,"metWave":41,"luck":0,"pauseEvolutions":false,"pokerus":false,"usedTMs":[],"teraType":8,"isTerastallized":false,"stellarTypesBoosted":[],"fusionSpecies":null,"fusionShiny":false,"fusionVariant":0,"fusionLuck":0,"fusionTeraType":0,"boss":false,"bossSegments":0,"summonData":{"statStages":[0,0,0,0,0,0,0],"moveQueue":[],"tags":[],"abilitySuppressed":false,"abilitiesApplied":[252],"erSuppressedInnateSlots":[false,false,false],"erTimedAbilitySuppressions":[],"erAbilityProvenance":[],"erImposterCopiedAttackBoost":false,"chuckusterReductionUsed":false,"forceAttackerOutUsed":false,"erCommandedUsedThisSwitchIn":false,"stats":[0,0,0,0,0,0],"types":[],"berriesEatenLast":[],"moveHistory":[]},"battleData":{"hitCount":0,"hasEatenBerry":false,"berriesEaten":[],"anticipationDodgeUsed":false,"rudeAwakeningTriggered":false,"cowardProtectUsed":false,"lostItems":[]},"customPokemonData":{"spriteScale":-1,"ability":-1,"passive":-1,"passive2":-1,"passive3":-1,"nature":-1,"bonusMoveSlots":0,"abilityOverridesForm":false,"types":[],"hitsRecCount":null,"erBlackShiny":false,"erGiftAbilities":[],"erGiftIndex":0,"erShinyLabSuppressLocal":false,"erInnateShrineUnlocked":false,"erCursedStat":-1,"erLockedAbilitySlots":[],"erRunUnlockedAbilitySlots":[]},"fusionCustomPokemonData":{"spriteScale":-1,"ability":-1,"passive":-1,"passive2":-1,"passive3":-1,"nature":-1,"bonusMoveSlots":0,"abilityOverridesForm":false,"types":[],"hitsRecCount":null,"erBlackShiny":false,"erGiftAbilities":[],"erGiftIndex":0,"erShinyLabSuppressLocal":false,"erInnateShrineUnlocked":false,"erCursedStat":-1,"erLockedAbilitySlots":[],"erRunUnlockedAbilitySlots":[]},"mysteryEncounterPokemonData":null,"fusionMysteryEncounterPokemonData":null},{"id":3237999033,"player":true,"species":297,"formIndex":0,"abilityIndex":0,"passive":false,"shiny":false,"variant":0,"pokeball":1,"level":135,"exp":2719184,"levelExp":30832,"gender":0,"hp":533,"stats":[537,341,237,167,213,175],"ivs":[0,15,31,28,13,25],"nature":15,"moveset":[{"moveId":370,"ppUsed":0,"ppUp":0},{"moveId":96,"ppUsed":0,"ppUp":0},{"moveId":480,"ppUsed":0,"ppUp":0},{"moveId":689,"ppUsed":0,"ppUp":0}],"status":null,"friendship":120,"metLevel":43,"metBiome":20,"metSpecies":297,"metWave":61,"luck":0,"pauseEvolutions":false,"pokerus":false,"usedTMs":[],"teraType":1,"isTerastallized":false,"stellarTypesBoosted":[],"fusionSpecies":null,"fusionShiny":false,"fusionVariant":0,"fusionLuck":0,"fusionTeraType":0,"boss":false,"bossSegments":0,"summonData":{"statStages":[0,0,0,0,0,0,0],"moveQueue":[],"tags":[],"abilitySuppressed":false,"abilitiesApplied":[],"erSuppressedInnateSlots":[false,false,false],"erTimedAbilitySuppressions":[],"erAbilityProvenance":[],"erImposterCopiedAttackBoost":false,"chuckusterReductionUsed":false,"forceAttackerOutUsed":false,"erCommandedUsedThisSwitchIn":false,"stats":[0,0,0,0,0,0],"types":[],"berriesEatenLast":[],"moveHistory":[]},"battleData":{"hitCount":0,"hasEatenBerry":false,"berriesEaten":[],"anticipationDodgeUsed":false,"rudeAwakeningTriggered":false,"cowardProtectUsed":false,"lostItems":[]},"customPokemonData":{"spriteScale":-1,"ability":-1,"passive":-1,"passive2":-1,"passive3":-1,"nature":-1,"bonusMoveSlots":0,"abilityOverridesForm":false,"types":[],"hitsRecCount":null,"erBlackShiny":false,"erGiftAbilities":[],"erGiftIndex":0,"erShinyLabSuppressLocal":false,"erInnateShrineUnlocked":false,"erCursedStat":-1,"erLockedAbilitySlots":[],"erRunUnlockedAbilitySlots":[]},"fusionCustomPokemonData":{"spriteScale":-1,"ability":-1,"passive":-1,"passive2":-1,"passive3":-1,"nature":-1,"bonusMoveSlots":0,"abilityOverridesForm":false,"types":[],"hitsRecCount":null,"erBlackShiny":false,"erGiftAbilities":[],"erGiftIndex":0,"erShinyLabSuppressLocal":false,"erInnateShrineUnlocked":false,"erCursedStat":-1,"erLockedAbilitySlots":[],"erRunUnlockedAbilitySlots":[]},"mysteryEncounterPokemonData":null,"fusionMysteryEncounterPokemonData":null},{"id":2997500059,"player":true,"species":1,"formIndex":0,"abilityIndex":2,"passive":false,"shiny":false,"variant":0,"pokeball":0,"level":117,"exp":1646374,"levelExp":3634,"gender":1,"hp":266,"stats":[268,118,159,174,163,143],"ivs":[25,10,20,14,4,27],"nature":5,"moveset":[{"moveId":331,"ppUsed":0,"ppUp":0},{"moveId":33,"ppUsed":0,"ppUp":0},{"moveId":77,"ppUsed":0,"ppUp":0},{"moveId":74,"ppUsed":0,"ppUp":0}],"status":null,"friendship":100,"metLevel":5,"metBiome":30,"metSpecies":1,"metWave":122,"luck":0,"pauseEvolutions":true,"pokerus":false,"usedTMs":[],"teraType":11,"isTerastallized":false,"stellarTypesBoosted":[],"fusionSpecies":null,"fusionShiny":false,"fusionVariant":0,"fusionLuck":0,"fusionTeraType":0,"boss":false,"bossSegments":0,"summonData":{"statStages":[0,0,0,0,0,0,0],"moveQueue":[],"tags":[],"abilitySuppressed":false,"abilitiesApplied":[65],"erSuppressedInnateSlots":[false,false,false],"erTimedAbilitySuppressions":[],"erAbilityProvenance":[],"erImposterCopiedAttackBoost":false,"chuckusterReductionUsed":false,"forceAttackerOutUsed":false,"erCommandedUsedThisSwitchIn":false,"stats":[0,0,0,0,0,0],"types":[],"berriesEatenLast":[],"moveHistory":[]},"battleData":{"hitCount":0,"hasEatenBerry":false,"berriesEaten":[],"anticipationDodgeUsed":false,"rudeAwakeningTriggered":false,"cowardProtectUsed":false,"lostItems":[]},"customPokemonData":{"spriteScale":-1,"ability":-1,"passive":-1,"passive2":-1,"passive3":-1,"nature":-1,"bonusMoveSlots":0,"abilityOverridesForm":false,"types":[],"hitsRecCount":null,"erBlackShiny":false,"erGiftAbilities":[],"erGiftIndex":0,"erShinyLabSuppressLocal":false,"erInnateShrineUnlocked":false,"erCursedStat":-1,"erLockedAbilitySlots":[],"erRunUnlockedAbilitySlots":[]},"fusionCustomPokemonData":{"spriteScale":-1,"ability":-1,"passive":-1,"passive2":-1,"passive3":-1,"nature":-1,"bonusMoveSlots":0,"abilityOverridesForm":false,"types":[],"hitsRecCount":null,"erBlackShiny":false,"erGiftAbilities":[],"erGiftIndex":0,"erShinyLabSuppressLocal":false,"erInnateShrineUnlocked":false,"erCursedStat":-1,"erLockedAbilitySlots":[],"erRunUnlockedAbilitySlots":[]},"mysteryEncounterPokemonData":null,"fusionMysteryEncounterPokemonData":null},{"id":1487924093,"player":true,"species":663,"formIndex":0,"abilityIndex":1,"passive":false,"shiny":false,"variant":0,"pokeball":1,"level":117,"exp":1672876,"levelExp":30136,"gender":0,"hp":339,"stats":[342,228,209,210,179,336],"ivs":[12,10,31,26,27,29],"nature":4,"moveset":[{"moveId":814,"ppUsed":0,"ppUp":0},{"moveId":314,"ppUsed":0,"ppUp":0},{"moveId":297,"ppUsed":0,"ppUp":0},{"moveId":289,"ppUsed":0,"ppUp":0}],"status":null,"friendship":50,"metLevel":117,"metBiome":1,"metSpecies":663,"metWave":151,"luck":0,"pauseEvolutions":false,"pokerus":false,"usedTMs":[],"teraType":9,"isTerastallized":false,"stellarTypesBoosted":[],"fusionSpecies":null,"fusionShiny":false,"fusionVariant":0,"fusionLuck":0,"fusionTeraType":0,"boss":false,"bossSegments":0,"summonData":{"statStages":[0,0,0,0,0,0,0],"moveQueue":[],"tags":[],"abilitySuppressed":false,"abilitiesApplied":[],"erSuppressedInnateSlots":[false,false,false],"erTimedAbilitySuppressions":[],"erAbilityProvenance":[],"erImposterCopiedAttackBoost":false,"chuckusterReductionUsed":false,"forceAttackerOutUsed":false,"erCommandedUsedThisSwitchIn":false,"stats":[0,0,0,0,0,0],"types":[],"berriesEatenLast":[],"moveHistory":[]},"battleData":{"hitCount":0,"hasEatenBerry":false,"berriesEaten":[],"anticipationDodgeUsed":false,"rudeAwakeningTriggered":false,"cowardProtectUsed":false,"lostItems":[]},"customPokemonData":{"spriteScale":-1,"ability":-1,"passive":-1,"passive2":-1,"passive3":-1,"nature":-1,"bonusMoveSlots":0,"abilityOverridesForm":false,"types":[],"hitsRecCount":null,"erBlackShiny":false,"erGiftAbilities":[],"erGiftIndex":0,"erShinyLabSuppressLocal":false,"erInnateShrineUnlocked":false,"erCursedStat":-1,"erLockedAbilitySlots":[],"erRunUnlockedAbilitySlots":[]},"fusionCustomPokemonData":{"spriteScale":-1,"ability":-1,"passive":-1,"passive2":-1,"passive3":-1,"nature":-1,"bonusMoveSlots":0,"abilityOverridesForm":false,"types":[],"hitsRecCount":null,"erBlackShiny":false,"erGiftAbilities":[],"erGiftIndex":0,"erShinyLabSuppressLocal":false,"erInnateShrineUnlocked":false,"erCursedStat":-1,"erLockedAbilitySlots":[],"erRunUnlockedAbilitySlots":[]},"mysteryEncounterPokemonData":null,"fusionMysteryEncounterPokemonData":null}],"modifiers":[{"player":true,"typeId":"MAP","args":[],"stackCount":3,"className":"MapModifier"},{"player":true,"typeId":"SUPER_EXP_CHARM","args":[60],"stackCount":6,"className":"ExpBoosterModifier"},{"player":true,"typeId":"EXP_SHARE","args":[],"stackCount":2,"className":"ExpShareModifier"},{"player":true,"typeId":"EXP_CHARM","args":[25],"stackCount":12,"className":"ExpBoosterModifier"},{"player":true,"typeId":"SOUL_DEW","args":[1828251100],"stackCount":2,"className":"PokemonNatureWeightModifier"},{"player":true,"typeId":"BASE_STAT_BOOSTER","typePregenArgs":[4],"args":[1828251100,4],"stackCount":2,"className":"BaseStatModifier"},{"player":true,"typeId":"CANDY_JAR","args":[],"stackCount":2,"className":"LevelIncrementBoosterModifier"},{"player":true,"typeId":"KINGS_ROCK","args":[1828251100],"stackCount":3,"className":"FlinchChanceModifier"},{"player":true,"typeId":"SOOTHE_BELL","args":[1828251100],"stackCount":3,"className":"PokemonFriendshipBoosterModifier"},{"player":true,"typeId":"GOLDEN_POKEBALL","args":[],"stackCount":3,"className":"ExtraModifierModifier"},{"player":true,"typeId":"BASE_STAT_BOOSTER","typePregenArgs":[3],"args":[1828251100,3],"stackCount":3,"className":"BaseStatModifier"},{"player":true,"typeId":"ER_WISE_GLASSES","args":[1828251100,"wiseGlasses",false,0],"stackCount":1,"className":"ErTacticalItemModifier"},{"player":true,"typeId":"GOLDEN_PUNCH","args":[1828251100],"stackCount":5,"className":"DamageMoneyRewardModifier"},{"player":true,"typeId":"FOCUS_BAND","args":[1828251100],"stackCount":5,"className":"SurviveDamageModifier"},{"player":true,"typeId":"ER_HEAVY_DUTY_BOOTS","args":[1828251100,"heavyDutyBoots",false,0],"stackCount":1,"className":"ErTacticalItemModifier"},{"player":true,"typeId":"ER_EXPERT_BELT","args":[1828251100,"expertBelt",false,0],"stackCount":1,"className":"ErTacticalItemModifier"},{"player":true,"typeId":"SHELL_BELL","args":[1828251100],"stackCount":1,"className":"HitHealModifier"},{"player":true,"typeId":"WIDE_LENS","args":[1828251100,5],"stackCount":1,"className":"PokemonMoveAccuracyBoosterModifier"},{"player":true,"typeId":"ER_RELIC_MERCHANTS_SEAL","args":["merchantsSeal",null],"stackCount":1,"className":"ErRelicModifier"},{"player":true,"typeId":"TERA_ORB","args":[],"stackCount":1,"className":"TerastallizeAccessModifier"},{"player":true,"typeId":"REVIVER_SEED","args":[1828251100],"stackCount":1,"className":"PokemonInstantReviveModifier"},{"player":true,"typeId":"ER_LUCKY_HEART","args":[1828251100,"luckyHeart",2,0],"stackCount":2,"className":"ErCommunityItemModifier"},{"player":true,"typeId":"BASE_STAT_BOOSTER","typePregenArgs":[2],"args":[1828251100,2],"stackCount":4,"className":"BaseStatModifier"},{"player":true,"typeId":"BASE_STAT_BOOSTER","typePregenArgs":[5],"args":[1828251100,5],"stackCount":1,"className":"BaseStatModifier"},{"player":true,"typeId":"BASE_STAT_BOOSTER","typePregenArgs":[0],"args":[1828251100,0],"stackCount":6,"className":"BaseStatModifier"},{"player":true,"typeId":"ER_COPPER_ROD","args":[1828251100,"copperRod",2,0],"stackCount":1,"className":"ErCommunityItemModifier"},{"player":true,"typeId":"LEFTOVERS","args":[1828251100],"stackCount":1,"className":"TurnHealModifier"},{"player":true,"typeId":"ER_CLEAR_AMULET","args":[1828251100,"clearAmulet",false,0],"stackCount":1,"className":"ErTacticalItemModifier"},{"player":true,"typeId":"AMULET_COIN","args":[],"stackCount":2,"className":"MoneyMultiplierModifier"},{"player":true,"typeId":"MEGA_BRACELET","args":[],"stackCount":1,"className":"MegaEvolutionAccessModifier"},{"player":true,"typeId":"ER_COVERT_CLOAK","args":[1828251100,"covertCloak",false,0],"stackCount":1,"className":"ErTacticalItemModifier"},{"player":true,"typeId":"BERRY","typePregenArgs":[10],"args":[1828251100,10],"stackCount":2,"className":"BerryModifier"},{"player":true,"typeId":"BERRY","typePregenArgs":[10],"args":[718306425,10],"stackCount":2,"className":"BerryModifier"},{"player":true,"typeId":"BERRY","typePregenArgs":[10],"args":[3237999033,10],"stackCount":1,"className":"BerryModifier"},{"player":true,"typeId":"BASE_STAT_BOOSTER","typePregenArgs":[0],"args":[1487924093,0],"stackCount":1,"className":"BaseStatModifier"},{"player":true,"typeId":"BERRY","typePregenArgs":[0],"args":[1487924093,0],"stackCount":1,"className":"BerryModifier"}],"money":78008,"pokeballCounts":{"0":30,"1":15,"2":0,"3":0,"4":0}}}
