{
  "invariant": "no-park",
  "seed": 20260809,
  "wave": 8,
  "detail": "wave driving threw (strand/stall): guest reward WATCH HANG: watcher neither left nor advanced past interaction 8 after 32 drains (owner terminal never arrived) - see dev-logs/coop-duo/",
  "replay": "SOAK_SEED=20260809",
  "phaseState": {
    "hostPhase": "SelectModifierPhase",
    "guestPhase": "SelectModifierPhase",
    "hostInteractionCounter": 8,
    "guestInteractionCounter": 8,
    "hostWave": 8,
    "hostBattleType": 1,
    "hostPlayerField": [
      {
        "id": 6505867,
        "battlerIndex": -1,
        "speciesId": 149,
        "speciesName": "Dragonite",
        "hp": 213,
        "maxHp": 213,
        "fainted": false,
        "status": 0,
        "statStages": [
          0,
          0,
          0,
          0,
          0,
          0,
          0
        ],
        "moves": [
          {
            "id": 262,
            "ppUsed": 0
          },
          {
            "id": 247,
            "ppUsed": 0
          },
          {
            "id": 53,
            "ppUsed": 1
          },
          {
            "id": 85,
            "ppUsed": 0
          }
        ],
        "coopOwner": "host"
      },
      {
        "id": 965005178,
        "battlerIndex": -1,
        "speciesId": 248,
        "speciesName": "Tyranitar",
        "hp": 225,
        "maxHp": 225,
        "fainted": false,
        "status": 0,
        "statStages": [
          0,
          0,
          0,
          0,
          0,
          0,
          0
        ],
        "moves": [
          {
            "id": 262,
            "ppUsed": 0
          },
          {
            "id": 247,
            "ppUsed": 0
          },
          {
            "id": 53,
            "ppUsed": 0
          },
          {
            "id": 85,
            "ppUsed": 1
          }
        ],
        "coopOwner": "guest"
      }
    ],
    "hostEnemyField": [
      {
        "id": 131096181,
        "battlerIndex": -1,
        "speciesId": 387,
        "speciesName": "Turtwig",
        "hp": 0,
        "maxHp": 27,
        "fainted": true,
        "status": 7,
        "statStages": [
          0,
          0,
          0,
          0,
          0,
          0,
          0
        ],
        "moves": [
          {
            "id": 5029,
            "ppUsed": 0
          },
          {
            "id": 110,
            "ppUsed": 0
          },
          {
            "id": 33,
            "ppUsed": 0
          },
          {
            "id": 452,
            "ppUsed": 0
          }
        ]
      },
      {
        "id": 3183191855,
        "battlerIndex": -1,
        "speciesId": 16,
        "speciesName": "Pidgey",
        "hp": 0,
        "maxHp": 22,
        "fainted": true,
        "status": 7,
        "statStages": [
          0,
          0,
          0,
          0,
          0,
          0,
          0
        ],
        "moves": [
          {
            "id": 314,
            "ppUsed": 0
          },
          {
            "id": 211,
            "ppUsed": 0
          },
          {
            "id": 98,
            "ppUsed": 0
          },
          {
            "id": 28,
            "ppUsed": 0
          }
        ]
      }
    ],
    "guestPlayerField": [
      {
        "id": 6505867,
        "battlerIndex": 0,
        "speciesId": 149,
        "speciesName": "Dragonite",
        "hp": 213,
        "maxHp": 213,
        "fainted": false,
        "status": 0,
        "statStages": [
          0,
          0,
          0,
          0,
          0,
          0,
          0
        ],
        "moves": [
          {
            "id": 262,
            "ppUsed": 0
          },
          {
            "id": 247,
            "ppUsed": 0
          },
          {
            "id": 53,
            "ppUsed": 1
          },
          {
            "id": 85,
            "ppUsed": 0
          }
        ],
        "coopOwner": "host"
      },
      {
        "id": 965005178,
        "battlerIndex": 1,
        "speciesId": 248,
        "speciesName": "Tyranitar",
        "hp": 225,
        "maxHp": 225,
        "fainted": false,
        "status": 0,
        "statStages": [
          0,
          0,
          0,
          0,
          0,
          0,
          0
        ],
        "moves": [
          {
            "id": 262,
            "ppUsed": 0
          },
          {
            "id": 247,
            "ppUsed": 0
          },
          {
            "id": 53,
            "ppUsed": 0
          },
          {
            "id": 85,
            "ppUsed": 1
          }
        ],
        "coopOwner": "guest"
      }
    ],
    "guestEnemyField": [
      {
        "id": 131096181,
        "battlerIndex": 2,
        "speciesId": 387,
        "speciesName": "Turtwig",
        "hp": 0,
        "maxHp": 27,
        "fainted": true,
        "status": 7,
        "statStages": [
          0,
          0,
          0,
          0,
          0,
          0,
          0
        ],
        "moves": [
          {
            "id": 5029,
            "ppUsed": 0
          },
          {
            "id": 110,
            "ppUsed": 0
          },
          {
            "id": 33,
            "ppUsed": 0
          },
          {
            "id": 452,
            "ppUsed": 0
          }
        ]
      },
      {
        "id": 3183191855,
        "battlerIndex": 3,
        "speciesId": 16,
        "speciesName": "Pidgey",
        "hp": 0,
        "maxHp": 22,
        "fainted": true,
        "status": 7,
        "statStages": [
          0,
          0,
          0,
          0,
          0,
          0,
          0
        ],
        "moves": [
          {
            "id": 314,
            "ppUsed": 0
          },
          {
            "id": 211,
            "ppUsed": 0
          },
          {
            "id": 98,
            "ppUsed": 0
          },
          {
            "id": 28,
            "ppUsed": 0
          }
        ]
      }
    ]
  },
  "actionScript": [
    "SKIP mysteryEncounterDisabledV1",
    "content seed=coop-soak-20260809 preseeded=false",
    "wave 1 turn 1: replay guest crossed cmd:1:1 through real public COMMAND=opened",
    "wave 1: host slot move=53 guest slot move=53",
    "wave 1 turn 1: guest SWITCH -> party[3]",
    "wave 1 turn 1: progress enemyHp=[16:0/14,263:13/14] playerHp=[143:303/303,248:224/225]",
    "wave 1 turn 2: replay guest crossed cmd:1:2 through real public COMMAND=opened",
    "wave 1 turn 2: guest SWITCH -> party[3]",
    "wave 1: reward shop owner=host take-nonparty",
    "wave 2 turn 1: replay guest crossed cmd:2:1 through real public COMMAND=opened",
    "wave 2 turn 1: staged guest-owned lead at 1 HP on both engines",
    "wave 2: host slot move=85 guest slot move=85",
    "wave 2 turn 1: forced-faint guest MEMENTO self-KO",
    "wave 2 turn 1: progress enemyHp=[819:0/15,915:17/17] playerHp=[143:297/303,94:0/179]",
    "wave 2 turn 2: replay guest crossed cmd:2:2 through real public COMMAND=opened",
    "wave 2: reward shop owner=guest take-nonparty",
    "wave 3 turn 1: replay guest crossed cmd:3:1 through real public COMMAND=opened",
    "wave 3: host slot move=53 guest slot move=53",
    "wave 3 turn 1: progress enemyHp=[263:0/16,664:0/16] playerHp=[143:297/303,248:225/225]",
    "wave 3: reward shop owner=host leave",
    "wave 4 turn 1: replay guest crossed cmd:4:1 through real public COMMAND=opened",
    "wave 4: host slot move=247 guest slot move=247",
    "wave 4 turn 1: progress enemyHp=[543:0/17,69:0/18] playerHp=[143:297/303,248:225/225]",
    "wave 4: reward shop owner=guest take-nonparty",
    "wave 5 turn 1: replay guest crossed cmd:5:1 through real public COMMAND=opened",
    "wave 5: TRAINER (fixed)",
    "wave 5: host slot move=247 guest slot move=53",
    "wave 5 turn 1: progress enemyHp=[10:0/18,504:0/18] playerHp=[143:297/303,248:225/225]",
    "wave 5: reward shop owner=host leave",
    "wave 5: guest chose Crossroads Leave through public UI",
    "wave 5: guest drove World Map via public UI=true and both consumed 1829119622747297:1:BIOME_PICK:9700005",
    "wave 6 turn 1: replay guest crossed cmd:6:1 through real public COMMAND=opened",
    "wave 6: BIOME 0->1",
    "wave 6 turn 1: host SWITCH -> party[2]",
    "wave 6: host slot move=85 guest slot move=53",
    "wave 6 turn 1: progress enemyHp=[263:20/20,261:0/18] playerHp=[149:213/213,248:225/225]",
    "wave 6 turn 2: replay guest crossed cmd:6:2 through real public COMMAND=opened",
    "wave 6: reward shop owner=host take-nonparty",
    "wave 7 turn 1: replay guest crossed cmd:7:1 through real public COMMAND=opened",
    "wave 7: host slot move=53 guest slot move=53",
    "wave 7 turn 1: progress enemyHp=[16:0/22,915:0/21] playerHp=[149:213/213,248:225/225]",
    "wave 7: reward shop owner=guest leave",
    "wave 8 turn 1: replay guest crossed cmd:8:1 through real public COMMAND=opened",
    "wave 8: TRAINER (fixed)",
    "wave 8: host slot move=53 guest slot move=85",
    "wave 8 turn 1: progress enemyHp=[387:0/27,16:0/22] playerHp=[149:213/213,248:225/225]"
  ]
}