{
  "invariant": "no-park",
  "seed": 20260905,
  "wave": 34,
  "detail": "wave driving threw (strand/stall): guest replay HANG: stuck on CoopGuestFaintSwitchPhase - see dev-logs/coop-duo/",
  "replay": "SOAK_SEED=20260905",
  "phaseState": {
    "hostPhase": "EggLapsePhase",
    "guestPhase": "CoopGuestFaintSwitchPhase",
    "hostInteractionCounter": 39,
    "guestInteractionCounter": 39,
    "hostWave": 34,
    "hostBattleType": 0,
    "hostPlayerField": [
      {
        "id": 4180123139,
        "battlerIndex": -1,
        "speciesId": 890,
        "speciesName": "Eternatus",
        "hp": 2065,
        "maxHp": 2065,
        "fainted": false,
        "status": 0,
        "statStages": [
          0,
          0,
          0,
          0,
          0,
          0,
          0
        ],
        "moves": [
          {
            "id": 34,
            "ppUsed": 0
          },
          {
            "id": 247,
            "ppUsed": 0
          },
          {
            "id": 53,
            "ppUsed": 0
          },
          {
            "id": 85,
            "ppUsed": 0
          }
        ],
        "coopOwner": "host"
      },
      {
        "id": 1413978785,
        "battlerIndex": -1,
        "speciesId": 150,
        "speciesName": "Mewtwo",
        "hp": 0,
        "maxHp": 1725,
        "fainted": true,
        "status": 7,
        "statStages": [
          0,
          0,
          0,
          0,
          0,
          0,
          0
        ],
        "moves": [
          {
            "id": 34,
            "ppUsed": 0
          },
          {
            "id": 247,
            "ppUsed": 0
          },
          {
            "id": 53,
            "ppUsed": 0
          },
          {
            "id": 85,
            "ppUsed": 0
          }
        ],
        "coopOwner": "guest"
      }
    ],
    "hostEnemyField": [
      {
        "id": 3481450087,
        "battlerIndex": -1,
        "speciesId": 999,
        "speciesName": "Gimmighoul",
        "hp": 0,
        "maxHp": 70,
        "fainted": true,
        "status": 7,
        "statStages": [
          0,
          0,
          0,
          0,
          0,
          0,
          0
        ],
        "moves": [
          {
            "id": 466,
            "ppUsed": 1
          },
          {
            "id": 511,
            "ppUsed": 0
          },
          {
            "id": 33,
            "ppUsed": 0
          },
          {
            "id": 425,
            "ppUsed": 0
          }
        ]
      },
      {
        "id": 927768615,
        "battlerIndex": -1,
        "speciesId": 999,
        "speciesName": "Gimmighoul",
        "hp": 0,
        "maxHp": 67,
        "fainted": true,
        "status": 7,
        "statStages": [
          0,
          0,
          0,
          0,
          0,
          0,
          0
        ],
        "moves": [
          {
            "id": 466,
            "ppUsed": 0
          },
          {
            "id": 511,
            "ppUsed": 0
          },
          {
            "id": 425,
            "ppUsed": 0
          },
          {
            "id": 33,
            "ppUsed": 0
          }
        ]
      }
    ],
    "guestPlayerField": [
      {
        "id": 4180123139,
        "battlerIndex": 0,
        "speciesId": 890,
        "speciesName": "Eternatus",
        "hp": 2065,
        "maxHp": 2065,
        "fainted": false,
        "status": 0,
        "statStages": [
          0,
          0,
          0,
          0,
          0,
          0,
          0
        ],
        "moves": [
          {
            "id": 34,
            "ppUsed": 0
          },
          {
            "id": 247,
            "ppUsed": 0
          },
          {
            "id": 53,
            "ppUsed": 0
          },
          {
            "id": 85,
            "ppUsed": 0
          }
        ],
        "coopOwner": "host"
      },
      {
        "id": 1413978785,
        "battlerIndex": 1,
        "speciesId": 150,
        "speciesName": "Mewtwo",
        "hp": 0,
        "maxHp": 1725,
        "fainted": true,
        "status": 7,
        "statStages": [
          0,
          0,
          0,
          0,
          0,
          0,
          0
        ],
        "moves": [
          {
            "id": 34,
            "ppUsed": 0
          },
          {
            "id": 247,
            "ppUsed": 0
          },
          {
            "id": 53,
            "ppUsed": 0
          },
          {
            "id": 85,
            "ppUsed": 0
          }
        ],
        "coopOwner": "guest"
      }
    ],
    "guestEnemyField": [
      {
        "id": 3481450087,
        "battlerIndex": 2,
        "speciesId": 999,
        "speciesName": "Gimmighoul",
        "hp": 0,
        "maxHp": 70,
        "fainted": true,
        "status": 7,
        "statStages": [
          0,
          0,
          0,
          0,
          0,
          0,
          0
        ],
        "moves": [
          {
            "id": 466,
            "ppUsed": 1
          },
          {
            "id": 511,
            "ppUsed": 0
          },
          {
            "id": 33,
            "ppUsed": 0
          },
          {
            "id": 425,
            "ppUsed": 0
          }
        ]
      },
      {
        "id": 927768615,
        "battlerIndex": 3,
        "speciesId": 999,
        "speciesName": "Gimmighoul",
        "hp": 0,
        "maxHp": 67,
        "fainted": true,
        "status": 7,
        "statStages": [
          0,
          0,
          0,
          0,
          0,
          0,
          0
        ],
        "moves": [
          {
            "id": 466,
            "ppUsed": 0
          },
          {
            "id": 511,
            "ppUsed": 0
          },
          {
            "id": 425,
            "ppUsed": 0
          },
          {
            "id": 33,
            "ppUsed": 0
          }
        ]
      }
    ]
  },
  "actionScript": [
    "SKIP mysteryEncounterDisabledV1",
    "content seed=coop-soak-20260905 preseeded=false",
    "wave 1 turn 1: committed frontier omitted seat 1; guest remained a replay spectator until host action",
    "wave 1: host slot move=34 guest slot move=0",
    "wave 1 turn 1: progress enemyHp=[16:0/14] playerHp=[890:2065/2065]",
    "wave 1: reward shop owner=host leave",
    "wave 2 turn 1: replay guest crossed cmd:2:1 through real public COMMAND=opened",
    "wave 2: host slot move=53 guest slot move=34",
    "wave 2 turn 1: progress enemyHp=[572:0/14,283:14/14] playerHp=[890:2065/2065,384:1715/1715]",
    "wave 2 turn 2: replay guest crossed cmd:2:2 through real public COMMAND=opened",
    "wave 2: reward shop owner=guest take-nonparty",
    "wave 3 turn 1: replay guest crossed cmd:3:1 through real public COMMAND=opened",
    "wave 3: host slot move=53 guest slot move=85",
    "wave 3 turn 1: progress enemyHp=[396:16/16,831:0/16] playerHp=[890:2065/2065,384:1715/1715]",
    "wave 3 turn 2: replay guest crossed cmd:3:2 through real public COMMAND=opened",
    "wave 3: reward shop owner=host take-nonparty",
    "wave 4 turn 1: replay guest crossed cmd:4:1 through real public COMMAND=opened",
    "wave 4: host slot move=34 guest slot move=34",
    "wave 4 turn 1: guest SWITCH -> party[3]",
    "wave 4 turn 1: progress enemyHp=[29:0/19,276:18/18] playerHp=[890:2065/2065,150:1725/1725]",
    "wave 4 turn 2: replay guest crossed cmd:4:2 through real public COMMAND=opened",
    "wave 4: reward shop owner=guest leave",
    "wave 5 turn 1: replay guest crossed cmd:5:1 through real public COMMAND=opened",
    "wave 5: TRAINER (fixed)",
    "wave 5: host slot move=53 guest slot move=85",
    "wave 5 turn 1: progress enemyHp=[399:0/20,504:0/18] playerHp=[890:2065/2065,150:1725/1725]",
    "wave 5: reward shop owner=host take-nonparty",
    "wave 5: guest chose Crossroads Leave through public UI",
    "wave 5: guest drove World Map via public UI=true and both consumed 1831519944950416:1:BIOME_PICK:9700005",
    "wave 6 turn 1: replay guest crossed cmd:6:1 through real public COMMAND=opened",
    "wave 6: BIOME 0->1",
    "wave 6: host slot move=53 guest slot move=34",
    "wave 6 turn 1: guest SWITCH -> party[3]",
    "wave 6 turn 1: progress enemyHp=[819:0/23,261:20/20] playerHp=[890:2065/2065,384:1715/1715]",
    "wave 6 turn 2: replay guest crossed cmd:6:2 through real public COMMAND=opened",
    "wave 6: reward shop owner=host leave",
    "wave 7 turn 1: replay guest crossed cmd:7:1 through real public COMMAND=opened",
    "wave 7: host slot move=85 guest slot move=53",
    "wave 7 turn 1: progress enemyHp=[744:0/21,915:0/21] playerHp=[890:2065/2065,384:1715/1715]",
    "wave 7: reward shop owner=guest take-nonparty",
    "wave 8 turn 1: replay guest crossed cmd:8:1 through real public COMMAND=opened",
    "wave 8: TRAINER (fixed)",
    "wave 8: host slot move=34 guest slot move=85",
    "wave 8 turn 1: progress enemyHp=[653:0/24,519:0/26] playerHp=[890:2065/2065,384:1715/1715]",
    "wave 8: reward shop owner=host leave",
    "wave 9 turn 1: replay guest crossed cmd:9:1 through real public COMMAND=opened",
    "wave 9: host slot move=85 guest slot move=53",
    "wave 9 turn 1: progress enemyHp=[263:0/24,161:0/22] playerHp=[890:2065/2065,384:1715/1715]",
    "wave 9: reward shop owner=guest leave",
    "wave 10 turn 1: replay guest crossed cmd:10:1 through real public COMMAND=opened",
    "wave 10 turn 1: host SWITCH -> party[2]",
    "wave 10: host slot move=34 guest slot move=34",
    "wave 10 turn 1: progress enemyHp=[84:30/30,84:0/25] playerHp=[493:1865/1865,384:1711/1715]",
    "wave 10 turn 2: replay guest crossed cmd:10:2 through real public COMMAND=opened",
    "wave 10: biome market owner=host leave",
    "wave 10: drained 1 milestone reward continuation(s)",
    "wave 10: guest chose Crossroads Leave through public UI",
    "wave 10: guest drove World Map via public UI=true and both consumed 1831519944950416:1:BIOME_PICK:9700011",
    "wave 11 turn 1: replay guest crossed cmd:11:1 through real public COMMAND=opened",
    "wave 11: BIOME 1->2",
    "wave 11: host slot move=85 guest slot move=247",
    "wave 11 turn 1: progress enemyHp=[541:29/29,543:0/23] playerHp=[493:1865/1865,384:1715/1715]",
    "wave 11 turn 2: replay guest crossed cmd:11:2 through real public COMMAND=opened",
    "wave 11: reward shop owner=host take-nonparty",
    "wave 12 turn 1: replay guest crossed cmd:12:1 through real public COMMAND=opened",
    "wave 12: host slot move=34 guest slot move=53",
    "wave 12 turn 1: progress enemyHp=[548:0/27,273:0/26] playerHp=[493:1865/1865,384:1715/1715]",
    "wave 12: reward shop owner=guest leave",
    "wave 13 turn 1: replay guest crossed cmd:13:1 through real public COMMAND=opened",
    "wave 13 turn 1: host SWITCH -> party[2]",
    "wave 13: host slot move=247 guest slot move=85",
    "wave 13 turn 1: guest SWITCH -> party[3]",
    "wave 13 turn 1: progress enemyHp=[268:30/30,285:32/32] playerHp=[890:2065/2065,150:1720/1725]",
    "wave 13 turn 2: replay guest crossed cmd:13:2 through real public COMMAND=opened",
    "wave 13: reward shop owner=host leave",
    "wave 14 turn 1: replay guest crossed cmd:14:1 through real public COMMAND=opened",
    "wave 14: host slot move=53 guest slot move=34",
    "wave 14 turn 1: progress enemyHp=[546:0/28,438:1/30] playerHp=[890:2065/2065,150:1720/1725]",
    "wave 14 turn 2: replay guest crossed cmd:14:2 through real public COMMAND=opened",
    "wave 14: reward shop owner=guest take-nonparty",
    "wave 15 turn 1: replay guest crossed cmd:15:1 through real public COMMAND=opened",
    "wave 15: host slot move=85 guest slot move=247",
    "wave 15 turn 1: progress enemyHp=[543:0/29,590:0/36] playerHp=[890:2065/2065,150:1720/1725]",
    "wave 15: reward shop owner=host leave",
    "wave 15: guest chose Crossroads Leave through public UI",
    "wave 15: guest drove World Map via public UI=true and both consumed 1831519944950416:1:BIOME_PICK:9700017",
    "wave 16 turn 1: replay guest crossed cmd:16:1 through real public COMMAND=opened",
    "wave 16: BIOME 2->3",
    "wave 16 turn 1: host SWITCH -> party[2]",
    "wave 16: host slot move=85 guest slot move=53",
    "wave 16 turn 1: progress enemyHp=[401:30/30,43:0/32] playerHp=[493:1863/1865,150:1718/1725]",
    "wave 16 turn 2: replay guest crossed cmd:16:2 through real public COMMAND=opened",
    "wave 16: reward shop owner=host leave",
    "wave 17 turn 1: replay guest crossed cmd:17:1 through real public COMMAND=opened",
    "wave 17 turn 1: host SWITCH -> party[2]",
    "wave 17: host slot move=247 guest slot move=85",
    "wave 17 turn 1: progress enemyHp=[290:31/31,167:0/33] playerHp=[890:2065/2065,150:1718/1725]",
    "wave 17 turn 2: replay guest crossed cmd:17:2 through real public COMMAND=opened",
    "wave 17 turn 2: host SWITCH -> party[2]",
    "wave 17: reward shop owner=guest take-nonparty",
    "wave 18 turn 1: replay guest crossed cmd:18:1 through real public COMMAND=opened",
    "wave 18: host slot move=53 guest slot move=34",
    "wave 18 turn 1: progress enemyHp=[753:0/33,919:0/33] playerHp=[493:1865/1865,150:1718/1725]",
    "wave 18: reward shop owner=host leave",
    "wave 19 turn 1: replay guest crossed cmd:19:1 through real public COMMAND=opened",
    "wave 19: host slot move=85 guest slot move=247",
    "wave 19 turn 1: progress enemyHp=[46:0/34,176:0/42] playerHp=[493:1865/1865,150:1718/1725]",
    "wave 19: reward shop owner=guest take-nonparty",
    "wave 20 turn 1: replay guest crossed cmd:20:1 through real public COMMAND=opened",
    "wave 20: host slot move=34 guest slot move=53",
    "wave 20 turn 1: progress enemyHp=[753:0/35,167:0/35] playerHp=[493:1865/1865,150:1718/1725]",
    "wave 20: biome market owner=host leave",
    "wave 20: drained 1 milestone reward continuation(s)",
    "wave 20: guest chose Crossroads Leave through public UI",
    "wave 20: guest drove World Map via public UI=true and both consumed 1831519944950416:1:BIOME_PICK:9700023",
    "wave 21 turn 1: replay guest crossed cmd:21:1 through real public COMMAND=opened",
    "wave 21: BIOME 3->5",
    "wave 21: host slot move=247 guest slot move=85",
    "wave 21 turn 1: progress enemyHp=[204:40/40,543:0/36] playerHp=[493:1865/1865,150:1725/1725]",
    "wave 21 turn 2: replay guest crossed cmd:21:2 through real public COMMAND=opened",
    "wave 21 turn 2: host SWITCH -> party[2]",
    "wave 21 turn 2: guest SWITCH -> party[3]",
    "wave 21 turn 3: replay guest crossed cmd:21:3 through real public COMMAND=opened",
    "wave 21 turn 4: replay guest crossed cmd:21:4 through real public COMMAND=opened",
    "wave 21 turn 4: host SWITCH -> party[2]",
    "wave 21: reward shop owner=host take-nonparty",
    "wave 22 turn 1: replay guest crossed cmd:22:1 through real public COMMAND=opened",
    "wave 22: host slot move=53 guest slot move=34",
    "wave 22 turn 1: progress enemyHp=[48:0/42,273:0/39] playerHp=[493:1865/1865,384:1715/1715]",
    "wave 22: reward shop owner=guest take-nonparty",
    "wave 23 turn 1: replay guest crossed cmd:23:1 through real public COMMAND=opened",
    "wave 23: host slot move=85 guest slot move=247",
    "wave 23 turn 1: progress enemyHp=[23:0/43,269:0/52] playerHp=[493:1865/1865,384:1715/1715]",
    "wave 23: reward shop owner=host leave",
    "wave 24 turn 1: replay guest crossed cmd:24:1 through real public COMMAND=opened",
    "wave 24: host slot move=53 guest slot move=34",
    "wave 24 turn 1: progress enemyHp=[825:46/46,944:0/41] playerHp=[493:1862/1865,384:1712/1715]",
    "wave 24 turn 2: replay guest crossed cmd:24:2 through real public COMMAND=opened",
    "wave 24: reward shop owner=guest take-nonparty",
    "wave 25 turn 1: replay guest crossed cmd:25:1 through real public COMMAND=opened",
    "wave 25: TRAINER (fixed)",
    "wave 25: host slot move=247 guest slot move=85",
    "wave 25 turn 1: progress enemyHp=[654:0/54,520:0/60] playerHp=[493:1862/1865,384:1712/1715]",
    "wave 25 turn 2: replay guest crossed cmd:25:2 through real public COMMAND=opened",
    "wave 25: reward shop owner=host leave",
    "wave 25: guest chose Crossroads Leave through public UI",
    "wave 25: guest drove World Map via public UI=true and both consumed 1831519944950416:1:BIOME_PICK:9700029",
    "wave 26 turn 1: replay guest crossed cmd:26:1 through real public COMMAND=opened",
    "wave 26: BIOME 5->27",
    "wave 26: host slot move=53 guest slot move=34",
    "wave 26 turn 1: progress enemyHp=[285:0/55,753:0/50] playerHp=[493:1865/1865,384:1712/1715]",
    "wave 26: reward shop owner=host leave",
    "wave 27 turn 1: replay guest crossed cmd:27:1 through real public COMMAND=opened",
    "wave 27: host slot move=34 guest slot move=53",
    "wave 27 turn 1: progress enemyHp=[732:0/55,133:0/53] playerHp=[493:1865/1865,384:1709/1715]",
    "wave 27: reward shop owner=guest leave",
    "wave 27: drained 1 milestone reward continuation(s)",
    "wave 28 turn 1: replay guest crossed cmd:28:1 through real public COMMAND=opened",
    "wave 28: host slot move=34 guest slot move=53",
    "wave 28 turn 1: progress enemyHp=[285:0/60,595:0/53] playerHp=[493:1865/1865,384:1709/1715]",
    "wave 28: reward shop owner=host leave",
    "wave 28: drained 1 milestone reward continuation(s)",
    "wave 29 turn 1: replay guest crossed cmd:29:1 through real public COMMAND=opened",
    "wave 29: host slot move=247 guest slot move=85",
    "wave 29 turn 1: progress enemyHp=[509:0/56,515:0/64] playerHp=[493:1865/1865,384:1709/1715]",
    "wave 29: reward shop owner=guest take-nonparty",
    "wave 30 turn 1: replay guest crossed cmd:30:1 through real public COMMAND=opened",
    "wave 30: TRAINER (random)",
    "wave 30: host slot move=53 guest slot move=34",
    "wave 30 turn 1: progress enemyHp=[723:0/67,70047:0/58] playerHp=[493:1865/1865,384:1709/1715]",
    "wave 30 turn 2: replay guest crossed cmd:30:2 through real public COMMAND=opened",
    "wave 30 turn 2: guest SWITCH -> party[3]",
    "wave 30: biome market owner=host leave",
    "wave 30: drained 1 milestone reward continuation(s)",
    "wave 30: guest chose Crossroads Leave through public UI",
    "wave 30: guest drove World Map via public UI=true and both consumed 1831519944950416:1:BIOME_PICK:9700035",
    "wave 31 turn 1: replay guest crossed cmd:31:1 through real public COMMAND=opened",
    "wave 31: BIOME 27->29",
    "wave 31: host slot move=53 guest slot move=85",
    "wave 31 turn 1: progress enemyHp=[999:0/56,679:0/51] playerHp=[493:1865/1865,150:1725/1725]",
    "wave 31: reward shop owner=host leave",
    "wave 31: drained 1 milestone reward continuation(s)",
    "wave 32 turn 1: replay guest crossed cmd:32:1 through real public COMMAND=opened",
    "wave 32: host slot move=34 guest slot move=53",
    "wave 32 turn 1: progress enemyHp=[104:0/56,92:0/46] playerHp=[493:1865/1865,150:1294/1725]",
    "wave 32: reward shop owner=guest leave",
    "wave 33 turn 1: replay guest crossed cmd:33:1 through real public COMMAND=opened",
    "wave 33: host slot move=53 guest slot move=85",
    "wave 33 turn 1: progress enemyHp=[679:0/54,433:0/56] playerHp=[493:1865/1865,150:863/1725]",
    "wave 33: reward shop owner=host leave",
    "wave 33: drained 1 milestone reward continuation(s)",
    "wave 34 turn 1: replay guest crossed cmd:34:1 through real public COMMAND=opened",
    "wave 34 turn 1: host SWITCH -> party[2]",
    "wave 34: host slot move=53 guest slot move=53",
    "wave 34 turn 1: progress enemyHp=[999:70/70,999:0/67] playerHp=[890:2065/2065,150:427/1725]",
    "wave 34 turn 2: replay guest crossed cmd:34:2 through real public COMMAND=opened"
  ]
}