[log] [coop:session] coopAuthoritativeGuestPredicate INSTALLED
[warn] [coop:heal] playerModifier ADD typeId=MAP stack=1 (guest lacked it) -> added
[log] [coop:adopt] erMoneyStreaks host entries=0 -> restored (#837/#348)
[log] [coop:adopt] biomeOverstayAnchor host=null -> restored (#837/#504)
[log] [coop:adopt] erBiomeStructure host length=20 startWave=1 -> restored (#841 item 5)
[log] [coop:adopt] erRelicBattleState host wave=1 -> restored (#837)
[log] [coop:adopt] erLastGenericTrainerType host=none -> restored
[log] [coop:adopt] erMapState host nodes=0 travelTarget=- fragments=0 -> restored (#865/#841 item 1)
[log] [coop:adopt] erPendingNodes host count=4 revealed=2 -> restored (#865)
[log] [coop:resync] guest apply authoritativeState tick=1 wave=1 turn=1 party=6/1 field=2
[log] [coop:resync] presentation settle boundary=resync-stable side=player desired=visible ids=[1958230895] changed=0 phase=LoginPhase
[log] [coop:resync] presentation settle boundary=resync-stable side=enemy desired=visible ids=[1292114401] changed=0 phase=LoginPhase
[log] [coop:replay] guest RECV entry presentation wave=1 stateTick=2 events=0 buffered
[log] [coop:replay] guest RECV enemyPartySync wave=1 count=1 -> buffered (no waiter)
[log] [coop:replay] guest RECV entry presentation wave=1 stateTick=2 events=0 buffered
[log] [coop:replay] guest RECV enemyPartySync wave=1 count=1 -> buffered (no waiter)
[warn] [coop:heal] heldItems monId=1958230895 bi=0 removed=[LEFTOVERS] added=[LEFTOVERS] -> applied
[warn] [coop:heal] heldItems bi=0 host=[LEFTOVERS] -> applied (rewrote to host set)
[log] [coop:session] isCoopAuthoritativeGuestGated -> true (authoritative GUEST gates a structural mutation)
[log] [coop:replay] guest RECV entry presentation wave=1 stateTick=2 events=0 buffered
[log] [coop:replay] guest RECV enemyPartySync wave=1 count=1 -> buffered (no waiter)
[log] [coop:interaction] interactionCounter() read -> 0 (role=guest)
[log] [coop:checksum] capture digest=a6fda6af904e3f0c field=2 biome=0 seed=coop-soak-20260919 weather=0 terrain=0 money=0 party=[890,384,493,150,382,888] partyLevels=[500,500,500,500,500,500] arenaTags=0 modifiers=2 heldItemsDigest=1 pokeballs=[0:5,1:0,2:0,3:0,4:0] mons=[bi0:sp890/hp2065-2065/st0/ab212/form0/tera0:3/boss0:0 bi2:sp16/hp14-14/st0/ab62/form0/tera0:2/boss0:0]
[log] [coop:interaction] interactionCounter() read -> 0 (role=guest)
[log] [coop:replay] guest RECV turnResolution e=1832759949507666 wave=1 turn=1 events=5 checksum=b1cfd594e98f250c -> buffered (no waiter)
[log] [coop:v2-replica] admit rev=1 kind=TURN_COMMIT result=admitted frontier=1/0/0
[log] [coop:transport] send guest t=authorityReceipt t=authorityReceipt
[log] [coop:transport] send guest t=authorityReceipt t=authorityReceipt
[log] [coop:transport] send guest t=authorityReceipt t=authorityReceipt
[log] [coop:v2-replica] apply rev=1 kind=TURN_COMMIT resume=admitted outcome=applied control=COMMAND_FRONTIER/e1832759949507666/w1/t2/f0:s0:p183828872 frontier=1/1/1
[log] [coop:transport] recv host t=authorityReceipt t=authorityReceipt handlers=1
[log] [coop:transport] recv host t=authorityReceipt t=authorityReceipt handlers=1
[log] [coop:transport] recv host t=authorityReceipt t=authorityReceipt handlers=1
[log] [coop:session] isCoopAuthoritativeGuestGated -> true (authoritative GUEST gates a structural mutation)
[log] [coop:replay] guest replay turn=1: live pump start mode=turn
[log] [coop:transport] send guest t=requestTurnCommit e=1832759949507666 wave=1 turn=1 rev=pending
[log] [coop:transport] send guest t=requestTurnCommit e=1832759949507666 wave=1 turn=1 rev=7
[log] [coop:replay] guest awaitTurn turn=1 RESOLVE (buffered race) events=5
[log] [coop:transport] recv host t=requestTurnCommit e=1832759949507666 wave=1 turn=1 rev=pending handlers=1
[log] [coop:transport] send host t=turnResolution e=1832759949507666 wave=1 turn=1 rev=7 events=5 checksum=b1cfd594e98f250c
[log] [coop:transport] recv host t=requestTurnCommit e=1832759949507666 wave=1 turn=1 rev=7 handlers=1
[log] [coop:transport] send host t=turnResolution e=1832759949507666 wave=1 turn=1 rev=7 events=5 checksum=b1cfd594e98f250c
[log] [coop:transport] recv guest t=turnResolution e=1832759949507666 wave=1 turn=1 rev=7 events=5 checksum=b1cfd594e98f250c handlers=1
[log] [coop:transport] recv guest t=turnResolution e=1832759949507666 wave=1 turn=1 rev=7 events=5 checksum=b1cfd594e98f250c handlers=1
[log] [coop:replay] guest consume live events turn=1 count=0
[log] [coop:replay] guest replay turn=1: RESOLVE renderedLive=0 remaining=5 batch=5
[log] [coop:replay] guest replay turn=1: rendering 5 event(s)
[log] [coop:replay] guest replay turn=1: present k=switch
[log] [coop:session] isCoopAuthoritativeGuestGated -> true (authoritative GUEST gates a structural mutation)
[log] [coop:replay] guest replay turn=1: present k=moveUsed
[log] [coop:replay] guest replay turn=1: present k=moveAnim
[log] [coop:session] isCoopAuthoritativeGuestGated -> true (authoritative GUEST gates a structural mutation)
[log] [coop:replay] guest replay turn=1: present k=message
[log] [coop:replay] guest replay turn=1: present k=statStage
[log] [coop:session] isCoopAuthoritativeGuestGated -> true (authoritative GUEST gates a structural mutation)
[log] [coop:replay] guest replay turn=1: rendered phases [switch=1 moveUsed=1 moveAnim=1 message=1 statStage=1]
[log] [coop:replay] guest replay turn=1: unshift CoopFinalizeTurnPhase (checkpoint apply deferred)
[log] [coop:session] isCoopAuthoritativeGuestGated -> true (authoritative GUEST gates a structural mutation)
[log] [coop:stream] guest IGNORE idempotent turn duplicate e=1832759949507666 wave=1 turn=1 rev=7
[log] [coop:stream] guest IGNORE idempotent turn duplicate e=1832759949507666 wave=1 turn=1 rev=7
[log] [coop:replay] present move bi=2 moveId=28 targets=1
[log] [coop:replay] present statStage bi=0 stat=6 -> -1
[log] [coop:replay] present statStage bi=0 stat=6 set to -1 NO tween (delta=-1 anims=false)
[log] [coop:checkpoint] guest apply field=2 weather=0 terrain=0 arenaTags=0
[log] [coop:session] isCoopAuthoritativeGuestGated -> true (authoritative GUEST gates a structural mutation)
[log] [coop:adopt] erMoneyStreaks host entries=0 -> restored (#837/#348)
[log] [coop:adopt] biomeOverstayAnchor host=null -> restored (#837/#504)
[log] [coop:adopt] erBiomeStructure host length=20 startWave=1 -> restored (#841 item 5)
[log] [coop:adopt] erRelicBattleState host wave=1 -> restored (#837)
[log] [coop:adopt] erLastGenericTrainerType host=none -> restored
[log] [coop:adopt] erMapState host nodes=0 travelTarget=- fragments=0 -> restored (#865/#841 item 1)
[log] [coop:adopt] erPendingNodes host count=4 revealed=2 -> restored (#865)
[log] [coop:resync] guest apply authoritativeState tick=7 wave=1 turn=1 party=6/1 field=2
[log] [coop:resync] presentation settle boundary=resync-stable side=player desired=visible ids=[183828872] changed=0 phase=CoopFinalizeTurnPhase
[log] [coop:resync] presentation settle boundary=resync-stable side=enemy desired=visible ids=[1292114401] changed=0 phase=CoopFinalizeTurnPhase
[log] [coop:interaction] interactionCounter() read -> 0 (role=guest)
[log] [coop:checksum] capture digest=b1cfd594e98f250c field=2 biome=0 seed=coop-soak-20260919 weather=0 terrain=0 money=0 party=[493,384,890,150,382,888] partyLevels=[500,500,500,500,500,500] arenaTags=0 modifiers=2 heldItemsDigest=0 pokeballs=[0:5,1:0,2:0,3:0,4:0] mons=[bi0:sp493/hp1865-1865/st0/ab121/form0/tera0:0/boss0:0 bi2:sp16/hp14-14/st0/ab62/form0/tera0:2/boss0:0]
[log] [coop:transport] send guest t=turnCommitAck e=1832759949507666 wave=1 turn=1 rev=7 stage=materialApplied checksum=b1cfd594e98f250c
[log] [coop:stream] guest ACK turn stage=materialApplied e=1832759949507666 wave=1 turn=1 rev=7
[log] [coop:checksum] guest finalize materialApplied e=1832759949507666 wave=1 turn=1 rev=7
[log] [coop:transport] recv host t=turnCommitAck e=1832759949507666 wave=1 turn=1 rev=7 stage=materialApplied checksum=b1cfd594e98f250c handlers=1
[log] [coop:stream] host ACCEPT turn ACK stage=materialApplied key=1832759949507666:1:1:7
[log] [coop:transport] send guest t=turnCommitAck e=1832759949507666 wave=1 turn=1 rev=7 stage=presentationReady checksum=b1cfd594e98f250c
[log] [coop:stream] guest ACK turn stage=presentationReady e=1832759949507666 wave=1 turn=1 rev=7
[log] [coop:checksum] guest finalize presentationReady e=1832759949507666 wave=1 turn=1 rev=7
[log] [coop:replay] guest finalize turn=1: END (checkpoint applied, turn-end queued)
[log] [coop:transport] recv host t=turnCommitAck e=1832759949507666 wave=1 turn=1 rev=7 stage=presentationReady checksum=b1cfd594e98f250c handlers=1
[log] [coop:stream] host ACCEPT turn ACK stage=presentationReady key=1832759949507666:1:1:7
[log] [coop:rendezvous] ARRIVE point=cmd:1:2 (send) role=guest
[log] [coop:transport] send guest t=rendezvous point=cmd:1:2
[log] [coop:rendezvous] RECV arrival point=cmd:1:2 -> BUFFER (no waiter yet) role=guest
[log] [coop:replay] guest RECV turnResolution e=1832759949507666 wave=1 turn=2 events=4 checksum=71bbda622ee61cc3 -> buffered (no waiter)
[log] [coop:replay] guest RECV waveResolved wave=1 outcome=win transition=WAVE_VICTORY/next2/biome0/egg1/wild
[log] [coop:runtime] recv waveResolved wave=1 outcome=win role=guest netcode=authoritative
[log] [coop:runtime] ignore raw waveResolved for correctness wave=1 outcome=win; awaiting retained transaction
[log] [coop:v2-replica] admit rev=2 kind=WAVE_ADVANCE result=admitted frontier=2/1/1
[log] [coop:transport] send guest t=authorityReceipt t=authorityReceipt
[log] [coop:transport] send guest t=authorityReceipt t=authorityReceipt
[log] [coop:transport] send guest t=authorityReceipt t=authorityReceipt
[log] [coop:v2-replica] apply rev=2 kind=WAVE_ADVANCE resume=admitted outcome=applied control=AWAIT_SUCCESSOR/WSHADOW%2FADV%2Fw1/e1832759949507666/w1/t2/INTERACTION_COMMIT/interactionAddresses:*/controlAddresses:*/nextWave:1/next:* frontier=2/2/2
[log] [coop:transport] recv host t=authorityReceipt t=authorityReceipt handlers=1
[log] [coop:transport] recv host t=authorityReceipt t=authorityReceipt handlers=1
[log] [coop:transport] recv host t=authorityReceipt t=authorityReceipt handlers=1
[log] [coop:session] isCoopAuthoritativeGuestGated -> true (authoritative GUEST gates a structural mutation)
[log] [coop:replay] guest replay turn=2: live pump start mode=turn
[log] [coop:transport] send guest t=requestTurnCommit e=1832759949507666 wave=1 turn=2 rev=pending
[log] [coop:transport] send guest t=requestTurnCommit e=1832759949507666 wave=1 turn=2 rev=10
[log] [coop:replay] guest awaitTurn turn=2 RESOLVE (buffered race) events=4
[log] [coop:transport] send guest t=turnCommitAck e=1832759949507666 wave=1 turn=1 rev=7 stage=continuationReady checksum=b1cfd594e98f250c
[log] [coop:stream] guest ACK turn stage=continuationReady e=1832759949507666 wave=1 turn=1 rev=7
[log] [coop:stream] guest continuation surface=rendererWait e=1832759949507666 wave=1 turn=2 waiting=1 released=1
[log] [coop:transport] recv host t=requestTurnCommit e=1832759949507666 wave=1 turn=2 rev=pending handlers=1
[log] [coop:transport] send host t=turnResolution e=1832759949507666 wave=1 turn=2 rev=10 events=4 checksum=71bbda622ee61cc3
[log] [coop:transport] recv host t=requestTurnCommit e=1832759949507666 wave=1 turn=2 rev=10 handlers=1
[log] [coop:transport] send host t=turnResolution e=1832759949507666 wave=1 turn=2 rev=10 events=4 checksum=71bbda622ee61cc3
[log] [coop:transport] recv host t=turnCommitAck e=1832759949507666 wave=1 turn=1 rev=7 stage=continuationReady checksum=b1cfd594e98f250c handlers=1
[log] [coop:stream] host ACCEPT turn ACK stage=continuationReady key=1832759949507666:1:1:7
[log] [coop:stream] host RELEASE retained turn after continuationReady key=1832759949507666:1:1:7
[log] [coop:transport] recv guest t=turnResolution e=1832759949507666 wave=1 turn=2 rev=10 events=4 checksum=71bbda622ee61cc3 handlers=1
[log] [coop:transport] recv guest t=turnResolution e=1832759949507666 wave=1 turn=2 rev=10 events=4 checksum=71bbda622ee61cc3 handlers=1
[log] [coop:replay] guest consume live events turn=2 count=0
[log] [coop:replay] guest replay turn=2: RESOLVE renderedLive=0 remaining=4 batch=4
[log] [coop:replay] guest replay turn=2: rendering 4 event(s)
[log] [coop:replay] guest replay turn=2: present k=moveUsed
[log] [coop:replay] guest replay turn=2: present k=moveAnim
[log] [coop:session] isCoopAuthoritativeGuestGated -> true (authoritative GUEST gates a structural mutation)
[log] [coop:replay] guest replay turn=2: present k=hp
[log] [coop:session] isCoopAuthoritativeGuestGated -> true (authoritative GUEST gates a structural mutation)
[log] [coop:replay] guest replay turn=2: present k=faint
[log] [coop:session] isCoopAuthoritativeGuestGated -> true (authoritative GUEST gates a structural mutation)
[log] [coop:replay] guest replay turn=2: rendered phases [moveUsed=1 moveAnim=1 hp=1 faint=1]
[log] [coop:replay] guest replay turn=2: unshift CoopFinalizeTurnPhase (checkpoint apply deferred)
[log] [coop:session] isCoopAuthoritativeGuestGated -> true (authoritative GUEST gates a structural mutation)
[log] [coop:stream] guest IGNORE idempotent turn duplicate e=1832759949507666 wave=1 turn=2 rev=10
[log] [coop:stream] guest IGNORE idempotent turn duplicate e=1832759949507666 wave=1 turn=2 rev=10
[log] [coop:replay] present move bi=0 moveId=34 targets=1
[log] [coop:replay] present hp bi=2 14->0/14
[log] [coop:replay] present faint bi=2 narrate=true
[log] [coop:checkpoint] guest apply field=2 weather=0 terrain=0 arenaTags=0
[log] [coop:session] isCoopAuthoritativeGuestGated -> true (authoritative GUEST gates a structural mutation)
[log] [coop:adopt] erMoneyStreaks host entries=0 -> restored (#837/#348)
[log] [coop:adopt] biomeOverstayAnchor host=null -> restored (#837/#504)
[log] [coop:adopt] erBiomeStructure host length=20 startWave=1 -> restored (#841 item 5)
[log] [coop:adopt] erRelicBattleState host wave=1 -> restored (#837)
[log] [coop:adopt] erLastGenericTrainerType host=none -> restored
[log] [coop:adopt] erMapState host nodes=0 travelTarget=- fragments=0 -> restored (#865/#841 item 1)
[log] [coop:adopt] erPendingNodes host count=4 revealed=2 -> restored (#865)
[log] [coop:resync] guest apply authoritativeState tick=10 wave=1 turn=2 party=6/1 field=2
[log] [coop:resync] presentation settle boundary=resync-stable side=player desired=visible ids=[183828872] changed=0 phase=CoopFinalizeTurnPhase
[log] [coop:resync] presentation settle boundary=wave-start-pre-intro side=enemy desired=visible ids=[] changed=0 phase=CoopFinalizeTurnPhase
[log] [coop:interaction] interactionCounter() read -> 0 (role=guest)
[log] [coop:checksum] capture digest=71bbda622ee61cc3 field=2 biome=0 seed=coop-soak-20260919 weather=0 terrain=0 money=0 party=[493,384,890,150,382,888] partyLevels=[500,500,500,500,500,500] arenaTags=0 modifiers=2 heldItemsDigest=0 pokeballs=[0:5,1:0,2:0,3:0,4:0] mons=[bi0:sp493/hp1865-1865/st0/ab121/form0/tera0:0/boss0:0 bi2:sp16/hp0-14/st7/ab62/form0/tera0:2/boss0:0]
[log] [coop:transport] send guest t=turnCommitAck e=1832759949507666 wave=1 turn=2 rev=10 stage=materialApplied checksum=71bbda622ee61cc3
[log] [coop:stream] guest ACK turn stage=materialApplied e=1832759949507666 wave=1 turn=2 rev=10
[log] [coop:checksum] guest finalize materialApplied e=1832759949507666 wave=1 turn=2 rev=10
[log] [coop:transport] recv host t=turnCommitAck e=1832759949507666 wave=1 turn=2 rev=10 stage=materialApplied checksum=71bbda622ee61cc3 handlers=1
[log] [coop:stream] host ACCEPT turn ACK stage=materialApplied key=1832759949507666:1:2:10
[log] [coop:transport] send guest t=turnCommitAck e=1832759949507666 wave=1 turn=2 rev=10 stage=presentationReady checksum=71bbda622ee61cc3
[log] [coop:stream] guest ACK turn stage=presentationReady e=1832759949507666 wave=1 turn=2 rev=10
[log] [coop:checksum] guest finalize presentationReady e=1832759949507666 wave=1 turn=2 rev=10
[log] [coop:replay] guest finalize turn=2: END (checkpoint applied, turn-end queued)
[log] [coop:transport] recv host t=turnCommitAck e=1832759949507666 wave=1 turn=2 rev=10 stage=presentationReady checksum=71bbda622ee61cc3 handlers=1
[log] [coop:stream] host ACCEPT turn ACK stage=presentationReady key=1832759949507666:1:2:10
[log] [coop:stream] guest admitted WAVE_ADVANCE continuation e=1832759949507666 wave=1
[log] [coop:runtime] wave-advance JOURNAL bootstrap wave=1 outcome=win (ACK withheld)
[log] [coop:runtime] wave-advance JOURNAL queued safe-boundary wake wave=1 unparkedReplay=0
[log] [coop:runtime] wave-advance op JOURNAL cursor-advanced id=1832759949507666:0:WAVE_ADVANCE:1 rev=1 dataApplied=false continuationReady=false (DATA applies at BattleEnd; retained ACK awaits DATA + destination continuation)
[log] [coop:transport] send guest t=coopAck cls=op:global seq=1
[log] [coop:replay] guest RECV waveEndState wave=1 tick=11
[log] [coop:runtime] ignore raw waveEndState for correctness wave=1 tick=11
[log] [coop:relay] RECV rewardOptions key=0:0 -> BUFFER rewardOptionsInbox (latest-wins) count=3
[log] [coop:rendezvous] RECV arrival point=shop:1:0 -> BUFFER (no waiter yet) role=guest
[log] [coop:transport] recv host t=coopAck cls=op:global seq=1 handlers=1
[log] [coop:session] isCoopAuthoritativeGuestGated -> true (authoritative GUEST gates a structural mutation)
[log] [coop:session] isCoopAuthoritativeGuestGated -> true (authoritative GUEST gates a structural mutation)
[log] [coop:session] isCoopAuthoritativeGuestGated -> true (authoritative GUEST gates a structural mutation)
[log] [coop:session] isCoopAuthoritativeGuestGated -> true (authoritative GUEST gates a structural mutation)
[log] [coop:runtime] consume wave-advance wave=1 outcome=win transition=WAVE_VICTORY/next2/biome0/egg1/wild (lastResolved -1 -> 1)
[log] [coop:replay] guest wave-advance outcome=win wave=1 next=WAVE_VICTORY/wave2 biomeChange=false eggLapse=true victoryKind=wild battleType=WILD queues=VictoryPhase (host-stated)
[warn] [coop:replay] guest wave-advance wave=1: replacing speculative future queue [CommandPhase,TurnStartPhase]
[log] [coop:session] isCoopAuthoritativeGuestGated -> true (authoritative GUEST gates a structural mutation)
[log] [coop:progression] GUEST applyPartyExp SKIP wave=1 koMon=Pidgey (awaiting host waveEndState)
[log] [coop-diag] VictoryPhase win-branch role=guest battleType=WILD queuesTrainerVictory=false queuesSelectModifier=true wave=1
[log] [coop:session] isCoopAuthoritativeGuestGated -> true (authoritative GUEST gates a structural mutation)
[log] [coop:session] isCoopAuthoritativeGuestGated -> true (authoritative GUEST gates a structural mutation)
[log] [coop-diag] VictoryTail role=guest wave=1 source=host-stated trainer=false egg=true biomeShop=false biomeChange=false crossroads=false nextWave=2
[log] [coop:session] isCoopAuthoritativeGuestGated -> true (authoritative GUEST gates a structural mutation)
[log] [coop:session] isCoopAuthoritativeGuestGated -> true (authoritative GUEST gates a structural mutation)
[log] [coop:session] isCoopAuthoritativeGuestGated -> true (authoritative GUEST gates a structural mutation)
[log] [coop:adopt] erMoneyStreaks host entries=0 -> restored (#837/#348)
[log] [coop:adopt] biomeOverstayAnchor host=null -> restored (#837/#504)
[log] [coop:adopt] erBiomeStructure host length=20 startWave=1 -> restored (#841 item 5)
[log] [coop:adopt] erRelicBattleState host wave=1 -> restored (#837)
[log] [coop:adopt] erLastGenericTrainerType host=none -> restored
[log] [coop:adopt] erMapState host nodes=0 travelTarget=- fragments=0 -> restored (#865/#841 item 1)
[log] [coop:adopt] erPendingNodes host count=4 revealed=2 -> restored (#865)
[log] [coop:resync] guest apply authoritativeState tick=11 wave=1 turn=3 party=6/1 field=2
[log] [coop:resync] presentation settle boundary=resync-stable side=player desired=visible ids=[183828872] changed=0 phase=BattleEndPhase
[log] [coop:resync] presentation settle boundary=wave-start-pre-intro side=enemy desired=visible ids=[] changed=0 phase=BattleEndPhase
[log] [coop:runtime] wave-advance retained DATA boundary admitted wave=1
[log] [coop:progression] retained WAVE_ADVANCE DATA applied wave=1 tick=11
[log] [coop:progression] GUEST retained WAVE_ADVANCE BattleEnd release wave=1
[log] [coop:transport] recv guest t=envelope t=envelope handlers=1
[log] [coop:transport] send guest t=coopAck cls=op:global seq=1
[log] [coop:transport] recv host t=coopAck cls=op:global seq=1 handlers=1
[log] [coop:progression] GUEST automatic victory settlement admitted wave=1 turn=3
[log] [coop:interaction] interactionCounter() read -> 0 (role=guest)
[log] [coop:checksum] capture digest=71bbda622ee61cc3 field=2 biome=0 seed=coop-soak-20260919 weather=0 terrain=0 money=0 party=[493,384,890,150,382,888] partyLevels=[500,500,500,500,500,500] arenaTags=0 modifiers=2 heldItemsDigest=0 pokeballs=[0:5,1:0,2:0,3:0,4:0] mons=[bi0:sp493/hp1865-1865/st0/ab121/form0/tera0:0/boss0:0 bi2:sp16/hp0-14/st7/ab62/form0/tera0:2/boss0:0]
[log] [coop:interaction] interactionCounter() read -> 0 (role=guest)
[log] [coop:owner] ownerOf(counter=0) seat=0 -> owner=host
[log] [coop:owner] isLocalOwnerAtCounter(pinnedCounter=0) parity=0 owner=host role=guest -> false
[log] [coop:interaction] interactionCounter() read -> 0 (role=guest)
[log] [coop:reward] owner/watcher decision: pinnedStart=0 liveCounter=0 parity=0 role=guest pick=WATCHER option=ADOPT spoof=false
[log] [coop:rendezvous] ARRIVE point=shop:1:0 (send) role=guest
[log] [coop:transport] send guest t=rendezvous point=shop:1:0
[log] [coop:reward] WATCHER waits for partner's reward picks (start=0 role=guest wave=1)
[log] [coop:reward] WATCHER awaiting owner reward options (start=0 reroll=0 localCount=0)
[log] [coop:relay] AWAIT rewardOptions key=0:0 timeoutMs=1200000 -> BUFFER-HIT resolve count=3
[log] [coop:transport] recv host t=rendezvous point=shop:1:0 handlers=1
[log] [coop:shop] reconstructRewardOptions OK count=3 ids=[DIRE_HIT,POKEBALL,TM_CASE]
[log] [coop:reward] WATCHER ADOPTED owner reward options (was=0 now=3 ids=[DIRE_HIT,POKEBALL,TM_CASE])
[log] [coop:transport] send guest t=turnCommitAck e=1832759949507666 wave=1 turn=2 rev=10 stage=continuationReady checksum=71bbda622ee61cc3
[log] [coop:stream] guest ACK turn stage=continuationReady e=1832759949507666 wave=1 turn=2 rev=10
[log] [coop:stream] guest continuation surface=sharedInput e=1832759949507666 wave=1 turn=3 waiting=1 released=1
[log] [coop:transport] recv host t=turnCommitAck e=1832759949507666 wave=1 turn=2 rev=10 stage=continuationReady checksum=71bbda622ee61cc3 handlers=1
[log] [coop:progression] retained WAVE_ADVANCE continuationReady wave=1
[log] [coop:transport] send guest t=coopAck cls=op:global seq=1
[log] [coop:transport] send guest t=coopAck cls=op:global seq=1
[log] [coop:transport] send guest t=coopAck cls=op:global seq=1
[log] [coop:interaction] mirror begin role=watcher mirrorSeq=0 interactionStart=0 reroll=0
[log] [coop:interaction] uiMirror beginSession role=watcher mode=6 seq=0 early=0
[log] [coop:transport] recv host t=coopAck cls=op:global seq=1 handlers=1
[log] [coop:transport] recv host t=coopAck cls=op:global seq=1 handlers=1
[log] [coop:transport] recv host t=coopAck cls=op:global seq=1 handlers=1
[log] [coop:relay] AWAIT interactionChoice seq=0 timeoutMs=1200000 expected=[reward,shop,skip,reroll,check,transfer,lock] -> network-wait
[log] [coop:rendezvous] RECV arrival point=shop:1:0 -> DUPLICATE (already seen) role=guest
[log] [coop:adopt] erMoneyStreaks host entries=0 -> restored (#837/#348)
[log] [coop:adopt] biomeOverstayAnchor host=null -> restored (#837/#504)
[log] [coop:adopt] erBiomeStructure host length=20 startWave=1 -> restored (#841 item 5)
[log] [coop:adopt] erRelicBattleState host wave=1 -> restored (#837)
[log] [coop:adopt] erLastGenericTrainerType host=none -> restored
[log] [coop:adopt] erMapState host nodes=0 travelTarget=- fragments=0 -> restored (#865/#841 item 1)
[log] [coop:adopt] erPendingNodes host count=4 revealed=2 -> restored (#865)
[log] [coop:resync] guest apply authoritativeState tick=12 wave=1 turn=3 party=6/1 field=2
[log] [coop:resync] presentation settle boundary=resync-stable side=player desired=visible ids=[183828872] changed=0 phase=SelectModifierPhase
[log] [coop:resync] presentation settle boundary=wave-start-pre-intro side=enemy desired=visible ids=[] changed=0 phase=SelectModifierPhase
[log] [coop:relay] DELIVER interactionChoice seq=0 -> waiter kind=skip choice=-1 data=-
[log] [coop:relay] AWAIT interactionChoice seq=0 RESOLVE kind=skip choice=-1 data=-
[log] [coop:reward] shop authoritative RESULT applied-before-render kind=REWARD id=1832759949507666:0:REWARD:0 rev=2 tick=12
[log] [coop:transport] send guest t=coopAck cls=op:global seq=2
[log] [coop:reward] reward op WATCHER materialize retained choice=-1 terminal=true skippedObsolete=0 id=1832759949507666:0:REWARD:0
[log] [coop:reward] WATCHER applying relayed action seq=0 act=LEAVE choice=-1 data=-
[log] [coop:v2-interaction] terminal proof recorded op=1832759949507666:0:REWARD:0 role=guest seat=1 duplicate=0 ambient=1
[log] [coop:v2-interaction] phase terminal proof op=1832759949507666:0:REWARD:0 route=constructor-fallback accepted=1
[log] [coop:interaction] interactionCounter() read -> 0 (role=guest)
[log] [coop:interaction] CoopInteractionTurn.advance INCREMENT (fromCounter=0) counter 0 -> 1
[log] [coop:interaction] advanceInteraction ADVANCED+BROADCAST (fromCounter=0) counter 0 -> 1 role=guest; send interaction screen=__turn__ choice=1
[log] [coop:interaction] SEND counter snapshot reason=advance choice=1 role=guest
[log] [coop:transport] send guest t=interaction screen=__turn__
[log] [coop:owner] ownerOf(counter=1) seat=1 -> owner=guest
[log] [coop:owner] ownerOf(counter=1) seat=1 -> owner=guest
[log] [coop:interaction] interactionCounter() read -> 1 (role=guest)
[log] [coop:reward] advance interaction (role=guest from=0 counter 0 -> 1)
[log] [coop:session] isCoopAuthoritativeGuestGated -> true (authoritative GUEST gates a structural mutation)
[log] [coop:transport] recv host t=coopAck cls=op:global seq=2 handlers=1
[log] [coop:transport] recv host t=interaction screen=__turn__ handlers=1
[log] [coop:interaction] interactionCounter() read -> 1 (role=guest)
[log] [coop:interaction] interactionCounter() read -> 1 (role=guest)
[log] [coop:interaction] RECV interaction broadcast (deferred catch-up net) received=1 localBefore=1 role=guest -> no defer (local >= received)
[warn] [coop:interaction] CoopInteractionTurn.mergeRemote DEFER (remote=1, counter=1, pendingRemote=1) live counter UNCHANGED (folds in at next advance if still ahead)
[log] [coop:owner] ownerOf(counter=1) seat=1 -> owner=guest
[log] [coop:owner] ownerOf(counter=1) seat=1 -> owner=guest
[log] [coop:stream] guest RECV ghostPool count=0 -> handler
[log] [coop:transport] recv guest t=enemyPartySync wave=2 enemies=2 battleType=0 handlers=1
[log] [coop:replay] guest RECV enemyPartySync wave=2 count=2 -> buffered (no waiter)
[log] [coop:replay] guest RECV entry presentation wave=2 stateTick=14 events=20 buffered
[log] [coop:replay] guest RECV enemyPartySync wave=2 count=2 -> buffered (no waiter)
[log] [coop:rendezvous] RECV arrival point=cmd:2:1 -> BUFFER (no waiter yet) role=guest
[log] [coop:battletype] wave=2 HOST verdict: WILD - adopting (#867)
[log] [coop:me] wave=2 HOST verdict: NO ME - local presence roll suppressed (#862)
[log] [coop:session] isCoopAuthoritativeGuestGated -> true (authoritative GUEST gates a structural mutation)
[log] [coop:interaction] interactionCounter() read -> 1 (role=guest)
[log] [coop:renderer] cleared unmatched authoritative-guest player trainer
[log] [coop:stream] guest consumeEnemyParty wave=2 -> 2 enemies
[log] [coop:enemy] buildCoopEnemy ADOPT trainerSlot=0 species=165 form=0 lv=3 abilityIdx=0 nature=0 gender=1 shiny=false tera=0:6 hp=16/16 moves=4 heldItems=0
[log] [coop:enemy] buildCoopEnemy ADOPT trainerSlot=0 species=661 form=0 lv=3 abilityIdx=0 nature=0 gender=0 shiny=false tera=0:0 hp=16/16 moves=4 heldItems=0
[log] [coop:adopt] erMoneyStreaks host entries=0 -> restored (#837/#348)
[log] [coop:adopt] biomeOverstayAnchor host=null -> restored (#837/#504)
[log] [coop:adopt] erBiomeStructure host length=20 startWave=1 -> restored (#841 item 5)
[log] [coop:adopt] erRelicBattleState host wave=2 -> restored (#837)
[log] [coop:adopt] erLastGenericTrainerType host=none -> restored
[log] [coop:adopt] erMapState host nodes=0 travelTarget=- fragments=0 -> restored (#865/#841 item 1)
[log] [coop:adopt] erPendingNodes host count=4 revealed=2 -> restored (#865)
[log] [coop:resync] guest apply authoritativeState tick=14 wave=2 turn=1 party=6/2 field=4
[log] [coop:resync] presentation settle boundary=resync-stable side=player desired=visible ids=[183828872,2481092695] changed=1 phase=NextEncounterPhase
[log] [coop:resync] presentation settle boundary=resync-stable side=enemy desired=visible ids=[40115081,1829562759] changed=2 phase=NextEncounterPhase
[log] [coop:resync] render differ: newly presented id=40115081 key=pkmn__female__165 -> load atlas
[log] [coop:resync] render differ: newly presented id=1829562759 key=pkmn__661 -> load atlas
[log] [coop:resync] render differ: newly presented id=2481092695 key=pkmn__back__384 -> load atlas
[log] [coop:resync] presentation settle boundary=wave-start-pre-intro side=enemy desired=hidden ids=[40115081,1829562759] changed=2 phase=NextEncounterPhase
[log] [coop:resync] presentation settle boundary=encounter-summon side=enemy desired=visible ids=[40115081,1829562759] changed=0 phase=NextEncounterPhase
[log] [coop:resync] presentation settle boundary=launch-ready side=player desired=visible ids=[183828872,2481092695] changed=0 phase=NextEncounterPhase
[log] [coop:session] isCoopAuthoritativeGuestGated -> true (authoritative GUEST gates a structural mutation)
[log] [coop:session] isCoopAuthoritativeGuestGated -> true (authoritative GUEST gates a structural mutation)
[log] [coop:session] isCoopAuthoritativeGuestGated -> true (authoritative GUEST gates a structural mutation)
[log] [coop:session] isCoopAuthoritativeGuestGated -> true (authoritative GUEST gates a structural mutation)
[log] [coop:session] isCoopAuthoritativeGuestGated -> true (authoritative GUEST gates a structural mutation)
[log] [coop:session] isCoopAuthoritativeGuestGated -> true (authoritative GUEST gates a structural mutation)
[log] [coop:replay] guest replay turn=1: awaiting retained entry presentation
[warn] [coop:resync] authoritativeState tick=14 STALE (lastApplied=14) -> REJECTED (#807)
[log] [coop:adopt] erMoneyStreaks host entries=0 -> restored (#837/#348)
[log] [coop:adopt] biomeOverstayAnchor host=null -> restored (#837/#504)
[log] [coop:adopt] erBiomeStructure host length=20 startWave=1 -> restored (#841 item 5)
[log] [coop:adopt] erRelicBattleState host wave=2 -> restored (#837)
[log] [coop:adopt] erLastGenericTrainerType host=none -> restored
[log] [coop:adopt] erMapState host nodes=0 travelTarget=- fragments=0 -> restored (#865/#841 item 1)
[log] [coop:adopt] erPendingNodes host count=4 revealed=2 -> restored (#865)
[log] [coop:resync] guest reassert authoritativeState tick=14 wave=2 turn=1 party=6/2 field=4
[log] [coop:resync] presentation settle boundary=resync-stable side=player desired=visible ids=[183828872,2481092695] changed=0 phase=CoopReplayTurnPhase
[log] [coop:resync] presentation settle boundary=resync-stable side=enemy desired=visible ids=[40115081,1829562759] changed=0 phase=CoopReplayTurnPhase
[log] [coop:replay] guest replay turn=1: rendering 20 event(s)
[log] [coop:replay] guest replay turn=1: present k=showAbility
[log] [coop:session] isCoopAuthoritativeGuestGated -> true (authoritative GUEST gates a structural mutation)
[log] [coop:replay] guest replay turn=1: present k=message
[log] [coop:turn] host recorder: append turn=1 seq=20 k=message total=21 live=true
[log] [coop:replay] guest replay turn=1: present k=statStage
[log] [coop:session] isCoopAuthoritativeGuestGated -> true (authoritative GUEST gates a structural mutation)
[log] [coop:replay] guest replay turn=1: present k=hideAbility
[log] [coop:session] isCoopAuthoritativeGuestGated -> true (authoritative GUEST gates a structural mutation)
[log] [coop:replay] guest replay turn=1: present k=showAbility
[log] [coop:session] isCoopAuthoritativeGuestGated -> true (authoritative GUEST gates a structural mutation)
[log] [coop:replay] guest replay turn=1: present k=message
[log] [coop:turn] host recorder: append turn=1 seq=21 k=message total=22 live=true
[log] [coop:replay] guest replay turn=1: present k=statStage
[log] [coop:session] isCoopAuthoritativeGuestGated -> true (authoritative GUEST gates a structural mutation)
[log] [coop:replay] guest replay turn=1: present k=hideAbility
[log] [coop:session] isCoopAuthoritativeGuestGated -> true (authoritative GUEST gates a structural mutation)
[log] [coop:replay] guest replay turn=1: present k=showAbility
[log] [coop:session] isCoopAuthoritativeGuestGated -> true (authoritative GUEST gates a structural mutation)
[log] [coop:replay] guest replay turn=1: present k=message
[log] [coop:turn] host recorder: append turn=1 seq=22 k=message total=23 live=true
[log] [coop:replay] guest replay turn=1: present k=statStage
[log] [coop:session] isCoopAuthoritativeGuestGated -> true (authoritative GUEST gates a structural mutation)
[log] [coop:replay] guest replay turn=1: present k=hideAbility
[log] [coop:session] isCoopAuthoritativeGuestGated -> true (authoritative GUEST gates a structural mutation)
[log] [coop:replay] guest replay turn=1: present k=hideAbility
[log] [coop:session] isCoopAuthoritativeGuestGated -> true (authoritative GUEST gates a structural mutation)
[log] [coop:replay] guest replay turn=1: present k=message
[log] [coop:turn] host recorder: append turn=1 seq=23 k=message total=24 live=true
[log] [coop:replay] guest replay turn=1: present k=statStage
[log] [coop:session] isCoopAuthoritativeGuestGated -> true (authoritative GUEST gates a structural mutation)
[log] [coop:replay] guest replay turn=1: present k=message
[log] [coop:turn] host recorder: append turn=1 seq=24 k=message total=25 live=true
[log] [coop:replay] guest replay turn=1: present k=statStage
[log] [coop:session] isCoopAuthoritativeGuestGated -> true (authoritative GUEST gates a structural mutation)
[log] [coop:replay] guest replay turn=1: present k=message
[log] [coop:turn] host recorder: append turn=1 seq=25 k=message total=26 live=true
[log] [coop:replay] guest replay turn=1: present k=statStage
[log] [coop:session] isCoopAuthoritativeGuestGated -> true (authoritative GUEST gates a structural mutation)
[log] [coop:replay] guest replay turn=1: present k=hideAbility
[log] [coop:session] isCoopAuthoritativeGuestGated -> true (authoritative GUEST gates a structural mutation)
[log] [coop:replay] guest replay turn=1: rendered phases [showAbility=3 message=6 statStage=6 hideAbility=5]
[log] [coop:replay] guest replay turn=1: retained entry presentation queued stateTick=14 events=20; awaiting exact outcome proof
[log] [coop:session] isCoopAuthoritativeGuestGated -> true (authoritative GUEST gates a structural mutation)
[log] [coop:replay] present statStage bi=2 stat=1 -> -1
[log] [coop:replay] present statStage bi=2 stat=1 set to -1 NO tween (delta=0 anims=false)
[log] [coop:replay] present statStage bi=2 stat=3 -> -1
[log] [coop:replay] present statStage bi=2 stat=3 set to -1 NO tween (delta=0 anims=false)
[log] [coop:replay] present statStage bi=3 stat=1 -> -1
[log] [coop:replay] present statStage bi=3 stat=1 set to -1 NO tween (delta=0 anims=false)
[log] [coop:replay] present statStage bi=3 stat=3 -> -1
[log] [coop:replay] present statStage bi=3 stat=3 set to -1 NO tween (delta=0 anims=false)
[log] [coop:replay] present statStage bi=2 stat=5 -> 2
[log] [coop:replay] present statStage bi=2 stat=5 set to 2 NO tween (delta=-2 anims=false)
[log] [coop:replay] present statStage bi=2 stat=5 -> 4
[log] [coop:replay] present statStage bi=2 stat=5 set to 4 NO tween (delta=2 anims=false)
[log] [coop:replay] guest pre-command presentation PROVED wave=2 turn=1 events=20
[log] [coop:stream] guest consumeEnemyParty wave=2 -> null (buffered=none)
[log] [coop:battle] CommandPhase slot=0 turn=1 owner=host role=guest -> partner path
[log] [coop:stream] guest consumeEnemyParty wave=2 -> null (buffered=none)
[log] [coop:rendezvous] ARRIVE point=cmd:2:1 (send) role=guest
[log] [coop:transport] send guest t=rendezvous point=cmd:2:1
[log] [coop:rendezvous] next-command barrier cmd:2:1 SYNC pass (partner already arrived)
[log] [coop:stream] guest consumeEnemyParty wave=2 -> null (buffered=none)
[log] [coop:transport] send guest t=coopAck cls=op:global seq=2
[log] [coop:transport] send guest t=coopAck cls=op:global seq=2
[log] [coop:transport] recv host t=rendezvous point=cmd:2:1 handlers=1
[log] [coop:transport] recv host t=coopAck cls=op:global seq=2 handlers=1
[log] [coop:transport] recv host t=coopAck cls=op:global seq=2 handlers=1
[log] [coop:rendezvous] RECV arrival point=cmd:2:1 -> DUPLICATE (already seen) role=guest
[log] [coop:replay] guest IGNORE duplicate consumed entry presentation wave=2
[log] [coop:replay] guest RECV enemyPartySync wave=2 count=2 -> buffered (no waiter)
[log] [coop:interaction] interactionCounter() read -> 1 (role=guest)
[log] [coop:checksum] capture digest=113a2ca97eaaf02f field=4 biome=0 seed=coop-soak-20260919 weather=0 terrain=0 money=0 party=[493,384,890,150,382,888] partyLevels=[500,500,500,500,500,500] arenaTags=0 modifiers=2 heldItemsDigest=0 pokeballs=[0:5,1:0,2:0,3:0,4:0] mons=[bi0:sp493/hp1865-1865/st0/ab121/form0/tera0:0/boss0:0 bi1:sp384/hp1715-1715/st0/ab5144/form0/tera0:15/boss0:0 bi2:sp165/hp16-16/st0/ab50/form0/tera0:6/boss0:0 bi3:sp661/hp16-16/st0/ab79/form0/tera0:0/boss0:0]
[log] [coop:interaction] interactionCounter() read -> 1 (role=guest)
[log] [coop:replay] guest IGNORE duplicate consumed entry presentation wave=2
[log] [coop:replay] guest RECV enemyPartySync wave=2 count=2 -> buffered (no waiter)
[log] [coop:replay] guest RECV turnResolution e=1832759949507666 wave=2 turn=1 events=39 checksum=43d5f22a9ee6a1f9 -> buffered (no waiter)
[log] [coop:replay] guest RECV waveResolved wave=2 outcome=win transition=WAVE_VICTORY/next3/biome0/egg1/wild
[log] [coop:runtime] recv waveResolved wave=2 outcome=win role=guest netcode=authoritative
[log] [coop:runtime] ignore raw waveResolved for correctness wave=2 outcome=win; awaiting retained transaction
[log] [coop:session] isCoopAuthoritativeGuestGated -> true (authoritative GUEST gates a structural mutation)
[log] [coop:replay] guest replay turn=1: live pump start mode=turn
[log] [coop:replay] guest replay turn=1: advance local watermark 0->20
[log] [coop:session] isCoopAuthoritativeGuestGated -> true (authoritative GUEST gates a structural mutation)
[log] [coop:transport] send guest t=requestTurnCommit e=1832759949507666 wave=2 turn=1 rev=pending
[log] [coop:transport] send guest t=requestTurnCommit e=1832759949507666 wave=2 turn=1 rev=19
[log] [coop:replay] guest awaitTurn turn=1 RESOLVE (buffered race) events=39
[log] [coop:transport] recv host t=requestTurnCommit e=1832759949507666 wave=2 turn=1 rev=pending handlers=1
[log] [coop:transport] send host t=turnResolution e=1832759949507666 wave=2 turn=1 rev=19 events=39 checksum=43d5f22a9ee6a1f9
[log] [coop:transport] recv host t=requestTurnCommit e=1832759949507666 wave=2 turn=1 rev=19 handlers=1
[log] [coop:transport] send host t=turnResolution e=1832759949507666 wave=2 turn=1 rev=19 events=39 checksum=43d5f22a9ee6a1f9
[log] [coop:transport] recv guest t=turnResolution e=1832759949507666 wave=2 turn=1 rev=19 events=39 checksum=43d5f22a9ee6a1f9 handlers=1
[log] [coop:transport] recv guest t=turnResolution e=1832759949507666 wave=2 turn=1 rev=19 events=39 checksum=43d5f22a9ee6a1f9 handlers=1
[log] [coop:replay] guest consume live events turn=1 count=0
[log] [coop:replay] guest replay turn=1: RESOLVE renderedLive=20 remaining=19 batch=39
[log] [coop:replay] guest replay turn=1: rendering 19 event(s)
[log] [coop:replay] guest replay turn=1: present k=message
[log] [coop:replay] guest replay turn=1: present k=message
[log] [coop:replay] guest replay turn=1: present k=message
[log] [coop:replay] guest replay turn=1: present k=message
[log] [coop:replay] guest replay turn=1: present k=message
[log] [coop:replay] guest replay turn=1: present k=message
[log] [coop:replay] guest replay turn=1: present k=moveUsed
[log] [coop:replay] guest replay turn=1: present k=moveAnim
[log] [coop:session] isCoopAuthoritativeGuestGated -> true (authoritative GUEST gates a structural mutation)
[log] [coop:replay] guest replay turn=1: present k=hp
[log] [coop:session] isCoopAuthoritativeGuestGated -> true (authoritative GUEST gates a structural mutation)
[log] [coop:replay] guest replay turn=1: present k=message
[log] [coop:replay] guest replay turn=1: present k=moveUsed
[log] [coop:replay] guest replay turn=1: present k=moveAnim
[log] [coop:session] isCoopAuthoritativeGuestGated -> true (authoritative GUEST gates a structural mutation)
[log] [coop:replay] guest replay turn=1: present k=hp
[log] [coop:session] isCoopAuthoritativeGuestGated -> true (authoritative GUEST gates a structural mutation)
[log] [coop:replay] guest replay turn=1: present k=faint
[log] [coop:session] isCoopAuthoritativeGuestGated -> true (authoritative GUEST gates a structural mutation)
[log] [coop:replay] guest replay turn=1: present k=moveUsed
[log] [coop:replay] guest replay turn=1: present k=moveAnim
[log] [coop:session] isCoopAuthoritativeGuestGated -> true (authoritative GUEST gates a structural mutation)
[log] [coop:replay] guest replay turn=1: present k=hp
[log] [coop:session] isCoopAuthoritativeGuestGated -> true (authoritative GUEST gates a structural mutation)
[log] [coop:replay] guest replay turn=1: present k=faint
[log] [coop:session] isCoopAuthoritativeGuestGated -> true (authoritative GUEST gates a structural mutation)
[log] [coop:replay] guest replay turn=1: present k=message
[log] [coop:replay] guest replay turn=1: rendered phases [message=8 moveUsed=3 moveAnim=3 hp=3 faint=2]
[log] [coop:replay] guest replay turn=1: unshift CoopFinalizeTurnPhase (checkpoint apply deferred)
[log] [coop:session] isCoopAuthoritativeGuestGated -> true (authoritative GUEST gates a structural mutation)
[log] [coop:stream] guest IGNORE idempotent turn duplicate e=1832759949507666 wave=2 turn=1 rev=19
[log] [coop:stream] guest IGNORE idempotent turn duplicate e=1832759949507666 wave=2 turn=1 rev=19
[log] [coop:replay] present move bi=2 moveId=98 targets=1
[log] [coop:replay] present hp bi=1 1715->1714/1715
[log] [coop:replay] present move bi=0 moveId=34 targets=1
[log] [coop:replay] present hp bi=2 16->0/16
[log] [coop:replay] present faint bi=2 narrate=true
[log] [coop:replay] present move bi=1 moveId=85 targets=1
[log] [coop:replay] present hp bi=3 16->0/16
[log] [coop:replay] present faint bi=3 narrate=true
[log] [coop:checkpoint] guest apply field=4 weather=0 terrain=0 arenaTags=0
[log] [coop:session] isCoopAuthoritativeGuestGated -> true (authoritative GUEST gates a structural mutation)
[log] [coop:adopt] erMoneyStreaks host entries=0 -> restored (#837/#348)
[log] [coop:adopt] biomeOverstayAnchor host=null -> restored (#837/#504)
[log] [coop:adopt] erBiomeStructure host length=20 startWave=1 -> restored (#841 item 5)
[log] [coop:adopt] erRelicBattleState host wave=2 -> restored (#837)
[log] [coop:adopt] erLastGenericTrainerType host=none -> restored
[log] [coop:adopt] erMapState host nodes=0 travelTarget=- fragments=0 -> restored (#865/#841 item 1)
[log] [coop:adopt] erPendingNodes host count=4 revealed=2 -> restored (#865)
[log] [coop:resync] guest apply authoritativeState tick=19 wave=2 turn=1 party=6/2 field=4
[log] [coop:resync] presentation settle boundary=resync-stable side=player desired=visible ids=[183828872,2481092695] changed=0 phase=CoopFinalizeTurnPhase
[log] [coop:resync] presentation settle boundary=wave-start-pre-intro side=enemy desired=visible ids=[] changed=0 phase=CoopFinalizeTurnPhase
[log] [coop:interaction] interactionCounter() read -> 1 (role=guest)
[log] [coop:checksum] capture digest=43d5f22a9ee6a1f9 field=4 biome=0 seed=coop-soak-20260919 weather=0 terrain=0 money=0 party=[493,384,890,150,382,888] partyLevels=[500,500,500,500,500,500] arenaTags=0 modifiers=2 heldItemsDigest=0 pokeballs=[0:5,1:0,2:0,3:0,4:0] mons=[bi0:sp493/hp1865-1865/st0/ab121/form0/tera0:0/boss0:0 bi1:sp384/hp1714-1715/st0/ab5144/form0/tera0:15/boss0:0 bi2:sp165/hp0-16/st7/ab50/form0/tera0:6/boss0:0 bi3:sp661/hp0-16/st7/ab79/form0/tera0:0/boss0:0]
[log] [coop:transport] send guest t=turnCommitAck e=1832759949507666 wave=2 turn=1 rev=19 stage=materialApplied checksum=43d5f22a9ee6a1f9
[log] [coop:stream] guest ACK turn stage=materialApplied e=1832759949507666 wave=2 turn=1 rev=19
[log] [coop:checksum] guest finalize materialApplied e=1832759949507666 wave=2 turn=1 rev=19
[log] [coop:transport] recv host t=turnCommitAck e=1832759949507666 wave=2 turn=1 rev=19 stage=materialApplied checksum=43d5f22a9ee6a1f9 handlers=1
[log] [coop:stream] host ACCEPT turn ACK stage=materialApplied key=1832759949507666:2:1:19
[log] [coop:transport] send guest t=turnCommitAck e=1832759949507666 wave=2 turn=1 rev=19 stage=presentationReady checksum=43d5f22a9ee6a1f9
[log] [coop:stream] guest ACK turn stage=presentationReady e=1832759949507666 wave=2 turn=1 rev=19
[log] [coop:checksum] guest finalize presentationReady e=1832759949507666 wave=2 turn=1 rev=19
[log] [coop:replay] guest finalize turn=1: END (checkpoint applied, turn-end queued)
[log] [coop:transport] recv host t=turnCommitAck e=1832759949507666 wave=2 turn=1 rev=19 stage=presentationReady checksum=43d5f22a9ee6a1f9 handlers=1
[log] [coop:stream] host ACCEPT turn ACK stage=presentationReady key=1832759949507666:2:1:19
[log] [coop:stream] guest admitted WAVE_ADVANCE continuation e=1832759949507666 wave=2
[log] [coop:runtime] wave-advance JOURNAL bootstrap wave=2 outcome=win (ACK withheld)
[log] [coop:runtime] wave-advance JOURNAL queued safe-boundary wake wave=2 unparkedReplay=0
[log] [coop:runtime] wave-advance op JOURNAL cursor-advanced id=1832759949507666:0:WAVE_ADVANCE:2 rev=3 dataApplied=false continuationReady=false (DATA applies at BattleEnd; retained ACK awaits DATA + destination continuation)
[log] [coop:transport] send guest t=coopAck cls=op:global seq=3
[log] [coop:replay] guest RECV waveEndState wave=2 tick=20
[log] [coop:runtime] ignore raw waveEndState for correctness wave=2 tick=20
[log] [coop:relay] RECV rewardOptions key=1:0 -> BUFFER rewardOptionsInbox (latest-wins) count=3
[log] [coop:rendezvous] RECV arrival point=shop:2:1 -> BUFFER (no waiter yet) role=guest
[log] [coop:transport] recv host t=coopAck cls=op:global seq=3 handlers=1
[log] [coop:session] isCoopAuthoritativeGuestGated -> true (authoritative GUEST gates a structural mutation)
[log] [coop:session] isCoopAuthoritativeGuestGated -> true (authoritative GUEST gates a structural mutation)
[log] [coop:session] isCoopAuthoritativeGuestGated -> true (authoritative GUEST gates a structural mutation)
[log] [coop:session] isCoopAuthoritativeGuestGated -> true (authoritative GUEST gates a structural mutation)
[log] [coop:session] isCoopAuthoritativeGuestGated -> true (authoritative GUEST gates a structural mutation)
[log] [coop:runtime] consume wave-advance wave=2 outcome=win transition=WAVE_VICTORY/next3/biome0/egg1/wild (lastResolved 1 -> 2)
[log] [coop:replay] guest wave-advance outcome=win wave=2 next=WAVE_VICTORY/wave3 biomeChange=false eggLapse=true victoryKind=wild battleType=WILD queues=VictoryPhase (host-stated)
[warn] [coop:replay] guest wave-advance wave=2: replacing speculative future queue [CommandPhase,CommandPhase,TurnStartPhase]
[log] [coop:session] isCoopAuthoritativeGuestGated -> true (authoritative GUEST gates a structural mutation)
[log] [coop:progression] GUEST applyPartyExp SKIP wave=2 koMon=Fletchling (awaiting host waveEndState)
[log] [coop-diag] VictoryPhase win-branch role=guest battleType=WILD queuesTrainerVictory=false queuesSelectModifier=true wave=2
[log] [coop:session] isCoopAuthoritativeGuestGated -> true (authoritative GUEST gates a structural mutation)
[log] [coop:session] isCoopAuthoritativeGuestGated -> true (authoritative GUEST gates a structural mutation)
[log] [coop-diag] VictoryTail role=guest wave=2 source=host-stated trainer=false egg=true biomeShop=false biomeChange=false crossroads=false nextWave=3
[log] [coop:session] isCoopAuthoritativeGuestGated -> true (authoritative GUEST gates a structural mutation)
[log] [coop:session] isCoopAuthoritativeGuestGated -> true (authoritative GUEST gates a structural mutation)
[log] [coop:session] isCoopAuthoritativeGuestGated -> true (authoritative GUEST gates a structural mutation)
[log] [coop:adopt] erMoneyStreaks host entries=0 -> restored (#837/#348)
[log] [coop:adopt] biomeOverstayAnchor host=null -> restored (#837/#504)
[log] [coop:adopt] erBiomeStructure host length=20 startWave=1 -> restored (#841 item 5)
[log] [coop:adopt] erRelicBattleState host wave=2 -> restored (#837)
[log] [coop:adopt] erLastGenericTrainerType host=none -> restored
[log] [coop:adopt] erMapState host nodes=0 travelTarget=- fragments=0 -> restored (#865/#841 item 1)
[log] [coop:adopt] erPendingNodes host count=4 revealed=2 -> restored (#865)
[log] [coop:resync] guest apply authoritativeState tick=20 wave=2 turn=2 party=6/2 field=4
[log] [coop:resync] presentation settle boundary=resync-stable side=player desired=visible ids=[183828872,2481092695] changed=0 phase=BattleEndPhase
[log] [coop:resync] presentation settle boundary=wave-start-pre-intro side=enemy desired=visible ids=[] changed=0 phase=BattleEndPhase
[log] [coop:runtime] wave-advance retained DATA boundary admitted wave=2
[log] [coop:progression] retained WAVE_ADVANCE DATA applied wave=2 tick=20
[log] [coop:progression] GUEST retained WAVE_ADVANCE BattleEnd release wave=2
[log] [coop:transport] recv guest t=envelope t=envelope handlers=1
[log] [coop:transport] send guest t=coopAck cls=op:global seq=3
[log] [coop:transport] recv host t=coopAck cls=op:global seq=3 handlers=1
[log] [coop:progression] GUEST automatic victory settlement admitted wave=2 turn=2
[log] [coop:interaction] interactionCounter() read -> 1 (role=guest)
[log] [coop:checksum] capture digest=43d5f22a9ee6a1f9 field=4 biome=0 seed=coop-soak-20260919 weather=0 terrain=0 money=0 party=[493,384,890,150,382,888] partyLevels=[500,500,500,500,500,500] arenaTags=0 modifiers=2 heldItemsDigest=0 pokeballs=[0:5,1:0,2:0,3:0,4:0] mons=[bi0:sp493/hp1865-1865/st0/ab121/form0/tera0:0/boss0:0 bi1:sp384/hp1714-1715/st0/ab5144/form0/tera0:15/boss0:0 bi2:sp165/hp0-16/st7/ab50/form0/tera0:6/boss0:0 bi3:sp661/hp0-16/st7/ab79/form0/tera0:0/boss0:0]
[log] [coop:interaction] interactionCounter() read -> 1 (role=guest)
[log] [coop:owner] ownerOf(counter=1) seat=1 -> owner=guest
[log] [coop:owner] isLocalOwnerAtCounter(pinnedCounter=1) parity=1 owner=guest role=guest -> true
[log] [coop:interaction] interactionCounter() read -> 1 (role=guest)
[log] [coop:reward] owner/watcher decision: pinnedStart=1 liveCounter=1 parity=1 role=guest pick=OWNER option=ADOPT spoof=false
[log] [coop:rendezvous] ARRIVE point=shop:2:1 (send) role=guest
[log] [coop:transport] send guest t=rendezvous point=shop:2:1
[log] [coop:reward] OWNER drives reward screen (start=1 role=guest spoof=false adoptsOptions=true wave=2)
[log] [coop:rendezvous] shop-pick-commit barrier AWAIT shop:2:1
[log] [coop:rendezvous] AWAIT point=shop:2:1 -> partner already arrived (buffer-hit) role=guest
[log] [coop:transport] recv host t=rendezvous point=shop:2:1 handlers=1
[log] [coop:reward] WATCHER awaiting owner reward options (start=1 reroll=0 localCount=0)
[log] [coop:relay] AWAIT rewardOptions key=1:0 timeoutMs=1200000 -> BUFFER-HIT resolve count=3
[log] [coop:shop] reconstructRewardOptions OK count=3 ids=[GREAT_BALL,TEMP_STAT_STAGE_BOOSTER,ER_ABILITY_CAPSULE]
[log] [coop:reward] WATCHER ADOPTED owner reward options (was=0 now=3 ids=[GREAT_BALL,TEMP_STAT_STAGE_BOOSTER,ER_ABILITY_CAPSULE])
[log] [coop:transport] send guest t=turnCommitAck e=1832759949507666 wave=2 turn=1 rev=19 stage=continuationReady checksum=43d5f22a9ee6a1f9
[log] [coop:stream] guest ACK turn stage=continuationReady e=1832759949507666 wave=2 turn=1 rev=19
[log] [coop:stream] guest continuation surface=sharedInput e=1832759949507666 wave=2 turn=2 waiting=1 released=1
[log] [coop:interaction] mirror begin role=owner mirrorSeq=64 interactionStart=1 reroll=0
[log] [coop:interaction] uiMirror beginSession role=owner mode=6 seq=64 early=0
[log] [coop:transport] recv host t=turnCommitAck e=1832759949507666 wave=2 turn=1 rev=19 stage=continuationReady checksum=43d5f22a9ee6a1f9 handlers=1
[log] [coop:progression] retained WAVE_ADVANCE continuationReady wave=2
[log] [coop:transport] send guest t=coopAck cls=op:global seq=3
[log] [coop:transport] send guest t=coopAck cls=op:global seq=3
[log] [coop:transport] send guest t=coopAck cls=op:global seq=3
[log] [coop:transport] recv host t=coopAck cls=op:global seq=3 handlers=1
[log] [coop:transport] recv host t=coopAck cls=op:global seq=3 handlers=1
[log] [coop:transport] recv host t=coopAck cls=op:global seq=3 handlers=1
[log] [coop:owner] ownerOf(counter=1) seat=1 -> owner=guest
[log] [coop:owner] isLocalOwnerAtCounter(pinnedCounter=1) parity=1 owner=guest role=guest -> true
[log] [coop:owner] ownerOf(counter=1) seat=1 -> owner=guest
[log] [coop:owner] isLocalOwnerAtCounter(pinnedCounter=1) parity=1 owner=guest role=guest -> true
[log] [coop:relay] OWNER prepare seq=1 kind=reward choice=0 data=[0] role=guest
[log] [coop:reward] reward op INTENT prepared label=reward id=1832759949507666:1:REWARD:100000
[log] [coop:relay] SEND interactionChoice seq=1 kind=reward kind=? choice=0 data=[0]
[log] [coop:transport] send guest t=interactionChoice seq=1 kind=reward choice=0
[warn] [coop:v2-shadow] FAULT tap(INTERACTION_COMMIT): AuthorityLog.commit: entry context is not bound to the local authority
[log] [coop:relay] AWAIT interactionChoice seq=1 timeoutMs=1200000 expected=[reward,shop,skip,reroll,check,transfer,lock] -> network-wait
[log] [coop:transport] recv host t=interactionChoice seq=1 kind=reward choice=0 handlers=1
[log] [coop:transport] recv guest t=envelope t=envelope handlers=1
[log] [coop:transport] send guest t=coopAck cls=op:global seq=3
[log] [coop:transport] send guest t=coopAck cls=op:global seq=3
[log] [coop:transport] send guest t=coopAck cls=op:global seq=3
[log] [coop:transport] recv host t=coopAck cls=op:global seq=3 handlers=1
[log] [coop:transport] recv host t=coopAck cls=op:global seq=3 handlers=1
[log] [coop:transport] recv host t=coopAck cls=op:global seq=3 handlers=1
[log] [coop:adopt] erMoneyStreaks host entries=0 -> restored (#837/#348)
[log] [coop:adopt] biomeOverstayAnchor host=null -> restored (#837/#504)
[log] [coop:adopt] erBiomeStructure host length=20 startWave=1 -> restored (#841 item 5)
[log] [coop:adopt] erRelicBattleState host wave=2 -> restored (#837)
[log] [coop:adopt] erLastGenericTrainerType host=none -> restored
[log] [coop:adopt] erMapState host nodes=0 travelTarget=- fragments=0 -> restored (#865/#841 item 1)
[log] [coop:adopt] erPendingNodes host count=4 revealed=2 -> restored (#865)
[log] [coop:resync] guest apply authoritativeState tick=21 wave=2 turn=2 party=6/2 field=4
[log] [coop:resync] presentation settle boundary=resync-stable side=player desired=visible ids=[183828872,2481092695] changed=0 phase=SelectModifierPhase
[log] [coop:resync] presentation settle boundary=wave-start-pre-intro side=enemy desired=visible ids=[] changed=0 phase=SelectModifierPhase
[log] [coop:relay] DELIVER interactionChoice seq=1 -> waiter kind=reward choice=0 data=[0]
[log] [coop:relay] AWAIT interactionChoice seq=1 RESOLVE kind=reward choice=0 data=[0]
[log] [coop:reward] shop authoritative RESULT applied-before-render kind=REWARD id=1832759949507666:1:REWARD:100000 rev=4 tick=21
[log] [coop:transport] send guest t=coopAck cls=op:global seq=4
[log] [coop:interaction] RECV interaction broadcast (deferred catch-up net) received=2 localBefore=1 role=guest -> WILL DEFER to 2 (folds in at next advance if still ahead)
[warn] [coop:interaction] CoopInteractionTurn.mergeRemote DEFER (remote=2, counter=1, pendingRemote=2) live counter UNCHANGED (folds in at next advance if still ahead)
[log] [coop:owner] ownerOf(counter=1) seat=1 -> owner=guest
[log] [coop:owner] ownerOf(counter=1) seat=1 -> owner=guest
[log] [coop:reward] reward op WATCHER materialize retained choice=0 terminal=true skippedObsolete=0 id=1832759949507666:1:REWARD:100000
[log] [coop:reward] WATCHER applying relayed action seq=1 act=REWARD choice=0 data=[0]
[log] [coop:transport] recv host t=coopAck cls=op:global seq=4 handlers=1
[log] [coop:v2-interaction] terminal proof recorded op=1832759949507666:1:REWARD:100000 role=guest seat=1 duplicate=0 ambient=1
[log] [coop:v2-interaction] phase terminal proof op=1832759949507666:1:REWARD:100000 route=constructor-fallback accepted=1
[log] [coop:interaction] interactionCounter() read -> 1 (role=guest)
[log] [coop:interaction] CoopInteractionTurn.advance INCREMENT (fromCounter=1) counter 1 -> 2
[log] [coop:interaction] advanceInteraction ADVANCED+BROADCAST (fromCounter=1) counter 1 -> 2 role=guest; send interaction screen=__turn__ choice=2
[log] [coop:interaction] SEND counter snapshot reason=advance choice=2 role=guest
[log] [coop:transport] send guest t=interaction screen=__turn__
[log] [coop:owner] ownerOf(counter=2) seat=0 -> owner=host
[log] [coop:owner] ownerOf(counter=2) seat=0 -> owner=host
[log] [coop:interaction] interactionCounter() read -> 2 (role=guest)
[log] [coop:reward] advance interaction (role=guest from=1 counter 1 -> 2)
[log] [coop:session] isCoopAuthoritativeGuestGated -> true (authoritative GUEST gates a structural mutation)
[log] [coop:transport] recv host t=interaction screen=__turn__ handlers=1
[log] [coop:replay] guest RECV enemyPartySync wave=3 count=2 -> buffered (no waiter)
[log] [coop:replay] guest RECV entry presentation wave=3 stateTick=23 events=0 buffered
[log] [coop:replay] guest RECV enemyPartySync wave=3 count=2 -> buffered (no waiter)
[log] [coop:rendezvous] RECV arrival point=cmd:3:1 -> BUFFER (no waiter yet) role=guest
[log] [coop:battletype] wave=3 HOST verdict: WILD - adopting (#867)
[log] [coop:me] wave=3 HOST verdict: NO ME - local presence roll suppressed (#862)
[log] [coop:session] isCoopAuthoritativeGuestGated -> true (authoritative GUEST gates a structural mutation)
[log] [coop:interaction] interactionCounter() read -> 2 (role=guest)
[log] [coop:stream] guest consumeEnemyParty wave=3 -> 2 enemies
[log] [coop:enemy] buildCoopEnemy ADOPT trainerSlot=0 species=187 form=0 lv=3 abilityIdx=1 nature=0 gender=1 shiny=false tera=0:11 hp=16/16 moves=4 heldItems=0
[log] [coop:enemy] buildCoopEnemy ADOPT trainerSlot=0 species=519 form=0 lv=3 abilityIdx=1 nature=0 gender=1 shiny=false tera=0:2 hp=18/18 moves=4 heldItems=0
[log] [coop:adopt] erMoneyStreaks host entries=0 -> restored (#837/#348)
[log] [coop:adopt] biomeOverstayAnchor host=null -> restored (#837/#504)
[log] [coop:adopt] erBiomeStructure host length=20 startWave=1 -> restored (#841 item 5)
[log] [coop:adopt] erRelicBattleState host wave=3 -> restored (#837)
[log] [coop:adopt] erLastGenericTrainerType host=none -> restored
[log] [coop:adopt] erMapState host nodes=0 travelTarget=- fragments=0 -> restored (#865/#841 item 1)
[log] [coop:adopt] erPendingNodes host count=4 revealed=2 -> restored (#865)
[log] [coop:resync] guest apply authoritativeState tick=23 wave=3 turn=1 party=6/2 field=4
[log] [coop:resync] presentation settle boundary=resync-stable side=player desired=visible ids=[183828872,2481092695] changed=0 phase=NextEncounterPhase
[log] [coop:resync] presentation settle boundary=resync-stable side=enemy desired=visible ids=[2319745511,828980689] changed=2 phase=NextEncounterPhase
[log] [coop:resync] render differ: newly presented id=2319745511 key=pkmn__187 -> load atlas
[log] [coop:resync] render differ: newly presented id=828980689 key=pkmn__519 -> load atlas
[log] [coop:resync] presentation settle boundary=wave-start-pre-intro side=enemy desired=hidden ids=[2319745511,828980689] changed=2 phase=NextEncounterPhase
[log] [coop:resync] presentation settle boundary=encounter-summon side=enemy desired=visible ids=[2319745511,828980689] changed=0 phase=NextEncounterPhase
[log] [coop:resync] presentation settle boundary=launch-ready side=player desired=visible ids=[183828872,2481092695] changed=0 phase=NextEncounterPhase
[log] [coop:session] isCoopAuthoritativeGuestGated -> true (authoritative GUEST gates a structural mutation)
[log] [coop:session] isCoopAuthoritativeGuestGated -> true (authoritative GUEST gates a structural mutation)
[log] [coop:session] isCoopAuthoritativeGuestGated -> true (authoritative GUEST gates a structural mutation)
[log] [coop:session] isCoopAuthoritativeGuestGated -> true (authoritative GUEST gates a structural mutation)
[log] [coop:session] isCoopAuthoritativeGuestGated -> true (authoritative GUEST gates a structural mutation)
[log] [coop:session] isCoopAuthoritativeGuestGated -> true (authoritative GUEST gates a structural mutation)
[log] [coop:replay] guest replay turn=1: awaiting retained entry presentation
[warn] [coop:resync] authoritativeState tick=23 STALE (lastApplied=23) -> REJECTED (#807)
[log] [coop:adopt] erMoneyStreaks host entries=0 -> restored (#837/#348)
[log] [coop:adopt] biomeOverstayAnchor host=null -> restored (#837/#504)
[log] [coop:adopt] erBiomeStructure host length=20 startWave=1 -> restored (#841 item 5)
[log] [coop:adopt] erRelicBattleState host wave=3 -> restored (#837)
[log] [coop:adopt] erLastGenericTrainerType host=none -> restored
[log] [coop:adopt] erMapState host nodes=0 travelTarget=- fragments=0 -> restored (#865/#841 item 1)
[log] [coop:adopt] erPendingNodes host count=4 revealed=2 -> restored (#865)
[log] [coop:resync] guest reassert authoritativeState tick=23 wave=3 turn=1 party=6/2 field=4
[log] [coop:resync] presentation settle boundary=resync-stable side=player desired=visible ids=[183828872,2481092695] changed=0 phase=CoopReplayTurnPhase
[log] [coop:resync] presentation settle boundary=resync-stable side=enemy desired=visible ids=[2319745511,828980689] changed=0 phase=CoopReplayTurnPhase
[log] [coop:replay] guest replay turn=1: rendering 0 event(s)
[log] [coop:replay] guest replay turn=1: rendered phases [none]
[log] [coop:replay] guest replay turn=1: retained entry presentation queued stateTick=23 events=0; awaiting exact outcome proof
[log] [coop:session] isCoopAuthoritativeGuestGated -> true (authoritative GUEST gates a structural mutation)
[log] [coop:replay] guest pre-command presentation PROVED wave=3 turn=1 events=0
[log] [coop:stream] guest consumeEnemyParty wave=3 -> null (buffered=none)
[log] [coop:battle] CommandPhase slot=0 turn=1 owner=host role=guest -> partner path
[log] [coop:stream] guest consumeEnemyParty wave=3 -> null (buffered=none)
[log] [coop:rendezvous] ARRIVE point=cmd:3:1 (send) role=guest
[log] [coop:transport] send guest t=rendezvous point=cmd:3:1
[log] [coop:rendezvous] next-command barrier cmd:3:1 SYNC pass (partner already arrived)
[log] [coop:stream] guest consumeEnemyParty wave=3 -> null (buffered=none)
[log] [coop:transport] send guest t=coopAck cls=op:global seq=4
[log] [coop:transport] send guest t=coopAck cls=op:global seq=4
[log] [coop:transport] recv host t=rendezvous point=cmd:3:1 handlers=1
[log] [coop:transport] recv host t=coopAck cls=op:global seq=4 handlers=1
[log] [coop:transport] recv host t=coopAck cls=op:global seq=4 handlers=1
[log] [coop:rendezvous] RECV arrival point=cmd:3:1 -> DUPLICATE (already seen) role=guest
[log] [coop:replay] guest IGNORE duplicate consumed entry presentation wave=3
[log] [coop:replay] guest RECV enemyPartySync wave=3 count=2 -> buffered (no waiter)
[log] [coop:interaction] interactionCounter() read -> 2 (role=guest)
[log] [coop:checksum] capture digest=5c2d249a71b9e8b7 field=4 biome=0 seed=coop-soak-20260919 weather=0 terrain=0 money=0 party=[493,384,890,150,382,888] partyLevels=[500,500,500,500,500,500] arenaTags=0 modifiers=2 heldItemsDigest=0 pokeballs=[0:5,1:5,2:0,3:0,4:0] mons=[bi0:sp493/hp1865-1865/st0/ab121/form0/tera0:0/boss0:0 bi1:sp384/hp1714-1715/st0/ab5144/form0/tera0:15/boss0:0 bi2:sp187/hp16-16/st0/ab151/form0/tera0:11/boss0:0 bi3:sp519/hp18-18/st0/ab109/form0/tera0:2/boss0:0]
[log] [coop:interaction] interactionCounter() read -> 2 (role=guest)
[log] [coop:replay] guest IGNORE duplicate consumed entry presentation wave=3
[log] [coop:replay] guest RECV enemyPartySync wave=3 count=2 -> buffered (no waiter)
[log] [coop:replay] guest RECV turnResolution e=1832759949507666 wave=3 turn=1 events=8 checksum=52e0ced847c48fd9 -> buffered (no waiter)
[log] [coop:replay] guest RECV waveResolved wave=3 outcome=win transition=WAVE_VICTORY/next4/biome0/egg1/wild
[log] [coop:runtime] recv waveResolved wave=3 outcome=win role=guest netcode=authoritative
[log] [coop:runtime] ignore raw waveResolved for correctness wave=3 outcome=win; awaiting retained transaction
[log] [coop:session] isCoopAuthoritativeGuestGated -> true (authoritative GUEST gates a structural mutation)
[log] [coop:replay] guest replay turn=1: live pump start mode=turn
[log] [coop:transport] send guest t=requestTurnCommit e=1832759949507666 wave=3 turn=1 rev=pending
[log] [coop:transport] send guest t=requestTurnCommit e=1832759949507666 wave=3 turn=1 rev=28
[log] [coop:replay] guest awaitTurn turn=1 RESOLVE (buffered race) events=8
[log] [coop:transport] recv host t=requestTurnCommit e=1832759949507666 wave=3 turn=1 rev=pending handlers=1
[log] [coop:transport] send host t=turnResolution e=1832759949507666 wave=3 turn=1 rev=28 events=8 checksum=52e0ced847c48fd9
[log] [coop:transport] recv host t=requestTurnCommit e=1832759949507666 wave=3 turn=1 rev=28 handlers=1
[log] [coop:transport] send host t=turnResolution e=1832759949507666 wave=3 turn=1 rev=28 events=8 checksum=52e0ced847c48fd9
[log] [coop:transport] recv guest t=turnResolution e=1832759949507666 wave=3 turn=1 rev=28 events=8 checksum=52e0ced847c48fd9 handlers=1
[log] [coop:transport] recv guest t=turnResolution e=1832759949507666 wave=3 turn=1 rev=28 events=8 checksum=52e0ced847c48fd9 handlers=1
[log] [coop:replay] guest consume live events turn=1 count=0
[log] [coop:replay] guest replay turn=1: RESOLVE renderedLive=0 remaining=8 batch=8
[log] [coop:replay] guest replay turn=1: rendering 8 event(s)
[log] [coop:replay] guest replay turn=1: present k=moveUsed
[log] [coop:replay] guest replay turn=1: present k=moveAnim
[log] [coop:session] isCoopAuthoritativeGuestGated -> true (authoritative GUEST gates a structural mutation)
[log] [coop:replay] guest replay turn=1: present k=hp
[log] [coop:session] isCoopAuthoritativeGuestGated -> true (authoritative GUEST gates a structural mutation)
[log] [coop:replay] guest replay turn=1: present k=faint
[log] [coop:session] isCoopAuthoritativeGuestGated -> true (authoritative GUEST gates a structural mutation)
[log] [coop:replay] guest replay turn=1: present k=moveUsed
[log] [coop:replay] guest replay turn=1: present k=moveAnim
[log] [coop:session] isCoopAuthoritativeGuestGated -> true (authoritative GUEST gates a structural mutation)
[log] [coop:replay] guest replay turn=1: present k=hp
[log] [coop:session] isCoopAuthoritativeGuestGated -> true (authoritative GUEST gates a structural mutation)
[log] [coop:replay] guest replay turn=1: present k=faint
[log] [coop:session] isCoopAuthoritativeGuestGated -> true (authoritative GUEST gates a structural mutation)
[log] [coop:replay] guest replay turn=1: rendered phases [moveUsed=2 moveAnim=2 hp=2 faint=2]
[log] [coop:replay] guest replay turn=1: unshift CoopFinalizeTurnPhase (checkpoint apply deferred)
[log] [coop:session] isCoopAuthoritativeGuestGated -> true (authoritative GUEST gates a structural mutation)
[log] [coop:stream] guest IGNORE idempotent turn duplicate e=1832759949507666 wave=3 turn=1 rev=28
[log] [coop:stream] guest IGNORE idempotent turn duplicate e=1832759949507666 wave=3 turn=1 rev=28
[log] [coop:replay] present move bi=0 moveId=247 targets=1
[log] [coop:replay] present hp bi=2 16->0/16
[log] [coop:replay] present faint bi=2 narrate=true
[log] [coop:replay] present move bi=1 moveId=53 targets=1
[log] [coop:replay] present hp bi=3 18->0/18
[log] [coop:replay] present faint bi=3 narrate=true
[log] [coop:checkpoint] guest apply field=4 weather=0 terrain=0 arenaTags=0
[log] [coop:session] isCoopAuthoritativeGuestGated -> true (authoritative GUEST gates a structural mutation)
[log] [coop:adopt] erMoneyStreaks host entries=0 -> restored (#837/#348)
[log] [coop:adopt] biomeOverstayAnchor host=null -> restored (#837/#504)
[log] [coop:adopt] erBiomeStructure host length=20 startWave=1 -> restored (#841 item 5)
[log] [coop:adopt] erRelicBattleState host wave=3 -> restored (#837)
[log] [coop:adopt] erLastGenericTrainerType host=none -> restored
[log] [coop:adopt] erMapState host nodes=0 travelTarget=- fragments=0 -> restored (#865/#841 item 1)
[log] [coop:adopt] erPendingNodes host count=4 revealed=2 -> restored (#865)
[log] [coop:resync] guest apply authoritativeState tick=28 wave=3 turn=1 party=6/2 field=4
[log] [coop:resync] presentation settle boundary=resync-stable side=player desired=visible ids=[183828872,2481092695] changed=0 phase=CoopFinalizeTurnPhase
[log] [coop:resync] presentation settle boundary=wave-start-pre-intro side=enemy desired=visible ids=[] changed=0 phase=CoopFinalizeTurnPhase
[log] [coop:interaction] interactionCounter() read -> 2 (role=guest)
[log] [coop:checksum] capture digest=52e0ced847c48fd9 field=4 biome=0 seed=coop-soak-20260919 weather=0 terrain=0 money=0 party=[493,384,890,150,382,888] partyLevels=[500,500,500,500,500,500] arenaTags=0 modifiers=2 heldItemsDigest=0 pokeballs=[0:5,1:5,2:0,3:0,4:0] mons=[bi0:sp493/hp1865-1865/st0/ab121/form0/tera0:0/boss0:0 bi1:sp384/hp1714-1715/st0/ab5144/form0/tera0:15/boss0:0 bi2:sp187/hp0-16/st7/ab151/form0/tera0:11/boss0:0 bi3:sp519/hp0-18/st7/ab109/form0/tera0:2/boss0:0]
[log] [coop:transport] send guest t=turnCommitAck e=1832759949507666 wave=3 turn=1 rev=28 stage=materialApplied checksum=52e0ced847c48fd9
[log] [coop:stream] guest ACK turn stage=materialApplied e=1832759949507666 wave=3 turn=1 rev=28
[log] [coop:checksum] guest finalize materialApplied e=1832759949507666 wave=3 turn=1 rev=28
[log] [coop:transport] recv host t=turnCommitAck e=1832759949507666 wave=3 turn=1 rev=28 stage=materialApplied checksum=52e0ced847c48fd9 handlers=1
[log] [coop:stream] host ACCEPT turn ACK stage=materialApplied key=1832759949507666:3:1:28
[log] [coop:transport] send guest t=turnCommitAck e=1832759949507666 wave=3 turn=1 rev=28 stage=presentationReady checksum=52e0ced847c48fd9
[log] [coop:stream] guest ACK turn stage=presentationReady e=1832759949507666 wave=3 turn=1 rev=28
[log] [coop:checksum] guest finalize presentationReady e=1832759949507666 wave=3 turn=1 rev=28
[log] [coop:replay] guest finalize turn=1: END (checkpoint applied, turn-end queued)
[log] [coop:transport] recv host t=turnCommitAck e=1832759949507666 wave=3 turn=1 rev=28 stage=presentationReady checksum=52e0ced847c48fd9 handlers=1
[log] [coop:stream] host ACCEPT turn ACK stage=presentationReady key=1832759949507666:3:1:28
[log] [coop:stream] guest admitted WAVE_ADVANCE continuation e=1832759949507666 wave=3
[log] [coop:runtime] wave-advance JOURNAL bootstrap wave=3 outcome=win (ACK withheld)
[log] [coop:runtime] wave-advance JOURNAL queued safe-boundary wake wave=3 unparkedReplay=0
[log] [coop:runtime] wave-advance op JOURNAL cursor-advanced id=1832759949507666:0:WAVE_ADVANCE:3 rev=5 dataApplied=false continuationReady=false (DATA applies at BattleEnd; retained ACK awaits DATA + destination continuation)
[log] [coop:transport] send guest t=coopAck cls=op:global seq=5
[log] [coop:replay] guest RECV waveEndState wave=3 tick=29
[log] [coop:runtime] ignore raw waveEndState for correctness wave=3 tick=29
[log] [coop:relay] RECV rewardOptions key=2:0 -> BUFFER rewardOptionsInbox (latest-wins) count=3
[log] [coop:rendezvous] RECV arrival point=shop:3:2 -> BUFFER (no waiter yet) role=guest
[log] [coop:transport] recv host t=coopAck cls=op:global seq=5 handlers=1
[log] [coop:session] isCoopAuthoritativeGuestGated -> true (authoritative GUEST gates a structural mutation)
[log] [coop:session] isCoopAuthoritativeGuestGated -> true (authoritative GUEST gates a structural mutation)
[log] [coop:session] isCoopAuthoritativeGuestGated -> true (authoritative GUEST gates a structural mutation)
[log] [coop:session] isCoopAuthoritativeGuestGated -> true (authoritative GUEST gates a structural mutation)
[log] [coop:session] isCoopAuthoritativeGuestGated -> true (authoritative GUEST gates a structural mutation)
[log] [coop:runtime] consume wave-advance wave=3 outcome=win transition=WAVE_VICTORY/next4/biome0/egg1/wild (lastResolved 2 -> 3)
[log] [coop:replay] guest wave-advance outcome=win wave=3 next=WAVE_VICTORY/wave4 biomeChange=false eggLapse=true victoryKind=wild battleType=WILD queues=VictoryPhase (host-stated)
[warn] [coop:replay] guest wave-advance wave=3: replacing speculative future queue [CommandPhase,CommandPhase,TurnStartPhase]
[log] [coop:session] isCoopAuthoritativeGuestGated -> true (authoritative GUEST gates a structural mutation)
[log] [coop:progression] GUEST applyPartyExp SKIP wave=3 koMon=Pidove (awaiting host waveEndState)
[log] [coop-diag] VictoryPhase win-branch role=guest battleType=WILD queuesTrainerVictory=false queuesSelectModifier=true wave=3
[log] [coop:session] isCoopAuthoritativeGuestGated -> true (authoritative GUEST gates a structural mutation)
[log] [coop:session] isCoopAuthoritativeGuestGated -> true (authoritative GUEST gates a structural mutation)
[log] [coop-diag] VictoryTail role=guest wave=3 source=host-stated trainer=false egg=true biomeShop=false biomeChange=false crossroads=false nextWave=4
[log] [coop:session] isCoopAuthoritativeGuestGated -> true (authoritative GUEST gates a structural mutation)
[log] [coop:session] isCoopAuthoritativeGuestGated -> true (authoritative GUEST gates a structural mutation)
[log] [coop:session] isCoopAuthoritativeGuestGated -> true (authoritative GUEST gates a structural mutation)
[log] [coop:adopt] erMoneyStreaks host entries=0 -> restored (#837/#348)
[log] [coop:adopt] biomeOverstayAnchor host=null -> restored (#837/#504)
[log] [coop:adopt] erBiomeStructure host length=20 startWave=1 -> restored (#841 item 5)
[log] [coop:adopt] erRelicBattleState host wave=3 -> restored (#837)
[log] [coop:adopt] erLastGenericTrainerType host=none -> restored
[log] [coop:adopt] erMapState host nodes=0 travelTarget=- fragments=0 -> restored (#865/#841 item 1)
[log] [coop:adopt] erPendingNodes host count=4 revealed=2 -> restored (#865)
[log] [coop:resync] guest apply authoritativeState tick=29 wave=3 turn=2 party=6/2 field=4
[log] [coop:resync] presentation settle boundary=resync-stable side=player desired=visible ids=[183828872,2481092695] changed=0 phase=BattleEndPhase
[log] [coop:resync] presentation settle boundary=wave-start-pre-intro side=enemy desired=visible ids=[] changed=0 phase=BattleEndPhase
[log] [coop:runtime] wave-advance retained DATA boundary admitted wave=3
[log] [coop:progression] retained WAVE_ADVANCE DATA applied wave=3 tick=29
[log] [coop:progression] GUEST retained WAVE_ADVANCE BattleEnd release wave=3
[log] [coop:transport] recv guest t=envelope t=envelope handlers=1
[log] [coop:transport] send guest t=coopAck cls=op:global seq=5
[log] [coop:transport] recv host t=coopAck cls=op:global seq=5 handlers=1
[log] [coop:progression] GUEST automatic victory settlement admitted wave=3 turn=2
[log] [coop:interaction] interactionCounter() read -> 2 (role=guest)
[log] [coop:checksum] capture digest=52e0ced847c48fd9 field=4 biome=0 seed=coop-soak-20260919 weather=0 terrain=0 money=0 party=[493,384,890,150,382,888] partyLevels=[500,500,500,500,500,500] arenaTags=0 modifiers=2 heldItemsDigest=0 pokeballs=[0:5,1:5,2:0,3:0,4:0] mons=[bi0:sp493/hp1865-1865/st0/ab121/form0/tera0:0/boss0:0 bi1:sp384/hp1714-1715/st0/ab5144/form0/tera0:15/boss0:0 bi2:sp187/hp0-16/st7/ab151/form0/tera0:11/boss0:0 bi3:sp519/hp0-18/st7/ab109/form0/tera0:2/boss0:0]
[log] [coop:interaction] interactionCounter() read -> 2 (role=guest)
[log] [coop:owner] ownerOf(counter=2) seat=0 -> owner=host
[log] [coop:owner] isLocalOwnerAtCounter(pinnedCounter=2) parity=0 owner=host role=guest -> false
[log] [coop:interaction] interactionCounter() read -> 2 (role=guest)
[log] [coop:reward] owner/watcher decision: pinnedStart=2 liveCounter=2 parity=0 role=guest pick=WATCHER option=ADOPT spoof=false
[log] [coop:rendezvous] ARRIVE point=shop:3:2 (send) role=guest
[log] [coop:transport] send guest t=rendezvous point=shop:3:2
[log] [coop:reward] WATCHER waits for partner's reward picks (start=2 role=guest wave=3)
[log] [coop:reward] WATCHER awaiting owner reward options (start=2 reroll=0 localCount=0)
[log] [coop:relay] AWAIT rewardOptions key=2:0 timeoutMs=1200000 -> BUFFER-HIT resolve count=3
[log] [coop:transport] recv host t=rendezvous point=shop:3:2 handlers=1
[log] [coop:shop] reconstructRewardOptions OK count=3 ids=[RARE_CANDY,ER_DEX_NAV,POKEBALL]
[log] [coop:reward] WATCHER ADOPTED owner reward options (was=0 now=3 ids=[RARE_CANDY,ER_DEX_NAV,POKEBALL])
[log] [coop:transport] send guest t=turnCommitAck e=1832759949507666 wave=3 turn=1 rev=28 stage=continuationReady checksum=52e0ced847c48fd9
[log] [coop:stream] guest ACK turn stage=continuationReady e=1832759949507666 wave=3 turn=1 rev=28
[log] [coop:stream] guest continuation surface=sharedInput e=1832759949507666 wave=3 turn=2 waiting=1 released=1
[log] [coop:transport] recv host t=turnCommitAck e=1832759949507666 wave=3 turn=1 rev=28 stage=continuationReady checksum=52e0ced847c48fd9 handlers=1
[log] [coop:progression] retained WAVE_ADVANCE continuationReady wave=3
[log] [coop:transport] send guest t=coopAck cls=op:global seq=5
[log] [coop:transport] send guest t=coopAck cls=op:global seq=5
[log] [coop:transport] send guest t=coopAck cls=op:global seq=5
[log] [coop:interaction] mirror begin role=watcher mirrorSeq=128 interactionStart=2 reroll=0
[log] [coop:interaction] uiMirror beginSession role=watcher mode=6 seq=128 early=0
[log] [coop:transport] recv host t=coopAck cls=op:global seq=5 handlers=1
[log] [coop:transport] recv host t=coopAck cls=op:global seq=5 handlers=1
[log] [coop:transport] recv host t=coopAck cls=op:global seq=5 handlers=1
[log] [coop:relay] AWAIT interactionChoice seq=2 timeoutMs=1200000 expected=[reward,shop,skip,reroll,check,transfer,lock] -> network-wait
[log] [coop:rendezvous] RECV arrival point=shop:3:2 -> DUPLICATE (already seen) role=guest
[log] [coop:relay] DELIVER interactionChoice seq=2 -> waiter kind=reward choice=1 data=[0]
[log] [coop:relay] AWAIT interactionChoice seq=2 RESOLVE kind=reward choice=1 data=[0]
[log] [coop:adopt] erMoneyStreaks host entries=0 -> restored (#837/#348)
[log] [coop:adopt] biomeOverstayAnchor host=null -> restored (#837/#504)
[log] [coop:adopt] erBiomeStructure host length=20 startWave=1 -> restored (#841 item 5)
[log] [coop:adopt] erRelicBattleState host wave=3 -> restored (#837)
[log] [coop:adopt] erLastGenericTrainerType host=none -> restored
[log] [coop:adopt] erMapState host nodes=0 travelTarget=- fragments=0 -> restored (#865/#841 item 1)
[log] [coop:adopt] erPendingNodes host count=4 revealed=2 -> restored (#865)
[log] [coop:resync] guest apply authoritativeState tick=30 wave=3 turn=2 party=6/2 field=4
[log] [coop:resync] presentation settle boundary=resync-stable side=player desired=visible ids=[183828872,2481092695] changed=0 phase=SelectModifierPhase
[log] [coop:resync] presentation settle boundary=wave-start-pre-intro side=enemy desired=visible ids=[] changed=0 phase=SelectModifierPhase
[log] [coop:relay] DELIVER interactionChoice seq=2 -> BUFFER inbox depth=1 kind=reward choice=1 data=[0]
[log] [coop:reward] shop authoritative RESULT applied-before-render kind=REWARD id=1832759949507666:0:REWARD:200000 rev=6 tick=30
[log] [coop:transport] send guest t=coopAck cls=op:global seq=6
[warn] [coop:reward] WATCHER op-gate rejected relayed action (await-journal) seq=2 choice=1 - keep awaiting terminal (Wave-2d)
[log] [coop:transport] recv host t=coopAck cls=op:global seq=6 handlers=1
[log] [coop:relay] AWAIT interactionChoice seq=2 timeoutMs=1200000 -> BUFFER-HIT resolve kind=reward choice=1 data=[0]
[log] [coop:reward] reward op WATCHER materialize retained choice=1 terminal=true skippedObsolete=0 id=1832759949507666:0:REWARD:200000
[log] [coop:reward] WATCHER applying relayed action seq=2 act=REWARD choice=1 data=[0]
[log] [coop:ability] abilityContext threaded seq=2 role=watcher (picker routes outcome on this seq)
[log] [coop:session] isCoopAuthoritativeGuestGated -> true (authoritative GUEST gates a structural mutation)
[log] [coop:session] isCoopAuthoritativeGuestGated -> true (authoritative GUEST gates a structural mutation)
[log] [coop:v2-interaction] terminal proof recorded op=1832759949507666:0:REWARD:200000 role=guest seat=1 duplicate=0 ambient=1
[log] [coop:v2-interaction] phase terminal proof op=1832759949507666:0:REWARD:200000 route=constructor-fallback accepted=1
[log] [coop:interaction] interactionCounter() read -> 2 (role=guest)
[log] [coop:interaction] interactionCounter() read -> 2 (role=guest)