{
  "invariant": "no-park",
  "seed": 20260919,
  "wave": 2,
  "detail": "wave driving threw (strand/stall): guest reward WATCH HANG: watcher neither left nor advanced past interaction 1 after 32 drains (owner terminal never arrived) - see dev-logs/coop-duo/",
  "replay": "SOAK_SEED=20260919",
  "phaseState": {
    "hostPhase": "SelectModifierPhase",
    "guestPhase": "SelectModifierPhase",
    "hostInteractionCounter": 1,
    "guestInteractionCounter": 1,
    "hostWave": 2,
    "hostBattleType": 0,
    "hostPlayerField": [
      {
        "id": 591208294,
        "battlerIndex": 0,
        "speciesId": 149,
        "speciesName": "Dragonite",
        "hp": 210,
        "maxHp": 213,
        "fainted": false,
        "status": 0,
        "statStages": [
          0,
          0,
          0,
          0,
          0,
          -1,
          0
        ],
        "moves": [
          {
            "id": 262,
            "ppUsed": 0
          },
          {
            "id": 247,
            "ppUsed": 0
          },
          {
            "id": 53,
            "ppUsed": 0
          },
          {
            "id": 85,
            "ppUsed": 0
          }
        ],
        "coopOwner": "host"
      },
      {
        "id": 4044676253,
        "battlerIndex": 1,
        "speciesId": 445,
        "speciesName": "Garchomp",
        "hp": 235,
        "maxHp": 235,
        "fainted": false,
        "status": 0,
        "statStages": [
          0,
          0,
          0,
          0,
          0,
          0,
          0
        ],
        "moves": [
          {
            "id": 262,
            "ppUsed": 0
          },
          {
            "id": 247,
            "ppUsed": 0
          },
          {
            "id": 53,
            "ppUsed": 0
          },
          {
            "id": 85,
            "ppUsed": 0
          }
        ],
        "coopOwner": "guest"
      }
    ],
    "hostEnemyField": [
      {
        "id": 40115081,
        "battlerIndex": 2,
        "speciesId": 165,
        "speciesName": "Ledyba",
        "hp": 0,
        "maxHp": 16,
        "fainted": true,
        "status": 7,
        "statStages": [
          0,
          0,
          0,
          0,
          0,
          0,
          0
        ],
        "moves": [
          {
            "id": 5152,
            "ppUsed": 0
          },
          {
            "id": 146,
            "ppUsed": 0
          },
          {
            "id": 249,
            "ppUsed": 0
          },
          {
            "id": 98,
            "ppUsed": 1
          }
        ]
      },
      {
        "id": 1829562759,
        "battlerIndex": 3,
        "speciesId": 661,
        "speciesName": "Fletchling",
        "hp": 0,
        "maxHp": 16,
        "fainted": true,
        "status": 7,
        "statStages": [
          0,
          0,
          0,
          0,
          0,
          0,
          0
        ],
        "moves": [
          {
            "id": 175,
            "ppUsed": 0
          },
          {
            "id": 314,
            "ppUsed": 1
          },
          {
            "id": 45,
            "ppUsed": 0
          },
          {
            "id": 64,
            "ppUsed": 0
          }
        ]
      }
    ],
    "guestPlayerField": [
      {
        "id": 591208294,
        "battlerIndex": -1,
        "speciesId": 149,
        "speciesName": "Dragonite",
        "hp": 210,
        "maxHp": 213,
        "fainted": false,
        "status": 0,
        "statStages": [
          0,
          0,
          0,
          0,
          0,
          -1,
          0
        ],
        "moves": [
          {
            "id": 262,
            "ppUsed": 0
          },
          {
            "id": 247,
            "ppUsed": 0
          },
          {
            "id": 53,
            "ppUsed": 0
          },
          {
            "id": 85,
            "ppUsed": 0
          }
        ],
        "coopOwner": "host"
      },
      {
        "id": 4044676253,
        "battlerIndex": -1,
        "speciesId": 445,
        "speciesName": "Garchomp",
        "hp": 235,
        "maxHp": 235,
        "fainted": false,
        "status": 0,
        "statStages": [
          0,
          0,
          0,
          0,
          0,
          0,
          0
        ],
        "moves": [
          {
            "id": 262,
            "ppUsed": 0
          },
          {
            "id": 247,
            "ppUsed": 0
          },
          {
            "id": 53,
            "ppUsed": 0
          },
          {
            "id": 85,
            "ppUsed": 0
          }
        ],
        "coopOwner": "guest"
      }
    ],
    "guestEnemyField": [
      {
        "id": 40115081,
        "battlerIndex": -1,
        "speciesId": 165,
        "speciesName": "Ledyba",
        "hp": 0,
        "maxHp": 16,
        "fainted": true,
        "status": 7,
        "statStages": [
          0,
          0,
          0,
          0,
          0,
          0,
          0
        ],
        "moves": [
          {
            "id": 5152,
            "ppUsed": 0
          },
          {
            "id": 146,
            "ppUsed": 0
          },
          {
            "id": 249,
            "ppUsed": 0
          },
          {
            "id": 98,
            "ppUsed": 1
          }
        ]
      },
      {
        "id": 1829562759,
        "battlerIndex": -1,
        "speciesId": 661,
        "speciesName": "Fletchling",
        "hp": 0,
        "maxHp": 16,
        "fainted": true,
        "status": 7,
        "statStages": [
          0,
          0,
          0,
          0,
          0,
          0,
          0
        ],
        "moves": [
          {
            "id": 175,
            "ppUsed": 0
          },
          {
            "id": 314,
            "ppUsed": 1
          },
          {
            "id": 45,
            "ppUsed": 0
          },
          {
            "id": 64,
            "ppUsed": 0
          }
        ]
      }
    ]
  },
  "actionScript": [
    "SKIP mysteryEncounterDisabledV1",
    "content seed=coop-soak-20260919 preseeded=false",
    "wave 1 turn 1: committed frontier omitted seat 1; guest remained a replay spectator until host action",
    "wave 1 turn 1: host SWITCH -> party[2]",
    "wave 1: host slot move=85 guest slot move=0",
    "wave 1 turn 1: progress enemyHp=[16:14/14] playerHp=[149:213/213]",
    "wave 1 turn 2: committed frontier omitted seat 1; guest remained a replay spectator until host action",
    "wave 1: reward shop owner=host leave",
    "wave 2 turn 1: replay guest crossed cmd:2:1 through real public COMMAND=opened",
    "wave 2 turn 1: staged guest-owned lead at 1 HP on both engines",
    "wave 2: host slot move=53 guest slot move=53",
    "wave 2 turn 1: forced-faint guest MEMENTO self-KO",
    "wave 2 turn 1: progress enemyHp=[165:0/16,661:16/16] playerHp=[149:210/213,94:0/179]",
    "wave 2 turn 2: replay guest crossed cmd:2:2 through real public COMMAND=opened",
    "wave 2 turn 2: guest SWITCH -> party[5]"
  ]
}