{
  "invariant": "no-park",
  "seed": 20260801,
  "wave": 151,
  "detail": "wave crossing threw (strand/stall): [coop-soak] DESYNC invariant breached at wave 150 (seed 20260801): World Map pin diverged host=-1 guest=178. Artifact + both logs: /home/runner/work/elite-redux/elite-redux/dev-logs/coop-soak/2026-08-01T05-12-11-306Z__seed-20260801__wave-150. Replay: SOAK_SEED=20260801",
  "replay": "SOAK_SEED=20260801",
  "phaseState": {
    "hostPhase": "SelectBiomePhase",
    "guestPhase": "SelectBiomePhase",
    "hostInteractionCounter": 178,
    "guestInteractionCounter": 178,
    "hostWave": 150,
    "hostBattleType": 1,
    "hostPlayerField": [
      {
        "id": 3679211553,
        "battlerIndex": -1,
        "speciesId": 890,
        "speciesName": "Eternatus",
        "hp": 1719,
        "maxHp": 2065,
        "fainted": false,
        "status": 0,
        "statStages": [
          0,
          0,
          0,
          0,
          0,
          0,
          0
        ],
        "moves": [
          {
            "id": 34,
            "ppUsed": 0
          },
          {
            "id": 247,
            "ppUsed": 0
          },
          {
            "id": 53,
            "ppUsed": 0
          },
          {
            "id": 85,
            "ppUsed": 4
          }
        ],
        "coopOwner": "host"
      },
      {
        "id": 33147429,
        "battlerIndex": -1,
        "speciesId": 384,
        "speciesName": "Rayquaza",
        "hp": 1715,
        "maxHp": 1715,
        "fainted": false,
        "status": 0,
        "statStages": [
          0,
          0,
          0,
          0,
          0,
          0,
          0
        ],
        "moves": [
          {
            "id": 34,
            "ppUsed": 0
          },
          {
            "id": 247,
            "ppUsed": 0
          },
          {
            "id": 53,
            "ppUsed": 0
          },
          {
            "id": 85,
            "ppUsed": 0
          }
        ],
        "coopOwner": "guest"
      }
    ],
    "hostEnemyField": [
      {
        "id": 1888119618,
        "battlerIndex": -1,
        "speciesId": 213,
        "speciesName": "Shuckle",
        "hp": 0,
        "maxHp": 321,
        "fainted": true,
        "status": 7,
        "statStages": [
          0,
          0,
          0,
          0,
          0,
          0,
          0
        ],
        "moves": [
          {
            "id": 611,
            "ppUsed": 0
          },
          {
            "id": 504,
            "ppUsed": 0
          },
          {
            "id": 910,
            "ppUsed": 1
          },
          {
            "id": 456,
            "ppUsed": 0
          }
        ]
      },
      {
        "id": 848947694,
        "battlerIndex": -1,
        "speciesId": 874,
        "speciesName": "Stonjourner",
        "hp": 0,
        "maxHp": 456,
        "fainted": true,
        "status": 7,
        "statStages": [
          0,
          0,
          0,
          0,
          0,
          0,
          0
        ],
        "moves": [
          {
            "id": 5091,
            "ppUsed": 0
          },
          {
            "id": 25,
            "ppUsed": 0
          },
          {
            "id": 659,
            "ppUsed": 0
          },
          {
            "id": 334,
            "ppUsed": 0
          }
        ]
      }
    ],
    "guestPlayerField": [
      {
        "id": 3679211553,
        "battlerIndex": 0,
        "speciesId": 890,
        "speciesName": "Eternatus",
        "hp": 1719,
        "maxHp": 2065,
        "fainted": false,
        "status": 0,
        "statStages": [
          0,
          0,
          0,
          0,
          0,
          0,
          0
        ],
        "moves": [
          {
            "id": 34,
            "ppUsed": 0
          },
          {
            "id": 247,
            "ppUsed": 0
          },
          {
            "id": 53,
            "ppUsed": 0
          },
          {
            "id": 85,
            "ppUsed": 4
          }
        ],
        "coopOwner": "host"
      },
      {
        "id": 33147429,
        "battlerIndex": 1,
        "speciesId": 384,
        "speciesName": "Rayquaza",
        "hp": 1715,
        "maxHp": 1715,
        "fainted": false,
        "status": 0,
        "statStages": [
          0,
          0,
          0,
          0,
          0,
          0,
          0
        ],
        "moves": [
          {
            "id": 34,
            "ppUsed": 0
          },
          {
            "id": 247,
            "ppUsed": 0
          },
          {
            "id": 53,
            "ppUsed": 0
          },
          {
            "id": 85,
            "ppUsed": 0
          }
        ],
        "coopOwner": "guest"
      }
    ],
    "guestEnemyField": [
      {
        "id": 1888119618,
        "battlerIndex": 2,
        "speciesId": 213,
        "speciesName": "Shuckle",
        "hp": 0,
        "maxHp": 321,
        "fainted": true,
        "status": 7,
        "statStages": [
          0,
          0,
          0,
          0,
          0,
          0,
          0
        ],
        "moves": [
          {
            "id": 611,
            "ppUsed": 0
          },
          {
            "id": 504,
            "ppUsed": 0
          },
          {
            "id": 910,
            "ppUsed": 1
          },
          {
            "id": 456,
            "ppUsed": 0
          }
        ]
      },
      {
        "id": 848947694,
        "battlerIndex": 3,
        "speciesId": 874,
        "speciesName": "Stonjourner",
        "hp": 0,
        "maxHp": 456,
        "fainted": true,
        "status": 7,
        "statStages": [
          0,
          0,
          0,
          0,
          0,
          0,
          0
        ],
        "moves": [
          {
            "id": 5091,
            "ppUsed": 0
          },
          {
            "id": 25,
            "ppUsed": 0
          },
          {
            "id": 659,
            "ppUsed": 0
          },
          {
            "id": 334,
            "ppUsed": 0
          }
        ]
      }
    ]
  },
  "actionScript": [
    "SKIP mysteryEncounterDisabledV1",
    "content seed=coop-soak-20260801 preseeded=false",
    "wave 1 turn 1: replay guest crossed cmd:1:1 through real public COMMAND=opened",
    "wave 1: host slot move=34 guest slot move=85",
    "wave 1 turn 1: progress enemyHp=[16:0/14,263:0/14] playerHp=[890:2065/2065,384:1715/1715]",
    "wave 1: reward shop owner=host take-nonparty",
    "wave 2 turn 1: replay guest crossed cmd:2:1 through real public COMMAND=opened",
    "wave 2: host slot move=53 guest slot move=247",
    "wave 2 turn 1: progress enemyHp=[300:0/14,191:0/17] playerHp=[890:2065/2065,384:1715/1715]",
    "wave 2: reward shop owner=guest leave",
    "wave 3 turn 1: replay guest crossed cmd:3:1 through real public COMMAND=opened",
    "wave 3: host slot move=53 guest slot move=34",
    "wave 3 turn 1: progress enemyHp=[415:0/16,396:16/16] playerHp=[890:2065/2065,384:1715/1715]",
    "wave 3 turn 2: replay guest crossed cmd:3:2 through real public COMMAND=opened",
    "wave 3: reward shop owner=host leave",
    "wave 4 turn 1: replay guest crossed cmd:4:1 through real public COMMAND=opened",
    "wave 4: host slot move=34 guest slot move=34",
    "wave 4 turn 1: progress enemyHp=[19:0/17,16:0/18] playerHp=[890:2065/2065,384:1715/1715]",
    "wave 4: reward shop owner=guest take-nonparty",
    "wave 5 turn 1: replay guest crossed cmd:5:1 through real public COMMAND=opened",
    "wave 5: TRAINER (fixed)",
    "wave 5: host slot move=34 guest slot move=34",
    "wave 5 turn 1: progress enemyHp=[10:0/18,506:0/18] playerHp=[890:2065/2065,384:1715/1715]",
    "wave 5: reward shop owner=host leave",
    "wave 5: guest chose Crossroads Leave through public UI",
    "wave 5: guest drove World Map via public UI=true and both consumed 1828413419590576:1:BIOME_PICK:9700005",
    "wave 6 turn 1: replay guest crossed cmd:6:1 through real public COMMAND=opened",
    "wave 6: BIOME 0->1",
    "wave 6: host slot move=85 guest slot move=53",
    "wave 6 turn 1: progress enemyHp=[399:0/20,108:0/22] playerHp=[890:2065/2065,384:1715/1715]",
    "wave 6: reward shop owner=host take-nonparty",
    "wave 7 turn 1: replay guest crossed cmd:7:1 through real public COMMAND=opened",
    "wave 7: host slot move=85 guest slot move=34",
    "wave 7 turn 1: progress enemyHp=[734:0/21,819:0/23] playerHp=[890:2065/2065,384:1715/1715]",
    "wave 7: reward shop owner=guest leave",
    "wave 8 turn 1: replay guest crossed cmd:8:1 through real public COMMAND=opened",
    "wave 8: TRAINER (fixed)",
    "wave 8: host slot move=247 guest slot move=53",
    "wave 8 turn 1: progress enemyHp=[152:0/25,16:0/22] playerHp=[890:2065/2065,384:1715/1715]",
    "wave 8: reward shop owner=host leave",
    "wave 9 turn 1: replay guest crossed cmd:9:1 through real public COMMAND=opened",
    "wave 9: host slot move=53 guest slot move=34",
    "wave 9 turn 1: progress enemyHp=[161:0/22,396:22/22] playerHp=[890:2065/2065,384:1715/1715]",
    "wave 9 turn 2: replay guest crossed cmd:9:2 through real public COMMAND=opened",
    "wave 9: reward shop owner=guest take-nonparty",
    "wave 10 turn 1: replay guest crossed cmd:10:1 through real public COMMAND=opened",
    "wave 10: host slot move=53 guest slot move=53",
    "wave 10 turn 1: progress enemyHp=[734:0/25,84:0/28] playerHp=[890:2065/2065,384:1715/1715]",
    "wave 10: biome market owner=host leave",
    "wave 10: drained 1 milestone reward continuation(s)",
    "wave 10: guest chose Crossroads Leave through public UI",
    "wave 10: guest drove World Map via public UI=true and both consumed 1828413419590576:1:BIOME_PICK:9700011",
    "wave 11 turn 1: replay guest crossed cmd:11:1 through real public COMMAND=opened",
    "wave 11: BIOME 1->2",
    "wave 11 turn 1: host SWITCH -> party[2]",
    "wave 11: host slot move=53 guest slot move=53",
    "wave 11 turn 1: progress enemyHp=[266:26/26,20:0/26] playerHp=[493:1865/1865,384:1715/1715]",
    "wave 11 turn 2: replay guest crossed cmd:11:2 through real public COMMAND=opened",
    "wave 11: reward shop owner=host take-nonparty",
    "wave 12 turn 1: replay guest crossed cmd:12:1 through real public COMMAND=opened",
    "wave 12: host slot move=247 guest slot move=85",
    "wave 12 turn 1: progress enemyHp=[420:0/27,548:0/27] playerHp=[493:1865/1865,384:1715/1715]",
    "wave 12: reward shop owner=guest leave",
    "wave 13 turn 1: replay guest crossed cmd:13:1 through real public COMMAND=opened",
    "wave 13: host slot move=34 guest slot move=53",
    "wave 13 turn 1: progress enemyHp=[415:0/28,266:0/30] playerHp=[493:1865/1865,384:1715/1715]",
    "wave 13: reward shop owner=host leave",
    "wave 14 turn 1: replay guest crossed cmd:14:1 through real public COMMAND=opened",
    "wave 14: host slot move=85 guest slot move=247",
    "wave 14 turn 1: progress enemyHp=[187:0/28,285:0/30] playerHp=[493:1865/1865,384:1715/1715]",
    "wave 14: reward shop owner=guest take-nonparty",
    "wave 15 turn 1: replay guest crossed cmd:15:1 through real public COMMAND=opened",
    "wave 15: host slot move=85 guest slot move=34",
    "wave 15 turn 1: progress enemyHp=[302:0/34,590:0/34] playerHp=[493:1865/1865,384:1715/1715]",
    "wave 15: reward shop owner=host take-nonparty",
    "wave 15: guest chose Crossroads Leave through public UI",
    "wave 15: guest drove World Map via public UI=true and both consumed 1828413419590576:1:BIOME_PICK:9700017",
    "wave 16 turn 1: replay guest crossed cmd:16:1 through real public COMMAND=opened",
    "wave 16: BIOME 2->3",
    "wave 16: TRAINER (random)",
    "wave 16: host slot move=247 guest slot move=85",
    "wave 16 turn 1: progress enemyHp=[44:0/35,64:0/31] playerHp=[493:1865/1865,384:1715/1715]",
    "wave 16 turn 2: replay guest crossed cmd:16:2 through real public COMMAND=opened",
    "wave 16: reward shop owner=host take-nonparty",
    "wave 17 turn 1: replay guest crossed cmd:17:1 through real public COMMAND=opened",
    "wave 17: host slot move=34 guest slot move=53",
    "wave 17 turn 1: progress enemyHp=[753:0/33,37:0/30] playerHp=[493:1865/1865,384:1714/1715]",
    "wave 17: reward shop owner=guest leave",
    "wave 18 turn 1: replay guest crossed cmd:18:1 through real public COMMAND=opened",
    "wave 18: host slot move=85 guest slot move=247",
    "wave 18 turn 1: guest SWITCH -> party[3]",
    "wave 18 turn 1: progress enemyHp=[46:0/34,665:36/36] playerHp=[493:1865/1865,150:1723/1725]",
    "wave 18 turn 2: replay guest crossed cmd:18:2 through real public COMMAND=opened",
    "wave 18: reward shop owner=host leave",
    "wave 19 turn 1: replay guest crossed cmd:19:1 through real public COMMAND=opened",
    "wave 19: host slot move=85 guest slot move=34",
    "wave 19 turn 1: progress enemyHp=[401:0/34,46:0/38] playerHp=[493:1865/1865,150:1723/1725]",
    "wave 19: reward shop owner=guest leave",
    "wave 20 turn 1: replay guest crossed cmd:20:1 through real public COMMAND=opened",
    "wave 20: host slot move=247 guest slot move=53",
    "wave 20 turn 1: progress enemyHp=[286:0/45,820:0/54] playerHp=[493:1865/1865,150:1723/1725]",
    "wave 20: biome market owner=host leave",
    "wave 20: drained 1 milestone reward continuation(s)",
    "wave 20: guest chose Crossroads Leave through public UI",
    "wave 20: guest drove World Map via public UI=true and both consumed 1828413419590576:1:BIOME_PICK:9700023",
    "wave 21 turn 1: replay guest crossed cmd:21:1 through real public COMMAND=opened",
    "wave 21: BIOME 3->5",
    "wave 21 turn 1: host SWITCH -> party[2]",
    "wave 21: host slot move=34 guest slot move=53",
    "wave 21 turn 1: progress enemyHp=[204:40/40,23:0/43] playerHp=[890:2065/2065,150:1725/1725]",
    "wave 21 turn 2: replay guest crossed cmd:21:2 through real public COMMAND=opened",
    "wave 21: reward shop owner=host take-nonparty",
    "wave 22 turn 1: replay guest crossed cmd:22:1 through real public COMMAND=opened",
    "wave 22: host slot move=85 guest slot move=247",
    "wave 22 turn 1: progress enemyHp=[919:37/37,511:0/42] playerHp=[890:2065/2065,150:1725/1725]",
    "wave 22 turn 2: replay guest crossed cmd:22:2 through real public COMMAND=opened",
    "wave 22 turn 2: guest SWITCH -> party[3]",
    "wave 22: reward shop owner=guest leave",
    "wave 23 turn 1: replay guest crossed cmd:23:1 through real public COMMAND=opened",
    "wave 23: host slot move=53 guest slot move=53",
    "wave 23 turn 1: progress enemyHp=[944:0/41,944:0/41] playerHp=[890:2065/2065,384:1714/1715]",
    "wave 23: reward shop owner=host take-nonparty",
    "wave 24 turn 1: replay guest crossed cmd:24:1 through real public COMMAND=opened",
    "wave 24: host slot move=247 guest slot move=85",
    "wave 24 turn 1: progress enemyHp=[511:0/44,412:0/43] playerHp=[890:2065/2065,384:1714/1715]",
    "wave 24: reward shop owner=guest take-nonparty",
    "wave 25 turn 1: replay guest crossed cmd:25:1 through real public COMMAND=opened",
    "wave 25: TRAINER (fixed)",
    "wave 25: host slot move=34 guest slot move=34",
    "wave 25 turn 1: guest SWITCH -> party[3]",
    "wave 25 turn 1: progress enemyHp=[153:0/58,17:53/53] playerHp=[890:2065/2065,150:1723/1725]",
    "wave 25 turn 2: replay guest crossed cmd:25:2 through real public COMMAND=opened",
    "wave 25: reward shop owner=host leave",
    "wave 25: guest chose Crossroads Leave through public UI",
    "wave 25: guest drove World Map via public UI=true and both consumed 1828413419590576:1:BIOME_PICK:9700029",
    "wave 26 turn 1: replay guest crossed cmd:26:1 through real public COMMAND=opened",
    "wave 26: BIOME 5->27",
    "wave 26 turn 1: host SWITCH -> party[2]",
    "wave 26: host slot move=34 guest slot move=85",
    "wave 26 turn 1: guest SWITCH -> party[3]",
    "wave 26 turn 1: progress enemyHp=[190:50/50,190:53/53] playerHp=[493:1865/1865,384:1715/1715]",
    "wave 26 turn 2: replay guest crossed cmd:26:2 through real public COMMAND=opened",
    "wave 26 turn 2: guest SWITCH -> party[3]",
    "wave 26 turn 3: replay guest crossed cmd:26:3 through real public COMMAND=opened",
    "wave 26 turn 3: host SWITCH -> party[2]",
    "wave 26: reward shop owner=host leave",
    "wave 27 turn 1: replay guest crossed cmd:27:1 through real public COMMAND=opened",
    "wave 27: host slot move=53 guest slot move=34",
    "wave 27 turn 1: progress enemyHp=[509:0/48,590:0/63] playerHp=[890:2065/2065,150:1725/1725]",
    "wave 27: reward shop owner=guest leave",
    "wave 28 turn 1: replay guest crossed cmd:28:1 through real public COMMAND=opened",
    "wave 28: host slot move=247 guest slot move=85",
    "wave 28 turn 1: progress enemyHp=[193:0/59,753:0/50] playerHp=[890:2065/2065,150:1725/1725]",
    "wave 28: reward shop owner=host leave",
    "wave 29 turn 1: replay guest crossed cmd:29:1 through real public COMMAND=opened",
    "wave 29: host slot move=34 guest slot move=53",
    "wave 29 turn 1: progress enemyHp=[732:0/63,674:0/65] playerHp=[890:2065/2065,150:1725/1725]",
    "wave 29: reward shop owner=guest leave",
    "wave 30 turn 1: replay guest crossed cmd:30:1 through real public COMMAND=opened",
    "wave 30: TRAINER (random)",
    "wave 30: host slot move=85 guest slot move=247",
    "wave 30 turn 1: progress enemyHp=[69:0/64,188:0/60] playerHp=[890:2065/2065,150:1725/1725]",
    "wave 30 turn 2: replay guest crossed cmd:30:2 through real public COMMAND=opened",
    "wave 30: biome market owner=host leave",
    "wave 30: drained 1 milestone reward continuation(s)",
    "wave 30: guest chose Crossroads Leave through public UI",
    "wave 30: guest drove World Map via public UI=true and both consumed 1828413419590576:1:BIOME_PICK:9700035",
    "wave 31 turn 1: replay guest crossed cmd:31:1 through real public COMMAND=opened",
    "wave 31: BIOME 27->29",
    "wave 31 turn 1: host SWITCH -> party[2]",
    "wave 31: host slot move=53 guest slot move=34",
    "wave 31 turn 1: guest SWITCH -> party[3]",
    "wave 31 turn 1: progress enemyHp=[433:58/58,433:55/55] playerHp=[493:1865/1865,384:1710/1715]",
    "wave 31 turn 2: replay guest crossed cmd:31:2 through real public COMMAND=opened",
    "wave 31: reward shop owner=host leave",
    "wave 31: drained 1 milestone reward continuation(s)",
    "wave 32 turn 1: replay guest crossed cmd:32:1 through real public COMMAND=opened",
    "wave 32: host slot move=247 guest slot move=53",
    "wave 32 turn 1: progress enemyHp=[999:0/62,622:0/64] playerHp=[493:1865/1865,384:1710/1715]",
    "wave 32: reward shop owner=guest leave",
    "wave 32: drained 1 milestone reward continuation(s)",
    "wave 33 turn 1: replay guest crossed cmd:33:1 through real public COMMAND=opened",
    "wave 33: host slot move=247 guest slot move=247",
    "wave 33 turn 1: progress enemyHp=[622:0/59,622:0/62] playerHp=[493:1865/1865,384:1710/1715]",
    "wave 33: reward shop owner=host leave",
    "wave 33: drained 1 milestone reward continuation(s)",
    "wave 34 turn 1: replay guest crossed cmd:34:1 through real public COMMAND=opened",
    "wave 34: host slot move=85 guest slot move=247",
    "wave 34 turn 1: progress enemyHp=[355:0/45,562:0/55] playerHp=[493:1865/1865,384:1710/1715]",
    "wave 34: reward shop owner=guest leave",
    "wave 35 turn 1: replay guest crossed cmd:35:1 through real public COMMAND=opened",
    "wave 35: TRAINER (fixed)",
    "wave 35: host slot move=53 guest slot move=34",
    "wave 35 turn 1: progress enemyHp=[100:0/60,42:62/77] playerHp=[493:1864/1865,384:1708/1715]",
    "wave 35 turn 2: replay guest crossed cmd:35:2 through real public COMMAND=opened",
    "wave 35: reward shop owner=host leave",
    "wave 35: guest chose Crossroads Leave through public UI",
    "wave 35: guest drove World Map via public UI=true and both consumed 1828413419590576:1:BIOME_PICK:9700041",
    "wave 36 turn 1: replay guest crossed cmd:36:1 through real public COMMAND=opened",
    "wave 36: BIOME 29->14",
    "wave 36: host slot move=53 guest slot move=85",
    "wave 36 turn 1: guest SWITCH -> party[3]",
    "wave 36 turn 1: progress enemyHp=[694:0/64,554:62/66] playerHp=[493:1748/1865,150:1618/1725]",
    "wave 36 turn 2: replay guest crossed cmd:36:2 through real public COMMAND=opened",
    "wave 36: reward shop owner=host take-nonparty",
    "wave 37 turn 1: replay guest crossed cmd:37:1 through real public COMMAND=opened",
    "wave 37: host slot move=34 guest slot move=53",
    "wave 37 turn 1: progress enemyHp=[345:0/80,946:0/63] playerHp=[493:1516/1865,150:1404/1725]",
    "wave 37: reward shop owner=guest leave",
    "wave 37: drained 1 milestone reward continuation(s)",
    "wave 38 turn 1: replay guest crossed cmd:38:1 through real public COMMAND=opened",
    "wave 38 turn 1: host SWITCH -> party[2]",
    "wave 38: host slot move=53 guest slot move=247",
    "wave 38 turn 1: guest SWITCH -> party[3]",
    "wave 38 turn 1: progress enemyHp=[694:64/64,556:83/83] playerHp=[890:2065/2065,384:1608/1715]",
    "wave 38 turn 2: replay guest crossed cmd:38:2 through real public COMMAND=opened",
    "wave 38: reward shop owner=host take-nonparty",
    "wave 39 turn 1: replay guest crossed cmd:39:1 through real public COMMAND=opened",
    "wave 39: host slot move=247 guest slot move=85",
    "wave 39 turn 1: progress enemyHp=[449:0/79,946:0/67] playerHp=[890:2065/2065,384:1394/1715]",
    "wave 39: reward shop owner=guest leave",
    "wave 39: drained 1 milestone reward continuation(s)",
    "wave 40 turn 1: replay guest crossed cmd:40:1 through real public COMMAND=opened",
    "wave 40 turn 1: host SWITCH -> party[2]",
    "wave 40: host slot move=34 guest slot move=85",
    "wave 40 turn 1: progress enemyHp=[552:80/80,946:0/70] playerHp=[493:1749/1865,384:1282/1715]",
    "wave 40 turn 2: replay guest crossed cmd:40:2 through real public COMMAND=opened",
    "wave 40: biome market owner=host leave",
    "wave 40: drained 1 milestone reward continuation(s)",
    "wave 40: guest chose Crossroads Leave through public UI",
    "wave 40: guest drove World Map via public UI=true and both consumed 1828413419590576:1:BIOME_PICK:9700047",
    "wave 41 turn 1: replay guest crossed cmd:41:1 through real public COMMAND=opened",
    "wave 41: BIOME 14->22",
    "wave 41: host slot move=85 guest slot move=53",
    "wave 41 turn 1: progress enemyHp=[201:0/71,97:0/96] playerHp=[493:1865/1865,384:1715/1715]",
    "wave 41: reward shop owner=host leave",
    "wave 42 turn 1: replay guest crossed cmd:42:1 through real public COMMAND=opened",
    "wave 42: host slot move=247 guest slot move=247",
    "wave 42 turn 1: progress enemyHp=[874:0/92,561:0/84] playerHp=[493:1865/1865,384:1715/1715]",
    "wave 42: reward shop owner=guest leave",
    "wave 43 turn 1: replay guest crossed cmd:43:1 through real public COMMAND=opened",
    "wave 43: host slot move=34 guest slot move=34",
    "wave 43 turn 1: progress enemyHp=[575:0/83,196:0/83] playerHp=[493:1865/1865,384:1715/1715]",
    "wave 43: reward shop owner=host leave",
    "wave 43: drained 1 milestone reward continuation(s)",
    "wave 44 turn 1: replay guest crossed cmd:44:1 through real public COMMAND=opened",
    "wave 44: host slot move=53 guest slot move=85",
    "wave 44 turn 1: progress enemyHp=[343:0/76,958:0/80] playerHp=[493:1865/1865,384:1715/1715]",
    "wave 44: reward shop owner=guest leave",
    "wave 45 turn 1: replay guest crossed cmd:45:1 through real public COMMAND=opened",
    "wave 45: host slot move=34 guest slot move=53",
    "wave 45 turn 1: progress enemyHp=[575:0/85,177:0/69] playerHp=[493:1865/1865,384:1715/1715]",
    "wave 45: reward shop owner=host leave",
    "wave 45: drained 1 milestone reward continuation(s)",
    "wave 45: guest chose Crossroads Leave through public UI",
    "wave 45: guest drove World Map via public UI=true and both consumed 1828413419590576:1:BIOME_PICK:9700053",
    "wave 46 turn 1: replay guest crossed cmd:46:1 through real public COMMAND=opened",
    "wave 46: BIOME 22->11",
    "wave 46: host slot move=85 guest slot move=247",
    "wave 46 turn 1: guest SWITCH -> party[3]",
    "wave 46 turn 1: progress enemyHp=[22:0/83,672:94/94] playerHp=[493:1865/1865,150:1721/1725]",
    "wave 46 turn 2: replay guest crossed cmd:46:2 through real public COMMAND=opened",
    "wave 46: reward shop owner=host take-nonparty",
    "wave 47 turn 1: replay guest crossed cmd:47:1 through real public COMMAND=opened",
    "wave 47: host slot move=53 guest slot move=53",
    "wave 47 turn 1: progress enemyHp=[256:0/90,333:0/74] playerHp=[493:1865/1865,150:1721/1725]",
    "wave 47: reward shop owner=guest leave",
    "wave 48 turn 1: replay guest crossed cmd:48:1 through real public COMMAND=opened",
    "wave 48: host slot move=34 guest slot move=85",
    "wave 48 turn 1: progress enemyHp=[277:0/85,662:0/83] playerHp=[493:1865/1865,150:1721/1725]",
    "wave 48: reward shop owner=host leave",
    "wave 49 turn 1: replay guest crossed cmd:49:1 through real public COMMAND=opened",
    "wave 49: host slot move=34 guest slot move=34",
    "wave 49 turn 1: progress enemyHp=[177:0/79,277:85/85] playerHp=[493:1865/1865,150:1721/1725]",
    "wave 49 turn 2: replay guest crossed cmd:49:2 through real public COMMAND=opened",
    "wave 49: reward shop owner=guest take-nonparty",
    "wave 50 turn 1: replay guest crossed cmd:50:1 through real public COMMAND=opened",
    "wave 50: host slot move=85 guest slot move=247",
    "wave 50 turn 1: progress enemyHp=[256:0/90,956:0/122] playerHp=[493:1865/1865,150:1721/1725]",
    "wave 50: biome market owner=host leave",
    "wave 50: drained 1 milestone reward continuation(s)",
    "wave 50: guest chose Crossroads Leave through public UI",
    "wave 50: guest drove World Map via public UI=true and both consumed 1828413419590576:1:BIOME_PICK:9700059",
    "wave 51 turn 1: replay guest crossed cmd:51:1 through real public COMMAND=opened",
    "wave 51: BIOME 11->18",
    "wave 51: host slot move=247 guest slot move=85",
    "wave 51 turn 1: progress enemyHp=[323:0/112,936:0/109] playerHp=[493:1865/1865,150:1725/1725]",
    "wave 51: reward shop owner=host leave",
    "wave 51: drained 1 milestone reward continuation(s)",
    "wave 52 turn 1: replay guest crossed cmd:52:1 through real public COMMAND=opened",
    "wave 52 turn 1: host SWITCH -> party[2]",
    "wave 52: host slot move=247 guest slot move=85",
    "wave 52 turn 1: progress enemyHp=[324:94/94,391:0/95] playerHp=[890:2065/2065,150:1716/1725]",
    "wave 52 turn 2: replay guest crossed cmd:52:2 through real public COMMAND=opened",
    "wave 52: reward shop owner=guest leave",
    "wave 52: drained 1 milestone reward continuation(s)",
    "wave 53 turn 1: replay guest crossed cmd:53:1 through real public COMMAND=opened",
    "wave 53: host slot move=34 guest slot move=34",
    "wave 53 turn 1: progress enemyHp=[2051:0/84,156:0/97] playerHp=[890:2065/2065,150:1716/1725]",
    "wave 53: reward shop owner=host leave",
    "wave 53: drained 1 milestone reward continuation(s)",
    "wave 54 turn 1: replay guest crossed cmd:54:1 through real public COMMAND=opened",
    "wave 54: host slot move=247 guest slot move=85",
    "wave 54 turn 1: progress enemyHp=[2051:0/76,126:0/98] playerHp=[890:2065/2065,150:1716/1725]",
    "wave 54: reward shop owner=guest take-nonparty",
    "wave 55 turn 1: replay guest crossed cmd:55:1 through real public COMMAND=opened",
    "wave 55: TRAINER (fixed)",
    "wave 55 turn 1: host SWITCH -> party[2]",
    "wave 55: host slot move=53 guest slot move=53",
    "wave 55 turn 1: progress enemyHp=[154:129/129,18:0/122] playerHp=[493:1865/1865,150:1710/1725]",
    "wave 55 turn 2: replay guest crossed cmd:55:2 through real public COMMAND=opened",
    "wave 55 turn 2: host SWITCH -> party[2]",
    "wave 55 turn 2: guest SWITCH -> party[3]",
    "wave 55 turn 3: replay guest crossed cmd:55:3 through real public COMMAND=opened",
    "wave 55 turn 4: replay guest crossed cmd:55:4 through real public COMMAND=opened",
    "wave 55: reward shop owner=host leave",
    "wave 55: guest chose Crossroads Leave through public UI",
    "wave 55: guest drove World Map via public UI=true and both consumed 1828413419590576:1:BIOME_PICK:9700065",
    "wave 56 turn 1: replay guest crossed cmd:56:1 through real public COMMAND=opened",
    "wave 56: BIOME 18->8",
    "wave 56: host slot move=247 guest slot move=85",
    "wave 56 turn 1: progress enemyHp=[692:0/108,557:0/88] playerHp=[890:2065/2065,384:1711/1715]",
    "wave 56: reward shop owner=host take-nonparty",
    "wave 57 turn 1: replay guest crossed cmd:57:1 through real public COMMAND=opened",
    "wave 57 turn 1: host SWITCH -> party[2]",
    "wave 57: host slot move=34 guest slot move=53",
    "wave 57 turn 1: guest SWITCH -> party[3]",
    "wave 57 turn 1: progress enemyHp=[557:90/90,747:100/100] playerHp=[493:1865/1865,150:1725/1725]",
    "wave 57 turn 2: replay guest crossed cmd:57:2 through real public COMMAND=opened",
    "wave 57 turn 2: host SWITCH -> party[2]",
    "wave 57 turn 3: replay guest crossed cmd:57:3 through real public COMMAND=opened",
    "wave 57: reward shop owner=guest leave",
    "wave 58 turn 1: replay guest crossed cmd:58:1 through real public COMMAND=opened",
    "wave 58: host slot move=53 guest slot move=34",
    "wave 58 turn 1: progress enemyHp=[770:0/127,413:112/112] playerHp=[890:2065/2065,150:1725/1725]",
    "wave 58 turn 2: replay guest crossed cmd:58:2 through real public COMMAND=opened",
    "wave 58 turn 2: host SWITCH -> party[2]",
    "wave 58: reward shop owner=host leave",
    "wave 59 turn 1: replay guest crossed cmd:59:1 through real public COMMAND=opened",
    "wave 59: host slot move=53 guest slot move=34",
    "wave 59 turn 1: progress enemyHp=[342:0/115,90:1/82] playerHp=[493:1865/1865,150:1724/1725]",
    "wave 59 turn 2: replay guest crossed cmd:59:2 through real public COMMAND=opened",
    "wave 59: reward shop owner=guest take-nonparty",
    "wave 60 turn 1: replay guest crossed cmd:60:1 through real public COMMAND=opened",
    "wave 60: TRAINER (random)",
    "wave 60: host slot move=247 guest slot move=85",
    "wave 60 turn 1: progress enemyHp=[279:0/115,10075:0/123] playerHp=[493:1865/1865,150:1724/1725]",
    "wave 60 turn 2: replay guest crossed cmd:60:2 through real public COMMAND=opened",
    "wave 60 turn 2: host SWITCH -> party[2]",
    "wave 60 turn 3: replay guest crossed cmd:60:3 through real public COMMAND=opened",
    "wave 60: biome market owner=host leave",
    "wave 60: drained 1 milestone reward continuation(s)",
    "wave 60: guest chose Crossroads Leave through public UI",
    "wave 60: guest drove World Map via public UI=true and both consumed 1828413419590576:1:BIOME_PICK:9700071",
    "wave 61 turn 1: replay guest crossed cmd:61:1 through real public COMMAND=opened",
    "wave 61: BIOME 8->6",
    "wave 61: host slot move=34 guest slot move=53",
    "wave 61 turn 1: progress enemyHp=[457:0/122,171:0/170] playerHp=[890:2065/2065,150:1725/1725]",
    "wave 61: reward shop owner=host leave",
    "wave 62 turn 1: replay guest crossed cmd:62:1 through real public COMMAND=opened",
    "wave 62: TRAINER (fixed)",
    "wave 62: host slot move=34 guest slot move=247",
    "wave 62 turn 1: progress enemyHp=[101:0/117,2103:110/148] playerHp=[890:2065/2065,150:1721/1725]",
    "wave 62 turn 2: replay guest crossed cmd:62:2 through real public COMMAND=opened",
    "wave 62: reward shop owner=guest take-nonparty",
    "wave 63 turn 1: replay guest crossed cmd:63:1 through real public COMMAND=opened",
    "wave 63 turn 1: host SWITCH -> party[2]",
    "wave 63: host slot move=53 guest slot move=34",
    "wave 63 turn 1: guest SWITCH -> party[3]",
    "wave 63 turn 1: progress enemyHp=[457:120/120,457:125/125] playerHp=[493:1865/1865,384:1713/1715]",
    "wave 63 turn 2: replay guest crossed cmd:63:2 through real public COMMAND=opened",
    "wave 63: reward shop owner=host leave",
    "wave 64 turn 1: replay guest crossed cmd:64:1 through real public COMMAND=opened",
    "wave 64: TRAINER (fixed)",
    "wave 64: host slot move=247 guest slot move=85",
    "wave 64 turn 1: progress enemyHp=[42:0/136,2089:0/163] playerHp=[493:1865/1865,384:1711/1715]",
    "wave 64 turn 2: replay guest crossed cmd:64:2 through real public COMMAND=opened",
    "wave 64: reward shop owner=guest leave",
    "wave 65 turn 1: replay guest crossed cmd:65:1 through real public COMMAND=opened",
    "wave 65: host slot move=34 guest slot move=247",
    "wave 65 turn 1: guest SWITCH -> party[3]",
    "wave 65 turn 1: progress enemyHp=[321:0/221,171:177/177] playerHp=[493:1865/1865,150:1725/1725]",
    "wave 65 turn 2: replay guest crossed cmd:65:2 through real public COMMAND=opened",
    "wave 65: reward shop owner=host leave",
    "wave 66 turn 1: replay guest crossed cmd:66:1 through real public COMMAND=opened",
    "wave 66: TRAINER (fixed)",
    "wave 66: host slot move=85 guest slot move=247",
    "wave 66 turn 1: progress enemyHp=[103:0/160,91:1/118] playerHp=[493:1865/1865,150:1718/1725]",
    "wave 66 turn 2: replay guest crossed cmd:66:2 through real public COMMAND=opened",
    "wave 66 turn 2: host SWITCH -> party[2]",
    "wave 66 turn 3: replay guest crossed cmd:66:3 through real public COMMAND=opened",
    "wave 66 turn 4: replay guest crossed cmd:66:4 through real public COMMAND=opened",
    "wave 66 turn 4: guest SWITCH -> party[3]",
    "wave 66: reward shop owner=guest take-nonparty",
    "wave 67 turn 1: replay guest crossed cmd:67:1 through real public COMMAND=opened",
    "wave 67 turn 1: host SWITCH -> party[2]",
    "wave 67: host slot move=53 guest slot move=34",
    "wave 67 turn 1: progress enemyHp=[90:87/92,73:0/138] playerHp=[493:1749/1865,384:1708/1715]",
    "wave 67 turn 2: replay guest crossed cmd:67:2 through real public COMMAND=opened",
    "wave 67: reward shop owner=host take-nonparty",
    "wave 68 turn 1: replay guest crossed cmd:68:1 through real public COMMAND=opened",
    "wave 68 turn 1: host SWITCH -> party[2]",
    "wave 68: host slot move=247 guest slot move=85",
    "wave 68 turn 1: progress enemyHp=[131:193/193,321:0/217] playerHp=[890:2065/2065,384:1703/1715]",
    "wave 68 turn 2: replay guest crossed cmd:68:2 through real public COMMAND=opened",
    "wave 68: reward shop owner=guest take-nonparty",
    "wave 69 turn 1: replay guest crossed cmd:69:1 through real public COMMAND=opened",
    "wave 69: host slot move=34 guest slot move=247",
    "wave 69 turn 1: progress enemyHp=[321:0/217,171:0/189] playerHp=[890:2065/2065,384:1703/1715]",
    "wave 69: reward shop owner=host leave",
    "wave 70 turn 1: replay guest crossed cmd:70:1 through real public COMMAND=opened",
    "wave 70: host slot move=85 guest slot move=247",
    "wave 70 turn 1: progress enemyHp=[687:0/185,687:0/158] playerHp=[890:2065/2065,384:1703/1715]",
    "wave 70: biome market owner=guest leave",
    "wave 70: drained 1 milestone reward continuation(s)",
    "wave 70: host chose Crossroads Leave through public UI",
    "wave 70: host drove World Map via public UI=true and both consumed 1828413419590576:0:BIOME_PICK:9700082",
    "wave 71 turn 1: replay guest crossed cmd:71:1 through real public COMMAND=opened",
    "wave 71: BIOME 6->10",
    "wave 71: host slot move=53 guest slot move=34",
    "wave 71 turn 1: progress enemyHp=[691:0/151,73:0/140] playerHp=[890:2065/2065,384:1715/1715]",
    "wave 71: reward shop owner=guest leave",
    "wave 72 turn 1: replay guest crossed cmd:72:1 through real public COMMAND=opened",
    "wave 72: host slot move=53 guest slot move=85",
    "wave 72 turn 1: progress enemyHp=[871:154/154,902:195/195] playerHp=[890:2065/2065,384:1709/1715]",
    "wave 72 turn 2: replay guest crossed cmd:72:2 through real public COMMAND=opened",
    "wave 72: reward shop owner=host leave",
    "wave 73 turn 1: replay guest crossed cmd:73:1 through real public COMMAND=opened",
    "wave 73: host slot move=34 guest slot move=53",
    "wave 73 turn 1: progress enemyHp=[847:0/141,976:0/170] playerHp=[890:2065/2065,384:1709/1715]",
    "wave 73: reward shop owner=guest leave",
    "wave 74 turn 1: replay guest crossed cmd:74:1 through real public COMMAND=opened",
    "wave 74: host slot move=53 guest slot move=247",
    "wave 74 turn 1: guest SWITCH -> party[3]",
    "wave 74 turn 1: progress enemyHp=[171:0/196,366:108/108] playerHp=[890:2065/2065,150:1725/1725]",
    "wave 74 turn 2: replay guest crossed cmd:74:2 through real public COMMAND=opened",
    "wave 74 turn 2: host SWITCH -> party[2]",
    "wave 74: reward shop owner=host leave",
    "wave 75 turn 1: replay guest crossed cmd:75:1 through real public COMMAND=opened",
    "wave 75: host slot move=53 guest slot move=53",
    "wave 75 turn 1: guest SWITCH -> party[3]",
    "wave 75 turn 1: progress enemyHp=[550:0/140,423:193/193] playerHp=[493:1865/1865,384:1715/1715]",
    "wave 75 turn 2: replay guest crossed cmd:75:2 through real public COMMAND=opened",
    "wave 75: reward shop owner=guest leave",
    "wave 75: host chose Crossroads Leave through public UI",
    "wave 75: host drove World Map via public UI=true and both consumed 1828413419590576:0:BIOME_PICK:9700088",
    "wave 76 turn 1: replay guest crossed cmd:76:1 through real public COMMAND=opened",
    "wave 76: BIOME 10->13",
    "wave 76: host slot move=247 guest slot move=247",
    "wave 76 turn 1: progress enemyHp=[42:0/150,47:0/152] playerHp=[493:1865/1865,384:1715/1715]",
    "wave 76: reward shop owner=guest leave",
    "wave 77 turn 1: replay guest crossed cmd:77:1 through real public COMMAND=opened",
    "wave 77: TRAINER (random)",
    "wave 77 turn 1: host SWITCH -> party[2]",
    "wave 77: host slot move=53 guest slot move=53",
    "wave 77 turn 1: progress enemyHp=[450:214/214,950:1/169] playerHp=[890:2065/2065,384:1594/1715]",
    "wave 77 turn 2: replay guest crossed cmd:77:2 through real public COMMAND=opened",
    "wave 77 turn 2: host SWITCH -> party[2]",
    "wave 77 turn 3: replay guest crossed cmd:77:3 through real public COMMAND=opened",
    "wave 77: reward shop owner=host take-nonparty",
    "wave 78 turn 1: replay guest crossed cmd:78:1 through real public COMMAND=opened",
    "wave 78: host slot move=85 guest slot move=247",
    "wave 78 turn 1: guest SWITCH -> party[3]",
    "wave 78 turn 1: progress enemyHp=[528:0/153,768:149/158] playerHp=[493:1517/1865,150:1618/1725]",
    "wave 78 turn 2: replay guest crossed cmd:78:2 through real public COMMAND=opened",
    "wave 78: reward shop owner=guest leave",
    "wave 79 turn 1: replay guest crossed cmd:79:1 through real public COMMAND=opened",
    "wave 79: host slot move=85 guest slot move=34",
    "wave 79 turn 1: progress enemyHp=[47:0/175,476:0/143] playerHp=[493:1285/1865,150:1404/1725]",
    "wave 79: reward shop owner=host leave",
    "wave 80 turn 1: replay guest crossed cmd:80:1 through real public COMMAND=opened",
    "wave 80: host slot move=247 guest slot move=85",
    "wave 80 turn 1: progress enemyHp=[480:0/184,526:1/175] playerHp=[493:1169/1865,150:1297/1725]",
    "wave 80 turn 2: replay guest crossed cmd:80:2 through real public COMMAND=opened",
    "wave 80 turn 2: host SWITCH -> party[2]",
    "wave 80: biome market owner=guest leave",
    "wave 80: drained 1 milestone reward continuation(s)",
    "wave 80: host chose Crossroads Leave through public UI",
    "wave 80: host drove World Map via public UI=true and both consumed 1828413419590576:0:BIOME_PICK:9700094",
    "wave 81 turn 1: replay guest crossed cmd:81:1 through real public COMMAND=opened",
    "wave 81: BIOME 13->12",
    "wave 81: host slot move=53 guest slot move=53",
    "wave 81 turn 1: progress enemyHp=[232:0/181,952:0/153] playerHp=[890:2065/2065,150:1618/1725]",
    "wave 81: reward shop owner=guest take-nonparty",
    "wave 82 turn 1: replay guest crossed cmd:82:1 through real public COMMAND=opened",
    "wave 82: host slot move=85 guest slot move=247",
    "wave 82 turn 1: guest SWITCH -> party[3]",
    "wave 82 turn 1: progress enemyHp=[851:0/201,50:90/90] playerHp=[890:2062/2065,384:1608/1715]",
    "wave 82 turn 2: replay guest crossed cmd:82:2 through real public COMMAND=opened",
    "wave 82 turn 2: host SWITCH -> party[2]",
    "wave 82: reward shop owner=host leave",
    "wave 83 turn 1: replay guest crossed cmd:83:1 through real public COMMAND=opened",
    "wave 83: host slot move=53 guest slot move=53",
    "wave 83 turn 1: guest SWITCH -> party[3]",
    "wave 83 turn 1: progress enemyHp=[851:0/195,529:158/158] playerHp=[493:1633/1865,150:1602/1725]",
    "wave 83 turn 2: replay guest crossed cmd:83:2 through real public COMMAND=opened",
    "wave 83: reward shop owner=guest take-nonparty",
    "wave 84 turn 1: replay guest crossed cmd:84:1 through real public COMMAND=opened",
    "wave 84: host slot move=34 guest slot move=247",
    "wave 84 turn 1: guest SWITCH -> party[3]",
    "wave 84 turn 1: progress enemyHp=[750:0/208,232:190/190] playerHp=[493:1401/1865,384:1608/1715]",
    "wave 84 turn 2: replay guest crossed cmd:84:2 through real public COMMAND=opened",
    "wave 84 turn 2: host SWITCH -> party[2]",
    "wave 84: reward shop owner=host take-nonparty",
    "wave 85 turn 1: replay guest crossed cmd:85:1 through real public COMMAND=opened",
    "wave 85: host slot move=34 guest slot move=53",
    "wave 85 turn 1: progress enemyHp=[1014:0/191,879:0/246] playerHp=[890:2065/2065,384:1387/1715]",
    "wave 85: reward shop owner=guest leave",
    "wave 85: drained 1 milestone reward continuation(s)",
    "wave 85: host chose Crossroads Leave through public UI",
    "wave 85: host drove World Map via public UI=true and both consumed 1828413419590576:0:BIOME_PICK:9700100",
    "wave 86 turn 1: replay guest crossed cmd:86:1 through real public COMMAND=opened",
    "wave 86: BIOME 12->14",
    "wave 86: host slot move=53 guest slot move=53",
    "wave 86 turn 1: progress enemyHp=[323:0/209,947:0/156] playerHp=[890:2065/2065,384:1280/1715]",
    "wave 86: reward shop owner=guest take-nonparty",
    "wave 87 turn 1: replay guest crossed cmd:87:1 through real public COMMAND=opened",
    "wave 87: host slot move=247 guest slot move=34",
    "wave 87 turn 1: guest SWITCH -> party[3]",
    "wave 87 turn 1: progress enemyHp=[452:0/180,555:202/224] playerHp=[890:2065/2065,150:1591/1725]",
    "wave 87 turn 2: replay guest crossed cmd:87:2 through real public COMMAND=opened",
    "wave 87: reward shop owner=host leave",
    "wave 87: drained 1 milestone reward continuation(s)",
    "wave 88 turn 1: replay guest crossed cmd:88:1 through real public COMMAND=opened",
    "wave 88 turn 1: host SWITCH -> party[2]",
    "wave 88: host slot move=53 guest slot move=247",
    "wave 88 turn 1: progress enemyHp=[330:199/199,28:0/221] playerHp=[493:1749/1865,150:1377/1725]",
    "wave 88 turn 2: replay guest crossed cmd:88:2 through real public COMMAND=opened",
    "wave 88 turn 2: host SWITCH -> party[2]",
    "wave 88: reward shop owner=guest leave",
    "wave 89 turn 1: replay guest crossed cmd:89:1 through real public COMMAND=opened",
    "wave 89: host slot move=34 guest slot move=85",
    "wave 89 turn 1: progress enemyHp=[377:0/190,947:0/179] playerHp=[890:2065/2065,150:1163/1725]",
    "wave 89: reward shop owner=host leave",
    "wave 89: drained 1 milestone reward continuation(s)",
    "wave 90 turn 1: replay guest crossed cmd:90:1 through real public COMMAND=opened",
    "wave 90: TRAINER (random)",
    "wave 90: host slot move=85 guest slot move=247",
    "wave 90 turn 1: progress enemyHp=[10751:0/252,248:0/238] playerHp=[890:2065/2065,150:1056/1725]",
    "wave 90 turn 2: replay guest crossed cmd:90:2 through real public COMMAND=opened",
    "wave 90 turn 2: guest SWITCH -> party[3]",
    "wave 90 turn 3: replay guest crossed cmd:90:3 through real public COMMAND=opened",
    "wave 90: biome market owner=guest leave",
    "wave 90: drained 1 milestone reward continuation(s)",
    "wave 90: host chose Crossroads Leave through public UI",
    "wave 90: host drove World Map via public UI=true and both consumed 1828413419590576:0:BIOME_PICK:9700106",
    "wave 91 turn 1: replay guest crossed cmd:91:1 through real public COMMAND=opened",
    "wave 91: BIOME 14->22",
    "wave 91 turn 1: host SWITCH -> party[2]",
    "wave 91: host slot move=53 guest slot move=34",
    "wave 91 turn 1: progress enemyHp=[325:175/175,65:0/171] playerHp=[493:1865/1865,384:1715/1715]",
    "wave 91 turn 2: replay guest crossed cmd:91:2 through real public COMMAND=opened",
    "wave 91: reward shop owner=guest take-nonparty",
    "wave 92 turn 1: replay guest crossed cmd:92:1 through real public COMMAND=opened",
    "wave 92: host slot move=247 guest slot move=34",
    "wave 92 turn 1: progress enemyHp=[178:0/207,65:0/164] playerHp=[493:1865/1865,384:1715/1715]",
    "wave 92: reward shop owner=host leave",
    "wave 92: drained 1 milestone reward continuation(s)",
    "wave 93 turn 1: replay guest crossed cmd:93:1 through real public COMMAND=opened",
    "wave 93: host slot move=34 guest slot move=53",
    "wave 93 turn 1: guest SWITCH -> party[3]",
    "wave 93 turn 1: progress enemyHp=[325:178/178,606:0/206] playerHp=[493:1399/1865,150:1725/1725]",
    "wave 93 turn 2: replay guest crossed cmd:93:2 through real public COMMAND=opened",
    "wave 93: reward shop owner=guest take-nonparty",
    "wave 94 turn 1: replay guest crossed cmd:94:1 through real public COMMAND=opened",
    "wave 94: host slot move=85 guest slot move=247",
    "wave 94 turn 1: progress enemyHp=[65:0/161,97:0/231] playerHp=[493:1399/1865,150:1725/1725]",
    "wave 94: reward shop owner=host leave",
    "wave 94: drained 1 milestone reward continuation(s)",
    "wave 95 turn 1: replay guest crossed cmd:95:1 through real public COMMAND=opened",
    "wave 95: TRAINER (fixed)",
    "wave 95 turn 1: host SWITCH -> party[2]",
    "wave 95: host slot move=53 guest slot move=53",
    "wave 95 turn 1: guest SWITCH -> party[3]",
    "wave 95 turn 1: progress enemyHp=[154:243/243,18:226/226] playerHp=[890:2065/2065,384:1702/1715]",
    "wave 95 turn 2: replay guest crossed cmd:95:2 through real public COMMAND=opened",
    "wave 95 turn 3: replay guest crossed cmd:95:3 through real public COMMAND=opened",
    "wave 95 turn 3: guest SWITCH -> party[3]",
    "wave 95 turn 4: replay guest crossed cmd:95:4 through real public COMMAND=opened",
    "wave 95: reward shop owner=guest take-nonparty",
    "wave 95: host chose Crossroads Leave through public UI",
    "wave 95: host drove World Map via public UI=true and both consumed 1828413419590576:0:BIOME_PICK:9700112",
    "wave 96 turn 1: replay guest crossed cmd:96:1 through real public COMMAND=opened",
    "wave 96: BIOME 22->11",
    "wave 96 turn 1: host SWITCH -> party[2]",
    "wave 96: host slot move=247 guest slot move=85",
    "wave 96 turn 1: guest SWITCH -> party[3]",
    "wave 96 turn 1: progress enemyHp=[218:151/151,178:207/207] playerHp=[493:1865/1865,384:1715/1715]",
    "wave 96 turn 2: replay guest crossed cmd:96:2 through real public COMMAND=opened",
    "wave 96: reward shop owner=guest leave",
    "wave 97 turn 1: replay guest crossed cmd:97:1 through real public COMMAND=opened",
    "wave 97: host slot move=34 guest slot move=53",
    "wave 97 turn 1: progress enemyHp=[673:0/266,526:1/223] playerHp=[493:1749/1865,384:1608/1715]",
    "wave 97 turn 2: replay guest crossed cmd:97:2 through real public COMMAND=opened",
    "wave 97: reward shop owner=host take-nonparty",
    "wave 98 turn 1: replay guest crossed cmd:98:1 through real public COMMAND=opened",
    "wave 98: host slot move=53 guest slot move=53",
    "wave 98 turn 1: guest SWITCH -> party[3]",
    "wave 98 turn 1: progress enemyHp=[76:1/221,21:138/147] playerHp=[493:1517/1865,150:1618/1725]",
    "wave 98 turn 2: replay guest crossed cmd:98:2 through real public COMMAND=opened",
    "wave 98: reward shop owner=guest take-nonparty",
    "wave 99 turn 1: replay guest crossed cmd:99:1 through real public COMMAND=opened",
    "wave 99: host slot move=53 guest slot move=34",
    "wave 99 turn 1: progress enemyHp=[68:0/230,526:151/226] playerHp=[493:1285/1865,150:1404/1725]",
    "wave 99 turn 2: replay guest crossed cmd:99:2 through real public COMMAND=opened",
    "wave 99: reward shop owner=host leave",
    "wave 100 turn 1: replay guest crossed cmd:100:1 through real public COMMAND=opened",
    "wave 100: host slot move=34 guest slot move=85",
    "wave 100 turn 1: progress enemyHp=[22:0/229,227:0/217] playerHp=[493:1148/1865,150:1272/1725]",
    "wave 100: biome market owner=guest leave",
    "wave 100: drained 1 milestone reward continuation(s)",
    "wave 100: host chose Crossroads Leave through public UI",
    "wave 100: host drove World Map via public UI=true and both consumed 1828413419590576:0:BIOME_PICK:9700118",
    "wave 101 turn 1: replay guest crossed cmd:101:1 through real public COMMAND=opened",
    "wave 101: BIOME 11->18",
    "wave 101: host slot move=53 guest slot move=53",
    "wave 101 turn 1: progress enemyHp=[323:0/224,839:0/269] playerHp=[493:1865/1865,150:1725/1725]",
    "wave 101: reward shop owner=guest leave",
    "wave 102 turn 1: replay guest crossed cmd:102:1 through real public COMMAND=opened",
    "wave 102: host slot move=34 guest slot move=247",
    "wave 102 turn 1: progress enemyHp=[323:0/243,6059:0/240] playerHp=[493:1865/1865,150:1725/1725]",
    "wave 102: reward shop owner=host leave",
    "wave 102: drained 1 milestone reward continuation(s)",
    "wave 103 turn 1: replay guest crossed cmd:103:1 through real public COMMAND=opened",
    "wave 103: host slot move=85 guest slot move=34",
    "wave 103 turn 1: progress enemyHp=[936:0/220,59:0/246] playerHp=[493:1865/1865,150:1725/1725]",
    "wave 103: reward shop owner=guest leave",
    "wave 103: drained 1 milestone reward continuation(s)",
    "wave 104 turn 1: replay guest crossed cmd:104:1 through real public COMMAND=opened",
    "wave 104 turn 1: host SWITCH -> party[2]",
    "wave 104: host slot move=34 guest slot move=85",
    "wave 104 turn 1: progress enemyHp=[2050:118/118,334:0/229] playerHp=[890:2065/2065,150:1725/1725]",
    "wave 104 turn 2: replay guest crossed cmd:104:2 through real public COMMAND=opened",
    "wave 104 turn 2: guest SWITCH -> party[3]",
    "wave 104: reward shop owner=host leave",
    "wave 105 turn 1: replay guest crossed cmd:105:1 through real public COMMAND=opened",
    "wave 105: host slot move=85 guest slot move=34",
    "wave 105 turn 1: progress enemyHp=[78:0/232,514:0/231] playerHp=[890:2065/2065,384:1715/1715]",
    "wave 105: reward shop owner=guest take-nonparty",
    "wave 105: host chose Crossroads Leave through public UI",
    "wave 105: host drove World Map via public UI=true and both consumed 1828413419590576:0:BIOME_PICK:9700124",
    "wave 106 turn 1: replay guest crossed cmd:106:1 through real public COMMAND=opened",
    "wave 106: BIOME 18->8",
    "wave 106: host slot move=85 guest slot move=247",
    "wave 106 turn 1: progress enemyHp=[99:0/248,99:0/222] playerHp=[890:2065/2065,384:1715/1715]",
    "wave 106: reward shop owner=guest take-nonparty",
    "wave 107 turn 1: replay guest crossed cmd:107:1 through real public COMMAND=opened",
    "wave 107: host slot move=53 guest slot move=247",
    "wave 107 turn 1: progress enemyHp=[99:0/234,769:0/195] playerHp=[890:2065/2065,384:1715/1715]",
    "wave 107: reward shop owner=host leave",
    "wave 108 turn 1: replay guest crossed cmd:108:1 through real public COMMAND=opened",
    "wave 108 turn 1: host SWITCH -> party[2]",
    "wave 108: host slot move=247 guest slot move=85",
    "wave 108 turn 1: progress enemyHp=[341:172/172,558:0/218] playerHp=[493:1865/1865,384:1709/1715]",
    "wave 108 turn 2: replay guest crossed cmd:108:2 through real public COMMAND=opened",
    "wave 108: reward shop owner=guest take-nonparty",
    "wave 109 turn 1: replay guest crossed cmd:109:1 through real public COMMAND=opened",
    "wave 109: host slot move=34 guest slot move=53",
    "wave 109 turn 1: progress enemyHp=[414:0/216,99:0/231] playerHp=[493:1865/1865,384:1709/1715]",
    "wave 109: reward shop owner=host take-nonparty",
    "wave 110 turn 1: replay guest crossed cmd:110:1 through real public COMMAND=opened",
    "wave 110: host slot move=85 guest slot move=53",
    "wave 110 turn 1: guest SWITCH -> party[3]",
    "wave 110 turn 1: progress enemyHp=[99:0/239,413:240/240] playerHp=[493:1835/1865,150:1687/1725]",
    "wave 110 turn 2: replay guest crossed cmd:110:2 through real public COMMAND=opened",
    "wave 110: biome market owner=guest leave",
    "wave 110: drained 1 milestone reward continuation(s)",
    "wave 110: host chose Crossroads Leave through public UI",
    "wave 110: host drove World Map via public UI=true and both consumed 1828413419590576:0:BIOME_PICK:9700130",
    "wave 111 turn 1: replay guest crossed cmd:111:1 through real public COMMAND=opened",
    "wave 111: BIOME 8->6",
    "wave 111: host slot move=53 guest slot move=34",
    "wave 111 turn 1: progress enemyHp=[321:0/366,456:0/204] playerHp=[493:1865/1865,150:1725/1725]",
    "wave 111: reward shop owner=guest leave",
    "wave 112 turn 1: replay guest crossed cmd:112:1 through real public COMMAND=opened",
    "wave 112: TRAINER (fixed)",
    "wave 112: host slot move=53 guest slot move=85",
    "wave 112 turn 1: progress enemyHp=[10077:0/320,430:0/311] playerHp=[493:1865/1865,150:1725/1725]",
    "wave 112 turn 2: replay guest crossed cmd:112:2 through real public COMMAND=opened",
    "wave 112 turn 3: replay guest crossed cmd:112:3 through real public COMMAND=opened",
    "wave 112: reward shop owner=host take-nonparty",
    "wave 113 turn 1: replay guest crossed cmd:113:1 through real public COMMAND=opened",
    "wave 113: host slot move=34 guest slot move=53",
    "wave 113 turn 1: guest SWITCH -> party[3]",
    "wave 113 turn 1: progress enemyHp=[72:0/185,80:273/273] playerHp=[493:1865/1865,384:1715/1715]",
    "wave 113 turn 2: replay guest crossed cmd:113:2 through real public COMMAND=opened",
    "wave 113: reward shop owner=guest take-nonparty",
    "wave 114 turn 1: replay guest crossed cmd:114:1 through real public COMMAND=opened",
    "wave 114: TRAINER (fixed)",
    "wave 114: host slot move=53 guest slot move=247",
    "wave 114 turn 1: progress enemyHp=[10050:0/401,2089:0/327] playerHp=[493:1865/1865,384:1715/1715]",
    "wave 114 turn 2: replay guest crossed cmd:114:2 through real public COMMAND=opened",
    "wave 114 turn 3: replay guest crossed cmd:114:3 through real public COMMAND=opened",
    "wave 114: reward shop owner=host leave",
    "wave 115 turn 1: replay guest crossed cmd:115:1 through real public COMMAND=opened",
    "wave 115: TRAINER (fixed)",
    "wave 115: host slot move=85 guest slot move=53",
    "wave 115 turn 1: guest SWITCH -> party[3]",
    "wave 115 turn 1: progress enemyHp=[53:0/260,10645:328/328] playerHp=[493:1857/1865,150:1681/1725]",
    "wave 115 turn 2: replay guest crossed cmd:115:2 through real public COMMAND=opened",
    "wave 115 turn 2: guest SWITCH -> party[3]",
    "wave 115 turn 3: replay guest crossed cmd:115:3 through real public COMMAND=opened",
    "wave 115 turn 4: replay guest crossed cmd:115:4 through real public COMMAND=opened",
    "wave 115: reward shop owner=guest leave",
    "wave 115: host chose Crossroads Leave through public UI",
    "wave 115: host drove World Map via public UI=true and both consumed 1828413419590576:0:BIOME_PICK:9700136",
    "wave 116 turn 1: replay guest crossed cmd:116:1 through real public COMMAND=opened",
    "wave 116: BIOME 6->10",
    "wave 116: host slot move=247 guest slot move=247",
    "wave 116 turn 1: progress enemyHp=[550:0/256,171:0/337] playerHp=[493:1857/1865,384:1688/1715]",
    "wave 116: reward shop owner=guest take-nonparty",
    "wave 117 turn 1: replay guest crossed cmd:117:1 through real public COMMAND=opened",
    "wave 117: host slot move=34 guest slot move=53",
    "wave 117 turn 1: guest SWITCH -> party[3]",
    "wave 117 turn 1: progress enemyHp=[224:0/260,976:311/311] playerHp=[493:1857/1865,150:1680/1725]",
    "wave 117 turn 2: replay guest crossed cmd:117:2 through real public COMMAND=opened",
    "wave 117: reward shop owner=host take-nonparty",
    "wave 118 turn 1: replay guest crossed cmd:118:1 through real public COMMAND=opened",
    "wave 118: host slot move=85 guest slot move=247",
    "wave 118 turn 1: progress enemyHp=[864:0/243,171:0/341] playerHp=[493:1857/1865,150:1680/1725]",
    "wave 118: reward shop owner=guest leave",
    "wave 118: drained 1 milestone reward continuation(s)",
    "wave 119 turn 1: replay guest crossed cmd:119:1 through real public COMMAND=opened",
    "wave 119: host slot move=53 guest slot move=34",
    "wave 119 turn 1: progress enemyHp=[793:0/320,171:0/330] playerHp=[493:1857/1865,150:1680/1725]",
    "wave 119: reward shop owner=host leave",
    "wave 119: drained 1 milestone reward continuation(s)",
    "wave 120 turn 1: replay guest crossed cmd:120:1 through real public COMMAND=opened",
    "wave 120: TRAINER (random)",
    "wave 120: host slot move=247 guest slot move=34",
    "wave 120 turn 1: progress enemyHp=[139:0/278,10548:0/357] playerHp=[493:1857/1865,150:1680/1725]",
    "wave 120 turn 2: replay guest crossed cmd:120:2 through real public COMMAND=opened",
    "wave 120 turn 2: host SWITCH -> party[2]",
    "wave 120 turn 3: replay guest crossed cmd:120:3 through real public COMMAND=opened",
    "wave 120 turn 4: replay guest crossed cmd:120:4 through real public COMMAND=opened",
    "wave 120: biome market owner=guest leave",
    "wave 120: drained 1 milestone reward continuation(s)",
    "wave 120: host chose Crossroads Leave through public UI",
    "wave 120: host drove World Map via public UI=true and both consumed 1828413419590576:0:BIOME_PICK:9700142",
    "wave 121 turn 1: replay guest crossed cmd:121:1 through real public COMMAND=opened",
    "wave 121: BIOME 10->13",
    "wave 121 turn 1: host SWITCH -> party[2]",
    "wave 121: host slot move=53 guest slot move=53",
    "wave 121 turn 1: progress enemyHp=[217:289/289,528:0/267] playerHp=[493:1865/1865,150:1710/1725]",
    "wave 121 turn 2: replay guest crossed cmd:121:2 through real public COMMAND=opened",
    "wave 121: reward shop owner=guest leave",
    "wave 122 turn 1: replay guest crossed cmd:122:1 through real public COMMAND=opened",
    "wave 122: host slot move=85 guest slot move=34",
    "wave 122 turn 1: progress enemyHp=[598:0/269,295:0/353] playerHp=[493:1865/1865,150:1710/1725]",
    "wave 122: reward shop owner=host leave",
    "wave 122: drained 1 milestone reward continuation(s)",
    "wave 123 turn 1: replay guest crossed cmd:123:1 through real public COMMAND=opened",
    "wave 123: TRAINER (random)",
    "wave 123 turn 1: host SWITCH -> party[2]",
    "wave 123: host slot move=53 guest slot move=34",
    "wave 123 turn 1: progress enemyHp=[673:356/356,303:0/294] playerHp=[890:2065/2065,150:1679/1725]",
    "wave 123 turn 2: replay guest crossed cmd:123:2 through real public COMMAND=opened",
    "wave 123: reward shop owner=guest leave",
    "wave 124 turn 1: replay guest crossed cmd:124:1 through real public COMMAND=opened",
    "wave 124: host slot move=247 guest slot move=85",
    "wave 124 turn 1: progress enemyHp=[715:0/277,296:0/271] playerHp=[890:2065/2065,150:1679/1725]",
    "wave 124: reward shop owner=host leave",
    "wave 125 turn 1: replay guest crossed cmd:125:1 through real public COMMAND=opened",
    "wave 125: host slot move=85 guest slot move=34",
    "wave 125 turn 1: progress enemyHp=[295:0/373,217:0/317] playerHp=[890:2065/2065,150:1679/1725]",
    "wave 125: reward shop owner=guest leave",
    "wave 125: host chose Crossroads Leave through public UI",
    "wave 125: host drove World Map via public UI=true and both consumed 1828413419590576:0:BIOME_PICK:9700148",
    "wave 126 turn 1: replay guest crossed cmd:126:1 through real public COMMAND=opened",
    "wave 126: host slot move=53 guest slot move=53",
    "wave 126 turn 1: progress enemyHp=[217:0/299,901:0/408] playerHp=[890:2065/2065,150:1679/1725]",
    "wave 126: reward shop owner=guest take-nonparty",
    "wave 127 turn 1: replay guest crossed cmd:127:1 through real public COMMAND=opened",
    "wave 127: host slot move=247 guest slot move=85",
    "wave 127 turn 1: progress enemyHp=[47:0/301,295:0/412] playerHp=[890:2065/2065,150:1679/1725]",
    "wave 127: reward shop owner=host take-nonparty",
    "wave 128 turn 1: replay guest crossed cmd:128:1 through real public COMMAND=opened",
    "wave 128: host slot move=247 guest slot move=34",
    "wave 128 turn 1: progress enemyHp=[715:0/298,295:0/409] playerHp=[890:2065/2065,150:1679/1725]",
    "wave 128: reward shop owner=guest leave",
    "wave 129 turn 1: replay guest crossed cmd:129:1 through real public COMMAND=opened",
    "wave 129: host slot move=34 guest slot move=53",
    "wave 129 turn 1: progress enemyHp=[970:79/312,528:0/259] playerHp=[890:2065/2065,150:1656/1725]",
    "wave 129 turn 2: replay guest crossed cmd:129:2 through real public COMMAND=opened",
    "wave 129: reward shop owner=host leave",
    "wave 129: drained 1 milestone reward continuation(s)",
    "wave 130 turn 1: replay guest crossed cmd:130:1 through real public COMMAND=opened",
    "wave 130: host slot move=85 guest slot move=247",
    "wave 130 turn 1: progress enemyHp=[528:0/292,213:261/261] playerHp=[890:2065/2065,150:1650/1725]",
    "wave 130 turn 2: replay guest crossed cmd:130:2 through real public COMMAND=opened",
    "wave 130: biome market owner=guest leave",
    "wave 130: drained 1 milestone reward continuation(s)",
    "wave 130: host chose Crossroads Leave through public UI",
    "wave 130: host drove World Map via public UI=true and both consumed 1828413419590576:0:BIOME_PICK:9700154",
    "wave 131 turn 1: replay guest crossed cmd:131:1 through real public COMMAND=opened",
    "wave 131: BIOME 13->12",
    "wave 131: host slot move=247 guest slot move=53",
    "wave 131 turn 1: progress enemyHp=[208:0/291,51:0/223] playerHp=[890:2065/2065,150:1618/1725]",
    "wave 131: reward shop owner=guest leave",
    "wave 131: drained 1 milestone reward continuation(s)",
    "wave 132 turn 1: replay guest crossed cmd:132:1 through real public COMMAND=opened",
    "wave 132: host slot move=247 guest slot move=247",
    "wave 132 turn 1: progress enemyHp=[50:0/167,232:0/311] playerHp=[890:2065/2065,150:1511/1725]",
    "wave 132: reward shop owner=host take-nonparty",
    "wave 133 turn 1: replay guest crossed cmd:133:1 through real public COMMAND=opened",
    "wave 133: host slot move=247 guest slot move=53",
    "wave 133 turn 1: progress enemyHp=[529:0/276,464:0/385] playerHp=[890:2065/2065,150:1404/1725]",
    "wave 133: reward shop owner=guest leave",
    "wave 134 turn 1: replay guest crossed cmd:134:1 through real public COMMAND=opened",
    "wave 134: host slot move=34 guest slot move=53",
    "wave 134 turn 1: progress enemyHp=[750:0/350,51:0/215] playerHp=[890:2065/2065,150:1297/1725]",
    "wave 134: reward shop owner=host leave",
    "wave 134: drained 1 milestone reward continuation(s)",
    "wave 135 turn 1: replay guest crossed cmd:135:1 through real public COMMAND=opened",
    "wave 135: host slot move=247 guest slot move=247",
    "wave 135 turn 1: progress enemyHp=[28:0/331,323:0/314] playerHp=[890:2065/2065,150:1190/1725]",
    "wave 135: reward shop owner=guest take-nonparty",
    "wave 135: host chose Crossroads Leave through public UI",
    "wave 135: host drove World Map via public UI=true and both consumed 1828413419590576:0:BIOME_PICK:9700160",
    "wave 136 turn 1: replay guest crossed cmd:136:1 through real public COMMAND=opened",
    "wave 136: host slot move=247 guest slot move=53",
    "wave 136 turn 1: progress enemyHp=[879:0/422,529:0/276] playerHp=[890:2065/2065,150:1083/1725]",
    "wave 136: reward shop owner=guest take-nonparty",
    "wave 137 turn 1: replay guest crossed cmd:137:1 through real public COMMAND=opened",
    "wave 137: host slot move=53 guest slot move=247",
    "wave 137 turn 1: guest SWITCH -> party[3]",
    "wave 137 turn 1: progress enemyHp=[51:0/237,645:325/325] playerHp=[890:2065/2065,384:1608/1715]",
    "wave 137 turn 2: replay guest crossed cmd:137:2 through real public COMMAND=opened",
    "wave 137: reward shop owner=host leave",
    "wave 137: drained 1 milestone reward continuation(s)",
    "wave 138 turn 1: replay guest crossed cmd:138:1 through real public COMMAND=opened",
    "wave 138: host slot move=53 guest slot move=34",
    "wave 138 turn 1: progress enemyHp=[323:0/358,464:0/381] playerHp=[890:2065/2065,384:1394/1715]",
    "wave 138: reward shop owner=guest leave",
    "wave 139 turn 1: replay guest crossed cmd:139:1 through real public COMMAND=opened",
    "wave 139: host slot move=34 guest slot move=34",
    "wave 139 turn 1: progress enemyHp=[750:0/367,530:0/368] playerHp=[890:2065/2065,384:1287/1715]",
    "wave 139: reward shop owner=host leave",
    "wave 139: drained 1 milestone reward continuation(s)",
    "wave 140 turn 1: replay guest crossed cmd:140:1 through real public COMMAND=opened",
    "wave 140: host slot move=53 guest slot move=247",
    "wave 140 turn 1: progress enemyHp=[1013:0/334,464:0/457] playerHp=[890:2065/2065,384:1287/1715]",
    "wave 140: biome market owner=guest leave",
    "wave 140: drained 1 milestone reward continuation(s)",
    "wave 140: host chose Crossroads Leave through public UI",
    "wave 140: host drove World Map via public UI=true and both consumed 1828413419590576:0:BIOME_PICK:9700166",
    "wave 141 turn 1: replay guest crossed cmd:141:1 through real public COMMAND=opened",
    "wave 141: BIOME 12->14",
    "wave 141: host slot move=247 guest slot move=34",
    "wave 141 turn 1: progress enemyHp=[323:0/339,553:0/375] playerHp=[890:2065/2065,384:1608/1715]",
    "wave 141: reward shop owner=guest take-nonparty",
    "wave 142 turn 1: replay guest crossed cmd:142:1 through real public COMMAND=opened",
    "wave 142: host slot move=85 guest slot move=247",
    "wave 142 turn 1: progress enemyHp=[787:0/327,874:0/364] playerHp=[890:2065/2065,384:1501/1715]",
    "wave 142: reward shop owner=host leave",
    "wave 142: drained 1 milestone reward continuation(s)",
    "wave 143 turn 1: replay guest crossed cmd:143:1 through real public COMMAND=opened",
    "wave 143: host slot move=247 guest slot move=34",
    "wave 143 turn 1: progress enemyHp=[947:0/302,555:0/405] playerHp=[890:2065/2065,384:1394/1715]",
    "wave 143: reward shop owner=guest leave",
    "wave 143: drained 1 milestone reward continuation(s)",
    "wave 144 turn 1: replay guest crossed cmd:144:1 through real public COMMAND=opened",
    "wave 144: host slot move=247 guest slot move=34",
    "wave 144 turn 1: progress enemyHp=[947:0/307,472:0/333] playerHp=[890:2065/2065,384:1073/1715]",
    "wave 144: reward shop owner=host leave",
    "wave 144: drained 1 milestone reward continuation(s)",
    "wave 145 turn 1: replay guest crossed cmd:145:1 through real public COMMAND=opened",
    "wave 145: TRAINER (fixed)",
    "wave 145: host slot move=34 guest slot move=34",
    "wave 145 turn 1: progress enemyHp=[154:0/385,18:0/407] playerHp=[890:2065/2065,384:966/1715]",
    "wave 145 turn 2: replay guest crossed cmd:145:2 through real public COMMAND=opened",
    "wave 145 turn 2: guest SWITCH -> party[3]",
    "wave 145 turn 3: replay guest crossed cmd:145:3 through real public COMMAND=opened",
    "wave 145 turn 4: replay guest crossed cmd:145:4 through real public COMMAND=opened",
    "wave 145: reward shop owner=guest leave",
    "wave 145: drained 1 milestone reward continuation(s)",
    "wave 145: host chose Crossroads Leave through public UI",
    "wave 145: host drove World Map via public UI=true and both consumed 1828413419590576:0:BIOME_PICK:9700172",
    "wave 146 turn 1: replay guest crossed cmd:146:1 through real public COMMAND=opened",
    "wave 146: host slot move=34 guest slot move=247",
    "wave 146 turn 1: progress enemyHp=[472:0/319,555:0/405] playerHp=[890:1807/2065,150:1529/1725]",
    "wave 146: reward shop owner=guest leave",
    "wave 146: drained 1 milestone reward continuation(s)",
    "wave 147 turn 1: replay guest crossed cmd:147:1 through real public COMMAND=opened",
    "wave 147: host slot move=34 guest slot move=34",
    "wave 147 turn 1: progress enemyHp=[28:0/401,954:0/319] playerHp=[890:1807/2065,150:1422/1725]",
    "wave 147: reward shop owner=host leave",
    "wave 148 turn 1: replay guest crossed cmd:148:1 through real public COMMAND=opened",
    "wave 148: host slot move=85 guest slot move=53",
    "wave 148 turn 1: progress enemyHp=[85:0/370,452:0/327] playerHp=[890:1807/2065,150:1202/1725]",
    "wave 148: reward shop owner=guest leave",
    "wave 148: drained 1 milestone reward continuation(s)",
    "wave 149 turn 1: replay guest crossed cmd:149:1 through real public COMMAND=opened",
    "wave 149: host slot move=85 guest slot move=53",
    "wave 149 turn 1: progress enemyHp=[947:0/315,563:0/327] playerHp=[890:1719/2065,150:1062/1725]",
    "wave 149: reward shop owner=host leave",
    "wave 149: drained 1 milestone reward continuation(s)",
    "wave 150 turn 1: replay guest crossed cmd:150:1 through real public COMMAND=opened",
    "wave 150: TRAINER (random)",
    "wave 150: host slot move=85 guest slot move=247",
    "wave 150 turn 1: progress enemyHp=[10751:0/473,10437:0/380] playerHp=[890:1719/2065,150:955/1725]",
    "wave 150 turn 2: replay guest crossed cmd:150:2 through real public COMMAND=opened",
    "wave 150 turn 3: replay guest crossed cmd:150:3 through real public COMMAND=opened",
    "wave 150 turn 4: replay guest crossed cmd:150:4 through real public COMMAND=opened",
    "wave 150 turn 4: guest SWITCH -> party[3]",
    "wave 150: biome market owner=guest leave",
    "wave 150: drained 1 milestone reward continuation(s)"
  ]
}