{
  "invariant": "no-park",
  "seed": 20365530,
  "wave": 44,
  "detail": "wave driving threw (strand/stall): client phase drive to SelectModifierPhase HANG on TitlePhase; queued=[], ui=TITLE",
  "replay": "SOAK_SEED=20365530",
  "phaseState": {
    "hostPhase": "SelectModifierPhase",
    "guestPhase": "TitlePhase",
    "hostInteractionCounter": 51,
    "guestInteractionCounter": 51,
    "hostWave": 44,
    "hostBattleType": 0,
    "hostPlayerField": [
      {
        "id": 704638284,
        "battlerIndex": -1,
        "speciesId": 890,
        "speciesName": "Eternatus",
        "hp": 958,
        "maxHp": 2065,
        "fainted": false,
        "status": 0,
        "statStages": [
          0,
          0,
          2,
          0,
          0,
          0,
          0
        ],
        "moves": [
          {
            "id": 34,
            "ppUsed": 1
          },
          {
            "id": 247,
            "ppUsed": 0
          },
          {
            "id": 53,
            "ppUsed": 0
          },
          {
            "id": 85,
            "ppUsed": 0
          }
        ],
        "coopOwner": "host"
      },
      {
        "id": 1168712101,
        "battlerIndex": -1,
        "speciesId": 384,
        "speciesName": "Rayquaza",
        "hp": 1706,
        "maxHp": 1715,
        "fainted": false,
        "status": 0,
        "statStages": [
          0,
          0,
          0,
          0,
          0,
          0,
          0
        ],
        "moves": [
          {
            "id": 34,
            "ppUsed": 0
          },
          {
            "id": 247,
            "ppUsed": 0
          },
          {
            "id": 53,
            "ppUsed": 1
          },
          {
            "id": 85,
            "ppUsed": 0
          }
        ],
        "coopOwner": "guest"
      }
    ],
    "hostEnemyField": [
      {
        "id": 1209664038,
        "battlerIndex": -1,
        "speciesId": 201,
        "speciesName": "Unown",
        "hp": 0,
        "maxHp": 76,
        "fainted": true,
        "status": 7,
        "statStages": [
          0,
          0,
          0,
          0,
          0,
          0,
          0
        ],
        "moves": [
          {
            "id": 5128,
            "ppUsed": 0
          },
          {
            "id": 246,
            "ppUsed": 0
          },
          {
            "id": 478,
            "ppUsed": 1
          },
          {
            "id": 322,
            "ppUsed": 0
          }
        ]
      },
      {
        "id": 1696480471,
        "battlerIndex": -1,
        "speciesId": 325,
        "speciesName": "Spoink",
        "hp": 0,
        "maxHp": 77,
        "fainted": true,
        "status": 7,
        "statStages": [
          0,
          0,
          0,
          0,
          0,
          0,
          0
        ],
        "moves": [
          {
            "id": 93,
            "ppUsed": 0
          },
          {
            "id": 493,
            "ppUsed": 0
          },
          {
            "id": 289,
            "ppUsed": 0
          },
          {
            "id": 215,
            "ppUsed": 1
          }
        ]
      }
    ],
    "guestPlayerField": [],
    "guestEnemyField": []
  },
  "actionScript": [
    "SKIP mysteryEncounterDisabledV1",
    "content seed=coop-soak-20365530 preseeded=false",
    "wave 1 turn 1: replay guest crossed cmd:1:1 through real public COMMAND=opened",
    "wave 1: host slot move=85 guest slot move=53",
    "wave 1 turn 1: progress enemyHp=[16:0/14,263:0/14] playerHp=[890:2065/2065,384:1715/1715]",
    "wave 1: reward shop owner=host leave",
    "wave 2 turn 1: replay guest crossed cmd:2:1 through real public COMMAND=opened",
    "wave 2 turn 1: host SWITCH -> party[2]",
    "wave 2: host slot move=53 guest slot move=34",
    "wave 2 turn 1: progress enemyHp=[13:16/16,13:0/14] playerHp=[493:1859/1865,384:1715/1715]",
    "wave 2 turn 2: replay guest crossed cmd:2:2 through real public COMMAND=opened",
    "wave 2 turn 2: host SWITCH -> party[2]",
    "wave 2: reward shop owner=guest leave",
    "wave 3 turn 1: replay guest crossed cmd:3:1 through real public COMMAND=opened",
    "wave 3: host slot move=34 guest slot move=53",
    "wave 3 turn 1: progress enemyHp=[504:0/16,293:0/18] playerHp=[890:2065/2065,384:1715/1715]",
    "wave 3: reward shop owner=host leave",
    "wave 4 turn 1: replay guest crossed cmd:4:1 through real public COMMAND=opened",
    "wave 4 turn 1: host SWITCH -> party[2]",
    "wave 4: host slot move=34 guest slot move=53",
    "wave 4 turn 1: progress enemyHp=[163:17/17,261:0/16] playerHp=[493:1865/1865,384:1715/1715]",
    "wave 4 turn 2: replay guest crossed cmd:4:2 through real public COMMAND=opened",
    "wave 4: reward shop owner=guest take-nonparty",
    "wave 5 turn 1: replay guest crossed cmd:5:1 through real public COMMAND=opened",
    "wave 5: TRAINER (fixed)",
    "wave 5 turn 1: host SWITCH -> party[2]",
    "wave 5: host slot move=53 guest slot move=85",
    "wave 5 turn 1: guest SWITCH -> party[3]",
    "wave 5 turn 1: progress enemyHp=[504:18/18,19:17/17] playerHp=[890:2065/2065,150:1722/1725]",
    "wave 5 turn 2: replay guest crossed cmd:5:2 through real public COMMAND=opened",
    "wave 5 turn 2: host SWITCH -> party[2]",
    "wave 5 turn 3: replay guest crossed cmd:5:3 through real public COMMAND=opened",
    "wave 5: reward shop owner=host leave",
    "wave 5: guest chose Crossroads Leave through public UI",
    "wave 5: guest drove World Map via public UI=true and both consumed 1828413413364172:1:BIOME_PICK:9700005",
    "wave 6 turn 1: replay guest crossed cmd:6:1 through real public COMMAND=opened",
    "wave 6: BIOME 0->1",
    "wave 6: host slot move=85 guest slot move=34",
    "wave 6 turn 1: guest SWITCH -> party[3]",
    "wave 6 turn 1: progress enemyHp=[519:0/23,84:23/23] playerHp=[493:1865/1865,384:1713/1715]",
    "wave 6 turn 2: replay guest crossed cmd:6:2 through real public COMMAND=opened",
    "wave 6 turn 2: host SWITCH -> party[2]",
    "wave 6: reward shop owner=host leave",
    "wave 7 turn 1: replay guest crossed cmd:7:1 through real public COMMAND=opened",
    "wave 7: host slot move=34 guest slot move=34",
    "wave 7 turn 1: guest SWITCH -> party[3]",
    "wave 7 turn 1: progress enemyHp=[921:0/21,921:21/21] playerHp=[890:2065/2065,150:1725/1725]",
    "wave 7 turn 2: replay guest crossed cmd:7:2 through real public COMMAND=opened",
    "wave 7 turn 2: host SWITCH -> party[2]",
    "wave 7: reward shop owner=guest leave",
    "wave 8 turn 1: replay guest crossed cmd:8:1 through real public COMMAND=opened",
    "wave 8: TRAINER (fixed)",
    "wave 8: host slot move=34 guest slot move=53",
    "wave 8 turn 1: progress enemyHp=[498:0/29,821:0/22] playerHp=[493:1865/1865,150:1725/1725]",
    "wave 8: reward shop owner=host leave",
    "wave 9 turn 1: replay guest crossed cmd:9:1 through real public COMMAND=opened",
    "wave 9: host slot move=34 guest slot move=53",
    "wave 9 turn 1: progress enemyHp=[263:0/22,161:0/22] playerHp=[493:1865/1865,150:1725/1725]",
    "wave 9: reward shop owner=guest leave",
    "wave 10 turn 1: replay guest crossed cmd:10:1 through real public COMMAND=opened",
    "wave 10: host slot move=53 guest slot move=53",
    "wave 10 turn 1: progress enemyHp=[734:0/25,263:0/24] playerHp=[493:1865/1865,150:1725/1725]",
    "wave 10: biome market owner=host leave",
    "wave 10: drained 1 milestone reward continuation(s)",
    "wave 10: guest chose Crossroads Leave through public UI",
    "wave 10: guest drove World Map via public UI=true and both consumed 1828413413364172:1:BIOME_PICK:9700011",
    "wave 11 turn 1: replay guest crossed cmd:11:1 through real public COMMAND=opened",
    "wave 11: BIOME 1->2",
    "wave 11: host slot move=85 guest slot move=247",
    "wave 11 turn 1: guest SWITCH -> party[3]",
    "wave 11 turn 1: progress enemyHp=[546:0/24,187:26/26] playerHp=[493:1865/1865,384:1715/1715]",
    "wave 11 turn 2: replay guest crossed cmd:11:2 through real public COMMAND=opened",
    "wave 11: reward shop owner=host take-nonparty",
    "wave 12 turn 1: replay guest crossed cmd:12:1 through real public COMMAND=opened",
    "wave 12: host slot move=34 guest slot move=53",
    "wave 12 turn 1: progress enemyHp=[58:0/26,543:0/25] playerHp=[493:1865/1865,384:1715/1715]",
    "wave 12: reward shop owner=guest take-nonparty",
    "wave 13 turn 1: replay guest crossed cmd:13:1 through real public COMMAND=opened",
    "wave 13: host slot move=53 guest slot move=85",
    "wave 13 turn 1: progress enemyHp=[108:0/37,187:0/26] playerHp=[493:1865/1865,384:1715/1715]",
    "wave 13: reward shop owner=host take-nonparty",
    "wave 14 turn 1: replay guest crossed cmd:14:1 through real public COMMAND=opened",
    "wave 14: host slot move=53 guest slot move=34",
    "wave 14 turn 1: progress enemyHp=[415:0/28,108:0/37] playerHp=[493:1865/1865,384:1715/1715]",
    "wave 14: reward shop owner=guest take-nonparty",
    "wave 15 turn 1: replay guest crossed cmd:15:1 through real public COMMAND=opened",
    "wave 15: host slot move=85 guest slot move=247",
    "wave 15 turn 1: progress enemyHp=[191:0/34,543:0/27] playerHp=[493:1865/1865,384:1715/1715]",
    "wave 15: reward shop owner=host take-nonparty",
    "wave 15: guest chose Crossroads Leave through public UI",
    "wave 15: guest drove World Map via public UI=true and both consumed 1828413413364172:1:BIOME_PICK:9700017",
    "wave 16 turn 1: replay guest crossed cmd:16:1 through real public COMMAND=opened",
    "wave 16: BIOME 2->3",
    "wave 16: host slot move=34 guest slot move=53",
    "wave 16 turn 1: progress enemyHp=[919:29/29,303:0/34] playerHp=[493:1865/1865,384:1715/1715]",
    "wave 16 turn 2: replay guest crossed cmd:16:2 through real public COMMAND=opened",
    "wave 16: reward shop owner=host leave",
    "wave 17 turn 1: replay guest crossed cmd:17:1 through real public COMMAND=opened",
    "wave 17: host slot move=247 guest slot move=85",
    "wave 17 turn 1: progress enemyHp=[753:0/31,919:0/31] playerHp=[493:1865/1865,384:1715/1715]",
    "wave 17: reward shop owner=guest take-nonparty",
    "wave 18 turn 1: replay guest crossed cmd:18:1 through real public COMMAND=opened",
    "wave 18: host slot move=53 guest slot move=34",
    "wave 18 turn 1: progress enemyHp=[665:0/36,32:0/34] playerHp=[493:1865/1865,384:1715/1715]",
    "wave 18: reward shop owner=host take-nonparty",
    "wave 19 turn 1: replay guest crossed cmd:19:1 through real public COMMAND=opened",
    "wave 19: host slot move=85 guest slot move=247",
    "wave 19 turn 1: guest SWITCH -> party[3]",
    "wave 19 turn 1: progress enemyHp=[761:0/35,919:33/33] playerHp=[493:1865/1865,150:1725/1725]",
    "wave 19 turn 2: replay guest crossed cmd:19:2 through real public COMMAND=opened",
    "wave 19: reward shop owner=guest leave",
    "wave 20 turn 1: replay guest crossed cmd:20:1 through real public COMMAND=opened",
    "wave 20: TRAINER (random)",
    "wave 20: host slot move=34 guest slot move=53",
    "wave 20 turn 1: progress enemyHp=[283:0/37,664:0/38] playerHp=[493:1865/1865,150:1725/1725]",
    "wave 20: biome market owner=host leave",
    "wave 20: drained 1 milestone reward continuation(s)",
    "wave 20: guest chose Crossroads Leave through public UI",
    "wave 20: guest drove World Map via public UI=true and both consumed 1828413413364172:1:BIOME_PICK:9700023",
    "wave 21 turn 1: replay guest crossed cmd:21:1 through real public COMMAND=opened",
    "wave 21: BIOME 3->5",
    "wave 21 turn 1: host SWITCH -> party[2]",
    "wave 21: host slot move=247 guest slot move=85",
    "wave 21 turn 1: progress enemyHp=[917:34/34,665:0/38] playerHp=[890:2065/2065,150:1725/1725]",
    "wave 21 turn 2: replay guest crossed cmd:21:2 through real public COMMAND=opened",
    "wave 21: reward shop owner=host take-nonparty",
    "wave 22 turn 1: replay guest crossed cmd:22:1 through real public COMMAND=opened",
    "wave 22: host slot move=53 guest slot move=34",
    "wave 22 turn 1: progress enemyHp=[69:0/47,944:0/37] playerHp=[890:2065/2065,150:1725/1725]",
    "wave 22: reward shop owner=guest take-nonparty",
    "wave 23 turn 1: replay guest crossed cmd:23:1 through real public COMMAND=opened",
    "wave 23 turn 1: host SWITCH -> party[2]",
    "wave 23: host slot move=34 guest slot move=247",
    "wave 23 turn 1: guest SWITCH -> party[3]",
    "wave 23 turn 1: progress enemyHp=[12:52/52,917:40/40] playerHp=[493:1865/1865,384:1713/1715]",
    "wave 23 turn 2: replay guest crossed cmd:23:2 through real public COMMAND=opened",
    "wave 23: reward shop owner=host take-nonparty",
    "wave 24 turn 1: replay guest crossed cmd:24:1 through real public COMMAND=opened",
    "wave 24: host slot move=34 guest slot move=53",
    "wave 24 turn 1: progress enemyHp=[267:0/51,69:0/53] playerHp=[493:1865/1865,384:1713/1715]",
    "wave 24: reward shop owner=guest take-nonparty",
    "wave 25 turn 1: replay guest crossed cmd:25:1 through real public COMMAND=opened",
    "wave 25: TRAINER (fixed)",
    "wave 25: host slot move=247 guest slot move=85",
    "wave 25 turn 1: progress enemyHp=[499:0/66,822:0/55] playerHp=[493:1865/1865,384:1713/1715]",
    "wave 25 turn 2: replay guest crossed cmd:25:2 through real public COMMAND=opened",
    "wave 25 turn 2: guest SWITCH -> party[3]",
    "wave 25: reward shop owner=host take-nonparty",
    "wave 25: guest chose Crossroads Leave through public UI",
    "wave 25: guest drove World Map via public UI=true and both consumed 1828413413364172:1:BIOME_PICK:9700029",
    "wave 26 turn 1: replay guest crossed cmd:26:1 through real public COMMAND=opened",
    "wave 26: BIOME 5->27",
    "wave 26: host slot move=53 guest slot move=34",
    "wave 26 turn 1: progress enemyHp=[168:0/58,870:0/59] playerHp=[493:1865/1865,150:1725/1725]",
    "wave 26: reward shop owner=host leave",
    "wave 27 turn 1: replay guest crossed cmd:27:1 through real public COMMAND=opened",
    "wave 27: host slot move=85 guest slot move=53",
    "wave 27 turn 1: progress enemyHp=[285:0/57,190:0/55] playerHp=[493:1865/1865,150:1725/1725]",
    "wave 27: reward shop owner=guest take-nonparty",
    "wave 28 turn 1: replay guest crossed cmd:28:1 through real public COMMAND=opened",
    "wave 28: host slot move=34 guest slot move=53",
    "wave 28 turn 1: progress enemyHp=[167:0/47,753:0/50] playerHp=[493:1865/1865,150:1725/1725]",
    "wave 28: reward shop owner=host take-nonparty",
    "wave 29 turn 1: replay guest crossed cmd:29:1 through real public COMMAND=opened",
    "wave 29: host slot move=247 guest slot move=85",
    "wave 29 turn 1: progress enemyHp=[522:0/58,509:0/50] playerHp=[493:1865/1865,150:1725/1725]",
    "wave 29: reward shop owner=guest take-nonparty",
    "wave 30 turn 1: replay guest crossed cmd:30:1 through real public COMMAND=opened",
    "wave 30: host slot move=53 guest slot move=34",
    "wave 30 turn 1: progress enemyHp=[753:0/50,595:0/65] playerHp=[493:1865/1865,150:1725/1725]",
    "wave 30: biome market owner=host leave",
    "wave 30: drained 1 milestone reward continuation(s)",
    "wave 30: guest chose Crossroads Leave through public UI",
    "wave 30: guest drove World Map via public UI=true and both consumed 1828413413364172:1:BIOME_PICK:9700035",
    "wave 31 turn 1: replay guest crossed cmd:31:1 through real public COMMAND=opened",
    "wave 31: BIOME 27->29",
    "wave 31: host slot move=85 guest slot move=247",
    "wave 31 turn 1: progress enemyHp=[177:0/52,679:0/54] playerHp=[493:1865/1865,150:1725/1725]",
    "wave 31: reward shop owner=host take-nonparty",
    "wave 32 turn 1: replay guest crossed cmd:32:1 through real public COMMAND=opened",
    "wave 32: host slot move=247 guest slot move=53",
    "wave 32 turn 1: progress enemyHp=[343:0/58,355:0/42] playerHp=[493:1865/1865,150:1725/1725]",
    "wave 32: reward shop owner=guest take-nonparty",
    "wave 33 turn 1: replay guest crossed cmd:33:1 through real public COMMAND=opened",
    "wave 33: host slot move=247 guest slot move=247",
    "wave 33 turn 1: progress enemyHp=[999:62/62,999:0/62] playerHp=[493:1865/1865,150:1720/1725]",
    "wave 33 turn 2: replay guest crossed cmd:33:2 through real public COMMAND=opened",
    "wave 33: reward shop owner=host leave",
    "wave 33: drained 1 milestone reward continuation(s)",
    "wave 34 turn 1: replay guest crossed cmd:34:1 through real public COMMAND=opened",
    "wave 34: host slot move=247 guest slot move=247",
    "wave 34 turn 1: progress enemyHp=[679:0/60,622:0/67] playerHp=[493:1865/1865,150:1720/1725]",
    "wave 34: reward shop owner=guest leave",
    "wave 34: drained 1 milestone reward continuation(s)",
    "wave 35 turn 1: replay guest crossed cmd:35:1 through real public COMMAND=opened",
    "wave 35: TRAINER (fixed)",
    "wave 35: host slot move=85 guest slot move=247",
    "wave 35 turn 1: progress enemyHp=[597:0/62,4052:0/65] playerHp=[493:1865/1865,150:1720/1725]",
    "wave 35: reward shop owner=host take-nonparty",
    "wave 35: guest chose Crossroads Leave through public UI",
    "wave 35: guest drove World Map via public UI=true and both consumed 1828413413364172:1:BIOME_PICK:9700041",
    "wave 36 turn 1: replay guest crossed cmd:36:1 through real public COMMAND=opened",
    "wave 36: BIOME 29->14",
    "wave 36: host slot move=85 guest slot move=53",
    "wave 36 turn 1: progress enemyHp=[562:0/59,562:0/57] playerHp=[493:1749/1865,150:1613/1725]",
    "wave 36: reward shop owner=host take-nonparty",
    "wave 37 turn 1: replay guest crossed cmd:37:1 through real public COMMAND=opened",
    "wave 37: host slot move=247 guest slot move=34",
    "wave 37 turn 1: progress enemyHp=[451:0/67,843:0/64] playerHp=[493:1633/1865,150:1506/1725]",
    "wave 37: reward shop owner=guest leave",
    "wave 37: drained 1 milestone reward continuation(s)",
    "wave 38 turn 1: replay guest crossed cmd:38:1 through real public COMMAND=opened",
    "wave 38 turn 1: host SWITCH -> party[2]",
    "wave 38: host slot move=247 guest slot move=53",
    "wave 38 turn 1: progress enemyHp=[207:77/77,552:0/72] playerHp=[890:1546/2065,150:965/1725]",
    "wave 38 turn 2: replay guest crossed cmd:38:2 through real public COMMAND=opened",
    "wave 38: reward shop owner=host leave",
    "wave 38: drained 1 milestone reward continuation(s)",
    "wave 39 turn 1: replay guest crossed cmd:39:1 through real public COMMAND=opened",
    "wave 39: host slot move=85 guest slot move=247",
    "wave 39 turn 1: guest SWITCH -> party[3]",
    "wave 39 turn 1: progress enemyHp=[953:0/63,28:93/93] playerHp=[890:1501/2065,384:1608/1715]",
    "wave 39 turn 2: replay guest crossed cmd:39:2 through real public COMMAND=opened",
    "wave 39: reward shop owner=guest leave",
    "wave 40 turn 1: replay guest crossed cmd:40:1 through real public COMMAND=opened",
    "wave 40: host slot move=34 guest slot move=53",
    "wave 40 turn 1: guest SWITCH -> party[3]",
    "wave 40 turn 1: progress enemyHp=[84:0/75,561:87/87] playerHp=[890:1576/2065,150:1723/1725]",
    "wave 40 turn 2: replay guest crossed cmd:40:2 through real public COMMAND=opened",
    "wave 40 turn 2: guest SWITCH -> party[3]",
    "wave 40: biome market owner=host leave",
    "wave 40: drained 1 milestone reward continuation(s)",
    "wave 40: guest chose Crossroads Leave through public UI",
    "wave 40: guest drove World Map via public UI=true and both consumed 1828413413364172:1:BIOME_PICK:9700047",
    "wave 41 turn 1: replay guest crossed cmd:41:1 through real public COMMAND=opened",
    "wave 41: BIOME 14->22",
    "wave 41: host slot move=53 guest slot move=85",
    "wave 41 turn 1: progress enemyHp=[867:0/71,605:0/77] playerHp=[890:1655/2065,384:1715/1715]",
    "wave 41: reward shop owner=host leave",
    "wave 41: drained 1 milestone reward continuation(s)",
    "wave 42 turn 1: replay guest crossed cmd:42:1 through real public COMMAND=opened",
    "wave 42: host slot move=53 guest slot move=34",
    "wave 42 turn 1: progress enemyHp=[605:0/80,958:0/80] playerHp=[890:1242/2065,384:1715/1715]",
    "wave 42: reward shop owner=guest take-nonparty",
    "wave 43 turn 1: replay guest crossed cmd:43:1 through real public COMMAND=opened",
    "wave 43: host slot move=85 guest slot move=247",
    "wave 43 turn 1: progress enemyHp=[958:0/80,325:0/80] playerHp=[890:829/2065,384:1706/1715]",
    "wave 43: reward shop owner=host leave",
    "wave 43: drained 1 milestone reward continuation(s)",
    "wave 44 turn 1: replay guest crossed cmd:44:1 through real public COMMAND=opened",
    "wave 44: host slot move=34 guest slot move=53",
    "wave 44 turn 1: progress enemyHp=[201:0/76,325:0/77] playerHp=[890:958/2065,384:1706/1715]"
  ]
}