===== COOP SOAK RESULT =====
profile: level
verdict: FAIL
waves_requested: 55
run_mode: calibrated-release
calibration_id: level-55-faint
target_sha: 00f50a597e9fc39e3c28ac23ea20d2def374f59f
checked_out_sha: 00f50a597e9fc39e3c28ac23ea20d2def374f59f
base_seed: 20260801
campaign_seed: 20260801
run: 30701786179 (workflow source 00f50a597e9fc39e3c28ac23ea20d2def374f59f)
timestamp: 2026-08-01T13-30-17Z

----- driver lines -----
[22m[39m[coop-soak] SEED=20260801 WAVES=55 - replay this run with:  SOAK_SEED=20260801 SOAK_WAVES=55 ER_SCENARIO=1 npx vitest run test/tests/elite-redux/coop/coop-soak.test.ts
[31m[1mSoakInvariantError[22m: [coop-soak] NO-PARK invariant breached at wave 2 (seed 20260801): wave driving threw (strand/stall): guest replay HANG: stuck on CoopGuestFaintSwitchPhase - see dev-logs/coop-duo/. Artifact + both logs: /home/runner/work/elite-redux/elite-redux/dev-logs/coop-soak/2026-08-01T13-29-52-139Z__seed-20260801__wave-2. Replay: SOAK_SEED=20260801[39m

----- vitest result tail -----
[coop:turn] host recorder: CLEAR (null-out) live emitter (was=false)
[coop:session] coopAuthoritativeGuestPredicate CLEARED (-> solo/host/lockstep reads false)
[coop:session] coopAuthoritativeGuestPredicate INSTALLED
[coop:launch] clearCoopRuntime role=host netcode=authoritative gen->7
[coop:stream] streamer DISPOSE: cancel pending(turns=0 enemyParty=0 meBattle=0 stateSync=0) + null-out all handlers
[coop:relay] dispose() (no in-flight waiters)
[coop:pump] end session { seq: -1, termSeq: -1, wasOwner: false }
[coop:turn] host recorder: CLEAR (null-out) live emitter (was=false)
[coop:session] coopAuthoritativeGuestPredicate CLEARED (-> solo/host/lockstep reads false)

[90mstdout[2m | test/tests/elite-redux/coop/coop-soak.test.ts[2m:297:3[22m[2m[2m > [22m[2mNIGHTLY co-op SOAK: seeded randomized two-engine run (#841)[2m > [22m[2mretained wave boundary keeps one X Attack exact on both clients through natural expiry without recovery
[22m[39m[2m> [22m[30m[48;2;193;98;222m Test finished! [49m[39m
    Name: [38;2;0;136;134mNIGHTLY co-op SOAK: seeded randomized two-engine run (#841) > retained wave boundary keeps one X Attack exact on both clients through natural expiry without recovery[39m
    Result: [32m[1m✓ Passed[22m[39m [2min[22m [33m25135[39m[2mms[22m
    File: [38;2;210;155;14melite-redux/test/tests/elite-redux/coop/coop-soak.test.ts:297:3[39m

[33m[39m[32m·[39m

[31m⎯⎯⎯⎯⎯⎯⎯[39m[1m[41m Failed Tests 1 [49m[22m[31m⎯⎯⎯⎯⎯⎯⎯[39m

[41m[1m FAIL [22m[49m [30m[45m main [49m[39m test/tests/elite-redux/coop/coop-soak.test.ts[2m:165:3[22m[2m > [22mNIGHTLY co-op SOAK: seeded randomized two-engine run (#841)[2m > [22mplays a seeded randomized co-op run asserting DIGEST/LOCKSTEP/NO-PARK/TEARDOWN each wave
[31m[1mSoakInvariantError[22m: [coop-soak] NO-PARK invariant breached at wave 2 (seed 20260801): wave driving threw (strand/stall): guest replay HANG: stuck on CoopGuestFaintSwitchPhase - see dev-logs/coop-duo/. Artifact + both logs: /home/runner/work/elite-redux/elite-redux/dev-logs/coop-soak/2026-08-01T13-29-52-139Z__seed-20260801__wave-2. Replay: SOAK_SEED=20260801[39m
[36m [2m❯[22m fail test/tools/coop-soak-driver.ts:[2m1785:11[22m[39m
    [90m1783|[39m       phaseState: phaseStateDump(rig),
    [90m1784|[39m     });
    [90m1785|[39m     throw new SoakInvariantError(invariant, seed, wave, detail, dir);
    [90m   |[39m           [31m^[39m
    [90m1786|[39m   };
    [90m1787|[39m
[90m [2m❯[22m runCoopSoak test/tools/coop-soak-driver.ts:[2m5366:7[22m[39m
[90m [2m❯[22m test/tests/elite-redux/coop/coop-soak.test.ts:[2m184:22[22m[39m

[31m[2m⎯⎯⎯⎯⎯⎯⎯⎯⎯⎯⎯⎯⎯⎯⎯⎯⎯⎯⎯⎯⎯⎯⎯⎯[1/1]⎯[22m[39m


[2m Test Files [22m [1m[31m1 failed[39m[22m[90m (1)[39m
[2m      Tests [22m [1m[31m1 failed[39m[22m[2m | [22m[1m[32m1 passed[39m[22m[90m (2)[39m
[2m   Start at [22m 13:29:15
[2m   Duration [22m 62.02s[2m (transform 21.55s, setup 25.70s, import 339ms, tests 35.21s, environment 627ms)[22m

