url:      https://elite-redux-staging.pages.dev/
build:    github:8ccf994dde649e8d182e6767fcf9968698a796d4:run-30717283634.1
ua:       Mozilla/5.0 (Windows NT 10.0; Win64; x64) AppleWebKit/537.36 (KHTML, like Gecko) Chrome/151.0.0.0 Safari/537.36
platform: Win32
screen:   1920x1080 @1x  devmem:16 GB
boot:     boot-start@0ms -> loading-complete@38503ms -> title-shown@60471ms
lastSess: ok (reached title)
mode:     0  wave:?
seed:     e68kNRjgkmS5Nfnqxk3Kz43s
party:    
enemy:    

----- BUILD IDENTITY (JSON) -----
{"version":1,"id":"github:8ccf994dde649e8d182e6767fcf9968698a796d4:run-30717283634.1","source":"github","sha":"8ccf994dde649e8d182e6767fcf9968698a796d4","workflow":{"provider":"github-actions","runId":"30717283634","runAttempt":1,"workflow":"Deploy Staging","job":"deploy","repository":"Heraklines/elite-redux","ref":"feat/elite-redux-port"},"deployment":null}

----- CONSOLE -----
[20:48:19.171] LOG: %c %c %c %c %c Phaser v3.90.0 (WebGL | Web Audio) %c https://phaser.io/v390 background: #ff0000 background: #ffff00 background: #00ff00 background: #00ffff color: #ffffff; background: #000000 background: transparent
[20:48:20.306] LOG: [ER] build {"version":1,"id":"github:8ccf994dde649e8d182e6767fcf9968698a796d4:run-30717283634.1","source":"github","sha":"8ccf994dde649e8d182e6767fcf9968698a796d4","workflow":{"provider":"github-actions","runId":"30717283634","runAttempt":1,"workflow":"Deploy Staging","job":"deploy","repository":"Heraklines/elite-redux","ref":"feat/elite-redux-port"},"deployment":null}
[20:48:20.983] LOG: [dev-tools] loaded — 739 scenarios + Send Logs button
[20:48:53.182] DEBUG: Destroying loading scene
[20:48:53.182] DEBUG: Destroyed loading scene
[20:48:53.283] LOG: Seed: e68kNRjgkmS5Nfnqxk3Kz43s
[20:48:53.284] LOG: Wave Seed: e68kNRjgkmS5Nfnqxk3Kz43s 0
[20:49:13.932] LOG: %cStart Phase LoginPhase color:green;
[20:49:14.350] LOG: Client Session: E1GQAYnfCtqRSSpJiKq7WKVvdN3uqnsL
[20:49:14.921] DEBUG: Using cached system data
[20:49:15.137] LOG: %cStart Phase TitlePhase color:green;
[20:49:15.139] LOG: Getting Session Slot id: %d 4
[20:49:15.165] LOG: use seasonal splash messages true
[20:49:15.664] LOG: Getting Session Slot id: %d 4
[20:49:15.678] WARN: [coop:launch] loadSession slot=4 REFUSED: co-op save does not match one live, compatible, active participant pair (#807)
[20:49:18.258] LOG: use seasonal splash messages true
[20:49:25.252] LOG: [coop:lobby] start announce name=Heraklines1 protocol=p33
[20:49:26.629] WARN: [coop:lobby] start failed: this account already has an active co-op presence
[20:49:26.635] LOG: [coop:lobby] cancel (id=none connecting=false)
[20:49:28.848] LOG: %cStart Phase TitlePhase color:green;
[20:49:28.851] LOG: Getting Session Slot id: %d 4
[20:49:28.880] LOG: use seasonal splash messages true

----- REPLAY TRACE (JSON) -----
(none)
