===== COOP SOAK RESULT =====
profile: god-c
verdict: FAIL
waves_requested: 200
run_mode: calibrated-release
calibration_id: god-200
target_sha: d501344cfba2ff782675d25b44ea06e21064d0ba
checked_out_sha: d501344cfba2ff782675d25b44ea06e21064d0ba
base_seed: 20260801
campaign_seed: 20470560
run: 30684730091 (workflow source d501344cfba2ff782675d25b44ea06e21064d0ba)
timestamp: 2026-08-01T04-56-19Z

----- driver lines -----
[22m[39m[coop-soak] SEED=20470560 WAVES=200 - replay this run with:  SOAK_SEED=20470560 SOAK_WAVES=200 ER_SCENARIO=1 npx vitest run test/tests/elite-redux/coop/coop-soak.test.ts
[22m[39m[coop-soak] RUN ENDED crossing into wave 37 (seed 20470560): host at terminal phase TitlePhase. Survey stops here.
[22m[39m[coop-soak] DONE seed=20470560 waves=36/200 resyncHeals=0 assertions=0 findings=0 trainerWaves=5 (fixed=4 random=1) skips={"mysteryEncounterDisabledV1":1} elapsedMs=175931
[coop-soak] RUN ENDED at wave 37 (seed 20470560) [TitlePhase]: host at terminal phase TitlePhase. Surveyed 36/200 waves under all invariants before the terminal.

----- vitest result tail -----
[90mstdout[2m | test/tests/elite-redux/coop/coop-soak.test.ts[2m:297:3[22m[2m[2m > [22m[2mNIGHTLY co-op SOAK: seeded randomized two-engine run (#841)[2m > [22m[2mretained wave boundary keeps one X Attack exact on both clients through natural expiry without recovery
[22m[39m[2m> [22m[30m[48;2;193;98;222m Test finished! [49m[39m
    Name: [38;2;0;136;134mNIGHTLY co-op SOAK: seeded randomized two-engine run (#841) > retained wave boundary keeps one X Attack exact on both clients through natural expiry without recovery[39m
    Result: [32m[1m✓ Passed[22m[39m [2min[22m [33m26264[39m[2mms[22m
    File: [38;2;210;155;14melite-redux/test/tests/elite-redux/coop/coop-soak.test.ts:297:3[39m

[33m[39m[32m·[39m

[31m⎯⎯⎯⎯⎯⎯⎯[39m[1m[41m Failed Tests 1 [49m[22m[31m⎯⎯⎯⎯⎯⎯⎯[39m

[41m[1m FAIL [22m[49m [30m[45m main [49m[39m test/tests/elite-redux/coop/coop-soak.test.ts[2m:165:3[22m[2m > [22mNIGHTLY co-op SOAK: seeded randomized two-engine run (#841)[2m > [22mplays a seeded randomized co-op run asserting DIGEST/LOCKSTEP/NO-PARK/TEARDOWN each wave
[31m[1mAssertionError[22m: the god profile is the start-to-finish carrier and may not stop before wave 200: expected { wave: 37, …(3) } to be undefined[39m

[32m- Expected:[39m
undefined

[31m+ Received:[39m
{
  "kind": "verified-terminal",
  "phase": "TitlePhase",
  "reason": "host at terminal phase TitlePhase",
  "wave": 37,
}

[36m [2m❯[22m test/tests/elite-redux/coop/coop-soak.test.ts:[2m245:11[22m[39m
    [90m243|[39m           result[33m.[39mrunEnded[33m,[39m
    [90m244|[39m           `the god profile is the start-to-finish carrier and may not …
    [90m245|[39m         )[33m.[39m[34mtoBeUndefined[39m()[33m;[39m
    [90m   |[39m           [31m^[39m
    [90m246|[39m         expect(result.wavesCompleted, "the god profile completed the r…
    [90m247|[39m       }

[31m[2m⎯⎯⎯⎯⎯⎯⎯⎯⎯⎯⎯⎯⎯⎯⎯⎯⎯⎯⎯⎯⎯⎯⎯⎯[1/1]⎯[22m[39m


[2m Test Files [22m [1m[31m1 failed[39m[22m[90m (1)[39m
[2m      Tests [22m [1m[31m1 failed[39m[22m[2m | [22m[1m[32m1 passed[39m[22m[90m (2)[39m
[2m   Start at [22m 04:52:26
[2m   Duration [22m 233.42s[2m (transform 23.39s, setup 28.39s, import 371ms, tests 203.78s, environment 718ms)[22m

