===== COOP SOAK RESULT =====
profile: level
verdict: FAIL
waves_requested: 55
run: 30687039969 (main)
timestamp: 2026-08-01T06-14-06Z

----- driver lines -----
[22m[39m[coop-soak] SEED=20260801 WAVES=55 - replay this run with:  SOAK_SEED=20260801 SOAK_WAVES=55 ER_SCENARIO=1 npx vitest run test/tests/elite-redux/coop/coop-soak.test.ts
[22m[39m[coop-soak] DONE seed=20260801 waves=55/55 resyncHeals=0 assertions=0 findings=0 trainerWaves=7 (fixed=5 random=2) skips={"mysteryEncounterDisabledV1":1} elapsedMs=107582

----- vitest result tail -----
[90mstdout[2m | test/tests/elite-redux/coop/coop-soak.test.ts[2m:280:3[22m[2m[2m > [22m[2mNIGHTLY co-op SOAK: seeded randomized two-engine run (#841)[2m > [22m[2mretained wave boundary keeps one X Attack exact on both clients through natural expiry without recovery
[22m[39m[coop:session] coopAuthoritativeGuestPredicate INSTALLED
[coop:launch] clearCoopRuntime role=host netcode=authoritative gen->4
[coop:stream] streamer DISPOSE: cancel pending(turns=0 enemyParty=0 meBattle=0 stateSync=0) + null-out all handlers
[coop:relay] dispose() (no in-flight waiters)
[coop:pump] end session { seq: -1, termSeq: -1, wasOwner: false }
[coop:transport] state host disconnected -> closed
[coop:turn] host recorder: CLEAR (null-out) live emitter (was=false)
[coop:session] coopAuthoritativeGuestPredicate CLEARED (-> solo/host/lockstep reads false)

[90mstdout[2m | test/tests/elite-redux/coop/coop-soak.test.ts[2m:280:3[22m[2m[2m > [22m[2mNIGHTLY co-op SOAK: seeded randomized two-engine run (#841)[2m > [22m[2mretained wave boundary keeps one X Attack exact on both clients through natural expiry without recovery
[22m[39m[2m> [22m[30m[48;2;193;98;222m Test finished! [49m[39m
    Name: [38;2;0;136;134mNIGHTLY co-op SOAK: seeded randomized two-engine run (#841) > retained wave boundary keeps one X Attack exact on both clients through natural expiry without recovery[39m
    Result: [32m[1m✓ Passed[22m[39m [2min[22m [33m11075[39m[2mms[22m
    File: [38;2;210;155;14melite-redux/test/tests/elite-redux/coop/coop-soak.test.ts:280:3[39m

[33m[39m[32m·[39m

[31m⎯⎯⎯⎯⎯⎯⎯[39m[1m[41m Failed Tests 1 [49m[22m[31m⎯⎯⎯⎯⎯⎯⎯[39m

[41m[1m FAIL [22m[49m [30m[45m main [49m[39m test/tests/elite-redux/coop/coop-soak.test.ts[2m:156:3[22m[2m > [22mNIGHTLY co-op SOAK: seeded randomized two-engine run (#841)[2m > [22mplays a seeded randomized co-op run asserting DIGEST/LOCKSTEP/NO-PARK/TEARDOWN each wave
[31m[1mError[22m: [coop-soak-coverage] COMPLETENESS BACKSTOP FAILED (profile=level, seed 20260801, 55 waves):
  - LEVEL FAINT CHANNEL COLD: the level party is built to FAINT reliably, but 1 faint surface(s) went unexercised - the profile's whole point is to GUARANTEE the faint/switch/replace machinery (#845-#848). RED, not a narrowing (replay SOAK_SEED=20260801 SOAK_PROFILE=level): [operation:op:faintSwitch][39m
[36m [2m❯[22m assertSoakCompleteness test/tools/coop-soak-coverage.ts:[2m1290:13[22m[39m
    [90m1288|[39m     const faintCold = sorted(FAINT_PROMOTABLE).filter(s => expected.ha…
    [90m1289|[39m     [35mif[39m (faintCold[33m.[39mlength [33m>[39m [34m0[39m) {
    [90m1290|[39m       [35mthrow[39m [35mnew[39m [33mError[39m(
    [90m   |[39m             [31m^[39m
    [90m1291|[39m         `[coop-soak-coverage] COMPLETENESS BACKSTOP FAILED (profile=le…
    [90m1292|[39m           + `  - LEVEL FAINT CHANNEL COLD: the level party is built to…
[90m [2m❯[22m test/tests/elite-redux/coop/coop-soak.test.ts:[2m274:7[22m[39m

[31m[2m⎯⎯⎯⎯⎯⎯⎯⎯⎯⎯⎯⎯⎯⎯⎯⎯⎯⎯⎯⎯⎯⎯⎯⎯[1/1]⎯[22m[39m


[2m Test Files [22m [1m[31m1 failed[39m[22m[90m (1)[39m
[2m      Tests [22m [1m[31m1 failed[39m[22m[2m | [22m[1m[32m1 passed[39m[22m[90m (2)[39m
[2m   Start at [22m 06:11:39
[2m   Duration [22m 146.94s[2m (transform 20.95s, setup 25.52s, import 262ms, tests 120.26s, environment 740ms)[22m

