{
  "invariant": "no-park",
  "seed": 20470560,
  "wave": 184,
  "detail": "wave driving threw (strand/stall): guest replay HANG: stuck on CoopGuestFaintSwitchPhase - see dev-logs/coop-duo/",
  "replay": "SOAK_SEED=20470560",
  "phaseState": {
    "hostPhase": "SwitchPhase",
    "guestPhase": "CoopGuestFaintSwitchPhase",
    "hostInteractionCounter": 215,
    "guestInteractionCounter": 215,
    "hostWave": 184,
    "hostBattleType": 1,
    "hostPlayerField": [
      {
        "id": 4242092008,
        "battlerIndex": -1,
        "speciesId": 890,
        "speciesName": "Eternatus",
        "hp": 540,
        "maxHp": 2065,
        "fainted": false,
        "status": 0,
        "statStages": [
          -2,
          0,
          -1,
          0,
          -1,
          0,
          0
        ],
        "moves": [
          {
            "id": 34,
            "ppUsed": 0
          },
          {
            "id": 247,
            "ppUsed": 0
          },
          {
            "id": 53,
            "ppUsed": 0
          },
          {
            "id": 85,
            "ppUsed": 4
          }
        ],
        "coopOwner": "host"
      },
      {
        "id": 3225694147,
        "battlerIndex": -1,
        "speciesId": 384,
        "speciesName": "Rayquaza",
        "hp": 0,
        "maxHp": 1715,
        "fainted": true,
        "status": 7,
        "statStages": [
          0,
          0,
          0,
          0,
          0,
          0,
          0
        ],
        "moves": [
          {
            "id": 34,
            "ppUsed": 0
          },
          {
            "id": 247,
            "ppUsed": 3
          },
          {
            "id": 53,
            "ppUsed": 0
          },
          {
            "id": 85,
            "ppUsed": 1
          }
        ],
        "coopOwner": "guest"
      }
    ],
    "hostEnemyField": [
      {
        "id": 3908357374,
        "battlerIndex": -1,
        "speciesId": 477,
        "speciesName": "Dusknoir",
        "hp": 0,
        "maxHp": 416,
        "fainted": true,
        "status": 7,
        "statStages": [
          0,
          0,
          0,
          0,
          0,
          0,
          0
        ],
        "moves": [
          {
            "id": 809,
            "ppUsed": 0
          },
          {
            "id": 374,
            "ppUsed": 2
          },
          {
            "id": 478,
            "ppUsed": 0
          },
          {
            "id": 194,
            "ppUsed": 0
          }
        ]
      },
      {
        "id": 3979860708,
        "battlerIndex": -1,
        "speciesId": 2105,
        "speciesName": "Marowak",
        "hp": 507,
        "maxHp": 507,
        "fainted": false,
        "status": 0,
        "statStages": [
          0,
          0,
          0,
          0,
          -1,
          0,
          0
        ],
        "moves": [
          {
            "id": 708,
            "ppUsed": 2
          },
          {
            "id": 350,
            "ppUsed": 0
          },
          {
            "id": 349,
            "ppUsed": 0
          },
          {
            "id": 394,
            "ppUsed": 0
          }
        ]
      }
    ],
    "guestPlayerField": [
      {
        "id": 4242092008,
        "battlerIndex": 0,
        "speciesId": 890,
        "speciesName": "Eternatus",
        "hp": 540,
        "maxHp": 2065,
        "fainted": false,
        "status": 0,
        "statStages": [
          -2,
          0,
          -1,
          0,
          -1,
          0,
          0
        ],
        "moves": [
          {
            "id": 34,
            "ppUsed": 0
          },
          {
            "id": 247,
            "ppUsed": 0
          },
          {
            "id": 53,
            "ppUsed": 0
          },
          {
            "id": 85,
            "ppUsed": 4
          }
        ],
        "coopOwner": "host"
      },
      {
        "id": 3225694147,
        "battlerIndex": 1,
        "speciesId": 384,
        "speciesName": "Rayquaza",
        "hp": 0,
        "maxHp": 1715,
        "fainted": true,
        "status": 7,
        "statStages": [
          0,
          0,
          0,
          0,
          0,
          0,
          0
        ],
        "moves": [
          {
            "id": 34,
            "ppUsed": 0
          },
          {
            "id": 247,
            "ppUsed": 3
          },
          {
            "id": 53,
            "ppUsed": 0
          },
          {
            "id": 85,
            "ppUsed": 1
          }
        ],
        "coopOwner": "guest"
      }
    ],
    "guestEnemyField": [
      {
        "id": 3908357374,
        "battlerIndex": 2,
        "speciesId": 477,
        "speciesName": "Dusknoir",
        "hp": 0,
        "maxHp": 416,
        "fainted": true,
        "status": 7,
        "statStages": [
          0,
          0,
          0,
          0,
          0,
          0,
          0
        ],
        "moves": [
          {
            "id": 809,
            "ppUsed": 0
          },
          {
            "id": 374,
            "ppUsed": 2
          },
          {
            "id": 478,
            "ppUsed": 0
          },
          {
            "id": 194,
            "ppUsed": 0
          }
        ]
      },
      {
        "id": 3979860708,
        "battlerIndex": 3,
        "speciesId": 2105,
        "speciesName": "Marowak",
        "hp": 507,
        "maxHp": 507,
        "fainted": false,
        "status": 0,
        "statStages": [
          0,
          0,
          0,
          0,
          -1,
          0,
          0
        ],
        "moves": [
          {
            "id": 708,
            "ppUsed": 2
          },
          {
            "id": 350,
            "ppUsed": 0
          },
          {
            "id": 349,
            "ppUsed": 0
          },
          {
            "id": 394,
            "ppUsed": 0
          }
        ]
      }
    ]
  },
  "actionScript": [
    "SKIP mysteryEncounterDisabledV1",
    "content seed=coop-soak-20470560 preseeded=false",
    "wave 1 turn 1: replay guest crossed cmd:1:1 through real public COMMAND=opened",
    "wave 1 turn 1: host SWITCH -> party[2]",
    "wave 1: host slot move=53 guest slot move=34",
    "wave 1 turn 1: progress enemyHp=[16:14/14,263:0/14] playerHp=[493:1865/1865,384:1715/1715]",
    "wave 1 turn 2: replay guest crossed cmd:1:2 through real public COMMAND=opened",
    "wave 1: reward shop owner=host take-nonparty",
    "wave 2 turn 1: replay guest crossed cmd:2:1 through real public COMMAND=opened",
    "wave 2: host slot move=85 guest slot move=247",
    "wave 2 turn 1: progress enemyHp=[16:0/16,509:0/14] playerHp=[493:1865/1865,384:1715/1715]",
    "wave 2: reward shop owner=guest leave",
    "wave 3 turn 1: replay guest crossed cmd:3:1 through real public COMMAND=opened",
    "wave 3: host slot move=85 guest slot move=34",
    "wave 3 turn 1: progress enemyHp=[263:0/16,265:0/16] playerHp=[493:1865/1865,384:1715/1715]",
    "wave 3: reward shop owner=host leave",
    "wave 4 turn 1: replay guest crossed cmd:4:1 through real public COMMAND=opened",
    "wave 4: host slot move=85 guest slot move=85",
    "wave 4 turn 1: progress enemyHp=[19:0/17,167:0/16] playerHp=[493:1865/1865,384:1715/1715]",
    "wave 4: reward shop owner=guest take-nonparty",
    "wave 5 turn 1: replay guest crossed cmd:5:1 through real public COMMAND=opened",
    "wave 5: TRAINER (fixed)",
    "wave 5 turn 1: host SWITCH -> party[2]",
    "wave 5: host slot move=34 guest slot move=34",
    "wave 5 turn 1: progress enemyHp=[261:18/18,504:0/18] playerHp=[890:2065/2065,384:1713/1715]",
    "wave 5 turn 2: replay guest crossed cmd:5:2 through real public COMMAND=opened",
    "wave 5: reward shop owner=host leave",
    "wave 5: guest chose Crossroads Leave through public UI",
    "wave 5: guest drove World Map via public UI=true and both consumed 1828445171086910:1:BIOME_PICK:9700005",
    "wave 6 turn 1: replay guest crossed cmd:6:1 through real public COMMAND=opened",
    "wave 6: BIOME 0->1",
    "wave 6: host slot move=53 guest slot move=85",
    "wave 6 turn 1: progress enemyHp=[263:0/18,734:0/21] playerHp=[890:2065/2065,384:1713/1715]",
    "wave 6: reward shop owner=host take-nonparty",
    "wave 7 turn 1: replay guest crossed cmd:7:1 through real public COMMAND=opened",
    "wave 7: host slot move=53 guest slot move=53",
    "wave 7 turn 1: progress enemyHp=[661:0/23,399:0/23] playerHp=[890:2065/2065,384:1713/1715]",
    "wave 7: reward shop owner=guest take-nonparty",
    "wave 8 turn 1: replay guest crossed cmd:8:1 through real public COMMAND=opened",
    "wave 8: TRAINER (fixed)",
    "wave 8: host slot move=247 guest slot move=85",
    "wave 8 turn 1: guest SWITCH -> party[3]",
    "wave 8 turn 1: progress enemyHp=[255:0/25,519:26/26] playerHp=[890:2065/2065,150:1723/1725]",
    "wave 8 turn 2: replay guest crossed cmd:8:2 through real public COMMAND=opened",
    "wave 8: reward shop owner=host leave",
    "wave 9 turn 1: replay guest crossed cmd:9:1 through real public COMMAND=opened",
    "wave 9: host slot move=34 guest slot move=85",
    "wave 9 turn 1: progress enemyHp=[734:0/23,263:0/24] playerHp=[890:2065/2065,150:1723/1725]",
    "wave 9: reward shop owner=guest take-nonparty",
    "wave 10 turn 1: replay guest crossed cmd:10:1 through real public COMMAND=opened",
    "wave 10: host slot move=85 guest slot move=34",
    "wave 10 turn 1: progress enemyHp=[263:0/22,161:0/26] playerHp=[890:2058/2065,150:1723/1725]",
    "wave 10: biome market owner=host leave",
    "wave 10: drained 1 milestone reward continuation(s)",
    "wave 10: guest chose Crossroads Leave through public UI",
    "wave 10: guest drove World Map via public UI=true and both consumed 1828445171086910:1:BIOME_PICK:9700011",
    "wave 11 turn 1: replay guest crossed cmd:11:1 through real public COMMAND=opened",
    "wave 11: BIOME 1->2",
    "wave 11: host slot move=53 guest slot move=34",
    "wave 11 turn 1: progress enemyHp=[546:0/26,1:0/25] playerHp=[890:2065/2065,150:1725/1725]",
    "wave 11: reward shop owner=host take-nonparty",
    "wave 12 turn 1: replay guest crossed cmd:12:1 through real public COMMAND=opened",
    "wave 12: host slot move=247 guest slot move=85",
    "wave 12 turn 1: progress enemyHp=[548:0/27,543:0/25] playerHp=[890:2065/2065,150:1725/1725]",
    "wave 12: reward shop owner=guest take-nonparty",
    "wave 13 turn 1: replay guest crossed cmd:13:1 through real public COMMAND=opened",
    "wave 13 turn 1: host SWITCH -> party[2]",
    "wave 13: host slot move=34 guest slot move=53",
    "wave 13 turn 1: progress enemyHp=[548:27/27,420:0/27] playerHp=[493:1865/1865,150:1725/1725]",
    "wave 13 turn 2: replay guest crossed cmd:13:2 through real public COMMAND=opened",
    "wave 13: reward shop owner=host take-nonparty",
    "wave 14 turn 1: replay guest crossed cmd:14:1 through real public COMMAND=opened",
    "wave 14 turn 1: host SWITCH -> party[2]",
    "wave 14: host slot move=85 guest slot move=247",
    "wave 14 turn 1: progress enemyHp=[191:31/31,546:0/28] playerHp=[890:2065/2065,150:1725/1725]",
    "wave 14 turn 2: replay guest crossed cmd:14:2 through real public COMMAND=opened",
    "wave 14 turn 2: host SWITCH -> party[2]",
    "wave 14: reward shop owner=guest leave",
    "wave 15 turn 1: replay guest crossed cmd:15:1 through real public COMMAND=opened",
    "wave 15: host slot move=53 guest slot move=34",
    "wave 15 turn 1: progress enemyHp=[543:0/29,285:0/35] playerHp=[493:1865/1865,150:1725/1725]",
    "wave 15: reward shop owner=host leave",
    "wave 15: guest chose Crossroads Leave through public UI",
    "wave 15: guest drove World Map via public UI=true and both consumed 1828445171086910:1:BIOME_PICK:9700017",
    "wave 16 turn 1: replay guest crossed cmd:16:1 through real public COMMAND=opened",
    "wave 16: BIOME 2->3",
    "wave 16: host slot move=247 guest slot move=85",
    "wave 16 turn 1: progress enemyHp=[665:0/34,32:0/30] playerHp=[493:1865/1865,150:1725/1725]",
    "wave 16: reward shop owner=host take-nonparty",
    "wave 17 turn 1: replay guest crossed cmd:17:1 through real public COMMAND=opened",
    "wave 17: host slot move=34 guest slot move=53",
    "wave 17 turn 1: progress enemyHp=[32:0/32,303:0/39] playerHp=[493:1865/1865,150:1725/1725]",
    "wave 17: reward shop owner=guest leave",
    "wave 18 turn 1: replay guest crossed cmd:18:1 through real public COMMAND=opened",
    "wave 18: host slot move=85 guest slot move=247",
    "wave 18 turn 1: progress enemyHp=[753:0/33,919:31/31] playerHp=[493:1865/1865,150:1725/1725]",
    "wave 18 turn 2: replay guest crossed cmd:18:2 through real public COMMAND=opened",
    "wave 18 turn 2: guest SWITCH -> party[3]",
    "wave 18: reward shop owner=host take-nonparty",
    "wave 19 turn 1: replay guest crossed cmd:19:1 through real public COMMAND=opened",
    "wave 19: host slot move=53 guest slot move=34",
    "wave 19 turn 1: progress enemyHp=[624:0/36,665:0/36] playerHp=[493:1865/1865,384:1715/1715]",
    "wave 19: reward shop owner=guest leave",
    "wave 20 turn 1: replay guest crossed cmd:20:1 through real public COMMAND=opened",
    "wave 20: TRAINER (random)",
    "wave 20: host slot move=34 guest slot move=85",
    "wave 20 turn 1: progress enemyHp=[928:0/37,438:0/42] playerHp=[493:1865/1865,384:1715/1715]",
    "wave 20: biome market owner=host leave",
    "wave 20: drained 1 milestone reward continuation(s)",
    "wave 20: guest chose Crossroads Leave through public UI",
    "wave 20: guest drove World Map via public UI=true and both consumed 1828445171086910:1:BIOME_PICK:9700023",
    "wave 21 turn 1: replay guest crossed cmd:21:1 through real public COMMAND=opened",
    "wave 21: BIOME 3->5",
    "wave 21: host slot move=34 guest slot move=53",
    "wave 21 turn 1: progress enemyHp=[69:0/45,919:0/35] playerHp=[493:1865/1865,384:1715/1715]",
    "wave 21: reward shop owner=host take-nonparty",
    "wave 22 turn 1: replay guest crossed cmd:22:1 through real public COMMAND=opened",
    "wave 22: host slot move=85 guest slot move=247",
    "wave 22 turn 1: progress enemyHp=[919:35/35,919:37/37] playerHp=[493:1865/1865,384:1715/1715]",
    "wave 22 turn 2: replay guest crossed cmd:22:2 through real public COMMAND=opened",
    "wave 22: reward shop owner=guest leave",
    "wave 23 turn 1: replay guest crossed cmd:23:1 through real public COMMAND=opened",
    "wave 23: host slot move=53 guest slot move=34",
    "wave 23 turn 1: progress enemyHp=[216:0/42,315:0/42] playerHp=[493:1865/1865,384:1715/1715]",
    "wave 23: reward shop owner=host leave",
    "wave 24 turn 1: replay guest crossed cmd:24:1 through real public COMMAND=opened",
    "wave 24: host slot move=34 guest slot move=85",
    "wave 24 turn 1: progress enemyHp=[412:0/46,665:0/40] playerHp=[493:1865/1865,384:1715/1715]",
    "wave 24: reward shop owner=guest leave",
    "wave 25 turn 1: replay guest crossed cmd:25:1 through real public COMMAND=opened",
    "wave 25: TRAINER (fixed)",
    "wave 25: host slot move=34 guest slot move=34",
    "wave 25 turn 1: progress enemyHp=[256:0/56,520:0/60] playerHp=[493:1865/1865,384:1715/1715]",
    "wave 25 turn 2: replay guest crossed cmd:25:2 through real public COMMAND=opened",
    "wave 25: reward shop owner=host take-nonparty",
    "wave 25: guest chose Crossroads Leave through public UI",
    "wave 25: guest drove World Map via public UI=true and both consumed 1828445171086910:1:BIOME_PICK:9700029",
    "wave 26 turn 1: replay guest crossed cmd:26:1 through real public COMMAND=opened",
    "wave 26: BIOME 5->27",
    "wave 26 turn 1: host SWITCH -> party[2]",
    "wave 26: host slot move=85 guest slot move=85",
    "wave 26 turn 1: progress enemyHp=[674:57/57,190:0/55] playerHp=[890:2065/2065,384:1715/1715]",
    "wave 26 turn 2: replay guest crossed cmd:26:2 through real public COMMAND=opened",
    "wave 26 turn 2: host SWITCH -> party[2]",
    "wave 26 turn 2: guest SWITCH -> party[3]",
    "wave 26 turn 3: replay guest crossed cmd:26:3 through real public COMMAND=opened",
    "wave 26: reward shop owner=host leave",
    "wave 27 turn 1: replay guest crossed cmd:27:1 through real public COMMAND=opened",
    "wave 27: host slot move=53 guest slot move=34",
    "wave 27 turn 1: guest SWITCH -> party[3]",
    "wave 27 turn 1: progress enemyHp=[171:0/82,285:57/57] playerHp=[493:1865/1865,384:1714/1715]",
    "wave 27 turn 2: replay guest crossed cmd:27:2 through real public COMMAND=opened",
    "wave 27: reward shop owner=guest leave",
    "wave 27: drained 1 milestone reward continuation(s)",
    "wave 28 turn 1: replay guest crossed cmd:28:1 through real public COMMAND=opened",
    "wave 28: host slot move=247 guest slot move=85",
    "wave 28 turn 1: progress enemyHp=[285:0/60,285:0/57] playerHp=[493:1865/1865,384:1714/1715]",
    "wave 28: reward shop owner=host leave",
    "wave 29 turn 1: replay guest crossed cmd:29:1 through real public COMMAND=opened",
    "wave 29: host slot move=34 guest slot move=53",
    "wave 29 turn 1: guest SWITCH -> party[3]",
    "wave 29 turn 1: progress enemyHp=[674:0/65,168:61/61] playerHp=[493:1865/1865,150:1725/1725]",
    "wave 29 turn 2: replay guest crossed cmd:29:2 through real public COMMAND=opened",
    "wave 29: reward shop owner=guest leave",
    "wave 30 turn 1: replay guest crossed cmd:30:1 through real public COMMAND=opened",
    "wave 30: host slot move=85 guest slot move=247",
    "wave 30 turn 1: progress enemyHp=[667:0/71,123:0/72] playerHp=[493:1865/1865,150:1725/1725]",
    "wave 30: biome market owner=host leave",
    "wave 30: drained 1 milestone reward continuation(s)",
    "wave 30: guest chose Crossroads Leave through public UI",
    "wave 30: guest drove World Map via public UI=true and both consumed 1828445171086910:1:BIOME_PICK:9700035",
    "wave 31 turn 1: replay guest crossed cmd:31:1 through real public COMMAND=opened",
    "wave 31: BIOME 27->29",
    "wave 31: host slot move=53 guest slot move=53",
    "wave 31 turn 1: progress enemyHp=[104:0/56,92:0/48] playerHp=[493:1865/1865,150:1294/1725]",
    "wave 31: reward shop owner=host leave",
    "wave 32 turn 1: replay guest crossed cmd:32:1 through real public COMMAND=opened",
    "wave 32: host slot move=85 guest slot move=85",
    "wave 32 turn 1: progress enemyHp=[999:0/59,679:0/51] playerHp=[493:1865/1865,150:863/1725]",
    "wave 32: reward shop owner=guest leave",
    "wave 33 turn 1: replay guest crossed cmd:33:1 through real public COMMAND=opened",
    "wave 33: host slot move=34 guest slot move=53",
    "wave 33 turn 1: progress enemyHp=[343:0/58,451:0/62] playerHp=[493:1865/1865,150:432/1725]",
    "wave 33: reward shop owner=host take-nonparty",
    "wave 34 turn 1: replay guest crossed cmd:34:1 through real public COMMAND=opened",
    "wave 34: host slot move=85 guest slot move=85",
    "wave 34 turn 1: progress enemyHp=[999:0/67,355:0/47] playerHp=[493:1865/1865,150:1/1725]",
    "wave 34: reward shop owner=guest take-nonparty",
    "wave 35 turn 1: replay guest crossed cmd:35:1 through real public COMMAND=opened",
    "wave 35: TRAINER (fixed)",
    "wave 35: host slot move=34 guest slot move=34",
    "wave 35 turn 1: progress enemyHp=[694:0/62,453:0/64] playerHp=[493:1865/1865,150:1/1725]",
    "wave 35: reward shop owner=host leave",
    "wave 35: guest chose Crossroads Leave through public UI",
    "wave 35: guest drove World Map via public UI=true and both consumed 1828445171086910:1:BIOME_PICK:9700041",
    "wave 36 turn 1: replay guest crossed cmd:36:1 through real public COMMAND=opened",
    "wave 36: BIOME 29->14",
    "wave 36: host slot move=247 guest slot move=85",
    "wave 36 turn 1: progress enemyHp=[331:0/65,331:0/65] playerHp=[493:1749/1865,150:0/1725]",
    "wave 36: reward shop owner=host leave",
    "wave 36: drained 1 milestone reward continuation(s)",
    "wave 36: guest drove retained replacement party[3] through public PARTY UI",
    "wave 36: headless scheduler crossed retained pre-command presentation after replacement pass=1",
    "wave 37 turn 1: replay guest crossed cmd:37:1 through real public COMMAND=opened",
    "wave 37: host slot move=247 guest slot move=34",
    "wave 37 turn 1: progress enemyHp=[449:0/68,587:0/70] playerHp=[493:1633/1865,384:1604/1715]",
    "wave 37: reward shop owner=guest leave",
    "wave 37: drained 1 milestone reward continuation(s)",
    "wave 38 turn 1: replay guest crossed cmd:38:1 through real public COMMAND=opened",
    "wave 38: host slot move=85 guest slot move=53",
    "wave 38 turn 1: progress enemyHp=[331:63/63,451:0/72] playerHp=[493:1517/1865,384:1497/1715]",
    "wave 38 turn 2: replay guest crossed cmd:38:2 through real public COMMAND=opened",
    "wave 38: reward shop owner=host take-nonparty",
    "wave 39 turn 1: replay guest crossed cmd:39:1 through real public COMMAND=opened",
    "wave 39 turn 1: host SWITCH -> party[2]",
    "wave 39: host slot move=53 guest slot move=85",
    "wave 39 turn 1: progress enemyHp=[345:86/86,562:0/63] playerHp=[890:2061/2065,384:1283/1715]",
    "wave 39 turn 2: replay guest crossed cmd:39:2 through real public COMMAND=opened",
    "wave 39: reward shop owner=guest leave",
    "wave 39: drained 1 milestone reward continuation(s)",
    "wave 40 turn 1: replay guest crossed cmd:40:1 through real public COMMAND=opened",
    "wave 40: host slot move=247 guest slot move=85",
    "wave 40 turn 1: progress enemyHp=[331:0/76,563:0/80] playerHp=[890:2008/2065,384:1176/1715]",
    "wave 40: biome market owner=host leave",
    "wave 40: drained 1 milestone reward continuation(s)",
    "wave 40: guest chose Crossroads Leave through public UI",
    "wave 40: guest drove World Map via public UI=true and both consumed 1828445171086910:1:BIOME_PICK:9700047",
    "wave 41 turn 1: replay guest crossed cmd:41:1 through real public COMMAND=opened",
    "wave 41: BIOME 14->22",
    "wave 41: host slot move=34 guest slot move=53",
    "wave 41 turn 1: progress enemyHp=[201:0/76,63:0/57] playerHp=[890:2065/2065,384:1715/1715]",
    "wave 41: reward shop owner=host leave",
    "wave 42 turn 1: replay guest crossed cmd:42:1 through real public COMMAND=opened",
    "wave 42: host slot move=85 guest slot move=247",
    "wave 42 turn 1: progress enemyHp=[325:0/77,64:0/64] playerHp=[890:2065/2065,384:1715/1715]",
    "wave 42: reward shop owner=guest take-nonparty",
    "wave 43 turn 1: replay guest crossed cmd:43:1 through real public COMMAND=opened",
    "wave 43: host slot move=53 guest slot move=34",
    "wave 43 turn 1: progress enemyHp=[605:0/77,343:0/70] playerHp=[890:2065/2065,384:1715/1715]",
    "wave 43: reward shop owner=host leave",
    "wave 43: drained 1 milestone reward continuation(s)",
    "wave 44 turn 1: replay guest crossed cmd:44:1 through real public COMMAND=opened",
    "wave 44: host slot move=247 guest slot move=247",
    "wave 44 turn 1: progress enemyHp=[958:0/83,566:0/82] playerHp=[890:2065/2065,384:1715/1715]",
    "wave 44: reward shop owner=guest leave",
    "wave 44: drained 1 milestone reward continuation(s)",
    "wave 45 turn 1: replay guest crossed cmd:45:1 through real public COMMAND=opened",
    "wave 45: host slot move=34 guest slot move=34",
    "wave 45 turn 1: progress enemyHp=[122:0/73,343:0/72] playerHp=[890:2065/2065,384:1715/1715]",
    "wave 45: reward shop owner=host leave",
    "wave 45: guest chose Crossroads Leave through public UI",
    "wave 45: guest drove World Map via public UI=true and both consumed 1828445171086910:1:BIOME_PICK:9700053",
    "wave 46 turn 1: replay guest crossed cmd:46:1 through real public COMMAND=opened",
    "wave 46: BIOME 22->11",
    "wave 46: host slot move=85 guest slot move=53",
    "wave 46 turn 1: progress enemyHp=[219:0/80,277:82/82] playerHp=[890:2065/2065,384:1715/1715]",
    "wave 46 turn 2: replay guest crossed cmd:46:2 through real public COMMAND=opened",
    "wave 46: reward shop owner=host take-nonparty",
    "wave 47 turn 1: replay guest crossed cmd:47:1 through real public COMMAND=opened",
    "wave 47: host slot move=247 guest slot move=34",
    "wave 47 turn 1: progress enemyHp=[247:0/99,662:0/83] playerHp=[890:2065/2065,384:1715/1715]",
    "wave 47: reward shop owner=guest leave",
    "wave 48 turn 1: replay guest crossed cmd:48:1 through real public COMMAND=opened",
    "wave 48: host slot move=247 guest slot move=53",
    "wave 48 turn 1: progress enemyHp=[662:0/94,520:0/104] playerHp=[890:2065/2065,384:1711/1715]",
    "wave 48: reward shop owner=host leave",
    "wave 49 turn 1: replay guest crossed cmd:49:1 through real public COMMAND=opened",
    "wave 49: host slot move=53 guest slot move=85",
    "wave 49 turn 1: progress enemyHp=[333:0/85,397:0/84] playerHp=[890:2037/2065,384:1711/1715]",
    "wave 49: reward shop owner=guest leave",
    "wave 50 turn 1: replay guest crossed cmd:50:1 through real public COMMAND=opened",
    "wave 50: TRAINER (random)",
    "wave 50: host slot move=85 guest slot move=247",
    "wave 50 turn 1: progress enemyHp=[357:0/121,279:0/100] playerHp=[890:2065/2065,384:1701/1715]",
    "wave 50 turn 2: replay guest crossed cmd:50:2 through real public COMMAND=opened",
    "wave 50: biome market owner=host leave",
    "wave 50: drained 1 milestone reward continuation(s)",
    "wave 50: guest chose Crossroads Leave through public UI",
    "wave 50: guest drove World Map via public UI=true and both consumed 1828445171086910:1:BIOME_PICK:9700059",
    "wave 51 turn 1: replay guest crossed cmd:51:1 through real public COMMAND=opened",
    "wave 51: BIOME 11->18",
    "wave 51: host slot move=34 guest slot move=34",
    "wave 51 turn 1: guest SWITCH -> party[3]",
    "wave 51 turn 1: progress enemyHp=[5:0/94,262:96/96] playerHp=[890:2065/2065,150:1725/1725]",
    "wave 51 turn 2: replay guest crossed cmd:51:2 through real public COMMAND=opened",
    "wave 51 turn 2: host SWITCH -> party[2]",
    "wave 51: reward shop owner=host take-nonparty",
    "wave 52 turn 1: replay guest crossed cmd:52:1 through real public COMMAND=opened",
    "wave 52: host slot move=34 guest slot move=34",
    "wave 52 turn 1: progress enemyHp=[2051:0/82,467:0/111] playerHp=[493:1865/1865,150:1725/1725]",
    "wave 52: reward shop owner=guest leave",
    "wave 52: drained 1 milestone reward continuation(s)",
    "wave 53 turn 1: replay guest crossed cmd:53:1 through real public COMMAND=opened",
    "wave 53: host slot move=34 guest slot move=53",
    "wave 53 turn 1: progress enemyHp=[838:0/106,727:0/129] playerHp=[493:1865/1865,150:1725/1725]",
    "wave 53: reward shop owner=host leave",
    "wave 53: drained 1 milestone reward continuation(s)",
    "wave 54 turn 1: replay guest crossed cmd:54:1 through real public COMMAND=opened",
    "wave 54: host slot move=85 guest slot move=247",
    "wave 54 turn 1: progress enemyHp=[333:0/85,325:0/92] playerHp=[493:1865/1865,150:1725/1725]",
    "wave 54: reward shop owner=guest leave",
    "wave 55 turn 1: replay guest crossed cmd:55:1 through real public COMMAND=opened",
    "wave 55: TRAINER (fixed)",
    "wave 55: host slot move=53 guest slot move=34",
    "wave 55 turn 1: progress enemyHp=[257:0/133,521:0/135] playerHp=[493:1865/1865,150:1725/1725]",
    "wave 55 turn 2: replay guest crossed cmd:55:2 through real public COMMAND=opened",
    "wave 55 turn 3: replay guest crossed cmd:55:3 through real public COMMAND=opened",
    "wave 55 turn 3: guest SWITCH -> party[3]",
    "wave 55: reward shop owner=host leave",
    "wave 55: guest chose Crossroads Leave through public UI",
    "wave 55: guest drove World Map via public UI=true and both consumed 1828445171086910:1:BIOME_PICK:9700065",
    "wave 56 turn 1: replay guest crossed cmd:56:1 through real public COMMAND=opened",
    "wave 56: BIOME 18->8",
    "wave 56: host slot move=247 guest slot move=85",
    "wave 56 turn 1: progress enemyHp=[120:0/82,692:0/113] playerHp=[493:1860/1865,384:1715/1715]",
    "wave 56: reward shop owner=host leave",
    "wave 57 turn 1: replay guest crossed cmd:57:1 through real public COMMAND=opened",
    "wave 57: host slot move=34 guest slot move=53",
    "wave 57 turn 1: guest SWITCH -> party[3]",
    "wave 57 turn 1: progress enemyHp=[558:0/118,747:102/102] playerHp=[493:1860/1865,150:1725/1725]",
    "wave 57 turn 2: replay guest crossed cmd:57:2 through real public COMMAND=opened",
    "wave 57: reward shop owner=guest take-nonparty",
    "wave 58 turn 1: replay guest crossed cmd:58:1 through real public COMMAND=opened",
    "wave 58: host slot move=85 guest slot move=247",
    "wave 58 turn 1: progress enemyHp=[99:0/120,557:0/93] playerHp=[493:1860/1865,150:1725/1725]",
    "wave 58: reward shop owner=host take-nonparty",
    "wave 59 turn 1: replay guest crossed cmd:59:1 through real public COMMAND=opened",
    "wave 59: host slot move=53 guest slot move=53",
    "wave 59 turn 1: progress enemyHp=[692:0/121,413:107/107] playerHp=[493:1860/1865,150:1723/1725]",
    "wave 59 turn 2: replay guest crossed cmd:59:2 through real public COMMAND=opened",
    "wave 59 turn 2: host SWITCH -> party[2]",
    "wave 59: reward shop owner=guest take-nonparty",
    "wave 60 turn 1: replay guest crossed cmd:60:1 through real public COMMAND=opened",
    "wave 60: host slot move=247 guest slot move=85",
    "wave 60 turn 1: progress enemyHp=[121:0/117,121:0/130] playerHp=[890:2023/2065,150:1718/1725]",
    "wave 60: biome market owner=host leave",
    "wave 60: drained 1 milestone reward continuation(s)",
    "wave 60: guest chose Crossroads Leave through public UI",
    "wave 60: guest drove World Map via public UI=true and both consumed 1828445171086910:1:BIOME_PICK:9700071",
    "wave 61 turn 1: replay guest crossed cmd:61:1 through real public COMMAND=opened",
    "wave 61: BIOME 8->6",
    "wave 61: host slot move=34 guest slot move=53",
    "wave 61 turn 1: progress enemyHp=[117:0/109,516:0/160] playerHp=[890:2065/2065,150:1725/1725]",
    "wave 61: reward shop owner=host take-nonparty",
    "wave 62 turn 1: replay guest crossed cmd:62:1 through real public COMMAND=opened",
    "wave 62: TRAINER (fixed)",
    "wave 62: host slot move=85 guest slot move=247",
    "wave 62 turn 1: progress enemyHp=[510:0/121,663:0/133] playerHp=[890:2065/2065,150:1720/1725]",
    "wave 62 turn 2: replay guest crossed cmd:62:2 through real public COMMAND=opened",
    "wave 62: reward shop owner=guest leave",
    "wave 63 turn 1: replay guest crossed cmd:63:1 through real public COMMAND=opened",
    "wave 63: host slot move=53 guest slot move=34",
    "wave 63 turn 1: progress enemyHp=[73:0/132,963:0/121] playerHp=[890:2065/2065,150:1720/1725]",
    "wave 63: reward shop owner=host leave",
    "wave 64 turn 1: replay guest crossed cmd:64:1 through real public COMMAND=opened",
    "wave 64: TRAINER (fixed)",
    "wave 64: host slot move=247 guest slot move=85",
    "wave 64 turn 1: progress enemyHp=[687:0/146,454:0/143] playerHp=[890:2065/2065,150:1720/1725]",
    "wave 64 turn 2: replay guest crossed cmd:64:2 through real public COMMAND=opened",
    "wave 64: reward shop owner=guest take-nonparty",
    "wave 65 turn 1: replay guest crossed cmd:65:1 through real public COMMAND=opened",
    "wave 65: host slot move=34 guest slot move=53",
    "wave 65 turn 1: progress enemyHp=[395:0/138,687:0/137] playerHp=[890:2065/2065,150:1717/1725]",
    "wave 65: reward shop owner=host take-nonparty",
    "wave 66 turn 1: replay guest crossed cmd:66:1 through real public COMMAND=opened",
    "wave 66: TRAINER (fixed)",
    "wave 66: host slot move=53 guest slot move=247",
    "wave 66 turn 1: progress enemyHp=[695:0/129,707:0/153] playerHp=[890:2065/2065,150:1717/1725]",
    "wave 66 turn 2: replay guest crossed cmd:66:2 through real public COMMAND=opened",
    "wave 66 turn 2: host SWITCH -> party[2]",
    "wave 66 turn 3: replay guest crossed cmd:66:3 through real public COMMAND=opened",
    "wave 66 turn 3: host SWITCH -> party[2]",
    "wave 66 turn 4: replay guest crossed cmd:66:4 through real public COMMAND=opened",
    "wave 66: reward shop owner=guest take-nonparty",
    "wave 67 turn 1: replay guest crossed cmd:67:1 through real public COMMAND=opened",
    "wave 67 turn 1: host SWITCH -> party[2]",
    "wave 67: host slot move=53 guest slot move=34",
    "wave 67 turn 1: progress enemyHp=[73:132/132,687:0/155] playerHp=[493:1749/1865,150:1569/1725]",
    "wave 67 turn 2: replay guest crossed cmd:67:2 through real public COMMAND=opened",
    "wave 67 turn 2: host SWITCH -> party[2]",
    "wave 67: reward shop owner=host leave",
    "wave 68 turn 1: replay guest crossed cmd:68:1 through real public COMMAND=opened",
    "wave 68: host slot move=247 guest slot move=85",
    "wave 68 turn 1: progress enemyHp=[73:0/140,73:0/143] playerHp=[890:2065/2065,150:1355/1725]",
    "wave 68: reward shop owner=guest leave",
    "wave 69 turn 1: replay guest crossed cmd:69:1 through real public COMMAND=opened",
    "wave 69 turn 1: host SWITCH -> party[2]",
    "wave 69: host slot move=34 guest slot move=53",
    "wave 69 turn 1: progress enemyHp=[73:149/149,457:0/131] playerHp=[493:1749/1865,150:1245/1725]",
    "wave 69 turn 2: replay guest crossed cmd:69:2 through real public COMMAND=opened",
    "wave 69 turn 2: guest SWITCH -> party[3]",
    "wave 69: reward shop owner=host take-nonparty",
    "wave 70 turn 1: replay guest crossed cmd:70:1 through real public COMMAND=opened",
    "wave 70: host slot move=85 guest slot move=247",
    "wave 70 turn 1: progress enemyHp=[73:0/161,230:0/150] playerHp=[493:1633/1865,384:1715/1715]",
    "wave 70: biome market owner=guest leave",
    "wave 70: drained 1 milestone reward continuation(s)",
    "wave 70: host chose Crossroads Leave through public UI",
    "wave 70: host drove World Map via public UI=true and both consumed 1828445171086910:0:BIOME_PICK:9700082",
    "wave 71 turn 1: replay guest crossed cmd:71:1 through real public COMMAND=opened",
    "wave 71: BIOME 6->10",
    "wave 71: host slot move=247 guest slot move=34",
    "wave 71 turn 1: guest SWITCH -> party[3]",
    "wave 71 turn 1: progress enemyHp=[593:0/184,976:180/180] playerHp=[493:1865/1865,150:1721/1725]",
    "wave 71 turn 2: replay guest crossed cmd:71:2 through real public COMMAND=opened",
    "wave 71 turn 2: host SWITCH -> party[2]",
    "wave 71: reward shop owner=guest take-nonparty",
    "wave 72 turn 1: replay guest crossed cmd:72:1 through real public COMMAND=opened",
    "wave 72: host slot move=247 guest slot move=85",
    "wave 72 turn 1: progress enemyHp=[847:0/141,224:0/156] playerHp=[890:2065/2065,150:1717/1725]",
    "wave 72: reward shop owner=host leave",
    "wave 73 turn 1: replay guest crossed cmd:73:1 through real public COMMAND=opened",
    "wave 73: host slot move=34 guest slot move=53",
    "wave 73 turn 1: progress enemyHp=[370:0/126,171:0/208] playerHp=[890:2065/2065,150:1717/1725]",
    "wave 73: reward shop owner=guest leave",
    "wave 74 turn 1: replay guest crossed cmd:74:1 through real public COMMAND=opened",
    "wave 74: host slot move=85 guest slot move=247",
    "wave 74 turn 1: progress enemyHp=[904:0/166,10024:0/170] playerHp=[890:2065/2065,150:1713/1725]",
    "wave 74: reward shop owner=host leave",
    "wave 74: drained 1 milestone reward continuation(s)",
    "wave 75 turn 1: replay guest crossed cmd:75:1 through real public COMMAND=opened",
    "wave 75: host slot move=85 guest slot move=34",
    "wave 75 turn 1: progress enemyHp=[593:0/191,224:0/153] playerHp=[890:2065/2065,150:1713/1725]",
    "wave 75: reward shop owner=guest leave",
    "wave 75: host chose Crossroads Leave through public UI",
    "wave 75: host drove World Map via public UI=true and both consumed 1828445171086910:0:BIOME_PICK:9700088",
    "wave 76 turn 1: replay guest crossed cmd:76:1 through real public COMMAND=opened",
    "wave 76: BIOME 10->13",
    "wave 76: TRAINER (random)",
    "wave 76: host slot move=247 guest slot move=85",
    "wave 76 turn 1: progress enemyHp=[558:1/161,306:0/161] playerHp=[890:2065/2065,150:1269/1725]",
    "wave 76 turn 2: replay guest crossed cmd:76:2 through real public COMMAND=opened",
    "wave 76 turn 2: host SWITCH -> party[2]",
    "wave 76: reward shop owner=guest leave",
    "wave 77 turn 1: replay guest crossed cmd:77:1 through real public COMMAND=opened",
    "wave 77 turn 1: host SWITCH -> party[2]",
    "wave 77: host slot move=34 guest slot move=53",
    "wave 77 turn 1: progress enemyHp=[660:178/178,169:0/163] playerHp=[890:2065/2065,150:1248/1725]",
    "wave 77 turn 2: replay guest crossed cmd:77:2 through real public COMMAND=opened",
    "wave 77: reward shop owner=host leave",
    "wave 77: drained 1 milestone reward continuation(s)",
    "wave 78 turn 1: replay guest crossed cmd:78:1 through real public COMMAND=opened",
    "wave 78: host slot move=85 guest slot move=34",
    "wave 78 turn 1: progress enemyHp=[934:0/178,208:0/167] playerHp=[890:2065/2065,150:1248/1725]",
    "wave 78: reward shop owner=guest leave",
    "wave 78: drained 1 milestone reward continuation(s)",
    "wave 79 turn 1: replay guest crossed cmd:79:1 through real public COMMAND=opened",
    "wave 79: host slot move=34 guest slot move=53",
    "wave 79 turn 1: guest SWITCH -> party[3]",
    "wave 79 turn 1: progress enemyHp=[294:0/182,75:137/137] playerHp=[890:2065/2065,384:1715/1715]",
    "wave 79 turn 2: replay guest crossed cmd:79:2 through real public COMMAND=opened",
    "wave 79: reward shop owner=host leave",
    "wave 80 turn 1: replay guest crossed cmd:80:1 through real public COMMAND=opened",
    "wave 80: TRAINER (random)",
    "wave 80: host slot move=247 guest slot move=85",
    "wave 80 turn 1: progress enemyHp=[306:0/172,346:0/203] playerHp=[890:2065/2065,384:1715/1715]",
    "wave 80 turn 2: replay guest crossed cmd:80:2 through real public COMMAND=opened",
    "wave 80: biome market owner=guest leave",
    "wave 80: drained 1 milestone reward continuation(s)",
    "wave 80: host chose Crossroads Leave through public UI",
    "wave 80: host drove World Map via public UI=true and both consumed 1828445171086910:0:BIOME_PICK:9700094",
    "wave 81 turn 1: replay guest crossed cmd:81:1 through real public COMMAND=opened",
    "wave 81: BIOME 13->12",
    "wave 81: host slot move=247 guest slot move=53",
    "wave 81 turn 1: progress enemyHp=[105:0/167,323:0/177] playerHp=[890:2010/2065,384:1608/1715]",
    "wave 81: reward shop owner=guest leave",
    "wave 82 turn 1: replay guest crossed cmd:82:1 through real public COMMAND=opened",
    "wave 82: host slot move=34 guest slot move=53",
    "wave 82 turn 1: progress enemyHp=[95:1/169,1013:0/168] playerHp=[890:1697/2065,384:1501/1715]",
    "wave 82 turn 2: replay guest crossed cmd:82:2 through real public COMMAND=opened",
    "wave 82 turn 2: guest SWITCH -> party[3]",
    "wave 82: reward shop owner=host leave",
    "wave 83 turn 1: replay guest crossed cmd:83:1 through real public COMMAND=opened",
    "wave 83: host slot move=247 guest slot move=53",
    "wave 83 turn 1: guest SWITCH -> party[3]",
    "wave 83 turn 1: progress enemyHp=[50:0/102,750:220/220] playerHp=[890:1405/2065,384:1603/1715]",
    "wave 83 turn 2: replay guest crossed cmd:83:2 through real public COMMAND=opened",
    "wave 83: reward shop owner=guest leave",
    "wave 84 turn 1: replay guest crossed cmd:84:1 through real public COMMAND=opened",
    "wave 84: host slot move=34 guest slot move=53",
    "wave 84 turn 1: progress enemyHp=[75:40/157,75:1/152] playerHp=[890:1282/2065,384:1389/1715]",
    "wave 84 turn 2: replay guest crossed cmd:84:2 through real public COMMAND=opened",
    "wave 84: reward shop owner=host leave",
    "wave 85 turn 1: replay guest crossed cmd:85:1 through real public COMMAND=opened",
    "wave 85: host slot move=34 guest slot move=34",
    "wave 85 turn 1: progress enemyHp=[51:0/124,472:0/172] playerHp=[890:1229/2065,384:961/1715]",
    "wave 85: reward shop owner=guest leave",
    "wave 85: drained 1 milestone reward continuation(s)",
    "wave 85: host chose Crossroads Leave through public UI",
    "wave 85: host drove World Map via public UI=true and both consumed 1828445171086910:0:BIOME_PICK:9700100",
    "wave 86 turn 1: replay guest crossed cmd:86:1 through real public COMMAND=opened",
    "wave 86: BIOME 12->14",
    "wave 86: host slot move=85 guest slot move=34",
    "wave 86 turn 1: progress enemyHp=[561:0/183,85:0/187] playerHp=[890:1298/2065,384:961/1715]",
    "wave 86: reward shop owner=guest leave",
    "wave 86: drained 1 milestone reward continuation(s)",
    "wave 87 turn 1: replay guest crossed cmd:87:1 through real public COMMAND=opened",
    "wave 87: host slot move=53 guest slot move=34",
    "wave 87 turn 1: progress enemyHp=[346:0/203,695:0/173] playerHp=[890:1361/2065,384:961/1715]",
    "wave 87: reward shop owner=host leave",
    "wave 87: drained 1 milestone reward continuation(s)",
    "wave 88 turn 1: replay guest crossed cmd:88:1 through real public COMMAND=opened",
    "wave 88: host slot move=247 guest slot move=247",
    "wave 88 turn 1: progress enemyHp=[947:0/177,844:0/177] playerHp=[890:1303/2065,384:854/1715]",
    "wave 88: reward shop owner=guest take-nonparty",
    "wave 89 turn 1: replay guest crossed cmd:89:1 through real public COMMAND=opened",
    "wave 89 turn 1: host SWITCH -> party[2]",
    "wave 89: host slot move=34 guest slot move=247",
    "wave 89 turn 1: progress enemyHp=[450:214/214,452:0/172] playerHp=[493:1749/1865,384:723/1715]",
    "wave 89 turn 2: replay guest crossed cmd:89:2 through real public COMMAND=opened",
    "wave 89: reward shop owner=host leave",
    "wave 89: drained 1 milestone reward continuation(s)",
    "wave 90 turn 1: replay guest crossed cmd:90:1 through real public COMMAND=opened",
    "wave 90 turn 1: host SWITCH -> party[2]",
    "wave 90: host slot move=53 guest slot move=247",
    "wave 90 turn 1: progress enemyHp=[330:193/193,555:0/235] playerHp=[890:2033/2065,384:475/1715]",
    "wave 90 turn 2: replay guest crossed cmd:90:2 through real public COMMAND=opened",
    "wave 90 turn 2: host SWITCH -> party[2]",
    "wave 90: biome market owner=guest leave",
    "wave 90: drained 1 milestone reward continuation(s)",
    "wave 90: host chose Crossroads Leave through public UI",
    "wave 90: host drove World Map via public UI=true and both consumed 1828445171086910:0:BIOME_PICK:9700106",
    "wave 91 turn 1: replay guest crossed cmd:91:1 through real public COMMAND=opened",
    "wave 91: BIOME 14->22",
    "wave 91: host slot move=53 guest slot move=34",
    "wave 91 turn 1: progress enemyHp=[959:0/208,201:0/170] playerHp=[493:1865/1865,384:1715/1715]",
    "wave 91: reward shop owner=guest leave",
    "wave 92 turn 1: replay guest crossed cmd:92:1 through real public COMMAND=opened",
    "wave 92: host slot move=247 guest slot move=85",
    "wave 92 turn 1: progress enemyHp=[202:0/352,326:0/196] playerHp=[493:1513/1865,384:1715/1715]",
    "wave 92: reward shop owner=host leave",
    "wave 92: drained 1 milestone reward continuation(s)",
    "wave 93 turn 1: replay guest crossed cmd:93:1 through real public COMMAND=opened",
    "wave 93: host slot move=247 guest slot move=34",
    "wave 93 turn 1: progress enemyHp=[344:0/183,344:0/178] playerHp=[493:1513/1865,384:1715/1715]",
    "wave 93: reward shop owner=guest leave",
    "wave 94 turn 1: replay guest crossed cmd:94:1 through real public COMMAND=opened",
    "wave 94: host slot move=85 guest slot move=247",
    "wave 94 turn 1: progress enemyHp=[65:0/181,178:0/210] playerHp=[493:1513/1865,384:1715/1715]",
    "wave 94: reward shop owner=host take-nonparty",
    "wave 95 turn 1: replay guest crossed cmd:95:1 through real public COMMAND=opened",
    "wave 95: TRAINER (fixed)",
    "wave 95: host slot move=53 guest slot move=34",
    "wave 95 turn 1: progress enemyHp=[257:0/238,521:0/251] playerHp=[493:1513/1865,384:1715/1715]",
    "wave 95 turn 2: replay guest crossed cmd:95:2 through real public COMMAND=opened",
    "wave 95 turn 2: host SWITCH -> party[2]",
    "wave 95 turn 3: replay guest crossed cmd:95:3 through real public COMMAND=opened",
    "wave 95: reward shop owner=guest take-nonparty",
    "wave 95: host chose Crossroads Leave through public UI",
    "wave 95: host drove World Map via public UI=true and both consumed 1828445171086910:0:BIOME_PICK:9700112",
    "wave 96 turn 1: replay guest crossed cmd:96:1 through real public COMMAND=opened",
    "wave 96: BIOME 22->11",
    "wave 96 turn 1: host SWITCH -> party[2]",
    "wave 96: host slot move=247 guest slot move=34",
    "wave 96 turn 1: progress enemyHp=[526:214/214,18:0/200] playerHp=[493:1865/1865,384:1685/1715]",
    "wave 96 turn 2: replay guest crossed cmd:96:2 through real public COMMAND=opened",
    "wave 96: reward shop owner=guest leave",
    "wave 97 turn 1: replay guest crossed cmd:97:1 through real public COMMAND=opened",
    "wave 97: host slot move=85 guest slot move=53",
    "wave 97 turn 1: guest SWITCH -> party[3]",
    "wave 97 turn 1: progress enemyHp=[277:178/178,962:207/207] playerHp=[493:1865/1865,150:1725/1725]",
    "wave 97 turn 2: replay guest crossed cmd:97:2 through real public COMMAND=opened",
    "wave 97: reward shop owner=host take-nonparty",
    "wave 98 turn 1: replay guest crossed cmd:98:1 through real public COMMAND=opened",
    "wave 98: TRAINER (random)",
    "wave 98: host slot move=85 guest slot move=247",
    "wave 98 turn 1: progress enemyHp=[10703:0/248,815:0/207] playerHp=[493:1865/1865,150:1725/1725]",
    "wave 98 turn 2: replay guest crossed cmd:98:2 through real public COMMAND=opened",
    "wave 98 turn 3: replay guest crossed cmd:98:3 through real public COMMAND=opened",
    "wave 98 turn 3: host SWITCH -> party[2]",
    "wave 98 turn 4: replay guest crossed cmd:98:4 through real public COMMAND=opened",
    "wave 98: reward shop owner=guest take-nonparty",
    "wave 99 turn 1: replay guest crossed cmd:99:1 through real public COMMAND=opened",
    "wave 99: host slot move=53 guest slot move=34",
    "wave 99 turn 1: progress enemyHp=[334:0/201,956:0/244] playerHp=[890:1731/2065,150:1725/1725]",
    "wave 99: reward shop owner=host take-nonparty",
    "wave 100 turn 1: replay guest crossed cmd:100:1 through real public COMMAND=opened",
    "wave 100: host slot move=247 guest slot move=85",
    "wave 100 turn 1: progress enemyHp=[334:0/223,641:0/223] playerHp=[890:1658/2065,150:1725/1725]",
    "wave 100: biome market owner=guest leave",
    "wave 100: drained 1 milestone reward continuation(s)",
    "wave 100: host chose Crossroads Leave through public UI",
    "wave 100: host drove World Map via public UI=true and both consumed 1828445171086910:0:BIOME_PICK:9700118",
    "wave 101 turn 1: replay guest crossed cmd:101:1 through real public COMMAND=opened",
    "wave 101: BIOME 11->18",
    "wave 101: host slot move=247 guest slot move=53",
    "wave 101 turn 1: progress enemyHp=[38:0/220,776:0/190] playerHp=[890:2065/2065,150:1725/1725]",
    "wave 101: reward shop owner=guest leave",
    "wave 101: drained 1 milestone reward continuation(s)",
    "wave 102 turn 1: replay guest crossed cmd:102:1 through real public COMMAND=opened",
    "wave 102: host slot move=85 guest slot move=247",
    "wave 102 turn 1: progress enemyHp=[6059:0/227,776:0/200] playerHp=[890:2065/2065,150:1725/1725]",
    "wave 102: reward shop owner=host leave",
    "wave 102: drained 1 milestone reward continuation(s)",
    "wave 103 turn 1: replay guest crossed cmd:103:1 through real public COMMAND=opened",
    "wave 103: host slot move=53 guest slot move=34",
    "wave 103 turn 1: progress enemyHp=[500:0/262,78:0/238] playerHp=[890:2065/2065,150:1725/1725]",
    "wave 103: reward shop owner=guest leave",
    "wave 103: drained 1 milestone reward continuation(s)",
    "wave 104 turn 1: replay guest crossed cmd:104:1 through real public COMMAND=opened",
    "wave 104: host slot move=53 guest slot move=85",
    "wave 104 turn 1: progress enemyHp=[2050:0/121,839:0/262] playerHp=[890:2065/2065,150:1725/1725]",
    "wave 104: reward shop owner=host leave",
    "wave 105 turn 1: replay guest crossed cmd:105:1 through real public COMMAND=opened",
    "wave 105: host slot move=34 guest slot move=85",
    "wave 105 turn 1: progress enemyHp=[219:0/198,146:0/255] playerHp=[890:2065/2065,150:1725/1725]",
    "wave 105: reward shop owner=guest leave",
    "wave 105: drained 1 milestone reward continuation(s)",
    "wave 105: host chose Crossroads Leave through public UI",
    "wave 105: host drove World Map via public UI=true and both consumed 1828445171086910:0:BIOME_PICK:9700124",
    "wave 106 turn 1: replay guest crossed cmd:106:1 through real public COMMAND=opened",
    "wave 106: BIOME 18->8",
    "wave 106: host slot move=85 guest slot move=247",
    "wave 106 turn 1: guest SWITCH -> party[3]",
    "wave 106 turn 1: progress enemyHp=[99:0/234,748:229/229] playerHp=[890:2065/2065,384:1715/1715]",
    "wave 106 turn 2: replay guest crossed cmd:106:2 through real public COMMAND=opened",
    "wave 106: reward shop owner=guest take-nonparty",
    "wave 107 turn 1: replay guest crossed cmd:107:1 through real public COMMAND=opened",
    "wave 107: host slot move=53 guest slot move=34",
    "wave 107 turn 1: progress enemyHp=[99:0/242,99:0/234] playerHp=[890:2065/2065,384:1715/1715]",
    "wave 107: reward shop owner=host leave",
    "wave 108 turn 1: replay guest crossed cmd:108:1 through real public COMMAND=opened",
    "wave 108: host slot move=247 guest slot move=85",
    "wave 108 turn 1: progress enemyHp=[413:208/208,960:0/137] playerHp=[890:2065/2065,384:1712/1715]",
    "wave 108 turn 2: replay guest crossed cmd:108:2 through real public COMMAND=opened",
    "wave 108: reward shop owner=guest leave",
    "wave 109 turn 1: replay guest crossed cmd:109:1 through real public COMMAND=opened",
    "wave 109 turn 1: host SWITCH -> party[2]",
    "wave 109: host slot move=34 guest slot move=53",
    "wave 109 turn 1: progress enemyHp=[341:179/179,558:1/221] playerHp=[493:1865/1865,384:1706/1715]",
    "wave 109 turn 2: replay guest crossed cmd:109:2 through real public COMMAND=opened",
    "wave 109: reward shop owner=host leave",
    "wave 110 turn 1: replay guest crossed cmd:110:1 through real public COMMAND=opened",
    "wave 110: TRAINER (random)",
    "wave 110: host slot move=85 guest slot move=247",
    "wave 110 turn 1: progress enemyHp=[834:0/286,279:0/233] playerHp=[493:1865/1865,384:1706/1715]",
    "wave 110 turn 2: replay guest crossed cmd:110:2 through real public COMMAND=opened",
    "wave 110 turn 3: replay guest crossed cmd:110:3 through real public COMMAND=opened",
    "wave 110: biome market owner=guest leave",
    "wave 110: drained 1 milestone reward continuation(s)",
    "wave 110: host chose Crossroads Leave through public UI",
    "wave 110: host drove World Map via public UI=true and both consumed 1828445171086910:0:BIOME_PICK:9700130",
    "wave 111 turn 1: replay guest crossed cmd:111:1 through real public COMMAND=opened",
    "wave 111: BIOME 8->6",
    "wave 111: host slot move=53 guest slot move=34",
    "wave 111 turn 1: progress enemyHp=[456:0/197,565:0/247] playerHp=[493:1865/1865,384:1715/1715]",
    "wave 111: reward shop owner=guest take-nonparty",
    "wave 112 turn 1: replay guest crossed cmd:112:1 through real public COMMAND=opened",
    "wave 112: TRAINER (fixed)",
    "wave 112: host slot move=85 guest slot move=85",
    "wave 112 turn 1: progress enemyHp=[10034:0/302,510:0/245] playerHp=[493:1865/1865,384:1694/1715]",
    "wave 112 turn 2: replay guest crossed cmd:112:2 through real public COMMAND=opened",
    "wave 112 turn 3: replay guest crossed cmd:112:3 through real public COMMAND=opened",
    "wave 112: reward shop owner=host take-nonparty",
    "wave 113 turn 1: replay guest crossed cmd:113:1 through real public COMMAND=opened",
    "wave 113: host slot move=34 guest slot move=53",
    "wave 113 turn 1: progress enemyHp=[456:0/211,456:0/188] playerHp=[493:1865/1865,384:1694/1715]",
    "wave 113: reward shop owner=guest take-nonparty",
    "wave 114 turn 1: replay guest crossed cmd:114:1 through real public COMMAND=opened",
    "wave 114: TRAINER (fixed)",
    "wave 114: host slot move=85 guest slot move=247",
    "wave 114 turn 1: progress enemyHp=[545:0/299,707:0/293] playerHp=[493:1865/1865,384:1694/1715]",
    "wave 114 turn 2: replay guest crossed cmd:114:2 through real public COMMAND=opened",
    "wave 114 turn 3: replay guest crossed cmd:114:3 through real public COMMAND=opened",
    "wave 114: reward shop owner=host take-nonparty",
    "wave 115 turn 1: replay guest crossed cmd:115:1 through real public COMMAND=opened",
    "wave 115: TRAINER (fixed)",
    "wave 115: host slot move=53 guest slot move=34",
    "wave 115 turn 1: progress enemyHp=[620:0/260,430:0/339] playerHp=[493:1856/1865,384:1694/1715]",
    "wave 115 turn 2: replay guest crossed cmd:115:2 through real public COMMAND=opened",
    "wave 115 turn 2: guest SWITCH -> party[3]",
    "wave 115 turn 3: replay guest crossed cmd:115:3 through real public COMMAND=opened",
    "wave 115 turn 3: host SWITCH -> party[2]",
    "wave 115 turn 4: replay guest crossed cmd:115:4 through real public COMMAND=opened",
    "wave 115 turn 4: host SWITCH -> party[2]",
    "wave 115 turn 5: replay guest crossed cmd:115:5 through real public COMMAND=opened",
    "wave 115: reward shop owner=guest leave",
    "wave 115: host chose Crossroads Leave through public UI",
    "wave 115: host drove World Map via public UI=true and both consumed 1828445171086910:0:BIOME_PICK:9700136",
    "wave 116 turn 1: replay guest crossed cmd:116:1 through real public COMMAND=opened",
    "wave 116: BIOME 6->10",
    "wave 116: host slot move=247 guest slot move=85",
    "wave 116 turn 1: progress enemyHp=[904:0/268,793:0/303] playerHp=[493:1854/1865,150:1585/1725]",
    "wave 116: reward shop owner=guest leave",
    "wave 116: drained 1 milestone reward continuation(s)",
    "wave 117 turn 1: replay guest crossed cmd:117:1 through real public COMMAND=opened",
    "wave 117 turn 1: host SWITCH -> party[2]",
    "wave 117: host slot move=34 guest slot move=53",
    "wave 117 turn 1: guest SWITCH -> party[3]",
    "wave 117 turn 1: progress enemyHp=[224:248/248,976:294/294] playerHp=[890:2065/2065,384:1715/1715]",
    "wave 117 turn 2: replay guest crossed cmd:117:2 through real public COMMAND=opened",
    "wave 117: reward shop owner=host leave",
    "wave 118 turn 1: replay guest crossed cmd:118:1 through real public COMMAND=opened",
    "wave 118: host slot move=85 guest slot move=247",
    "wave 118 turn 1: progress enemyHp=[976:0/304,847:0/237] playerHp=[890:2065/2065,384:1715/1715]",
    "wave 118: reward shop owner=guest take-nonparty",
    "wave 119 turn 1: replay guest crossed cmd:119:1 through real public COMMAND=opened",
    "wave 119: host slot move=53 guest slot move=34",
    "wave 119 turn 1: progress enemyHp=[871:0/254,224:0/260] playerHp=[890:2065/2065,384:1715/1715]",
    "wave 119: reward shop owner=host leave",
    "wave 120 turn 1: replay guest crossed cmd:120:1 through real public COMMAND=opened",
    "wave 120: host slot move=85 guest slot move=85",
    "wave 120 turn 1: guest SWITCH -> party[3]",
    "wave 120 turn 1: progress enemyHp=[593:0/405,139:291/291] playerHp=[890:2010/2065,150:1725/1725]",
    "wave 120 turn 2: replay guest crossed cmd:120:2 through real public COMMAND=opened",
    "wave 120 turn 2: host SWITCH -> party[2]",
    "wave 120: biome market owner=guest leave",
    "wave 120: drained 1 milestone reward continuation(s)",
    "wave 120: host chose Crossroads Leave through public UI",
    "wave 120: host drove World Map via public UI=true and both consumed 1828445171086910:0:BIOME_PICK:9700142",
    "wave 121 turn 1: replay guest crossed cmd:121:1 through real public COMMAND=opened",
    "wave 121: BIOME 10->13",
    "wave 121: host slot move=247 guest slot move=53",
    "wave 121 turn 1: progress enemyHp=[95:1/260,526:0/289] playerHp=[493:1865/1865,150:1725/1725]",
    "wave 121 turn 2: replay guest crossed cmd:121:2 through real public COMMAND=opened",
    "wave 121: reward shop owner=guest take-nonparty",
    "wave 122 turn 1: replay guest crossed cmd:122:1 through real public COMMAND=opened",
    "wave 122 turn 1: host SWITCH -> party[2]",
    "wave 122: host slot move=85 guest slot move=247",
    "wave 122 turn 1: progress enemyHp=[598:269/269,476:0/243] playerHp=[890:2065/2065,150:1704/1725]",
    "wave 122 turn 2: replay guest crossed cmd:122:2 through real public COMMAND=opened",
    "wave 122: reward shop owner=host leave",
    "wave 122: drained 1 milestone reward continuation(s)",
    "wave 123 turn 1: replay guest crossed cmd:123:1 through real public COMMAND=opened",
    "wave 123: host slot move=53 guest slot move=85",
    "wave 123 turn 1: progress enemyHp=[169:274/274,47:0/280] playerHp=[890:1926/2065,150:1704/1725]",
    "wave 123 turn 2: replay guest crossed cmd:123:2 through real public COMMAND=opened",
    "wave 123: reward shop owner=guest take-nonparty",
    "wave 124 turn 1: replay guest crossed cmd:124:1 through real public COMMAND=opened",
    "wave 124: host slot move=247 guest slot move=53",
    "wave 124 turn 1: progress enemyHp=[528:0/264,295:0/377] playerHp=[890:1491/2065,150:1704/1725]",
    "wave 124: reward shop owner=host take-nonparty",
    "wave 125 turn 1: replay guest crossed cmd:125:1 through real public COMMAND=opened",
    "wave 125: host slot move=34 guest slot move=53",
    "wave 125 turn 1: guest SWITCH -> party[3]",
    "wave 125 turn 1: progress enemyHp=[169:0/314,715:298/298] playerHp=[890:1259/2065,384:1700/1715]",
    "wave 125 turn 2: replay guest crossed cmd:125:2 through real public COMMAND=opened",
    "wave 125: reward shop owner=guest leave",
    "wave 125: host chose Crossroads Leave through public UI",
    "wave 125: host drove World Map via public UI=true and both consumed 1828445171086910:0:BIOME_PICK:9700148",
    "wave 126 turn 1: replay guest crossed cmd:126:1 through real public COMMAND=opened",
    "wave 126: BIOME 13->12",
    "wave 126: host slot move=53 guest slot move=247",
    "wave 126 turn 1: progress enemyHp=[207:0/273,76:1/296] playerHp=[890:942/2065,384:1593/1715]",
    "wave 126 turn 2: replay guest crossed cmd:126:2 through real public COMMAND=opened",
    "wave 126 turn 2: guest SWITCH -> party[3]",
    "wave 126: reward shop owner=guest take-nonparty",
    "wave 127 turn 1: replay guest crossed cmd:127:1 through real public COMMAND=opened",
    "wave 127: TRAINER (random)",
    "wave 127: host slot move=53 guest slot move=34",
    "wave 127 turn 1: progress enemyHp=[464:0/403,526:0/338] playerHp=[890:721/2065,150:1419/1725]",
    "wave 127: reward shop owner=host take-nonparty",
    "wave 128 turn 1: replay guest crossed cmd:128:1 through real public COMMAND=opened",
    "wave 128: host slot move=53 guest slot move=53",
    "wave 128 turn 1: progress enemyHp=[112:0/333,76:1/311] playerHp=[890:612/2065,150:1267/1725]",
    "wave 128 turn 2: replay guest crossed cmd:128:2 through real public COMMAND=opened",
    "wave 128 turn 2: host SWITCH -> party[2]",
    "wave 128: reward shop owner=guest take-nonparty",
    "wave 129 turn 1: replay guest crossed cmd:129:1 through real public COMMAND=opened",
    "wave 129: host slot move=53 guest slot move=53",
    "wave 129 turn 1: progress enemyHp=[232:0/321,851:0/344] playerHp=[493:1633/1865,150:1053/1725]",
    "wave 129: reward shop owner=host take-nonparty",
    "wave 130 turn 1: replay guest crossed cmd:130:1 through real public COMMAND=opened",
    "wave 130: host slot move=53 guest slot move=247",
    "wave 130 turn 1: progress enemyHp=[1013:0/285,232:0/317] playerHp=[493:1633/1865,150:1053/1725]",
    "wave 130: biome market owner=guest leave",
    "wave 130: drained 1 milestone reward continuation(s)",
    "wave 130: host chose Crossroads Leave through public UI",
    "wave 130: host drove World Map via public UI=true and both consumed 1828445171086910:0:BIOME_PICK:9700154",
    "wave 131 turn 1: replay guest crossed cmd:131:1 through real public COMMAND=opened",
    "wave 131: BIOME 12->14",
    "wave 131: host slot move=34 guest slot move=247",
    "wave 131 turn 1: guest SWITCH -> party[3]",
    "wave 131 turn 1: progress enemyHp=[452:0/267,330:292/292] playerHp=[493:1730/1865,384:1584/1715]",
    "wave 131 turn 2: replay guest crossed cmd:131:2 through real public COMMAND=opened",
    "wave 131: reward shop owner=guest leave",
    "wave 131: drained 1 milestone reward continuation(s)",
    "wave 132 turn 1: replay guest crossed cmd:132:1 through real public COMMAND=opened",
    "wave 132: host slot move=34 guest slot move=53",
    "wave 132 turn 1: progress enemyHp=[28:0/318,947:0/281] playerHp=[493:1498/1865,384:1370/1715]",
    "wave 132: reward shop owner=host leave",
    "wave 132: drained 1 milestone reward continuation(s)",
    "wave 133 turn 1: replay guest crossed cmd:133:1 through real public COMMAND=opened",
    "wave 133: host slot move=34 guest slot move=53",
    "wave 133 turn 1: guest SWITCH -> party[3]",
    "wave 133 turn 1: progress enemyHp=[346:0/368,556:293/293] playerHp=[493:1382/1865,150:1618/1725]",
    "wave 133 turn 2: replay guest crossed cmd:133:2 through real public COMMAND=opened",
    "wave 133 turn 3: replay guest crossed cmd:133:3 through real public COMMAND=opened",
    "wave 133: reward shop owner=guest leave",
    "wave 133: drained 1 milestone reward continuation(s)",
    "wave 134 turn 1: replay guest crossed cmd:134:1 through real public COMMAND=opened",
    "wave 134: host slot move=85 guest slot move=247",
    "wave 134 turn 1: progress enemyHp=[947:0/291,947:0/268] playerHp=[493:1034/1865,150:1279/1725]",
    "wave 134: reward shop owner=host leave",
    "wave 135 turn 1: replay guest crossed cmd:135:1 through real public COMMAND=opened",
    "wave 135: host slot move=53 guest slot move=34",
    "wave 135 turn 1: guest SWITCH -> party[3]",
    "wave 135 turn 1: progress enemyHp=[561:0/296,695:251/267] playerHp=[493:877/1865,384:1581/1715]",
    "wave 135 turn 2: replay guest crossed cmd:135:2 through real public COMMAND=opened",
    "wave 135: reward shop owner=guest leave",
    "wave 135: drained 1 milestone reward continuation(s)",
    "wave 135: host chose Crossroads Leave through public UI",
    "wave 135: host drove World Map via public UI=true and both consumed 1828445171086910:0:BIOME_PICK:9700160",
    "wave 136 turn 1: replay guest crossed cmd:136:1 through real public COMMAND=opened",
    "wave 136: BIOME 14->22",
    "wave 136: host slot move=247 guest slot move=85",
    "wave 136 turn 1: progress enemyHp=[606:284/299,379:0/341] playerHp=[493:295/1865,384:999/1715]",
    "wave 136 turn 2: replay guest crossed cmd:136:2 through real public COMMAND=opened",
    "wave 136 turn 2: host SWITCH -> party[2]",
    "wave 136: reward shop owner=guest leave",
    "wave 136: drained 1 milestone reward continuation(s)",
    "wave 137 turn 1: replay guest crossed cmd:137:1 through real public COMMAND=opened",
    "wave 137: host slot move=53 guest slot move=53",
    "wave 137 turn 1: progress enemyHp=[344:0/302,178:0/343] playerHp=[890:2065/2065,384:999/1715]",
    "wave 137: reward shop owner=host take-nonparty",
    "wave 138 turn 1: replay guest crossed cmd:138:1 through real public COMMAND=opened",
    "wave 138: host slot move=85 guest slot move=53",
    "wave 138 turn 1: progress enemyHp=[65:0/279,201:0/286] playerHp=[890:2065/2065,384:999/1715]",
    "wave 138: reward shop owner=guest leave",
    "wave 139 turn 1: replay guest crossed cmd:139:1 through real public COMMAND=opened",
    "wave 139 turn 1: host SWITCH -> party[2]",
    "wave 139: host slot move=53 guest slot move=34",
    "wave 139 turn 1: progress enemyHp=[97:340/340,606:0/324] playerHp=[493:1865/1865,384:571/1715]",
    "wave 139 turn 2: replay guest crossed cmd:139:2 through real public COMMAND=opened",
    "wave 139: reward shop owner=host take-nonparty",
    "wave 140 turn 1: replay guest crossed cmd:140:1 through real public COMMAND=opened",
    "wave 140: TRAINER (random)",
    "wave 140: host slot move=247 guest slot move=85",
    "wave 140 turn 1: guest SWITCH -> party[3]",
    "wave 140 turn 1: progress enemyHp=[687:0/376,10204:284/284] playerHp=[493:1865/1865,150:1712/1725]",
    "wave 140 turn 2: replay guest crossed cmd:140:2 through real public COMMAND=opened",
    "wave 140 turn 3: replay guest crossed cmd:140:3 through real public COMMAND=opened",
    "wave 140 turn 3: guest SWITCH -> party[3]",
    "wave 140 turn 4: replay guest crossed cmd:140:4 through real public COMMAND=opened",
    "wave 140 turn 4: guest SWITCH -> party[3]",
    "wave 140 turn 5: replay guest crossed cmd:140:5 through real public COMMAND=opened",
    "wave 140: biome market owner=guest leave",
    "wave 140: drained 1 milestone reward continuation(s)",
    "wave 140: host chose Crossroads Leave through public UI",
    "wave 140: host drove World Map via public UI=true and both consumed 1828445171086910:0:BIOME_PICK:9700166",
    "wave 141 turn 1: replay guest crossed cmd:141:1 through real public COMMAND=opened",
    "wave 141: BIOME 22->11",
    "wave 141: host slot move=85 guest slot move=53",
    "wave 141 turn 1: progress enemyHp=[21:0/244,663:0/325] playerHp=[493:1865/1865,150:1725/1725]",
    "wave 141: reward shop owner=guest leave",
    "wave 142 turn 1: replay guest crossed cmd:142:1 through real public COMMAND=opened",
    "wave 142: host slot move=53 guest slot move=247",
    "wave 142 turn 1: progress enemyHp=[398:0/353,218:0/258] playerHp=[493:1865/1865,150:1725/1725]",
    "wave 142: reward shop owner=host take-nonparty",
    "wave 143 turn 1: replay guest crossed cmd:143:1 through real public COMMAND=opened",
    "wave 143: host slot move=53 guest slot move=34",
    "wave 143 turn 1: progress enemyHp=[962:0/316,398:0/341] playerHp=[493:1865/1865,150:1725/1725]",
    "wave 143: reward shop owner=guest take-nonparty",
    "wave 144 turn 1: replay guest crossed cmd:144:1 through real public COMMAND=opened",
    "wave 144 turn 1: host SWITCH -> party[2]",
    "wave 144: host slot move=247 guest slot move=53",
    "wave 144 turn 1: progress enemyHp=[962:310/310,21:0/237] playerHp=[890:2065/2065,150:1690/1725]",
    "wave 144 turn 2: replay guest crossed cmd:144:2 through real public COMMAND=opened",
    "wave 144 turn 2: host SWITCH -> party[2]",
    "wave 144: reward shop owner=host leave",
    "wave 145 turn 1: replay guest crossed cmd:145:1 through real public COMMAND=opened",
    "wave 145: TRAINER (fixed)",
    "wave 145 turn 1: host SWITCH -> party[2]",
    "wave 145: host slot move=34 guest slot move=34",
    "wave 145 turn 1: progress enemyHp=[257:418/418,521:0/430] playerHp=[890:2065/2065,150:1578/1725]",
    "wave 145 turn 2: replay guest crossed cmd:145:2 through real public COMMAND=opened",
    "wave 145 turn 2: host SWITCH -> party[2]",
    "wave 145 turn 3: replay guest crossed cmd:145:3 through real public COMMAND=opened",
    "wave 145 turn 4: replay guest crossed cmd:145:4 through real public COMMAND=opened",
    "wave 145 turn 5: replay guest crossed cmd:145:5 through real public COMMAND=opened",
    "wave 145 turn 5: guest SWITCH -> party[3]",
    "wave 145: reward shop owner=guest leave",
    "wave 145: drained 1 milestone reward continuation(s)",
    "wave 145: host chose Crossroads Leave through public UI",
    "wave 145: host drove World Map via public UI=true and both consumed 1828445171086910:0:BIOME_PICK:9700172",
    "wave 146 turn 1: replay guest crossed cmd:146:1 through real public COMMAND=opened",
    "wave 146: BIOME 11->18",
    "wave 146: host slot move=85 guest slot move=53",
    "wave 146 turn 1: progress enemyHp=[776:0/316,323:0/370] playerHp=[493:1838/1865,384:1715/1715]",
    "wave 146: reward shop owner=guest leave",
    "wave 147 turn 1: replay guest crossed cmd:147:1 through real public COMMAND=opened",
    "wave 147: host slot move=53 guest slot move=34",
    "wave 147 turn 1: progress enemyHp=[839:221/442,323:0/370] playerHp=[493:1838/1865,384:1685/1715]",
    "wave 147 turn 2: replay guest crossed cmd:147:2 through real public COMMAND=opened",
    "wave 147: reward shop owner=host leave",
    "wave 147: drained 1 milestone reward continuation(s)",
    "wave 148 turn 1: replay guest crossed cmd:148:1 through real public COMMAND=opened",
    "wave 148 turn 1: host SWITCH -> party[2]",
    "wave 148: host slot move=85 guest slot move=85",
    "wave 148 turn 1: progress enemyHp=[38:336/336,78:0/350] playerHp=[890:2065/2065,384:1685/1715]",
    "wave 148 turn 2: replay guest crossed cmd:148:2 through real public COMMAND=opened",
    "wave 148 turn 2: guest SWITCH -> party[3]",
    "wave 148: reward shop owner=guest take-nonparty",
    "wave 149 turn 1: replay guest crossed cmd:149:1 through real public COMMAND=opened",
    "wave 149: host slot move=34 guest slot move=34",
    "wave 149 turn 1: progress enemyHp=[631:0/386,323:0/380] playerHp=[890:2065/2065,150:1725/1725]",
    "wave 149: reward shop owner=host take-nonparty",
    "wave 150 turn 1: replay guest crossed cmd:150:1 through real public COMMAND=opened",
    "wave 150: host slot move=85 guest slot move=34",
    "wave 150 turn 1: progress enemyHp=[6:0/359,514:0/350] playerHp=[890:1930/2065,150:1725/1725]",
    "wave 150: biome market owner=guest leave",
    "wave 150: drained 1 milestone reward continuation(s)",
    "wave 150: host drove World Map via public UI=true and both consumed 1828445171086910:0:BIOME_PICK:9700178",
    "wave 151 turn 1: replay guest crossed cmd:151:1 through real public COMMAND=opened",
    "wave 151: BIOME 18->8",
    "wave 151: host slot move=53 guest slot move=34",
    "wave 151 turn 1: progress enemyHp=[748:352/352,91:1/301] playerHp=[890:2065/2065,150:1725/1725]",
    "wave 151 turn 2: replay guest crossed cmd:151:2 through real public COMMAND=opened",
    "wave 151: reward shop owner=guest take-nonparty",
    "wave 152 turn 1: replay guest crossed cmd:152:1 through real public COMMAND=opened",
    "wave 152: host slot move=247 guest slot move=85",
    "wave 152 turn 1: progress enemyHp=[692:351/351,689:0/331] playerHp=[890:1928/2065,150:1725/1725]",
    "wave 152 turn 2: replay guest crossed cmd:152:2 through real public COMMAND=opened",
    "wave 152: reward shop owner=host take-nonparty",
    "wave 153 turn 1: replay guest crossed cmd:153:1 through real public COMMAND=opened",
    "wave 153: host slot move=247 guest slot move=53",
    "wave 153 turn 1: progress enemyHp=[769:0/313,914:377/377] playerHp=[890:1820/2065,150:1725/1725]",
    "wave 153 turn 2: replay guest crossed cmd:153:2 through real public COMMAND=opened",
    "wave 153: reward shop owner=guest leave",
    "wave 154 turn 1: replay guest crossed cmd:154:1 through real public COMMAND=opened",
    "wave 154: host slot move=85 guest slot move=247",
    "wave 154 turn 1: progress enemyHp=[748:344/344,960:0/219] playerHp=[890:1820/2065,150:1725/1725]",
    "wave 154 turn 2: replay guest crossed cmd:154:2 through real public COMMAND=opened",
    "wave 154: reward shop owner=host leave",
    "wave 155 turn 1: replay guest crossed cmd:155:1 through real public COMMAND=opened",
    "wave 155: host slot move=53 guest slot move=34",
    "wave 155 turn 1: progress enemyHp=[692:0/351,558:1/348] playerHp=[890:1072/2065,150:1725/1725]",
    "wave 155 turn 2: replay guest crossed cmd:155:2 through real public COMMAND=opened",
    "wave 155: reward shop owner=guest take-nonparty",
    "wave 156 turn 1: replay guest crossed cmd:156:1 through real public COMMAND=opened",
    "wave 156: host slot move=247 guest slot move=85",
    "wave 156 turn 1: progress enemyHp=[341:0/292,558:0/346] playerHp=[890:975/2065,150:1725/1725]",
    "wave 156: reward shop owner=host take-nonparty",
    "wave 157 turn 1: replay guest crossed cmd:157:1 through real public COMMAND=opened",
    "wave 157: host slot move=34 guest slot move=53",
    "wave 157 turn 1: progress enemyHp=[558:0/362,99:0/359] playerHp=[890:856/2065,150:1725/1725]",
    "wave 157: reward shop owner=guest take-nonparty",
    "wave 158 turn 1: replay guest crossed cmd:158:1 through real public COMMAND=opened",
    "wave 158: host slot move=85 guest slot move=247",
    "wave 158 turn 1: progress enemyHp=[748:369/369,558:0/357] playerHp=[890:856/2065,150:1725/1725]",
    "wave 158 turn 2: replay guest crossed cmd:158:2 through real public COMMAND=opened",
    "wave 158 turn 2: host SWITCH -> party[2]",
    "wave 158: reward shop owner=host leave",
    "wave 159 turn 1: replay guest crossed cmd:159:1 through real public COMMAND=opened",
    "wave 159 turn 1: host SWITCH -> party[2]",
    "wave 159: host slot move=53 guest slot move=34",
    "wave 159 turn 1: progress enemyHp=[960:209/209,558:0/378] playerHp=[890:2065/2065,150:1717/1725]",
    "wave 159 turn 2: replay guest crossed cmd:159:2 through real public COMMAND=opened",
    "wave 159: reward shop owner=guest take-nonparty",
    "wave 160 turn 1: replay guest crossed cmd:160:1 through real public COMMAND=opened",
    "wave 160: host slot move=247 guest slot move=85",
    "wave 160 turn 1: progress enemyHp=[488:0/496,693:0/520] playerHp=[890:1892/2065,150:1709/1725]",
    "wave 160: biome market owner=host leave",
    "wave 160: drained 1 milestone reward continuation(s)",
    "wave 160: guest drove World Map via public UI=true and both consumed 1828445171086910:1:BIOME_PICK:9700189",
    "wave 161 turn 1: replay guest crossed cmd:161:1 through real public COMMAND=opened",
    "wave 161: host slot move=34 guest slot move=247",
    "wave 161 turn 1: progress enemyHp=[692:0/356,769:0/340] playerHp=[890:1948/2065,150:1725/1725]",
    "wave 161: reward shop owner=host take-nonparty",
    "wave 162 turn 1: replay guest crossed cmd:162:1 through real public COMMAND=opened",
    "wave 162: host slot move=34 guest slot move=247",
    "wave 162 turn 1: progress enemyHp=[413:353/353,558:1/373] playerHp=[890:1428/2065,150:1716/1725]",
    "wave 162 turn 2: replay guest crossed cmd:162:2 through real public COMMAND=opened",
    "wave 162: reward shop owner=guest leave",
    "wave 163 turn 1: replay guest crossed cmd:163:1 through real public COMMAND=opened",
    "wave 163: host slot move=53 guest slot move=34",
    "wave 163 turn 1: progress enemyHp=[748:372/372,914:0/422] playerHp=[890:1305/2065,150:1716/1725]",
    "wave 163 turn 2: replay guest crossed cmd:163:2 through real public COMMAND=opened",
    "wave 163: reward shop owner=host take-nonparty",
    "wave 164 turn 1: replay guest crossed cmd:164:1 through real public COMMAND=opened",
    "wave 164: TRAINER (fixed)",
    "wave 164: host slot move=247 guest slot move=85",
    "wave 164 turn 1: progress enemyHp=[952:0/398,10009:0/434] playerHp=[890:1052/2065,150:1716/1725]",
    "wave 164 turn 2: replay guest crossed cmd:164:2 through real public COMMAND=opened",
    "wave 164 turn 3: replay guest crossed cmd:164:3 through real public COMMAND=opened",
    "wave 164: reward shop owner=guest take-nonparty",
    "wave 165 turn 1: replay guest crossed cmd:165:1 through real public COMMAND=opened",
    "wave 165: TRAINER (fixed)",
    "wave 165: host slot move=85 guest slot move=53",
    "wave 165 turn 1: guest SWITCH -> party[3]",
    "wave 165 turn 1: progress enemyHp=[668:0/525,620:401/401] playerHp=[890:576/2065,384:1559/1715]",
    "wave 165 turn 2: replay guest crossed cmd:165:2 through real public COMMAND=opened",
    "wave 165 turn 2: host SWITCH -> party[2]",
    "wave 165 turn 3: replay guest crossed cmd:165:3 through real public COMMAND=opened",
    "wave 165 turn 4: replay guest crossed cmd:165:4 through real public COMMAND=opened",
    "wave 165: reward shop owner=host leave",
    "wave 165: drained 1 milestone reward continuation(s)",
    "wave 166 turn 1: replay guest crossed cmd:166:1 through real public COMMAND=opened",
    "wave 166: host slot move=85 guest slot move=247",
    "wave 166 turn 1: progress enemyHp=[121:0/333,748:0/394] playerHp=[493:1865/1865,384:1253/1715]",
    "wave 166: reward shop owner=guest take-nonparty",
    "wave 167 turn 1: replay guest crossed cmd:167:1 through real public COMMAND=opened",
    "wave 167: host slot move=53 guest slot move=34",
    "wave 167 turn 1: guest SWITCH -> party[3]",
    "wave 167 turn 1: progress enemyHp=[748:420/420,558:383/383] playerHp=[493:1865/1865,150:1136/1725]",
    "wave 167 turn 2: replay guest crossed cmd:167:2 through real public COMMAND=opened",
    "wave 167 turn 3: replay guest crossed cmd:167:3 through real public COMMAND=opened",
    "wave 167 turn 4: replay guest crossed cmd:167:4 through real public COMMAND=opened",
    "wave 167: reward shop owner=host leave",
    "wave 168 turn 1: replay guest crossed cmd:168:1 through real public COMMAND=opened",
    "wave 168: host slot move=247 guest slot move=85",
    "wave 168 turn 1: progress enemyHp=[341:0/300,689:0/400] playerHp=[493:1336/1865,150:490/1725]",
    "wave 168: reward shop owner=guest leave",
    "wave 169 turn 1: replay guest crossed cmd:169:1 through real public COMMAND=opened",
    "wave 169: host slot move=34 guest slot move=53",
    "wave 169 turn 1: progress enemyHp=[748:386/386,748:420/420] playerHp=[493:1103/1865,150:490/1725]",
    "wave 169 turn 2: replay guest crossed cmd:169:2 through real public COMMAND=opened",
    "wave 169: reward shop owner=host leave",
    "wave 170 turn 1: replay guest crossed cmd:170:1 through real public COMMAND=opened",
    "wave 170: TRAINER (random)",
    "wave 170: host slot move=85 guest slot move=247",
    "wave 170 turn 1: progress enemyHp=[321:0/713,604:0/479] playerHp=[493:404/1865,150:490/1725]",
    "wave 170 turn 2: replay guest crossed cmd:170:2 through real public COMMAND=opened",
    "wave 170 turn 3: replay guest crossed cmd:170:3 through real public COMMAND=opened",
    "wave 170: biome market owner=guest leave",
    "wave 170: drained 1 milestone reward continuation(s)",
    "wave 170: host drove World Map via public UI=true and both consumed 1828445171086910:0:BIOME_PICK:9700200",
    "wave 171 turn 1: replay guest crossed cmd:171:1 through real public COMMAND=opened",
    "wave 171: host slot move=53 guest slot move=34",
    "wave 171 turn 1: progress enemyHp=[99:0/440,692:0/394] playerHp=[493:1865/1865,150:1725/1725]",
    "wave 171: reward shop owner=guest leave",
    "wave 172 turn 1: replay guest crossed cmd:172:1 through real public COMMAND=opened",
    "wave 172 turn 1: host SWITCH -> party[2]",
    "wave 172: host slot move=247 guest slot move=85",
    "wave 172 turn 1: progress enemyHp=[689:397/397,960:0/233] playerHp=[890:2060/2065,150:1725/1725]",
    "wave 172 turn 2: replay guest crossed cmd:172:2 through real public COMMAND=opened",
    "wave 172: reward shop owner=host take-nonparty",
    "wave 173 turn 1: replay guest crossed cmd:173:1 through real public COMMAND=opened",
    "wave 173: host slot move=34 guest slot move=53",
    "wave 173 turn 1: guest SWITCH -> party[3]",
    "wave 173 turn 1: progress enemyHp=[748:400/400,689:422/422] playerHp=[890:1791/2065,384:1715/1715]",
    "wave 173 turn 2: replay guest crossed cmd:173:2 through real public COMMAND=opened",
    "wave 173: reward shop owner=guest leave",
    "wave 174 turn 1: replay guest crossed cmd:174:1 through real public COMMAND=opened",
    "wave 174: host slot move=85 guest slot move=247",
    "wave 174 turn 1: progress enemyHp=[558:1/416,121:0/396] playerHp=[890:1007/2065,384:1715/1715]",
    "wave 174 turn 2: replay guest crossed cmd:174:2 through real public COMMAND=opened",
    "wave 174: reward shop owner=host leave",
    "wave 175 turn 1: replay guest crossed cmd:175:1 through real public COMMAND=opened",
    "wave 175: host slot move=53 guest slot move=34",
    "wave 175 turn 1: progress enemyHp=[341:0/339,692:0/419] playerHp=[890:637/2065,384:1715/1715]",
    "wave 175: reward shop owner=guest leave",
    "wave 176 turn 1: replay guest crossed cmd:176:1 through real public COMMAND=opened",
    "wave 176: host slot move=247 guest slot move=85",
    "wave 176 turn 1: progress enemyHp=[99:0/437,99:0/449] playerHp=[890:364/2065,384:1705/1715]",
    "wave 176: reward shop owner=host leave",
    "wave 177 turn 1: replay guest crossed cmd:177:1 through real public COMMAND=opened",
    "wave 177: host slot move=34 guest slot move=53",
    "wave 177 turn 1: guest SWITCH -> party[3]",
    "wave 177 turn 1: progress enemyHp=[748:448/448,558:432/432] playerHp=[890:235/2065,150:1725/1725]",
    "wave 177 turn 2: replay guest crossed cmd:177:2 through real public COMMAND=opened",
    "wave 177 turn 3: replay guest crossed cmd:177:3 through real public COMMAND=opened",
    "wave 177: reward shop owner=guest take-nonparty",
    "wave 178 turn 1: replay guest crossed cmd:178:1 through real public COMMAND=opened",
    "wave 178: host slot move=247 guest slot move=247",
    "wave 178 turn 1: guest SWITCH -> party[3]",
    "wave 178 turn 1: progress enemyHp=[413:396/396,413:389/389] playerHp=[493:1865/1865,384:1706/1715]",
    "wave 178 turn 2: replay guest crossed cmd:178:2 through real public COMMAND=opened",
    "wave 178: reward shop owner=host leave",
    "wave 179 turn 1: replay guest crossed cmd:179:1 through real public COMMAND=opened",
    "wave 179: host slot move=53 guest slot move=53",
    "wave 179 turn 1: progress enemyHp=[748:445/445,413:378/378] playerHp=[493:1865/1865,384:1706/1715]",
    "wave 179 turn 2: replay guest crossed cmd:179:2 through real public COMMAND=opened",
    "wave 179: reward shop owner=guest take-nonparty",
    "wave 180 turn 1: replay guest crossed cmd:180:1 through real public COMMAND=opened",
    "wave 180: host slot move=247 guest slot move=85",
    "wave 180 turn 1: progress enemyHp=[99:0/516,914:0/551] playerHp=[493:1865/1865,384:1706/1715]",
    "wave 180: biome market owner=host leave",
    "wave 180: drained 1 milestone reward continuation(s)",
    "wave 180: guest drove World Map via public UI=true and both consumed 1828445171086910:1:BIOME_PICK:9700211",
    "wave 181 turn 1: replay guest crossed cmd:181:1 through real public COMMAND=opened",
    "wave 181: BIOME 8->6",
    "wave 181 turn 1: host SWITCH -> party[2]",
    "wave 181: host slot move=34 guest slot move=53",
    "wave 181 turn 1: guest SWITCH -> party[3]",
    "wave 181 turn 1: progress enemyHp=[62:460/460,72:324/324] playerHp=[890:2065/2065,150:1725/1725]",
    "wave 181 turn 2: replay guest crossed cmd:181:2 through real public COMMAND=opened",
    "wave 181: reward shop owner=host leave",
    "wave 182 turn 1: replay guest crossed cmd:182:1 through real public COMMAND=opened",
    "wave 182: TRAINER (fixed)",
    "wave 182: host slot move=85 guest slot move=85",
    "wave 182 turn 1: progress enemyHp=[262:0/497,862:0/561] playerHp=[890:1716/2065,150:1725/1725]",
    "wave 182 turn 2: replay guest crossed cmd:182:2 through real public COMMAND=opened",
    "wave 182 turn 3: replay guest crossed cmd:182:3 through real public COMMAND=opened",
    "wave 182 turn 3: guest SWITCH -> party[3]",
    "wave 182 turn 4: replay guest crossed cmd:182:4 through real public COMMAND=opened",
    "wave 182: reward shop owner=guest take-nonparty",
    "wave 183 turn 1: replay guest crossed cmd:183:1 through real public COMMAND=opened",
    "wave 183: host slot move=53 guest slot move=34",
    "wave 183 turn 1: progress enemyHp=[321:195/668,321:0/677] playerHp=[890:1017/2065,384:1639/1715]",
    "wave 183 turn 2: replay guest crossed cmd:183:2 through real public COMMAND=opened",
    "wave 183: reward shop owner=host leave",
    "wave 184 turn 1: replay guest crossed cmd:184:1 through real public COMMAND=opened",
    "wave 184: TRAINER (fixed)",
    "wave 184: host slot move=85 guest slot move=85",
    "wave 184 turn 1: progress enemyHp=[302:0/481,354:0/567] playerHp=[890:817/2065,384:1211/1715]",
    "wave 184 turn 2: replay guest crossed cmd:184:2 through real public COMMAND=opened",
    "wave 184 turn 3: replay guest crossed cmd:184:3 through real public COMMAND=opened",
    "wave 184 turn 4: replay guest crossed cmd:184:4 through real public COMMAND=opened"
  ]
}