url:      https://elite-redux-staging.pages.dev/
build:    github:c63c63468fec53b47a83804df980adb889535ff1:run-30719769287.1
ua:       Mozilla/5.0 (Windows NT 10.0; Win64; x64) AppleWebKit/537.36 (KHTML, like Gecko) Chrome/150.0.0.0 Safari/537.36
platform: Win32
screen:   1366x768 @1x  devmem:8 GB
boot:     boot-start@0ms -> loading-complete@27089ms -> title-shown@34020ms
lastSess: ok (reached title)
mode:     4  wave:180
seed:     MOzybypRtoHgYsYSQ6ISAzed
party:    Mewtwo(L174 751hp f1), Flagadoss(L174 568hp f1), Grotadmorv(L174 603hp f0), Rattatac(L174 429hp f0), Évoli(L174 464hp f1), Rapasdepic(L174 464hp f0)
enemy:    Dodrio(L174), Tauros(L174)

----- BUILD IDENTITY (JSON) -----
{"version":1,"id":"github:c63c63468fec53b47a83804df980adb889535ff1:run-30719769287.1","source":"github","sha":"c63c63468fec53b47a83804df980adb889535ff1","workflow":{"provider":"github-actions","runId":"30719769287","runAttempt":1,"workflow":"Deploy Staging","job":"deploy","repository":"Heraklines/elite-redux","ref":"feat/elite-redux-port"},"deployment":null}

----- CONSOLE -----
[22:29:22.682] LOG: %c %c %c %c %c Phaser v3.90.0 (WebGL | Web Audio) %c https://phaser.io/v390 background: #ff0000 background: #ffff00 background: #00ff00 background: #00ffff color: #ffffff; background: #000000 background: transparent
[22:29:23.819] LOG: [ER] build {"version":1,"id":"github:c63c63468fec53b47a83804df980adb889535ff1:run-30719769287.1","source":"github","sha":"c63c63468fec53b47a83804df980adb889535ff1","workflow":{"provider":"github-actions","runId":"30719769287","runAttempt":1,"workflow":"Deploy Staging","job":"deploy","repository":"Heraklines/elite-redux","ref":"feat/elite-redux-port"},"deployment":null}
[22:29:24.091] LOG: [dev-tools] loaded — 739 scenarios + Send Logs button
[22:29:46.684] DEBUG: Destroying loading scene
[22:29:46.684] DEBUG: Destroyed loading scene
[22:29:46.940] LOG: Seed: x2Pd7AceDWQiULl8JWUV0VWv
[22:29:46.940] LOG: Wave Seed: x2Pd7AceDWQiULl8JWUV0VWv 0
[22:29:52.244] LOG: %cStart Phase LoginPhase color:green;
[22:29:52.523] LOG: Client Session: SsXOOcHnonJLAOVinFxpbVJju2KLrlrC
[22:29:53.253] DEBUG: Using cached system data
[22:29:53.555] LOG: %cStart Phase TitlePhase color:green;
[22:29:53.558] LOG: [coop:lobby] start announce name=moulas protocol=p33
[22:29:53.559] LOG: Getting Session Slot id: %d 0
[22:29:53.602] LOG: use seasonal splash messages true
[22:29:54.697] LOG: [coop:lobby] poll players=0
[22:29:56.469] LOG: [coop:lobby] poll players=0
[22:29:58.247] LOG: [coop:lobby] poll players=0
[22:30:00.031] LOG: [coop:lobby] poll players=0
[22:30:01.806] LOG: [coop:lobby] poll players=0
[22:30:03.583] LOG: [coop:lobby] poll players=0
[22:30:03.943] LOG: Getting Session Slot id: %d 0
[22:30:05.297] LOG: Wave Seed: MOzybypRtoHgYsYSQ6ISAzed 0
[22:30:05.297] LOG: Seed: MOzybypRtoHgYsYSQ6ISAzed
[22:30:05.302] LOG: Wave Seed: ĀĂĭĬĕĬģąħĢûĚČĦČĆĄéüĆôĭĘė 179
[22:30:05.314] LOG: Applied Protéine 
[22:30:05.314] LOG: Applied PV Plus 
[22:30:05.314] LOG: Applied Zinc 
[22:30:05.314] LOG: Applied Fer 
[22:30:05.315] LOG: Applied Calcium 
[22:30:05.315] LOG: Applied Rosée Âme 
[22:30:05.315] LOG: Applied Rosée Âme 
[22:30:05.326] LOG: Applied Protéine 
[22:30:05.327] LOG: Applied PV Plus 
[22:30:05.327] LOG: Applied Zinc 
[22:30:05.327] LOG: Applied Fer 
[22:30:05.327] LOG: Applied Calcium 
[22:30:05.327] LOG: Applied Rosée Âme 
[22:30:05.327] LOG: Applied Rosée Âme 
[22:30:05.337] LOG: Applied Protéine 
[22:30:05.337] LOG: Applied PV Plus 
[22:30:05.337] LOG: Applied Zinc 
[22:30:05.337] LOG: Applied Fer 
[22:30:05.337] LOG: Applied Calcium 
[22:30:05.337] LOG: Applied Rosée Âme 
[22:30:05.337] LOG: Applied Rosée Âme 
[22:30:05.390] LOG: %cStart Phase EncounterPhase color:green;
[22:30:05.398] LOG: Pokemon: Linéon sauvage | Species ID: 264 | Level: 174 | Nature: Assuré (+Déf/-Atq)
[22:30:05.399] LOG: Stats (IVs): HP: 502 (27), Atk: 364 (30), Def: 248 (5), Spatk: 180 (1), Spdef: 225 (5), Spd: 438 (29)
[22:30:05.399] LOG: Ability: Elude | Passive Ability: Field Explorer 
[22:30:05.399] LOG: Moveset: ["Gigotage","Vitesse Extrême","Flair","Damoclès"]
[22:30:05.490] LOG: [coop:lobby] poll players=0
[22:30:06.411] LOG: Wave Seed: ĀĂĭĬĕĬģąħĢûĚČĦČĆĄéüĆôĭĘė 179
[22:30:06.857] LOG: %cStart Phase SummonPhase color:green;
[22:30:07.037] LOG: Applied Protéine 
[22:30:07.037] LOG: Applied PV Plus 
[22:30:07.037] LOG: Applied Zinc 
[22:30:07.037] LOG: Applied Fer 
[22:30:07.037] LOG: Applied Calcium 
[22:30:07.038] LOG: Applied Rosée Âme 
[22:30:07.038] LOG: Applied Rosée Âme 
[22:30:07.203] LOG: %cStart Phase CheckSwitchPhase color:green;
[22:30:07.265] LOG: [coop:lobby] poll players=0
[22:30:08.821] LOG: %cStart Phase ScanIvsPhase color:green;
[22:30:08.822] LOG: %cStart Phase InitEncounterPhase color:green;
[22:30:08.824] LOG: %cStart Phase PostSummonPhase color:green;
[22:30:08.824] LOG: Ran PSP for: Linéon
[22:30:08.828] LOG: %cStart Phase TurnInitPhase color:green;
[22:30:08.830] LOG: %cStart Phase CommandPhase color:green;
[22:30:09.045] LOG: [coop:lobby] poll players=0
[22:30:10.495] LOG: Move: DRAIN_PUNCH Move targets: {"targets":[2],"multiple":false} 
Player Pokemon: Méga-Mewtwo X
[22:30:10.500] LOG: %cStart Phase EnemyCommandPhase color:green;
[22:30:10.568] LOG: Battle Seed: 7xjopCdxuxfCCUUn
[22:30:10.579] WARN: BattlerTag IGNORE_GHOST is missing a score!
[22:30:10.598] WARN: BattlerTag IGNORE_GHOST is missing a score!
[22:30:10.604] LOG: Move Pool: ["Gigotage","Vitesse Extrême","Flair","Damoclès"]
[22:30:10.604] LOG: Move Scores: [6,24,0,28.5]
[22:30:10.604] LOG: Sorted Move Pool: ["Damoclès","Vitesse Extrême","Gigotage","Flair"]
[22:30:10.604] LOG: Chosen Move: Damoclès
[22:30:10.604] LOG: %cStart Phase TurnStartPhase color:green;
[22:30:10.617] LOG: %cStart Phase MovePhase color:green;
[22:30:10.617] LOG: %cUser: Linéon
Move: DOUBLE_EDGE
Use Mode: NORMAL color:orchid
[22:30:10.630] LOG: %cStart Phase MessagePhase color:green;
[22:30:10.704] LOG: %cStart Phase MoveEffectPhase color:green;
[22:30:10.722] LOG: crit stage: +0
[22:30:10.732] LOG: Move: Damoclès | Base damage: 127.48562962962964 | Power: 130 | Source attack: 364 | Target defense: 540
[22:30:10.739] LOG: Move: Damoclès | Attack damage: 185
[22:30:10.752] LOG: %cStart Phase DamageAnimPhase color:green;
[22:30:10.778] LOG: %cStart Phase DamageAnimPhase color:green;
[22:30:10.779] LOG: %cStart Phase MessagePhase color:green;
[22:30:10.928] LOG: [coop:lobby] poll players=0
[22:30:10.986] LOG: %cStart Phase MoveEndPhase color:green;
[22:30:10.987] LOG: %cStart Phase MovePhase color:green;
[22:30:10.987] LOG: %cUser: Méga-Mewtwo X
Move: DRAIN_PUNCH
Use Mode: NORMAL color:orchid
[22:30:10.999] LOG: %cStart Phase MessagePhase color:green;
[22:30:11.154] LOG: %cStart Phase MoveEffectPhase color:green;
[22:30:11.156] LOG: Applied Lentille Multi 
[22:30:11.164] LOG: Applied Loupe 
[22:30:11.168] LOG: crit stage: +1
[22:30:11.183] LOG: Move: Vampi-Poing | Base damage: 2949.7835483870963 | Power: 82.5 | Source attack: 6188 | Target defense: 248
[22:30:11.184] LOG: Applied Lentille Multi 
[22:30:11.190] LOG: Move: Vampi-Poing | Attack damage: 5547
[22:30:11.192] LOG: Applied Pièce Rune 
[22:30:11.195] LOG: Applied Poing Doré 
[22:30:11.198] LOG: Applied Roche Royale 
[22:30:11.204] LOG: Applied Grelot Coque 
[22:30:11.204] LOG: %cStart Phase ShowAbilityPhase color:green;
[22:30:11.379] LOG: %cStart Phase HideAbilityPhase color:green;
[22:30:11.425] LOG: %cStart Phase DamageAnimPhase color:green;
[22:30:11.457] LOG: %cStart Phase MessagePhase color:green;
[22:30:11.687] LOG: %cStart Phase PokemonHealPhase color:green;
[22:30:11.692] LOG: %cStart Phase MessagePhase color:green;
[22:30:11.937] LOG: %cStart Phase MessagePhase color:green;
[22:30:12.137] LOG: %cStart Phase PokemonHealPhase color:green;
[22:30:12.138] LOG: %cStart Phase MessagePhase color:green;
[22:30:12.403] LOG: %cStart Phase FaintPhase color:green;
[22:30:12.482] LOG: %cStart Phase MessagePhase color:green;
[22:30:12.697] LOG: [coop:lobby] poll players=0
[22:30:14.477] LOG: [coop:lobby] poll players=0
[22:30:16.260] LOG: [coop:lobby] poll players=0
[22:30:18.035] LOG: [coop:lobby] poll players=0
[22:30:19.817] LOG: [coop:lobby] poll players=0
[22:30:21.604] LOG: [coop:lobby] poll players=0
[22:30:23.377] LOG: [coop:lobby] poll players=0
[22:30:25.166] LOG: [coop:lobby] poll players=0
[22:30:26.959] LOG: [coop:lobby] poll players=0
[22:30:28.753] LOG: [coop:lobby] poll players=0
[22:30:30.553] LOG: [coop:lobby] poll players=0
[22:30:32.351] LOG: [coop:lobby] poll players=0
[22:30:34.144] LOG: [coop:lobby] poll players=0
[22:30:35.931] LOG: [coop:lobby] poll players=0
[22:30:37.708] LOG: [coop:lobby] poll players=0
[22:30:39.487] LOG: [coop:lobby] poll players=0
[22:30:41.275] LOG: [coop:lobby] poll players=0
[22:30:43.058] LOG: [coop:lobby] poll players=0
[22:30:44.845] LOG: [coop:lobby] poll players=0
[22:30:46.625] LOG: [coop:lobby] poll players=0
[22:30:48.407] LOG: [coop:lobby] poll players=0
[22:30:50.182] LOG: [coop:lobby] poll players=0
[22:30:51.970] LOG: [coop:lobby] poll players=0
[22:30:53.752] LOG: [coop:lobby] poll players=0
[22:30:55.530] LOG: [coop:lobby] poll players=0
[22:30:57.313] LOG: [coop:lobby] poll players=0
[22:30:59.114] LOG: [coop:lobby] poll players=0
[22:31:00.896] LOG: [coop:lobby] poll players=0
[22:31:02.706] LOG: [coop:lobby] poll players=0
[22:31:04.501] LOG: [coop:lobby] poll players=0
[22:31:06.283] LOG: [coop:lobby] poll players=0
[22:31:08.062] LOG: [coop:lobby] poll players=0
[22:31:09.836] LOG: [coop:lobby] poll players=0
[22:31:11.821] LOG: [coop:lobby] poll players=0
[22:31:13.606] LOG: [coop:lobby] poll players=0
[22:31:15.399] LOG: [coop:lobby] poll players=0
[22:31:17.195] LOG: [coop:lobby] poll players=0
[22:31:18.970] LOG: [coop:lobby] poll players=0
[22:31:20.757] LOG: [coop:lobby] poll players=0
[22:31:22.132] LOG: %cStart Phase VictoryPhase color:green;
[22:31:22.136] LOG: Applied Grelot Zen 
[22:31:22.141] LOG: %cStart Phase MoveEndPhase color:green;
[22:31:22.143] LOG: %cStart Phase CheckInterludePhase color:green;
[22:31:22.143] LOG: %cStart Phase WeatherEffectPhase color:green;
[22:31:22.144] LOG: %cStart Phase PositionalTagPhase color:green;
[22:31:22.144] LOG: %cStart Phase BerryPhase color:green;
[22:31:22.161] LOG: %cStart Phase CheckStatusEffectPhase color:green;
[22:31:22.162] LOG: %cStart Phase TurnEndPhase color:green;
[22:31:22.170] LOG: %cStart Phase BattleEndPhase color:green;
[22:31:22.171] LOG: Battle Score: 149 (1 Turns x1)
[22:31:22.171] LOG: Total Score: 61080
[22:31:22.186] LOG: Applied Protéine 
[22:31:22.187] LOG: Applied PV Plus 
[22:31:22.188] LOG: Applied Zinc 
[22:31:22.188] LOG: Applied Fer 
[22:31:22.188] LOG: Applied Calcium 
[22:31:22.189] LOG: Applied Rosée Âme 
[22:31:22.189] LOG: Applied Rosée Âme 
[22:31:22.257] LOG: %cStart Phase EggLapsePhase color:green;
[22:31:22.257] LOG: %cStart Phase SelectModifierPhase color:green;
[22:31:22.258] LOG: Wave Seed: ĀĂĭĬĕĬģąħĢûĚČĦČĆĄéüĆôĭĘė 179
[22:31:22.286] LOG: Applied Poké Ball Dorée 
[22:31:22.709] LOG: [coop:lobby] poll players=0
[22:31:22.761] LOG: Applied Protéine 
[22:31:22.761] LOG: Applied PV Plus 
[22:31:22.761] LOG: Applied Zinc 
[22:31:22.761] LOG: Applied Fer 
[22:31:22.761] LOG: Applied Calcium 
[22:31:22.762] LOG: Applied Rosée Âme 
[22:31:22.762] LOG: Applied Rosée Âme 
[22:31:22.851] LOG: %cStart Phase NewBattlePhase color:green;
[22:31:22.854] LOG: Wave Seed: āăĮĭĖĭĤĆĨģüěčħčćąêýćõĮęĘ 180
[22:31:22.918] LOG: Applied Parfum 
[22:31:22.921] LOG: %cStart Phase NextEncounterPhase color:green;
[22:31:22.927] LOG: Starting species pool tier: BOSS
[22:31:22.936] LOG: Applied Charme Talent 
[22:31:22.947] LOG: Applied Charme Chroma 
[22:31:22.981] LOG: Pokemon: Dodrio sauvage | Species ID: 85 | Level: 174 | Nature: Solo (+Atq/-Déf)
[22:31:22.982] LOG: Stats (IVs): HP: 549 (28), Atk: 485 (23), Def: 239 (8), Spatk: 250 (29), Spdef: 232 (18), Spd: 471 (25)
[22:31:22.982] LOG: Ability: Lunatique | Passive Ability: Multi-Headed | Boss Bars: 3
[22:31:22.982] LOG: Moveset: ["Rebond","Abime","Vantardise","Mania"]
[22:31:22.983] LOG: Starting species pool tier: BOSS_RARE
[22:31:22.994] LOG: Applied Charme Talent 
[22:31:22.998] LOG: Applied Charme Chroma 
[22:31:23.024] LOG: Pokemon: Tauros sauvage | Species ID: 8128 | Level: 174 | Nature: Calme (+DéfSp/-Atq)
[22:31:23.024] LOG: Stats (IVs): HP: 568 (28), Atk: 458 (24), Def: 405 (18), Spatk: 144 (19), Spdef: 325 (27), Spd: 391 (26)
[22:31:23.025] LOG: Ability: Colérique | Passive Ability: Tête de Roc | Boss Bars: 3
[22:31:23.025] LOG: Moveset: ["Taurogne","Grimace","Damoclès","Mania"]
[22:31:23.090] ERROR: [uncaught] Uncaught TypeError: Cannot read properties of undefined (reading 'sys') @ https://elite-redux-staging.pages.dev/assets/BBCodeText-DcVYRI-G.js:8:28332
[22:31:24.477] LOG: [coop:lobby] poll players=0
[22:31:26.255] LOG: [coop:lobby] poll players=0
[22:31:28.045] LOG: [coop:lobby] poll players=0
[22:31:29.821] LOG: [coop:lobby] poll players=0
[22:31:31.617] LOG: [coop:lobby] poll players=0

----- REPLAY TRACE (JSON) -----
{"version":2,"seed":"MOzybypRtoHgYsYSQ6ISAzed","gameModeId":4,"difficulty":"youngster","challenges":[],"roster":[{"id":4273951675,"player":true,"species":150,"formIndex":1,"abilityIndex":0,"passive":false,"shiny":false,"variant":0,"pokeball":0,"level":174,"exp":5696050,"levelExp":0,"gender":-1,"hp":751,"stats":[751,1768,540,138,577,511],"ivs":[30,30,28,28,29,31],"nature":3,"moveset":[{"moveId":5151,"ppUsed":3,"ppUp":3},{"moveId":409,"ppUsed":6,"ppUp":3},{"moveId":7,"ppUsed":6,"ppUp":1},{"moveId":5126,"ppUsed":13,"ppUp":3},{"moveId":309,"ppUsed":12,"ppUp":3}],"status":null,"friendship":255,"metLevel":5,"metBiome":-1,"metSpecies":150,"metWave":-1,"luck":2,"pauseEvolutions":false,"pokerus":true,"usedTMs":[612,5151,8,7],"teraType":13,"isTerastallized":false,"stellarTypesBoosted":[8,13,1],"fusionSpecies":null,"fusionShiny":false,"fusionVariant":0,"fusionLuck":0,"fusionTeraType":0,"boss":false,"bossSegments":0,"summonData":{"statStages":[5,0,0,0,0,0,0],"moveQueue":[],"tags":[],"abilitySuppressed":false,"abilitiesApplied":[5057,5112,5224],"erSuppressedInnateSlots":[false,false,false],"erTimedAbilitySuppressions":[],"erAbilityProvenance":[],"erImposterCopiedAttackBoost":false,"chuckusterReductionUsed":false,"forceAttackerOutUsed":false,"erCommandedUsedThisSwitchIn":false,"stats":[0,0,0,0,0,0],"types":[],"berriesEatenLast":[],"moveHistory":[{"move":309,"targets":[2],"result":1,"useMode":1},{"move":309,"targets":[2],"result":1,"useMode":1},{"move":5126,"targets":[2],"result":1,"useMode":1},{"move":5126,"targets":[2],"result":1,"useMode":1},{"move":5126,"targets":[2],"result":1,"useMode":1},{"move":5126,"targets":[2],"result":1,"useMode":1},{"move":409,"targets":[2],"result":1,"useMode":1}]},"battleData":{"hitCount":1,"hasEatenBerry":false,"berriesEaten":[],"anticipationDodgeUsed":false,"rudeAwakeningTriggered":false,"cowardProtectUsed":false,"lostItems":[]},"customPokemonData":{"spriteScale":-1,"ability":-1,"passive":5101,"passive2":-1,"passive3":5224,"nature":-1,"bonusMoveSlots":1,"abilityOverridesForm":true,"types":[],"hitsRecCount":null,"erBlackShiny":false,"erGiftAbilities":[],"erGiftIndex":0,"erShinyLabSuppressLocal":false,"erInnateShrineUnlocked":false,"erCursedStat":-1,"erLockedAbilitySlots":[],"erRunUnlockedAbilitySlots":[]},"fusionCustomPokemonData":{"spriteScale":-1,"ability":-1,"passive":-1,"passive2":-1,"passive3":-1,"nature":-1,"bonusMoveSlots":0,"abilityOverridesForm":false,"types":[],"hitsRecCount":null,"erBlackShiny":false,"erGiftAbilities":[],"erGiftIndex":0,"erShinyLabSuppressLocal":false,"erInnateShrineUnlocked":false,"erCursedStat":-1,"erLockedAbilitySlots":[],"erRunUnlockedAbilitySlots":[]},"mysteryEncounterPokemonData":null,"fusionMysteryEncounterPokemonData":null},{"id":832890361,"player":true,"species":80,"formIndex":1,"abilityIndex":1,"passive":false,"shiny":true,"variant":2,"pokeball":0,"level":174,"exp":5268024,"levelExp":0,"gender":0,"hp":568,"stats":[568,318,685,511,337,163],"ivs":[31,30,31,31,31,31],"nature":0,"moveset":[{"moveId":469,"ppUsed":0,"ppUp":0},{"moveId":300,"ppUsed":0,"ppUp":0},{"moveId":285,"ppUsed":0,"ppUp":0},{"moveId":730,"ppUsed":8,"ppUp":0}],"status":null,"friendship":185,"metLevel":5,"metBiome":-1,"metSpecies":79,"metWave":-1,"luck":3,"pauseEvolutions":false,"pokerus":true,"usedTMs":[469,285],"teraType":10,"isTerastallized":false,"stellarTypesBoosted":[],"fusionSpecies":null,"fusionShiny":false,"fusionVariant":0,"fusionLuck":3,"fusionTeraType":0,"boss":false,"bossSegments":0,"summonData":{"statStages":[0,0,0,0,0,0,0],"moveQueue":[],"tags":[],"abilitySuppressed":false,"abilitiesApplied":[],"erSuppressedInnateSlots":[false,false,false],"erTimedAbilitySuppressions":[],"erAbilityProvenance":[],"erImposterCopiedAttackBoost":false,"chuckusterReductionUsed":false,"forceAttackerOutUsed":false,"erCommandedUsedThisSwitchIn":false,"stats":[0,0,0,0,0,0],"types":[],"berriesEatenLast":[],"moveHistory":[]},"battleData":{"hitCount":0,"hasEatenBerry":false,"berriesEaten":[],"anticipationDodgeUsed":false,"rudeAwakeningTriggered":false,"cowardProtectUsed":false,"lostItems":[]},"customPokemonData":{"spriteScale":-1,"ability":109,"passive":-1,"passive2":-1,"passive3":-1,"nature":-1,"bonusMoveSlots":0,"abilityOverridesForm":true,"types":[],"hitsRecCount":null,"erBlackShiny":false,"erGiftAbilities":[],"erGiftIndex":0,"erShinyLabSuppressLocal":false,"erInnateShrineUnlocked":false,"erCursedStat":-1,"erLockedAbilitySlots":[],"erRunUnlockedAbilitySlots":[]},"fusionCustomPokemonData":{"spriteScale":-1,"ability":-1,"passive":-1,"passive2":-1,"passive3":-1,"nature":-1,"bonusMoveSlots":0,"abilityOverridesForm":false,"types":[],"hitsRecCount":null,"erBlackShiny":false,"erGiftAbilities":[],"erGiftIndex":0,"erShinyLabSuppressLocal":false,"erInnateShrineUnlocked":false,"erCursedStat":-1,"erLockedAbilitySlots":[],"erRunUnlockedAbilitySlots":[]},"mysteryEncounterPokemonData":null,"fusionMysteryEncounterPokemonData":null},{"id":1217689690,"player":true,"species":89,"formIndex":0,"abilityIndex":0,"passive":false,"shiny":true,"variant":2,"pokeball":0,"level":174,"exp":5268024,"levelExp":0,"gender":0,"hp":603,"stats":[603,493,319,285,406,232],"ivs":[31,31,31,31,31,31],"nature":0,"moveset":[{"moveId":469,"ppUsed":2,"ppUp":0},{"moveId":409,"ppUsed":0,"ppUp":0},{"moveId":114,"ppUsed":0,"ppUp":0},{"moveId":898,"ppUsed":3,"ppUp":0}],"status":null,"friendship":251,"metLevel":5,"metBiome":-1,"metSpecies":88,"metWave":-1,"luck":3,"pauseEvolutions":false,"pokerus":true,"usedTMs":[469,114],"teraType":3,"isTerastallized":false,"stellarTypesBoosted":[],"fusionSpecies":null,"fusionShiny":false,"fusionVariant":0,"fusionLuck":3,"fusionTeraType":0,"boss":false,"bossSegments":0,"summonData":{"statStages":[0,0,0,0,0,0,0],"moveQueue":[],"tags":[],"abilitySuppressed":false,"abilitiesApplied":[],"erSuppressedInnateSlots":[false,false,false],"erTimedAbilitySuppressions":[],"erAbilityProvenance":[],"erImposterCopiedAttackBoost":false,"chuckusterReductionUsed":false,"forceAttackerOutUsed":false,"erCommandedUsedThisSwitchIn":false,"stats":[0,0,0,0,0,0],"types":[],"berriesEatenLast":[],"moveHistory":[]},"battleData":{"hitCount":0,"hasEatenBerry":false,"berriesEaten":[],"anticipationDodgeUsed":false,"rudeAwakeningTriggered":false,"cowardProtectUsed":false,"lostItems":[]},"customPokemonData":{"spriteScale":-1,"ability":-1,"passive":-1,"passive2":-1,"passive3":-1,"nature":-1,"bonusMoveSlots":0,"abilityOverridesForm":false,"types":[],"hitsRecCount":null,"erBlackShiny":false,"erGiftAbilities":[],"erGiftIndex":0,"erShinyLabSuppressLocal":false,"erInnateShrineUnlocked":false,"erCursedStat":-1,"erLockedAbilitySlots":[],"erRunUnlockedAbilitySlots":[]},"fusionCustomPokemonData":{"spriteScale":-1,"ability":-1,"passive":-1,"passive2":-1,"passive3":-1,"nature":-1,"bonusMoveSlots":0,"abilityOverridesForm":false,"types":[],"hitsRecCount":null,"erBlackShiny":false,"erGiftAbilities":[],"erGiftIndex":0,"erShinyLabSuppressLocal":false,"erInnateShrineUnlocked":false,"erCursedStat":-1,"erLockedAbilitySlots":[],"erRunUnlockedAbilitySlots":[]},"mysteryEncounterPokemonData":null,"fusionMysteryEncounterPokemonData":null},{"id":423626747,"player":true,"species":20,"formIndex":0,"abilityIndex":2,"passive":false,"shiny":true,"variant":2,"pokeball":0,"level":174,"exp":5268024,"levelExp":0,"gender":0,"hp":429,"stats":[429,375,267,208,302,396],"ivs":[31,31,31,31,31,31],"nature":3,"moveset":[{"moveId":860,"ppUsed":2,"ppUp":0},{"moveId":706,"ppUsed":0,"ppUp":0},{"moveId":667,"ppUsed":0,"ppUp":0},{"moveId":245,"ppUsed":0,"ppUp":0}],"status":null,"friendship":146,"metLevel":5,"metBiome":-1,"metSpecies":19,"metWave":-1,"luck":5,"pauseEvolutions":true,"pokerus":true,"usedTMs":[],"teraType":0,"isTerastallized":false,"stellarTypesBoosted":[],"fusionSpecies":null,"fusionShiny":false,"fusionVariant":0,"fusionLuck":3,"fusionTeraType":0,"boss":false,"bossSegments":0,"summonData":{"statStages":[0,0,0,0,0,0,0],"moveQueue":[],"tags":[],"abilitySuppressed":false,"abilitiesApplied":[],"erSuppressedInnateSlots":[false,false,false],"erTimedAbilitySuppressions":[],"erAbilityProvenance":[],"erImposterCopiedAttackBoost":false,"chuckusterReductionUsed":false,"forceAttackerOutUsed":false,"erCommandedUsedThisSwitchIn":false,"stats":[0,0,0,0,0,0],"types":[],"berriesEatenLast":[],"moveHistory":[]},"battleData":{"hitCount":0,"hasEatenBerry":false,"berriesEaten":[],"anticipationDodgeUsed":false,"rudeAwakeningTriggered":false,"cowardProtectUsed":false,"lostItems":[]},"customPokemonData":{"spriteScale":-1,"ability":-1,"passive":-1,"passive2":-1,"passive3":-1,"nature":-1,"bonusMoveSlots":0,"abilityOverridesForm":false,"types":[],"hitsRecCount":null,"erBlackShiny":true,"erGiftAbilities":[144,5305,46],"erGiftIndex":1,"erShinyLabSuppressLocal":false,"erInnateShrineUnlocked":false,"erCursedStat":-1,"erLockedAbilitySlots":[],"erRunUnlockedAbilitySlots":[]},"fusionCustomPokemonData":{"spriteScale":-1,"ability":-1,"passive":-1,"passive2":-1,"passive3":-1,"nature":-1,"bonusMoveSlots":0,"abilityOverridesForm":false,"types":[],"hitsRecCount":null,"erBlackShiny":false,"erGiftAbilities":[],"erGiftIndex":0,"erShinyLabSuppressLocal":false,"erInnateShrineUnlocked":false,"erCursedStat":-1,"erLockedAbilitySlots":[],"erRunUnlockedAbilitySlots":[]},"mysteryEncounterPokemonData":null,"fusionMysteryEncounterPokemonData":null},{"id":818455194,"player":true,"species":133,"formIndex":1,"abilityIndex":2,"passive":false,"shiny":true,"variant":1,"pokeball":0,"level":174,"exp":5268024,"levelExp":0,"gender":0,"hp":464,"stats":[464,287,300,285,354,351],"ivs":[31,31,30,31,31,31],"nature":10,"moveset":[{"moveId":215,"ppUsed":0,"ppUp":0},{"moveId":736,"ppUsed":1,"ppUp":0},{"moveId":737,"ppUsed":0,"ppUp":0},{"moveId":729,"ppUsed":0,"ppUp":0}],"status":null,"friendship":143,"metLevel":5,"metBiome":-1,"metSpecies":133,"metWave":-1,"luck":2,"pauseEvolutions":true,"pokerus":true,"usedTMs":[],"teraType":0,"isTerastallized":false,"stellarTypesBoosted":[],"fusionSpecies":null,"fusionShiny":false,"fusionVariant":0,"fusionLuck":2,"fusionTeraType":0,"boss":false,"bossSegments":0,"summonData":{"statStages":[0,0,0,0,0,0,0],"moveQueue":[],"tags":[],"abilitySuppressed":false,"abilitiesApplied":[],"erSuppressedInnateSlots":[false,false,false],"erTimedAbilitySuppressions":[],"erAbilityProvenance":[],"erImposterCopiedAttackBoost":false,"chuckusterReductionUsed":false,"forceAttackerOutUsed":false,"erCommandedUsedThisSwitchIn":false,"stats":[0,0,0,0,0,0],"types":[],"berriesEatenLast":[],"moveHistory":[]},"battleData":{"hitCount":0,"hasEatenBerry":false,"berriesEaten":[],"anticipationDodgeUsed":false,"rudeAwakeningTriggered":false,"cowardProtectUsed":false,"lostItems":[]},"customPokemonData":{"spriteScale":-1,"ability":-1,"passive":-1,"passive2":-1,"passive3":-1,"nature":-1,"bonusMoveSlots":0,"abilityOverridesForm":false,"types":[],"hitsRecCount":null,"erBlackShiny":false,"erGiftAbilities":[],"erGiftIndex":0,"erShinyLabSuppressLocal":false,"erInnateShrineUnlocked":false,"erCursedStat":-1,"erLockedAbilitySlots":[],"erRunUnlockedAbilitySlots":[],"erOmniformMovesets":{"70012:0":[[321,0],[281,0],[5002,0],[387,0]],"70013:0":[[45,0],[84,0],[589,0],[98,0]],"70014:0":[[424,0],[172,0],[481,0],[129,0]],"70015:0":[[45,0],[589,0],[805,0],[98,0]],"70016:0":[[376,0],[226,0],[98,0],[129,0]],"70017:0":[[803,0],[589,0],[387,0],[45,0]],"70018:0":[[329,0],[387,0],[281,0],[98,0]],"70019:0":[[376,0],[777,0],[281,0],[45,0]],"70030:0":[[589,0],[321,0],[98,0],[355,0]],"70031:0":[[349,0],[387,0],[485,0],[129,0]],"70032:0":[[442,0],[281,0],[129,0],[387,0]]}},"fusionCustomPokemonData":{"spriteScale":-1,"ability":-1,"passive":-1,"passive2":-1,"passive3":-1,"nature":-1,"bonusMoveSlots":0,"abilityOverridesForm":false,"types":[],"hitsRecCount":null,"erBlackShiny":false,"erGiftAbilities":[],"erGiftIndex":0,"erShinyLabSuppressLocal":false,"erInnateShrineUnlocked":false,"erCursedStat":-1,"erLockedAbilitySlots":[],"erRunUnlockedAbilitySlots":[]},"mysteryEncounterPokemonData":null,"fusionMysteryEncounterPokemonData":null},{"id":4242380000,"player":true,"species":22,"formIndex":0,"abilityIndex":2,"passive":true,"shiny":true,"variant":2,"pokeball":0,"level":174,"exp":5268024,"levelExp":0,"gender":0,"hp":464,"stats":[464,486,319,243,306,406],"ivs":[31,31,31,31,31,31],"nature":3,"moveset":[{"moveId":14,"ppUsed":2,"ppUp":0},{"moveId":731,"ppUsed":3,"ppUp":0},{"moveId":887,"ppUsed":2,"ppUp":0},{"moveId":843,"ppUsed":0,"ppUp":0}],"status":null,"friendship":192,"metLevel":5,"metBiome":-1,"metSpecies":21,"metWave":-1,"luck":3,"pauseEvolutions":false,"pokerus":true,"usedTMs":[],"teraType":0,"isTerastallized":false,"stellarTypesBoosted":[],"fusionSpecies":null,"fusionShiny":false,"fusionVariant":0,"fusionLuck":3,"fusionTeraType":0,"boss":false,"bossSegments":0,"summonData":{"statStages":[0,0,0,0,0,0,0],"moveQueue":[],"tags":[],"abilitySuppressed":false,"abilitiesApplied":[],"erSuppressedInnateSlots":[false,false,false],"erTimedAbilitySuppressions":[],"erAbilityProvenance":[],"erImposterCopiedAttackBoost":false,"chuckusterReductionUsed":false,"forceAttackerOutUsed":false,"erCommandedUsedThisSwitchIn":false,"stats":[0,0,0,0,0,0],"types":[],"berriesEatenLast":[],"moveHistory":[]},"battleData":{"hitCount":0,"hasEatenBerry":false,"berriesEaten":[],"anticipationDodgeUsed":false,"rudeAwakeningTriggered":false,"cowardProtectUsed":false,"lostItems":[]},"customPokemonData":{"spriteScale":-1,"ability":-1,"passive":-1,"passive2":-1,"passive3":-1,"nature":-1,"bonusMoveSlots":0,"abilityOverridesForm":false,"types":[],"hitsRecCount":null,"erBlackShiny":false,"erGiftAbilities":[],"erGiftIndex":0,"erShinyLabSuppressLocal":false,"erInnateShrineUnlocked":false,"erCursedStat":-1,"erLockedAbilitySlots":[],"erRunUnlockedAbilitySlots":[]},"fusionCustomPokemonData":{"spriteScale":-1,"ability":-1,"passive":-1,"passive2":-1,"passive3":-1,"nature":-1,"bonusMoveSlots":0,"abilityOverridesForm":false,"types":[],"hitsRecCount":null,"erBlackShiny":false,"erGiftAbilities":[],"erGiftIndex":0,"erShinyLabSuppressLocal":false,"erInnateShrineUnlocked":false,"erCursedStat":-1,"erLockedAbilitySlots":[],"erRunUnlockedAbilitySlots":[]},"mysteryEncounterPokemonData":null,"fusionMysteryEncounterPokemonData":null}],"events":[{"type":"command","wave":179,"turn":1,"slotFieldIndex":0,"command":{"kind":"move","moveIndex":1,"target":2}},{"type":"interaction","seq":0,"kind":"reward","choice":0}],"endState":{"waveIndex":180,"money":436533,"party":[{"species":150,"level":174,"hp":751,"maxHp":751},{"species":80,"level":174,"hp":568,"maxHp":568},{"species":89,"level":174,"hp":603,"maxHp":603},{"species":20,"level":174,"hp":429,"maxHp":429},{"species":133,"level":174,"hp":464,"maxHp":464},{"species":22,"level":174,"hp":464,"maxHp":464}]},"checkpoint":{"wave":179,"seed":"MOzybypRtoHgYsYSQ6ISAzed","party":[{"id":4273951675,"player":true,"species":150,"formIndex":1,"abilityIndex":0,"passive":false,"shiny":false,"variant":0,"pokeball":0,"level":174,"exp":5696050,"levelExp":0,"gender":-1,"hp":751,"stats":[751,1768,540,138,577,511],"ivs":[30,30,28,28,29,31],"nature":3,"moveset":[{"moveId":5151,"ppUsed":3,"ppUp":3},{"moveId":409,"ppUsed":6,"ppUp":3},{"moveId":7,"ppUsed":6,"ppUp":1},{"moveId":5126,"ppUsed":13,"ppUp":3},{"moveId":309,"ppUsed":12,"ppUp":3}],"status":null,"friendship":255,"metLevel":5,"metBiome":-1,"metSpecies":150,"metWave":-1,"luck":2,"pauseEvolutions":false,"pokerus":true,"usedTMs":[612,5151,8,7],"teraType":13,"isTerastallized":false,"stellarTypesBoosted":[8,13,1],"fusionSpecies":null,"fusionShiny":false,"fusionVariant":0,"fusionLuck":0,"fusionTeraType":0,"boss":false,"bossSegments":0,"summonData":{"statStages":[5,0,0,0,0,0,0],"moveQueue":[],"tags":[],"abilitySuppressed":false,"abilitiesApplied":[5057,5112,5224],"erSuppressedInnateSlots":[false,false,false],"erTimedAbilitySuppressions":[],"erAbilityProvenance":[],"erImposterCopiedAttackBoost":false,"chuckusterReductionUsed":false,"forceAttackerOutUsed":false,"erCommandedUsedThisSwitchIn":false,"stats":[0,0,0,0,0,0],"types":[],"berriesEatenLast":[],"moveHistory":[{"move":309,"targets":[2],"result":1,"useMode":1},{"move":309,"targets":[2],"result":1,"useMode":1},{"move":5126,"targets":[2],"result":1,"useMode":1},{"move":5126,"targets":[2],"result":1,"useMode":1},{"move":5126,"targets":[2],"result":1,"useMode":1},{"move":5126,"targets":[2],"result":1,"useMode":1},{"move":409,"targets":[2],"result":1,"useMode":1}]},"battleData":{"hitCount":1,"hasEatenBerry":false,"berriesEaten":[],"anticipationDodgeUsed":false,"rudeAwakeningTriggered":false,"cowardProtectUsed":false,"lostItems":[]},"customPokemonData":{"spriteScale":-1,"ability":-1,"passive":5101,"passive2":-1,"passive3":5224,"nature":-1,"bonusMoveSlots":1,"abilityOverridesForm":true,"types":[],"hitsRecCount":null,"erBlackShiny":false,"erGiftAbilities":[],"erGiftIndex":0,"erShinyLabSuppressLocal":false,"erInnateShrineUnlocked":false,"erCursedStat":-1,"erLockedAbilitySlots":[],"erRunUnlockedAbilitySlots":[]},"fusionCustomPokemonData":{"spriteScale":-1,"ability":-1,"passive":-1,"passive2":-1,"passive3":-1,"nature":-1,"bonusMoveSlots":0,"abilityOverridesForm":false,"types":[],"hitsRecCount":null,"erBlackShiny":false,"erGiftAbilities":[],"erGiftIndex":0,"erShinyLabSuppressLocal":false,"erInnateShrineUnlocked":false,"erCursedStat":-1,"erLockedAbilitySlots":[],"erRunUnlockedAbilitySlots":[]},"mysteryEncounterPokemonData":null,"fusionMysteryEncounterPokemonData":null},{"id":832890361,"player":true,"species":80,"formIndex":1,"abilityIndex":1,"passive":false,"shiny":true,"variant":2,"pokeball":0,"level":174,"exp":5268024,"levelExp":0,"gender":0,"hp":568,"stats":[568,318,685,511,337,163],"ivs":[31,30,31,31,31,31],"nature":0,"moveset":[{"moveId":469,"ppUsed":0,"ppUp":0},{"moveId":300,"ppUsed":0,"ppUp":0},{"moveId":285,"ppUsed":0,"ppUp":0},{"moveId":730,"ppUsed":8,"ppUp":0}],"status":null,"friendship":185,"metLevel":5,"metBiome":-1,"metSpecies":79,"metWave":-1,"luck":3,"pauseEvolutions":false,"pokerus":true,"usedTMs":[469,285],"teraType":10,"isTerastallized":false,"stellarTypesBoosted":[],"fusionSpecies":null,"fusionShiny":false,"fusionVariant":0,"fusionLuck":3,"fusionTeraType":0,"boss":false,"bossSegments":0,"summonData":{"statStages":[0,0,0,0,0,0,0],"moveQueue":[],"tags":[],"abilitySuppressed":false,"abilitiesApplied":[],"erSuppressedInnateSlots":[false,false,false],"erTimedAbilitySuppressions":[],"erAbilityProvenance":[],"erImposterCopiedAttackBoost":false,"chuckusterReductionUsed":false,"forceAttackerOutUsed":false,"erCommandedUsedThisSwitchIn":false,"stats":[0,0,0,0,0,0],"types":[],"berriesEatenLast":[],"moveHistory":[]},"battleData":{"hitCount":0,"hasEatenBerry":false,"berriesEaten":[],"anticipationDodgeUsed":false,"rudeAwakeningTriggered":false,"cowardProtectUsed":false,"lostItems":[]},"customPokemonData":{"spriteScale":-1,"ability":109,"passive":-1,"passive2":-1,"passive3":-1,"nature":-1,"bonusMoveSlots":0,"abilityOverridesForm":true,"types":[],"hitsRecCount":null,"erBlackShiny":false,"erGiftAbilities":[],"erGiftIndex":0,"erShinyLabSuppressLocal":false,"erInnateShrineUnlocked":false,"erCursedStat":-1,"erLockedAbilitySlots":[],"erRunUnlockedAbilitySlots":[]},"fusionCustomPokemonData":{"spriteScale":-1,"ability":-1,"passive":-1,"passive2":-1,"passive3":-1,"nature":-1,"bonusMoveSlots":0,"abilityOverridesForm":false,"types":[],"hitsRecCount":null,"erBlackShiny":false,"erGiftAbilities":[],"erGiftIndex":0,"erShinyLabSuppressLocal":false,"erInnateShrineUnlocked":false,"erCursedStat":-1,"erLockedAbilitySlots":[],"erRunUnlockedAbilitySlots":[]},"mysteryEncounterPokemonData":null,"fusionMysteryEncounterPokemonData":null},{"id":1217689690,"player":true,"species":89,"formIndex":0,"abilityIndex":0,"passive":false,"shiny":true,"variant":2,"pokeball":0,"level":174,"exp":5268024,"levelExp":0,"gender":0,"hp":603,"stats":[603,493,319,285,406,232],"ivs":[31,31,31,31,31,31],"nature":0,"moveset":[{"moveId":469,"ppUsed":2,"ppUp":0},{"moveId":409,"ppUsed":0,"ppUp":0},{"moveId":114,"ppUsed":0,"ppUp":0},{"moveId":898,"ppUsed":3,"ppUp":0}],"status":null,"friendship":251,"metLevel":5,"metBiome":-1,"metSpecies":88,"metWave":-1,"luck":3,"pauseEvolutions":false,"pokerus":true,"usedTMs":[469,114],"teraType":3,"isTerastallized":false,"stellarTypesBoosted":[],"fusionSpecies":null,"fusionShiny":false,"fusionVariant":0,"fusionLuck":3,"fusionTeraType":0,"boss":false,"bossSegments":0,"summonData":{"statStages":[0,0,0,0,0,0,0],"moveQueue":[],"tags":[],"abilitySuppressed":false,"abilitiesApplied":[],"erSuppressedInnateSlots":[false,false,false],"erTimedAbilitySuppressions":[],"erAbilityProvenance":[],"erImposterCopiedAttackBoost":false,"chuckusterReductionUsed":false,"forceAttackerOutUsed":false,"erCommandedUsedThisSwitchIn":false,"stats":[0,0,0,0,0,0],"types":[],"berriesEatenLast":[],"moveHistory":[]},"battleData":{"hitCount":0,"hasEatenBerry":false,"berriesEaten":[],"anticipationDodgeUsed":false,"rudeAwakeningTriggered":false,"cowardProtectUsed":false,"lostItems":[]},"customPokemonData":{"spriteScale":-1,"ability":-1,"passive":-1,"passive2":-1,"passive3":-1,"nature":-1,"bonusMoveSlots":0,"abilityOverridesForm":false,"types":[],"hitsRecCount":null,"erBlackShiny":false,"erGiftAbilities":[],"erGiftIndex":0,"erShinyLabSuppressLocal":false,"erInnateShrineUnlocked":false,"erCursedStat":-1,"erLockedAbilitySlots":[],"erRunUnlockedAbilitySlots":[]},"fusionCustomPokemonData":{"spriteScale":-1,"ability":-1,"passive":-1,"passive2":-1,"passive3":-1,"nature":-1,"bonusMoveSlots":0,"abilityOverridesForm":false,"types":[],"hitsRecCount":null,"erBlackShiny":false,"erGiftAbilities":[],"erGiftIndex":0,"erShinyLabSuppressLocal":false,"erInnateShrineUnlocked":false,"erCursedStat":-1,"erLockedAbilitySlots":[],"erRunUnlockedAbilitySlots":[]},"mysteryEncounterPokemonData":null,"fusionMysteryEncounterPokemonData":null},{"id":423626747,"player":true,"species":20,"formIndex":0,"abilityIndex":2,"passive":false,"shiny":true,"variant":2,"pokeball":0,"level":174,"exp":5268024,"levelExp":0,"gender":0,"hp":429,"stats":[429,375,267,208,302,396],"ivs":[31,31,31,31,31,31],"nature":3,"moveset":[{"moveId":860,"ppUsed":2,"ppUp":0},{"moveId":706,"ppUsed":0,"ppUp":0},{"moveId":667,"ppUsed":0,"ppUp":0},{"moveId":245,"ppUsed":0,"ppUp":0}],"status":null,"friendship":146,"metLevel":5,"metBiome":-1,"metSpecies":19,"metWave":-1,"luck":5,"pauseEvolutions":true,"pokerus":true,"usedTMs":[],"teraType":0,"isTerastallized":false,"stellarTypesBoosted":[],"fusionSpecies":null,"fusionShiny":false,"fusionVariant":0,"fusionLuck":3,"fusionTeraType":0,"boss":false,"bossSegments":0,"summonData":{"statStages":[0,0,0,0,0,0,0],"moveQueue":[],"tags":[],"abilitySuppressed":false,"abilitiesApplied":[],"erSuppressedInnateSlots":[false,false,false],"erTimedAbilitySuppressions":[],"erAbilityProvenance":[],"erImposterCopiedAttackBoost":false,"chuckusterReductionUsed":false,"forceAttackerOutUsed":false,"erCommandedUsedThisSwitchIn":false,"stats":[0,0,0,0,0,0],"types":[],"berriesEatenLast":[],"moveHistory":[]},"battleData":{"hitCount":0,"hasEatenBerry":false,"berriesEaten":[],"anticipationDodgeUsed":false,"rudeAwakeningTriggered":false,"cowardProtectUsed":false,"lostItems":[]},"customPokemonData":{"spriteScale":-1,"ability":-1,"passive":-1,"passive2":-1,"passive3":-1,"nature":-1,"bonusMoveSlots":0,"abilityOverridesForm":false,"types":[],"hitsRecCount":null,"erBlackShiny":true,"erGiftAbilities":[144,5305,46],"erGiftIndex":1,"erShinyLabSuppressLocal":false,"erInnateShrineUnlocked":false,"erCursedStat":-1,"erLockedAbilitySlots":[],"erRunUnlockedAbilitySlots":[]},"fusionCustomPokemonData":{"spriteScale":-1,"ability":-1,"passive":-1,"passive2":-1,"passive3":-1,"nature":-1,"bonusMoveSlots":0,"abilityOverridesForm":false,"types":[],"hitsRecCount":null,"erBlackShiny":false,"erGiftAbilities":[],"erGiftIndex":0,"erShinyLabSuppressLocal":false,"erInnateShrineUnlocked":false,"erCursedStat":-1,"erLockedAbilitySlots":[],"erRunUnlockedAbilitySlots":[]},"mysteryEncounterPokemonData":null,"fusionMysteryEncounterPokemonData":null},{"id":818455194,"player":true,"species":133,"formIndex":1,"abilityIndex":2,"passive":false,"shiny":true,"variant":1,"pokeball":0,"level":174,"exp":5268024,"levelExp":0,"gender":0,"hp":464,"stats":[464,287,300,285,354,351],"ivs":[31,31,30,31,31,31],"nature":10,"moveset":[{"moveId":215,"ppUsed":0,"ppUp":0},{"moveId":736,"ppUsed":1,"ppUp":0},{"moveId":737,"ppUsed":0,"ppUp":0},{"moveId":729,"ppUsed":0,"ppUp":0}],"status":null,"friendship":143,"metLevel":5,"metBiome":-1,"metSpecies":133,"metWave":-1,"luck":2,"pauseEvolutions":true,"pokerus":true,"usedTMs":[],"teraType":0,"isTerastallized":false,"stellarTypesBoosted":[],"fusionSpecies":null,"fusionShiny":false,"fusionVariant":0,"fusionLuck":2,"fusionTeraType":0,"boss":false,"bossSegments":0,"summonData":{"statStages":[0,0,0,0,0,0,0],"moveQueue":[],"tags":[],"abilitySuppressed":false,"abilitiesApplied":[],"erSuppressedInnateSlots":[false,false,false],"erTimedAbilitySuppressions":[],"erAbilityProvenance":[],"erImposterCopiedAttackBoost":false,"chuckusterReductionUsed":false,"forceAttackerOutUsed":false,"erCommandedUsedThisSwitchIn":false,"stats":[0,0,0,0,0,0],"types":[],"berriesEatenLast":[],"moveHistory":[]},"battleData":{"hitCount":0,"hasEatenBerry":false,"berriesEaten":[],"anticipationDodgeUsed":false,"rudeAwakeningTriggered":false,"cowardProtectUsed":false,"lostItems":[]},"customPokemonData":{"spriteScale":-1,"ability":-1,"passive":-1,"passive2":-1,"passive3":-1,"nature":-1,"bonusMoveSlots":0,"abilityOverridesForm":false,"types":[],"hitsRecCount":null,"erBlackShiny":false,"erGiftAbilities":[],"erGiftIndex":0,"erShinyLabSuppressLocal":false,"erInnateShrineUnlocked":false,"erCursedStat":-1,"erLockedAbilitySlots":[],"erRunUnlockedAbilitySlots":[],"erOmniformMovesets":{"70012:0":[[321,0],[281,0],[5002,0],[387,0]],"70013:0":[[45,0],[84,0],[589,0],[98,0]],"70014:0":[[424,0],[172,0],[481,0],[129,0]],"70015:0":[[45,0],[589,0],[805,0],[98,0]],"70016:0":[[376,0],[226,0],[98,0],[129,0]],"70017:0":[[803,0],[589,0],[387,0],[45,0]],"70018:0":[[329,0],[387,0],[281,0],[98,0]],"70019:0":[[376,0],[777,0],[281,0],[45,0]],"70030:0":[[589,0],[321,0],[98,0],[355,0]],"70031:0":[[349,0],[387,0],[485,0],[129,0]],"70032:0":[[442,0],[281,0],[129,0],[387,0]]}},"fusionCustomPokemonData":{"spriteScale":-1,"ability":-1,"passive":-1,"passive2":-1,"passive3":-1,"nature":-1,"bonusMoveSlots":0,"abilityOverridesForm":false,"types":[],"hitsRecCount":null,"erBlackShiny":false,"erGiftAbilities":[],"erGiftIndex":0,"erShinyLabSuppressLocal":false,"erInnateShrineUnlocked":false,"erCursedStat":-1,"erLockedAbilitySlots":[],"erRunUnlockedAbilitySlots":[]},"mysteryEncounterPokemonData":null,"fusionMysteryEncounterPokemonData":null},{"id":4242380000,"player":true,"species":22,"formIndex":0,"abilityIndex":2,"passive":true,"shiny":true,"variant":2,"pokeball":0,"level":174,"exp":5268024,"levelExp":0,"gender":0,"hp":464,"stats":[464,486,319,243,306,406],"ivs":[31,31,31,31,31,31],"nature":3,"moveset":[{"moveId":14,"ppUsed":2,"ppUp":0},{"moveId":731,"ppUsed":3,"ppUp":0},{"moveId":887,"ppUsed":2,"ppUp":0},{"moveId":843,"ppUsed":0,"ppUp":0}],"status":null,"friendship":192,"metLevel":5,"metBiome":-1,"metSpecies":21,"metWave":-1,"luck":3,"pauseEvolutions":false,"pokerus":true,"usedTMs":[],"teraType":0,"isTerastallized":false,"stellarTypesBoosted":[],"fusionSpecies":null,"fusionShiny":false,"fusionVariant":0,"fusionLuck":3,"fusionTeraType":0,"boss":false,"bossSegments":0,"summonData":{"statStages":[0,0,0,0,0,0,0],"moveQueue":[],"tags":[],"abilitySuppressed":false,"abilitiesApplied":[],"erSuppressedInnateSlots":[false,false,false],"erTimedAbilitySuppressions":[],"erAbilityProvenance":[],"erImposterCopiedAttackBoost":false,"chuckusterReductionUsed":false,"forceAttackerOutUsed":false,"erCommandedUsedThisSwitchIn":false,"stats":[0,0,0,0,0,0],"types":[],"berriesEatenLast":[],"moveHistory":[]},"battleData":{"hitCount":0,"hasEatenBerry":false,"berriesEaten":[],"anticipationDodgeUsed":false,"rudeAwakeningTriggered":false,"cowardProtectUsed":false,"lostItems":[]},"customPokemonData":{"spriteScale":-1,"ability":-1,"passive":-1,"passive2":-1,"passive3":-1,"nature":-1,"bonusMoveSlots":0,"abilityOverridesForm":false,"types":[],"hitsRecCount":null,"erBlackShiny":false,"erGiftAbilities":[],"erGiftIndex":0,"erShinyLabSuppressLocal":false,"erInnateShrineUnlocked":false,"erCursedStat":-1,"erLockedAbilitySlots":[],"erRunUnlockedAbilitySlots":[]},"fusionCustomPokemonData":{"spriteScale":-1,"ability":-1,"passive":-1,"passive2":-1,"passive3":-1,"nature":-1,"bonusMoveSlots":0,"abilityOverridesForm":false,"types":[],"hitsRecCount":null,"erBlackShiny":false,"erGiftAbilities":[],"erGiftIndex":0,"erShinyLabSuppressLocal":false,"erInnateShrineUnlocked":false,"erCursedStat":-1,"erLockedAbilitySlots":[],"erRunUnlockedAbilitySlots":[]},"mysteryEncounterPokemonData":null,"fusionMysteryEncounterPokemonData":null}],"modifiers":[{"player":true,"typeId":"MAP","args":[],"stackCount":4,"className":"MapModifier"},{"player":true,"typeId":"MEGA_BRACELET","args":[],"stackCount":1,"className":"MegaEvolutionAccessModifier"},{"player":true,"typeId":"SOOTHE_BELL","args":[4273951675],"stackCount":3,"className":"PokemonFriendshipBoosterModifier"},{"player":true,"typeId":"RARE_FORM_CHANGE_ITEM","typePregenArgs":[34],"args":[4273951675,34,true],"stackCount":1,"className":"PokemonFormChangeItemModifier"},{"player":true,"typeId":"SUPER_EXP_CHARM","args":[60],"stackCount":8,"className":"ExpBoosterModifier"},{"player":true,"typeId":"EXP_SHARE","args":[],"stackCount":4,"className":"ExpShareModifier"},{"player":true,"typeId":"SHINY_CHARM","args":[],"stackCount":1,"className":"ShinyRateBoosterModifier"},{"player":true,"typeId":"EXP_CHARM","args":[25],"stackCount":13,"className":"ExpBoosterModifier"},{"player":true,"typeId":"ER_PUNCHING_GLOVE","args":[4273951675,"punchingGlove",false,0],"stackCount":1,"className":"ErTacticalItemModifier"},{"player":true,"typeId":"GRIP_CLAW","args":[4273951675,10],"stackCount":4,"className":"ContactHeldItemTransferChanceModifier"},{"player":true,"typeId":"BASE_STAT_BOOSTER","typePregenArgs":[1],"args":[4273951675,1],"stackCount":4,"className":"BaseStatModifier"},{"player":true,"typeId":"BASE_STAT_BOOSTER","typePregenArgs":[0],"args":[4273951675,0],"stackCount":4,"className":"BaseStatModifier"},{"player":true,"typeId":"ATTACK_TYPE_BOOSTER","typePregenArgs":[13],"args":[4273951675,13,20],"stackCount":2,"className":"AttackTypeBoosterModifier"},{"player":true,"typeId":"AMULET_COIN","args":[],"stackCount":5,"className":"MoneyMultiplierModifier"},{"player":true,"typeId":"BASE_STAT_BOOSTER","typePregenArgs":[4],"args":[4273951675,4],"stackCount":5,"className":"BaseStatModifier"},{"player":true,"typeId":"ER_COPPER_ROD","args":[4273951675,"copperRod",2,0],"stackCount":1,"className":"ErCommunityItemModifier"},{"player":true,"typeId":"ER_SPIKED_KNUCKLES","args":[4273951675,"spikedKnuckles",2,0],"stackCount":1,"className":"ErCommunityItemModifier"},{"player":true,"typeId":"ER_RESIST_BERRY_ROCK","args":[4273951675,5],"stackCount":1,"className":"ErResistBerryModifier"},{"player":true,"typeId":"CANDY_JAR","args":[],"stackCount":1,"className":"LevelIncrementBoosterModifier"},{"player":true,"typeId":"MULTI_LENS","args":[4273951675],"stackCount":2,"className":"PokemonMultiHitModifier"},{"player":true,"typeId":"GOLDEN_PUNCH","args":[4273951675],"stackCount":4,"className":"DamageMoneyRewardModifier"},{"player":true,"typeId":"BASE_STAT_BOOSTER","typePregenArgs":[2],"args":[4273951675,2],"stackCount":4,"className":"BaseStatModifier"},{"player":true,"typeId":"IV_SCANNER","args":[],"stackCount":1,"className":"IvScannerModifier"},{"player":true,"typeId":"GOLDEN_POKEBALL","args":[],"stackCount":3,"className":"ExtraModifierModifier"},{"player":true,"typeId":"ER_LUCKY_HEART","args":[4273951675,"luckyHeart",2,0],"stackCount":2,"className":"ErCommunityItemModifier"},{"player":true,"typeId":"FOCUS_BAND","args":[4273951675],"stackCount":5,"className":"SurviveDamageModifier"},{"player":true,"typeId":"KINGS_ROCK","args":[4273951675],"stackCount":1,"className":"FlinchChanceModifier"},{"player":true,"typeId":"ER_METRONOME_ITEM","args":[4273951675,"metronomeItem",false,0],"stackCount":1,"className":"ErTacticalItemModifier"},{"player":true,"typeId":"ER_CHILI_SAMPLE","args":[4273951675,"chiliSample",2,0],"stackCount":1,"className":"ErCommunityItemModifier"},{"player":true,"typeId":"ATTACK_TYPE_BOOSTER","typePregenArgs":[16],"args":[4273951675,16,20],"stackCount":2,"className":"AttackTypeBoosterModifier"},{"player":true,"typeId":"SHELL_BELL","args":[4273951675],"stackCount":4,"className":"HitHealModifier"},{"player":true,"typeId":"SOUL_DEW","args":[4273951675],"stackCount":7,"className":"PokemonNatureWeightModifier"},{"player":true,"typeId":"RARE_FORM_CHANGE_ITEM","typePregenArgs":[44],"args":[832890361,44,true],"stackCount":1,"className":"PokemonFormChangeItemModifier"},{"player":true,"typeId":"LEFTOVERS","args":[4273951675],"stackCount":2,"className":"TurnHealModifier"},{"player":true,"typeId":"WIDE_LENS","args":[4273951675,5],"stackCount":3,"className":"PokemonMoveAccuracyBoosterModifier"},{"player":true,"typeId":"TERA_ORB","args":[],"stackCount":1,"className":"TerastallizeAccessModifier"},{"player":true,"typeId":"DYNAMAX_BAND","args":[],"stackCount":1,"className":"GigantamaxAccessModifier"},{"player":true,"typeId":"ER_RUSTY_CLAW","args":[4273951675,"rustyClaw",2,0],"stackCount":1,"className":"ErCommunityItemModifier"},{"player":true,"typeId":"ER_RESIST_BERRY_FIGHTING","args":[4273951675,1],"stackCount":1,"className":"ErResistBerryModifier"},{"player":true,"typeId":"ER_WARD_STONE_MINOR","args":[4273951675,"minor",1,0],"stackCount":1,"className":"ErWardStoneModifier"},{"player":true,"typeId":"ER_RESIST_BERRY_WATER","args":[4273951675,10],"stackCount":1,"className":"ErResistBerryModifier"},{"player":true,"typeId":"BERRY_POUCH","args":[],"stackCount":1,"className":"PreserveBerryModifier"},{"player":true,"typeId":"ER_RESIST_BERRY_FIRE","args":[4273951675,9],"stackCount":1,"className":"ErResistBerryModifier"},{"player":true,"typeId":"ER_RESIST_BERRY_PSYCHIC","args":[4273951675,13],"stackCount":1,"className":"ErResistBerryModifier"},{"player":true,"typeId":"BASE_STAT_BOOSTER","typePregenArgs":[3],"args":[4273951675,3],"stackCount":2,"className":"BaseStatModifier"},{"player":true,"typeId":"ER_SAFETY_GOGGLES","args":[4273951675,"safetyGoggles",false,0],"stackCount":1,"className":"ErTacticalItemModifier"},{"player":true,"typeId":"BATON","args":[4273951675],"stackCount":1,"className":"SwitchEffectTransferModifier"},{"player":true,"typeId":"ATTACK_TYPE_BOOSTER","typePregenArgs":[2],"args":[4273951675,2,20],"stackCount":1,"className":"AttackTypeBoosterModifier"},{"player":true,"typeId":"ER_WARD_STONE_GREATER","args":[4273951675,"greater",2,0],"stackCount":1,"className":"ErWardStoneModifier"},{"player":true,"typeId":"REVIVER_SEED","args":[4273951675],"stackCount":1,"className":"PokemonInstantReviveModifier"},{"player":true,"typeId":"ER_RESIST_BERRY_STEEL","args":[4273951675,8],"stackCount":1,"className":"ErResistBerryModifier"},{"player":true,"typeId":"ER_GROUND_GEM","args":[4273951675,4],"stackCount":1,"className":"ErGemModifier"},{"player":true,"typeId":"ER_RESIST_BERRY_DRAGON","args":[4273951675,15],"stackCount":1,"className":"ErResistBerryModifier"},{"player":true,"typeId":"ER_RESIST_BERRY_GROUND","args":[4273951675,4],"stackCount":1,"className":"ErResistBerryModifier"},{"player":true,"typeId":"WIDE_LENS","args":[423626747,5],"stackCount":3,"className":"PokemonMoveAccuracyBoosterModifier"},{"player":true,"typeId":"BERRY","typePregenArgs":[8],"args":[4273951675,8],"stackCount":2,"className":"BerryModifier"},{"player":true,"typeId":"ER_GRASS_GEM","args":[4273951675,11],"stackCount":1,"className":"ErGemModifier"},{"player":true,"typeId":"ER_RESIST_BERRY_ICE","args":[4273951675,14],"stackCount":1,"className":"ErResistBerryModifier"},{"player":true,"typeId":"ER_BUG_GEM","args":[4273951675,6],"stackCount":1,"className":"ErGemModifier"},{"player":true,"typeId":"ER_RESIST_BERRY_GRASS","args":[4273951675,11],"stackCount":1,"className":"ErResistBerryModifier"},{"player":true,"typeId":"ER_RESIST_BERRY_ELECTRIC","args":[4273951675,12],"stackCount":1,"className":"ErResistBerryModifier"},{"player":true,"typeId":"ER_WATER_GEM","args":[4273951675,10],"stackCount":1,"className":"ErGemModifier"},{"player":true,"typeId":"LUCKY_EGG","args":[4273951675,40],"stackCount":2,"className":"PokemonExpBoosterModifier"},{"player":true,"typeId":"ATTACK_TYPE_BOOSTER","typePregenArgs":[3],"args":[4273951675,3,20],"stackCount":1,"className":"AttackTypeBoosterModifier"},{"player":true,"typeId":"ER_RESIST_BERRY_BUG","args":[4273951675,6],"stackCount":1,"className":"ErResistBerryModifier"},{"player":true,"typeId":"BERRY","typePregenArgs":[5],"args":[4273951675,5],"stackCount":1,"className":"BerryModifier"},{"player":true,"typeId":"ER_EXPERT_BELT","args":[4273951675,"expertBelt",false,0],"stackCount":1,"className":"ErTacticalItemModifier"},{"player":true,"typeId":"ER_RESIST_BERRY_DARK","args":[4273951675,16],"stackCount":1,"className":"ErResistBerryModifier"},{"player":true,"typeId":"ER_RESIST_BERRY_GHOST","args":[4273951675,7],"stackCount":1,"className":"ErResistBerryModifier"},{"player":true,"typeId":"ATTACK_TYPE_BOOSTER","typePregenArgs":[0],"args":[4273951675,0,20],"stackCount":1,"className":"AttackTypeBoosterModifier"},{"player":true,"typeId":"BERRY","typePregenArgs":[9],"args":[4273951675,9],"stackCount":2,"className":"BerryModifier"},{"player":true,"typeId":"BERRY","typePregenArgs":[10],"args":[4273951675,10],"stackCount":2,"className":"BerryModifier"},{"player":true,"typeId":"ABILITY_CHARM","args":[],"stackCount":1,"className":"HiddenAbilityRateBoosterModifier"},{"player":true,"typeId":"BERRY","typePregenArgs":[6],"args":[4273951675,6],"stackCount":3,"className":"BerryModifier"},{"player":true,"typeId":"BERRY","typePregenArgs":[4],"args":[4273951675,4],"stackCount":3,"className":"BerryModifier"},{"player":true,"typeId":"BERRY","typePregenArgs":[7],"args":[4273951675,7],"stackCount":2,"className":"BerryModifier"},{"player":true,"typeId":"LOCK_CAPSULE","args":[],"stackCount":1,"className":"LockModifierTiersModifier"},{"player":true,"typeId":"BERRY","typePregenArgs":[0],"args":[4273951675,0],"stackCount":1,"className":"BerryModifier"},{"player":true,"typeId":"BERRY","typePregenArgs":[3],"args":[4273951675,3],"stackCount":3,"className":"BerryModifier"},{"player":true,"typeId":"BERRY","typePregenArgs":[2],"args":[4273951675,2],"stackCount":1,"className":"BerryModifier"},{"player":true,"typeId":"ER_DARK_GEM","args":[4273951675,16],"stackCount":1,"className":"ErGemModifier"},{"player":true,"typeId":"QUICK_CLAW","args":[4273951675],"stackCount":3,"className":"BypassSpeedChanceModifier"}],"money":434769,"pokeballCounts":{"0":99,"1":20,"2":35,"3":38,"4":1}}}
