{
  "invariant": "no-park",
  "seed": 828633,
  "wave": 9,
  "detail": "wave driving threw (strand/stall): PhaseInterceptor.to(\"CoopTurnCommitPhase\") did not reach its target (soft-lock / freeze?): stuck at phase \"CommandPhase\", UI mode MESSAGE (=0), interceptor state \"running\". runTarget=true, promptTarget=\"CoopTurnCommitPhase\".\nOriginal: Timed out in waitUntil!",
  "replay": "SOAK_SEED=828633",
  "phaseState": {
    "hostPhase": "CommandPhase",
    "guestPhase": "CommandPhase",
    "hostInteractionCounter": 9,
    "guestInteractionCounter": 9,
    "hostWave": 9,
    "hostBattleType": 0,
    "hostPlayerField": [
      {
        "id": 2358948657,
        "battlerIndex": -1,
        "speciesId": 890,
        "speciesName": "Eternatus",
        "hp": 2065,
        "maxHp": 2065,
        "fainted": false,
        "status": 0,
        "statStages": [
          -1,
          0,
          1,
          0,
          0,
          0,
          0
        ],
        "moves": [
          {
            "id": 34,
            "ppUsed": 0
          },
          {
            "id": 247,
            "ppUsed": 0
          },
          {
            "id": 53,
            "ppUsed": 0
          },
          {
            "id": 85,
            "ppUsed": 0
          }
        ],
        "coopOwner": "host"
      },
      {
        "id": 2362669912,
        "battlerIndex": -1,
        "speciesId": 384,
        "speciesName": "Rayquaza",
        "hp": 1715,
        "maxHp": 1715,
        "fainted": false,
        "status": 0,
        "statStages": [
          -1,
          0,
          -1,
          0,
          0,
          0,
          0
        ],
        "moves": [
          {
            "id": 34,
            "ppUsed": 0
          },
          {
            "id": 247,
            "ppUsed": 0
          },
          {
            "id": 53,
            "ppUsed": 0
          },
          {
            "id": 85,
            "ppUsed": 0
          }
        ],
        "coopOwner": "guest"
      }
    ],
    "hostEnemyField": [
      {
        "id": 4160511580,
        "battlerIndex": -1,
        "speciesId": 919,
        "speciesName": "Nymble",
        "hp": 23,
        "maxHp": 23,
        "fainted": false,
        "status": 0,
        "statStages": [
          0,
          0,
          0,
          0,
          0,
          0,
          0
        ],
        "moves": [
          {
            "id": 679,
            "ppUsed": 0
          },
          {
            "id": 197,
            "ppUsed": 0
          },
          {
            "id": 382,
            "ppUsed": 0
          },
          {
            "id": 310,
            "ppUsed": 0
          }
        ]
      },
      {
        "id": 3137737379,
        "battlerIndex": -1,
        "speciesId": 43,
        "speciesName": "Oddish",
        "hp": 23,
        "maxHp": 23,
        "fainted": false,
        "status": 0,
        "statStages": [
          0,
          0,
          0,
          0,
          0,
          0,
          0
        ],
        "moves": [
          {
            "id": 72,
            "ppUsed": 0
          },
          {
            "id": 51,
            "ppUsed": 0
          },
          {
            "id": 74,
            "ppUsed": 0
          },
          {
            "id": 78,
            "ppUsed": 0
          }
        ]
      }
    ],
    "guestPlayerField": [
      {
        "id": 2358948657,
        "battlerIndex": 0,
        "speciesId": 890,
        "speciesName": "Eternatus",
        "hp": 2065,
        "maxHp": 2065,
        "fainted": false,
        "status": 0,
        "statStages": [
          -1,
          0,
          1,
          0,
          0,
          0,
          0
        ],
        "moves": [
          {
            "id": 34,
            "ppUsed": 0
          },
          {
            "id": 247,
            "ppUsed": 0
          },
          {
            "id": 53,
            "ppUsed": 0
          },
          {
            "id": 85,
            "ppUsed": 0
          }
        ],
        "coopOwner": "host"
      },
      {
        "id": 2362669912,
        "battlerIndex": 1,
        "speciesId": 384,
        "speciesName": "Rayquaza",
        "hp": 1715,
        "maxHp": 1715,
        "fainted": false,
        "status": 0,
        "statStages": [
          -1,
          0,
          -1,
          0,
          0,
          0,
          0
        ],
        "moves": [
          {
            "id": 34,
            "ppUsed": 0
          },
          {
            "id": 247,
            "ppUsed": 0
          },
          {
            "id": 53,
            "ppUsed": 0
          },
          {
            "id": 85,
            "ppUsed": 0
          }
        ],
        "coopOwner": "guest"
      }
    ],
    "guestEnemyField": [
      {
        "id": 4160511580,
        "battlerIndex": 2,
        "speciesId": 919,
        "speciesName": "Nymble",
        "hp": 23,
        "maxHp": 23,
        "fainted": false,
        "status": 0,
        "statStages": [
          0,
          0,
          0,
          0,
          0,
          0,
          0
        ],
        "moves": [
          {
            "id": 679,
            "ppUsed": 0
          },
          {
            "id": 197,
            "ppUsed": 0
          },
          {
            "id": 382,
            "ppUsed": 0
          },
          {
            "id": 310,
            "ppUsed": 0
          }
        ]
      },
      {
        "id": 3137737379,
        "battlerIndex": 3,
        "speciesId": 43,
        "speciesName": "Oddish",
        "hp": 23,
        "maxHp": 23,
        "fainted": false,
        "status": 0,
        "statStages": [
          0,
          0,
          0,
          0,
          0,
          0,
          0
        ],
        "moves": [
          {
            "id": 72,
            "ppUsed": 0
          },
          {
            "id": 51,
            "ppUsed": 0
          },
          {
            "id": 74,
            "ppUsed": 0
          },
          {
            "id": 78,
            "ppUsed": 0
          }
        ]
      }
    ]
  },
  "actionScript": [
    "content seed=test preseeded=true",
    "wave 1 turn 1: committed frontier omitted seat 1; guest remained a replay spectator until host action",
    "wave 1: host slot move=85 guest slot move=0",
    "wave 1 turn 1: progress enemyHp=[16:0/14] playerHp=[890:2065/2065]",
    "wave 1: reward shop owner=host leave",
    "wave 2 turn 1: replay guest crossed cmd:2:1 through real public COMMAND=opened",
    "wave 2: host slot move=85 guest slot move=53",
    "wave 2 turn 1: progress enemyHp=[661:0/14,263:0/14] playerHp=[890:2065/2065,384:1715/1715]",
    "wave 2: reward shop owner=guest leave",
    "wave 3 turn 1: replay guest crossed cmd:3:1 through real public COMMAND=opened",
    "wave 3: host slot move=85 guest slot move=85",
    "wave 3 turn 1: progress enemyHp=[293:0/18,506:0/16] playerHp=[890:2065/2065,384:1715/1715]",
    "wave 3: reward shop owner=host leave",
    "wave 4 turn 1: replay guest crossed cmd:4:1 through real public COMMAND=opened",
    "wave 4: host slot move=85 guest slot move=34",
    "wave 4 turn 1: progress enemyHp=[831:0/18,46:0/16] playerHp=[890:2065/2065,384:1715/1715]",
    "wave 4: reward shop owner=guest leave",
    "wave 5 turn 1: replay guest crossed cmd:5:1 through real public COMMAND=opened",
    "wave 5: TRAINER (fixed)",
    "wave 5: host slot move=53 guest slot move=53",
    "wave 5 turn 1: progress enemyHp=[399:0/20,161:0/18] playerHp=[890:2059/2065,384:1715/1715]",
    "wave 5: reward shop owner=host take-nonparty",
    "wave 5: guest chose Crossroads Leave through public UI",
    "wave 5: guest drove World Map via public UI=true and both consumed 1834538986384575:1:BIOME_PICK:9700005",
    "wave 6 turn 1: replay guest crossed cmd:6:1 through real public COMMAND=opened",
    "wave 6: BIOME 0->3",
    "wave 6: host slot move=34 guest slot move=53",
    "wave 6 turn 1: progress enemyHp=[664:0/20,167:0/18] playerHp=[890:2065/2065,384:1715/1715]",
    "wave 6: reward shop owner=host take-nonparty",
    "wave 7 turn 1: replay guest crossed cmd:7:1 through real public COMMAND=opened",
    "wave 7: host slot move=247 guest slot move=53",
    "wave 7 turn 1: progress enemyHp=[48:0/22,401:0/20] playerHp=[890:2065/2065,384:1715/1715]",
    "wave 7: reward shop owner=guest leave",
    "wave 8 turn 1: replay guest crossed cmd:8:1 through real public COMMAND=opened",
    "wave 8: TRAINER (fixed)",
    "wave 8: host slot move=53 guest slot move=34",
    "wave 8 turn 1: progress enemyHp=[158:0/26,821:0/22] playerHp=[890:2065/2065,384:1715/1715]",
    "wave 8: reward shop owner=host take-nonparty",
    "wave 9 turn 1: replay guest crossed cmd:9:1 through real public COMMAND=opened",
    "wave 9: host slot move=85 guest slot move=247"
  ]
}