===== COOP SOAK RESULT =====
profile: god
verdict: FAIL
waves_requested: 150
run: 32616528614 (main)
timestamp: 2026-08-23T04-01-23Z

----- driver lines -----
[22m[39m[coop-soak] SEED=20260823 WAVES=150 - replay this run with:  SOAK_SEED=20260823 SOAK_WAVES=150 ER_SCENARIO=1 npx vitest run test/tests/elite-redux/coop/coop-soak.test.ts
[22m[39m[coop-soak] RUN ENDED at wave 97 (seed 20260823): host at terminal phase TitlePhase. Survey stops here.
[22m[39m[coop-soak] DONE seed=20260823 waves=96/150 resyncHeals=0 assertions=0 findings=0 trainerWaves=14 (fixed=9 random=5) skips={"mysteryEncounterDisabledV1":1} elapsedMs=322965
[coop-soak] RUN ENDED at wave 97 (seed 20260823) [TitlePhase]: host at terminal phase TitlePhase. Surveyed 96/150 waves under all invariants before the terminal.
[22m[39m[coop-soak] RUN ENDED at wave 6 (seed 206780945): host at terminal phase TitlePhase. Survey stops here.

----- vitest result tail -----
  "phase": "TitlePhase",
  "reason": "host at terminal phase TitlePhase",
  "wave": 97,
}

[36m [2m❯[22m test/tests/elite-redux/coop/coop-soak.test.ts:[2m245:11[22m[39m
    [90m243|[39m           result[33m.[39mrunEnded[33m,[39m
    [90m244|[39m           `the god profile is the start-to-finish carrier and may not …
    [90m245|[39m         )[33m.[39m[34mtoBeUndefined[39m()[33m;[39m
    [90m   |[39m           [31m^[39m
    [90m246|[39m         expect(result.wavesCompleted, "the god profile completed the r…
    [90m247|[39m       }

[31m[2m⎯⎯⎯⎯⎯⎯⎯⎯⎯⎯⎯⎯⎯⎯⎯⎯⎯⎯⎯⎯⎯⎯⎯⎯[1/2]⎯[22m[39m

[41m[1m FAIL [22m[49m [30m[45m main [49m[39m test/tests/elite-redux/coop/coop-soak.test.ts[2m:297:3[22m[2m > [22mNIGHTLY co-op SOAK: seeded randomized two-engine run (#841)[2m > [22mretained wave boundary keeps one X Attack exact on both clients through natural expiry without recovery
[31m[1mAssertionError[22m: the focused lifecycle crossed every requested battle boundary: expected 5 to be 6 // Object.is equality[39m

[32m- Expected[39m
[31m+ Received[39m

[32m- 6[39m
[31m+ 5[39m

[36m [2m❯[22m test/tests/elite-redux/coop/coop-soak.test.ts:[2m320:100[22m[39m
    [90m318|[39m     })[33m;[39m
    [90m319|[39m
    [90m320|[39m     expect(result.wavesCompleted, "the focused lifecycle crossed every…
    [90m   |[39m                                                                                                    [31m^[39m
    [90m321|[39m     expect(result.findings, "no modifier/save divergence survived a bo…
    [90m322|[39m     expect(result.preHealMismatches, "no mismatch was hidden by the on…

[31m[2m⎯⎯⎯⎯⎯⎯⎯⎯⎯⎯⎯⎯⎯⎯⎯⎯⎯⎯⎯⎯⎯⎯⎯⎯[2/2]⎯[22m[39m


[2m Test Files [22m [1m[31m1 failed[39m[22m[90m (1)[39m
[2m      Tests [22m [1m[31m2 failed[39m[22m[90m (2)[39m
[2m   Start at [22m 03:55:14
[2m   Duration [22m 368.12s[2m (transform 20.48s, setup 24.51s, import 315ms, tests 342.66s, environment 504ms)[22m

