{
  "invariant": "no-park",
  "seed": 20260829,
  "wave": 70,
  "detail": "wave driving threw (strand/stall): guest retained wave 70 did not reach continuationReady within 24 destination pumps (current=NewBattlePhase authority=legacy dataApplied=true continuationReady=false)",
  "replay": "SOAK_SEED=20260829",
  "phaseState": {
    "hostPhase": "NewBattlePhase",
    "guestPhase": "NewBattlePhase",
    "hostInteractionCounter": 83,
    "guestInteractionCounter": 83,
    "hostWave": 70,
    "hostBattleType": 0,
    "hostPlayerField": [
      {
        "id": 2943781284,
        "battlerIndex": -1,
        "speciesId": 493,
        "speciesName": "Arceus",
        "hp": 1868,
        "maxHp": 1868,
        "fainted": false,
        "status": 0,
        "statStages": [
          -2,
          0,
          0,
          0,
          0,
          0,
          0
        ],
        "moves": [
          {
            "id": 34,
            "ppUsed": 0
          },
          {
            "id": 247,
            "ppUsed": 0
          },
          {
            "id": 53,
            "ppUsed": 0
          },
          {
            "id": 85,
            "ppUsed": 0
          }
        ],
        "coopOwner": "host"
      },
      {
        "id": 425448774,
        "battlerIndex": -1,
        "speciesId": 150,
        "speciesName": "Mewtwo",
        "hp": 1728,
        "maxHp": 1728,
        "fainted": false,
        "status": 0,
        "statStages": [
          -1,
          0,
          0,
          0,
          0,
          0,
          0
        ],
        "moves": [
          {
            "id": 34,
            "ppUsed": 0
          },
          {
            "id": 247,
            "ppUsed": 0
          },
          {
            "id": 53,
            "ppUsed": 0
          },
          {
            "id": 85,
            "ppUsed": 0
          }
        ],
        "coopOwner": "guest"
      }
    ],
    "hostEnemyField": [
      {
        "id": 1913166446,
        "battlerIndex": -1,
        "speciesId": 521,
        "speciesName": "Unfezant",
        "hp": 0,
        "maxHp": 162,
        "fainted": true,
        "status": 7,
        "statStages": [
          0,
          0,
          0,
          0,
          0,
          0,
          0
        ],
        "moves": [
          {
            "id": 130,
            "ppUsed": 0
          },
          {
            "id": 197,
            "ppUsed": 0
          },
          {
            "id": 297,
            "ppUsed": 0
          },
          {
            "id": 95,
            "ppUsed": 0
          }
        ]
      },
      {
        "id": 2336428967,
        "battlerIndex": -1,
        "speciesId": 22,
        "speciesName": "Fearow",
        "hp": 0,
        "maxHp": 135,
        "fainted": true,
        "status": 7,
        "statStages": [
          0,
          0,
          0,
          0,
          0,
          0,
          0
        ],
        "moves": [
          {
            "id": 143,
            "ppUsed": 0
          },
          {
            "id": 413,
            "ppUsed": 0
          },
          {
            "id": 226,
            "ppUsed": 0
          },
          {
            "id": 38,
            "ppUsed": 0
          }
        ]
      }
    ],
    "guestPlayerField": [
      {
        "id": 2943781284,
        "battlerIndex": 0,
        "speciesId": 493,
        "speciesName": "Arceus",
        "hp": 1868,
        "maxHp": 1868,
        "fainted": false,
        "status": 0,
        "statStages": [
          -2,
          0,
          0,
          0,
          0,
          0,
          0
        ],
        "moves": [
          {
            "id": 34,
            "ppUsed": 0
          },
          {
            "id": 247,
            "ppUsed": 0
          },
          {
            "id": 53,
            "ppUsed": 0
          },
          {
            "id": 85,
            "ppUsed": 0
          }
        ],
        "coopOwner": "host"
      },
      {
        "id": 425448774,
        "battlerIndex": 1,
        "speciesId": 150,
        "speciesName": "Mewtwo",
        "hp": 1728,
        "maxHp": 1728,
        "fainted": false,
        "status": 0,
        "statStages": [
          -1,
          0,
          0,
          0,
          0,
          0,
          0
        ],
        "moves": [
          {
            "id": 34,
            "ppUsed": 0
          },
          {
            "id": 247,
            "ppUsed": 0
          },
          {
            "id": 53,
            "ppUsed": 0
          },
          {
            "id": 85,
            "ppUsed": 0
          }
        ],
        "coopOwner": "guest"
      }
    ],
    "guestEnemyField": [
      {
        "id": 1913166446,
        "battlerIndex": 2,
        "speciesId": 521,
        "speciesName": "Unfezant",
        "hp": 0,
        "maxHp": 162,
        "fainted": true,
        "status": 7,
        "statStages": [
          0,
          0,
          0,
          0,
          0,
          0,
          0
        ],
        "moves": [
          {
            "id": 130,
            "ppUsed": 0
          },
          {
            "id": 197,
            "ppUsed": 0
          },
          {
            "id": 297,
            "ppUsed": 0
          },
          {
            "id": 95,
            "ppUsed": 0
          }
        ]
      },
      {
        "id": 2336428967,
        "battlerIndex": 3,
        "speciesId": 22,
        "speciesName": "Fearow",
        "hp": 0,
        "maxHp": 135,
        "fainted": true,
        "status": 7,
        "statStages": [
          0,
          0,
          0,
          0,
          0,
          0,
          0
        ],
        "moves": [
          {
            "id": 143,
            "ppUsed": 0
          },
          {
            "id": 413,
            "ppUsed": 0
          },
          {
            "id": 226,
            "ppUsed": 0
          },
          {
            "id": 38,
            "ppUsed": 0
          }
        ]
      }
    ]
  },
  "actionScript": [
    "SKIP mysteryEncounterDisabledV1",
    "content seed=coop-soak-20260829 preseeded=false",
    "wave 1 turn 1: committed frontier omitted seat 1; guest remained a replay spectator until host action",
    "wave 1: host slot move=85 guest slot move=0",
    "wave 1 turn 1: progress enemyHp=[16:0/14] playerHp=[890:2065/2065]",
    "wave 1: reward shop owner=host leave",
    "wave 2 turn 1: replay guest crossed cmd:2:1 through real public COMMAND=opened",
    "wave 2: host slot move=85 guest slot move=247",
    "wave 2 turn 1: progress enemyHp=[265:0/14,273:0/14] playerHp=[890:2065/2065,384:1714/1715]",
    "wave 2: reward shop owner=guest leave",
    "wave 3 turn 1: replay guest crossed cmd:3:1 through real public COMMAND=opened",
    "wave 3: host slot move=34 guest slot move=34",
    "wave 3 turn 1: guest SWITCH -> party[3]",
    "wave 3 turn 1: progress enemyHp=[21:0/16,10:16/16] playerHp=[890:2065/2065,150:1723/1725]",
    "wave 3 turn 2: replay guest crossed cmd:3:2 through real public COMMAND=opened",
    "wave 3: reward shop owner=host leave",
    "wave 4 turn 1: replay guest crossed cmd:4:1 through real public COMMAND=opened",
    "wave 4: host slot move=53 guest slot move=85",
    "wave 4 turn 1: progress enemyHp=[504:0/18,265:0/16] playerHp=[890:2065/2065,150:1723/1725]",
    "wave 4: reward shop owner=guest leave",
    "wave 5 turn 1: replay guest crossed cmd:5:1 through real public COMMAND=opened",
    "wave 5: TRAINER (fixed)",
    "wave 5: host slot move=53 guest slot move=85",
    "wave 5 turn 1: progress enemyHp=[19:0/17,263:0/18] playerHp=[890:2065/2065,150:1723/1725]",
    "wave 5: reward shop owner=host take-nonparty",
    "wave 5: guest chose Crossroads Leave through public UI",
    "wave 5: guest drove World Map via public UI=true and both consumed 1830909286141970:1:BIOME_PICK:9700005",
    "wave 6 turn 1: replay guest crossed cmd:6:1 through real public COMMAND=opened",
    "wave 6: BIOME 0->1",
    "wave 6: host slot move=34 guest slot move=247",
    "wave 6 turn 1: progress enemyHp=[915:0/19,261:0/20] playerHp=[890:2065/2065,150:1723/1725]",
    "wave 6: reward shop owner=host take-nonparty",
    "wave 7 turn 1: replay guest crossed cmd:7:1 through real public COMMAND=opened",
    "wave 7: host slot move=53 guest slot move=53",
    "wave 7 turn 1: progress enemyHp=[56:20/20,263:0/22] playerHp=[890:2065/2065,150:1723/1725]",
    "wave 7 turn 2: replay guest crossed cmd:7:2 through real public COMMAND=opened",
    "wave 7: reward shop owner=guest leave",
    "wave 8 turn 1: replay guest crossed cmd:8:1 through real public COMMAND=opened",
    "wave 8: TRAINER (fixed)",
    "wave 8: host slot move=247 guest slot move=85",
    "wave 8 turn 1: progress enemyHp=[909:0/29,16:0/22] playerHp=[890:2065/2065,150:1723/1725]",
    "wave 8: reward shop owner=host leave",
    "wave 9 turn 1: replay guest crossed cmd:9:1 through real public COMMAND=opened",
    "wave 9 turn 1: host SWITCH -> party[2]",
    "wave 9: host slot move=34 guest slot move=34",
    "wave 9 turn 1: guest SWITCH -> party[3]",
    "wave 9 turn 1: progress enemyHp=[821:22/22,52:24/24] playerHp=[493:1863/1865,384:1713/1715]",
    "wave 9 turn 2: replay guest crossed cmd:9:2 through real public COMMAND=opened",
    "wave 9: reward shop owner=guest leave",
    "wave 10 turn 1: replay guest crossed cmd:10:1 through real public COMMAND=opened",
    "wave 10: host slot move=85 guest slot move=34",
    "wave 10 turn 1: progress enemyHp=[83:0/24,427:0/26] playerHp=[493:1863/1865,384:1713/1715]",
    "wave 10: biome market owner=host leave",
    "wave 10: drained 1 milestone reward continuation(s)",
    "wave 10: guest chose Crossroads Leave through public UI",
    "wave 10: guest drove World Map via public UI=true and both consumed 1830909286141970:1:BIOME_PICK:9700011",
    "wave 11 turn 1: replay guest crossed cmd:11:1 through real public COMMAND=opened",
    "wave 11: BIOME 1->2",
    "wave 11: host slot move=85 guest slot move=34",
    "wave 11 turn 1: guest SWITCH -> party[3]",
    "wave 11 turn 1: progress enemyHp=[108:0/31,590:31/31] playerHp=[493:1865/1865,150:1725/1725]",
    "wave 11 turn 2: replay guest crossed cmd:11:2 through real public COMMAND=opened",
    "wave 11 turn 2: host SWITCH -> party[2]",
    "wave 11: reward shop owner=host leave",
    "wave 12 turn 1: replay guest crossed cmd:12:1 through real public COMMAND=opened",
    "wave 12: host slot move=247 guest slot move=85",
    "wave 12 turn 1: progress enemyHp=[546:0/26,543:0/25] playerHp=[890:2065/2065,150:1725/1725]",
    "wave 12: reward shop owner=guest leave",
    "wave 13 turn 1: replay guest crossed cmd:13:1 through real public COMMAND=opened",
    "wave 13: host slot move=34 guest slot move=53",
    "wave 13 turn 1: progress enemyHp=[548:0/29,285:0/30] playerHp=[890:2065/2065,150:1725/1725]",
    "wave 13: reward shop owner=host take-nonparty",
    "wave 14 turn 1: replay guest crossed cmd:14:1 through real public COMMAND=opened",
    "wave 14: host slot move=85 guest slot move=247",
    "wave 14 turn 1: guest SWITCH -> party[3]",
    "wave 14 turn 1: progress enemyHp=[420:0/29,268:30/30] playerHp=[890:2065/2065,384:1715/1715]",
    "wave 14 turn 2: replay guest crossed cmd:14:2 through real public COMMAND=opened",
    "wave 14: reward shop owner=guest take-nonparty",
    "wave 15 turn 1: replay guest crossed cmd:15:1 through real public COMMAND=opened",
    "wave 15: host slot move=53 guest slot move=34",
    "wave 15 turn 1: progress enemyHp=[268:0/33,590:0/36] playerHp=[890:2065/2065,384:1715/1715]",
    "wave 15: reward shop owner=host take-nonparty",
    "wave 15: guest chose Crossroads Leave through public UI",
    "wave 15: guest drove World Map via public UI=true and both consumed 1830909286141970:1:BIOME_PICK:9700017",
    "wave 16 turn 1: replay guest crossed cmd:16:1 through real public COMMAND=opened",
    "wave 16: host slot move=247 guest slot move=85",
    "wave 16 turn 1: progress enemyHp=[543:0/29,285:0/35] playerHp=[890:2065/2065,384:1715/1715]",
    "wave 16: reward shop owner=host leave",
    "wave 17 turn 1: replay guest crossed cmd:17:1 through real public COMMAND=opened",
    "wave 17: host slot move=85 guest slot move=53",
    "wave 17 turn 1: progress enemyHp=[108:0/44,273:0/33] playerHp=[890:2065/2065,384:1715/1715]",
    "wave 17: reward shop owner=guest leave",
    "wave 18 turn 1: replay guest crossed cmd:18:1 through real public COMMAND=opened",
    "wave 18: host slot move=85 guest slot move=247",
    "wave 18 turn 1: progress enemyHp=[546:0/33,548:0/36] playerHp=[890:2065/2065,384:1715/1715]",
    "wave 18: reward shop owner=host take-nonparty",
    "wave 19 turn 1: replay guest crossed cmd:19:1 through real public COMMAND=opened",
    "wave 19: host slot move=53 guest slot move=34",
    "wave 19 turn 1: progress enemyHp=[268:0/35,268:0/40] playerHp=[890:2065/2065,384:1715/1715]",
    "wave 19: reward shop owner=guest leave",
    "wave 20 turn 1: replay guest crossed cmd:20:1 through real public COMMAND=opened",
    "wave 20: host slot move=247 guest slot move=85",
    "wave 20 turn 1: progress enemyHp=[548:0/36,546:0/33] playerHp=[890:2062/2065,384:1715/1715]",
    "wave 20: biome market owner=host leave",
    "wave 20: drained 1 milestone reward continuation(s)",
    "wave 20: guest chose Crossroads Leave through public UI",
    "wave 20: guest drove World Map via public UI=true and both consumed 1830909286141970:1:BIOME_PICK:9700023",
    "wave 21 turn 1: replay guest crossed cmd:21:1 through real public COMMAND=opened",
    "wave 21: BIOME 2->3",
    "wave 21: host slot move=34 guest slot move=53",
    "wave 21 turn 1: progress enemyHp=[43:0/40,919:35/35] playerHp=[890:2065/2065,384:1715/1715]",
    "wave 21 turn 2: replay guest crossed cmd:21:2 through real public COMMAND=opened",
    "wave 21: reward shop owner=host take-nonparty",
    "wave 22 turn 1: replay guest crossed cmd:22:1 through real public COMMAND=opened",
    "wave 22: host slot move=85 guest slot move=247",
    "wave 22 turn 1: progress enemyHp=[46:0/40,753:0/41] playerHp=[890:2065/2065,384:1715/1715]",
    "wave 22: reward shop owner=guest leave",
    "wave 23 turn 1: replay guest crossed cmd:23:1 through real public COMMAND=opened",
    "wave 23: host slot move=53 guest slot move=34",
    "wave 23 turn 1: progress enemyHp=[665:0/43,402:0/49] playerHp=[890:2065/2065,384:1715/1715]",
    "wave 23: reward shop owner=host leave",
    "wave 24 turn 1: replay guest crossed cmd:24:1 through real public COMMAND=opened",
    "wave 24: host slot move=34 guest slot move=85",
    "wave 24 turn 1: progress enemyHp=[402:0/52,167:0/41] playerHp=[890:2065/2065,384:1715/1715]",
    "wave 24: reward shop owner=guest take-nonparty",
    "wave 25 turn 1: replay guest crossed cmd:25:1 through real public COMMAND=opened",
    "wave 25: TRAINER (fixed)",
    "wave 25: host slot move=34 guest slot move=85",
    "wave 25 turn 1: progress enemyHp=[910:0/64,17:0/53] playerHp=[890:2065/2065,384:1715/1715]",
    "wave 25 turn 2: replay guest crossed cmd:25:2 through real public COMMAND=opened",
    "wave 25 turn 2: guest SWITCH -> party[3]",
    "wave 25: reward shop owner=host leave",
    "wave 25: guest chose Crossroads Leave through public UI",
    "wave 25: guest drove World Map via public UI=true and both consumed 1830909286141970:1:BIOME_PICK:9700029",
    "wave 26 turn 1: replay guest crossed cmd:26:1 through real public COMMAND=opened",
    "wave 26 turn 1: host SWITCH -> party[2]",
    "wave 26: host slot move=53 guest slot move=247",
    "wave 26 turn 1: progress enemyHp=[777:51/51,761:0/44] playerHp=[493:1865/1865,150:1725/1725]",
    "wave 26 turn 2: replay guest crossed cmd:26:2 through real public COMMAND=opened",
    "wave 26: reward shop owner=host take-nonparty",
    "wave 27 turn 1: replay guest crossed cmd:27:1 through real public COMMAND=opened",
    "wave 27: host slot move=53 guest slot move=34",
    "wave 27 turn 1: progress enemyHp=[753:0/47,32:0/45] playerHp=[493:1865/1865,150:1725/1725]",
    "wave 27: reward shop owner=guest leave",
    "wave 28 turn 1: replay guest crossed cmd:28:1 through real public COMMAND=opened",
    "wave 28: host slot move=247 guest slot move=85",
    "wave 28 turn 1: progress enemyHp=[46:0/47,30:0/58] playerHp=[493:1865/1865,150:1725/1725]",
    "wave 28: reward shop owner=host leave",
    "wave 29 turn 1: replay guest crossed cmd:29:1 through real public COMMAND=opened",
    "wave 29: host slot move=34 guest slot move=53",
    "wave 29 turn 1: progress enemyHp=[665:0/51,968:0/56] playerHp=[493:1865/1865,150:1725/1725]",
    "wave 29: reward shop owner=guest leave",
    "wave 30 turn 1: replay guest crossed cmd:30:1 through real public COMMAND=opened",
    "wave 30: TRAINER (random)",
    "wave 30: host slot move=85 guest slot move=247",
    "wave 30 turn 1: guest SWITCH -> party[3]",
    "wave 30 turn 1: progress enemyHp=[555:0/78,191:60/60] playerHp=[493:1865/1865,384:1713/1715]",
    "wave 30 turn 2: replay guest crossed cmd:30:2 through real public COMMAND=opened",
    "wave 30: biome market owner=host leave",
    "wave 30: drained 1 milestone reward continuation(s)",
    "wave 30: guest chose Crossroads Leave through public UI",
    "wave 30: guest drove World Map via public UI=true and both consumed 1830909286141970:1:BIOME_PICK:9700035",
    "wave 31 turn 1: replay guest crossed cmd:31:1 through real public COMMAND=opened",
    "wave 31: BIOME 3->5",
    "wave 31: host slot move=247 guest slot move=34",
    "wave 31 turn 1: progress enemyHp=[778:53/60,69:0/64] playerHp=[493:1865/1865,384:1715/1715]",
    "wave 31 turn 2: replay guest crossed cmd:31:2 through real public COMMAND=opened",
    "wave 31: reward shop owner=host take-nonparty",
    "wave 32 turn 1: replay guest crossed cmd:32:1 through real public COMMAND=opened",
    "wave 32: host slot move=247 guest slot move=85",
    "wave 32 turn 1: progress enemyHp=[548:0/51,415:0/54] playerHp=[493:1865/1865,384:1715/1715]",
    "wave 32: reward shop owner=guest take-nonparty",
    "wave 33 turn 1: replay guest crossed cmd:33:1 through real public COMMAND=opened",
    "wave 33 turn 1: host SWITCH -> party[2]",
    "wave 33: host slot move=34 guest slot move=53",
    "wave 33 turn 1: progress enemyHp=[588:60/60,585:0/60] playerHp=[890:2065/2065,384:1715/1715]",
    "wave 33 turn 2: replay guest crossed cmd:33:2 through real public COMMAND=opened",
    "wave 33: reward shop owner=host leave",
    "wave 34 turn 1: replay guest crossed cmd:34:1 through real public COMMAND=opened",
    "wave 34 turn 1: host SWITCH -> party[2]",
    "wave 34: host slot move=85 guest slot move=34",
    "wave 34 turn 1: progress enemyHp=[918:78/78,944:0/58] playerHp=[493:1865/1865,384:1715/1715]",
    "wave 34 turn 2: replay guest crossed cmd:34:2 through real public COMMAND=opened",
    "wave 34 turn 2: host SWITCH -> party[2]",
    "wave 34: reward shop owner=guest leave",
    "wave 35 turn 1: replay guest crossed cmd:35:1 through real public COMMAND=opened",
    "wave 35: TRAINER (fixed)",
    "wave 35: host slot move=53 guest slot move=34",
    "wave 35 turn 1: progress enemyHp=[129:0/51,2020:0/77] playerHp=[890:2065/2065,384:1715/1715]",
    "wave 35: reward shop owner=host leave",
    "wave 35: guest chose Crossroads Leave through public UI",
    "wave 35: guest drove World Map via public UI=true and both consumed 1830909286141970:1:BIOME_PICK:9700041",
    "wave 36 turn 1: replay guest crossed cmd:36:1 through real public COMMAND=opened",
    "wave 36 turn 1: host SWITCH -> party[2]",
    "wave 36: host slot move=247 guest slot move=85",
    "wave 36 turn 1: progress enemyHp=[267:67/67,70:0/82] playerHp=[493:1865/1865,384:1715/1715]",
    "wave 36 turn 2: replay guest crossed cmd:36:2 through real public COMMAND=opened",
    "wave 36: reward shop owner=host leave",
    "wave 37 turn 1: replay guest crossed cmd:37:1 through real public COMMAND=opened",
    "wave 37: host slot move=34 guest slot move=53",
    "wave 37 turn 1: progress enemyHp=[541:70/70,548:0/65] playerHp=[493:1865/1865,384:1715/1715]",
    "wave 37 turn 2: replay guest crossed cmd:37:2 through real public COMMAND=opened",
    "wave 37: reward shop owner=guest take-nonparty",
    "wave 38 turn 1: replay guest crossed cmd:38:1 through real public COMMAND=opened",
    "wave 38: host slot move=85 guest slot move=247",
    "wave 38 turn 1: progress enemyHp=[12:0/80,412:0/63] playerHp=[493:1865/1865,384:1715/1715]",
    "wave 38: reward shop owner=host take-nonparty",
    "wave 39 turn 1: replay guest crossed cmd:39:1 through real public COMMAND=opened",
    "wave 39: host slot move=53 guest slot move=34",
    "wave 39 turn 1: progress enemyHp=[315:0/65,415:0/62] playerHp=[493:1865/1865,384:1715/1715]",
    "wave 39: reward shop owner=guest leave",
    "wave 40 turn 1: replay guest crossed cmd:40:1 through real public COMMAND=opened",
    "wave 40 turn 1: host SWITCH -> party[2]",
    "wave 40: host slot move=247 guest slot move=85",
    "wave 40 turn 1: progress enemyHp=[723:87/87,512:0/94] playerHp=[890:2065/2065,384:1712/1715]",
    "wave 40 turn 2: replay guest crossed cmd:40:2 through real public COMMAND=opened",
    "wave 40: biome market owner=host leave",
    "wave 40: drained 1 milestone reward continuation(s)",
    "wave 40: guest chose Crossroads Leave through public UI",
    "wave 40: guest drove World Map via public UI=true and both consumed 1830909286141970:1:BIOME_PICK:9700047",
    "wave 41 turn 1: replay guest crossed cmd:41:1 through real public COMMAND=opened",
    "wave 41: BIOME 5->27",
    "wave 41: host slot move=34 guest slot move=53",
    "wave 41 turn 1: progress enemyHp=[123:0/91,357:0/102] playerHp=[890:2065/2065,384:1712/1715]",
    "wave 41: reward shop owner=host leave",
    "wave 41: drained 1 milestone reward continuation(s)",
    "wave 42 turn 1: replay guest crossed cmd:42:1 through real public COMMAND=opened",
    "wave 42: host slot move=85 guest slot move=247",
    "wave 42 turn 1: progress enemyHp=[515:0/86,511:0/79] playerHp=[890:2065/2065,384:1712/1715]",
    "wave 42: reward shop owner=guest take-nonparty",
    "wave 43 turn 1: replay guest crossed cmd:43:1 through real public COMMAND=opened",
    "wave 43: host slot move=247 guest slot move=85",
    "wave 43 turn 1: progress enemyHp=[522:0/77,190:0/77] playerHp=[890:2065/2065,384:1710/1715]",
    "wave 43: reward shop owner=host leave",
    "wave 44 turn 1: replay guest crossed cmd:44:1 through real public COMMAND=opened",
    "wave 44: TRAINER (random)",
    "wave 44: host slot move=247 guest slot move=85",
    "wave 44 turn 1: progress enemyHp=[8128:0/106,541:0/82] playerHp=[890:2065/2065,384:1710/1715]",
    "wave 44: reward shop owner=guest take-nonparty",
    "wave 45 turn 1: replay guest crossed cmd:45:1 through real public COMMAND=opened",
    "wave 45 turn 1: host SWITCH -> party[2]",
    "wave 45: host slot move=34 guest slot move=53",
    "wave 45 turn 1: progress enemyHp=[455:109/109,168:0/94] playerHp=[493:1865/1865,384:1710/1715]",
    "wave 45 turn 2: replay guest crossed cmd:45:2 through real public COMMAND=opened",
    "wave 45: reward shop owner=host leave",
    "wave 45: guest chose Crossroads Leave through public UI",
    "wave 45: guest drove World Map via public UI=true and both consumed 1830909286141970:1:BIOME_PICK:9700053",
    "wave 46 turn 1: replay guest crossed cmd:46:1 through real public COMMAND=opened",
    "wave 46 turn 1: host SWITCH -> party[2]",
    "wave 46: host slot move=85 guest slot move=247",
    "wave 46 turn 1: progress enemyHp=[465:115/115,595:0/86] playerHp=[890:2065/2065,384:1493/1715]",
    "wave 46 turn 2: replay guest crossed cmd:46:2 through real public COMMAND=opened",
    "wave 46 turn 2: host SWITCH -> party[2]",
    "wave 46: reward shop owner=host leave",
    "wave 46: drained 1 milestone reward continuation(s)",
    "wave 47 turn 1: replay guest crossed cmd:47:1 through real public COMMAND=opened",
    "wave 47: host slot move=53 guest slot move=85",
    "wave 47 turn 1: progress enemyHp=[870:0/88,424:0/97] playerHp=[493:1865/1865,384:1493/1715]",
    "wave 47: reward shop owner=guest leave",
    "wave 47: drained 1 milestone reward continuation(s)",
    "wave 48 turn 1: replay guest crossed cmd:48:1 through real public COMMAND=opened",
    "wave 48: host slot move=85 guest slot move=85",
    "wave 48 turn 1: progress enemyHp=[513:0/81,190:0/91] playerHp=[493:1865/1865,384:1493/1715]",
    "wave 48: reward shop owner=host take-nonparty",
    "wave 49 turn 1: replay guest crossed cmd:49:1 through real public COMMAND=opened",
    "wave 49: host slot move=34 guest slot move=53",
    "wave 49 turn 1: progress enemyHp=[114:0/96,523:0/109] playerHp=[493:1865/1865,384:1493/1715]",
    "wave 49: reward shop owner=guest take-nonparty",
    "wave 50 turn 1: replay guest crossed cmd:50:1 through real public COMMAND=opened",
    "wave 50: host slot move=85 guest slot move=85",
    "wave 50 turn 1: guest SWITCH -> party[3]",
    "wave 50 turn 1: progress enemyHp=[212:0/112,733:114/114] playerHp=[493:1865/1865,150:1717/1725]",
    "wave 50 turn 2: replay guest crossed cmd:50:2 through real public COMMAND=opened",
    "wave 50 turn 2: host SWITCH -> party[2]",
    "wave 50: biome market owner=host leave",
    "wave 50: drained 1 milestone reward continuation(s)",
    "wave 50: guest chose Crossroads Leave through public UI",
    "wave 50: guest drove World Map via public UI=true and both consumed 1830909286141970:1:BIOME_PICK:9700059",
    "wave 51 turn 1: replay guest crossed cmd:51:1 through real public COMMAND=opened",
    "wave 51: BIOME 27->29",
    "wave 51: host slot move=247 guest slot move=85",
    "wave 51 turn 1: progress enemyHp=[608:0/100,93:0/85] playerHp=[890:2065/2065,150:1725/1725]",
    "wave 51: reward shop owner=host take-nonparty",
    "wave 52 turn 1: replay guest crossed cmd:52:1 through real public COMMAND=opened",
    "wave 52: host slot move=85 guest slot move=247",
    "wave 52 turn 1: progress enemyHp=[563:0/99,356:0/85] playerHp=[890:2065/2065,150:1725/1725]",
    "wave 52: reward shop owner=guest leave",
    "wave 53 turn 1: replay guest crossed cmd:53:1 through real public COMMAND=opened",
    "wave 53: host slot move=34 guest slot move=53",
    "wave 53 turn 1: progress enemyHp=[177:0/79,93:0/87] playerHp=[890:2065/2065,150:1725/1725]",
    "wave 53: reward shop owner=host leave",
    "wave 54 turn 1: replay guest crossed cmd:54:1 through real public COMMAND=opened",
    "wave 54: host slot move=53 guest slot move=53",
    "wave 54 turn 1: progress enemyHp=[451:0/95,563:0/116] playerHp=[890:2065/2065,150:1725/1725]",
    "wave 54: reward shop owner=guest leave",
    "wave 55 turn 1: replay guest crossed cmd:55:1 through real public COMMAND=opened",
    "wave 55: TRAINER (fixed)",
    "wave 55: host slot move=85 guest slot move=85",
    "wave 55 turn 1: progress enemyHp=[911:0/148,18:0/122] playerHp=[890:2065/2065,150:1725/1725]",
    "wave 55 turn 2: replay guest crossed cmd:55:2 through real public COMMAND=opened",
    "wave 55 turn 2: guest SWITCH -> party[3]",
    "wave 55 turn 3: replay guest crossed cmd:55:3 through real public COMMAND=opened",
    "wave 55: reward shop owner=host take-nonparty",
    "wave 55: guest chose Crossroads Leave through public UI",
    "wave 55: guest drove World Map via public UI=true and both consumed 1830909286141970:1:BIOME_PICK:9700065",
    "wave 56 turn 1: replay guest crossed cmd:56:1 through real public COMMAND=opened",
    "wave 56: BIOME 29->14",
    "wave 56: host slot move=34 guest slot move=34",
    "wave 56 turn 1: progress enemyHp=[28:0/131,28:125/125] playerHp=[890:2069/2069,384:1496/1718]",
    "wave 56 turn 2: replay guest crossed cmd:56:2 through real public COMMAND=opened",
    "wave 56: reward shop owner=host take-nonparty",
    "wave 57 turn 1: replay guest crossed cmd:57:1 through real public COMMAND=opened",
    "wave 57: host slot move=34 guest slot move=53",
    "wave 57 turn 1: progress enemyHp=[28:138/138,323:0/118] playerHp=[890:1811/2069,384:1068/1718]",
    "wave 57 turn 2: replay guest crossed cmd:57:2 through real public COMMAND=opened",
    "wave 57 turn 2: guest SWITCH -> party[3]",
    "wave 57: reward shop owner=guest take-nonparty",
    "wave 58 turn 1: replay guest crossed cmd:58:1 through real public COMMAND=opened",
    "wave 58 turn 1: host SWITCH -> party[2]",
    "wave 58: host slot move=34 guest slot move=247",
    "wave 58 turn 1: progress enemyHp=[452:112/112,346:0/129] playerHp=[493:1746/1868,150:1512/1728]",
    "wave 58 turn 2: replay guest crossed cmd:58:2 through real public COMMAND=opened",
    "wave 58: reward shop owner=host leave",
    "wave 58: drained 1 milestone reward continuation(s)",
    "wave 59 turn 1: replay guest crossed cmd:59:1 through real public COMMAND=opened",
    "wave 59: host slot move=53 guest slot move=34",
    "wave 59 turn 1: progress enemyHp=[553:0/138,874:0/132] playerHp=[493:1514/1868,150:1296/1728]",
    "wave 59: reward shop owner=guest leave",
    "wave 59: drained 1 milestone reward continuation(s)",
    "wave 60 turn 1: replay guest crossed cmd:60:1 through real public COMMAND=opened",
    "wave 60: TRAINER (random)",
    "wave 60: host slot move=247 guest slot move=85",
    "wave 60 turn 1: guest SWITCH -> party[3]",
    "wave 60 turn 1: progress enemyHp=[10365:0/120,476:115/115] playerHp=[493:1398/1868,384:1484/1718]",
    "wave 60 turn 2: replay guest crossed cmd:60:2 through real public COMMAND=opened",
    "wave 60 turn 3: replay guest crossed cmd:60:3 through real public COMMAND=opened",
    "wave 60 turn 3: host SWITCH -> party[2]",
    "wave 60 turn 3: guest SWITCH -> party[3]",
    "wave 60 turn 4: replay guest crossed cmd:60:4 through real public COMMAND=opened",
    "wave 60: biome market owner=host leave",
    "wave 60: drained 1 milestone reward continuation(s)",
    "wave 60: guest chose Crossroads Leave through public UI",
    "wave 60: guest drove World Map via public UI=true and both consumed 1830909286141970:1:BIOME_PICK:9700071",
    "wave 61 turn 1: replay guest crossed cmd:61:1 through real public COMMAND=opened",
    "wave 61: BIOME 14->22",
    "wave 61: host slot move=34 guest slot move=53",
    "wave 61 turn 1: progress enemyHp=[178:0/128,605:0/122] playerHp=[890:2069/2069,150:1728/1728]",
    "wave 61: reward shop owner=host leave",
    "wave 62 turn 1: replay guest crossed cmd:62:1 through real public COMMAND=opened",
    "wave 62: TRAINER (fixed)",
    "wave 62: host slot move=85 guest slot move=247",
    "wave 62 turn 1: progress enemyHp=[64:0/100,4110:0/139] playerHp=[890:2069/2069,150:1728/1728]",
    "wave 62 turn 2: replay guest crossed cmd:62:2 through real public COMMAND=opened",
    "wave 62: reward shop owner=guest take-nonparty",
    "wave 63 turn 1: replay guest crossed cmd:63:1 through real public COMMAND=opened",
    "wave 63: host slot move=53 guest slot move=34",
    "wave 63 turn 1: guest SWITCH -> party[3]",
    "wave 63 turn 1: progress enemyHp=[561:0/128,65:103/103] playerHp=[890:2069/2069,384:1705/1718]",
    "wave 63 turn 2: replay guest crossed cmd:63:2 through real public COMMAND=opened",
    "wave 63 turn 2: host SWITCH -> party[2]",
    "wave 63: reward shop owner=host leave",
    "wave 63: drained 1 milestone reward continuation(s)",
    "wave 64 turn 1: replay guest crossed cmd:64:1 through real public COMMAND=opened",
    "wave 64: TRAINER (fixed)",
    "wave 64: host slot move=247 guest slot move=85",
    "wave 64 turn 1: progress enemyHp=[123:0/131,15:0/127] playerHp=[493:1868/1868,384:1705/1718]",
    "wave 64 turn 2: replay guest crossed cmd:64:2 through real public COMMAND=opened",
    "wave 64: reward shop owner=guest take-nonparty",
    "wave 65 turn 1: replay guest crossed cmd:65:1 through real public COMMAND=opened",
    "wave 65 turn 1: host SWITCH -> party[2]",
    "wave 65: host slot move=34 guest slot move=85",
    "wave 65 turn 1: guest SWITCH -> party[3]",
    "wave 65 turn 1: progress enemyHp=[64:104/104,201:111/111] playerHp=[890:2069/2069,150:1728/1728]",
    "wave 65 turn 2: replay guest crossed cmd:65:2 through real public COMMAND=opened",
    "wave 65: reward shop owner=host take-nonparty",
    "wave 66 turn 1: replay guest crossed cmd:66:1 through real public COMMAND=opened",
    "wave 66: TRAINER (fixed)",
    "wave 66: host slot move=53 guest slot move=247",
    "wave 66 turn 1: progress enemyHp=[10015:0/169,465:0/165] playerHp=[890:1681/2069,150:1728/1728]",
    "wave 66 turn 2: replay guest crossed cmd:66:2 through real public COMMAND=opened",
    "wave 66 turn 2: guest SWITCH -> party[3]",
    "wave 66 turn 3: replay guest crossed cmd:66:3 through real public COMMAND=opened",
    "wave 66 turn 4: replay guest crossed cmd:66:4 through real public COMMAND=opened",
    "wave 66: reward shop owner=guest leave",
    "wave 67 turn 1: replay guest crossed cmd:67:1 through real public COMMAND=opened",
    "wave 67: host slot move=34 guest slot move=247",
    "wave 67 turn 1: progress enemyHp=[97:0/148,344:0/129] playerHp=[890:0/2069,384:1695/1718]",
    "wave 67: reward shop owner=host take-nonparty",
    "wave 68 turn 1: replay guest crossed cmd:68:1 through real public COMMAND=opened",
    "wave 68: host slot move=247 guest slot move=85",
    "wave 68 turn 1: progress enemyHp=[64:0/111,326:0/140] playerHp=[493:1868/1868,384:1695/1718]",
    "wave 68: reward shop owner=guest leave",
    "wave 68: host drove World Map via public UI=true and both consumed 1830909286141970:0:BIOME_PICK:9700080",
    "wave 69 turn 1: replay guest crossed cmd:69:1 through real public COMMAND=opened",
    "wave 69: BIOME 22->11",
    "wave 69: host slot move=53 guest slot move=85",
    "wave 69 turn 1: guest SWITCH -> party[3]",
    "wave 69 turn 1: progress enemyHp=[398:0/151,18:140/140] playerHp=[493:1868/1868,150:1728/1728]",
    "wave 69 turn 2: replay guest crossed cmd:69:2 through real public COMMAND=opened",
    "wave 69: reward shop owner=guest leave",
    "wave 70 turn 1: replay guest crossed cmd:70:1 through real public COMMAND=opened",
    "wave 70: host slot move=34 guest slot move=85",
    "wave 70 turn 1: progress enemyHp=[521:0/162,22:0/135] playerHp=[493:1868/1868,150:1728/1728]"
  ]
}