===== COOP SOAK RESULT =====
profile: me-asym
verdict: FAIL
waves_requested: 150
run: 33246587412 (main)
timestamp: 2026-08-29T10-03-41Z

----- driver lines -----
[22m[39m[coop-soak] SEED=828633 WAVES=15 - replay this run with:  SOAK_SEED=828633 SOAK_WAVES=15 ER_SCENARIO=1 npx vitest run test/tests/elite-redux/coop/coop-soak.test.ts
[22m[39m[coop-soak] RUN ENDED at wave 6 (seed 828633): host at terminal phase TitlePhase. Survey stops here.
[22m[39m[coop-soak] SEED=828633 WAVES=17 - replay this run with:  SOAK_SEED=828633 SOAK_WAVES=17 ER_SCENARIO=1 npx vitest run test/tests/elite-redux/coop/coop-soak.test.ts
[22m[39m[coop-soak] RUN ENDED at wave 6 (seed 828633): host at terminal phase TitlePhase. Survey stops here.
[22m[39m[coop-soak] SEED=828633 WAVES=13 - replay this run with:  SOAK_SEED=828633 SOAK_WAVES=13 ER_SCENARIO=1 npx vitest run test/tests/elite-redux/coop/coop-soak.test.ts
[22m[39m[coop-soak] RUN ENDED crossing into wave 7 (seed 828633): host at terminal phase TitlePhase. Survey stops here.

----- vitest result tail -----

[31m[2m⎯⎯⎯⎯⎯⎯⎯⎯⎯⎯⎯⎯⎯⎯⎯⎯⎯⎯⎯⎯⎯⎯⎯⎯[5/5]⎯[22m[39m

[31m⎯⎯⎯⎯⎯⎯[39m[1m[41m Unhandled Errors [49m[22m[31m⎯⎯⎯⎯⎯⎯[39m
[31m[1m
Vitest caught 1 unhandled error during the test run.
This might cause false positive tests. Resolve unhandled errors to make sure your tests are not affected.[22m[39m

[31m⎯⎯⎯⎯⎯[39m[1m[41m Uncaught Exception [49m[22m[31m⎯⎯⎯⎯⎯[39m
[31m[1mTypeError[22m: Cannot read properties of null (reading 'isClassicFinalBoss')[39m
[36m [2m❯[22m DamageAnimPhase.end src/phases/damage-anim-phase.ts:[2m110:35[22m[39m
    [90m108|[39m   [35mpublic[39m override [34mend[39m(pokemon[33m?[39m[33m:[39m [33mPokemon[39m) {
    [90m109|[39m     const target = pokemon ?? (this.getPokemon() as Pokemon | undefine…
    [90m110|[39m     [35mif[39m (globalScene[33m.[39mcurrentBattle[33m.[39misClassicFinalBoss [33m&&[39m target) {
    [90m   |[39m                                   [31m^[39m
    [90m111|[39m       globalScene[33m.[39m[34minitFinalBossPhaseTwo[39m(target)[33m;[39m
    [90m112|[39m     } [35melse[39m {
[90m [2m❯[22m DamageAnimPhase.pinned [as end] test/tools/coop-duo-harness.ts:[2m2801:20[22m[39m
[90m [2m❯[22m DamageAnimPhase.finishDamage src/phases/damage-anim-phase.ts:[2m53:12[22m[39m
[90m [2m❯[22m TimerEvent.callback src/phases/damage-anim-phase.ts:[2m99:18[22m[39m
[90m [2m❯[22m MockClock.update node_modules/.pnpm/phaser@3.90.0/node_modules/phaser/src/time/Clock.js:[2m395:36[22m[39m
[90m [2m❯[22m test/tools/coop-duo-harness.ts:[2m2761:22[22m[39m
[90m [2m❯[22m runOwned test/tools/coop-duo-harness.ts:[2m2746:9[22m[39m
[90m [2m❯[22m MockClock.clock.update test/tools/coop-duo-harness.ts:[2m2761:7[22m[39m
[90m [2m❯[22m Timeout._onTimeout test/mocks/mock-clock.ts:[2m16:12[22m[39m
[90m [2m❯[22m listOnTimeout node:internal/timers:[2m608:17[22m[39m

[31mThis error originated in "[1mtest/tests/elite-redux/coop/coop-soak-me.test.ts[22m" test file. It doesn't mean the error was thrown inside the file itself, but while it was running.[39m
[31mThe latest test that might've caused the error is "[1mdrives a DEPARTMENT_STORE_SALE ME inline at wave 15 (host-owned), the guest replays in lockstep, findings=0[22m". It might mean one of the following:
- The error was thrown, while Vitest was running this test.
- If the error occurred after the test had been completed, this was the last documented test before it was thrown.[39m
[31m⎯⎯⎯⎯⎯⎯⎯⎯⎯⎯⎯⎯⎯⎯⎯⎯⎯⎯⎯⎯⎯⎯⎯⎯⎯⎯⎯⎯⎯⎯[39m


[2m Test Files [22m [1m[31m2 failed[39m[22m[90m (2)[39m
[2m      Tests [22m [1m[31m5 failed[39m[22m[90m (5)[39m
[2m     Errors [22m [1m[31m1 error[39m[22m
[2m   Start at [22m 10:01:56
[2m   Duration [22m 104.29s[2m (transform 44.43s, setup 55.15s, import 667ms, tests 81.03s, environment 1.51s)[22m

