===== COOP SOAK RESULT =====
profile: god
verdict: FAIL
waves_requested: 150
run: 33246587412 (main)
timestamp: 2026-08-29T09-59-32Z

----- driver lines -----
[22m[39m[coop-soak] SEED=20260829 WAVES=150 - replay this run with:  SOAK_SEED=20260829 SOAK_WAVES=150 ER_SCENARIO=1 npx vitest run test/tests/elite-redux/coop/coop-soak.test.ts
[31m[1mSoakInvariantError[22m: [coop-soak] NO-PARK invariant breached at wave 70 (seed 20260829): wave driving threw (strand/stall): guest retained wave 70 did not reach continuationReady within 24 destination pumps (current=NewBattlePhase authority=legacy dataApplied=true continuationReady=false). Artifact + both logs: /home/runner/work/elite-redux/elite-redux/dev-logs/coop-soak/2026-08-29T09-59-16-792Z__seed-20260829__wave-70. Replay: SOAK_SEED=20260829[39m

----- vitest result tail -----
[coop:relay] dispose() (no in-flight waiters)
[coop:pump] end session { seq: -1, termSeq: -1, wasOwner: false }
[coop:transport] state host disconnected -> closed
[coop:turn] host recorder: CLEAR (null-out) live emitter (was=false)
[coop:session] coopAuthoritativeGuestPredicate CLEARED (-> solo/host/lockstep reads false)

[90mstderr[2m | test/tests/elite-redux/coop/coop-soak.test.ts[2m:297:3[22m[2m[2m > [22m[2mNIGHTLY co-op SOAK: seeded randomized two-engine run (#841)[2m > [22m[2mretained wave boundary keeps one X Attack exact on both clients through natural expiry without recovery
[22m[39m[33m[coop:rendezvous] RENDEZVOUS ABORT point=cmd:1:1 - waiter torn down without partner arrival role=host[39m
[33m[coop:rendezvous] next-command barrier cmd:1:1 ABORTED during teardown/recovery - command UI remains closed[39m

[90mstdout[2m | test/tests/elite-redux/coop/coop-soak.test.ts[2m:297:3[22m[2m[2m > [22m[2mNIGHTLY co-op SOAK: seeded randomized two-engine run (#841)[2m > [22m[2mretained wave boundary keeps one X Attack exact on both clients through natural expiry without recovery
[22m[39m[2m> [22m[30m[48;2;193;98;222m Test finished! [49m[39m
    Name: [38;2;0;136;134mNIGHTLY co-op SOAK: seeded randomized two-engine run (#841) > retained wave boundary keeps one X Attack exact on both clients through natural expiry without recovery[39m
    Result: [32m[1m✓ Passed[22m[39m [2min[22m [33m15115[39m[2mms[22m
    File: [38;2;210;155;14melite-redux/test/tests/elite-redux/coop/coop-soak.test.ts:297:3[39m

[33m[39m[32m·[39m

[31m⎯⎯⎯⎯⎯⎯⎯[39m[1m[41m Failed Tests 1 [49m[22m[31m⎯⎯⎯⎯⎯⎯⎯[39m

[41m[1m FAIL [22m[49m [30m[45m main [49m[39m test/tests/elite-redux/coop/coop-soak.test.ts[2m:165:3[22m[2m > [22mNIGHTLY co-op SOAK: seeded randomized two-engine run (#841)[2m > [22mplays a seeded randomized co-op run asserting DIGEST/LOCKSTEP/NO-PARK/TEARDOWN each wave
[31m[1mSoakInvariantError[22m: [coop-soak] NO-PARK invariant breached at wave 70 (seed 20260829): wave driving threw (strand/stall): guest retained wave 70 did not reach continuationReady within 24 destination pumps (current=NewBattlePhase authority=legacy dataApplied=true continuationReady=false). Artifact + both logs: /home/runner/work/elite-redux/elite-redux/dev-logs/coop-soak/2026-08-29T09-59-16-792Z__seed-20260829__wave-70. Replay: SOAK_SEED=20260829[39m
[36m [2m❯[22m fail test/tools/coop-soak-driver.ts:[2m1791:11[22m[39m
    [90m1789|[39m       phaseState: phaseStateDump(rig),
    [90m1790|[39m     });
    [90m1791|[39m     throw new SoakInvariantError(invariant, seed, wave, detail, dir);
    [90m   |[39m           [31m^[39m
    [90m1792|[39m   };
    [90m1793|[39m
[90m [2m❯[22m runCoopSoak test/tools/coop-soak-driver.ts:[2m5386:7[22m[39m
[90m [2m❯[22m test/tests/elite-redux/coop/coop-soak.test.ts:[2m184:22[22m[39m

[31m[2m⎯⎯⎯⎯⎯⎯⎯⎯⎯⎯⎯⎯⎯⎯⎯⎯⎯⎯⎯⎯⎯⎯⎯⎯[1/1]⎯[22m[39m


[2m Test Files [22m [1m[31m1 failed[39m[22m[90m (1)[39m
[2m      Tests [22m [1m[31m1 failed[39m[22m[2m | [22m[1m[32m1 passed[39m[22m[90m (2)[39m
[2m   Start at [22m 09:55:21
[2m   Duration [22m 250.13s[2m (transform 21.05s, setup 25.12s, import 317ms, tests 223.99s, environment 570ms)[22m

