===== COOP SOAK RESULT =====
profile: me-asym
verdict: FAIL
waves_requested: 150
run: 33303208743 (main)
timestamp: 2026-08-30T09-12-51Z

----- driver lines -----
[22m[39m[coop-soak] SEED=828633 WAVES=15 - replay this run with:  SOAK_SEED=828633 SOAK_WAVES=15 ER_SCENARIO=1 npx vitest run test/tests/elite-redux/coop/coop-soak.test.ts
[22m[39m[coop-soak] RUN ENDED at wave 6 (seed 828633): host at terminal phase TitlePhase. Survey stops here.
[22m[39m[coop-soak] SEED=828633 WAVES=17 - replay this run with:  SOAK_SEED=828633 SOAK_WAVES=17 ER_SCENARIO=1 npx vitest run test/tests/elite-redux/coop/coop-soak.test.ts
[22m[39m[coop-soak] SEED=828633 WAVES=13 - replay this run with:  SOAK_SEED=828633 SOAK_WAVES=13 ER_SCENARIO=1 npx vitest run test/tests/elite-redux/coop/coop-soak.test.ts
[31m[1mSoakInvariantError[22m: [coop-soak] NO-PARK invariant breached at wave 7 (seed 828633): wave driving threw (strand/stall): PhaseInterceptor.to("CoopTurnCommitPhase") did not reach its target (soft-lock / freeze?): stuck at phase "CommandPhase", UI mode MESSAGE (=0), interceptor state "running". runTarget=true, promptTarget="CoopTurnCommitPhase".
[31m[1mSoakInvariantError[22m: [coop-soak] NO-PARK invariant breached at wave 7 (seed 828633): wave driving threw (strand/stall): PhaseInterceptor.to("CoopTurnCommitPhase") did not reach its target (soft-lock / freeze?): stuck at phase "CommandPhase", UI mode MESSAGE (=0), interceptor state "running". runTarget=true, promptTarget="CoopTurnCommitPhase".

----- vitest result tail -----
    [90m123|[39m     expect(result.mysteryEncounters[0].type, "the driven ME is DEPARTM…

[31m[2m⎯⎯⎯⎯⎯⎯⎯⎯⎯⎯⎯⎯⎯⎯⎯⎯⎯⎯⎯⎯⎯⎯⎯⎯[3/5]⎯[22m[39m

[41m[1m FAIL [22m[49m [30m[45m main [49m[39m test/tests/elite-redux/coop/coop-soak-me.test.ts[2m:166:3[22m[2m > [22mNIGHTLY co-op SOAK: mid-run mystery-encounter continuation (#633 BUILD 1)[2m > [22msurveys TWO waves PAST an authoritative ME with NO post-ME pin leak (no spurious second ME), findings=0
[31m[1mSoakInvariantError[22m: [coop-soak] NO-PARK invariant breached at wave 7 (seed 828633): wave driving threw (strand/stall): PhaseInterceptor.to("CoopTurnCommitPhase") did not reach its target (soft-lock / freeze?): stuck at phase "CommandPhase", UI mode MESSAGE (=0), interceptor state "running". runTarget=true, promptTarget="CoopTurnCommitPhase".
Original: Timed out in waitUntil!. Artifact + both logs: /home/runner/work/elite-redux/elite-redux/dev-logs/coop-soak/2026-08-30T09-12-11-532Z__seed-828633__wave-7. Replay: SOAK_SEED=828633[39m
[36m [2m❯[22m fail test/tools/coop-soak-driver.ts:[2m1791:11[22m[39m
    [90m1789|[39m       phaseState: phaseStateDump(rig),
    [90m1790|[39m     });
    [90m1791|[39m     throw new SoakInvariantError(invariant, seed, wave, detail, dir);
    [90m   |[39m           [31m^[39m
    [90m1792|[39m   };
    [90m1793|[39m
[90m [2m❯[22m runCoopSoak test/tools/coop-soak-driver.ts:[2m5386:7[22m[39m
[90m [2m❯[22m test/tests/elite-redux/coop/coop-soak-me.test.ts:[2m184:20[22m[39m

[31m[2m⎯⎯⎯⎯⎯⎯⎯⎯⎯⎯⎯⎯⎯⎯⎯⎯⎯⎯⎯⎯⎯⎯⎯⎯[4/5]⎯[22m[39m

[41m[1m FAIL [22m[49m [30m[45m main [49m[39m test/tests/elite-redux/coop/coop-soak-me.test.ts[2m:228:3[22m[2m > [22mNIGHTLY co-op SOAK: mid-run mystery-encounter continuation (#633 BUILD 1)[2m > [22mdrives a GUEST-OWNED ME inline (counter parity), then surveys past it, findings=0
[31m[1mSoakInvariantError[22m: [coop-soak] NO-PARK invariant breached at wave 7 (seed 828633): wave driving threw (strand/stall): PhaseInterceptor.to("CoopTurnCommitPhase") did not reach its target (soft-lock / freeze?): stuck at phase "CommandPhase", UI mode MESSAGE (=0), interceptor state "running". runTarget=true, promptTarget="CoopTurnCommitPhase".
Original: Timed out in waitUntil!. Artifact + both logs: /home/runner/work/elite-redux/elite-redux/dev-logs/coop-soak/2026-08-30T09-12-51-295Z__seed-828633__wave-7. Replay: SOAK_SEED=828633[39m
[36m [2m❯[22m fail test/tools/coop-soak-driver.ts:[2m1791:11[22m[39m
    [90m1789|[39m       phaseState: phaseStateDump(rig),
    [90m1790|[39m     });
    [90m1791|[39m     throw new SoakInvariantError(invariant, seed, wave, detail, dir);
    [90m   |[39m           [31m^[39m
    [90m1792|[39m   };
    [90m1793|[39m
[90m [2m❯[22m runCoopSoak test/tools/coop-soak-driver.ts:[2m5386:7[22m[39m
[90m [2m❯[22m test/tests/elite-redux/coop/coop-soak-me.test.ts:[2m246:20[22m[39m

[31m[2m⎯⎯⎯⎯⎯⎯⎯⎯⎯⎯⎯⎯⎯⎯⎯⎯⎯⎯⎯⎯⎯⎯⎯⎯[5/5]⎯[22m[39m


[2m Test Files [22m [1m[31m2 failed[39m[22m[90m (2)[39m
[2m      Tests [22m [1m[31m5 failed[39m[22m[90m (5)[39m
[2m   Start at [22m 09:10:23
[2m   Duration [22m 147.46s[2m (transform 43.59s, setup 54.04s, import 698ms, tests 124.23s, environment 1.90s)[22m

