{
  "invariant": "no-park",
  "seed": 20260825,
  "wave": 3,
  "detail": "wave driving threw (strand/stall): guest reward WATCH HANG: watcher neither left nor advanced past interaction 2 after 32 drains (owner terminal never arrived) - see dev-logs/coop-duo/",
  "replay": "SOAK_SEED=20260825",
  "phaseState": {
    "hostPhase": "SelectModifierPhase",
    "guestPhase": "SelectModifierPhase",
    "hostInteractionCounter": 2,
    "guestInteractionCounter": 2,
    "hostWave": 3,
    "hostBattleType": 0,
    "hostPlayerField": [
      {
        "id": 2476942507,
        "battlerIndex": 0,
        "speciesId": 143,
        "speciesName": "Snorlax",
        "hp": 297,
        "maxHp": 303,
        "fainted": false,
        "status": 0,
        "statStages": [
          0,
          1,
          0,
          0,
          -2,
          0,
          0
        ],
        "moves": [
          {
            "id": 262,
            "ppUsed": 0
          },
          {
            "id": 247,
            "ppUsed": 0
          },
          {
            "id": 53,
            "ppUsed": 0
          },
          {
            "id": 85,
            "ppUsed": 0
          }
        ],
        "coopOwner": "host"
      },
      {
        "id": 3307234738,
        "battlerIndex": 1,
        "speciesId": 445,
        "speciesName": "Garchomp",
        "hp": 235,
        "maxHp": 235,
        "fainted": false,
        "status": 0,
        "statStages": [
          0,
          0,
          0,
          0,
          0,
          0,
          0
        ],
        "moves": [
          {
            "id": 262,
            "ppUsed": 0
          },
          {
            "id": 247,
            "ppUsed": 0
          },
          {
            "id": 53,
            "ppUsed": 0
          },
          {
            "id": 85,
            "ppUsed": 0
          }
        ],
        "coopOwner": "guest"
      }
    ],
    "hostEnemyField": [
      {
        "id": 3115067556,
        "battlerIndex": 2,
        "speciesId": 32,
        "speciesName": "Nidoran♂",
        "hp": 0,
        "maxHp": 16,
        "fainted": true,
        "status": 7,
        "statStages": [
          0,
          0,
          0,
          0,
          0,
          0,
          0
        ],
        "moves": [
          {
            "id": 305,
            "ppUsed": 0
          },
          {
            "id": 445,
            "ppUsed": 0
          },
          {
            "id": 24,
            "ppUsed": 0
          },
          {
            "id": 40,
            "ppUsed": 0
          }
        ]
      },
      {
        "id": 3634673850,
        "battlerIndex": 3,
        "speciesId": 174,
        "speciesName": "Igglybuff",
        "hp": 0,
        "maxHp": 19,
        "fainted": true,
        "status": 7,
        "statStages": [
          0,
          0,
          0,
          0,
          0,
          0,
          0
        ],
        "moves": [
          {
            "id": 584,
            "ppUsed": 0
          },
          {
            "id": 120,
            "ppUsed": 0
          },
          {
            "id": 47,
            "ppUsed": 0
          },
          {
            "id": 589,
            "ppUsed": 0
          }
        ]
      }
    ],
    "guestPlayerField": [
      {
        "id": 2476942507,
        "battlerIndex": -1,
        "speciesId": 143,
        "speciesName": "Snorlax",
        "hp": 297,
        "maxHp": 303,
        "fainted": false,
        "status": 0,
        "statStages": [
          0,
          1,
          0,
          0,
          -2,
          0,
          0
        ],
        "moves": [
          {
            "id": 262,
            "ppUsed": 0
          },
          {
            "id": 247,
            "ppUsed": 0
          },
          {
            "id": 53,
            "ppUsed": 0
          },
          {
            "id": 85,
            "ppUsed": 0
          }
        ],
        "coopOwner": "host"
      },
      {
        "id": 3307234738,
        "battlerIndex": -1,
        "speciesId": 445,
        "speciesName": "Garchomp",
        "hp": 235,
        "maxHp": 235,
        "fainted": false,
        "status": 0,
        "statStages": [
          0,
          0,
          0,
          0,
          0,
          0,
          0
        ],
        "moves": [
          {
            "id": 262,
            "ppUsed": 0
          },
          {
            "id": 247,
            "ppUsed": 0
          },
          {
            "id": 53,
            "ppUsed": 0
          },
          {
            "id": 85,
            "ppUsed": 0
          }
        ],
        "coopOwner": "guest"
      }
    ],
    "guestEnemyField": [
      {
        "id": 3115067556,
        "battlerIndex": -1,
        "speciesId": 32,
        "speciesName": "Nidoran♂",
        "hp": 0,
        "maxHp": 16,
        "fainted": true,
        "status": 7,
        "statStages": [
          0,
          0,
          0,
          0,
          0,
          0,
          0
        ],
        "moves": [
          {
            "id": 305,
            "ppUsed": 0
          },
          {
            "id": 445,
            "ppUsed": 0
          },
          {
            "id": 24,
            "ppUsed": 0
          },
          {
            "id": 40,
            "ppUsed": 0
          }
        ]
      },
      {
        "id": 3634673850,
        "battlerIndex": -1,
        "speciesId": 174,
        "speciesName": "Igglybuff",
        "hp": 0,
        "maxHp": 19,
        "fainted": true,
        "status": 7,
        "statStages": [
          0,
          0,
          0,
          0,
          0,
          0,
          0
        ],
        "moves": [
          {
            "id": 584,
            "ppUsed": 0
          },
          {
            "id": 120,
            "ppUsed": 0
          },
          {
            "id": 47,
            "ppUsed": 0
          },
          {
            "id": 589,
            "ppUsed": 0
          }
        ]
      }
    ]
  },
  "actionScript": [
    "SKIP mysteryEncounterDisabledV1",
    "content seed=coop-soak-20260825 preseeded=false",
    "wave 1 turn 1: committed frontier omitted seat 1; guest remained a replay spectator until host action",
    "wave 1: host slot move=53 guest slot move=0",
    "wave 1 turn 1: progress enemyHp=[16:0/14] playerHp=[143:303/303]",
    "wave 1: reward shop owner=host leave",
    "wave 2 turn 1: replay guest crossed cmd:2:1 through real public COMMAND=opened",
    "wave 2 turn 1: staged guest-owned lead at 1 HP on both engines",
    "wave 2: host slot move=53 guest slot move=85",
    "wave 2 turn 1: forced-faint guest MEMENTO self-KO",
    "wave 2 turn 1: progress enemyHp=[10:0/14,300:17/17] playerHp=[143:297/303,94:0/179]",
    "wave 2 turn 2: replay guest crossed cmd:2:2 through real public COMMAND=opened",
    "wave 2 turn 2: guest SWITCH -> party[5]",
    "wave 2: reward shop owner=guest take-nonparty",
    "wave 3 turn 1: replay guest crossed cmd:3:1 through real public COMMAND=opened",
    "wave 3: host slot move=53 guest slot move=53",
    "wave 3 turn 1: progress enemyHp=[32:0/16,174:0/19] playerHp=[143:297/303,445:235/235]"
  ]
}