[log] [coop:session] coopAuthoritativeGuestPredicate INSTALLED
[warn] [coop:heal] playerModifier ADD typeId=MAP stack=1 (guest lacked it) -> added
[log] [coop:adopt] erMoneyStreaks host entries=0 -> restored (#837/#348)
[log] [coop:adopt] biomeOverstayAnchor host=null -> restored (#837/#504)
[log] [coop:adopt] erBiomeStructure host length=25 startWave=1 -> restored (#841 item 5)
[log] [coop:adopt] erRelicBattleState host wave=1 -> restored (#837)
[log] [coop:adopt] erLastGenericTrainerType host=none -> restored
[log] [coop:adopt] erMapState host nodes=0 travelTarget=- fragments=0 -> restored (#865/#841 item 1)
[log] [coop:adopt] erPendingNodes host count=4 revealed=2 -> restored (#865)
[log] [coop:resync] guest apply authoritativeState tick=1 wave=1 turn=1 party=6/1 field=2
[log] [coop:resync] presentation settle boundary=resync-stable side=player desired=visible ids=[2476942507] changed=0 phase=LoginPhase
[log] [coop:resync] presentation settle boundary=resync-stable side=enemy desired=visible ids=[1292114401] changed=0 phase=LoginPhase
[log] [coop:replay] guest RECV entry presentation wave=1 stateTick=2 events=0 buffered
[log] [coop:replay] guest RECV enemyPartySync wave=1 count=1 -> buffered (no waiter)
[log] [coop:replay] guest RECV entry presentation wave=1 stateTick=2 events=0 buffered
[log] [coop:replay] guest RECV enemyPartySync wave=1 count=1 -> buffered (no waiter)
[log] [coop:session] isCoopAuthoritativeGuestGated -> true (authoritative GUEST gates a structural mutation)
[log] [coop:replay] guest RECV entry presentation wave=1 stateTick=2 events=0 buffered
[log] [coop:replay] guest RECV enemyPartySync wave=1 count=1 -> buffered (no waiter)
[log] [coop:interaction] interactionCounter() read -> 0 (role=guest)
[log] [coop:checksum] capture digest=43774b9fb12c1cbf field=2 biome=0 seed=coop-soak-20260825 weather=0 terrain=0 money=0 party=[143,94,149,248,376,445] partyLevels=[65,65,65,65,65,65] arenaTags=0 modifiers=1 heldItemsDigest=0 pokeballs=[0:5,1:0,2:0,3:0,4:0] mons=[bi0:sp143/hp303-303/st0/ab5031/form0/tera0:0/boss0:0 bi2:sp16/hp14-14/st0/ab62/form0/tera0:2/boss0:0]
[log] [coop:interaction] interactionCounter() read -> 0 (role=guest)
[log] [coop:replay] guest RECV turnResolution e=1830533463717058 wave=1 turn=1 events=4 checksum=140ea41c13aaa69e -> buffered (no waiter)
[log] [coop:replay] guest RECV waveResolved wave=1 outcome=win transition=WAVE_VICTORY/next2/biome0/egg1/wild
[log] [coop:runtime] recv waveResolved wave=1 outcome=win role=guest netcode=authoritative
[log] [coop:runtime] ignore raw waveResolved for correctness wave=1 outcome=win; awaiting retained transaction
[log] [coop:v2-replica] admit rev=1 kind=WAVE_ADVANCE result=admitted frontier=1/0/0
[log] [coop:transport] send guest t=authorityReceipt t=authorityReceipt
[log] [coop:transport] send guest t=authorityReceipt t=authorityReceipt
[log] [coop:transport] send guest t=authorityReceipt t=authorityReceipt
[log] [coop:v2-replica] apply rev=1 kind=WAVE_ADVANCE resume=admitted outcome=applied control=AWAIT_SUCCESSOR/WSHADOW%2FADV%2Fw1/e1830533463717058/w1/t1/INTERACTION_COMMIT/interactionAddresses:*/controlAddresses:*/nextWave:1/next:* frontier=1/1/1
[log] [coop:transport] recv host t=authorityReceipt t=authorityReceipt handlers=1
[log] [coop:transport] recv host t=authorityReceipt t=authorityReceipt handlers=1
[log] [coop:transport] recv host t=authorityReceipt t=authorityReceipt handlers=1
[log] [coop:session] isCoopAuthoritativeGuestGated -> true (authoritative GUEST gates a structural mutation)
[log] [coop:replay] guest replay turn=1: live pump start mode=turn
[log] [coop:transport] send guest t=requestTurnCommit e=1830533463717058 wave=1 turn=1 rev=pending
[log] [coop:transport] send guest t=requestTurnCommit e=1830533463717058 wave=1 turn=1 rev=7
[log] [coop:replay] guest awaitTurn turn=1 RESOLVE (buffered race) events=4
[log] [coop:transport] recv host t=requestTurnCommit e=1830533463717058 wave=1 turn=1 rev=pending handlers=1
[log] [coop:transport] send host t=turnResolution e=1830533463717058 wave=1 turn=1 rev=7 events=4 checksum=140ea41c13aaa69e
[log] [coop:transport] recv host t=requestTurnCommit e=1830533463717058 wave=1 turn=1 rev=7 handlers=1
[log] [coop:transport] send host t=turnResolution e=1830533463717058 wave=1 turn=1 rev=7 events=4 checksum=140ea41c13aaa69e
[log] [coop:transport] recv guest t=turnResolution e=1830533463717058 wave=1 turn=1 rev=7 events=4 checksum=140ea41c13aaa69e handlers=1
[log] [coop:transport] recv guest t=turnResolution e=1830533463717058 wave=1 turn=1 rev=7 events=4 checksum=140ea41c13aaa69e handlers=1
[log] [coop:replay] guest consume live events turn=1 count=0
[log] [coop:replay] guest replay turn=1: RESOLVE renderedLive=0 remaining=4 batch=4
[log] [coop:replay] guest replay turn=1: rendering 4 event(s)
[log] [coop:replay] guest replay turn=1: present k=moveUsed
[log] [coop:replay] guest replay turn=1: present k=moveAnim
[log] [coop:session] isCoopAuthoritativeGuestGated -> true (authoritative GUEST gates a structural mutation)
[log] [coop:replay] guest replay turn=1: present k=hp
[log] [coop:session] isCoopAuthoritativeGuestGated -> true (authoritative GUEST gates a structural mutation)
[log] [coop:replay] guest replay turn=1: present k=faint
[log] [coop:session] isCoopAuthoritativeGuestGated -> true (authoritative GUEST gates a structural mutation)
[log] [coop:replay] guest replay turn=1: rendered phases [moveUsed=1 moveAnim=1 hp=1 faint=1]
[log] [coop:replay] guest replay turn=1: unshift CoopFinalizeTurnPhase (checkpoint apply deferred)
[log] [coop:session] isCoopAuthoritativeGuestGated -> true (authoritative GUEST gates a structural mutation)
[log] [coop:stream] guest IGNORE idempotent turn duplicate e=1830533463717058 wave=1 turn=1 rev=7
[log] [coop:stream] guest IGNORE idempotent turn duplicate e=1830533463717058 wave=1 turn=1 rev=7
[log] [coop:replay] present move bi=0 moveId=53 targets=1
[log] [coop:replay] present hp bi=2 14->0/14
[log] [coop:replay] present faint bi=2 narrate=true
[log] [coop:checkpoint] guest apply field=2 weather=0 terrain=0 arenaTags=0
[log] [coop:session] isCoopAuthoritativeGuestGated -> true (authoritative GUEST gates a structural mutation)
[log] [coop:adopt] erMoneyStreaks host entries=0 -> restored (#837/#348)
[log] [coop:adopt] biomeOverstayAnchor host=null -> restored (#837/#504)
[log] [coop:adopt] erBiomeStructure host length=25 startWave=1 -> restored (#841 item 5)
[log] [coop:adopt] erRelicBattleState host wave=1 -> restored (#837)
[log] [coop:adopt] erLastGenericTrainerType host=none -> restored
[log] [coop:adopt] erMapState host nodes=0 travelTarget=- fragments=0 -> restored (#865/#841 item 1)
[log] [coop:adopt] erPendingNodes host count=4 revealed=2 -> restored (#865)
[log] [coop:resync] guest apply authoritativeState tick=7 wave=1 turn=1 party=6/1 field=2
[log] [coop:resync] presentation settle boundary=resync-stable side=player desired=visible ids=[2476942507] changed=0 phase=CoopFinalizeTurnPhase
[log] [coop:resync] presentation settle boundary=wave-start-pre-intro side=enemy desired=visible ids=[] changed=0 phase=CoopFinalizeTurnPhase
[log] [coop:interaction] interactionCounter() read -> 0 (role=guest)
[log] [coop:checksum] capture digest=140ea41c13aaa69e field=2 biome=0 seed=coop-soak-20260825 weather=0 terrain=0 money=0 party=[143,94,149,248,376,445] partyLevels=[65,65,65,65,65,65] arenaTags=0 modifiers=1 heldItemsDigest=0 pokeballs=[0:5,1:0,2:0,3:0,4:0] mons=[bi0:sp143/hp303-303/st0/ab5031/form0/tera0:0/boss0:0 bi2:sp16/hp0-14/st7/ab62/form0/tera0:2/boss0:0]
[log] [coop:transport] send guest t=turnCommitAck e=1830533463717058 wave=1 turn=1 rev=7 stage=materialApplied checksum=140ea41c13aaa69e
[log] [coop:stream] guest ACK turn stage=materialApplied e=1830533463717058 wave=1 turn=1 rev=7
[log] [coop:checksum] guest finalize materialApplied e=1830533463717058 wave=1 turn=1 rev=7
[log] [coop:transport] recv host t=turnCommitAck e=1830533463717058 wave=1 turn=1 rev=7 stage=materialApplied checksum=140ea41c13aaa69e handlers=1
[log] [coop:stream] host ACCEPT turn ACK stage=materialApplied key=1830533463717058:1:1:7
[log] [coop:transport] send guest t=turnCommitAck e=1830533463717058 wave=1 turn=1 rev=7 stage=presentationReady checksum=140ea41c13aaa69e
[log] [coop:stream] guest ACK turn stage=presentationReady e=1830533463717058 wave=1 turn=1 rev=7
[log] [coop:checksum] guest finalize presentationReady e=1830533463717058 wave=1 turn=1 rev=7
[log] [coop:replay] guest finalize turn=1: END (checkpoint applied, turn-end queued)
[log] [coop:transport] recv host t=turnCommitAck e=1830533463717058 wave=1 turn=1 rev=7 stage=presentationReady checksum=140ea41c13aaa69e handlers=1
[log] [coop:stream] host ACCEPT turn ACK stage=presentationReady key=1830533463717058:1:1:7
[log] [coop:stream] guest admitted WAVE_ADVANCE continuation e=1830533463717058 wave=1
[log] [coop:runtime] wave-advance JOURNAL bootstrap wave=1 outcome=win (ACK withheld)
[log] [coop:runtime] wave-advance JOURNAL queued safe-boundary wake wave=1 unparkedReplay=0
[log] [coop:runtime] wave-advance op JOURNAL cursor-advanced id=1830533463717058:0:WAVE_ADVANCE:1 rev=1 dataApplied=false continuationReady=false (DATA applies at BattleEnd; retained ACK awaits DATA + destination continuation)
[log] [coop:transport] send guest t=coopAck cls=op:global seq=1
[log] [coop:replay] guest RECV waveEndState wave=1 tick=8
[log] [coop:runtime] ignore raw waveEndState for correctness wave=1 tick=8
[log] [coop:relay] RECV rewardOptions key=0:0 -> BUFFER rewardOptionsInbox (latest-wins) count=3
[log] [coop:rendezvous] RECV arrival point=shop:1:0 -> BUFFER (no waiter yet) role=guest
[log] [coop:transport] recv host t=coopAck cls=op:global seq=1 handlers=1
[log] [coop:session] isCoopAuthoritativeGuestGated -> true (authoritative GUEST gates a structural mutation)
[log] [coop:session] isCoopAuthoritativeGuestGated -> true (authoritative GUEST gates a structural mutation)
[log] [coop:session] isCoopAuthoritativeGuestGated -> true (authoritative GUEST gates a structural mutation)
[log] [coop:session] isCoopAuthoritativeGuestGated -> true (authoritative GUEST gates a structural mutation)
[log] [coop:runtime] consume wave-advance wave=1 outcome=win transition=WAVE_VICTORY/next2/biome0/egg1/wild (lastResolved -1 -> 1)
[log] [coop:replay] guest wave-advance outcome=win wave=1 next=WAVE_VICTORY/wave2 biomeChange=false eggLapse=true victoryKind=wild battleType=WILD queues=VictoryPhase (host-stated)
[warn] [coop:replay] guest wave-advance wave=1: replacing speculative future queue [CommandPhase,TurnStartPhase]
[log] [coop:session] isCoopAuthoritativeGuestGated -> true (authoritative GUEST gates a structural mutation)
[log] [coop:progression] GUEST applyPartyExp SKIP wave=1 koMon=Pidgey (awaiting host waveEndState)
[log] [coop-diag] VictoryPhase win-branch role=guest battleType=WILD queuesTrainerVictory=false queuesSelectModifier=true wave=1
[log] [coop:session] isCoopAuthoritativeGuestGated -> true (authoritative GUEST gates a structural mutation)
[log] [coop:session] isCoopAuthoritativeGuestGated -> true (authoritative GUEST gates a structural mutation)
[log] [coop-diag] VictoryTail role=guest wave=1 source=host-stated trainer=false egg=true biomeShop=false biomeChange=false crossroads=false nextWave=2
[log] [coop:session] isCoopAuthoritativeGuestGated -> true (authoritative GUEST gates a structural mutation)
[log] [coop:session] isCoopAuthoritativeGuestGated -> true (authoritative GUEST gates a structural mutation)
[log] [coop:session] isCoopAuthoritativeGuestGated -> true (authoritative GUEST gates a structural mutation)
[log] [coop:adopt] erMoneyStreaks host entries=0 -> restored (#837/#348)
[log] [coop:adopt] biomeOverstayAnchor host=null -> restored (#837/#504)
[log] [coop:adopt] erBiomeStructure host length=25 startWave=1 -> restored (#841 item 5)
[log] [coop:adopt] erRelicBattleState host wave=1 -> restored (#837)
[log] [coop:adopt] erLastGenericTrainerType host=none -> restored
[log] [coop:adopt] erMapState host nodes=0 travelTarget=- fragments=0 -> restored (#865/#841 item 1)
[log] [coop:adopt] erPendingNodes host count=4 revealed=2 -> restored (#865)
[log] [coop:resync] guest apply authoritativeState tick=8 wave=1 turn=2 party=6/1 field=2
[log] [coop:resync] presentation settle boundary=resync-stable side=player desired=visible ids=[2476942507] changed=0 phase=BattleEndPhase
[log] [coop:resync] presentation settle boundary=wave-start-pre-intro side=enemy desired=visible ids=[] changed=0 phase=BattleEndPhase
[log] [coop:runtime] wave-advance retained DATA boundary admitted wave=1
[log] [coop:progression] retained WAVE_ADVANCE DATA applied wave=1 tick=8
[log] [coop:progression] GUEST retained WAVE_ADVANCE BattleEnd release wave=1
[log] [coop:transport] recv guest t=envelope t=envelope handlers=1
[log] [coop:transport] send guest t=coopAck cls=op:global seq=1
[log] [coop:transport] recv host t=coopAck cls=op:global seq=1 handlers=1
[log] [coop:progression] GUEST automatic victory settlement admitted wave=1 turn=2
[log] [coop:interaction] interactionCounter() read -> 0 (role=guest)
[log] [coop:checksum] capture digest=140ea41c13aaa69e field=2 biome=0 seed=coop-soak-20260825 weather=0 terrain=0 money=0 party=[143,94,149,248,376,445] partyLevels=[65,65,65,65,65,65] arenaTags=0 modifiers=1 heldItemsDigest=0 pokeballs=[0:5,1:0,2:0,3:0,4:0] mons=[bi0:sp143/hp303-303/st0/ab5031/form0/tera0:0/boss0:0 bi2:sp16/hp0-14/st7/ab62/form0/tera0:2/boss0:0]
[log] [coop:interaction] interactionCounter() read -> 0 (role=guest)
[log] [coop:owner] ownerOf(counter=0) seat=0 -> owner=host
[log] [coop:owner] isLocalOwnerAtCounter(pinnedCounter=0) parity=0 owner=host role=guest -> false
[log] [coop:interaction] interactionCounter() read -> 0 (role=guest)
[log] [coop:reward] owner/watcher decision: pinnedStart=0 liveCounter=0 parity=0 role=guest pick=WATCHER option=ADOPT spoof=false
[log] [coop:rendezvous] ARRIVE point=shop:1:0 (send) role=guest
[log] [coop:transport] send guest t=rendezvous point=shop:1:0
[log] [coop:reward] WATCHER waits for partner's reward picks (start=0 role=guest wave=1)
[log] [coop:reward] WATCHER awaiting owner reward options (start=0 reroll=0 localCount=0)
[log] [coop:relay] AWAIT rewardOptions key=0:0 timeoutMs=1200000 -> BUFFER-HIT resolve count=3
[log] [coop:transport] recv host t=rendezvous point=shop:1:0 handlers=1
[log] [coop:shop] reconstructRewardOptions OK count=3 ids=[PP_UP,SOOTHE_BELL,POKEBALL]
[log] [coop:reward] WATCHER ADOPTED owner reward options (was=0 now=3 ids=[PP_UP,SOOTHE_BELL,POKEBALL])
[log] [coop:transport] send guest t=turnCommitAck e=1830533463717058 wave=1 turn=1 rev=7 stage=continuationReady checksum=140ea41c13aaa69e
[log] [coop:stream] guest ACK turn stage=continuationReady e=1830533463717058 wave=1 turn=1 rev=7
[log] [coop:stream] guest continuation surface=sharedInput e=1830533463717058 wave=1 turn=2 waiting=1 released=1
[log] [coop:transport] recv host t=turnCommitAck e=1830533463717058 wave=1 turn=1 rev=7 stage=continuationReady checksum=140ea41c13aaa69e handlers=1
[log] [coop:progression] retained WAVE_ADVANCE continuationReady wave=1
[log] [coop:transport] send guest t=coopAck cls=op:global seq=1
[log] [coop:transport] send guest t=coopAck cls=op:global seq=1
[log] [coop:transport] send guest t=coopAck cls=op:global seq=1
[log] [coop:interaction] mirror begin role=watcher mirrorSeq=0 interactionStart=0 reroll=0
[log] [coop:interaction] uiMirror beginSession role=watcher mode=6 seq=0 early=0
[log] [coop:transport] recv host t=coopAck cls=op:global seq=1 handlers=1
[log] [coop:transport] recv host t=coopAck cls=op:global seq=1 handlers=1
[log] [coop:transport] recv host t=coopAck cls=op:global seq=1 handlers=1
[log] [coop:relay] AWAIT interactionChoice seq=0 timeoutMs=1200000 expected=[reward,shop,skip,reroll,check,transfer,lock] -> network-wait
[log] [coop:rendezvous] RECV arrival point=shop:1:0 -> DUPLICATE (already seen) role=guest
[log] [coop:adopt] erMoneyStreaks host entries=0 -> restored (#837/#348)
[log] [coop:adopt] biomeOverstayAnchor host=null -> restored (#837/#504)
[log] [coop:adopt] erBiomeStructure host length=25 startWave=1 -> restored (#841 item 5)
[log] [coop:adopt] erRelicBattleState host wave=1 -> restored (#837)
[log] [coop:adopt] erLastGenericTrainerType host=none -> restored
[log] [coop:adopt] erMapState host nodes=0 travelTarget=- fragments=0 -> restored (#865/#841 item 1)
[log] [coop:adopt] erPendingNodes host count=4 revealed=2 -> restored (#865)
[log] [coop:resync] guest apply authoritativeState tick=9 wave=1 turn=2 party=6/1 field=2
[log] [coop:resync] presentation settle boundary=resync-stable side=player desired=visible ids=[2476942507] changed=0 phase=SelectModifierPhase
[log] [coop:resync] presentation settle boundary=wave-start-pre-intro side=enemy desired=visible ids=[] changed=0 phase=SelectModifierPhase
[log] [coop:relay] DELIVER interactionChoice seq=0 -> waiter kind=skip choice=-1 data=-
[log] [coop:relay] AWAIT interactionChoice seq=0 RESOLVE kind=skip choice=-1 data=-
[log] [coop:reward] shop authoritative RESULT applied-before-render kind=REWARD id=1830533463717058:0:REWARD:0 rev=2 tick=9
[log] [coop:transport] send guest t=coopAck cls=op:global seq=2
[log] [coop:reward] reward op WATCHER materialize retained choice=-1 terminal=true skippedObsolete=0 id=1830533463717058:0:REWARD:0
[log] [coop:reward] WATCHER applying relayed action seq=0 act=LEAVE choice=-1 data=-
[log] [coop:v2-interaction] terminal proof recorded op=1830533463717058:0:REWARD:0 role=guest seat=1 duplicate=0 ambient=1
[log] [coop:v2-interaction] phase terminal proof op=1830533463717058:0:REWARD:0 route=constructor-fallback accepted=1
[log] [coop:interaction] interactionCounter() read -> 0 (role=guest)
[log] [coop:interaction] CoopInteractionTurn.advance INCREMENT (fromCounter=0) counter 0 -> 1
[log] [coop:interaction] advanceInteraction ADVANCED+BROADCAST (fromCounter=0) counter 0 -> 1 role=guest; send interaction screen=__turn__ choice=1
[log] [coop:interaction] SEND counter snapshot reason=advance choice=1 role=guest
[log] [coop:transport] send guest t=interaction screen=__turn__
[log] [coop:owner] ownerOf(counter=1) seat=1 -> owner=guest
[log] [coop:owner] ownerOf(counter=1) seat=1 -> owner=guest
[log] [coop:interaction] interactionCounter() read -> 1 (role=guest)
[log] [coop:reward] advance interaction (role=guest from=0 counter 0 -> 1)
[log] [coop:session] isCoopAuthoritativeGuestGated -> true (authoritative GUEST gates a structural mutation)
[log] [coop:transport] recv host t=coopAck cls=op:global seq=2 handlers=1
[log] [coop:transport] recv host t=interaction screen=__turn__ handlers=1
[log] [coop:interaction] interactionCounter() read -> 1 (role=guest)
[log] [coop:interaction] interactionCounter() read -> 1 (role=guest)
[log] [coop:interaction] RECV interaction broadcast (deferred catch-up net) received=1 localBefore=1 role=guest -> no defer (local >= received)
[warn] [coop:interaction] CoopInteractionTurn.mergeRemote DEFER (remote=1, counter=1, pendingRemote=1) live counter UNCHANGED (folds in at next advance if still ahead)
[log] [coop:owner] ownerOf(counter=1) seat=1 -> owner=guest
[log] [coop:owner] ownerOf(counter=1) seat=1 -> owner=guest
[log] [coop:stream] guest RECV ghostPool count=0 -> handler
[log] [coop:replay] guest RECV enemyPartySync wave=2 count=2 -> buffered (no waiter)
[log] [coop:rendezvous] RECV arrival point=cmd:1:1 -> DUPLICATE (already seen) role=guest
[log] [coop:replay] guest RECV entry presentation wave=2 stateTick=11 events=14 buffered
[log] [coop:replay] guest RECV enemyPartySync wave=2 count=2 -> buffered (no waiter)
[log] [coop:rendezvous] RECV arrival point=cmd:2:1 -> BUFFER (no waiter yet) role=guest
[log] [coop:battletype] wave=2 HOST verdict: WILD - adopting (#867)
[log] [coop:me] wave=2 HOST verdict: NO ME - local presence roll suppressed (#862)
[log] [coop:session] isCoopAuthoritativeGuestGated -> true (authoritative GUEST gates a structural mutation)
[log] [coop:interaction] interactionCounter() read -> 1 (role=guest)
[log] [coop:renderer] cleared unmatched authoritative-guest player trainer
[log] [coop:stream] guest consumeEnemyParty wave=2 -> 2 enemies
[log] [coop:enemy] buildCoopEnemy ADOPT trainerSlot=0 species=10 form=0 lv=2 abilityIdx=1 nature=0 gender=1 shiny=false tera=0:6 hp=14/14 moves=2 heldItems=0
[log] [coop:enemy] buildCoopEnemy ADOPT trainerSlot=0 species=300 form=0 lv=3 abilityIdx=0 nature=0 gender=1 shiny=false tera=0:0 hp=17/17 moves=4 heldItems=0
[log] [coop:adopt] erMoneyStreaks host entries=0 -> restored (#837/#348)
[log] [coop:adopt] biomeOverstayAnchor host=null -> restored (#837/#504)
[log] [coop:adopt] erBiomeStructure host length=25 startWave=1 -> restored (#841 item 5)
[log] [coop:adopt] erRelicBattleState host wave=2 -> restored (#837)
[log] [coop:adopt] erLastGenericTrainerType host=none -> restored
[log] [coop:adopt] erMapState host nodes=0 travelTarget=- fragments=0 -> restored (#865/#841 item 1)
[log] [coop:adopt] erPendingNodes host count=4 revealed=2 -> restored (#865)
[log] [coop:resync] guest apply authoritativeState tick=11 wave=2 turn=1 party=6/2 field=4
[log] [coop:resync] presentation settle boundary=resync-stable side=player desired=visible ids=[2476942507,1985920960] changed=1 phase=NextEncounterPhase
[log] [coop:resync] presentation settle boundary=resync-stable side=enemy desired=visible ids=[2804414183,4093823179] changed=2 phase=NextEncounterPhase
[log] [coop:resync] render differ: newly presented id=2804414183 key=pkmn__10 -> load atlas
[log] [coop:resync] render differ: newly presented id=4093823179 key=pkmn__300 -> load atlas
[log] [coop:resync] render differ: newly presented id=1985920960 key=pkmn__back__94 -> load atlas
[log] [coop:resync] presentation settle boundary=wave-start-pre-intro side=enemy desired=hidden ids=[2804414183,4093823179] changed=2 phase=NextEncounterPhase
[log] [coop:resync] presentation settle boundary=encounter-summon side=enemy desired=visible ids=[2804414183,4093823179] changed=0 phase=NextEncounterPhase
[log] [coop:resync] presentation settle boundary=launch-ready side=player desired=visible ids=[2476942507,1985920960] changed=0 phase=NextEncounterPhase
[log] [coop:session] isCoopAuthoritativeGuestGated -> true (authoritative GUEST gates a structural mutation)
[log] [coop:session] isCoopAuthoritativeGuestGated -> true (authoritative GUEST gates a structural mutation)
[log] [coop:session] isCoopAuthoritativeGuestGated -> true (authoritative GUEST gates a structural mutation)
[log] [coop:session] isCoopAuthoritativeGuestGated -> true (authoritative GUEST gates a structural mutation)
[log] [coop:session] isCoopAuthoritativeGuestGated -> true (authoritative GUEST gates a structural mutation)
[log] [coop:session] isCoopAuthoritativeGuestGated -> true (authoritative GUEST gates a structural mutation)
[log] [coop:replay] guest replay turn=1: awaiting retained entry presentation
[warn] [coop:resync] authoritativeState tick=11 STALE (lastApplied=11) -> REJECTED (#807)
[log] [coop:adopt] erMoneyStreaks host entries=0 -> restored (#837/#348)
[log] [coop:adopt] biomeOverstayAnchor host=null -> restored (#837/#504)
[log] [coop:adopt] erBiomeStructure host length=25 startWave=1 -> restored (#841 item 5)
[log] [coop:adopt] erRelicBattleState host wave=2 -> restored (#837)
[log] [coop:adopt] erLastGenericTrainerType host=none -> restored
[log] [coop:adopt] erMapState host nodes=0 travelTarget=- fragments=0 -> restored (#865/#841 item 1)
[log] [coop:adopt] erPendingNodes host count=4 revealed=2 -> restored (#865)
[log] [coop:resync] guest reassert authoritativeState tick=11 wave=2 turn=1 party=6/2 field=4
[log] [coop:resync] presentation settle boundary=resync-stable side=player desired=visible ids=[2476942507,1985920960] changed=0 phase=CoopReplayTurnPhase
[log] [coop:resync] presentation settle boundary=resync-stable side=enemy desired=visible ids=[2804414183,4093823179] changed=0 phase=CoopReplayTurnPhase
[log] [coop:replay] guest replay turn=1: rendering 14 event(s)
[log] [coop:replay] guest replay turn=1: present k=showAbility
[log] [coop:session] isCoopAuthoritativeGuestGated -> true (authoritative GUEST gates a structural mutation)
[log] [coop:replay] guest replay turn=1: present k=message
[log] [coop:turn] host recorder: append turn=1 seq=14 k=message total=15 live=true
[log] [coop:replay] guest replay turn=1: present k=statStage
[log] [coop:session] isCoopAuthoritativeGuestGated -> true (authoritative GUEST gates a structural mutation)
[log] [coop:replay] guest replay turn=1: present k=message
[log] [coop:turn] host recorder: append turn=1 seq=15 k=message total=16 live=true
[log] [coop:replay] guest replay turn=1: present k=statStage
[log] [coop:session] isCoopAuthoritativeGuestGated -> true (authoritative GUEST gates a structural mutation)
[log] [coop:replay] guest replay turn=1: present k=hideAbility
[log] [coop:session] isCoopAuthoritativeGuestGated -> true (authoritative GUEST gates a structural mutation)
[log] [coop:replay] guest replay turn=1: present k=showAbility
[log] [coop:session] isCoopAuthoritativeGuestGated -> true (authoritative GUEST gates a structural mutation)
[log] [coop:replay] guest replay turn=1: present k=moveUsed
[log] [coop:turn] host recorder: append turn=1 seq=16 k=message total=17 live=true
[log] [coop:replay] guest replay turn=1: present k=moveAnim
[log] [coop:session] isCoopAuthoritativeGuestGated -> true (authoritative GUEST gates a structural mutation)
[log] [coop:replay] guest replay turn=1: present k=message
[log] [coop:turn] host recorder: append turn=1 seq=17 k=message total=18 live=true
[log] [coop:replay] guest replay turn=1: present k=statStage
[log] [coop:session] isCoopAuthoritativeGuestGated -> true (authoritative GUEST gates a structural mutation)
[log] [coop:replay] guest replay turn=1: present k=message
[log] [coop:turn] host recorder: append turn=1 seq=18 k=message total=19 live=true
[log] [coop:replay] guest replay turn=1: present k=statStage
[log] [coop:session] isCoopAuthoritativeGuestGated -> true (authoritative GUEST gates a structural mutation)
[log] [coop:replay] guest replay turn=1: present k=hideAbility
[log] [coop:session] isCoopAuthoritativeGuestGated -> true (authoritative GUEST gates a structural mutation)
[log] [coop:replay] guest replay turn=1: rendered phases [showAbility=2 message=4 statStage=4 hideAbility=2 moveUsed=1 moveAnim=1]
[log] [coop:replay] guest replay turn=1: retained entry presentation queued stateTick=11 events=14; awaiting exact outcome proof
[log] [coop:session] isCoopAuthoritativeGuestGated -> true (authoritative GUEST gates a structural mutation)
[log] [coop:replay] present statStage bi=3 stat=3 -> -1
[log] [coop:replay] present statStage bi=3 stat=3 set to -1 NO tween (delta=0 anims=false)
[log] [coop:replay] present statStage bi=2 stat=3 -> -1
[log] [coop:replay] present statStage bi=2 stat=3 set to -1 NO tween (delta=0 anims=false)
[log] [coop:replay] present move bi=2 moveId=81 targets=2
[log] [coop:replay] present statStage bi=1 stat=5 -> -2
[log] [coop:replay] present statStage bi=1 stat=5 set to -2 NO tween (delta=0 anims=false)
[log] [coop:replay] present statStage bi=0 stat=5 -> -2
[log] [coop:replay] present statStage bi=0 stat=5 set to -2 NO tween (delta=0 anims=false)
[log] [coop:replay] guest pre-command presentation PROVED wave=2 turn=1 events=14
[log] [coop:stream] guest consumeEnemyParty wave=2 -> null (buffered=none)
[log] [coop:battle] CommandPhase slot=0 turn=1 owner=host role=guest -> partner path
[log] [coop:stream] guest consumeEnemyParty wave=2 -> null (buffered=none)
[log] [coop:rendezvous] ARRIVE point=cmd:2:1 (send) role=guest
[log] [coop:transport] send guest t=rendezvous point=cmd:2:1
[log] [coop:rendezvous] next-command barrier cmd:2:1 SYNC pass (partner already arrived)
[log] [coop:stream] guest consumeEnemyParty wave=2 -> null (buffered=none)
[log] [coop:transport] send guest t=coopAck cls=op:global seq=2
[log] [coop:transport] send guest t=coopAck cls=op:global seq=2
[log] [coop:transport] recv host t=rendezvous point=cmd:2:1 handlers=1
[log] [coop:transport] recv host t=coopAck cls=op:global seq=2 handlers=1
[log] [coop:transport] recv host t=coopAck cls=op:global seq=2 handlers=1
[log] [coop:rendezvous] RECV arrival point=cmd:2:1 -> DUPLICATE (already seen) role=guest
[log] [coop:replay] guest IGNORE duplicate consumed entry presentation wave=2
[log] [coop:replay] guest RECV enemyPartySync wave=2 count=2 -> buffered (no waiter)
[log] [coop:interaction] interactionCounter() read -> 1 (role=guest)
[log] [coop:checksum] capture digest=e812f6c271c5c9c5 field=4 biome=0 seed=coop-soak-20260825 weather=0 terrain=0 money=0 party=[143,94,149,248,376,445] partyLevels=[65,65,65,65,65,65] arenaTags=0 modifiers=1 heldItemsDigest=0 pokeballs=[0:5,1:0,2:0,3:0,4:0] mons=[bi0:sp143/hp303-303/st0/ab5031/form0/tera0:0/boss0:0 bi1:sp94/hp179-179/st0/ab5067/form0/tera0:7/boss0:0 bi2:sp10/hp14-14/st0/ab5269/form0/tera0:6/boss0:0 bi3:sp300/hp17-17/st0/ab96/form0/tera0:0/boss0:0]
[log] [coop:interaction] interactionCounter() read -> 1 (role=guest)
[log] [coop:replay] guest IGNORE duplicate consumed entry presentation wave=2
[log] [coop:replay] guest RECV enemyPartySync wave=2 count=2 -> buffered (no waiter)
[log] [coop:replay] guest RECV turnResolution e=1830533463717058 wave=2 turn=1 events=38 checksum=c786552ffdc5270d -> buffered (no waiter)
[log] [coop:session] isCoopAuthoritativeGuestGated -> true (authoritative GUEST gates a structural mutation)
[log] [coop:replay] guest replay turn=1: live pump start mode=turn
[log] [coop:replay] guest replay turn=1: advance local watermark 0->14
[log] [coop:session] isCoopAuthoritativeGuestGated -> true (authoritative GUEST gates a structural mutation)
[log] [coop:transport] send guest t=requestTurnCommit e=1830533463717058 wave=2 turn=1 rev=pending
[log] [coop:transport] send guest t=requestTurnCommit e=1830533463717058 wave=2 turn=1 rev=16
[log] [coop:replay] guest awaitTurn turn=1 RESOLVE (buffered race) events=38
[log] [coop:transport] recv host t=requestTurnCommit e=1830533463717058 wave=2 turn=1 rev=pending handlers=1
[log] [coop:transport] send host t=turnResolution e=1830533463717058 wave=2 turn=1 rev=16 events=38 checksum=c786552ffdc5270d
[log] [coop:transport] recv host t=requestTurnCommit e=1830533463717058 wave=2 turn=1 rev=16 handlers=1
[log] [coop:transport] send host t=turnResolution e=1830533463717058 wave=2 turn=1 rev=16 events=38 checksum=c786552ffdc5270d
[log] [coop:transport] recv guest t=turnResolution e=1830533463717058 wave=2 turn=1 rev=16 events=38 checksum=c786552ffdc5270d handlers=1
[log] [coop:transport] recv guest t=turnResolution e=1830533463717058 wave=2 turn=1 rev=16 events=38 checksum=c786552ffdc5270d handlers=1
[log] [coop:replay] guest consume live events turn=1 count=0
[log] [coop:replay] guest replay turn=1: RESOLVE renderedLive=14 remaining=24 batch=38
[log] [coop:replay] guest replay turn=1: rendering 24 event(s)
[log] [coop:replay] guest replay turn=1: present k=message
[log] [coop:replay] guest replay turn=1: present k=message
[log] [coop:replay] guest replay turn=1: present k=message
[log] [coop:replay] guest replay turn=1: present k=message
[log] [coop:replay] guest replay turn=1: present k=message
[log] [coop:replay] guest replay turn=1: present k=moveUsed
[log] [coop:replay] guest replay turn=1: present k=moveAnim
[log] [coop:session] isCoopAuthoritativeGuestGated -> true (authoritative GUEST gates a structural mutation)
[log] [coop:replay] guest replay turn=1: present k=hp
[log] [coop:session] isCoopAuthoritativeGuestGated -> true (authoritative GUEST gates a structural mutation)
[log] [coop:replay] guest replay turn=1: present k=faint
[log] [coop:session] isCoopAuthoritativeGuestGated -> true (authoritative GUEST gates a structural mutation)
[log] [coop:replay] guest replay turn=1: present k=message
[log] [coop:replay] guest replay turn=1: present k=statStage
[log] [coop:session] isCoopAuthoritativeGuestGated -> true (authoritative GUEST gates a structural mutation)
[log] [coop:replay] guest replay turn=1: present k=message
[log] [coop:replay] guest replay turn=1: present k=statStage
[log] [coop:session] isCoopAuthoritativeGuestGated -> true (authoritative GUEST gates a structural mutation)
[log] [coop:replay] guest replay turn=1: present k=moveUsed
[log] [coop:replay] guest replay turn=1: present k=moveAnim
[log] [coop:session] isCoopAuthoritativeGuestGated -> true (authoritative GUEST gates a structural mutation)
[log] [coop:replay] guest replay turn=1: present k=hp
[log] [coop:session] isCoopAuthoritativeGuestGated -> true (authoritative GUEST gates a structural mutation)
[log] [coop:replay] guest replay turn=1: present k=faint
[log] [coop:session] isCoopAuthoritativeGuestGated -> true (authoritative GUEST gates a structural mutation)
[log] [coop:replay] guest replay turn=1: present k=message
[log] [coop:replay] guest replay turn=1: present k=moveUsed
[log] [coop:replay] guest replay turn=1: present k=moveAnim
[log] [coop:session] isCoopAuthoritativeGuestGated -> true (authoritative GUEST gates a structural mutation)
[log] [coop:replay] guest replay turn=1: present k=hp
[log] [coop:session] isCoopAuthoritativeGuestGated -> true (authoritative GUEST gates a structural mutation)
[log] [coop:replay] guest replay turn=1: present k=moveAnim
[log] [coop:session] isCoopAuthoritativeGuestGated -> true (authoritative GUEST gates a structural mutation)
[log] [coop:replay] guest replay turn=1: present k=hp
[log] [coop:session] isCoopAuthoritativeGuestGated -> true (authoritative GUEST gates a structural mutation)
[log] [coop:replay] guest replay turn=1: present k=message
[log] [coop:replay] guest replay turn=1: rendered phases [message=9 moveUsed=3 moveAnim=4 hp=4 faint=2 statStage=2]
[log] [coop:replay] guest replay turn=1: unshift CoopFinalizeTurnPhase (checkpoint apply deferred)
[log] [coop:session] isCoopAuthoritativeGuestGated -> true (authoritative GUEST gates a structural mutation)
[log] [coop:stream] guest IGNORE idempotent turn duplicate e=1830533463717058 wave=2 turn=1 rev=16
[log] [coop:stream] guest IGNORE idempotent turn duplicate e=1830533463717058 wave=2 turn=1 rev=16
[log] [coop:interaction] interactionCounter() read -> 1 (role=host)
[log] [coop:health] tick=0g turn=1 wave=2 counter=1 assertions=0 wait=3848ms machineWaits=coop-rendezvous:cmd:1:1@3848ms peerBeat=- lastRx=0s transport=connected journal=2/0 queue=0
[log] [coop:interaction] interactionCounter() read -> 1 (role=guest)
[log] [coop:health] tick=0g turn=1 wave=2 counter=1 assertions=0 wait=3849ms machineWaits=coop-rendezvous:cmd:1:1@3849ms peerBeat=- lastRx=0s transport=connected journal=0/0 queue=0
[log] [coop:replay] present move bi=1 moveId=262 targets=1
[log] [coop:replay] present hp bi=1 1->0/179
[log] [coop:replay] present faint bi=1 narrate=true
[log] [coop:session] isCoopAuthoritativeGuestGated -> true (authoritative GUEST gates a structural mutation)
[warn] [coop:rendezvous] RENDEZVOUS RECOVERY RETRY point=cmd:1:1 attempt=2/7 after 2000ms - partner never arrived; RETRANSMITTING and KEEPING BOUNDARY CLOSED role=host
[log] [coop:transport] send host t=rendezvous point=cmd:1:1
[log] [coop:transport] recv guest t=rendezvous point=cmd:1:1 handlers=1
[log] [coop:rendezvous] RECV arrival point=cmd:1:1 -> DUPLICATE (already seen) role=guest
[log] [coop:replay] guest own-faint picker OPEN slot=1 seq=90001 (choose your replacement)
[log] [coop:replay] guest own-faint picker PICK slot=1 -> party[3] seq=90001
[log] [coop:relay] SEND interactionChoice seq=90001 kind=switch kind=? choice=3 data=[0,248,1830533463717058,200001002214,0,22]
[log] [coop:transport] send guest t=interactionChoice seq=90001 kind=switch choice=3
[log] [coop:transport] recv host t=interactionChoice seq=90001 kind=switch choice=3 handlers=1
[log] [coop:relay] DELIVER interactionChoice seq=90001 -> waiter kind=switch choice=3 data=[0,248,1830533463717058,200001002214,0,22]
[log] [coop:relay] AWAIT interactionChoice seq=90001 RESOLVE kind=switch choice=3 data=[0,248,1830533463717058,200001002214,0,22]
[log] [coop:transport] recv guest t=envelope t=envelope handlers=1
[log] [coop:replay] faint-switch authority APPLIED op=1830533463717058:1:FAINT_SWITCH:200001002214 window=1830533463717058:1:2:1:22:1:FAINT_SWITCH_PROPOSAL -> cancelled exact intent retry
[log] [coop:transport] send guest t=coopAck cls=op:global seq=3
[log] [coop:transport] recv host t=coopAck cls=op:global seq=3 handlers=1
[log] [coop:durability] host RELEASE contiguous acknowledged authority cls=op:global seq=3
[log] [coop:replay] present statStage bi=2 stat=1 -> -2
[log] [coop:replay] present statStage bi=2 stat=1 set to -2 NO tween (delta=-2 anims=false)
[log] [coop:replay] present statStage bi=2 stat=3 -> -3
[log] [coop:replay] present statStage bi=2 stat=3 set to -3 NO tween (delta=-2 anims=false)
[log] [coop:replay] present move bi=0 moveId=53 targets=1
[log] [coop:replay] present hp bi=2 14->0/14
[log] [coop:replay] present faint bi=2 narrate=true
[log] [coop:replay] present move bi=3 moveId=3 targets=1
[log] [coop:replay] present hp bi=0 303->300/303
[log] [coop:replay] present move bi=3 moveId=3 targets=1
[log] [coop:replay] present hp bi=0 300->297/303
[log] [coop:checkpoint] guest apply field=4 weather=0 terrain=0 arenaTags=0
[log] [coop:session] isCoopAuthoritativeGuestGated -> true (authoritative GUEST gates a structural mutation)
[log] [coop:adopt] erMoneyStreaks host entries=1 -> restored (#837/#348)
[log] [coop:adopt] biomeOverstayAnchor host=null -> restored (#837/#504)
[log] [coop:adopt] erBiomeStructure host length=25 startWave=1 -> restored (#841 item 5)
[log] [coop:adopt] erRelicBattleState host wave=2 -> restored (#837)
[log] [coop:adopt] erLastGenericTrainerType host=none -> restored
[log] [coop:adopt] erMapState host nodes=0 travelTarget=- fragments=0 -> restored (#865/#841 item 1)
[log] [coop:adopt] erPendingNodes host count=4 revealed=2 -> restored (#865)
[log] [coop:resync] guest apply authoritativeState tick=16 wave=2 turn=1 party=6/2 field=4
[log] [coop:resync] presentation settle boundary=resync-stable side=player desired=visible ids=[2476942507] changed=0 phase=CoopFinalizeTurnPhase
[log] [coop:resync] presentation settle boundary=resync-stable side=enemy desired=visible ids=[4093823179] changed=0 phase=CoopFinalizeTurnPhase
[log] [coop:interaction] interactionCounter() read -> 1 (role=guest)
[log] [coop:checksum] capture digest=c786552ffdc5270d field=4 biome=0 seed=coop-soak-20260825 weather=0 terrain=0 money=0 party=[143,94,149,248,376,445] partyLevels=[65,65,65,65,65,65] arenaTags=0 modifiers=1 heldItemsDigest=0 pokeballs=[0:5,1:0,2:0,3:0,4:0] mons=[bi0:sp143/hp297-303/st0/ab5031/form0/tera0:0/boss0:0 bi1:sp94/hp0-179/st7/ab5067/form0/tera0:7/boss0:0 bi2:sp10/hp0-14/st7/ab5269/form0/tera0:6/boss0:0 bi3:sp300/hp17-17/st0/ab96/form0/tera0:0/boss0:0]
[log] [coop:transport] send guest t=turnCommitAck e=1830533463717058 wave=2 turn=1 rev=16 stage=materialApplied checksum=c786552ffdc5270d
[log] [coop:stream] guest ACK turn stage=materialApplied e=1830533463717058 wave=2 turn=1 rev=16
[log] [coop:checksum] guest finalize materialApplied e=1830533463717058 wave=2 turn=1 rev=16
[log] [coop:transport] recv host t=turnCommitAck e=1830533463717058 wave=2 turn=1 rev=16 stage=materialApplied checksum=c786552ffdc5270d handlers=1
[log] [coop:stream] host ACCEPT turn ACK stage=materialApplied key=1830533463717058:2:1:16
[log] [coop:transport] send guest t=turnCommitAck e=1830533463717058 wave=2 turn=1 rev=16 stage=presentationReady checksum=c786552ffdc5270d
[log] [coop:stream] guest ACK turn stage=presentationReady e=1830533463717058 wave=2 turn=1 rev=16
[log] [coop:checksum] guest finalize presentationReady e=1830533463717058 wave=2 turn=1 rev=16
[log] [coop:replay] guest finalize turn=1: END (checkpoint applied, turn-end queued)
[log] [coop:transport] recv host t=turnCommitAck e=1830533463717058 wave=2 turn=1 rev=16 stage=presentationReady checksum=c786552ffdc5270d handlers=1
[log] [coop:stream] host ACCEPT turn ACK stage=presentationReady key=1830533463717058:2:1:16
[log] [coop:rendezvous] ARRIVE point=cmd:2:2 (send) role=guest
[log] [coop:transport] send guest t=rendezvous point=cmd:2:2
[log] [coop:transport] recv host t=rendezvous point=cmd:2:2 handlers=1
[log] [coop:transport] send host t=phaseRoute epoch=1830533463717058 rev=1 point=cmd:1:1 displaced=cmd:2:2
[log] [coop:transport] recv guest t=phaseRoute epoch=1830533463717058 rev=1 point=cmd:1:1 displaced=cmd:2:2 handlers=1
[log] [coop:transport] send guest t=phaseRouteAck epoch=1830533463717058 rev=1
[log] [coop:transport] recv host t=phaseRouteAck epoch=1830533463717058 rev=1 handlers=1
[log] [coop:rendezvous] host phaseRoute ACKED rev=1 authoritative=cmd:1:1 displaced=cmd:2:2
[log] [coop:rendezvous] AWAIT point=cmd:1:1 CROSS-POINT release (partner at cmd:2:2) role=host
[log] [coop:rendezvous] next-command barrier cmd:1:1 host-authoritative route ACKED (partner had cmd:2:2); opening UI
[log] [coop:rendezvous] RECV arrival point=cmd:2:2 -> BUFFER (no waiter yet) role=guest
[log] [coop:session] isCoopAuthoritativeGuestGated -> true (authoritative GUEST gates a structural mutation)
[log] [coop:session] isCoopAuthoritativeGuestGated -> true (authoritative GUEST gates a structural mutation)
[log] [coop:session] isCoopAuthoritativeGuestGated -> true (authoritative GUEST gates a structural mutation)
[log] [coop:session] isCoopAuthoritativeGuestGated -> true (authoritative GUEST gates a structural mutation)
[log] [coop:battle] CommandPhase slot=0 turn=2 owner=host role=guest -> partner path
[log] [coop-diag] turn-start authoritative guard mode=authoritative role=guest turn=2 diverts=true
[log] [coop:session] isCoopAuthoritativeGuestGated -> true (authoritative GUEST gates a structural mutation)
[log] [coop:replay] guest replay turn=2: live pump start mode=turn
[log] [coop:transport] send guest t=turnCommitAck e=1830533463717058 wave=2 turn=1 rev=16 stage=continuationReady checksum=c786552ffdc5270d
[log] [coop:stream] guest ACK turn stage=continuationReady e=1830533463717058 wave=2 turn=1 rev=16
[log] [coop:stream] guest continuation surface=rendererWait e=1830533463717058 wave=2 turn=2 waiting=1 released=1
[log] [coop:transport] recv host t=turnCommitAck e=1830533463717058 wave=2 turn=1 rev=16 stage=continuationReady checksum=c786552ffdc5270d handlers=1
[log] [coop:checkpoint] guest prepare OUT-OF-BAND checkpoint mid-park reason=replacement turn=2
[log] [coop:checkpoint] guest apply field=4 weather=0 terrain=0 arenaTags=0
[log] [coop:field] player PASS2 reposition speciesId=248 from=3 to=1 bi=1
[log] [coop:session] isCoopAuthoritativeGuestGated -> true (authoritative GUEST gates a structural mutation)
[log] [coop:adopt] erMoneyStreaks host entries=1 -> restored (#837/#348)
[log] [coop:adopt] biomeOverstayAnchor host=null -> restored (#837/#504)
[log] [coop:adopt] erBiomeStructure host length=25 startWave=1 -> restored (#841 item 5)
[log] [coop:adopt] erRelicBattleState host wave=2 -> restored (#837)
[log] [coop:adopt] erLastGenericTrainerType host=none -> restored
[log] [coop:adopt] erMapState host nodes=0 travelTarget=- fragments=0 -> restored (#865/#841 item 1)
[log] [coop:adopt] erPendingNodes host count=4 revealed=2 -> restored (#865)
[log] [coop:resync] guest apply authoritativeState tick=18 wave=2 turn=2 party=6/2 field=4
[log] [coop:resync] presentation settle boundary=resync-stable side=player desired=visible ids=[2476942507,219200235] changed=0 phase=CoopReplayTurnPhase
[log] [coop:resync] presentation settle boundary=resync-stable side=enemy desired=visible ids=[4093823179] changed=0 phase=CoopReplayTurnPhase
[log] [coop:interaction] interactionCounter() read -> 1 (role=guest)
[log] [coop:checksum] capture digest=af20a654e090807b field=4 biome=0 seed=coop-soak-20260825 weather=0 terrain=0 money=0 party=[143,248,149,94,376,445] partyLevels=[65,65,65,65,65,65] arenaTags=0 modifiers=1 heldItemsDigest=0 pokeballs=[0:5,1:0,2:0,3:0,4:0] mons=[bi0:sp143/hp297-303/st0/ab5031/form0/tera0:0/boss0:0 bi1:sp248/hp225-225/st0/ab5101/form0/tera0:5/boss0:0 bi2:sp10/hp0-14/st7/ab5269/form0/tera0:6/boss0:0 bi3:sp300/hp17-17/st0/ab96/form0/tera0:0/boss0:0]
[log] [coop:checkpoint] guest replacement transaction COMMIT host=guest=af20a654e090807b checkpoint=applied state=applied
[log] [coop:transport] send guest t=battleCheckpointAck reason=replacement e=1830533463717058 wave=2 turn=2 rev=18 stage=materialApplied checksum=af20a654e090807b
[log] [coop:stream] guest ACK replacement stage=materialApplied e=1830533463717058 wave=2 turn=2 rev=18
[log] [coop:transport] send guest t=battleCheckpointAck reason=replacement e=1830533463717058 wave=2 turn=2 rev=18 stage=presentationReady checksum=af20a654e090807b
[log] [coop:stream] guest ACK replacement stage=presentationReady e=1830533463717058 wave=2 turn=2 rev=18
[log] [coop:replay] guest replay turn=2: replacement filled OUR slot 1 -> opening own CommandPhase
[log] [coop:session] isCoopAuthoritativeGuestGated -> true (authoritative GUEST gates a structural mutation)
[log] [coop:session] isCoopAuthoritativeGuestGated -> true (authoritative GUEST gates a structural mutation)
[log] [coop:transport] recv host t=battleCheckpointAck reason=replacement e=1830533463717058 wave=2 turn=2 rev=18 stage=materialApplied checksum=af20a654e090807b handlers=1
[log] [coop:transport] recv host t=battleCheckpointAck reason=replacement e=1830533463717058 wave=2 turn=2 rev=18 stage=presentationReady checksum=af20a654e090807b handlers=1
[log] [coop:rendezvous] next-command barrier cmd:2:2 SYNC pass (partner already arrived)
[log] [coop:transport] send guest t=battleCheckpointAck reason=replacement e=1830533463717058 wave=2 turn=2 rev=18 stage=continuationReady checksum=af20a654e090807b
[log] [coop:stream] guest ACK replacement stage=continuationReady e=1830533463717058 wave=2 turn=2 rev=18
[log] [coop:stream] guest continuation surface=command e=1830533463717058 wave=2 turn=2 waiting=1 released=1
[log] [coop:transport] send guest t=coopAck cls=op:global seq=3
[log] [coop:transport] send guest t=coopAck cls=op:global seq=3
[log] [coop:transport] recv host t=battleCheckpointAck reason=replacement e=1830533463717058 wave=2 turn=2 rev=18 stage=continuationReady checksum=af20a654e090807b handlers=1
[log] [coop:transport] recv host t=coopAck cls=op:global seq=3 handlers=1
[log] [coop:transport] recv host t=coopAck cls=op:global seq=3 handlers=1
[log] [coop:replay] guest RECV turnResolution e=1830533463717058 wave=2 turn=2 events=6 checksum=8609f1752e7d20e7 -> buffered (no waiter)
[log] [coop:replay] guest RECV waveResolved wave=2 outcome=win transition=WAVE_VICTORY/next3/biome0/egg1/wild
[log] [coop:runtime] recv waveResolved wave=2 outcome=win role=guest netcode=authoritative
[log] [coop:runtime] ignore raw waveResolved for correctness wave=2 outcome=win; awaiting retained transaction
[log] [coop:session] isCoopAuthoritativeGuestGated -> true (authoritative GUEST gates a structural mutation)
[log] [coop:replay] guest replay turn=2: live pump start mode=turn
[log] [coop:transport] send guest t=requestTurnCommit e=1830533463717058 wave=2 turn=2 rev=pending
[log] [coop:transport] send guest t=requestTurnCommit e=1830533463717058 wave=2 turn=2 rev=21
[log] [coop:replay] guest awaitTurn turn=2 RESOLVE (buffered race) events=6
[log] [coop:transport] recv host t=requestTurnCommit e=1830533463717058 wave=2 turn=2 rev=pending handlers=1
[log] [coop:transport] send host t=turnResolution e=1830533463717058 wave=2 turn=2 rev=21 events=6 checksum=8609f1752e7d20e7
[log] [coop:transport] recv host t=requestTurnCommit e=1830533463717058 wave=2 turn=2 rev=21 handlers=1
[log] [coop:transport] send host t=turnResolution e=1830533463717058 wave=2 turn=2 rev=21 events=6 checksum=8609f1752e7d20e7
[log] [coop:transport] recv guest t=turnResolution e=1830533463717058 wave=2 turn=2 rev=21 events=6 checksum=8609f1752e7d20e7 handlers=1
[log] [coop:transport] recv guest t=turnResolution e=1830533463717058 wave=2 turn=2 rev=21 events=6 checksum=8609f1752e7d20e7 handlers=1
[log] [coop:replay] guest consume live events turn=2 count=0
[log] [coop:replay] guest replay turn=2: RESOLVE renderedLive=0 remaining=6 batch=6
[log] [coop:replay] guest replay turn=2: rendering 6 event(s)
[log] [coop:replay] guest replay turn=2: present k=switch
[log] [coop:session] isCoopAuthoritativeGuestGated -> true (authoritative GUEST gates a structural mutation)
[log] [coop:replay] guest replay turn=2: present k=switch
[log] [coop:session] isCoopAuthoritativeGuestGated -> true (authoritative GUEST gates a structural mutation)
[log] [coop:replay] guest replay turn=2: present k=moveUsed
[log] [coop:replay] guest replay turn=2: present k=moveAnim
[log] [coop:session] isCoopAuthoritativeGuestGated -> true (authoritative GUEST gates a structural mutation)
[log] [coop:replay] guest replay turn=2: present k=hp
[log] [coop:session] isCoopAuthoritativeGuestGated -> true (authoritative GUEST gates a structural mutation)
[log] [coop:replay] guest replay turn=2: present k=faint
[log] [coop:session] isCoopAuthoritativeGuestGated -> true (authoritative GUEST gates a structural mutation)
[log] [coop:replay] guest replay turn=2: rendered phases [switch=2 moveUsed=1 moveAnim=1 hp=1 faint=1]
[log] [coop:replay] guest replay turn=2: unshift CoopFinalizeTurnPhase (checkpoint apply deferred)
[log] [coop:session] isCoopAuthoritativeGuestGated -> true (authoritative GUEST gates a structural mutation)
[log] [coop:stream] guest IGNORE idempotent turn duplicate e=1830533463717058 wave=2 turn=2 rev=21
[log] [coop:stream] guest IGNORE idempotent turn duplicate e=1830533463717058 wave=2 turn=2 rev=21
[log] [coop:replay] present move bi=0 moveId=85 targets=1
[log] [coop:replay] present hp bi=3 17->0/17
[log] [coop:replay] present faint bi=3 narrate=true
[log] [coop:checkpoint] guest apply field=4 weather=0 terrain=0 arenaTags=0
[log] [coop:session] isCoopAuthoritativeGuestGated -> true (authoritative GUEST gates a structural mutation)
[log] [coop:adopt] erMoneyStreaks host entries=1 -> restored (#837/#348)
[log] [coop:adopt] biomeOverstayAnchor host=null -> restored (#837/#504)
[log] [coop:adopt] erBiomeStructure host length=25 startWave=1 -> restored (#841 item 5)
[log] [coop:adopt] erRelicBattleState host wave=2 -> restored (#837)
[log] [coop:adopt] erLastGenericTrainerType host=none -> restored
[log] [coop:adopt] erMapState host nodes=0 travelTarget=- fragments=0 -> restored (#865/#841 item 1)
[log] [coop:adopt] erPendingNodes host count=4 revealed=2 -> restored (#865)
[log] [coop:resync] guest apply authoritativeState tick=21 wave=2 turn=2 party=6/2 field=4
[log] [coop:resync] presentation settle boundary=resync-stable side=player desired=visible ids=[2476942507,3307234738] changed=0 phase=CoopFinalizeTurnPhase
[log] [coop:resync] presentation settle boundary=wave-start-pre-intro side=enemy desired=visible ids=[] changed=0 phase=CoopFinalizeTurnPhase
[log] [coop:interaction] interactionCounter() read -> 1 (role=guest)
[log] [coop:checksum] capture digest=8609f1752e7d20e7 field=4 biome=0 seed=coop-soak-20260825 weather=0 terrain=0 money=0 party=[143,445,149,94,376,248] partyLevels=[65,65,65,65,65,65] arenaTags=0 modifiers=1 heldItemsDigest=0 pokeballs=[0:5,1:0,2:0,3:0,4:0] mons=[bi0:sp143/hp297-303/st0/ab5031/form0/tera0:0/boss0:0 bi1:sp445/hp235-235/st0/ab8/form0/tera0:15/boss0:0 bi2:sp10/hp0-14/st7/ab5269/form0/tera0:6/boss0:0 bi3:sp300/hp0-17/st7/ab96/form0/tera0:0/boss0:0]
[log] [coop:transport] send guest t=turnCommitAck e=1830533463717058 wave=2 turn=2 rev=21 stage=materialApplied checksum=8609f1752e7d20e7
[log] [coop:stream] guest ACK turn stage=materialApplied e=1830533463717058 wave=2 turn=2 rev=21
[log] [coop:checksum] guest finalize materialApplied e=1830533463717058 wave=2 turn=2 rev=21
[log] [coop:transport] recv host t=turnCommitAck e=1830533463717058 wave=2 turn=2 rev=21 stage=materialApplied checksum=8609f1752e7d20e7 handlers=1
[log] [coop:stream] host ACCEPT turn ACK stage=materialApplied key=1830533463717058:2:2:21
[log] [coop:transport] send guest t=turnCommitAck e=1830533463717058 wave=2 turn=2 rev=21 stage=presentationReady checksum=8609f1752e7d20e7
[log] [coop:stream] guest ACK turn stage=presentationReady e=1830533463717058 wave=2 turn=2 rev=21
[log] [coop:checksum] guest finalize presentationReady e=1830533463717058 wave=2 turn=2 rev=21
[log] [coop:replay] guest finalize turn=2: END (checkpoint applied, turn-end queued)
[log] [coop:transport] recv host t=turnCommitAck e=1830533463717058 wave=2 turn=2 rev=21 stage=presentationReady checksum=8609f1752e7d20e7 handlers=1
[log] [coop:stream] host ACCEPT turn ACK stage=presentationReady key=1830533463717058:2:2:21
[log] [coop:stream] guest admitted WAVE_ADVANCE continuation e=1830533463717058 wave=2
[log] [coop:runtime] wave-advance JOURNAL bootstrap wave=2 outcome=win (ACK withheld)
[log] [coop:runtime] wave-advance JOURNAL queued safe-boundary wake wave=2 unparkedReplay=0
[log] [coop:runtime] wave-advance op JOURNAL cursor-advanced id=1830533463717058:0:WAVE_ADVANCE:2 rev=4 dataApplied=false continuationReady=false (DATA applies at BattleEnd; retained ACK awaits DATA + destination continuation)
[log] [coop:transport] send guest t=coopAck cls=op:global seq=4
[log] [coop:replay] guest RECV waveEndState wave=2 tick=22
[log] [coop:runtime] ignore raw waveEndState for correctness wave=2 tick=22
[log] [coop:relay] RECV rewardOptions key=1:0 -> BUFFER rewardOptionsInbox (latest-wins) count=3
[log] [coop:rendezvous] RECV arrival point=shop:2:1 -> BUFFER (no waiter yet) role=guest
[log] [coop:transport] recv host t=coopAck cls=op:global seq=4 handlers=1
[log] [coop:session] isCoopAuthoritativeGuestGated -> true (authoritative GUEST gates a structural mutation)
[log] [coop:session] isCoopAuthoritativeGuestGated -> true (authoritative GUEST gates a structural mutation)
[log] [coop:session] isCoopAuthoritativeGuestGated -> true (authoritative GUEST gates a structural mutation)
[log] [coop:session] isCoopAuthoritativeGuestGated -> true (authoritative GUEST gates a structural mutation)
[log] [coop:session] isCoopAuthoritativeGuestGated -> true (authoritative GUEST gates a structural mutation)
[log] [coop:runtime] consume wave-advance wave=2 outcome=win transition=WAVE_VICTORY/next3/biome0/egg1/wild (lastResolved 1 -> 2)
[log] [coop:replay] guest wave-advance outcome=win wave=2 next=WAVE_VICTORY/wave3 biomeChange=false eggLapse=true victoryKind=wild battleType=WILD queues=VictoryPhase (host-stated)
[warn] [coop:replay] guest wave-advance wave=2: replacing speculative future queue [CommandPhase,CommandPhase,TurnStartPhase]
[log] [coop:session] isCoopAuthoritativeGuestGated -> true (authoritative GUEST gates a structural mutation)
[log] [coop:progression] GUEST applyPartyExp SKIP wave=2 koMon=Skitty (awaiting host waveEndState)
[log] [coop-diag] VictoryPhase win-branch role=guest battleType=WILD queuesTrainerVictory=false queuesSelectModifier=true wave=2
[log] [coop:session] isCoopAuthoritativeGuestGated -> true (authoritative GUEST gates a structural mutation)
[log] [coop:session] isCoopAuthoritativeGuestGated -> true (authoritative GUEST gates a structural mutation)
[log] [coop-diag] VictoryTail role=guest wave=2 source=host-stated trainer=false egg=true biomeShop=false biomeChange=false crossroads=false nextWave=3
[log] [coop:session] isCoopAuthoritativeGuestGated -> true (authoritative GUEST gates a structural mutation)
[log] [coop:session] isCoopAuthoritativeGuestGated -> true (authoritative GUEST gates a structural mutation)
[log] [coop:session] isCoopAuthoritativeGuestGated -> true (authoritative GUEST gates a structural mutation)
[log] [coop:adopt] erMoneyStreaks host entries=1 -> restored (#837/#348)
[log] [coop:adopt] biomeOverstayAnchor host=null -> restored (#837/#504)
[log] [coop:adopt] erBiomeStructure host length=25 startWave=1 -> restored (#841 item 5)
[log] [coop:adopt] erRelicBattleState host wave=2 -> restored (#837)
[log] [coop:adopt] erLastGenericTrainerType host=none -> restored
[log] [coop:adopt] erMapState host nodes=0 travelTarget=- fragments=0 -> restored (#865/#841 item 1)
[log] [coop:adopt] erPendingNodes host count=4 revealed=2 -> restored (#865)
[log] [coop:resync] guest apply authoritativeState tick=22 wave=2 turn=3 party=6/2 field=4
[log] [coop:resync] presentation settle boundary=resync-stable side=player desired=visible ids=[2476942507,3307234738] changed=0 phase=BattleEndPhase
[log] [coop:resync] presentation settle boundary=wave-start-pre-intro side=enemy desired=visible ids=[] changed=0 phase=BattleEndPhase
[log] [coop:runtime] wave-advance retained DATA boundary admitted wave=2
[log] [coop:progression] retained WAVE_ADVANCE DATA applied wave=2 tick=22
[log] [coop:progression] GUEST retained WAVE_ADVANCE BattleEnd release wave=2
[log] [coop:transport] recv guest t=envelope t=envelope handlers=1
[log] [coop:transport] send guest t=coopAck cls=op:global seq=4
[log] [coop:transport] recv host t=coopAck cls=op:global seq=4 handlers=1
[log] [coop:progression] GUEST automatic victory settlement admitted wave=2 turn=3
[log] [coop:interaction] interactionCounter() read -> 1 (role=guest)
[log] [coop:checksum] capture digest=8609f1752e7d20e7 field=4 biome=0 seed=coop-soak-20260825 weather=0 terrain=0 money=0 party=[143,445,149,94,376,248] partyLevels=[65,65,65,65,65,65] arenaTags=0 modifiers=1 heldItemsDigest=0 pokeballs=[0:5,1:0,2:0,3:0,4:0] mons=[bi0:sp143/hp297-303/st0/ab5031/form0/tera0:0/boss0:0 bi1:sp445/hp235-235/st0/ab8/form0/tera0:15/boss0:0 bi2:sp10/hp0-14/st7/ab5269/form0/tera0:6/boss0:0 bi3:sp300/hp0-17/st7/ab96/form0/tera0:0/boss0:0]
[log] [coop:interaction] interactionCounter() read -> 1 (role=guest)
[log] [coop:owner] ownerOf(counter=1) seat=1 -> owner=guest
[log] [coop:owner] isLocalOwnerAtCounter(pinnedCounter=1) parity=1 owner=guest role=guest -> true
[log] [coop:interaction] interactionCounter() read -> 1 (role=guest)
[log] [coop:reward] owner/watcher decision: pinnedStart=1 liveCounter=1 parity=1 role=guest pick=OWNER option=ADOPT spoof=false
[log] [coop:rendezvous] ARRIVE point=shop:2:1 (send) role=guest
[log] [coop:transport] send guest t=rendezvous point=shop:2:1
[log] [coop:reward] OWNER drives reward screen (start=1 role=guest spoof=false adoptsOptions=true wave=2)
[log] [coop:rendezvous] shop-pick-commit barrier AWAIT shop:2:1
[log] [coop:rendezvous] AWAIT point=shop:2:1 -> partner already arrived (buffer-hit) role=guest
[log] [coop:transport] recv host t=rendezvous point=shop:2:1 handlers=1
[log] [coop:reward] WATCHER awaiting owner reward options (start=1 reroll=0 localCount=0)
[log] [coop:relay] AWAIT rewardOptions key=1:0 timeoutMs=1200000 -> BUFFER-HIT resolve count=3
[log] [coop:shop] reconstructRewardOptions OK count=3 ids=[TEMP_STAT_STAGE_BOOSTER,RARE_CANDY,TEMP_STAT_STAGE_BOOSTER]
[log] [coop:reward] WATCHER ADOPTED owner reward options (was=0 now=3 ids=[TEMP_STAT_STAGE_BOOSTER,RARE_CANDY,TEMP_STAT_STAGE_BOOSTER])
[log] [coop:stream] guest DISCARD 1 causally dominated replacement transaction(s) via key=1830533463717058:2:2:21
[log] [coop:transport] send guest t=turnCommitAck e=1830533463717058 wave=2 turn=2 rev=21 stage=continuationReady checksum=8609f1752e7d20e7
[log] [coop:stream] guest ACK turn stage=continuationReady e=1830533463717058 wave=2 turn=2 rev=21
[log] [coop:stream] guest continuation surface=sharedInput e=1830533463717058 wave=2 turn=3 waiting=1 released=1
[log] [coop:interaction] mirror begin role=owner mirrorSeq=64 interactionStart=1 reroll=0
[log] [coop:interaction] uiMirror beginSession role=owner mode=6 seq=64 early=0
[log] [coop:transport] recv host t=turnCommitAck e=1830533463717058 wave=2 turn=2 rev=21 stage=continuationReady checksum=8609f1752e7d20e7 handlers=1
[log] [coop:progression] retained WAVE_ADVANCE continuationReady wave=2
[log] [coop:transport] send guest t=coopAck cls=op:global seq=4
[log] [coop:transport] send guest t=coopAck cls=op:global seq=4
[log] [coop:transport] send guest t=coopAck cls=op:global seq=4
[log] [coop:transport] send guest t=battleCheckpointAck reason=replacement e=1830533463717058 wave=2 turn=2 rev=18 stage=continuationReady checksum=af20a654e090807b
[log] [coop:checkpoint] guest RE-ACK compacted replacement through newer operation key=1830533463717058:2:2:18 operation=WAVE_ADVANCE stateTick=22
[log] [coop:transport] recv host t=coopAck cls=op:global seq=4 handlers=1
[log] [coop:transport] recv host t=coopAck cls=op:global seq=4 handlers=1
[log] [coop:transport] recv host t=coopAck cls=op:global seq=4 handlers=1
[log] [coop:transport] recv host t=battleCheckpointAck reason=replacement e=1830533463717058 wave=2 turn=2 rev=18 stage=continuationReady checksum=af20a654e090807b handlers=1
[log] [coop:owner] ownerOf(counter=1) seat=1 -> owner=guest
[log] [coop:owner] isLocalOwnerAtCounter(pinnedCounter=1) parity=1 owner=guest role=guest -> true
[log] [coop:owner] ownerOf(counter=1) seat=1 -> owner=guest
[log] [coop:owner] isLocalOwnerAtCounter(pinnedCounter=1) parity=1 owner=guest role=guest -> true
[log] [coop:relay] OWNER prepare seq=1 kind=reward choice=0 data=[0] role=guest
[log] [coop:reward] reward op INTENT prepared label=reward id=1830533463717058:1:REWARD:100000
[log] [coop:relay] SEND interactionChoice seq=1 kind=reward kind=? choice=0 data=[0]
[log] [coop:transport] send guest t=interactionChoice seq=1 kind=reward choice=0
[warn] [coop:v2-shadow] FAULT tap(INTERACTION_COMMIT): AuthorityLog.commit: entry context is not bound to the local authority
[log] [coop:relay] AWAIT interactionChoice seq=1 timeoutMs=1200000 expected=[reward,shop,skip,reroll,check,transfer,lock] -> network-wait
[log] [coop:transport] recv host t=interactionChoice seq=1 kind=reward choice=0 handlers=1
[log] [coop:transport] recv guest t=envelope t=envelope handlers=1
[log] [coop:transport] send guest t=coopAck cls=op:global seq=4
[log] [coop:transport] send guest t=coopAck cls=op:global seq=4
[log] [coop:transport] send guest t=coopAck cls=op:global seq=4
[log] [coop:transport] recv host t=coopAck cls=op:global seq=4 handlers=1
[log] [coop:transport] recv host t=coopAck cls=op:global seq=4 handlers=1
[log] [coop:transport] recv host t=coopAck cls=op:global seq=4 handlers=1
[log] [coop:adopt] erMoneyStreaks host entries=1 -> restored (#837/#348)
[log] [coop:adopt] biomeOverstayAnchor host=null -> restored (#837/#504)
[log] [coop:adopt] erBiomeStructure host length=25 startWave=1 -> restored (#841 item 5)
[log] [coop:adopt] erRelicBattleState host wave=2 -> restored (#837)
[log] [coop:adopt] erLastGenericTrainerType host=none -> restored
[log] [coop:adopt] erMapState host nodes=0 travelTarget=- fragments=0 -> restored (#865/#841 item 1)
[log] [coop:adopt] erPendingNodes host count=4 revealed=2 -> restored (#865)
[log] [coop:resync] guest apply authoritativeState tick=23 wave=2 turn=3 party=6/2 field=4
[log] [coop:resync] presentation settle boundary=resync-stable side=player desired=visible ids=[2476942507,3307234738] changed=0 phase=SelectModifierPhase
[log] [coop:resync] presentation settle boundary=wave-start-pre-intro side=enemy desired=visible ids=[] changed=0 phase=SelectModifierPhase
[log] [coop:relay] DELIVER interactionChoice seq=1 -> waiter kind=reward choice=0 data=[0]
[log] [coop:relay] AWAIT interactionChoice seq=1 RESOLVE kind=reward choice=0 data=[0]
[log] [coop:reward] shop authoritative RESULT applied-before-render kind=REWARD id=1830533463717058:1:REWARD:100000 rev=5 tick=23
[log] [coop:transport] send guest t=coopAck cls=op:global seq=5
[log] [coop:interaction] RECV interaction broadcast (deferred catch-up net) received=2 localBefore=1 role=guest -> WILL DEFER to 2 (folds in at next advance if still ahead)
[warn] [coop:interaction] CoopInteractionTurn.mergeRemote DEFER (remote=2, counter=1, pendingRemote=2) live counter UNCHANGED (folds in at next advance if still ahead)
[log] [coop:owner] ownerOf(counter=1) seat=1 -> owner=guest
[log] [coop:owner] ownerOf(counter=1) seat=1 -> owner=guest
[log] [coop:reward] reward op WATCHER materialize retained choice=0 terminal=true skippedObsolete=0 id=1830533463717058:1:REWARD:100000
[log] [coop:reward] WATCHER applying relayed action seq=1 act=REWARD choice=0 data=[0]
[log] [coop:transport] recv host t=coopAck cls=op:global seq=5 handlers=1
[log] [coop:v2-interaction] terminal proof recorded op=1830533463717058:1:REWARD:100000 role=guest seat=1 duplicate=0 ambient=1
[log] [coop:v2-interaction] phase terminal proof op=1830533463717058:1:REWARD:100000 route=constructor-fallback accepted=1
[log] [coop:interaction] interactionCounter() read -> 1 (role=guest)
[log] [coop:interaction] CoopInteractionTurn.advance INCREMENT (fromCounter=1) counter 1 -> 2
[log] [coop:interaction] advanceInteraction ADVANCED+BROADCAST (fromCounter=1) counter 1 -> 2 role=guest; send interaction screen=__turn__ choice=2
[log] [coop:interaction] SEND counter snapshot reason=advance choice=2 role=guest
[log] [coop:transport] send guest t=interaction screen=__turn__
[log] [coop:owner] ownerOf(counter=2) seat=0 -> owner=host
[log] [coop:owner] ownerOf(counter=2) seat=0 -> owner=host
[log] [coop:interaction] interactionCounter() read -> 2 (role=guest)
[log] [coop:reward] advance interaction (role=guest from=1 counter 1 -> 2)
[log] [coop:session] isCoopAuthoritativeGuestGated -> true (authoritative GUEST gates a structural mutation)
[log] [coop:transport] recv host t=interaction screen=__turn__ handlers=1
[log] [coop:stream] guest RECV ghostPool count=0 -> handler
[log] [coop:replay] guest RECV enemyPartySync wave=3 count=2 -> buffered (no waiter)
[log] [coop:replay] guest RECV entry presentation wave=3 stateTick=25 events=0 buffered
[log] [coop:replay] guest RECV enemyPartySync wave=3 count=2 -> buffered (no waiter)
[log] [coop:rendezvous] RECV arrival point=cmd:3:1 -> BUFFER (no waiter yet) role=guest
[log] [coop:battletype] wave=3 HOST verdict: WILD - adopting (#867)
[log] [coop:me] wave=3 HOST verdict: NO ME - local presence roll suppressed (#862)
[log] [coop:session] isCoopAuthoritativeGuestGated -> true (authoritative GUEST gates a structural mutation)
[log] [coop:interaction] interactionCounter() read -> 2 (role=guest)
[log] [coop:stream] guest consumeEnemyParty wave=3 -> 2 enemies
[log] [coop:enemy] buildCoopEnemy ADOPT trainerSlot=0 species=32 form=0 lv=3 abilityIdx=0 nature=0 gender=0 shiny=false tera=0:3 hp=16/16 moves=4 heldItems=0
[log] [coop:enemy] buildCoopEnemy ADOPT trainerSlot=0 species=174 form=0 lv=3 abilityIdx=0 nature=0 gender=1 shiny=false tera=0:17 hp=19/19 moves=4 heldItems=0
[log] [coop:adopt] erMoneyStreaks host entries=1 -> restored (#837/#348)
[log] [coop:adopt] biomeOverstayAnchor host=null -> restored (#837/#504)
[log] [coop:adopt] erBiomeStructure host length=25 startWave=1 -> restored (#841 item 5)
[log] [coop:adopt] erRelicBattleState host wave=3 -> restored (#837)
[log] [coop:adopt] erLastGenericTrainerType host=none -> restored
[log] [coop:adopt] erMapState host nodes=0 travelTarget=- fragments=0 -> restored (#865/#841 item 1)
[log] [coop:adopt] erPendingNodes host count=4 revealed=2 -> restored (#865)
[log] [coop:resync] guest apply authoritativeState tick=25 wave=3 turn=1 party=6/2 field=4
[log] [coop:resync] presentation settle boundary=resync-stable side=player desired=visible ids=[2476942507,3307234738] changed=0 phase=NextEncounterPhase
[log] [coop:resync] presentation settle boundary=resync-stable side=enemy desired=visible ids=[3115067556,3634673850] changed=2 phase=NextEncounterPhase
[log] [coop:resync] render differ: newly presented id=3115067556 key=pkmn__32 -> load atlas
[log] [coop:resync] render differ: newly presented id=3634673850 key=pkmn__174 -> load atlas
[log] [coop:resync] presentation settle boundary=wave-start-pre-intro side=enemy desired=hidden ids=[3115067556,3634673850] changed=2 phase=NextEncounterPhase
[log] [coop:resync] presentation settle boundary=encounter-summon side=enemy desired=visible ids=[3115067556,3634673850] changed=0 phase=NextEncounterPhase
[log] [coop:resync] presentation settle boundary=launch-ready side=player desired=visible ids=[2476942507,3307234738] changed=0 phase=NextEncounterPhase
[log] [coop:session] isCoopAuthoritativeGuestGated -> true (authoritative GUEST gates a structural mutation)
[log] [coop:session] isCoopAuthoritativeGuestGated -> true (authoritative GUEST gates a structural mutation)
[log] [coop:session] isCoopAuthoritativeGuestGated -> true (authoritative GUEST gates a structural mutation)
[log] [coop:session] isCoopAuthoritativeGuestGated -> true (authoritative GUEST gates a structural mutation)
[log] [coop:session] isCoopAuthoritativeGuestGated -> true (authoritative GUEST gates a structural mutation)
[log] [coop:session] isCoopAuthoritativeGuestGated -> true (authoritative GUEST gates a structural mutation)
[log] [coop:replay] guest replay turn=1: awaiting retained entry presentation
[warn] [coop:resync] authoritativeState tick=25 STALE (lastApplied=25) -> REJECTED (#807)
[log] [coop:adopt] erMoneyStreaks host entries=1 -> restored (#837/#348)
[log] [coop:adopt] biomeOverstayAnchor host=null -> restored (#837/#504)
[log] [coop:adopt] erBiomeStructure host length=25 startWave=1 -> restored (#841 item 5)
[log] [coop:adopt] erRelicBattleState host wave=3 -> restored (#837)
[log] [coop:adopt] erLastGenericTrainerType host=none -> restored
[log] [coop:adopt] erMapState host nodes=0 travelTarget=- fragments=0 -> restored (#865/#841 item 1)
[log] [coop:adopt] erPendingNodes host count=4 revealed=2 -> restored (#865)
[log] [coop:resync] guest reassert authoritativeState tick=25 wave=3 turn=1 party=6/2 field=4
[log] [coop:resync] presentation settle boundary=resync-stable side=player desired=visible ids=[2476942507,3307234738] changed=0 phase=CoopReplayTurnPhase
[log] [coop:resync] presentation settle boundary=resync-stable side=enemy desired=visible ids=[3115067556,3634673850] changed=0 phase=CoopReplayTurnPhase
[log] [coop:replay] guest replay turn=1: rendering 0 event(s)
[log] [coop:replay] guest replay turn=1: rendered phases [none]
[log] [coop:replay] guest replay turn=1: retained entry presentation queued stateTick=25 events=0; awaiting exact outcome proof
[log] [coop:session] isCoopAuthoritativeGuestGated -> true (authoritative GUEST gates a structural mutation)
[log] [coop:replay] guest pre-command presentation PROVED wave=3 turn=1 events=0
[log] [coop:stream] guest consumeEnemyParty wave=3 -> null (buffered=none)
[log] [coop:battle] CommandPhase slot=0 turn=1 owner=host role=guest -> partner path
[log] [coop:stream] guest consumeEnemyParty wave=3 -> null (buffered=none)
[log] [coop:rendezvous] ARRIVE point=cmd:3:1 (send) role=guest
[log] [coop:transport] send guest t=rendezvous point=cmd:3:1
[log] [coop:rendezvous] next-command barrier cmd:3:1 SYNC pass (partner already arrived)
[log] [coop:stream] guest consumeEnemyParty wave=3 -> null (buffered=none)
[log] [coop:transport] send guest t=coopAck cls=op:global seq=5
[log] [coop:transport] send guest t=coopAck cls=op:global seq=5
[log] [coop:transport] recv host t=rendezvous point=cmd:3:1 handlers=1
[log] [coop:transport] recv host t=coopAck cls=op:global seq=5 handlers=1
[log] [coop:transport] recv host t=coopAck cls=op:global seq=5 handlers=1
[log] [coop:rendezvous] RECV arrival point=cmd:3:1 -> DUPLICATE (already seen) role=guest
[log] [coop:replay] guest IGNORE duplicate consumed entry presentation wave=3
[log] [coop:replay] guest RECV enemyPartySync wave=3 count=2 -> buffered (no waiter)
[log] [coop:interaction] interactionCounter() read -> 2 (role=guest)
[log] [coop:checksum] capture digest=fb9bd9618f206acf field=4 biome=0 seed=coop-soak-20260825 weather=0 terrain=0 money=0 party=[143,445,149,94,376,248] partyLevels=[65,65,65,65,65,65] arenaTags=0 modifiers=2 heldItemsDigest=0 pokeballs=[0:5,1:0,2:0,3:0,4:0] mons=[bi0:sp143/hp297-303/st0/ab5031/form0/tera0:0/boss0:0 bi1:sp445/hp235-235/st0/ab8/form0/tera0:15/boss0:0 bi2:sp32/hp16-16/st0/ab5027/form0/tera0:3/boss0:0 bi3:sp174/hp19-19/st0/ab5487/form0/tera0:17/boss0:0]
[log] [coop:interaction] interactionCounter() read -> 2 (role=guest)
[log] [coop:replay] guest IGNORE duplicate consumed entry presentation wave=3
[log] [coop:replay] guest RECV enemyPartySync wave=3 count=2 -> buffered (no waiter)
[log] [coop:replay] guest RECV turnResolution e=1830533463717058 wave=3 turn=1 events=8 checksum=865119c92032c608 -> buffered (no waiter)
[log] [coop:replay] guest RECV waveResolved wave=3 outcome=win transition=WAVE_VICTORY/next4/biome0/egg1/wild
[log] [coop:runtime] recv waveResolved wave=3 outcome=win role=guest netcode=authoritative
[log] [coop:runtime] ignore raw waveResolved for correctness wave=3 outcome=win; awaiting retained transaction
[log] [coop:session] isCoopAuthoritativeGuestGated -> true (authoritative GUEST gates a structural mutation)
[log] [coop:replay] guest replay turn=1: live pump start mode=turn
[log] [coop:transport] send guest t=requestTurnCommit e=1830533463717058 wave=3 turn=1 rev=pending
[log] [coop:transport] send guest t=requestTurnCommit e=1830533463717058 wave=3 turn=1 rev=30
[log] [coop:replay] guest awaitTurn turn=1 RESOLVE (buffered race) events=8
[log] [coop:transport] recv host t=requestTurnCommit e=1830533463717058 wave=3 turn=1 rev=pending handlers=1
[log] [coop:transport] send host t=turnResolution e=1830533463717058 wave=3 turn=1 rev=30 events=8 checksum=865119c92032c608
[log] [coop:transport] recv host t=requestTurnCommit e=1830533463717058 wave=3 turn=1 rev=30 handlers=1
[log] [coop:transport] send host t=turnResolution e=1830533463717058 wave=3 turn=1 rev=30 events=8 checksum=865119c92032c608
[log] [coop:transport] recv guest t=turnResolution e=1830533463717058 wave=3 turn=1 rev=30 events=8 checksum=865119c92032c608 handlers=1
[log] [coop:transport] recv guest t=turnResolution e=1830533463717058 wave=3 turn=1 rev=30 events=8 checksum=865119c92032c608 handlers=1
[log] [coop:replay] guest consume live events turn=1 count=0
[log] [coop:replay] guest replay turn=1: RESOLVE renderedLive=0 remaining=8 batch=8
[log] [coop:replay] guest replay turn=1: rendering 8 event(s)
[log] [coop:replay] guest replay turn=1: present k=moveUsed
[log] [coop:replay] guest replay turn=1: present k=moveAnim
[log] [coop:session] isCoopAuthoritativeGuestGated -> true (authoritative GUEST gates a structural mutation)
[log] [coop:replay] guest replay turn=1: present k=hp
[log] [coop:session] isCoopAuthoritativeGuestGated -> true (authoritative GUEST gates a structural mutation)
[log] [coop:replay] guest replay turn=1: present k=faint
[log] [coop:session] isCoopAuthoritativeGuestGated -> true (authoritative GUEST gates a structural mutation)
[log] [coop:replay] guest replay turn=1: present k=moveUsed
[log] [coop:replay] guest replay turn=1: present k=moveAnim
[log] [coop:session] isCoopAuthoritativeGuestGated -> true (authoritative GUEST gates a structural mutation)
[log] [coop:replay] guest replay turn=1: present k=hp
[log] [coop:session] isCoopAuthoritativeGuestGated -> true (authoritative GUEST gates a structural mutation)
[log] [coop:replay] guest replay turn=1: present k=faint
[log] [coop:session] isCoopAuthoritativeGuestGated -> true (authoritative GUEST gates a structural mutation)
[log] [coop:replay] guest replay turn=1: rendered phases [moveUsed=2 moveAnim=2 hp=2 faint=2]
[log] [coop:replay] guest replay turn=1: unshift CoopFinalizeTurnPhase (checkpoint apply deferred)
[log] [coop:session] isCoopAuthoritativeGuestGated -> true (authoritative GUEST gates a structural mutation)
[log] [coop:stream] guest IGNORE idempotent turn duplicate e=1830533463717058 wave=3 turn=1 rev=30
[log] [coop:stream] guest IGNORE idempotent turn duplicate e=1830533463717058 wave=3 turn=1 rev=30
[log] [coop:replay] present move bi=1 moveId=53 targets=1
[log] [coop:replay] present hp bi=3 19->0/19
[log] [coop:replay] present faint bi=3 narrate=true
[log] [coop:replay] present move bi=0 moveId=53 targets=1
[log] [coop:replay] present hp bi=2 16->0/16
[log] [coop:replay] present faint bi=2 narrate=true
[log] [coop:checkpoint] guest apply field=4 weather=0 terrain=0 arenaTags=0
[log] [coop:session] isCoopAuthoritativeGuestGated -> true (authoritative GUEST gates a structural mutation)
[log] [coop:adopt] erMoneyStreaks host entries=1 -> restored (#837/#348)
[log] [coop:adopt] biomeOverstayAnchor host=null -> restored (#837/#504)
[log] [coop:adopt] erBiomeStructure host length=25 startWave=1 -> restored (#841 item 5)
[log] [coop:adopt] erRelicBattleState host wave=3 -> restored (#837)
[log] [coop:adopt] erLastGenericTrainerType host=none -> restored
[log] [coop:adopt] erMapState host nodes=0 travelTarget=- fragments=0 -> restored (#865/#841 item 1)
[log] [coop:adopt] erPendingNodes host count=4 revealed=2 -> restored (#865)
[log] [coop:resync] guest apply authoritativeState tick=30 wave=3 turn=1 party=6/2 field=4
[log] [coop:resync] presentation settle boundary=resync-stable side=player desired=visible ids=[2476942507,3307234738] changed=0 phase=CoopFinalizeTurnPhase
[log] [coop:resync] presentation settle boundary=wave-start-pre-intro side=enemy desired=visible ids=[] changed=0 phase=CoopFinalizeTurnPhase
[log] [coop:interaction] interactionCounter() read -> 2 (role=guest)
[log] [coop:checksum] capture digest=865119c92032c608 field=4 biome=0 seed=coop-soak-20260825 weather=0 terrain=0 money=0 party=[143,445,149,94,376,248] partyLevels=[65,65,65,65,65,65] arenaTags=0 modifiers=2 heldItemsDigest=0 pokeballs=[0:5,1:0,2:0,3:0,4:0] mons=[bi0:sp143/hp297-303/st0/ab5031/form0/tera0:0/boss0:0 bi1:sp445/hp235-235/st0/ab8/form0/tera0:15/boss0:0 bi2:sp32/hp0-16/st7/ab5027/form0/tera0:3/boss0:0 bi3:sp174/hp0-19/st7/ab5487/form0/tera0:17/boss0:0]
[log] [coop:transport] send guest t=turnCommitAck e=1830533463717058 wave=3 turn=1 rev=30 stage=materialApplied checksum=865119c92032c608
[log] [coop:stream] guest ACK turn stage=materialApplied e=1830533463717058 wave=3 turn=1 rev=30
[log] [coop:checksum] guest finalize materialApplied e=1830533463717058 wave=3 turn=1 rev=30
[log] [coop:transport] recv host t=turnCommitAck e=1830533463717058 wave=3 turn=1 rev=30 stage=materialApplied checksum=865119c92032c608 handlers=1
[log] [coop:stream] host ACCEPT turn ACK stage=materialApplied key=1830533463717058:3:1:30
[log] [coop:transport] send guest t=turnCommitAck e=1830533463717058 wave=3 turn=1 rev=30 stage=presentationReady checksum=865119c92032c608
[log] [coop:stream] guest ACK turn stage=presentationReady e=1830533463717058 wave=3 turn=1 rev=30
[log] [coop:checksum] guest finalize presentationReady e=1830533463717058 wave=3 turn=1 rev=30
[log] [coop:replay] guest finalize turn=1: END (checkpoint applied, turn-end queued)
[log] [coop:transport] recv host t=turnCommitAck e=1830533463717058 wave=3 turn=1 rev=30 stage=presentationReady checksum=865119c92032c608 handlers=1
[log] [coop:stream] host ACCEPT turn ACK stage=presentationReady key=1830533463717058:3:1:30
[log] [coop:stream] guest admitted WAVE_ADVANCE continuation e=1830533463717058 wave=3
[log] [coop:runtime] wave-advance JOURNAL bootstrap wave=3 outcome=win (ACK withheld)
[log] [coop:runtime] wave-advance JOURNAL queued safe-boundary wake wave=3 unparkedReplay=0
[log] [coop:runtime] wave-advance op JOURNAL cursor-advanced id=1830533463717058:0:WAVE_ADVANCE:3 rev=6 dataApplied=false continuationReady=false (DATA applies at BattleEnd; retained ACK awaits DATA + destination continuation)
[log] [coop:transport] send guest t=coopAck cls=op:global seq=6
[log] [coop:replay] guest RECV waveEndState wave=3 tick=31
[log] [coop:runtime] ignore raw waveEndState for correctness wave=3 tick=31
[log] [coop:relay] RECV rewardOptions key=2:0 -> BUFFER rewardOptionsInbox (latest-wins) count=3
[log] [coop:rendezvous] RECV arrival point=shop:3:2 -> BUFFER (no waiter yet) role=guest
[log] [coop:transport] recv host t=coopAck cls=op:global seq=6 handlers=1
[log] [coop:session] isCoopAuthoritativeGuestGated -> true (authoritative GUEST gates a structural mutation)
[log] [coop:session] isCoopAuthoritativeGuestGated -> true (authoritative GUEST gates a structural mutation)
[log] [coop:session] isCoopAuthoritativeGuestGated -> true (authoritative GUEST gates a structural mutation)
[log] [coop:session] isCoopAuthoritativeGuestGated -> true (authoritative GUEST gates a structural mutation)
[log] [coop:session] isCoopAuthoritativeGuestGated -> true (authoritative GUEST gates a structural mutation)
[log] [coop:runtime] consume wave-advance wave=3 outcome=win transition=WAVE_VICTORY/next4/biome0/egg1/wild (lastResolved 2 -> 3)
[log] [coop:replay] guest wave-advance outcome=win wave=3 next=WAVE_VICTORY/wave4 biomeChange=false eggLapse=true victoryKind=wild battleType=WILD queues=VictoryPhase (host-stated)
[warn] [coop:replay] guest wave-advance wave=3: replacing speculative future queue [CommandPhase,CommandPhase,TurnStartPhase]
[log] [coop:session] isCoopAuthoritativeGuestGated -> true (authoritative GUEST gates a structural mutation)
[log] [coop:progression] GUEST applyPartyExp SKIP wave=3 koMon=Igglybuff (awaiting host waveEndState)
[log] [coop-diag] VictoryPhase win-branch role=guest battleType=WILD queuesTrainerVictory=false queuesSelectModifier=true wave=3
[log] [coop:session] isCoopAuthoritativeGuestGated -> true (authoritative GUEST gates a structural mutation)
[log] [coop:session] isCoopAuthoritativeGuestGated -> true (authoritative GUEST gates a structural mutation)
[log] [coop-diag] VictoryTail role=guest wave=3 source=host-stated trainer=false egg=true biomeShop=false biomeChange=false crossroads=false nextWave=4
[log] [coop:session] isCoopAuthoritativeGuestGated -> true (authoritative GUEST gates a structural mutation)
[log] [coop:session] isCoopAuthoritativeGuestGated -> true (authoritative GUEST gates a structural mutation)
[log] [coop:session] isCoopAuthoritativeGuestGated -> true (authoritative GUEST gates a structural mutation)
[log] [coop:adopt] erMoneyStreaks host entries=1 -> restored (#837/#348)
[log] [coop:adopt] biomeOverstayAnchor host=null -> restored (#837/#504)
[log] [coop:adopt] erBiomeStructure host length=25 startWave=1 -> restored (#841 item 5)
[log] [coop:adopt] erRelicBattleState host wave=3 -> restored (#837)
[log] [coop:adopt] erLastGenericTrainerType host=none -> restored
[log] [coop:adopt] erMapState host nodes=0 travelTarget=- fragments=0 -> restored (#865/#841 item 1)
[log] [coop:adopt] erPendingNodes host count=4 revealed=2 -> restored (#865)
[log] [coop:resync] guest apply authoritativeState tick=31 wave=3 turn=2 party=6/2 field=4
[log] [coop:resync] presentation settle boundary=resync-stable side=player desired=visible ids=[2476942507,3307234738] changed=0 phase=BattleEndPhase
[log] [coop:resync] presentation settle boundary=wave-start-pre-intro side=enemy desired=visible ids=[] changed=0 phase=BattleEndPhase
[log] [coop:runtime] wave-advance retained DATA boundary admitted wave=3
[log] [coop:progression] retained WAVE_ADVANCE DATA applied wave=3 tick=31
[log] [coop:progression] GUEST retained WAVE_ADVANCE BattleEnd release wave=3
[log] [coop:transport] recv guest t=envelope t=envelope handlers=1
[log] [coop:transport] send guest t=coopAck cls=op:global seq=6
[log] [coop:transport] recv host t=coopAck cls=op:global seq=6 handlers=1
[log] [coop:progression] GUEST automatic victory settlement admitted wave=3 turn=2
[log] [coop:interaction] interactionCounter() read -> 2 (role=guest)
[log] [coop:checksum] capture digest=22d7cb97117b83b7 field=4 biome=0 seed=coop-soak-20260825 weather=0 terrain=0 money=0 party=[143,445,149,94,376,248] partyLevels=[65,65,65,65,65,65] arenaTags=0 modifiers=2 heldItemsDigest=0 pokeballs=[0:5,1:0,2:0,3:0,4:0] mons=[bi0:sp143/hp297-303/st0/ab5031/form0/tera0:0/boss0:0 bi1:sp445/hp235-235/st0/ab8/form0/tera0:15/boss0:0 bi2:sp32/hp0-16/st7/ab5027/form0/tera0:3/boss0:0 bi3:sp174/hp0-19/st7/ab5487/form0/tera0:17/boss0:0]
[log] [coop:interaction] interactionCounter() read -> 2 (role=guest)
[log] [coop:owner] ownerOf(counter=2) seat=0 -> owner=host
[log] [coop:owner] isLocalOwnerAtCounter(pinnedCounter=2) parity=0 owner=host role=guest -> false
[log] [coop:interaction] interactionCounter() read -> 2 (role=guest)
[log] [coop:reward] owner/watcher decision: pinnedStart=2 liveCounter=2 parity=0 role=guest pick=WATCHER option=ADOPT spoof=false
[log] [coop:rendezvous] ARRIVE point=shop:3:2 (send) role=guest
[log] [coop:transport] send guest t=rendezvous point=shop:3:2
[log] [coop:reward] WATCHER waits for partner's reward picks (start=2 role=guest wave=3)
[log] [coop:reward] WATCHER awaiting owner reward options (start=2 reroll=0 localCount=0)
[log] [coop:relay] AWAIT rewardOptions key=2:0 timeoutMs=1200000 -> BUFFER-HIT resolve count=3
[log] [coop:transport] recv host t=rendezvous point=shop:3:2 handlers=1
[log] [coop:shop] reconstructRewardOptions OK count=3 ids=[REVIVE,ULTRA_BALL,TEMP_STAT_STAGE_BOOSTER]
[log] [coop:reward] WATCHER ADOPTED owner reward options (was=0 now=3 ids=[REVIVE,ULTRA_BALL,TEMP_STAT_STAGE_BOOSTER])
[log] [coop:transport] send guest t=turnCommitAck e=1830533463717058 wave=3 turn=1 rev=30 stage=continuationReady checksum=865119c92032c608
[log] [coop:stream] guest ACK turn stage=continuationReady e=1830533463717058 wave=3 turn=1 rev=30
[log] [coop:stream] guest continuation surface=sharedInput e=1830533463717058 wave=3 turn=2 waiting=1 released=1
[log] [coop:transport] recv host t=turnCommitAck e=1830533463717058 wave=3 turn=1 rev=30 stage=continuationReady checksum=865119c92032c608 handlers=1
[log] [coop:progression] retained WAVE_ADVANCE continuationReady wave=3
[log] [coop:transport] send guest t=coopAck cls=op:global seq=6
[log] [coop:transport] send guest t=coopAck cls=op:global seq=6
[log] [coop:transport] send guest t=coopAck cls=op:global seq=6
[log] [coop:transport] send guest t=battleCheckpointAck reason=replacement e=1830533463717058 wave=2 turn=2 rev=18 stage=continuationReady checksum=af20a654e090807b
[log] [coop:checkpoint] guest RE-ACK compacted replacement through newer operation key=1830533463717058:2:2:18 operation=WAVE_ADVANCE stateTick=31
[log] [coop:interaction] mirror begin role=watcher mirrorSeq=128 interactionStart=2 reroll=0
[log] [coop:interaction] uiMirror beginSession role=watcher mode=6 seq=128 early=0
[log] [coop:transport] recv host t=coopAck cls=op:global seq=6 handlers=1
[log] [coop:transport] recv host t=coopAck cls=op:global seq=6 handlers=1
[log] [coop:transport] recv host t=coopAck cls=op:global seq=6 handlers=1
[log] [coop:transport] recv host t=battleCheckpointAck reason=replacement e=1830533463717058 wave=2 turn=2 rev=18 stage=continuationReady checksum=af20a654e090807b handlers=1
[log] [coop:relay] AWAIT interactionChoice seq=2 timeoutMs=1200000 expected=[reward,shop,skip,reroll,check,transfer,lock] -> network-wait
[log] [coop:rendezvous] RECV arrival point=shop:3:2 -> DUPLICATE (already seen) role=guest
[log] [coop:interaction] interactionCounter() read -> 2 (role=guest)
[log] [coop:interaction] interactionCounter() read -> 2 (role=guest)
[log] [coop:interaction] interactionCounter() read -> 2 (role=guest)
[log] [coop:interaction] interactionCounter() read -> 2 (role=guest)
[log] [coop:interaction] interactionCounter() read -> 2 (role=guest)
[log] [coop:interaction] interactionCounter() read -> 2 (role=guest)
[log] [coop:interaction] interactionCounter() read -> 2 (role=guest)
[log] [coop:interaction] interactionCounter() read -> 2 (role=guest)
[log] [coop:interaction] interactionCounter() read -> 2 (role=guest)
[log] [coop:interaction] interactionCounter() read -> 2 (role=guest)
[log] [coop:interaction] interactionCounter() read -> 2 (role=guest)
[log] [coop:interaction] interactionCounter() read -> 2 (role=guest)
[log] [coop:interaction] interactionCounter() read -> 2 (role=guest)
[log] [coop:interaction] interactionCounter() read -> 2 (role=guest)
[log] [coop:interaction] interactionCounter() read -> 2 (role=guest)
[log] [coop:interaction] interactionCounter() read -> 2 (role=guest)
[log] [coop:interaction] interactionCounter() read -> 2 (role=guest)
[log] [coop:interaction] interactionCounter() read -> 2 (role=guest)
[log] [coop:interaction] interactionCounter() read -> 2 (role=guest)
[log] [coop:interaction] interactionCounter() read -> 2 (role=guest)
[log] [coop:interaction] interactionCounter() read -> 2 (role=guest)
[log] [coop:interaction] interactionCounter() read -> 2 (role=guest)
[log] [coop:interaction] interactionCounter() read -> 2 (role=guest)
[log] [coop:interaction] interactionCounter() read -> 2 (role=guest)
[log] [coop:interaction] interactionCounter() read -> 2 (role=guest)
[log] [coop:interaction] interactionCounter() read -> 2 (role=guest)
[log] [coop:interaction] interactionCounter() read -> 2 (role=guest)
[log] [coop:interaction] interactionCounter() read -> 2 (role=guest)
[log] [coop:interaction] interactionCounter() read -> 2 (role=guest)
[log] [coop:interaction] interactionCounter() read -> 2 (role=guest)
[log] [coop:interaction] interactionCounter() read -> 2 (role=guest)
[log] [coop:interaction] interactionCounter() read -> 2 (role=guest)