{
  "invariant": "no-park",
  "seed": 20260825,
  "wave": 70,
  "detail": "wave driving threw (strand/stall): guest retained wave 70 did not reach continuationReady within 24 destination pumps (current=NewBattlePhase authority=legacy dataApplied=true continuationReady=false)",
  "replay": "SOAK_SEED=20260825",
  "phaseState": {
    "hostPhase": "NewBattlePhase",
    "guestPhase": "NewBattlePhase",
    "hostInteractionCounter": 83,
    "guestInteractionCounter": 83,
    "hostWave": 70,
    "hostBattleType": 0,
    "hostPlayerField": [
      {
        "id": 1138517983,
        "battlerIndex": 0,
        "speciesId": 890,
        "speciesName": "Eternatus",
        "hp": 2065,
        "maxHp": 2065,
        "fainted": false,
        "status": 0,
        "statStages": [
          0,
          0,
          0,
          0,
          0,
          0,
          0
        ],
        "moves": [
          {
            "id": 34,
            "ppUsed": 0
          },
          {
            "id": 247,
            "ppUsed": 0
          },
          {
            "id": 53,
            "ppUsed": 0
          },
          {
            "id": 85,
            "ppUsed": 0
          }
        ],
        "coopOwner": "host"
      },
      {
        "id": 1846005200,
        "battlerIndex": 1,
        "speciesId": 150,
        "speciesName": "Mewtwo",
        "hp": 1725,
        "maxHp": 1725,
        "fainted": false,
        "status": 0,
        "statStages": [
          0,
          0,
          0,
          0,
          0,
          0,
          0
        ],
        "moves": [
          {
            "id": 34,
            "ppUsed": 0
          },
          {
            "id": 247,
            "ppUsed": 0
          },
          {
            "id": 53,
            "ppUsed": 0
          },
          {
            "id": 85,
            "ppUsed": 0
          }
        ],
        "coopOwner": "guest"
      }
    ],
    "hostEnemyField": [
      {
        "id": 742315335,
        "battlerIndex": 2,
        "speciesId": 555,
        "speciesName": "Darmanitan",
        "hp": 0,
        "maxHp": 207,
        "fainted": true,
        "status": 7,
        "statStages": [
          0,
          0,
          0,
          0,
          0,
          0,
          0
        ],
        "moves": [
          {
            "id": 5100,
            "ppUsed": 0
          },
          {
            "id": 5073,
            "ppUsed": 0
          },
          {
            "id": 519,
            "ppUsed": 0
          },
          {
            "id": 780,
            "ppUsed": 0
          }
        ]
      },
      {
        "id": 2016229420,
        "battlerIndex": 3,
        "speciesId": 947,
        "speciesName": "Brambleghast",
        "hp": 0,
        "maxHp": 127,
        "fainted": true,
        "status": 7,
        "statStages": [
          0,
          0,
          0,
          0,
          0,
          0,
          0
        ],
        "moves": [
          {
            "id": 803,
            "ppUsed": 0
          },
          {
            "id": 5034,
            "ppUsed": 0
          },
          {
            "id": 532,
            "ppUsed": 0
          },
          {
            "id": 111,
            "ppUsed": 0
          }
        ]
      }
    ],
    "guestPlayerField": [
      {
        "id": 1138517983,
        "battlerIndex": -1,
        "speciesId": 890,
        "speciesName": "Eternatus",
        "hp": 2065,
        "maxHp": 2065,
        "fainted": false,
        "status": 0,
        "statStages": [
          0,
          0,
          0,
          0,
          0,
          0,
          0
        ],
        "moves": [
          {
            "id": 34,
            "ppUsed": 0
          },
          {
            "id": 247,
            "ppUsed": 0
          },
          {
            "id": 53,
            "ppUsed": 0
          },
          {
            "id": 85,
            "ppUsed": 0
          }
        ],
        "coopOwner": "host"
      },
      {
        "id": 1846005200,
        "battlerIndex": -1,
        "speciesId": 150,
        "speciesName": "Mewtwo",
        "hp": 1725,
        "maxHp": 1725,
        "fainted": false,
        "status": 0,
        "statStages": [
          0,
          0,
          0,
          0,
          0,
          0,
          0
        ],
        "moves": [
          {
            "id": 34,
            "ppUsed": 0
          },
          {
            "id": 247,
            "ppUsed": 0
          },
          {
            "id": 53,
            "ppUsed": 0
          },
          {
            "id": 85,
            "ppUsed": 0
          }
        ],
        "coopOwner": "guest"
      }
    ],
    "guestEnemyField": [
      {
        "id": 742315335,
        "battlerIndex": -1,
        "speciesId": 555,
        "speciesName": "Darmanitan",
        "hp": 0,
        "maxHp": 207,
        "fainted": true,
        "status": 7,
        "statStages": [
          0,
          0,
          0,
          0,
          0,
          0,
          0
        ],
        "moves": [
          {
            "id": 5100,
            "ppUsed": 0
          },
          {
            "id": 5073,
            "ppUsed": 0
          },
          {
            "id": 519,
            "ppUsed": 0
          },
          {
            "id": 780,
            "ppUsed": 0
          }
        ]
      },
      {
        "id": 2016229420,
        "battlerIndex": -1,
        "speciesId": 947,
        "speciesName": "Brambleghast",
        "hp": 0,
        "maxHp": 127,
        "fainted": true,
        "status": 7,
        "statStages": [
          0,
          0,
          0,
          0,
          0,
          0,
          0
        ],
        "moves": [
          {
            "id": 803,
            "ppUsed": 0
          },
          {
            "id": 5034,
            "ppUsed": 0
          },
          {
            "id": 532,
            "ppUsed": 0
          },
          {
            "id": 111,
            "ppUsed": 0
          }
        ]
      }
    ]
  },
  "actionScript": [
    "SKIP mysteryEncounterDisabledV1",
    "content seed=coop-soak-20260825 preseeded=false",
    "wave 1 turn 1: committed frontier omitted seat 1; guest remained a replay spectator until host action",
    "wave 1: host slot move=34 guest slot move=0",
    "wave 1 turn 1: progress enemyHp=[16:0/14] playerHp=[890:2065/2065]",
    "wave 1: reward shop owner=host leave",
    "wave 2 turn 1: replay guest crossed cmd:2:1 through real public COMMAND=opened",
    "wave 2: host slot move=85 guest slot move=34",
    "wave 2 turn 1: guest SWITCH -> party[3]",
    "wave 2 turn 1: progress enemyHp=[10:0/14,300:17/17] playerHp=[890:2065/2065,150:1723/1725]",
    "wave 2 turn 2: replay guest crossed cmd:2:2 through real public COMMAND=opened",
    "wave 2 turn 2: guest SWITCH -> party[3]",
    "wave 2: reward shop owner=guest take-nonparty",
    "wave 3 turn 1: replay guest crossed cmd:3:1 through real public COMMAND=opened",
    "wave 3: host slot move=53 guest slot move=53",
    "wave 3 turn 1: progress enemyHp=[32:0/16,174:0/19] playerHp=[890:2065/2065,384:1715/1715]",
    "wave 3: reward shop owner=host leave",
    "wave 4 turn 1: replay guest crossed cmd:4:1 through real public COMMAND=opened",
    "wave 4: host slot move=247 guest slot move=85",
    "wave 4 turn 1: progress enemyHp=[265:0/18,265:0/18] playerHp=[890:2065/2065,384:1715/1715]",
    "wave 4: reward shop owner=guest take-nonparty",
    "wave 5 turn 1: replay guest crossed cmd:5:1 through real public COMMAND=opened",
    "wave 5: TRAINER (fixed)",
    "wave 5: host slot move=53 guest slot move=85",
    "wave 5 turn 1: progress enemyHp=[504:0/18,506:0/18] playerHp=[890:2065/2065,384:1715/1715]",
    "wave 5: reward shop owner=host leave",
    "wave 5: guest chose Crossroads Leave through public UI",
    "wave 5: guest drove World Map via public UI=true and both consumed 1830533160444668:1:BIOME_PICK:9700005",
    "wave 6 turn 1: replay guest crossed cmd:6:1 through real public COMMAND=opened",
    "wave 6: BIOME 0->1",
    "wave 6: host slot move=34 guest slot move=53",
    "wave 6 turn 1: progress enemyHp=[21:20/20,399:0/23] playerHp=[890:2065/2065,384:1715/1715]",
    "wave 6 turn 2: replay guest crossed cmd:6:2 through real public COMMAND=opened",
    "wave 6: reward shop owner=host leave",
    "wave 7 turn 1: replay guest crossed cmd:7:1 through real public COMMAND=opened",
    "wave 7 turn 1: host SWITCH -> party[2]",
    "wave 7: host slot move=53 guest slot move=53",
    "wave 7 turn 1: guest SWITCH -> party[3]",
    "wave 7 turn 1: progress enemyHp=[10194:20/20,21:20/20] playerHp=[493:1865/1865,150:1725/1725]",
    "wave 7 turn 2: replay guest crossed cmd:7:2 through real public COMMAND=opened",
    "wave 7: reward shop owner=guest take-nonparty",
    "wave 8 turn 1: replay guest crossed cmd:8:1 through real public COMMAND=opened",
    "wave 8: TRAINER (fixed)",
    "wave 8: host slot move=247 guest slot move=34",
    "wave 8 turn 1: progress enemyHp=[501:0/27,276:0/22] playerHp=[493:1865/1865,150:1725/1725]",
    "wave 8: reward shop owner=host take-nonparty",
    "wave 9 turn 1: replay guest crossed cmd:9:1 through real public COMMAND=opened",
    "wave 9: host slot move=53 guest slot move=34",
    "wave 9 turn 1: progress enemyHp=[161:0/22,21:22/22] playerHp=[493:1865/1865,150:1725/1725]",
    "wave 9 turn 2: replay guest crossed cmd:9:2 through real public COMMAND=opened",
    "wave 9: reward shop owner=guest take-nonparty",
    "wave 10 turn 1: replay guest crossed cmd:10:1 through real public COMMAND=opened",
    "wave 10: host slot move=85 guest slot move=53",
    "wave 10 turn 1: guest SWITCH -> party[3]",
    "wave 10 turn 1: progress enemyHp=[427:0/24,427:24/24] playerHp=[493:1865/1865,384:1709/1715]",
    "wave 10 turn 2: replay guest crossed cmd:10:2 through real public COMMAND=opened",
    "wave 10: biome market owner=host leave",
    "wave 10: drained 1 milestone reward continuation(s)",
    "wave 10: guest chose Crossroads Leave through public UI",
    "wave 10: guest drove World Map via public UI=true and both consumed 1830533160444668:1:BIOME_PICK:9700011",
    "wave 11 turn 1: replay guest crossed cmd:11:1 through real public COMMAND=opened",
    "wave 11: BIOME 1->2",
    "wave 11: host slot move=53 guest slot move=34",
    "wave 11 turn 1: progress enemyHp=[543:0/23,387:0/27] playerHp=[493:1865/1865,384:1715/1715]",
    "wave 11: reward shop owner=host take-nonparty",
    "wave 12 turn 1: replay guest crossed cmd:12:1 through real public COMMAND=opened",
    "wave 12: host slot move=247 guest slot move=85",
    "wave 12 turn 1: progress enemyHp=[285:0/27,108:0/34] playerHp=[493:1865/1865,384:1715/1715]",
    "wave 12: reward shop owner=guest take-nonparty",
    "wave 13 turn 1: replay guest crossed cmd:13:1 through real public COMMAND=opened",
    "wave 13 turn 1: host SWITCH -> party[2]",
    "wave 13: host slot move=34 guest slot move=53",
    "wave 13 turn 1: progress enemyHp=[590:34/34,546:0/28] playerHp=[890:2065/2065,384:1715/1715]",
    "wave 13 turn 2: replay guest crossed cmd:13:2 through real public COMMAND=opened",
    "wave 13: reward shop owner=host leave",
    "wave 14 turn 1: replay guest crossed cmd:14:1 through real public COMMAND=opened",
    "wave 14: host slot move=34 guest slot move=247",
    "wave 14 turn 1: progress enemyHp=[108:0/37,548:0/32] playerHp=[890:2065/2065,384:1715/1715]",
    "wave 14: reward shop owner=guest take-nonparty",
    "wave 15 turn 1: replay guest crossed cmd:15:1 through real public COMMAND=opened",
    "wave 15: host slot move=53 guest slot move=34",
    "wave 15 turn 1: progress enemyHp=[543:0/27,268:0/30] playerHp=[890:2065/2065,384:1715/1715]",
    "wave 15: reward shop owner=host take-nonparty",
    "wave 15: guest chose Crossroads Leave through public UI",
    "wave 15: guest drove World Map via public UI=true and both consumed 1830533160444668:1:BIOME_PICK:9700017",
    "wave 16 turn 1: replay guest crossed cmd:16:1 through real public COMMAND=opened",
    "wave 16: host slot move=247 guest slot move=85",
    "wave 16 turn 1: progress enemyHp=[268:0/35,548:0/32] playerHp=[890:2065/2065,384:1715/1715]",
    "wave 16: reward shop owner=host take-nonparty",
    "wave 17 turn 1: replay guest crossed cmd:17:1 through real public COMMAND=opened",
    "wave 17: host slot move=34 guest slot move=53",
    "wave 17 turn 1: progress enemyHp=[268:0/35,285:0/40] playerHp=[890:2065/2065,384:1715/1715]",
    "wave 17: reward shop owner=guest leave",
    "wave 18 turn 1: replay guest crossed cmd:18:1 through real public COMMAND=opened",
    "wave 18: host slot move=85 guest slot move=247",
    "wave 18 turn 1: progress enemyHp=[285:0/37,543:0/32] playerHp=[890:2065/2065,384:1715/1715]",
    "wave 18: reward shop owner=host take-nonparty",
    "wave 19 turn 1: replay guest crossed cmd:19:1 through real public COMMAND=opened",
    "wave 19 turn 1: host SWITCH -> party[2]",
    "wave 19: host slot move=53 guest slot move=34",
    "wave 19 turn 1: progress enemyHp=[546:35/35,543:0/32] playerHp=[493:1865/1865,384:1715/1715]",
    "wave 19 turn 2: replay guest crossed cmd:19:2 through real public COMMAND=opened",
    "wave 19: reward shop owner=guest take-nonparty",
    "wave 20 turn 1: replay guest crossed cmd:20:1 through real public COMMAND=opened",
    "wave 20: host slot move=247 guest slot move=85",
    "wave 20 turn 1: progress enemyHp=[714:0/35,543:0/32] playerHp=[493:1865/1865,384:1712/1715]",
    "wave 20: biome market owner=host leave",
    "wave 20: drained 1 milestone reward continuation(s)",
    "wave 20: guest chose Crossroads Leave through public UI",
    "wave 20: guest drove World Map via public UI=true and both consumed 1830533160444668:1:BIOME_PICK:9700023",
    "wave 21 turn 1: replay guest crossed cmd:21:1 through real public COMMAND=opened",
    "wave 21: BIOME 2->3",
    "wave 21: host slot move=53 guest slot move=53",
    "wave 21 turn 1: progress enemyHp=[402:0/47,37:0/36] playerHp=[493:1865/1865,384:1714/1715]",
    "wave 21: reward shop owner=host take-nonparty",
    "wave 22 turn 1: replay guest crossed cmd:22:1 through real public COMMAND=opened",
    "wave 22: host slot move=85 guest slot move=247",
    "wave 22 turn 1: progress enemyHp=[919:0/37,753:0/37] playerHp=[493:1865/1865,384:1714/1715]",
    "wave 22: reward shop owner=guest take-nonparty",
    "wave 23 turn 1: replay guest crossed cmd:23:1 through real public COMMAND=opened",
    "wave 23: host slot move=53 guest slot move=34",
    "wave 23 turn 1: progress enemyHp=[666:47/47,203:0/47] playerHp=[493:1515/1865,384:1712/1715]",
    "wave 23 turn 2: replay guest crossed cmd:23:2 through real public COMMAND=opened",
    "wave 23 turn 2: guest SWITCH -> party[3]",
    "wave 23: reward shop owner=host leave",
    "wave 24 turn 1: replay guest crossed cmd:24:1 through real public COMMAND=opened",
    "wave 24: host slot move=53 guest slot move=85",
    "wave 24 turn 1: progress enemyHp=[402:0/55,402:0/55] playerHp=[493:1515/1865,150:1725/1725]",
    "wave 24: reward shop owner=guest leave",
    "wave 25 turn 1: replay guest crossed cmd:25:1 through real public COMMAND=opened",
    "wave 25: TRAINER (fixed)",
    "wave 25: host slot move=34 guest slot move=34",
    "wave 25 turn 1: progress enemyHp=[502:0/60,276:0/45] playerHp=[493:1515/1865,150:1725/1725]",
    "wave 25 turn 2: replay guest crossed cmd:25:2 through real public COMMAND=opened",
    "wave 25 turn 2: guest SWITCH -> party[3]",
    "wave 25: reward shop owner=host leave",
    "wave 25: guest drove World Map via public UI=true and both consumed 1830533160444668:1:BIOME_PICK:9700029",
    "wave 26 turn 1: replay guest crossed cmd:26:1 through real public COMMAND=opened",
    "wave 26: host slot move=85 guest slot move=247",
    "wave 26 turn 1: progress enemyHp=[43:0/47,665:0/49] playerHp=[493:1631/1865,384:1715/1715]",
    "wave 26: reward shop owner=host take-nonparty",
    "wave 27 turn 1: replay guest crossed cmd:27:1 through real public COMMAND=opened",
    "wave 27: host slot move=53 guest slot move=34",
    "wave 27 turn 1: progress enemyHp=[402:0/55,753:0/47] playerHp=[493:1747/1865,384:1715/1715]",
    "wave 27: reward shop owner=guest take-nonparty",
    "wave 28 turn 1: replay guest crossed cmd:28:1 through real public COMMAND=opened",
    "wave 28: host slot move=247 guest slot move=85",
    "wave 28 turn 1: progress enemyHp=[978:0/58,46:0/49] playerHp=[493:1863/1865,384:1715/1715]",
    "wave 28: reward shop owner=host take-nonparty",
    "wave 29 turn 1: replay guest crossed cmd:29:1 through real public COMMAND=opened",
    "wave 29: host slot move=247 guest slot move=53",
    "wave 29 turn 1: progress enemyHp=[37:0/47,43:0/51] playerHp=[493:1865/1865,384:1715/1715]",
    "wave 29: reward shop owner=guest leave",
    "wave 30 turn 1: replay guest crossed cmd:30:1 through real public COMMAND=opened",
    "wave 30: TRAINER (random)",
    "wave 30: host slot move=85 guest slot move=85",
    "wave 30 turn 1: progress enemyHp=[10001:5/72,10664:0/56] playerHp=[493:1865/1865,384:1715/1715]",
    "wave 30 turn 2: replay guest crossed cmd:30:2 through real public COMMAND=opened",
    "wave 30: biome market owner=host leave",
    "wave 30: drained 1 milestone reward continuation(s)",
    "wave 30: guest chose Crossroads Leave through public UI",
    "wave 30: guest drove World Map via public UI=true and both consumed 1830533160444668:1:BIOME_PICK:9700035",
    "wave 31 turn 1: replay guest crossed cmd:31:1 through real public COMMAND=opened",
    "wave 31: BIOME 3->5",
    "wave 31: host slot move=53 guest slot move=53",
    "wave 31 turn 1: guest SWITCH -> party[3]",
    "wave 31 turn 1: progress enemyHp=[315:0/53,944:47/47] playerHp=[493:1862/1865,150:1725/1725]",
    "wave 31 turn 2: replay guest crossed cmd:31:2 through real public COMMAND=opened",
    "wave 31: reward shop owner=host leave",
    "wave 32 turn 1: replay guest crossed cmd:32:1 through real public COMMAND=opened",
    "wave 32: host slot move=247 guest slot move=34",
    "wave 32 turn 1: progress enemyHp=[511:0/56,944:0/52] playerHp=[493:1859/1865,150:1725/1725]",
    "wave 32: reward shop owner=guest leave",
    "wave 33 turn 1: replay guest crossed cmd:33:1 through real public COMMAND=opened",
    "wave 33 turn 1: host SWITCH -> party[2]",
    "wave 33: host slot move=34 guest slot move=53",
    "wave 33 turn 1: guest SWITCH -> party[3]",
    "wave 33 turn 1: progress enemyHp=[616:60/60,415:56/56] playerHp=[890:2065/2065,384:1715/1715]",
    "wave 33 turn 2: replay guest crossed cmd:33:2 through real public COMMAND=opened",
    "wave 33 turn 2: host SWITCH -> party[2]",
    "wave 33 turn 3: replay guest crossed cmd:33:3 through real public COMMAND=opened",
    "wave 33: reward shop owner=host leave",
    "wave 34 turn 1: replay guest crossed cmd:34:1 through real public COMMAND=opened",
    "wave 34: host slot move=85 guest slot move=53",
    "wave 34 turn 1: progress enemyHp=[69:0/64,944:0/56] playerHp=[493:1862/1865,384:1715/1715]",
    "wave 34: reward shop owner=guest take-nonparty",
    "wave 35 turn 1: replay guest crossed cmd:35:1 through real public COMMAND=opened",
    "wave 35: TRAINER (fixed)",
    "wave 35: host slot move=53 guest slot move=34",
    "wave 35 turn 1: progress enemyHp=[739:0/71,624:0/63] playerHp=[493:1862/1865,384:1715/1715]",
    "wave 35: reward shop owner=host leave",
    "wave 35: guest drove World Map via public UI=true and both consumed 1830533160444668:1:BIOME_PICK:9700041",
    "wave 36 turn 1: replay guest crossed cmd:36:1 through real public COMMAND=opened",
    "wave 36: host slot move=247 guest slot move=85",
    "wave 36 turn 1: progress enemyHp=[541:65/65,12:0/71] playerHp=[493:1865/1865,384:1714/1715]",
    "wave 36 turn 2: replay guest crossed cmd:36:2 through real public COMMAND=opened",
    "wave 36 turn 2: host SWITCH -> party[2]",
    "wave 36: reward shop owner=host take-nonparty",
    "wave 37 turn 1: replay guest crossed cmd:37:1 through real public COMMAND=opened",
    "wave 37: host slot move=34 guest slot move=34",
    "wave 37 turn 1: progress enemyHp=[10229:0/67,423:0/98] playerHp=[890:2065/2065,384:1713/1715]",
    "wave 37: reward shop owner=guest leave",
    "wave 38 turn 1: replay guest crossed cmd:38:1 through real public COMMAND=opened",
    "wave 38: host slot move=85 guest slot move=53",
    "wave 38 turn 1: progress enemyHp=[415:0/64,585:0/70] playerHp=[890:2065/2065,384:1713/1715]",
    "wave 38: reward shop owner=host take-nonparty",
    "wave 39 turn 1: replay guest crossed cmd:39:1 through real public COMMAND=opened",
    "wave 39 turn 1: host SWITCH -> party[2]",
    "wave 39: host slot move=53 guest slot move=34",
    "wave 39 turn 1: guest SWITCH -> party[3]",
    "wave 39 turn 1: progress enemyHp=[205:70/80,944:60/60] playerHp=[493:1865/1865,150:1725/1725]",
    "wave 39 turn 2: replay guest crossed cmd:39:2 through real public COMMAND=opened",
    "wave 39: reward shop owner=guest take-nonparty",
    "wave 40 turn 1: replay guest crossed cmd:40:1 through real public COMMAND=opened",
    "wave 40: host slot move=53 guest slot move=85",
    "wave 40 turn 1: progress enemyHp=[586:0/85,918:0/103] playerHp=[493:1865/1865,150:1725/1725]",
    "wave 40: biome market owner=host leave",
    "wave 40: drained 1 milestone reward continuation(s)",
    "wave 40: guest chose Crossroads Leave through public UI",
    "wave 40: guest drove World Map via public UI=true and both consumed 1830533160444668:1:BIOME_PICK:9700047",
    "wave 41 turn 1: replay guest crossed cmd:41:1 through real public COMMAND=opened",
    "wave 41: BIOME 5->27",
    "wave 41: host slot move=34 guest slot move=53",
    "wave 41 turn 1: guest SWITCH -> party[3]",
    "wave 41 turn 1: progress enemyHp=[541:77/77,421:83/83] playerHp=[493:1865/1865,384:1715/1715]",
    "wave 41 turn 2: replay guest crossed cmd:41:2 through real public COMMAND=opened",
    "wave 41: reward shop owner=host take-nonparty",
    "wave 42 turn 1: replay guest crossed cmd:42:1 through real public COMMAND=opened",
    "wave 42: host slot move=34 guest slot move=247",
    "wave 42 turn 1: progress enemyHp=[667:0/86,590:0/88] playerHp=[493:1865/1865,384:1715/1715]",
    "wave 42: reward shop owner=guest leave",
    "wave 42: drained 1 milestone reward continuation(s)",
    "wave 43 turn 1: replay guest crossed cmd:43:1 through real public COMMAND=opened",
    "wave 43: host slot move=34 guest slot move=34",
    "wave 43 turn 1: progress enemyHp=[523:0/100,541:0/82] playerHp=[493:1865/1865,384:1715/1715]",
    "wave 43: reward shop owner=host leave",
    "wave 44 turn 1: replay guest crossed cmd:44:1 through real public COMMAND=opened",
    "wave 44 turn 1: host SWITCH -> party[2]",
    "wave 44: host slot move=247 guest slot move=53",
    "wave 44 turn 1: progress enemyHp=[421:91/91,667:0/89] playerHp=[890:2065/2065,384:1714/1715]",
    "wave 44 turn 2: replay guest crossed cmd:44:2 through real public COMMAND=opened",
    "wave 44: reward shop owner=guest take-nonparty",
    "wave 45 turn 1: replay guest crossed cmd:45:1 through real public COMMAND=opened",
    "wave 45: host slot move=34 guest slot move=53",
    "wave 45 turn 1: progress enemyHp=[496:0/94,754:0/106] playerHp=[890:2065/2065,384:1714/1715]",
    "wave 45: reward shop owner=host take-nonparty",
    "wave 45: guest chose Crossroads Leave through public UI",
    "wave 45: guest drove World Map via public UI=true and both consumed 1830533160444668:1:BIOME_PICK:9700053",
    "wave 46 turn 1: replay guest crossed cmd:46:1 through real public COMMAND=opened",
    "wave 46: host slot move=85 guest slot move=34",
    "wave 46 turn 1: progress enemyHp=[733:0/108,732:0/84] playerHp=[890:2065/2065,384:1714/1715]",
    "wave 46: reward shop owner=host leave",
    "wave 47 turn 1: replay guest crossed cmd:47:1 through real public COMMAND=opened",
    "wave 47 turn 1: host SWITCH -> party[2]",
    "wave 47: host slot move=53 guest slot move=34",
    "wave 47 turn 1: progress enemyHp=[590:90/90,595:0/86] playerHp=[493:1748/1865,384:1714/1715]",
    "wave 47 turn 2: replay guest crossed cmd:47:2 through real public COMMAND=opened",
    "wave 47 turn 2: host SWITCH -> party[2]",
    "wave 47 turn 2: guest SWITCH -> party[3]",
    "wave 47 turn 3: replay guest crossed cmd:47:3 through real public COMMAND=opened",
    "wave 47: reward shop owner=guest leave",
    "wave 48 turn 1: replay guest crossed cmd:48:1 through real public COMMAND=opened",
    "wave 48: host slot move=53 guest slot move=85",
    "wave 48 turn 1: progress enemyHp=[667:0/89,357:0/118] playerHp=[890:2065/2065,150:1722/1725]",
    "wave 48: reward shop owner=host leave",
    "wave 48: drained 1 milestone reward continuation(s)",
    "wave 49 turn 1: replay guest crossed cmd:49:1 through real public COMMAND=opened",
    "wave 49: host slot move=34 guest slot move=53",
    "wave 49 turn 1: progress enemyHp=[103:0/115,542:0/102] playerHp=[890:2065/2065,150:1722/1725]",
    "wave 49: reward shop owner=guest leave",
    "wave 49: drained 1 milestone reward continuation(s)",
    "wave 50 turn 1: replay guest crossed cmd:50:1 through real public COMMAND=opened",
    "wave 50: host slot move=85 guest slot move=247",
    "wave 50 turn 1: progress enemyHp=[870:0/103,103:0/138] playerHp=[890:2065/2065,150:1722/1725]",
    "wave 50: biome market owner=host leave",
    "wave 50: drained 1 milestone reward continuation(s)",
    "wave 50: guest chose Crossroads Leave through public UI",
    "wave 50: guest drove World Map via public UI=true and both consumed 1830533160444668:1:BIOME_PICK:9700059",
    "wave 51 turn 1: replay guest crossed cmd:51:1 through real public COMMAND=opened",
    "wave 51: BIOME 27->29",
    "wave 51: host slot move=53 guest slot move=53",
    "wave 51 turn 1: progress enemyHp=[563:0/108,679:0/85] playerHp=[890:2065/2065,150:1725/1725]",
    "wave 51: reward shop owner=host leave",
    "wave 52 turn 1: replay guest crossed cmd:52:1 through real public COMMAND=opened",
    "wave 52: host slot move=247 guest slot move=85",
    "wave 52 turn 1: progress enemyHp=[563:0/102,358:0/109] playerHp=[890:2065/2065,150:1725/1725]",
    "wave 52: reward shop owner=guest leave",
    "wave 53 turn 1: replay guest crossed cmd:53:1 through real public COMMAND=opened",
    "wave 53: host slot move=53 guest slot move=85",
    "wave 53 turn 1: progress enemyHp=[999:106/106,999:103/103] playerHp=[890:2065/2065,150:1725/1725]",
    "wave 53 turn 2: replay guest crossed cmd:53:2 through real public COMMAND=opened",
    "wave 53: reward shop owner=host take-nonparty",
    "wave 54 turn 1: replay guest crossed cmd:54:1 through real public COMMAND=opened",
    "wave 54: host slot move=85 guest slot move=247",
    "wave 54 turn 1: guest SWITCH -> party[3]",
    "wave 54 turn 1: progress enemyHp=[177:0/81,679:85/85] playerHp=[890:2065/2065,384:1715/1715]",
    "wave 54 turn 2: replay guest crossed cmd:54:2 through real public COMMAND=opened",
    "wave 54: reward shop owner=guest take-nonparty",
    "wave 55 turn 1: replay guest crossed cmd:55:1 through real public COMMAND=opened",
    "wave 55: TRAINER (fixed)",
    "wave 55: host slot move=53 guest slot move=85",
    "wave 55 turn 1: progress enemyHp=[503:0/141,277:0/105] playerHp=[890:2065/2065,384:1711/1715]",
    "wave 55 turn 2: replay guest crossed cmd:55:2 through real public COMMAND=opened",
    "wave 55 turn 3: replay guest crossed cmd:55:3 through real public COMMAND=opened",
    "wave 55: reward shop owner=host leave",
    "wave 55: guest chose Crossroads Leave through public UI",
    "wave 55: guest drove World Map via public UI=true and both consumed 1830533160444668:1:BIOME_PICK:9700065",
    "wave 56 turn 1: replay guest crossed cmd:56:1 through real public COMMAND=opened",
    "wave 56: host slot move=247 guest slot move=53",
    "wave 56 turn 1: progress enemyHp=[358:0/121,679:0/85] playerHp=[890:2065/2065,384:1707/1715]",
    "wave 56: reward shop owner=host take-nonparty",
    "wave 57 turn 1: replay guest crossed cmd:57:1 through real public COMMAND=opened",
    "wave 57: host slot move=53 guest slot move=85",
    "wave 57 turn 1: progress enemyHp=[356:0/92,355:0/78] playerHp=[890:2065/2065,384:1703/1715]",
    "wave 57: reward shop owner=guest leave",
    "wave 58 turn 1: replay guest crossed cmd:58:1 through real public COMMAND=opened",
    "wave 58: host slot move=53 guest slot move=247",
    "wave 58 turn 1: progress enemyHp=[563:0/111,451:0/107] playerHp=[890:2065/2065,384:1703/1715]",
    "wave 58: reward shop owner=host take-nonparty",
    "wave 59 turn 1: replay guest crossed cmd:59:1 through real public COMMAND=opened",
    "wave 59: host slot move=247 guest slot move=34",
    "wave 59 turn 1: progress enemyHp=[355:0/80,177:0/90] playerHp=[890:2065/2065,384:1703/1715]",
    "wave 59: reward shop owner=guest leave",
    "wave 60 turn 1: replay guest crossed cmd:60:1 through real public COMMAND=opened",
    "wave 60: TRAINER (random)",
    "wave 60: host slot move=247 guest slot move=53",
    "wave 60 turn 1: guest SWITCH -> party[3]",
    "wave 60 turn 1: progress enemyHp=[10349:0/144,302:123/123] playerHp=[890:2065/2065,150:1711/1725]",
    "wave 60 turn 2: replay guest crossed cmd:60:2 through real public COMMAND=opened",
    "wave 60 turn 3: replay guest crossed cmd:60:3 through real public COMMAND=opened",
    "wave 60: biome market owner=host leave",
    "wave 60: drained 1 milestone reward continuation(s)",
    "wave 60: guest chose Crossroads Leave through public UI",
    "wave 60: guest drove World Map via public UI=true and both consumed 1830533160444668:1:BIOME_PICK:9700071",
    "wave 61 turn 1: replay guest crossed cmd:61:1 through real public COMMAND=opened",
    "wave 61: BIOME 29->14",
    "wave 61: host slot move=53 guest slot move=53",
    "wave 61 turn 1: progress enemyHp=[472:0/122,472:0/122] playerHp=[890:2065/2065,150:1618/1725]",
    "wave 61: reward shop owner=host leave",
    "wave 61: drained 1 milestone reward continuation(s)",
    "wave 62 turn 1: replay guest crossed cmd:62:1 through real public COMMAND=opened",
    "wave 62: TRAINER (fixed)",
    "wave 62 turn 1: host SWITCH -> party[2]",
    "wave 62: host slot move=53 guest slot move=247",
    "wave 62 turn 1: progress enemyHp=[923:119/126,959:0/139] playerHp=[493:1749/1865,150:1502/1725]",
    "wave 62 turn 2: replay guest crossed cmd:62:2 through real public COMMAND=opened",
    "wave 62: reward shop owner=guest leave",
    "wave 63 turn 1: replay guest crossed cmd:63:1 through real public COMMAND=opened",
    "wave 63: host slot move=53 guest slot move=247",
    "wave 63 turn 1: progress enemyHp=[472:0/130,987:0/111] playerHp=[493:1517/1865,150:1288/1725]",
    "wave 63: reward shop owner=host leave",
    "wave 63: drained 1 milestone reward continuation(s)",
    "wave 64 turn 1: replay guest crossed cmd:64:1 through real public COMMAND=opened",
    "wave 64: TRAINER (fixed)",
    "wave 64 turn 1: host SWITCH -> party[2]",
    "wave 64: host slot move=247 guest slot move=85",
    "wave 64 turn 1: progress enemyHp=[861:145/154,927:0/120] playerHp=[890:2056/2065,150:1181/1725]",
    "wave 64 turn 2: replay guest crossed cmd:64:2 through real public COMMAND=opened",
    "wave 64 turn 2: host SWITCH -> party[2]",
    "wave 64 turn 3: replay guest crossed cmd:64:3 through real public COMMAND=opened",
    "wave 64: reward shop owner=guest leave",
    "wave 65 turn 1: replay guest crossed cmd:65:1 through real public COMMAND=opened",
    "wave 65: host slot move=34 guest slot move=53",
    "wave 65 turn 1: progress enemyHp=[346:0/158,10024:0/158] playerHp=[493:1509/1865,150:860/1725]",
    "wave 65: reward shop owner=host leave",
    "wave 65: drained 1 milestone reward continuation(s)",
    "wave 66 turn 1: replay guest crossed cmd:66:1 through real public COMMAND=opened",
    "wave 66: TRAINER (fixed)",
    "wave 66: host slot move=85 guest slot move=34",
    "wave 66 turn 1: progress enemyHp=[435:0/168,862:0/158] playerHp=[493:1393/1865,150:753/1725]",
    "wave 66 turn 2: replay guest crossed cmd:66:2 through real public COMMAND=opened",
    "wave 66 turn 2: guest SWITCH -> party[3]",
    "wave 66 turn 3: replay guest crossed cmd:66:3 through real public COMMAND=opened",
    "wave 66 turn 4: replay guest crossed cmd:66:4 through real public COMMAND=opened",
    "wave 66: reward shop owner=guest leave",
    "wave 67 turn 1: replay guest crossed cmd:67:1 through real public COMMAND=opened",
    "wave 67 turn 1: host SWITCH -> party[2]",
    "wave 67: host slot move=53 guest slot move=34",
    "wave 67 turn 1: progress enemyHp=[844:131/131,991:0/112] playerHp=[890:2056/2065,384:1267/1715]",
    "wave 67 turn 2: replay guest crossed cmd:67:2 through real public COMMAND=opened",
    "wave 67: reward shop owner=host leave",
    "wave 67: drained 1 milestone reward continuation(s)",
    "wave 68 turn 1: replay guest crossed cmd:68:1 through real public COMMAND=opened",
    "wave 68: host slot move=247 guest slot move=85",
    "wave 68 turn 1: progress enemyHp=[844:0/133,874:0/155] playerHp=[890:2056/2065,384:1053/1715]",
    "wave 68: reward shop owner=guest leave",
    "wave 68: drained 1 milestone reward continuation(s)",
    "wave 69 turn 1: replay guest crossed cmd:69:1 through real public COMMAND=opened",
    "wave 69: TRAINER (random)",
    "wave 69: host slot move=34 guest slot move=53",
    "wave 69 turn 1: guest SWITCH -> party[3]",
    "wave 69 turn 1: progress enemyHp=[369:1/172,338:162/162] playerHp=[890:2048/2065,150:1613/1725]",
    "wave 69 turn 2: replay guest crossed cmd:69:2 through real public COMMAND=opened",
    "wave 69 turn 3: replay guest crossed cmd:69:3 through real public COMMAND=opened",
    "wave 69: reward shop owner=host take-nonparty",
    "wave 69: guest drove World Map via public UI=true and both consumed 1830533160444668:1:BIOME_PICK:9700081",
    "wave 70 turn 1: replay guest crossed cmd:70:1 through real public COMMAND=opened",
    "wave 70: host slot move=85 guest slot move=53",
    "wave 70 turn 1: progress enemyHp=[555:0/207,947:0/127] playerHp=[890:2043/2065,150:1387/1725]"
  ]
}