{
  "invariant": "no-park",
  "seed": 20260814,
  "wave": 4,
  "detail": "wave driving threw (strand/stall): guest reward WATCH HANG: watcher neither left nor advanced past interaction 3 after 32 drains (owner terminal never arrived) - see dev-logs/coop-duo/",
  "replay": "SOAK_SEED=20260814",
  "phaseState": {
    "hostPhase": "SelectModifierPhase",
    "guestPhase": "SelectModifierPhase",
    "hostInteractionCounter": 3,
    "guestInteractionCounter": 3,
    "hostWave": 4,
    "hostBattleType": 0,
    "hostPlayerField": [
      {
        "id": 2798323391,
        "battlerIndex": 0,
        "speciesId": 143,
        "speciesName": "Snorlax",
        "hp": 297,
        "maxHp": 303,
        "fainted": false,
        "status": 0,
        "statStages": [
          0,
          0,
          0,
          0,
          0,
          0,
          0
        ],
        "moves": [
          {
            "id": 262,
            "ppUsed": 0
          },
          {
            "id": 247,
            "ppUsed": 0
          },
          {
            "id": 53,
            "ppUsed": 1
          },
          {
            "id": 85,
            "ppUsed": 0
          }
        ],
        "coopOwner": "host"
      },
      {
        "id": 2846537630,
        "battlerIndex": 1,
        "speciesId": 248,
        "speciesName": "Tyranitar",
        "hp": 224,
        "maxHp": 225,
        "fainted": false,
        "status": 0,
        "statStages": [
          3,
          0,
          0,
          0,
          0,
          0,
          0
        ],
        "moves": [
          {
            "id": 262,
            "ppUsed": 0
          },
          {
            "id": 247,
            "ppUsed": 1
          },
          {
            "id": 53,
            "ppUsed": 0
          },
          {
            "id": 85,
            "ppUsed": 0
          }
        ],
        "coopOwner": "guest"
      }
    ],
    "hostEnemyField": [
      {
        "id": 3845850510,
        "battlerIndex": 2,
        "speciesId": 661,
        "speciesName": "Fletchling",
        "hp": 0,
        "maxHp": 16,
        "fainted": true,
        "status": 7,
        "statStages": [
          0,
          0,
          0,
          0,
          0,
          0,
          0
        ],
        "moves": [
          {
            "id": 314,
            "ppUsed": 0
          },
          {
            "id": 175,
            "ppUsed": 0
          },
          {
            "id": 45,
            "ppUsed": 0
          },
          {
            "id": 64,
            "ppUsed": 0
          }
        ]
      },
      {
        "id": 873755995,
        "battlerIndex": 3,
        "speciesId": 43,
        "speciesName": "Oddish",
        "hp": 0,
        "maxHp": 18,
        "fainted": true,
        "status": 7,
        "statStages": [
          0,
          0,
          0,
          0,
          0,
          0,
          0
        ],
        "moves": [
          {
            "id": 51,
            "ppUsed": 0
          },
          {
            "id": 72,
            "ppUsed": 0
          },
          {
            "id": 230,
            "ppUsed": 0
          },
          {
            "id": 77,
            "ppUsed": 0
          }
        ]
      }
    ],
    "guestPlayerField": [
      {
        "id": 2798323391,
        "battlerIndex": -1,
        "speciesId": 143,
        "speciesName": "Snorlax",
        "hp": 297,
        "maxHp": 303,
        "fainted": false,
        "status": 0,
        "statStages": [
          0,
          0,
          0,
          0,
          0,
          0,
          0
        ],
        "moves": [
          {
            "id": 262,
            "ppUsed": 0
          },
          {
            "id": 247,
            "ppUsed": 0
          },
          {
            "id": 53,
            "ppUsed": 1
          },
          {
            "id": 85,
            "ppUsed": 0
          }
        ],
        "coopOwner": "host"
      },
      {
        "id": 2846537630,
        "battlerIndex": -1,
        "speciesId": 248,
        "speciesName": "Tyranitar",
        "hp": 224,
        "maxHp": 225,
        "fainted": false,
        "status": 0,
        "statStages": [
          3,
          0,
          0,
          0,
          0,
          0,
          0
        ],
        "moves": [
          {
            "id": 262,
            "ppUsed": 0
          },
          {
            "id": 247,
            "ppUsed": 1
          },
          {
            "id": 53,
            "ppUsed": 0
          },
          {
            "id": 85,
            "ppUsed": 0
          }
        ],
        "coopOwner": "guest"
      }
    ],
    "guestEnemyField": [
      {
        "id": 3845850510,
        "battlerIndex": -1,
        "speciesId": 661,
        "speciesName": "Fletchling",
        "hp": 0,
        "maxHp": 16,
        "fainted": true,
        "status": 7,
        "statStages": [
          0,
          0,
          0,
          0,
          0,
          0,
          0
        ],
        "moves": [
          {
            "id": 314,
            "ppUsed": 0
          },
          {
            "id": 175,
            "ppUsed": 0
          },
          {
            "id": 45,
            "ppUsed": 0
          },
          {
            "id": 64,
            "ppUsed": 0
          }
        ]
      },
      {
        "id": 873755995,
        "battlerIndex": -1,
        "speciesId": 43,
        "speciesName": "Oddish",
        "hp": 0,
        "maxHp": 18,
        "fainted": true,
        "status": 7,
        "statStages": [
          0,
          0,
          0,
          0,
          0,
          0,
          0
        ],
        "moves": [
          {
            "id": 51,
            "ppUsed": 0
          },
          {
            "id": 72,
            "ppUsed": 0
          },
          {
            "id": 230,
            "ppUsed": 0
          },
          {
            "id": 77,
            "ppUsed": 0
          }
        ]
      }
    ]
  },
  "actionScript": [
    "SKIP mysteryEncounterDisabledV1",
    "content seed=coop-soak-20260814 preseeded=false",
    "wave 1 turn 1: committed frontier omitted seat 1; guest remained a replay spectator until host action",
    "wave 1: host slot move=85 guest slot move=0",
    "wave 1 turn 1: progress enemyHp=[16:0/14] playerHp=[143:303/303]",
    "wave 1: reward shop owner=host leave",
    "wave 2 turn 1: replay guest crossed cmd:2:1 through real public COMMAND=opened",
    "wave 2 turn 1: staged guest-owned lead at 1 HP on both engines",
    "wave 2: host slot move=247 guest slot move=85",
    "wave 2 turn 1: forced-faint guest MEMENTO self-KO",
    "wave 2 turn 1: progress enemyHp=[23:0/17,163:15/15] playerHp=[143:297/303,94:0/179]",
    "wave 2 turn 2: replay guest crossed cmd:2:2 through real public COMMAND=opened",
    "wave 2: reward shop owner=guest take-nonparty",
    "wave 3 turn 1: replay guest crossed cmd:3:1 through real public COMMAND=opened",
    "wave 3: host slot move=85 guest slot move=247",
    "wave 3 turn 1: progress enemyHp=[263:0/16,13:0/16] playerHp=[143:297/303,248:224/225]",
    "wave 3: reward shop owner=host take-nonparty",
    "wave 4 turn 1: replay guest crossed cmd:4:1 through real public COMMAND=opened",
    "wave 4: host slot move=53 guest slot move=247",
    "wave 4 turn 1: progress enemyHp=[661:0/16,43:0/18] playerHp=[143:297/303,248:224/225]"
  ]
}