===== COOP SOAK RESULT =====
profile: god
verdict: FAIL
waves_requested: 150
run: 31771271144 (main)
timestamp: 2026-08-14T04-55-23Z

----- driver lines -----
[22m[39m[coop-soak] SEED=20260814 WAVES=150 - replay this run with:  SOAK_SEED=20260814 SOAK_WAVES=150 ER_SCENARIO=1 npx vitest run test/tests/elite-redux/coop/coop-soak.test.ts
[22m[39m[coop-soak] RUN ENDED at wave 5 (seed 20260814): host at terminal phase TitlePhase. Survey stops here.
[22m[39m[coop-soak] DONE seed=20260814 waves=4/150 resyncHeals=0 assertions=0 findings=0 trainerWaves=1 (fixed=1 random=0) skips={"mysteryEncounterDisabledV1":1} elapsedMs=18086
[coop-soak] RUN ENDED at wave 5 (seed 20260814) [TitlePhase]: host at terminal phase TitlePhase. Surveyed 4/150 waves under all invariants before the terminal.
[31m[1mSoakInvariantError[22m: [coop-soak] NO-PARK invariant breached at wave 6 (seed 206780945): wave driving threw (strand/stall): PhaseInterceptor.to("CoopTurnCommitPhase") did not reach its target (soft-lock / freeze?): stuck at phase "CommandPhase", UI mode MESSAGE (=0), interceptor state "running". runTarget=true, promptTarget="CoopTurnCommitPhase".

----- vitest result tail -----
    Result: [31m[1m✗ Failed[22m[39m [2min[22m [33m38032[39m[2mms[22m
    File: [38;2;210;155;14melite-redux/test/tests/elite-redux/coop/coop-soak.test.ts:297:3[39m

[33m[39m[31mx[39m

[31m⎯⎯⎯⎯⎯⎯⎯[39m[1m[41m Failed Tests 2 [49m[22m[31m⎯⎯⎯⎯⎯⎯⎯[39m

[41m[1m FAIL [22m[49m [30m[45m main [49m[39m test/tests/elite-redux/coop/coop-soak.test.ts[2m:165:3[22m[2m > [22mNIGHTLY co-op SOAK: seeded randomized two-engine run (#841)[2m > [22mplays a seeded randomized co-op run asserting DIGEST/LOCKSTEP/NO-PARK/TEARDOWN each wave
[31m[1mAssertionError[22m: run-end at wave 5 surveyed only 4 waves - below the proven-survivable floor of 30 (a party this weak this early is a regression, not the late-game level ceiling; replay SOAK_SEED=20260814): expected 4 to be greater than or equal to 30[39m
[36m [2m❯[22m test/tests/elite-redux/coop/coop-soak.test.ts:[2m239:11[22m[39m
    [90m237|[39m             + `proven-survivable floor of ${coverageFloor} (a party th…
    [90m238|[39m             + `not the late-game level ceiling; replay SOAK_SEED=${see…
    [90m239|[39m         )[33m.[39m[34mtoBeGreaterThanOrEqual[39m(coverageFloor)[33m;[39m
    [90m   |[39m           [31m^[39m
    [90m240|[39m       }
    [90m241|[39m       [35mif[39m (profile [33m===[39m [32m"god"[39m) {

[31m[2m⎯⎯⎯⎯⎯⎯⎯⎯⎯⎯⎯⎯⎯⎯⎯⎯⎯⎯⎯⎯⎯⎯⎯⎯[1/2]⎯[22m[39m

[41m[1m FAIL [22m[49m [30m[45m main [49m[39m test/tests/elite-redux/coop/coop-soak.test.ts[2m:297:3[22m[2m > [22mNIGHTLY co-op SOAK: seeded randomized two-engine run (#841)[2m > [22mretained wave boundary keeps one X Attack exact on both clients through natural expiry without recovery
[31m[1mSoakInvariantError[22m: [coop-soak] NO-PARK invariant breached at wave 6 (seed 206780945): wave driving threw (strand/stall): PhaseInterceptor.to("CoopTurnCommitPhase") did not reach its target (soft-lock / freeze?): stuck at phase "CommandPhase", UI mode MESSAGE (=0), interceptor state "running". runTarget=true, promptTarget="CoopTurnCommitPhase".
Original: Timed out in waitUntil!. Artifact + both logs: /home/runner/work/elite-redux/elite-redux/dev-logs/coop-soak/2026-08-14T04-55-22-712Z__seed-206780945__wave-6. Replay: SOAK_SEED=206780945[39m
[36m [2m❯[22m fail test/tools/coop-soak-driver.ts:[2m1791:11[22m[39m
    [90m1789|[39m       phaseState: phaseStateDump(rig),
    [90m1790|[39m     });
    [90m1791|[39m     throw new SoakInvariantError(invariant, seed, wave, detail, dir);
    [90m   |[39m           [31m^[39m
    [90m1792|[39m   };
    [90m1793|[39m
[90m [2m❯[22m runCoopSoak test/tools/coop-soak-driver.ts:[2m5386:7[22m[39m
[90m [2m❯[22m test/tests/elite-redux/coop/coop-soak.test.ts:[2m309:20[22m[39m

[31m[2m⎯⎯⎯⎯⎯⎯⎯⎯⎯⎯⎯⎯⎯⎯⎯⎯⎯⎯⎯⎯⎯⎯⎯⎯[2/2]⎯[22m[39m


[2m Test Files [22m [1m[31m1 failed[39m[22m[90m (1)[39m
[2m      Tests [22m [1m[31m2 failed[39m[22m[90m (2)[39m
[2m   Start at [22m 04:53:55
[2m   Duration [22m 86.80s[2m (transform 23.10s, setup 27.77s, import 364ms, tests 57.80s, environment 707ms)[22m

