===== COOP SOAK RESULT =====
profile: me-asym
verdict: FAIL
waves_requested: 150
run: 34020101297 (main)
timestamp: 2026-09-06T07-59-12Z

----- driver lines -----
[22m[39m[coop-soak] SEED=828633 WAVES=15 - replay this run with:  SOAK_SEED=828633 SOAK_WAVES=15 ER_SCENARIO=1 npx vitest run test/tests/elite-redux/coop/coop-soak.test.ts
[22m[39m[coop-soak] RUN ENDED at wave 6 (seed 828633): host at terminal phase TitlePhase. Survey stops here.
[22m[39m[coop-soak] SEED=828633 WAVES=17 - replay this run with:  SOAK_SEED=828633 SOAK_WAVES=17 ER_SCENARIO=1 npx vitest run test/tests/elite-redux/coop/coop-soak.test.ts
[22m[39m[coop-soak] SEED=828633 WAVES=13 - replay this run with:  SOAK_SEED=828633 SOAK_WAVES=13 ER_SCENARIO=1 npx vitest run test/tests/elite-redux/coop/coop-soak.test.ts

----- vitest result tail -----
[90m [2m❯[22m UI.<anonymous> test/helpers/prompt-handler.ts:[2m73:44[22m[39m
[90m [2m❯[22m UI.setModeInternal node_modules/.pnpm/@vitest+spy@4.1.5/node_modules/@vitest/spy/dist/index.js:[2m332:34[22m[39m
[90m [2m❯[22m UI.setMode src/ui/ui.ts:[2m1321:17[22m[39m

[31mThis error originated in "[1mtest/tests/elite-redux/coop/coop-soak-me.test.ts[22m" test file. It doesn't mean the error was thrown inside the file itself, but while it was running.[39m
[31mThe latest test that might've caused the error is "[1msurveys TWO waves PAST an authoritative ME with NO post-ME pin leak (no spurious second ME), findings=0[22m". It might mean one of the following:
- The error was thrown, while Vitest was running this test.
- If the error occurred after the test had been completed, this was the last documented test before it was thrown.[39m

[31m⎯⎯⎯⎯[39m[1m[41m Unhandled Rejection [49m[22m[31m⎯⎯⎯⎯⎯[39m
[31m[1mTypeError[22m: globalScene.phaseManager.getCurrentPhase(...).getPokemon is not a function[39m
[36m [2m❯[22m FightUiHandler.clearMoves src/ui/handlers/fight-ui-handler.ts:[2m726:84[22m[39m
    [90m724|[39m     [35mthis[39m[33m.[39mmoodyMoveBindingText[33m.[39m[34msetVisible[39m([35mfalse[39m)[33m;[39m
    [90m725|[39m
    [90m726|[39m     const opponents = (globalScene.phaseManager.getCurrentPhase() as C…
    [90m   |[39m                                                                                    [31m^[39m
    [90m727|[39m     opponents[33m.[39m[34mforEach[39m(opponent [33m=>[39m {
    [90m728|[39m       (opponent [35mas[39m [33mEnemyPokemon[39m)[33m.[39m[34mupdateEffectiveness[39m()[33m;[39m
[90m [2m❯[22m FightUiHandler.clear src/ui/handlers/fight-ui-handler.ts:[2m712:10[22m[39m
[90m [2m❯[22m doSetMode src/ui/ui.ts:[2m1211:31[22m[39m
[90m [2m❯[22m src/ui/ui.ts:[2m1260:9[22m[39m
[90m [2m❯[22m UI.setModeInternal src/ui/ui.ts:[2m1179:12[22m[39m
[90m [2m❯[22m PromptHandler.setMode test/helpers/prompt-handler.ts:[2m97:46[22m[39m
[90m [2m❯[22m UI.<anonymous> test/helpers/prompt-handler.ts:[2m73:44[22m[39m
[90m [2m❯[22m UI.setModeInternal node_modules/.pnpm/@vitest+spy@4.1.5/node_modules/@vitest/spy/dist/index.js:[2m332:34[22m[39m
[90m [2m❯[22m UI.setMode src/ui/ui.ts:[2m1321:17[22m[39m

[31mThis error originated in "[1mtest/tests/elite-redux/coop/coop-soak-me.test.ts[22m" test file. It doesn't mean the error was thrown inside the file itself, but while it was running.[39m
[31mThe latest test that might've caused the error is "[1mdrives a GUEST-OWNED ME inline (counter parity), then surveys past it, findings=0[22m". It might mean one of the following:
- The error was thrown, while Vitest was running this test.
- If the error occurred after the test had been completed, this was the last documented test before it was thrown.[39m
[31m⎯⎯⎯⎯⎯⎯⎯⎯⎯⎯⎯⎯⎯⎯⎯⎯⎯⎯⎯⎯⎯⎯⎯⎯⎯⎯⎯⎯⎯⎯[39m


[2m Test Files [22m [1m[31m2 failed[39m[22m[90m (2)[39m
[2m      Tests [22m [1m[31m5 failed[39m[22m[90m (5)[39m
[2m     Errors [22m [1m[31m3 errors[39m[22m
[2m   Start at [22m 07:57:21
[2m   Duration [22m 111.07s[2m (transform 47.15s, setup 58.98s, import 743ms, tests 85.88s, environment 1.90s)[22m

