{
  "invariant": "lockstep",
  "seed": 20260906,
  "wave": 85,
  "detail": "reward shop did not advance both counters once (before=99 host=99 guest=99)",
  "replay": "SOAK_SEED=20260906",
  "phaseState": {
    "hostPhase": "ErDexNavPhase",
    "guestPhase": "ErDexNavPhase",
    "hostInteractionCounter": 99,
    "guestInteractionCounter": 99,
    "hostWave": 85,
    "hostBattleType": 1,
    "hostPlayerField": [
      {
        "id": 2776290249,
        "battlerIndex": -1,
        "speciesId": 493,
        "speciesName": "Arceus",
        "hp": 1633,
        "maxHp": 1865,
        "fainted": false,
        "status": 0,
        "statStages": [
          0,
          0,
          0,
          0,
          0,
          0,
          0
        ],
        "moves": [
          {
            "id": 34,
            "ppUsed": 0
          },
          {
            "id": 247,
            "ppUsed": 0
          },
          {
            "id": 53,
            "ppUsed": 0
          },
          {
            "id": 85,
            "ppUsed": 0
          }
        ],
        "coopOwner": "host"
      },
      {
        "id": 1489741617,
        "battlerIndex": -1,
        "speciesId": 150,
        "speciesName": "Mewtwo",
        "hp": 745,
        "maxHp": 1725,
        "fainted": false,
        "status": 0,
        "statStages": [
          0,
          0,
          0,
          0,
          0,
          0,
          0
        ],
        "moves": [
          {
            "id": 34,
            "ppUsed": 0
          },
          {
            "id": 247,
            "ppUsed": 0
          },
          {
            "id": 53,
            "ppUsed": 0
          },
          {
            "id": 85,
            "ppUsed": 0
          }
        ],
        "coopOwner": "guest"
      }
    ],
    "hostEnemyField": [
      {
        "id": 2075512574,
        "battlerIndex": -1,
        "speciesId": 28,
        "speciesName": "Sandslash",
        "hp": 0,
        "maxHp": 215,
        "fainted": true,
        "status": 7,
        "statStages": [
          0,
          0,
          0,
          0,
          0,
          0,
          0
        ],
        "moves": [
          {
            "id": 5017,
            "ppUsed": 1
          },
          {
            "id": 130,
            "ppUsed": 0
          },
          {
            "id": 133,
            "ppUsed": 0
          },
          {
            "id": 446,
            "ppUsed": 0
          }
        ]
      },
      {
        "id": 3536451495,
        "battlerIndex": -1,
        "speciesId": 4618,
        "speciesName": "Stunfisk",
        "hp": 0,
        "maxHp": 233,
        "fainted": true,
        "status": 7,
        "statStages": [
          0,
          0,
          0,
          0,
          0,
          0,
          0
        ],
        "moves": [
          {
            "id": 231,
            "ppUsed": 0
          },
          {
            "id": 667,
            "ppUsed": 0
          },
          {
            "id": 746,
            "ppUsed": 0
          },
          {
            "id": 188,
            "ppUsed": 0
          }
        ]
      }
    ],
    "guestPlayerField": [
      {
        "id": 2776290249,
        "battlerIndex": 0,
        "speciesId": 493,
        "speciesName": "Arceus",
        "hp": 1633,
        "maxHp": 1865,
        "fainted": false,
        "status": 0,
        "statStages": [
          0,
          0,
          0,
          0,
          0,
          0,
          0
        ],
        "moves": [
          {
            "id": 34,
            "ppUsed": 0
          },
          {
            "id": 247,
            "ppUsed": 0
          },
          {
            "id": 53,
            "ppUsed": 0
          },
          {
            "id": 85,
            "ppUsed": 0
          }
        ],
        "coopOwner": "host"
      },
      {
        "id": 1489741617,
        "battlerIndex": 1,
        "speciesId": 150,
        "speciesName": "Mewtwo",
        "hp": 745,
        "maxHp": 1725,
        "fainted": false,
        "status": 0,
        "statStages": [
          0,
          0,
          0,
          0,
          0,
          0,
          0
        ],
        "moves": [
          {
            "id": 34,
            "ppUsed": 0
          },
          {
            "id": 247,
            "ppUsed": 0
          },
          {
            "id": 53,
            "ppUsed": 0
          },
          {
            "id": 85,
            "ppUsed": 0
          }
        ],
        "coopOwner": "guest"
      }
    ],
    "guestEnemyField": [
      {
        "id": 2075512574,
        "battlerIndex": 2,
        "speciesId": 28,
        "speciesName": "Sandslash",
        "hp": 0,
        "maxHp": 215,
        "fainted": true,
        "status": 7,
        "statStages": [
          0,
          0,
          0,
          0,
          0,
          0,
          0
        ],
        "moves": [
          {
            "id": 5017,
            "ppUsed": 1
          },
          {
            "id": 130,
            "ppUsed": 0
          },
          {
            "id": 133,
            "ppUsed": 0
          },
          {
            "id": 446,
            "ppUsed": 0
          }
        ]
      },
      {
        "id": 3536451495,
        "battlerIndex": 3,
        "speciesId": 4618,
        "speciesName": "Stunfisk",
        "hp": 0,
        "maxHp": 233,
        "fainted": true,
        "status": 7,
        "statStages": [
          0,
          0,
          0,
          0,
          0,
          0,
          0
        ],
        "moves": [
          {
            "id": 231,
            "ppUsed": 0
          },
          {
            "id": 667,
            "ppUsed": 0
          },
          {
            "id": 746,
            "ppUsed": 0
          },
          {
            "id": 188,
            "ppUsed": 0
          }
        ]
      }
    ]
  },
  "actionScript": [
    "SKIP mysteryEncounterDisabledV1",
    "content seed=coop-soak-20260906 preseeded=false",
    "wave 1 turn 1: committed frontier omitted seat 1; guest remained a replay spectator until host action",
    "wave 1: host slot move=34 guest slot move=0",
    "wave 1 turn 1: progress enemyHp=[16:0/14] playerHp=[890:2065/2065]",
    "wave 1: reward shop owner=host take-nonparty",
    "wave 2 turn 1: replay guest crossed cmd:2:1 through real public COMMAND=opened",
    "wave 2: host slot move=247 guest slot move=85",
    "wave 2 turn 1: progress enemyHp=[46:0/14,19:0/13] playerHp=[890:2065/2065,384:1715/1715]",
    "wave 2: reward shop owner=guest take-nonparty",
    "wave 3 turn 1: replay guest crossed cmd:3:1 through real public COMMAND=opened",
    "wave 3 turn 1: host SWITCH -> party[2]",
    "wave 3: host slot move=34 guest slot move=34",
    "wave 3 turn 1: progress enemyHp=[273:16/16,52:0/16] playerHp=[493:1865/1865,384:1715/1715]",
    "wave 3 turn 2: replay guest crossed cmd:3:2 through real public COMMAND=opened",
    "wave 3: reward shop owner=host take-nonparty",
    "wave 4 turn 1: replay guest crossed cmd:4:1 through real public COMMAND=opened",
    "wave 4: host slot move=85 guest slot move=247",
    "wave 4 turn 1: progress enemyHp=[283:0/16,261:0/18] playerHp=[493:1864/1865,384:1714/1715]",
    "wave 4: reward shop owner=guest leave",
    "wave 5 turn 1: replay guest crossed cmd:5:1 through real public COMMAND=opened",
    "wave 5: TRAINER (fixed)",
    "wave 5: host slot move=53 guest slot move=53",
    "wave 5 turn 1: progress enemyHp=[13:0/18,399:0/20] playerHp=[493:1864/1865,384:1711/1715]",
    "wave 5: reward shop owner=host take-nonparty",
    "wave 5: guest chose Crossroads Leave through public UI",
    "wave 5: guest drove World Map via public UI=true and both consumed 1831609261777534:1:BIOME_PICK:9700005",
    "wave 6 turn 1: replay guest crossed cmd:6:1 through real public COMMAND=opened",
    "wave 6: BIOME 0->1",
    "wave 6: host slot move=85 guest slot move=85",
    "wave 6 turn 1: progress enemyHp=[399:0/23,41:0/18] playerHp=[493:1864/1865,384:1711/1715]",
    "wave 6: reward shop owner=host take-nonparty",
    "wave 7 turn 1: replay guest crossed cmd:7:1 through real public COMMAND=opened",
    "wave 7: host slot move=34 guest slot move=53",
    "wave 7 turn 1: guest SWITCH -> party[3]",
    "wave 7 turn 1: progress enemyHp=[263:0/22,915:21/21] playerHp=[493:1864/1865,150:1725/1725]",
    "wave 7 turn 2: replay guest crossed cmd:7:2 through real public COMMAND=opened",
    "wave 7: reward shop owner=guest leave",
    "wave 8 turn 1: replay guest crossed cmd:8:1 through real public COMMAND=opened",
    "wave 8: TRAINER (fixed)",
    "wave 8: host slot move=85 guest slot move=34",
    "wave 8 turn 1: progress enemyHp=[906:0/24,396:0/22] playerHp=[493:1864/1865,150:1725/1725]",
    "wave 8: reward shop owner=host take-nonparty",
    "wave 9 turn 1: replay guest crossed cmd:9:1 through real public COMMAND=opened",
    "wave 9 turn 1: host SWITCH -> party[2]",
    "wave 9: host slot move=85 guest slot move=53",
    "wave 9 turn 1: guest SWITCH -> party[3]",
    "wave 9 turn 1: progress enemyHp=[661:23/23,427:24/24] playerHp=[890:2065/2065,384:1712/1715]",
    "wave 9 turn 2: replay guest crossed cmd:9:2 through real public COMMAND=opened",
    "wave 9: reward shop owner=guest take-nonparty",
    "wave 10 turn 1: replay guest crossed cmd:10:1 through real public COMMAND=opened",
    "wave 10: host slot move=34 guest slot move=34",
    "wave 10 turn 1: progress enemyHp=[52:0/24,399:0/31] playerHp=[890:2065/2065,384:1712/1715]",
    "wave 10: biome market owner=host leave",
    "wave 10: drained 1 milestone reward continuation(s)",
    "wave 10: guest chose Crossroads Leave through public UI",
    "wave 10: guest drove World Map via public UI=true and both consumed 1831609261777534:1:BIOME_PICK:9700011",
    "wave 11 turn 1: replay guest crossed cmd:11:1 through real public COMMAND=opened",
    "wave 11: BIOME 1->2",
    "wave 11: host slot move=34 guest slot move=53",
    "wave 11 turn 1: guest SWITCH -> party[3]",
    "wave 11 turn 1: progress enemyHp=[548:0/27,546:24/24] playerHp=[890:2065/2065,150:1725/1725]",
    "wave 11 turn 2: replay guest crossed cmd:11:2 through real public COMMAND=opened",
    "wave 11: reward shop owner=host leave",
    "wave 12 turn 1: replay guest crossed cmd:12:1 through real public COMMAND=opened",
    "wave 12: host slot move=34 guest slot move=247",
    "wave 12 turn 1: progress enemyHp=[108:0/34,543:0/25] playerHp=[890:2065/2065,150:1725/1725]",
    "wave 12: reward shop owner=guest take-nonparty",
    "wave 13 turn 1: replay guest crossed cmd:13:1 through real public COMMAND=opened",
    "wave 13: host slot move=53 guest slot move=34",
    "wave 13 turn 1: progress enemyHp=[268:0/28,1:0/28] playerHp=[890:2065/2065,150:1725/1725]",
    "wave 13: reward shop owner=host leave",
    "wave 14 turn 1: replay guest crossed cmd:14:1 through real public COMMAND=opened",
    "wave 14: host slot move=247 guest slot move=85",
    "wave 14 turn 1: progress enemyHp=[285:0/32,543:0/27] playerHp=[890:2065/2065,150:1725/1725]",
    "wave 14: reward shop owner=guest take-nonparty",
    "wave 15 turn 1: replay guest crossed cmd:15:1 through real public COMMAND=opened",
    "wave 15: host slot move=34 guest slot move=53",
    "wave 15 turn 1: progress enemyHp=[546:0/31,285:0/35] playerHp=[890:2065/2065,150:1725/1725]",
    "wave 15: reward shop owner=host take-nonparty",
    "wave 15: guest chose Crossroads Leave through public UI",
    "wave 15: guest drove World Map via public UI=true and both consumed 1831609261777534:1:BIOME_PICK:9700017",
    "wave 16 turn 1: replay guest crossed cmd:16:1 through real public COMMAND=opened",
    "wave 16: BIOME 2->3",
    "wave 16: host slot move=85 guest slot move=247",
    "wave 16 turn 1: guest SWITCH -> party[3]",
    "wave 16 turn 1: progress enemyHp=[665:0/34,48:35/35] playerHp=[890:2065/2065,384:1715/1715]",
    "wave 16 turn 2: replay guest crossed cmd:16:2 through real public COMMAND=opened",
    "wave 16 turn 2: guest SWITCH -> party[3]",
    "wave 16: reward shop owner=host take-nonparty",
    "wave 17 turn 1: replay guest crossed cmd:17:1 through real public COMMAND=opened",
    "wave 17: host slot move=53 guest slot move=34",
    "wave 17 turn 1: guest SWITCH -> party[3]",
    "wave 17 turn 1: progress enemyHp=[37:0/32,919:29/29] playerHp=[890:2065/2065,384:1608/1715]",
    "wave 17 turn 2: replay guest crossed cmd:17:2 through real public COMMAND=opened",
    "wave 17: reward shop owner=guest leave",
    "wave 18 turn 1: replay guest crossed cmd:18:1 through real public COMMAND=opened",
    "wave 18 turn 1: host SWITCH -> party[2]",
    "wave 18: host slot move=85 guest slot move=85",
    "wave 18 turn 1: progress enemyHp=[401:34/34,753:0/33] playerHp=[493:1865/1865,384:1606/1715]",
    "wave 18 turn 2: replay guest crossed cmd:18:2 through real public COMMAND=opened",
    "wave 18: reward shop owner=host leave",
    "wave 19 turn 1: replay guest crossed cmd:19:1 through real public COMMAND=opened",
    "wave 19: host slot move=34 guest slot move=53",
    "wave 19 turn 1: progress enemyHp=[665:0/36,46:0/34] playerHp=[493:1865/1865,384:1606/1715]",
    "wave 19: reward shop owner=guest take-nonparty",
    "wave 20 turn 1: replay guest crossed cmd:20:1 through real public COMMAND=opened",
    "wave 20: host slot move=34 guest slot move=247",
    "wave 20 turn 1: guest SWITCH -> party[3]",
    "wave 20 turn 1: progress enemyHp=[402:0/52,964:48/48] playerHp=[493:1865/1865,150:1725/1725]",
    "wave 20 turn 2: replay guest crossed cmd:20:2 through real public COMMAND=opened",
    "wave 20 turn 2: host SWITCH -> party[2]",
    "wave 20: biome market owner=host leave",
    "wave 20: drained 1 milestone reward continuation(s)",
    "wave 20: guest chose Crossroads Leave through public UI",
    "wave 20: guest drove World Map via public UI=true and both consumed 1831609261777534:1:BIOME_PICK:9700023",
    "wave 21 turn 1: replay guest crossed cmd:21:1 through real public COMMAND=opened",
    "wave 21: BIOME 3->5",
    "wave 21: host slot move=53 guest slot move=34",
    "wave 21 turn 1: progress enemyHp=[665:0/36,315:0/40] playerHp=[890:2065/2065,150:1725/1725]",
    "wave 21: reward shop owner=host leave",
    "wave 22 turn 1: replay guest crossed cmd:22:1 through real public COMMAND=opened",
    "wave 22: TRAINER (random)",
    "wave 22: host slot move=247 guest slot move=85",
    "wave 22 turn 1: progress enemyHp=[285:0/42,868:0/43] playerHp=[890:2065/2065,150:1725/1725]",
    "wave 22 turn 2: replay guest crossed cmd:22:2 through real public COMMAND=opened",
    "wave 22: reward shop owner=guest take-nonparty",
    "wave 23 turn 1: replay guest crossed cmd:23:1 through real public COMMAND=opened",
    "wave 23 turn 1: host SWITCH -> party[2]",
    "wave 23: host slot move=34 guest slot move=85",
    "wave 23 turn 1: progress enemyHp=[412:46/46,585:0/47] playerHp=[493:1865/1865,150:1725/1725]",
    "wave 23 turn 2: replay guest crossed cmd:23:2 through real public COMMAND=opened",
    "wave 23: reward shop owner=host leave",
    "wave 24 turn 1: replay guest crossed cmd:24:1 through real public COMMAND=opened",
    "wave 24 turn 1: host SWITCH -> party[2]",
    "wave 24: host slot move=85 guest slot move=247",
    "wave 24 turn 1: progress enemyHp=[234:51/51,665:0/43] playerHp=[890:2065/2065,150:1725/1725]",
    "wave 24 turn 2: replay guest crossed cmd:24:2 through real public COMMAND=opened",
    "wave 24 turn 2: guest SWITCH -> party[3]",
    "wave 24: reward shop owner=guest leave",
    "wave 25 turn 1: replay guest crossed cmd:25:1 through real public COMMAND=opened",
    "wave 25: TRAINER (fixed)",
    "wave 25 turn 1: host SWITCH -> party[2]",
    "wave 25: host slot move=53 guest slot move=85",
    "wave 25 turn 1: progress enemyHp=[907:57/57,397:0/50] playerHp=[493:1865/1865,384:1712/1715]",
    "wave 25 turn 2: replay guest crossed cmd:25:2 through real public COMMAND=opened",
    "wave 25: reward shop owner=host take-nonparty",
    "wave 25: guest chose Crossroads Leave through public UI",
    "wave 25: guest drove World Map via public UI=true and both consumed 1831609261777534:1:BIOME_PICK:9700029",
    "wave 26 turn 1: replay guest crossed cmd:26:1 through real public COMMAND=opened",
    "wave 26: BIOME 5->27",
    "wave 26: host slot move=34 guest slot move=85",
    "wave 26 turn 1: progress enemyHp=[190:0/50,193:0/62] playerHp=[493:1865/1865,384:1712/1715]",
    "wave 26: reward shop owner=host take-nonparty",
    "wave 27 turn 1: replay guest crossed cmd:27:1 through real public COMMAND=opened",
    "wave 27: host slot move=34 guest slot move=53",
    "wave 27 turn 1: progress enemyHp=[732:0/58,541:58/58] playerHp=[493:1865/1865,384:1712/1715]",
    "wave 27 turn 2: replay guest crossed cmd:27:2 through real public COMMAND=opened",
    "wave 27 turn 2: host SWITCH -> party[2]",
    "wave 27: reward shop owner=guest leave",
    "wave 28 turn 1: replay guest crossed cmd:28:1 through real public COMMAND=opened",
    "wave 28: host slot move=85 guest slot move=85",
    "wave 28 turn 1: guest SWITCH -> party[3]",
    "wave 28 turn 1: progress enemyHp=[193:0/62,133:60/60] playerHp=[890:2065/2065,150:1725/1725]",
    "wave 28 turn 2: replay guest crossed cmd:28:2 through real public COMMAND=opened",
    "wave 28: reward shop owner=host leave",
    "wave 28: drained 1 milestone reward continuation(s)",
    "wave 29 turn 1: replay guest crossed cmd:29:1 through real public COMMAND=opened",
    "wave 29: host slot move=247 guest slot move=34",
    "wave 29 turn 1: progress enemyHp=[423:0/80,811:0/64] playerHp=[890:2065/2065,150:1725/1725]",
    "wave 29: reward shop owner=guest leave",
    "wave 29: drained 1 milestone reward continuation(s)",
    "wave 30 turn 1: replay guest crossed cmd:30:1 through real public COMMAND=opened",
    "wave 30: TRAINER (random)",
    "wave 30: host slot move=247 guest slot move=85",
    "wave 30 turn 1: progress enemyHp=[10019:0/56,516:0/83] playerHp=[890:2065/2065,150:1725/1725]",
    "wave 30 turn 2: replay guest crossed cmd:30:2 through real public COMMAND=opened",
    "wave 30: biome market owner=host leave",
    "wave 30: drained 1 milestone reward continuation(s)",
    "wave 30: guest chose Crossroads Leave through public UI",
    "wave 30: guest drove World Map via public UI=true and both consumed 1831609261777534:1:BIOME_PICK:9700035",
    "wave 31 turn 1: replay guest crossed cmd:31:1 through real public COMMAND=opened",
    "wave 31: BIOME 27->29",
    "wave 31: host slot move=247 guest slot move=53",
    "wave 31 turn 1: progress enemyHp=[562:0/49,177:0/54] playerHp=[890:2065/2065,150:1725/1725]",
    "wave 31: reward shop owner=host leave",
    "wave 32 turn 1: replay guest crossed cmd:32:1 through real public COMMAND=opened",
    "wave 32 turn 1: host SWITCH -> party[2]",
    "wave 32: host slot move=53 guest slot move=85",
    "wave 32 turn 1: progress enemyHp=[679:51/56,355:0/47] playerHp=[493:1865/1865,150:1725/1725]",
    "wave 32 turn 2: replay guest crossed cmd:32:2 through real public COMMAND=opened",
    "wave 32 turn 2: guest SWITCH -> party[3]",
    "wave 32: reward shop owner=guest take-nonparty",
    "wave 33 turn 1: replay guest crossed cmd:33:1 through real public COMMAND=opened",
    "wave 33: host slot move=247 guest slot move=53",
    "wave 33 turn 1: progress enemyHp=[622:0/62,92:0/50] playerHp=[493:1865/1865,384:1287/1715]",
    "wave 33: reward shop owner=host take-nonparty",
    "wave 34 turn 1: replay guest crossed cmd:34:1 through real public COMMAND=opened",
    "wave 34: host slot move=85 guest slot move=53",
    "wave 34 turn 1: progress enemyHp=[607:0/58,562:0/53] playerHp=[493:1865/1865,384:859/1715]",
    "wave 34: reward shop owner=guest take-nonparty",
    "wave 35 turn 1: replay guest crossed cmd:35:1 through real public COMMAND=opened",
    "wave 35: TRAINER (fixed)",
    "wave 35: host slot move=34 guest slot move=53",
    "wave 35 turn 1: guest SWITCH -> party[3]",
    "wave 35 turn 1: progress enemyHp=[600:1/70,840:67/67] playerHp=[493:1858/1865,150:1724/1725]",
    "wave 35 turn 2: replay guest crossed cmd:35:2 through real public COMMAND=opened",
    "wave 35: reward shop owner=host take-nonparty",
    "wave 35: guest chose Crossroads Leave through public UI",
    "wave 35: guest drove World Map via public UI=true and both consumed 1831609261777534:1:BIOME_PICK:9700041",
    "wave 36 turn 1: replay guest crossed cmd:36:1 through real public COMMAND=opened",
    "wave 36: BIOME 29->14",
    "wave 36: host slot move=34 guest slot move=247",
    "wave 36 turn 1: progress enemyHp=[451:0/72,451:0/65] playerHp=[493:1742/1865,150:1617/1725]",
    "wave 36: reward shop owner=host leave",
    "wave 36: drained 1 milestone reward continuation(s)",
    "wave 37 turn 1: replay guest crossed cmd:37:1 through real public COMMAND=opened",
    "wave 37 turn 1: host SWITCH -> party[2]",
    "wave 37: host slot move=85 guest slot move=247",
    "wave 37 turn 1: guest SWITCH -> party[3]",
    "wave 37 turn 1: progress enemyHp=[946:60/63,28:80/80] playerHp=[890:2065/2065,384:1608/1715]",
    "wave 37 turn 2: replay guest crossed cmd:37:2 through real public COMMAND=opened",
    "wave 37: reward shop owner=guest leave",
    "wave 38 turn 1: replay guest crossed cmd:38:1 through real public COMMAND=opened",
    "wave 38: host slot move=247 guest slot move=34",
    "wave 38 turn 1: progress enemyHp=[556:0/77,843:0/66] playerHp=[890:2065/2065,384:1394/1715]",
    "wave 38: reward shop owner=host leave",
    "wave 38: drained 1 milestone reward continuation(s)",
    "wave 39 turn 1: replay guest crossed cmd:39:1 through real public COMMAND=opened",
    "wave 39: host slot move=34 guest slot move=53",
    "wave 39 turn 1: guest SWITCH -> party[3]",
    "wave 39 turn 1: progress enemyHp=[968:0/77,554:71/75] playerHp=[890:2065/2065,150:1613/1725]",
    "wave 39 turn 2: replay guest crossed cmd:39:2 through real public COMMAND=opened",
    "wave 39: reward shop owner=guest leave",
    "wave 39: drained 1 milestone reward continuation(s)",
    "wave 40 turn 1: replay guest crossed cmd:40:1 through real public COMMAND=opened",
    "wave 40: host slot move=247 guest slot move=247",
    "wave 40 turn 1: progress enemyHp=[451:0/82,554:0/91] playerHp=[890:2065/2065,150:1506/1725]",
    "wave 40: biome market owner=host leave",
    "wave 40: drained 1 milestone reward continuation(s)",
    "wave 40: guest chose Crossroads Leave through public UI",
    "wave 40: guest drove World Map via public UI=true and both consumed 1831609261777534:1:BIOME_PICK:9700047",
    "wave 41 turn 1: replay guest crossed cmd:41:1 through real public COMMAND=opened",
    "wave 41: BIOME 14->22",
    "wave 41: host slot move=53 guest slot move=34",
    "wave 41 turn 1: guest SWITCH -> party[3]",
    "wave 41 turn 1: progress enemyHp=[561:0/87,201:79/79] playerHp=[890:2065/2065,384:1715/1715]",
    "wave 41 turn 2: replay guest crossed cmd:41:2 through real public COMMAND=opened",
    "wave 41 turn 2: host SWITCH -> party[2]",
    "wave 41: reward shop owner=host take-nonparty",
    "wave 42 turn 1: replay guest crossed cmd:42:1 through real public COMMAND=opened",
    "wave 42 turn 1: host SWITCH -> party[2]",
    "wave 42: host slot move=247 guest slot move=53",
    "wave 42 turn 1: progress enemyHp=[958:85/85,343:0/74] playerHp=[890:2065/2065,384:1715/1715]",
    "wave 42 turn 2: replay guest crossed cmd:42:2 through real public COMMAND=opened",
    "wave 42: reward shop owner=guest leave",
    "wave 43 turn 1: replay guest crossed cmd:43:1 through real public COMMAND=opened",
    "wave 43: host slot move=34 guest slot move=53",
    "wave 43 turn 1: progress enemyHp=[64:0/69,177:0/69] playerHp=[890:2065/2065,384:1715/1715]",
    "wave 43: reward shop owner=host leave",
    "wave 44 turn 1: replay guest crossed cmd:44:1 through real public COMMAND=opened",
    "wave 44 turn 1: host SWITCH -> party[2]",
    "wave 44: host slot move=85 guest slot move=247",
    "wave 44 turn 1: progress enemyHp=[64:71/71,605:0/85] playerHp=[493:1865/1865,384:1715/1715]",
    "wave 44 turn 2: replay guest crossed cmd:44:2 through real public COMMAND=opened",
    "wave 44 turn 2: host SWITCH -> party[2]",
    "wave 44: reward shop owner=guest take-nonparty",
    "wave 45 turn 1: replay guest crossed cmd:45:1 through real public COMMAND=opened",
    "wave 45: host slot move=53 guest slot move=34",
    "wave 45 turn 1: progress enemyHp=[325:0/82,958:0/80] playerHp=[890:2065/2065,384:1715/1715]",
    "wave 45: reward shop owner=host take-nonparty",
    "wave 45: guest chose Crossroads Leave through public UI",
    "wave 45: guest drove World Map via public UI=true and both consumed 1831609261777534:1:BIOME_PICK:9700053",
    "wave 46 turn 1: replay guest crossed cmd:46:1 through real public COMMAND=opened",
    "wave 46: BIOME 22->11",
    "wave 46: host slot move=247 guest slot move=34",
    "wave 46 turn 1: progress enemyHp=[629:0/96,22:0/88] playerHp=[890:2065/2065,384:1715/1715]",
    "wave 46: reward shop owner=host leave",
    "wave 47 turn 1: replay guest crossed cmd:47:1 through real public COMMAND=opened",
    "wave 47: host slot move=53 guest slot move=53",
    "wave 47 turn 1: progress enemyHp=[112:0/119,67:0/94] playerHp=[890:2065/2065,384:1715/1715]",
    "wave 47: reward shop owner=guest take-nonparty",
    "wave 48 turn 1: replay guest crossed cmd:48:1 through real public COMMAND=opened",
    "wave 48: host slot move=85 guest slot move=85",
    "wave 48 turn 1: progress enemyHp=[304:21/83,22:0/93] playerHp=[890:2065/2065,384:1715/1715]",
    "wave 48 turn 2: replay guest crossed cmd:48:2 through real public COMMAND=opened",
    "wave 48: reward shop owner=host take-nonparty",
    "wave 49 turn 1: replay guest crossed cmd:49:1 through real public COMMAND=opened",
    "wave 49: host slot move=34 guest slot move=34",
    "wave 49 turn 1: guest SWITCH -> party[3]",
    "wave 49 turn 1: progress enemyHp=[17:0/92,111:108/108] playerHp=[890:2065/2065,150:1725/1725]",
    "wave 49 turn 2: replay guest crossed cmd:49:2 through real public COMMAND=opened",
    "wave 49 turn 2: host SWITCH -> party[2]",
    "wave 49: reward shop owner=guest leave",
    "wave 50 turn 1: replay guest crossed cmd:50:1 through real public COMMAND=opened",
    "wave 50: host slot move=247 guest slot move=85",
    "wave 50 turn 1: guest SWITCH -> party[3]",
    "wave 50 turn 1: progress enemyHp=[227:0/105,305:102/102] playerHp=[493:1865/1865,384:1710/1715]",
    "wave 50 turn 2: replay guest crossed cmd:50:2 through real public COMMAND=opened",
    "wave 50: biome market owner=host leave",
    "wave 50: drained 1 milestone reward continuation(s)",
    "wave 50: guest chose Crossroads Leave through public UI",
    "wave 50: guest drove World Map via public UI=true and both consumed 1831609261777534:1:BIOME_PICK:9700059",
    "wave 51 turn 1: replay guest crossed cmd:51:1 through real public COMMAND=opened",
    "wave 51: BIOME 11->18",
    "wave 51 turn 1: host SWITCH -> party[2]",
    "wave 51: host slot move=53 guest slot move=85",
    "wave 51 turn 1: progress enemyHp=[323:111/112,5:0/92] playerHp=[890:2065/2065,384:1711/1715]",
    "wave 51 turn 2: replay guest crossed cmd:51:2 through real public COMMAND=opened",
    "wave 51: reward shop owner=host leave",
    "wave 51: drained 1 milestone reward continuation(s)",
    "wave 52 turn 1: replay guest crossed cmd:52:1 through real public COMMAND=opened",
    "wave 52 turn 1: host SWITCH -> party[2]",
    "wave 52: host slot move=247 guest slot move=247",
    "wave 52 turn 1: progress enemyHp=[126:101/101,726:0/93] playerHp=[493:1745/1865,384:1602/1715]",
    "wave 52 turn 2: replay guest crossed cmd:52:2 through real public COMMAND=opened",
    "wave 52: reward shop owner=guest leave",
    "wave 52: drained 1 milestone reward continuation(s)",
    "wave 53 turn 1: replay guest crossed cmd:53:1 through real public COMMAND=opened",
    "wave 53: host slot move=53 guest slot move=34",
    "wave 53 turn 1: progress enemyHp=[325:0/97,838:0/114] playerHp=[493:1513/1865,384:1388/1715]",
    "wave 53: reward shop owner=host leave",
    "wave 54 turn 1: replay guest crossed cmd:54:1 through real public COMMAND=opened",
    "wave 54: host slot move=247 guest slot move=85",
    "wave 54 turn 1: guest SWITCH -> party[3]",
    "wave 54 turn 1: progress enemyHp=[324:0/112,37:84/84] playerHp=[493:1397/1865,150:1725/1725]",
    "wave 54 turn 2: replay guest crossed cmd:54:2 through real public COMMAND=opened",
    "wave 54: reward shop owner=guest leave",
    "wave 55 turn 1: replay guest crossed cmd:55:1 through real public COMMAND=opened",
    "wave 55: TRAINER (fixed)",
    "wave 55 turn 1: host SWITCH -> party[2]",
    "wave 55: host slot move=34 guest slot move=34",
    "wave 55 turn 1: progress enemyHp=[908:130/130,398:0/124] playerHp=[890:2065/2065,150:1716/1725]",
    "wave 55 turn 2: replay guest crossed cmd:55:2 through real public COMMAND=opened",
    "wave 55 turn 3: replay guest crossed cmd:55:3 through real public COMMAND=opened",
    "wave 55 turn 3: guest SWITCH -> party[3]",
    "wave 55: reward shop owner=host take-nonparty",
    "wave 55: guest chose Crossroads Leave through public UI",
    "wave 55: guest drove World Map via public UI=true and both consumed 1831609261777534:1:BIOME_PICK:9700065",
    "wave 56 turn 1: replay guest crossed cmd:56:1 through real public COMMAND=opened",
    "wave 56: BIOME 18->8",
    "wave 56 turn 1: host SWITCH -> party[2]",
    "wave 56: host slot move=85 guest slot move=53",
    "wave 56 turn 1: progress enemyHp=[90:80/80,770:0/115] playerHp=[493:1865/1865,384:1715/1715]",
    "wave 56 turn 2: replay guest crossed cmd:56:2 through real public COMMAND=opened",
    "wave 56: reward shop owner=host take-nonparty",
    "wave 57 turn 1: replay guest crossed cmd:57:1 through real public COMMAND=opened",
    "wave 57: host slot move=53 guest slot move=85",
    "wave 57 turn 1: progress enemyHp=[747:107/107,961:0/90] playerHp=[493:1865/1865,384:1715/1715]",
    "wave 57 turn 2: replay guest crossed cmd:57:2 through real public COMMAND=opened",
    "wave 57: reward shop owner=guest leave",
    "wave 58 turn 1: replay guest crossed cmd:58:1 through real public COMMAND=opened",
    "wave 58 turn 1: host SWITCH -> party[2]",
    "wave 58: host slot move=247 guest slot move=85",
    "wave 58 turn 1: progress enemyHp=[342:102/102,342:0/115] playerHp=[890:2065/2065,384:1715/1715]",
    "wave 58 turn 2: replay guest crossed cmd:58:2 through real public COMMAND=opened",
    "wave 58 turn 2: host SWITCH -> party[2]",
    "wave 58: reward shop owner=host leave",
    "wave 59 turn 1: replay guest crossed cmd:59:1 through real public COMMAND=opened",
    "wave 59: host slot move=34 guest slot move=85",
    "wave 59 turn 1: guest SWITCH -> party[3]",
    "wave 59 turn 1: progress enemyHp=[978:0/116,342:112/112] playerHp=[493:1865/1865,150:1725/1725]",
    "wave 59 turn 2: replay guest crossed cmd:59:2 through real public COMMAND=opened",
    "wave 59 turn 2: guest SWITCH -> party[3]",
    "wave 59: reward shop owner=guest leave",
    "wave 60 turn 1: replay guest crossed cmd:60:1 through real public COMMAND=opened",
    "wave 60: TRAINER (random)",
    "wave 60: host slot move=85 guest slot move=247",
    "wave 60 turn 1: progress enemyHp=[365:0/157,10825:0/136] playerHp=[493:1865/1865,384:1715/1715]",
    "wave 60 turn 2: replay guest crossed cmd:60:2 through real public COMMAND=opened",
    "wave 60: biome market owner=host leave",
    "wave 60: drained 1 milestone reward continuation(s)",
    "wave 60: guest chose Crossroads Leave through public UI",
    "wave 60: guest drove World Map via public UI=true and both consumed 1831609261777534:1:BIOME_PICK:9700071",
    "wave 61 turn 1: replay guest crossed cmd:61:1 through real public COMMAND=opened",
    "wave 61: BIOME 8->6",
    "wave 61 turn 1: host SWITCH -> party[2]",
    "wave 61: host slot move=53 guest slot move=34",
    "wave 61 turn 1: progress enemyHp=[73:123/123,320:0/158] playerHp=[890:2065/2065,384:1714/1715]",
    "wave 61 turn 2: replay guest crossed cmd:61:2 through real public COMMAND=opened",
    "wave 61: reward shop owner=host take-nonparty",
    "wave 62 turn 1: replay guest crossed cmd:62:1 through real public COMMAND=opened",
    "wave 62: TRAINER (fixed)",
    "wave 62 turn 1: host SWITCH -> party[2]",
    "wave 62: host slot move=247 guest slot move=247",
    "wave 62 turn 1: progress enemyHp=[208:136/136,208:0/130] playerHp=[493:1865/1865,384:1706/1715]",
    "wave 62 turn 2: replay guest crossed cmd:62:2 through real public COMMAND=opened",
    "wave 62 turn 2: guest SWITCH -> party[3]",
    "wave 62 turn 3: replay guest crossed cmd:62:3 through real public COMMAND=opened",
    "wave 62: reward shop owner=guest take-nonparty",
    "wave 63 turn 1: replay guest crossed cmd:63:1 through real public COMMAND=opened",
    "wave 63: host slot move=34 guest slot move=53",
    "wave 63 turn 1: progress enemyHp=[80:0/141,964:0/149] playerHp=[493:1865/1865,150:1725/1725]",
    "wave 63: reward shop owner=host take-nonparty",
    "wave 64 turn 1: replay guest crossed cmd:64:1 through real public COMMAND=opened",
    "wave 64: TRAINER (fixed)",
    "wave 64: host slot move=247 guest slot move=34",
    "wave 64 turn 1: progress enemyHp=[530:0/167,820:0/176] playerHp=[493:1865/1865,150:1725/1725]",
    "wave 64 turn 2: replay guest crossed cmd:64:2 through real public COMMAND=opened",
    "wave 64: reward shop owner=guest leave",
    "wave 65 turn 1: replay guest crossed cmd:65:1 through real public COMMAND=opened",
    "wave 65: host slot move=53 guest slot move=34",
    "wave 65 turn 1: progress enemyHp=[964:0/165,516:0/171] playerHp=[493:1865/1865,150:1725/1725]",
    "wave 65: reward shop owner=host leave",
    "wave 66 turn 1: replay guest crossed cmd:66:1 through real public COMMAND=opened",
    "wave 66: TRAINER (fixed)",
    "wave 66: host slot move=247 guest slot move=247",
    "wave 66 turn 1: progress enemyHp=[4078:0/158,478:0/137] playerHp=[493:1865/1865,150:1725/1725]",
    "wave 66 turn 2: replay guest crossed cmd:66:2 through real public COMMAND=opened",
    "wave 66 turn 3: replay guest crossed cmd:66:3 through real public COMMAND=opened",
    "wave 66 turn 3: guest SWITCH -> party[3]",
    "wave 66 turn 4: replay guest crossed cmd:66:4 through real public COMMAND=opened",
    "wave 66 turn 4: host SWITCH -> party[2]",
    "wave 66: reward shop owner=guest take-nonparty",
    "wave 67 turn 1: replay guest crossed cmd:67:1 through real public COMMAND=opened",
    "wave 67 turn 1: host SWITCH -> party[2]",
    "wave 67: host slot move=34 guest slot move=53",
    "wave 67 turn 1: progress enemyHp=[73:138/138,964:0/149] playerHp=[493:1865/1865,384:1714/1715]",
    "wave 67 turn 2: replay guest crossed cmd:67:2 through real public COMMAND=opened",
    "wave 67: reward shop owner=host leave",
    "wave 68 turn 1: replay guest crossed cmd:68:1 through real public COMMAND=opened",
    "wave 68: host slot move=85 guest slot move=247",
    "wave 68 turn 1: progress enemyHp=[73:0/143,845:0/133] playerHp=[493:1749/1865,384:1714/1715]",
    "wave 68: reward shop owner=guest leave",
    "wave 69 turn 1: replay guest crossed cmd:69:1 through real public COMMAND=opened",
    "wave 69: host slot move=53 guest slot move=34",
    "wave 69 turn 1: progress enemyHp=[730:0/152,279:0/132] playerHp=[493:1633/1865,384:1714/1715]",
    "wave 69: reward shop owner=host leave",
    "wave 70 turn 1: replay guest crossed cmd:70:1 through real public COMMAND=opened",
    "wave 70: host slot move=247 guest slot move=85",
    "wave 70 turn 1: progress enemyHp=[130:0/189,230:0/164] playerHp=[493:1633/1865,384:1714/1715]",
    "wave 70: biome market owner=guest leave",
    "wave 70: drained 1 milestone reward continuation(s)",
    "wave 70: host chose Crossroads Leave through public UI",
    "wave 70: host drove World Map via public UI=true and both consumed 1831609261777534:0:BIOME_PICK:9700082",
    "wave 71 turn 1: replay guest crossed cmd:71:1 through real public COMMAND=opened",
    "wave 71: BIOME 6->10",
    "wave 71: host slot move=34 guest slot move=53",
    "wave 71 turn 1: progress enemyHp=[91:1/123,224:0/139] playerHp=[493:1865/1865,384:1498/1715]",
    "wave 71 turn 2: replay guest crossed cmd:71:2 through real public COMMAND=opened",
    "wave 71: reward shop owner=guest take-nonparty",
    "wave 71: host declined IV Scanner through public UI",
    "wave 71: host declined IV Scanner through public UI",
    "wave 71: guest declined IV Scanner through public UI",
    "wave 71: guest declined IV Scanner through public UI",
    "wave 72 turn 1: replay guest crossed cmd:72:1 through real public COMMAND=opened",
    "wave 72 turn 1: host SWITCH -> party[2]",
    "wave 72: host slot move=85 guest slot move=247",
    "wave 72 turn 1: progress enemyHp=[224:153/153,223:0/108] playerHp=[890:2065/2065,384:1498/1715]",
    "wave 72 turn 2: replay guest crossed cmd:72:2 through real public COMMAND=opened",
    "wave 72 turn 2: guest SWITCH -> party[3]",
    "wave 72: reward shop owner=host take-nonparty",
    "wave 72: host declined IV Scanner through public UI",
    "wave 72: host declined IV Scanner through public UI",
    "wave 72: guest declined IV Scanner through public UI",
    "wave 72: guest declined IV Scanner through public UI",
    "wave 73 turn 1: replay guest crossed cmd:73:1 through real public COMMAND=opened",
    "wave 73: host slot move=53 guest slot move=247",
    "wave 73 turn 1: progress enemyHp=[976:0/180,171:0/211] playerHp=[890:2065/2065,150:1725/1725]",
    "wave 73: reward shop owner=guest leave",
    "wave 73: host declined IV Scanner through public UI",
    "wave 73: host declined IV Scanner through public UI",
    "wave 73: guest declined IV Scanner through public UI",
    "wave 73: guest declined IV Scanner through public UI",
    "wave 74 turn 1: replay guest crossed cmd:74:1 through real public COMMAND=opened",
    "wave 74: host slot move=247 guest slot move=85",
    "wave 74 turn 1: progress enemyHp=[10046:0/171,691:0/169] playerHp=[890:2065/2065,150:1725/1725]",
    "wave 74: reward shop owner=host leave",
    "wave 74: drained 1 milestone reward continuation(s)",
    "wave 74: host declined IV Scanner through public UI",
    "wave 74: host declined IV Scanner through public UI",
    "wave 74: guest declined IV Scanner through public UI",
    "wave 74: guest declined IV Scanner through public UI",
    "wave 75 turn 1: replay guest crossed cmd:75:1 through real public COMMAND=opened",
    "wave 75: host slot move=34 guest slot move=53",
    "wave 75 turn 1: progress enemyHp=[171:0/204,171:0/200] playerHp=[890:2061/2065,150:1725/1725]",
    "wave 75: reward shop owner=guest take-nonparty",
    "wave 75: host chose Crossroads Leave through public UI",
    "wave 75: host drove World Map via public UI=true and both consumed 1831609261777534:0:BIOME_PICK:9700088",
    "wave 75: host declined IV Scanner through public UI",
    "wave 75: host declined IV Scanner through public UI",
    "wave 76 turn 1: replay guest crossed cmd:76:1 through real public COMMAND=opened",
    "wave 76: BIOME 10->13",
    "wave 76: host slot move=85 guest slot move=247",
    "wave 76 turn 1: progress enemyHp=[42:0/156,297:0/211] playerHp=[890:2061/2065,150:1725/1725]",
    "wave 76: reward shop owner=guest take-nonparty",
    "wave 76: host declined IV Scanner through public UI",
    "wave 76: host declined IV Scanner through public UI",
    "wave 76: guest declined IV Scanner through public UI",
    "wave 76: guest declined IV Scanner through public UI",
    "wave 77 turn 1: replay guest crossed cmd:77:1 through real public COMMAND=opened",
    "wave 77: host slot move=53 guest slot move=85",
    "wave 77 turn 1: progress enemyHp=[934:0/195,294:0/169] playerHp=[890:2061/2065,150:1725/1725]",
    "wave 77: reward shop owner=host leave",
    "wave 77: host declined IV Scanner through public UI",
    "wave 77: host declined IV Scanner through public UI",
    "wave 77: guest declined IV Scanner through public UI",
    "wave 77: guest declined IV Scanner through public UI",
    "wave 78 turn 1: replay guest crossed cmd:78:1 through real public COMMAND=opened",
    "wave 78: host slot move=247 guest slot move=85",
    "wave 78 turn 1: progress enemyHp=[297:0/248,42:0/170] playerHp=[890:2061/2065,150:1725/1725]",
    "wave 78: reward shop owner=guest take-nonparty",
    "wave 78: host declined IV Scanner through public UI",
    "wave 78: host declined IV Scanner through public UI",
    "wave 78: guest declined IV Scanner through public UI",
    "wave 78: guest declined IV Scanner through public UI",
    "wave 79 turn 1: replay guest crossed cmd:79:1 through real public COMMAND=opened",
    "wave 79: host slot move=34 guest slot move=53",
    "wave 79 turn 1: progress enemyHp=[213:0/139,526:1/181] playerHp=[890:1932/2065,150:1618/1725]",
    "wave 79 turn 2: replay guest crossed cmd:79:2 through real public COMMAND=opened",
    "wave 79: reward shop owner=host take-nonparty",
    "wave 79: host declined IV Scanner through public UI",
    "wave 79: host declined IV Scanner through public UI",
    "wave 79: guest declined IV Scanner through public UI",
    "wave 79: guest declined IV Scanner through public UI",
    "wave 80 turn 1: replay guest crossed cmd:80:1 through real public COMMAND=opened",
    "wave 80: host slot move=85 guest slot move=34",
    "wave 80 turn 1: progress enemyHp=[169:0/181,95:48/190] playerHp=[890:1651/2065,150:1177/1725]",
    "wave 80 turn 2: replay guest crossed cmd:80:2 through real public COMMAND=opened",
    "wave 80: biome market owner=guest leave",
    "wave 80: drained 1 milestone reward continuation(s)",
    "wave 80: host chose Crossroads Leave through public UI",
    "wave 80: host drove World Map via public UI=true and both consumed 1831609261777534:0:BIOME_PICK:9700094",
    "wave 80: host declined IV Scanner through public UI",
    "wave 80: host declined IV Scanner through public UI",
    "wave 81 turn 1: replay guest crossed cmd:81:1 through real public COMMAND=opened",
    "wave 81: BIOME 13->12",
    "wave 81: host slot move=53 guest slot move=53",
    "wave 81 turn 1: progress enemyHp=[207:0/150,529:0/153] playerHp=[890:1936/2065,150:1618/1725]",
    "wave 81: reward shop owner=guest take-nonparty",
    "wave 81: host declined IV Scanner through public UI",
    "wave 81: host declined IV Scanner through public UI",
    "wave 81: guest declined IV Scanner through public UI",
    "wave 81: guest declined IV Scanner through public UI",
    "wave 82 turn 1: replay guest crossed cmd:82:1 through real public COMMAND=opened",
    "wave 82: host slot move=34 guest slot move=34",
    "wave 82 turn 1: progress enemyHp=[112:0/204,112:0/214] playerHp=[890:1549/2065,150:1296/1725]",
    "wave 82: reward shop owner=host leave",
    "wave 82: host declined IV Scanner through public UI",
    "wave 82: host declined IV Scanner through public UI",
    "wave 82: guest declined IV Scanner through public UI",
    "wave 82: guest declined IV Scanner through public UI",
    "wave 83 turn 1: replay guest crossed cmd:83:1 through real public COMMAND=opened",
    "wave 83: host slot move=247 guest slot move=247",
    "wave 83 turn 1: progress enemyHp=[645:0/198,472:0/161] playerHp=[890:1420/2065,150:1189/1725]",
    "wave 83: reward shop owner=guest leave",
    "wave 83: drained 1 milestone reward continuation(s)",
    "wave 83: host declined IV Scanner through public UI",
    "wave 83: host declined IV Scanner through public UI",
    "wave 83: guest declined IV Scanner through public UI",
    "wave 83: guest declined IV Scanner through public UI",
    "wave 84 turn 1: replay guest crossed cmd:84:1 through real public COMMAND=opened",
    "wave 84: host slot move=247 guest slot move=247",
    "wave 84 turn 1: progress enemyHp=[50:0/96,950:1/167] playerHp=[890:1291/2065,150:1082/1725]",
    "wave 84 turn 2: replay guest crossed cmd:84:2 through real public COMMAND=opened",
    "wave 84: reward shop owner=host leave",
    "wave 85 turn 1: replay guest crossed cmd:85:1 through real public COMMAND=opened",
    "wave 85: TRAINER (random)",
    "wave 85 turn 1: host SWITCH -> party[2]",
    "wave 85: host slot move=34 guest slot move=53",
    "wave 85 turn 1: progress enemyHp=[28:215/215,4618:0/233] playerHp=[493:1749/1865,150:852/1725]",
    "wave 85 turn 2: replay guest crossed cmd:85:2 through real public COMMAND=opened",
    "wave 85: reward shop owner=guest take-nonparty"
  ]
}