===== COOP SOAK RESULT =====
profile: god
verdict: FAIL
waves_requested: 150
run: 33079936182 (main)
timestamp: 2026-08-27T14-03-42Z

----- driver lines -----
[22m[39m[coop-soak] SEED=20260827 WAVES=150 - replay this run with:  SOAK_SEED=20260827 SOAK_WAVES=150 ER_SCENARIO=1 npx vitest run test/tests/elite-redux/coop/coop-soak.test.ts
[31m[1mSoakInvariantError[22m: [coop-soak] NO-PARK invariant breached at wave 9 (seed 20260827): wave driving threw (strand/stall): PhaseInterceptor.to("CoopTurnCommitPhase") did not reach its target (soft-lock / freeze?): stuck at phase "CommandPhase", UI mode MESSAGE (=0), interceptor state "running". runTarget=true, promptTarget="CoopTurnCommitPhase".

----- vitest result tail -----
[coop:session] coopAuthoritativeGuestPredicate CLEARED (-> solo/host/lockstep reads false)
[coop:session] coopAuthoritativeGuestPredicate INSTALLED
[coop:launch] clearCoopRuntime role=host netcode=authoritative gen->7
[coop:stream] streamer DISPOSE: cancel pending(turns=0 enemyParty=0 meBattle=0 stateSync=0) + null-out all handlers
[coop:relay] dispose() (no in-flight waiters)
[coop:pump] end session { seq: -1, termSeq: -1, wasOwner: false }
[coop:turn] host recorder: CLEAR (null-out) live emitter (was=false)
[coop:session] coopAuthoritativeGuestPredicate CLEARED (-> solo/host/lockstep reads false)

[90mstdout[2m | test/tests/elite-redux/coop/coop-soak.test.ts[2m:297:3[22m[2m[2m > [22m[2mNIGHTLY co-op SOAK: seeded randomized two-engine run (#841)[2m > [22m[2mretained wave boundary keeps one X Attack exact on both clients through natural expiry without recovery
[22m[39m[2m> [22m[30m[48;2;193;98;222m Test finished! [49m[39m
    Name: [38;2;0;136;134mNIGHTLY co-op SOAK: seeded randomized two-engine run (#841) > retained wave boundary keeps one X Attack exact on both clients through natural expiry without recovery[39m
    Result: [32m[1m✓ Passed[22m[39m [2min[22m [33m17447[39m[2mms[22m
    File: [38;2;210;155;14melite-redux/test/tests/elite-redux/coop/coop-soak.test.ts:297:3[39m

[33m[39m[32m·[39m

[31m⎯⎯⎯⎯⎯⎯⎯[39m[1m[41m Failed Tests 1 [49m[22m[31m⎯⎯⎯⎯⎯⎯⎯[39m

[41m[1m FAIL [22m[49m [30m[45m main [49m[39m test/tests/elite-redux/coop/coop-soak.test.ts[2m:165:3[22m[2m > [22mNIGHTLY co-op SOAK: seeded randomized two-engine run (#841)[2m > [22mplays a seeded randomized co-op run asserting DIGEST/LOCKSTEP/NO-PARK/TEARDOWN each wave
[31m[1mSoakInvariantError[22m: [coop-soak] NO-PARK invariant breached at wave 9 (seed 20260827): wave driving threw (strand/stall): PhaseInterceptor.to("CoopTurnCommitPhase") did not reach its target (soft-lock / freeze?): stuck at phase "CommandPhase", UI mode MESSAGE (=0), interceptor state "running". runTarget=true, promptTarget="CoopTurnCommitPhase".
Original: Timed out in waitUntil!. Artifact + both logs: /home/runner/work/elite-redux/elite-redux/dev-logs/coop-soak/2026-08-27T14-03-24-221Z__seed-20260827__wave-9. Replay: SOAK_SEED=20260827[39m
[36m [2m❯[22m fail test/tools/coop-soak-driver.ts:[2m1791:11[22m[39m
    [90m1789|[39m       phaseState: phaseStateDump(rig),
    [90m1790|[39m     });
    [90m1791|[39m     throw new SoakInvariantError(invariant, seed, wave, detail, dir);
    [90m   |[39m           [31m^[39m
    [90m1792|[39m   };
    [90m1793|[39m
[90m [2m❯[22m runCoopSoak test/tools/coop-soak-driver.ts:[2m5386:7[22m[39m
[90m [2m❯[22m test/tests/elite-redux/coop/coop-soak.test.ts:[2m184:22[22m[39m

[31m[2m⎯⎯⎯⎯⎯⎯⎯⎯⎯⎯⎯⎯⎯⎯⎯⎯⎯⎯⎯⎯⎯⎯⎯⎯[1/1]⎯[22m[39m


[2m Test Files [22m [1m[31m1 failed[39m[22m[90m (1)[39m
[2m      Tests [22m [1m[31m1 failed[39m[22m[2m | [22m[1m[32m1 passed[39m[22m[90m (2)[39m
[2m   Start at [22m 14:02:14
[2m   Duration [22m 87.06s[2m (transform 22.76s, setup 27.27s, import 332ms, tests 58.60s, environment 698ms)[22m

