===== COOP SOAK RESULT =====
profile: me-asym
verdict: FAIL
waves_requested: 150
run: 33850736418 (main)
timestamp: 2026-09-04T08-06-41Z

----- driver lines -----
[22m[39m[coop-soak] SEED=828633 WAVES=15 - replay this run with:  SOAK_SEED=828633 SOAK_WAVES=15 ER_SCENARIO=1 npx vitest run test/tests/elite-redux/coop/coop-soak.test.ts
[22m[39m[coop-soak] FINDING wave 6 @post-shop (seed 828633): guest scalar OVER-grant - money host=0 guest=110 (guest OVER-grant) | ball[0] host=5 guest=10 (guest OVER-grant)
[22m[39m[coop-soak] RUN ENDED crossing into wave 7 (seed 828633): host at terminal phase TitlePhase. Survey stops here.
[22m[39m[coop-soak] SEED=828633 WAVES=17 - replay this run with:  SOAK_SEED=828633 SOAK_WAVES=17 ER_SCENARIO=1 npx vitest run test/tests/elite-redux/coop/coop-soak.test.ts
[22m[39m[coop-soak] RUN ENDED crossing into wave 8 (seed 828633): host at terminal phase TitlePhase. Survey stops here.
[22m[39m[coop-soak] SEED=828633 WAVES=13 - replay this run with:  SOAK_SEED=828633 SOAK_WAVES=13 ER_SCENARIO=1 npx vitest run test/tests/elite-redux/coop/coop-soak.test.ts
[22m[39m[coop-soak] RUN ENDED crossing into wave 8 (seed 828633): host at terminal phase TitlePhase. Survey stops here.

----- vitest result tail -----
[31m+ Received[39m

[32m- 1[39m
[31m+ 0[39m

[36m [2m❯[22m test/tests/elite-redux/coop/coop-soak-me.test.ts:[2m203:102[22m[39m
    [90m201|[39m     // from the accumulated interaction counter, not the wave number: …
    [90m202|[39m     // legitimately change which seat owns wave 15 without changing th…
    [90m203|[39m     expect(result.mysteryEncounters.length, "exactly one ME driven - n…
    [90m   |[39m                                                                                                      [31m^[39m
    [90m204|[39m     expect(result.mysteryEncounters[0].wave, "the one ME was the desig…
    [90m205|[39m     [35mconst[39m me [33m=[39m result[33m.[39mmysteryEncounters[[34m0[39m][33m;[39m

[31m[2m⎯⎯⎯⎯⎯⎯⎯⎯⎯⎯⎯⎯⎯⎯⎯⎯⎯⎯⎯⎯⎯⎯⎯⎯[4/5]⎯[22m[39m

[41m[1m FAIL [22m[49m [30m[45m main [49m[39m test/tests/elite-redux/coop/coop-soak-me.test.ts[2m:228:3[22m[2m > [22mNIGHTLY co-op SOAK: mid-run mystery-encounter continuation (#633 BUILD 1)[2m > [22mdrives a GUEST-OWNED ME inline (counter parity), then surveys past it, findings=0
[31m[1mAssertionError[22m: the designated ME was driven inline: expected +0 to be 1 // Object.is equality[39m

[32m- Expected[39m
[31m+ Received[39m

[32m- 1[39m
[31m+ 0[39m

[36m [2m❯[22m test/tests/elite-redux/coop/coop-soak-me.test.ts:[2m262:84[22m[39m
    [90m260|[39m
    [90m261|[39m     // The GUEST-OWNED non-battle path was driven inline at wave 12 (t…
    [90m262|[39m     expect(result.mysteryEncounters.length, "the designated ME was dri…
    [90m   |[39m                                                                                    [31m^[39m
    [90m263|[39m     expect(result.mysteryEncounters[0].wave, "the ME was driven at the…
    [90m264|[39m     expect(result.mysteryEncounters[0].path, "wave 12 is GUEST-OWNED b…

[31m[2m⎯⎯⎯⎯⎯⎯⎯⎯⎯⎯⎯⎯⎯⎯⎯⎯⎯⎯⎯⎯⎯⎯⎯⎯[5/5]⎯[22m[39m


[2m Test Files [22m [1m[31m2 failed[39m[22m[90m (2)[39m
[2m      Tests [22m [1m[31m5 failed[39m[22m[90m (5)[39m
[2m   Start at [22m 08:04:46
[2m   Duration [22m 115.31s[2m (transform 35.23s, setup 43.90s, import 542ms, tests 96.57s, environment 1.18s)[22m

