{
  "invariant": "no-park",
  "seed": 20260904,
  "wave": 137,
  "detail": "wave driving threw (strand/stall): guest replay HANG: stuck on CoopGuestFaintSwitchPhase - see dev-logs/coop-duo/",
  "replay": "SOAK_SEED=20260904",
  "phaseState": {
    "hostPhase": "EggLapsePhase",
    "guestPhase": "CoopGuestFaintSwitchPhase",
    "hostInteractionCounter": 162,
    "guestInteractionCounter": 162,
    "hostWave": 137,
    "hostBattleType": 0,
    "hostPlayerField": [
      {
        "id": 429025935,
        "battlerIndex": -1,
        "speciesId": 890,
        "speciesName": "Eternatus",
        "hp": 2059,
        "maxHp": 2065,
        "fainted": false,
        "status": 0,
        "statStages": [
          -1,
          -1,
          0,
          0,
          0,
          0,
          0
        ],
        "moves": [
          {
            "id": 34,
            "ppUsed": 0
          },
          {
            "id": 247,
            "ppUsed": 0
          },
          {
            "id": 53,
            "ppUsed": 0
          },
          {
            "id": 85,
            "ppUsed": 0
          }
        ],
        "coopOwner": "host"
      },
      {
        "id": 3493817116,
        "battlerIndex": -1,
        "speciesId": 384,
        "speciesName": "Rayquaza",
        "hp": 0,
        "maxHp": 1715,
        "fainted": true,
        "status": 7,
        "statStages": [
          0,
          0,
          0,
          0,
          0,
          0,
          0
        ],
        "moves": [
          {
            "id": 34,
            "ppUsed": 0
          },
          {
            "id": 247,
            "ppUsed": 0
          },
          {
            "id": 53,
            "ppUsed": 0
          },
          {
            "id": 85,
            "ppUsed": 0
          }
        ],
        "coopOwner": "guest"
      }
    ],
    "hostEnemyField": [
      {
        "id": 885205211,
        "battlerIndex": -1,
        "speciesId": 6157,
        "speciesName": "Typhlosion",
        "hp": 0,
        "maxHp": 368,
        "fainted": true,
        "status": 7,
        "statStages": [
          0,
          0,
          0,
          0,
          0,
          0,
          0
        ],
        "moves": [
          {
            "id": 5080,
            "ppUsed": 0
          },
          {
            "id": 5181,
            "ppUsed": 0
          },
          {
            "id": 194,
            "ppUsed": 0
          },
          {
            "id": 5121,
            "ppUsed": 0
          }
        ]
      },
      {
        "id": 155714538,
        "battlerIndex": -1,
        "speciesId": 6157,
        "speciesName": "Typhlosion",
        "hp": 0,
        "maxHp": 358,
        "fainted": true,
        "status": 7,
        "statStages": [
          0,
          0,
          0,
          0,
          0,
          0,
          0
        ],
        "moves": [
          {
            "id": 315,
            "ppUsed": 0
          },
          {
            "id": 194,
            "ppUsed": 1
          },
          {
            "id": 5004,
            "ppUsed": 0
          },
          {
            "id": 5080,
            "ppUsed": 0
          }
        ]
      }
    ],
    "guestPlayerField": [
      {
        "id": 429025935,
        "battlerIndex": 0,
        "speciesId": 890,
        "speciesName": "Eternatus",
        "hp": 2059,
        "maxHp": 2065,
        "fainted": false,
        "status": 0,
        "statStages": [
          -1,
          -1,
          0,
          0,
          0,
          0,
          0
        ],
        "moves": [
          {
            "id": 34,
            "ppUsed": 0
          },
          {
            "id": 247,
            "ppUsed": 0
          },
          {
            "id": 53,
            "ppUsed": 0
          },
          {
            "id": 85,
            "ppUsed": 0
          }
        ],
        "coopOwner": "host"
      },
      {
        "id": 3493817116,
        "battlerIndex": 1,
        "speciesId": 384,
        "speciesName": "Rayquaza",
        "hp": 0,
        "maxHp": 1715,
        "fainted": true,
        "status": 7,
        "statStages": [
          0,
          0,
          0,
          0,
          0,
          0,
          0
        ],
        "moves": [
          {
            "id": 34,
            "ppUsed": 0
          },
          {
            "id": 247,
            "ppUsed": 0
          },
          {
            "id": 53,
            "ppUsed": 0
          },
          {
            "id": 85,
            "ppUsed": 0
          }
        ],
        "coopOwner": "guest"
      }
    ],
    "guestEnemyField": [
      {
        "id": 885205211,
        "battlerIndex": 2,
        "speciesId": 6157,
        "speciesName": "Typhlosion",
        "hp": 0,
        "maxHp": 368,
        "fainted": true,
        "status": 7,
        "statStages": [
          0,
          0,
          0,
          0,
          0,
          0,
          0
        ],
        "moves": [
          {
            "id": 5080,
            "ppUsed": 0
          },
          {
            "id": 5181,
            "ppUsed": 0
          },
          {
            "id": 194,
            "ppUsed": 0
          },
          {
            "id": 5121,
            "ppUsed": 0
          }
        ]
      },
      {
        "id": 155714538,
        "battlerIndex": 3,
        "speciesId": 6157,
        "speciesName": "Typhlosion",
        "hp": 0,
        "maxHp": 358,
        "fainted": true,
        "status": 7,
        "statStages": [
          0,
          0,
          0,
          0,
          0,
          0,
          0
        ],
        "moves": [
          {
            "id": 315,
            "ppUsed": 0
          },
          {
            "id": 194,
            "ppUsed": 0
          },
          {
            "id": 5004,
            "ppUsed": 0
          },
          {
            "id": 5080,
            "ppUsed": 0
          }
        ]
      }
    ]
  },
  "actionScript": [
    "SKIP mysteryEncounterDisabledV1",
    "content seed=coop-soak-20260904 preseeded=false",
    "wave 1 turn 1: committed frontier omitted seat 1; guest remained a replay spectator until host action",
    "wave 1: host slot move=53 guest slot move=0",
    "wave 1 turn 1: progress enemyHp=[16:0/14] playerHp=[890:2065/2065]",
    "wave 1: reward shop owner=host take-nonparty",
    "wave 2 turn 1: replay guest crossed cmd:2:1 through real public COMMAND=opened",
    "wave 2: host slot move=85 guest slot move=247",
    "wave 2 turn 1: progress enemyHp=[29:0/17,165:0/14] playerHp=[890:2065/2065,384:1715/1715]",
    "wave 2: reward shop owner=guest leave",
    "wave 3 turn 1: replay guest crossed cmd:3:1 through real public COMMAND=opened",
    "wave 3: host slot move=53 guest slot move=34",
    "wave 3 turn 1: progress enemyHp=[161:0/16,546:0/16] playerHp=[890:2065/2065,384:1715/1715]",
    "wave 3: reward shop owner=host take-nonparty",
    "wave 4 turn 1: replay guest crossed cmd:4:1 through real public COMMAND=opened",
    "wave 4: host slot move=53 guest slot move=85",
    "wave 4 turn 1: progress enemyHp=[21:18/18,263:0/16] playerHp=[890:2065/2065,384:1715/1715]",
    "wave 4 turn 2: replay guest crossed cmd:4:2 through real public COMMAND=opened",
    "wave 4: reward shop owner=guest take-nonparty",
    "wave 5 turn 1: replay guest crossed cmd:5:1 through real public COMMAND=opened",
    "wave 5: TRAINER (fixed)",
    "wave 5: host slot move=34 guest slot move=34",
    "wave 5 turn 1: guest SWITCH -> party[3]",
    "wave 5 turn 1: progress enemyHp=[19:0/17,399:20/20] playerHp=[890:2065/2065,150:1722/1725]",
    "wave 5 turn 2: replay guest crossed cmd:5:2 through real public COMMAND=opened",
    "wave 5 turn 2: host SWITCH -> party[2]",
    "wave 5: reward shop owner=host take-nonparty",
    "wave 5: guest chose Crossroads Leave through public UI",
    "wave 5: guest drove World Map via public UI=true and both consumed 1831432606170045:1:BIOME_PICK:9700005",
    "wave 6 turn 1: replay guest crossed cmd:6:1 through real public COMMAND=opened",
    "wave 6: BIOME 0->1",
    "wave 6 turn 1: host SWITCH -> party[2]",
    "wave 6: host slot move=53 guest slot move=34",
    "wave 6 turn 1: guest SWITCH -> party[3]",
    "wave 6 turn 1: progress enemyHp=[399:20/20,52:20/20] playerHp=[890:2065/2065,384:1713/1715]",
    "wave 6 turn 2: replay guest crossed cmd:6:2 through real public COMMAND=opened",
    "wave 6: reward shop owner=host take-nonparty",
    "wave 7 turn 1: replay guest crossed cmd:7:1 through real public COMMAND=opened",
    "wave 7: host slot move=34 guest slot move=34",
    "wave 7 turn 1: progress enemyHp=[915:0/21,261:0/20] playerHp=[890:2065/2065,384:1713/1715]",
    "wave 7: reward shop owner=guest leave",
    "wave 8 turn 1: replay guest crossed cmd:8:1 through real public COMMAND=opened",
    "wave 8: TRAINER (fixed)",
    "wave 8: host slot move=247 guest slot move=53",
    "wave 8 turn 1: progress enemyHp=[725:0/25,396:0/22] playerHp=[890:2065/2065,384:1713/1715]",
    "wave 8: reward shop owner=host leave",
    "wave 9 turn 1: replay guest crossed cmd:9:1 through real public COMMAND=opened",
    "wave 9 turn 1: host SWITCH -> party[2]",
    "wave 9: host slot move=34 guest slot move=53",
    "wave 9 turn 1: progress enemyHp=[41:24/24,41:0/22] playerHp=[493:1865/1865,384:1712/1715]",
    "wave 9 turn 2: replay guest crossed cmd:9:2 through real public COMMAND=opened",
    "wave 9 turn 2: host SWITCH -> party[2]",
    "wave 9: reward shop owner=guest take-nonparty",
    "wave 10 turn 1: replay guest crossed cmd:10:1 through real public COMMAND=opened",
    "wave 10: host slot move=85 guest slot move=34",
    "wave 10 turn 1: progress enemyHp=[52:0/24,83:0/28] playerHp=[890:2065/2065,384:1712/1715]",
    "wave 10: biome market owner=host leave",
    "wave 10: drained 1 milestone reward continuation(s)",
    "wave 10: guest chose Crossroads Leave through public UI",
    "wave 10: guest drove World Map via public UI=true and both consumed 1831432606170045:1:BIOME_PICK:9700011",
    "wave 11 turn 1: replay guest crossed cmd:11:1 through real public COMMAND=opened",
    "wave 11: BIOME 1->2",
    "wave 11: host slot move=53 guest slot move=34",
    "wave 11 turn 1: progress enemyHp=[548:0/25,10306:0/28] playerHp=[890:2065/2065,384:1715/1715]",
    "wave 11: reward shop owner=host take-nonparty",
    "wave 12 turn 1: replay guest crossed cmd:12:1 through real public COMMAND=opened",
    "wave 12: host slot move=247 guest slot move=85",
    "wave 12 turn 1: progress enemyHp=[543:0/25,285:0/30] playerHp=[890:2065/2065,384:1715/1715]",
    "wave 12: reward shop owner=guest leave",
    "wave 13 turn 1: replay guest crossed cmd:13:1 through real public COMMAND=opened",
    "wave 13: host slot move=53 guest slot move=53",
    "wave 13 turn 1: progress enemyHp=[108:0/34,273:0/26] playerHp=[890:2065/2065,384:1715/1715]",
    "wave 13: reward shop owner=host leave",
    "wave 14 turn 1: replay guest crossed cmd:14:1 through real public COMMAND=opened",
    "wave 14: host slot move=85 guest slot move=247",
    "wave 14 turn 1: progress enemyHp=[546:0/28,590:0/34] playerHp=[890:2065/2065,384:1715/1715]",
    "wave 14: reward shop owner=guest take-nonparty",
    "wave 15 turn 1: replay guest crossed cmd:15:1 through real public COMMAND=opened",
    "wave 15: host slot move=53 guest slot move=34",
    "wave 15 turn 1: progress enemyHp=[420:0/32,268:0/33] playerHp=[890:2065/2065,384:1715/1715]",
    "wave 15: reward shop owner=host take-nonparty",
    "wave 15: guest chose Crossroads Leave through public UI",
    "wave 15: guest drove World Map via public UI=true and both consumed 1831432606170045:1:BIOME_PICK:9700017",
    "wave 16 turn 1: replay guest crossed cmd:16:1 through real public COMMAND=opened",
    "wave 16: host slot move=53 guest slot move=85",
    "wave 16 turn 1: progress enemyHp=[302:0/39,285:0/35] playerHp=[890:2065/2065,384:1715/1715]",
    "wave 16: reward shop owner=host take-nonparty",
    "wave 17 turn 1: replay guest crossed cmd:17:1 through real public COMMAND=opened",
    "wave 17: TRAINER (random)",
    "wave 17: host slot move=34 guest slot move=53",
    "wave 17 turn 1: progress enemyHp=[669:0/34,665:0/34] playerHp=[890:2065/2065,384:1715/1715]",
    "wave 17: reward shop owner=guest leave",
    "wave 18 turn 1: replay guest crossed cmd:18:1 through real public COMMAND=opened",
    "wave 18: host slot move=85 guest slot move=247",
    "wave 18 turn 1: guest SWITCH -> party[3]",
    "wave 18 turn 1: progress enemyHp=[543:0/32,548:36/36] playerHp=[890:2065/2065,150:1725/1725]",
    "wave 18 turn 2: replay guest crossed cmd:18:2 through real public COMMAND=opened",
    "wave 18: reward shop owner=host leave",
    "wave 19 turn 1: replay guest crossed cmd:19:1 through real public COMMAND=opened",
    "wave 19: host slot move=53 guest slot move=34",
    "wave 19 turn 1: progress enemyHp=[546:0/35,546:0/37] playerHp=[890:2065/2065,150:1725/1725]",
    "wave 19: reward shop owner=guest leave",
    "wave 20 turn 1: replay guest crossed cmd:20:1 through real public COMMAND=opened",
    "wave 20: host slot move=247 guest slot move=85",
    "wave 20 turn 1: progress enemyHp=[543:0/31,543:0/34] playerHp=[890:2065/2065,150:1725/1725]",
    "wave 20: biome market owner=host leave",
    "wave 20: drained 1 milestone reward continuation(s)",
    "wave 20: guest chose Crossroads Leave through public UI",
    "wave 20: guest drove World Map via public UI=true and both consumed 1831432606170045:1:BIOME_PICK:9700023",
    "wave 21 turn 1: replay guest crossed cmd:21:1 through real public COMMAND=opened",
    "wave 21: BIOME 2->3",
    "wave 21: host slot move=34 guest slot move=53",
    "wave 21 turn 1: progress enemyHp=[919:37/37,665:0/40] playerHp=[890:2065/2065,150:1725/1725]",
    "wave 21 turn 2: replay guest crossed cmd:21:2 through real public COMMAND=opened",
    "wave 21: reward shop owner=host leave",
    "wave 22 turn 1: replay guest crossed cmd:22:1 through real public COMMAND=opened",
    "wave 22: TRAINER (random)",
    "wave 22: host slot move=85 guest slot move=53",
    "wave 22 turn 1: guest SWITCH -> party[3]",
    "wave 22 turn 1: progress enemyHp=[12:0/46,423:55/55] playerHp=[890:2065/2065,384:1715/1715]",
    "wave 22 turn 2: replay guest crossed cmd:22:2 through real public COMMAND=opened",
    "wave 22 turn 3: replay guest crossed cmd:22:3 through real public COMMAND=opened",
    "wave 22: reward shop owner=guest take-nonparty",
    "wave 23 turn 1: replay guest crossed cmd:23:1 through real public COMMAND=opened",
    "wave 23 turn 1: host SWITCH -> party[2]",
    "wave 23: host slot move=53 guest slot move=34",
    "wave 23 turn 1: progress enemyHp=[167:41/41,43:0/43] playerHp=[493:1865/1865,384:1715/1715]",
    "wave 23 turn 2: replay guest crossed cmd:23:2 through real public COMMAND=opened",
    "wave 23: reward shop owner=host leave",
    "wave 24 turn 1: replay guest crossed cmd:24:1 through real public COMMAND=opened",
    "wave 24: host slot move=34 guest slot move=247",
    "wave 24 turn 1: progress enemyHp=[586:0/56,37:0/41] playerHp=[493:1865/1865,384:1714/1715]",
    "wave 24: reward shop owner=guest take-nonparty",
    "wave 25 turn 1: replay guest crossed cmd:25:1 through real public COMMAND=opened",
    "wave 25: TRAINER (fixed)",
    "wave 25: host slot move=34 guest slot move=53",
    "wave 25 turn 1: progress enemyHp=[726:0/56,397:0/50] playerHp=[493:1865/1865,384:1714/1715]",
    "wave 25 turn 2: replay guest crossed cmd:25:2 through real public COMMAND=opened",
    "wave 25 turn 2: guest SWITCH -> party[3]",
    "wave 25: reward shop owner=host take-nonparty",
    "wave 25: guest chose Crossroads Leave through public UI",
    "wave 25: guest drove World Map via public UI=true and both consumed 1831432606170045:1:BIOME_PICK:9700029",
    "wave 26 turn 1: replay guest crossed cmd:26:1 through real public COMMAND=opened",
    "wave 26: host slot move=53 guest slot move=85",
    "wave 26 turn 1: guest SWITCH -> party[3]",
    "wave 26 turn 1: progress enemyHp=[290:38/38,352:47/47] playerHp=[493:1865/1865,384:1715/1715]",
    "wave 26 turn 2: replay guest crossed cmd:26:2 through real public COMMAND=opened",
    "wave 26 turn 3: replay guest crossed cmd:26:3 through real public COMMAND=opened",
    "wave 26 turn 4: replay guest crossed cmd:26:4 through real public COMMAND=opened",
    "wave 26 turn 5: replay guest crossed cmd:26:5 through real public COMMAND=opened",
    "wave 26 turn 6: replay guest crossed cmd:26:6 through real public COMMAND=opened",
    "wave 26 turn 7: replay guest crossed cmd:26:7 through real public COMMAND=opened",
    "wave 26 turn 8: replay guest crossed cmd:26:8 through real public COMMAND=opened",
    "wave 26 turn 9: replay guest crossed cmd:26:9 through real public COMMAND=opened",
    "wave 26 turn 10: replay guest crossed cmd:26:10 through real public COMMAND=opened",
    "wave 26 turn 10: progress enemyHp=[290:0/38,352:47/47] playerHp=[493:1865/1865,384:1715/1715]",
    "wave 26 turn 11: replay guest crossed cmd:26:11 through real public COMMAND=opened",
    "wave 26 turn 11: host SWITCH -> party[2]",
    "wave 26 turn 12: replay guest crossed cmd:26:12 through real public COMMAND=opened",
    "wave 26 turn 12: guest SWITCH -> party[3]",
    "wave 26: reward shop owner=host leave",
    "wave 27 turn 1: replay guest crossed cmd:27:1 through real public COMMAND=opened",
    "wave 27: host slot move=53 guest slot move=34",
    "wave 27 turn 1: progress enemyHp=[919:41/41,761:0/44] playerHp=[890:2065/2065,150:1725/1725]",
    "wave 27 turn 2: replay guest crossed cmd:27:2 through real public COMMAND=opened",
    "wave 27: reward shop owner=guest take-nonparty",
    "wave 28 turn 1: replay guest crossed cmd:28:1 through real public COMMAND=opened",
    "wave 28: host slot move=53 guest slot move=85",
    "wave 28 turn 1: progress enemyHp=[778:47/50,665:0/47] playerHp=[890:2065/2065,150:1725/1725]",
    "wave 28 turn 2: replay guest crossed cmd:28:2 through real public COMMAND=opened",
    "wave 28: reward shop owner=host take-nonparty",
    "wave 29 turn 1: replay guest crossed cmd:29:1 through real public COMMAND=opened",
    "wave 29: host slot move=34 guest slot move=53",
    "wave 29 turn 1: progress enemyHp=[15:0/59,46:0/51] playerHp=[890:2065/2065,150:1725/1725]",
    "wave 29: reward shop owner=guest leave",
    "wave 30 turn 1: replay guest crossed cmd:30:1 through real public COMMAND=opened",
    "wave 30: TRAINER (random)",
    "wave 30: host slot move=85 guest slot move=247",
    "wave 30 turn 1: progress enemyHp=[10001:23/72,748:0/69] playerHp=[890:2065/2065,150:1725/1725]",
    "wave 30 turn 2: replay guest crossed cmd:30:2 through real public COMMAND=opened",
    "wave 30: biome market owner=host leave",
    "wave 30: drained 1 milestone reward continuation(s)",
    "wave 30: guest chose Crossroads Leave through public UI",
    "wave 30: guest drove World Map via public UI=true and both consumed 1831432606170045:1:BIOME_PICK:9700035",
    "wave 31 turn 1: replay guest crossed cmd:31:1 through real public COMMAND=opened",
    "wave 31: BIOME 3->5",
    "wave 31 turn 1: host SWITCH -> party[2]",
    "wave 31: host slot move=53 guest slot move=34",
    "wave 31 turn 1: progress enemyHp=[918:75/75,267:0/62] playerHp=[493:1865/1865,150:1725/1725]",
    "wave 31 turn 2: replay guest crossed cmd:31:2 through real public COMMAND=opened",
    "wave 31: reward shop owner=host take-nonparty",
    "wave 32 turn 1: replay guest crossed cmd:32:1 through real public COMMAND=opened",
    "wave 32: host slot move=247 guest slot move=85",
    "wave 32 turn 1: progress enemyHp=[919:47/47,585:0/60] playerHp=[493:1865/1865,150:1725/1725]",
    "wave 32 turn 2: replay guest crossed cmd:32:2 through real public COMMAND=opened",
    "wave 32: reward shop owner=guest leave",
    "wave 33 turn 1: replay guest crossed cmd:33:1 through real public COMMAND=opened",
    "wave 33: host slot move=53 guest slot move=53",
    "wave 33 turn 1: guest SWITCH -> party[3]",
    "wave 33 turn 1: progress enemyHp=[216:0/60,918:75/75] playerHp=[493:1865/1865,384:1715/1715]",
    "wave 33 turn 2: replay guest crossed cmd:33:2 through real public COMMAND=opened",
    "wave 33: reward shop owner=host take-nonparty",
    "wave 34 turn 1: replay guest crossed cmd:34:1 through real public COMMAND=opened",
    "wave 34: host slot move=34 guest slot move=247",
    "wave 34 turn 1: progress enemyHp=[10229:0/60,666:0/68] playerHp=[493:1865/1865,384:1715/1715]",
    "wave 34: reward shop owner=guest take-nonparty",
    "wave 35 turn 1: replay guest crossed cmd:35:1 through real public COMMAND=opened",
    "wave 35: TRAINER (fixed)",
    "wave 35 turn 1: host SWITCH -> party[2]",
    "wave 35: host slot move=53 guest slot move=34",
    "wave 35 turn 1: guest SWITCH -> party[3]",
    "wave 35 turn 1: progress enemyHp=[600:70/70,583:65/65] playerHp=[890:2065/2065,150:1718/1725]",
    "wave 35 turn 2: replay guest crossed cmd:35:2 through real public COMMAND=opened",
    "wave 35 turn 3: replay guest crossed cmd:35:3 through real public COMMAND=opened",
    "wave 35: reward shop owner=host leave",
    "wave 35: guest chose Crossroads Leave through public UI",
    "wave 35: guest drove World Map via public UI=true and both consumed 1831432606170045:1:BIOME_PICK:9700041",
    "wave 36 turn 1: replay guest crossed cmd:36:1 through real public COMMAND=opened",
    "wave 36: host slot move=247 guest slot move=85",
    "wave 36 turn 1: progress enemyHp=[511:0/67,12:0/69] playerHp=[890:2065/2065,150:1714/1725]",
    "wave 36: reward shop owner=host take-nonparty",
    "wave 37 turn 1: replay guest crossed cmd:37:1 through real public COMMAND=opened",
    "wave 37: host slot move=34 guest slot move=34",
    "wave 37 turn 1: progress enemyHp=[10229:0/65,585:0/72] playerHp=[890:2065/2065,150:1714/1725]",
    "wave 37: reward shop owner=guest take-nonparty",
    "wave 38 turn 1: replay guest crossed cmd:38:1 through real public COMMAND=opened",
    "wave 38 turn 1: host SWITCH -> party[2]",
    "wave 38: host slot move=85 guest slot move=247",
    "wave 38 turn 1: progress enemyHp=[415:60/60,70:0/79] playerHp=[493:1865/1865,150:1714/1725]",
    "wave 38 turn 2: replay guest crossed cmd:38:2 through real public COMMAND=opened",
    "wave 38: reward shop owner=host take-nonparty",
    "wave 39 turn 1: replay guest crossed cmd:39:1 through real public COMMAND=opened",
    "wave 39: TRAINER (random)",
    "wave 39: host slot move=53 guest slot move=34",
    "wave 39 turn 1: progress enemyHp=[315:0/63,286:0/67] playerHp=[493:1865/1865,150:1714/1725]",
    "wave 39 turn 2: replay guest crossed cmd:39:2 through real public COMMAND=opened",
    "wave 39: reward shop owner=guest leave",
    "wave 40 turn 1: replay guest crossed cmd:40:1 through real public COMMAND=opened",
    "wave 40: host slot move=247 guest slot move=53",
    "wave 40 turn 1: progress enemyHp=[549:0/82,234:0/79] playerHp=[493:1865/1865,150:1714/1725]",
    "wave 40: biome market owner=host leave",
    "wave 40: drained 1 milestone reward continuation(s)",
    "wave 40: guest chose Crossroads Leave through public UI",
    "wave 40: guest drove World Map via public UI=true and both consumed 1831432606170045:1:BIOME_PICK:9700047",
    "wave 41 turn 1: replay guest crossed cmd:41:1 through real public COMMAND=opened",
    "wave 41: BIOME 5->27",
    "wave 41: host slot move=34 guest slot move=53",
    "wave 41 turn 1: progress enemyHp=[542:0/94,733:0/91] playerHp=[493:1865/1865,150:1725/1725]",
    "wave 41: reward shop owner=host leave",
    "wave 41: drained 1 milestone reward continuation(s)",
    "wave 42 turn 1: replay guest crossed cmd:42:1 through real public COMMAND=opened",
    "wave 42: host slot move=53 guest slot move=247",
    "wave 42 turn 1: progress enemyHp=[775:0/85,416:0/85] playerHp=[493:1865/1865,150:1725/1725]",
    "wave 42: reward shop owner=guest take-nonparty",
    "wave 43 turn 1: replay guest crossed cmd:43:1 through real public COMMAND=opened",
    "wave 43 turn 1: host SWITCH -> party[2]",
    "wave 43: host slot move=53 guest slot move=247",
    "wave 43 turn 1: progress enemyHp=[421:94/94,523:0/106] playerHp=[890:2065/2065,150:1725/1725]",
    "wave 43 turn 2: replay guest crossed cmd:43:2 through real public COMMAND=opened",
    "wave 43: reward shop owner=host take-nonparty",
    "wave 44 turn 1: replay guest crossed cmd:44:1 through real public COMMAND=opened",
    "wave 44: TRAINER (random)",
    "wave 44: host slot move=247 guest slot move=247",
    "wave 44 turn 1: progress enemyHp=[77:0/79,636:0/82] playerHp=[890:2065/2065,150:1725/1725]",
    "wave 44: reward shop owner=guest leave",
    "wave 45 turn 1: replay guest crossed cmd:45:1 through real public COMMAND=opened",
    "wave 45: host slot move=34 guest slot move=34",
    "wave 45 turn 1: progress enemyHp=[286:0/90,523:0/109] playerHp=[890:2065/2065,150:1725/1725]",
    "wave 45: reward shop owner=host take-nonparty",
    "wave 45: guest chose Crossroads Leave through public UI",
    "wave 45: guest drove World Map via public UI=true and both consumed 1831432606170045:1:BIOME_PICK:9700053",
    "wave 46 turn 1: replay guest crossed cmd:46:1 through real public COMMAND=opened",
    "wave 46: host slot move=34 guest slot move=247",
    "wave 46 turn 1: progress enemyHp=[115:0/115,465:0/112] playerHp=[890:2065/2065,150:1725/1725]",
    "wave 46: reward shop owner=host leave",
    "wave 46: drained 1 milestone reward continuation(s)",
    "wave 47 turn 1: replay guest crossed cmd:47:1 through real public COMMAND=opened",
    "wave 47: host slot move=53 guest slot move=34",
    "wave 47 turn 1: guest SWITCH -> party[3]",
    "wave 47 turn 1: progress enemyHp=[336:0/104,455:112/112] playerHp=[890:2065/2065,384:1498/1715]",
    "wave 47 turn 2: replay guest crossed cmd:47:2 through real public COMMAND=opened",
    "wave 47: reward shop owner=guest leave",
    "wave 47: drained 1 milestone reward continuation(s)",
    "wave 48 turn 1: replay guest crossed cmd:48:1 through real public COMMAND=opened",
    "wave 48: host slot move=247 guest slot move=34",
    "wave 48 turn 1: guest SWITCH -> party[3]",
    "wave 48 turn 1: progress enemyHp=[510:0/90,513:86/86] playerHp=[890:2065/2065,150:1725/1725]",
    "wave 48 turn 2: replay guest crossed cmd:48:2 through real public COMMAND=opened",
    "wave 48 turn 2: guest SWITCH -> party[3]",
    "wave 48: reward shop owner=host take-nonparty",
    "wave 49 turn 1: replay guest crossed cmd:49:1 through real public COMMAND=opened",
    "wave 49: host slot move=34 guest slot move=53",
    "wave 49 turn 1: progress enemyHp=[591:0/128,590:0/96] playerHp=[890:2065/2065,384:1715/1715]",
    "wave 49: reward shop owner=guest take-nonparty",
    "wave 50 turn 1: replay guest crossed cmd:50:1 through real public COMMAND=opened",
    "wave 50: host slot move=34 guest slot move=247",
    "wave 50 turn 1: progress enemyHp=[668:0/128,212:0/112] playerHp=[890:2065/2065,384:1709/1715]",
    "wave 50: biome market owner=host leave",
    "wave 50: drained 1 milestone reward continuation(s)",
    "wave 50: guest chose Crossroads Leave through public UI",
    "wave 50: guest drove World Map via public UI=true and both consumed 1831432606170045:1:BIOME_PICK:9700059",
    "wave 51 turn 1: replay guest crossed cmd:51:1 through real public COMMAND=opened",
    "wave 51: BIOME 27->29",
    "wave 51 turn 1: host SWITCH -> party[2]",
    "wave 51: host slot move=53 guest slot move=85",
    "wave 51 turn 1: progress enemyHp=[355:64/64,2105:0/111] playerHp=[493:1865/1865,384:1715/1715]",
    "wave 51 turn 2: replay guest crossed cmd:51:2 through real public COMMAND=opened",
    "wave 51: reward shop owner=host take-nonparty",
    "wave 52 turn 1: replay guest crossed cmd:52:1 through real public COMMAND=opened",
    "wave 52 turn 1: host SWITCH -> party[2]",
    "wave 52: host slot move=53 guest slot move=247",
    "wave 52 turn 1: progress enemyHp=[622:97/97,679:0/87] playerHp=[890:2065/2065,384:1715/1715]",
    "wave 52 turn 2: replay guest crossed cmd:52:2 through real public COMMAND=opened",
    "wave 52: reward shop owner=guest take-nonparty",
    "wave 53 turn 1: replay guest crossed cmd:53:1 through real public COMMAND=opened",
    "wave 53: host slot move=34 guest slot move=53",
    "wave 53 turn 1: progress enemyHp=[563:105/105,177:0/79] playerHp=[890:2065/2065,384:1715/1715]",
    "wave 53 turn 2: replay guest crossed cmd:53:2 through real public COMMAND=opened",
    "wave 53: reward shop owner=host take-nonparty",
    "wave 54 turn 1: replay guest crossed cmd:54:1 through real public COMMAND=opened",
    "wave 54: host slot move=85 guest slot move=85",
    "wave 54 turn 1: progress enemyHp=[93:0/85,93:0/93] playerHp=[890:2065/2065,384:1715/1715]",
    "wave 54: reward shop owner=guest leave",
    "wave 55 turn 1: replay guest crossed cmd:55:1 through real public COMMAND=opened",
    "wave 55: TRAINER (fixed)",
    "wave 55: host slot move=53 guest slot move=34",
    "wave 55 turn 1: progress enemyHp=[727:0/145,398:0/124] playerHp=[890:2065/2065,384:1715/1715]",
    "wave 55 turn 2: replay guest crossed cmd:55:2 through real public COMMAND=opened",
    "wave 55 turn 2: guest SWITCH -> party[3]",
    "wave 55 turn 3: replay guest crossed cmd:55:3 through real public COMMAND=opened",
    "wave 55: reward shop owner=host leave",
    "wave 55: guest chose Crossroads Leave through public UI",
    "wave 55: guest drove World Map via public UI=true and both consumed 1831432606170045:1:BIOME_PICK:9700065",
    "wave 56 turn 1: replay guest crossed cmd:56:1 through real public COMMAND=opened",
    "wave 56 turn 1: host SWITCH -> party[2]",
    "wave 56: host slot move=34 guest slot move=53",
    "wave 56 turn 1: progress enemyHp=[451:97/97,93:0/87] playerHp=[493:1865/1865,150:1719/1725]",
    "wave 56 turn 2: replay guest crossed cmd:56:2 through real public COMMAND=opened",
    "wave 56: reward shop owner=host leave",
    "wave 57 turn 1: replay guest crossed cmd:57:1 through real public COMMAND=opened",
    "wave 57: host slot move=85 guest slot move=85",
    "wave 57 turn 1: progress enemyHp=[93:0/89,999:111/111] playerHp=[493:1865/1865,150:1719/1725]",
    "wave 57 turn 2: replay guest crossed cmd:57:2 through real public COMMAND=opened",
    "wave 57: reward shop owner=guest take-nonparty",
    "wave 58 turn 1: replay guest crossed cmd:58:1 through real public COMMAND=opened",
    "wave 58: host slot move=53 guest slot move=85",
    "wave 58 turn 1: guest SWITCH -> party[3]",
    "wave 58 turn 1: progress enemyHp=[563:0/116,93:91/91] playerHp=[493:1865/1865,384:1715/1715]",
    "wave 58 turn 2: replay guest crossed cmd:58:2 through real public COMMAND=opened",
    "wave 58: reward shop owner=host take-nonparty",
    "wave 59 turn 1: replay guest crossed cmd:59:1 through real public COMMAND=opened",
    "wave 59: host slot move=53 guest slot move=53",
    "wave 59 turn 1: progress enemyHp=[2105:0/119,355:0/80] playerHp=[493:1865/1865,384:1715/1715]",
    "wave 59: reward shop owner=guest leave",
    "wave 60 turn 1: replay guest crossed cmd:60:1 through real public COMMAND=opened",
    "wave 60: TRAINER (random)",
    "wave 60: host slot move=53 guest slot move=53",
    "wave 60 turn 1: progress enemyHp=[10327:0/111,10821:115/131] playerHp=[493:1399/1865,384:1709/1715]",
    "wave 60 turn 2: replay guest crossed cmd:60:2 through real public COMMAND=opened",
    "wave 60 turn 3: replay guest crossed cmd:60:3 through real public COMMAND=opened",
    "wave 60: biome market owner=host leave",
    "wave 60: drained 1 milestone reward continuation(s)",
    "wave 60: guest chose Crossroads Leave through public UI",
    "wave 60: guest drove World Map via public UI=true and both consumed 1831432606170045:1:BIOME_PICK:9700071",
    "wave 61 turn 1: replay guest crossed cmd:61:1 through real public COMMAND=opened",
    "wave 61: BIOME 29->14",
    "wave 61: host slot move=247 guest slot move=53",
    "wave 61 turn 1: progress enemyHp=[323:0/143,207:0/117] playerHp=[493:1749/1865,384:1608/1715]",
    "wave 61: reward shop owner=host leave",
    "wave 62 turn 1: replay guest crossed cmd:62:1 through real public COMMAND=opened",
    "wave 62: TRAINER (fixed)",
    "wave 62: host slot move=34 guest slot move=53",
    "wave 62 turn 1: progress enemyHp=[553:0/148,508:0/139] playerHp=[493:1633/1865,384:1501/1715]",
    "wave 62 turn 2: replay guest crossed cmd:62:2 through real public COMMAND=opened",
    "wave 62: reward shop owner=guest take-nonparty",
    "wave 63 turn 1: replay guest crossed cmd:63:1 through real public COMMAND=opened",
    "wave 63: host slot move=85 guest slot move=85",
    "wave 63 turn 1: progress enemyHp=[563:0/128,947:0/111] playerHp=[493:1401/1865,384:1287/1715]",
    "wave 63: reward shop owner=host leave",
    "wave 64 turn 1: replay guest crossed cmd:64:1 through real public COMMAND=opened",
    "wave 64: TRAINER (fixed)",
    "wave 64: host slot move=247 guest slot move=85",
    "wave 64 turn 1: progress enemyHp=[596:0/131,508:0/145] playerHp=[493:1285/1865,384:1180/1715]",
    "wave 64 turn 2: replay guest crossed cmd:64:2 through real public COMMAND=opened",
    "wave 64: reward shop owner=guest take-nonparty",
    "wave 65 turn 1: replay guest crossed cmd:65:1 through real public COMMAND=opened",
    "wave 65: host slot move=34 guest slot move=53",
    "wave 65 turn 1: guest SWITCH -> party[3]",
    "wave 65 turn 1: progress enemyHp=[28:0/157,556:133/133] playerHp=[493:1053/1865,150:1613/1725]",
    "wave 65 turn 2: replay guest crossed cmd:65:2 through real public COMMAND=opened",
    "wave 65: reward shop owner=host leave",
    "wave 66 turn 1: replay guest crossed cmd:66:1 through real public COMMAND=opened",
    "wave 66: TRAINER (fixed)",
    "wave 66: host slot move=34 guest slot move=34",
    "wave 66 turn 1: progress enemyHp=[233:117/151,101:0/127] playerHp=[493:817/1865,150:1395/1725]",
    "wave 66 turn 2: replay guest crossed cmd:66:2 through real public COMMAND=opened",
    "wave 66 turn 2: guest SWITCH -> party[3]",
    "wave 66 turn 3: replay guest crossed cmd:66:3 through real public COMMAND=opened",
    "wave 66 turn 4: replay guest crossed cmd:66:4 through real public COMMAND=opened",
    "wave 66 turn 5: replay guest crossed cmd:66:5 through real public COMMAND=opened",
    "wave 66 turn 5: host SWITCH -> party[2]",
    "wave 66 turn 5: guest SWITCH -> party[3]",
    "wave 66 turn 6: replay guest crossed cmd:66:6 through real public COMMAND=opened",
    "wave 66: reward shop owner=guest take-nonparty",
    "wave 67 turn 1: replay guest crossed cmd:67:1 through real public COMMAND=opened",
    "wave 67: host slot move=53 guest slot move=34",
    "wave 67 turn 1: guest SWITCH -> party[3]",
    "wave 67 turn 1: progress enemyHp=[348:0/130,555:153/163] playerHp=[890:2060/2065,384:1608/1715]",
    "wave 67 turn 2: replay guest crossed cmd:67:2 through real public COMMAND=opened",
    "wave 67: reward shop owner=host leave",
    "wave 67: drained 1 milestone reward continuation(s)",
    "wave 68 turn 1: replay guest crossed cmd:68:1 through real public COMMAND=opened",
    "wave 68: host slot move=247 guest slot move=53",
    "wave 68 turn 1: progress enemyHp=[346:0/152,695:0/132] playerHp=[890:2060/2065,384:1394/1715]",
    "wave 68: reward shop owner=guest leave",
    "wave 68: drained 1 milestone reward continuation(s)",
    "wave 69 turn 1: replay guest crossed cmd:69:1 through real public COMMAND=opened",
    "wave 69: host slot move=34 guest slot move=53",
    "wave 69 turn 1: progress enemyHp=[85:0/149,330:0/149] playerHp=[890:2060/2065,384:1287/1715]",
    "wave 69: reward shop owner=host leave",
    "wave 69: drained 1 milestone reward continuation(s)",
    "wave 70 turn 1: replay guest crossed cmd:70:1 through real public COMMAND=opened",
    "wave 70: host slot move=85 guest slot move=53",
    "wave 70 turn 1: progress enemyHp=[561:0/136,444:0/130] playerHp=[890:2060/2065,384:1287/1715]",
    "wave 70: biome market owner=guest leave",
    "wave 70: drained 1 milestone reward continuation(s)",
    "wave 70: host drove World Map via public UI=true and both consumed 1831432606170045:0:BIOME_PICK:9700082",
    "wave 71 turn 1: replay guest crossed cmd:71:1 through real public COMMAND=opened",
    "wave 71 turn 1: host SWITCH -> party[2]",
    "wave 71: host slot move=53 guest slot move=34",
    "wave 71 turn 1: progress enemyHp=[450:193/193,348:0/150] playerHp=[493:1743/1865,384:1608/1715]",
    "wave 71 turn 2: replay guest crossed cmd:71:2 through real public COMMAND=opened",
    "wave 71: reward shop owner=guest leave",
    "wave 71: drained 1 milestone reward continuation(s)",
    "wave 72 turn 1: replay guest crossed cmd:72:1 through real public COMMAND=opened",
    "wave 72: host slot move=53 guest slot move=53",
    "wave 72 turn 1: progress enemyHp=[695:0/140,28:164/164] playerHp=[493:1511/1865,384:1394/1715]",
    "wave 72 turn 2: replay guest crossed cmd:72:2 through real public COMMAND=opened",
    "wave 72: reward shop owner=host take-nonparty",
    "wave 73 turn 1: replay guest crossed cmd:73:1 through real public COMMAND=opened",
    "wave 73: host slot move=247 guest slot move=247",
    "wave 73 turn 1: progress enemyHp=[553:0/164,947:0/145] playerHp=[493:1279/1865,384:1180/1715]",
    "wave 73: reward shop owner=guest take-nonparty",
    "wave 74 turn 1: replay guest crossed cmd:74:1 through real public COMMAND=opened",
    "wave 74: host slot move=53 guest slot move=53",
    "wave 74 turn 1: progress enemyHp=[85:0/171,330:0/149] playerHp=[493:1163/1865,384:1073/1715]",
    "wave 74: reward shop owner=host leave",
    "wave 74: drained 1 milestone reward continuation(s)",
    "wave 75 turn 1: replay guest crossed cmd:75:1 through real public COMMAND=opened",
    "wave 75: host slot move=34 guest slot move=34",
    "wave 75 turn 1: progress enemyHp=[695:0/140,323:0/162] playerHp=[493:1047/1865,384:966/1715]",
    "wave 75: reward shop owner=guest take-nonparty",
    "wave 75: host chose Crossroads Leave through public UI",
    "wave 75: host drove World Map via public UI=true and both consumed 1831432606170045:0:BIOME_PICK:9700088",
    "wave 76 turn 1: replay guest crossed cmd:76:1 through real public COMMAND=opened",
    "wave 76: BIOME 14->22",
    "wave 76: host slot move=247 guest slot move=85",
    "wave 76 turn 1: progress enemyHp=[325:0/148,959:0/160] playerHp=[493:1047/1865,384:966/1715]",
    "wave 76: reward shop owner=guest leave",
    "wave 77 turn 1: replay guest crossed cmd:77:1 through real public COMMAND=opened",
    "wave 77: host slot move=85 guest slot move=53",
    "wave 77 turn 1: progress enemyHp=[561:0/153,97:0/170] playerHp=[493:1047/1865,384:966/1715]",
    "wave 77: reward shop owner=host leave",
    "wave 77: drained 1 milestone reward continuation(s)",
    "wave 78 turn 1: replay guest crossed cmd:78:1 through real public COMMAND=opened",
    "wave 78: host slot move=247 guest slot move=247",
    "wave 78 turn 1: guest SWITCH -> party[3]",
    "wave 78 turn 1: progress enemyHp=[64:0/121,201:143/143] playerHp=[493:1047/1865,150:1725/1725]",
    "wave 78 turn 2: replay guest crossed cmd:78:2 through real public COMMAND=opened",
    "wave 78 turn 2: guest SWITCH -> party[3]",
    "wave 78: reward shop owner=guest take-nonparty",
    "wave 79 turn 1: replay guest crossed cmd:79:1 through real public COMMAND=opened",
    "wave 79: host slot move=34 guest slot move=34",
    "wave 79 turn 1: progress enemyHp=[994:0/172,567:0/156] playerHp=[493:1047/1865,384:1715/1715]",
    "wave 79: reward shop owner=host leave",
    "wave 79: drained 1 milestone reward continuation(s)",
    "wave 80 turn 1: replay guest crossed cmd:80:1 through real public COMMAND=opened",
    "wave 80: host slot move=53 guest slot move=85",
    "wave 80 turn 1: progress enemyHp=[1016:0/192,65:0/154] playerHp=[493:1047/1865,384:1715/1715]",
    "wave 80: biome market owner=guest leave",
    "wave 80: drained 1 milestone reward continuation(s)",
    "wave 80: host chose Crossroads Leave through public UI",
    "wave 80: host drove World Map via public UI=true and both consumed 1831432606170045:0:BIOME_PICK:9700094",
    "wave 81 turn 1: replay guest crossed cmd:81:1 through real public COMMAND=opened",
    "wave 81: BIOME 22->11",
    "wave 81 turn 1: host SWITCH -> party[2]",
    "wave 81: host slot move=34 guest slot move=34",
    "wave 81 turn 1: progress enemyHp=[526:172/172,112:0/207] playerHp=[890:2065/2065,384:1501/1715]",
    "wave 81 turn 2: replay guest crossed cmd:81:2 through real public COMMAND=opened",
    "wave 81 turn 2: guest SWITCH -> party[3]",
    "wave 81 turn 3: replay guest crossed cmd:81:3 through real public COMMAND=opened",
    "wave 81: reward shop owner=guest take-nonparty",
    "wave 82 turn 1: replay guest crossed cmd:82:1 through real public COMMAND=opened",
    "wave 82 turn 1: host SWITCH -> party[2]",
    "wave 82: host slot move=85 guest slot move=247",
    "wave 82 turn 1: progress enemyHp=[521:211/211,823:0/189] playerHp=[493:1865/1865,150:1725/1725]",
    "wave 82 turn 2: replay guest crossed cmd:82:2 through real public COMMAND=opened",
    "wave 82: reward shop owner=host leave",
    "wave 83 turn 1: replay guest crossed cmd:83:1 through real public COMMAND=opened",
    "wave 83: TRAINER (random)",
    "wave 83: host slot move=53 guest slot move=34",
    "wave 83 turn 1: progress enemyHp=[526:0/196,526:0/196] playerHp=[493:1724/1865,150:1586/1725]",
    "wave 83 turn 2: replay guest crossed cmd:83:2 through real public COMMAND=opened",
    "wave 83: reward shop owner=guest leave",
    "wave 84 turn 1: replay guest crossed cmd:84:1 through real public COMMAND=opened",
    "wave 84: host slot move=34 guest slot move=85",
    "wave 84 turn 1: progress enemyHp=[21:0/138,663:0/173] playerHp=[493:1492/1865,150:1372/1725]",
    "wave 84: reward shop owner=host leave",
    "wave 85 turn 1: replay guest crossed cmd:85:1 through real public COMMAND=opened",
    "wave 85: host slot move=34 guest slot move=53",
    "wave 85 turn 1: guest SWITCH -> party[3]",
    "wave 85 turn 1: progress enemyHp=[67:0/178,673:232/247] playerHp=[493:1376/1865,384:1608/1715]",
    "wave 85 turn 2: replay guest crossed cmd:85:2 through real public COMMAND=opened",
    "wave 85 turn 2: guest SWITCH -> party[3]",
    "wave 85: reward shop owner=guest leave",
    "wave 85: host chose Crossroads Leave through public UI",
    "wave 85: host drove World Map via public UI=true and both consumed 1831432606170045:0:BIOME_PICK:9700100",
    "wave 86 turn 1: replay guest crossed cmd:86:1 through real public COMMAND=opened",
    "wave 86: host slot move=34 guest slot move=53",
    "wave 86 turn 1: progress enemyHp=[76:1/199,18:0/194] playerHp=[493:1260/1865,150:1618/1725]",
    "wave 86 turn 2: replay guest crossed cmd:86:2 through real public COMMAND=opened",
    "wave 86: reward shop owner=guest leave",
    "wave 87 turn 1: replay guest crossed cmd:87:1 through real public COMMAND=opened",
    "wave 87: host slot move=53 guest slot move=34",
    "wave 87 turn 1: guest SWITCH -> party[3]",
    "wave 87 turn 1: progress enemyHp=[218:0/147,526:202/202] playerHp=[493:1260/1865,384:1715/1715]",
    "wave 87 turn 2: replay guest crossed cmd:87:2 through real public COMMAND=opened",
    "wave 87 turn 2: host SWITCH -> party[2]",
    "wave 87 turn 3: replay guest crossed cmd:87:3 through real public COMMAND=opened",
    "wave 87: reward shop owner=host take-nonparty",
    "wave 88 turn 1: replay guest crossed cmd:88:1 through real public COMMAND=opened",
    "wave 88 turn 1: host SWITCH -> party[2]",
    "wave 88: host slot move=247 guest slot move=85",
    "wave 88 turn 1: progress enemyHp=[526:199/199,306:0/183] playerHp=[493:1632/1865,384:1715/1715]",
    "wave 88 turn 2: replay guest crossed cmd:88:2 through real public COMMAND=opened",
    "wave 88: reward shop owner=guest take-nonparty",
    "wave 89 turn 1: replay guest crossed cmd:89:1 through real public COMMAND=opened",
    "wave 89: host slot move=34 guest slot move=53",
    "wave 89 turn 1: progress enemyHp=[76:1/205,21:0/140] playerHp=[493:1632/1865,384:1715/1715]",
    "wave 89 turn 2: replay guest crossed cmd:89:2 through real public COMMAND=opened",
    "wave 89 turn 2: guest SWITCH -> party[3]",
    "wave 89: reward shop owner=host take-nonparty",
    "wave 90 turn 1: replay guest crossed cmd:90:1 through real public COMMAND=opened",
    "wave 90: TRAINER (random)",
    "wave 90: host slot move=85 guest slot move=247",
    "wave 90 turn 1: progress enemyHp=[10061:0/307,10295:0/217] playerHp=[493:1632/1865,150:1510/1725]",
    "wave 90 turn 2: replay guest crossed cmd:90:2 through real public COMMAND=opened",
    "wave 90 turn 3: replay guest crossed cmd:90:3 through real public COMMAND=opened",
    "wave 90: biome market owner=guest leave",
    "wave 90: drained 1 milestone reward continuation(s)",
    "wave 90: host chose Crossroads Leave through public UI",
    "wave 90: host drove World Map via public UI=true and both consumed 1831432606170045:0:BIOME_PICK:9700106",
    "wave 91 turn 1: replay guest crossed cmd:91:1 through real public COMMAND=opened",
    "wave 91: BIOME 11->18",
    "wave 91: host slot move=53 guest slot move=34",
    "wave 91 turn 1: progress enemyHp=[261:0/138,59:0/215] playerHp=[493:1865/1865,150:1725/1725]",
    "wave 91: reward shop owner=guest leave",
    "wave 92 turn 1: replay guest crossed cmd:92:1 through real public COMMAND=opened",
    "wave 92: host slot move=247 guest slot move=85",
    "wave 92 turn 1: progress enemyHp=[59:0/205,776:0/178] playerHp=[493:1865/1865,150:1725/1725]",
    "wave 92: reward shop owner=host leave",
    "wave 93 turn 1: replay guest crossed cmd:93:1 through real public COMMAND=opened",
    "wave 93: host slot move=247 guest slot move=53",
    "wave 93 turn 1: guest SWITCH -> party[3]",
    "wave 93 turn 1: progress enemyHp=[219:0/170,839:241/241] playerHp=[493:1865/1865,384:1706/1715]",
    "wave 93 turn 2: replay guest crossed cmd:93:2 through real public COMMAND=opened",
    "wave 93 turn 2: host SWITCH -> party[2]",
    "wave 93: reward shop owner=guest leave",
    "wave 93: drained 1 milestone reward continuation(s)",
    "wave 94 turn 1: replay guest crossed cmd:94:1 through real public COMMAND=opened",
    "wave 94: host slot move=85 guest slot move=85",
    "wave 94 turn 1: progress enemyHp=[38:0/190,136:0/225] playerHp=[890:2065/2065,384:1706/1715]",
    "wave 94: reward shop owner=host leave",
    "wave 94: drained 1 milestone reward continuation(s)",
    "wave 95 turn 1: replay guest crossed cmd:95:1 through real public COMMAND=opened",
    "wave 95: TRAINER (fixed)",
    "wave 95: host slot move=53 guest slot move=34",
    "wave 95 turn 1: progress enemyHp=[727:0/261,398:0/229] playerHp=[890:2065/2065,384:1706/1715]",
    "wave 95 turn 2: replay guest crossed cmd:95:2 through real public COMMAND=opened",
    "wave 95 turn 3: replay guest crossed cmd:95:3 through real public COMMAND=opened",
    "wave 95: reward shop owner=guest leave",
    "wave 95: host chose Crossroads Leave through public UI",
    "wave 95: host drove World Map via public UI=true and both consumed 1831432606170045:0:BIOME_PICK:9700112",
    "wave 96 turn 1: replay guest crossed cmd:96:1 through real public COMMAND=opened",
    "wave 96: BIOME 18->8",
    "wave 96: host slot move=247 guest slot move=85",
    "wave 96 turn 1: progress enemyHp=[91:164/164,692:0/206] playerHp=[890:2065/2065,384:1706/1715]",
    "wave 96 turn 2: replay guest crossed cmd:96:2 through real public COMMAND=opened",
    "wave 96: reward shop owner=guest take-nonparty",
    "wave 97 turn 1: replay guest crossed cmd:97:1 through real public COMMAND=opened",
    "wave 97: host slot move=34 guest slot move=53",
    "wave 97 turn 1: progress enemyHp=[414:0/179,91:169/169] playerHp=[890:2065/2065,384:1706/1715]",
    "wave 97 turn 2: replay guest crossed cmd:97:2 through real public COMMAND=opened",
    "wave 97: reward shop owner=host leave",
    "wave 98 turn 1: replay guest crossed cmd:98:1 through real public COMMAND=opened",
    "wave 98: host slot move=85 guest slot move=247",
    "wave 98 turn 1: progress enemyHp=[689:0/205,689:0/188] playerHp=[890:2065/2065,384:1706/1715]",
    "wave 98: reward shop owner=guest take-nonparty",
    "wave 99 turn 1: replay guest crossed cmd:99:1 through real public COMMAND=opened",
    "wave 99: host slot move=53 guest slot move=34",
    "wave 99 turn 1: progress enemyHp=[748:206/206,748:220/220] playerHp=[890:2065/2065,384:1492/1715]",
    "wave 99 turn 2: replay guest crossed cmd:99:2 through real public COMMAND=opened",
    "wave 99: reward shop owner=host take-nonparty",
    "wave 100 turn 1: replay guest crossed cmd:100:1 through real public COMMAND=opened",
    "wave 100: host slot move=247 guest slot move=85",
    "wave 100 turn 1: guest SWITCH -> party[3]",
    "wave 100 turn 1: progress enemyHp=[99:0/219,693:255/255] playerHp=[890:2065/2065,150:1713/1725]",
    "wave 100 turn 2: replay guest crossed cmd:100:2 through real public COMMAND=opened",
    "wave 100 turn 2: host SWITCH -> party[2]",
    "wave 100: biome market owner=guest leave",
    "wave 100: drained 1 milestone reward continuation(s)",
    "wave 100: host chose Crossroads Leave through public UI",
    "wave 100: host drove World Map via public UI=true and both consumed 1831432606170045:0:BIOME_PICK:9700118",
    "wave 101 turn 1: replay guest crossed cmd:101:1 through real public COMMAND=opened",
    "wave 101: BIOME 8->6",
    "wave 101: host slot move=34 guest slot move=53",
    "wave 101 turn 1: progress enemyHp=[72:0/157,456:0/186] playerHp=[493:1865/1865,150:1725/1725]",
    "wave 101: reward shop owner=guest leave",
    "wave 102 turn 1: replay guest crossed cmd:102:1 through real public COMMAND=opened",
    "wave 102: host slot move=85 guest slot move=247",
    "wave 102 turn 1: progress enemyHp=[321:0/352,395:0/231] playerHp=[493:1865/1865,150:1725/1725]",
    "wave 102: reward shop owner=host take-nonparty",
    "wave 103 turn 1: replay guest crossed cmd:103:1 through real public COMMAND=opened",
    "wave 103: host slot move=53 guest slot move=34",
    "wave 103 turn 1: progress enemyHp=[321:0/334,687:225/225] playerHp=[493:1865/1865,150:1725/1725]",
    "wave 103 turn 2: replay guest crossed cmd:103:2 through real public COMMAND=opened",
    "wave 103: reward shop owner=guest take-nonparty",
    "wave 104 turn 1: replay guest crossed cmd:104:1 through real public COMMAND=opened",
    "wave 104: TRAINER (random)",
    "wave 104: host slot move=247 guest slot move=85",
    "wave 104 turn 1: progress enemyHp=[348:0/217,139:0/210] playerHp=[493:1865/1865,150:1725/1725]",
    "wave 104: reward shop owner=host take-nonparty",
    "wave 105 turn 1: replay guest crossed cmd:105:1 through real public COMMAND=opened",
    "wave 105: host slot move=34 guest slot move=53",
    "wave 105 turn 1: progress enemyHp=[565:0/227,321:0/334] playerHp=[493:1865/1865,150:1725/1725]",
    "wave 105: reward shop owner=guest take-nonparty",
    "wave 105: host chose Crossroads Leave through public UI",
    "wave 105: host drove World Map via public UI=true and both consumed 1831432606170045:0:BIOME_PICK:9700124",
    "wave 106 turn 1: replay guest crossed cmd:106:1 through real public COMMAND=opened",
    "wave 106: BIOME 6->10",
    "wave 106 turn 1: host SWITCH -> party[2]",
    "wave 106: host slot move=34 guest slot move=247",
    "wave 106 turn 1: progress enemyHp=[171:318/318,91:187/187] playerHp=[890:2065/2065,150:1725/1725]",
    "wave 106 turn 2: replay guest crossed cmd:106:2 through real public COMMAND=opened",
    "wave 106 turn 3: replay guest crossed cmd:106:3 through real public COMMAND=opened",
    "wave 106 turn 4: replay guest crossed cmd:106:4 through real public COMMAND=opened",
    "wave 106 turn 4: guest SWITCH -> party[3]",
    "wave 106: reward shop owner=guest take-nonparty",
    "wave 107 turn 1: replay guest crossed cmd:107:1 through real public COMMAND=opened",
    "wave 107: host slot move=53 guest slot move=34",
    "wave 107 turn 1: progress enemyHp=[594:0/392,222:0/259] playerHp=[890:2065/2065,384:1501/1715]",
    "wave 107: reward shop owner=host leave",
    "wave 107: drained 1 milestone reward continuation(s)",
    "wave 108 turn 1: replay guest crossed cmd:108:1 through real public COMMAND=opened",
    "wave 108: host slot move=53 guest slot move=85",
    "wave 108 turn 1: progress enemyHp=[171:0/299,593:0/291] playerHp=[890:2065/2065,384:1501/1715]",
    "wave 108: reward shop owner=guest leave",
    "wave 109 turn 1: replay guest crossed cmd:109:1 through real public COMMAND=opened",
    "wave 109: host slot move=53 guest slot move=53",
    "wave 109 turn 1: guest SWITCH -> party[3]",
    "wave 109 turn 1: progress enemyHp=[171:0/295,976:284/284] playerHp=[890:2065/2065,150:1687/1725]",
    "wave 109 turn 2: replay guest crossed cmd:109:2 through real public COMMAND=opened",
    "wave 109 turn 2: host SWITCH -> party[2]",
    "wave 109: reward shop owner=host take-nonparty",
    "wave 110 turn 1: replay guest crossed cmd:110:1 through real public COMMAND=opened",
    "wave 110: host slot move=85 guest slot move=247",
    "wave 110 turn 1: progress enemyHp=[368:0/231,350:0/305] playerHp=[493:1865/1865,150:1687/1725]",
    "wave 110: biome market owner=guest leave",
    "wave 110: drained 1 milestone reward continuation(s)",
    "wave 110: host chose Crossroads Leave through public UI",
    "wave 110: host drove World Map via public UI=true and both consumed 1831432606170045:0:BIOME_PICK:9700130",
    "wave 111 turn 1: replay guest crossed cmd:111:1 through real public COMMAND=opened",
    "wave 111: BIOME 10->13",
    "wave 111: host slot move=53 guest slot move=34",
    "wave 111 turn 1: progress enemyHp=[169:0/238,476:0/205] playerHp=[493:1865/1865,150:1725/1725]",
    "wave 111: reward shop owner=guest take-nonparty",
    "wave 112 turn 1: replay guest crossed cmd:112:1 through real public COMMAND=opened",
    "wave 112: TRAINER (fixed)",
    "wave 112: host slot move=247 guest slot move=85",
    "wave 112 turn 1: progress enemyHp=[510:0/245,569:0/274] playerHp=[493:1865/1865,150:1725/1725]",
    "wave 112 turn 2: replay guest crossed cmd:112:2 through real public COMMAND=opened",
    "wave 112 turn 3: replay guest crossed cmd:112:3 through real public COMMAND=opened",
    "wave 112: reward shop owner=host leave",
    "wave 113 turn 1: replay guest crossed cmd:113:1 through real public COMMAND=opened",
    "wave 113: host slot move=53 guest slot move=53",
    "wave 113 turn 1: progress enemyHp=[295:0/333,480:0/243] playerHp=[493:1633/1865,150:1511/1725]",
    "wave 113: reward shop owner=guest leave",
    "wave 113: drained 1 milestone reward continuation(s)",
    "wave 114 turn 1: replay guest crossed cmd:114:1 through real public COMMAND=opened",
    "wave 114: TRAINER (fixed)",
    "wave 114: host slot move=85 guest slot move=247",
    "wave 114 turn 1: guest SWITCH -> party[3]",
    "wave 114 turn 1: progress enemyHp=[10005:0/317,518:368/368] playerHp=[493:1633/1865,384:1678/1715]",
    "wave 114 turn 2: replay guest crossed cmd:114:2 through real public COMMAND=opened",
    "wave 114 turn 2: host SWITCH -> party[2]",
    "wave 114 turn 3: replay guest crossed cmd:114:3 through real public COMMAND=opened",
    "wave 114 turn 4: replay guest crossed cmd:114:4 through real public COMMAND=opened",
    "wave 114 turn 4: guest SWITCH -> party[3]",
    "wave 114 turn 5: replay guest crossed cmd:114:5 through real public COMMAND=opened",
    "wave 114: reward shop owner=host take-nonparty",
    "wave 115 turn 1: replay guest crossed cmd:115:1 through real public COMMAND=opened",
    "wave 115: TRAINER (fixed)",
    "wave 115: host slot move=85 guest slot move=34",
    "wave 115 turn 1: progress enemyHp=[563:0/279,537:0/330] playerHp=[890:2065/2065,150:1725/1725]",
    "wave 115 turn 2: replay guest crossed cmd:115:2 through real public COMMAND=opened",
    "wave 115 turn 2: guest SWITCH -> party[3]",
    "wave 115 turn 3: replay guest crossed cmd:115:3 through real public COMMAND=opened",
    "wave 115 turn 4: replay guest crossed cmd:115:4 through real public COMMAND=opened",
    "wave 115: reward shop owner=guest take-nonparty",
    "wave 115: host chose Crossroads Leave through public UI",
    "wave 115: host drove World Map via public UI=true and both consumed 1831432606170045:0:BIOME_PICK:9700136",
    "wave 116 turn 1: replay guest crossed cmd:116:1 through real public COMMAND=opened",
    "wave 116: BIOME 13->12",
    "wave 116: host slot move=247 guest slot move=247",
    "wave 116 turn 1: guest SWITCH -> party[3]",
    "wave 116 turn 1: progress enemyHp=[1014:0/277,464:320/320] playerHp=[890:2037/2065,150:1604/1725]",
    "wave 116 turn 2: replay guest crossed cmd:116:2 through real public COMMAND=opened",
    "wave 116: reward shop owner=guest leave",
    "wave 116: drained 1 milestone reward continuation(s)",
    "wave 117 turn 1: replay guest crossed cmd:117:1 through real public COMMAND=opened",
    "wave 117: host slot move=34 guest slot move=247",
    "wave 117 turn 1: progress enemyHp=[851:0/304,51:0/190] playerHp=[890:2037/2065,150:1390/1725]",
    "wave 117: reward shop owner=host leave",
    "wave 117: drained 1 milestone reward continuation(s)",
    "wave 118 turn 1: replay guest crossed cmd:118:1 through real public COMMAND=opened",
    "wave 118: host slot move=53 guest slot move=34",
    "wave 118 turn 1: progress enemyHp=[529:0/245,76:1/274] playerHp=[890:2037/2065,150:1283/1725]",
    "wave 118 turn 2: replay guest crossed cmd:118:2 through real public COMMAND=opened",
    "wave 118 turn 2: guest SWITCH -> party[3]",
    "wave 118: reward shop owner=guest take-nonparty",
    "wave 119 turn 1: replay guest crossed cmd:119:1 through real public COMMAND=opened",
    "wave 119: host slot move=247 guest slot move=247",
    "wave 119 turn 1: progress enemyHp=[750:0/301,95:1/255] playerHp=[890:2037/2065,384:1459/1715]",
    "wave 119 turn 2: replay guest crossed cmd:119:2 through real public COMMAND=opened",
    "wave 119: reward shop owner=host leave",
    "wave 120 turn 1: replay guest crossed cmd:120:1 through real public COMMAND=opened",
    "wave 120: TRAINER (random)",
    "wave 120 turn 1: host SWITCH -> party[2]",
    "wave 120: host slot move=247 guest slot move=53",
    "wave 120 turn 1: guest SWITCH -> party[3]",
    "wave 120 turn 1: progress enemyHp=[10608:397/397,10074:367/367] playerHp=[493:1618/1865,150:1438/1725]",
    "wave 120 turn 2: replay guest crossed cmd:120:2 through real public COMMAND=opened",
    "wave 120 turn 3: replay guest crossed cmd:120:3 through real public COMMAND=opened",
    "wave 120 turn 4: replay guest crossed cmd:120:4 through real public COMMAND=opened",
    "wave 120 turn 4: guest SWITCH -> party[3]",
    "wave 120 turn 5: replay guest crossed cmd:120:5 through real public COMMAND=opened",
    "wave 120: biome market owner=guest leave",
    "wave 120: drained 1 milestone reward continuation(s)",
    "wave 120: host chose Crossroads Leave through public UI",
    "wave 120: host drove World Map via public UI=true and both consumed 1831432606170045:0:BIOME_PICK:9700142",
    "wave 121 turn 1: replay guest crossed cmd:121:1 through real public COMMAND=opened",
    "wave 121: BIOME 12->14",
    "wave 121 turn 1: host SWITCH -> party[2]",
    "wave 121: host slot move=34 guest slot move=34",
    "wave 121 turn 1: progress enemyHp=[28:318/318,330:0/280] playerHp=[890:2065/2065,384:1608/1715]",
    "wave 121 turn 2: replay guest crossed cmd:121:2 through real public COMMAND=opened",
    "wave 121: reward shop owner=guest take-nonparty",
    "wave 122 turn 1: replay guest crossed cmd:122:1 through real public COMMAND=opened",
    "wave 122: TRAINER (random)",
    "wave 122: host slot move=85 guest slot move=34",
    "wave 122 turn 1: guest SWITCH -> party[3]",
    "wave 122 turn 1: progress enemyHp=[861:0/302,323:330/330] playerHp=[890:2053/2065,150:1593/1725]",
    "wave 122 turn 2: replay guest crossed cmd:122:2 through real public COMMAND=opened",
    "wave 122 turn 2: host SWITCH -> party[2]",
    "wave 122: reward shop owner=host take-nonparty",
    "wave 123 turn 1: replay guest crossed cmd:123:1 through real public COMMAND=opened",
    "wave 123: host slot move=34 guest slot move=34",
    "wave 123 turn 1: guest SWITCH -> party[3]",
    "wave 123 turn 1: progress enemyHp=[330:0/286,694:213/213] playerHp=[493:1633/1865,384:1608/1715]",
    "wave 123 turn 2: replay guest crossed cmd:123:2 through real public COMMAND=opened",
    "wave 123: reward shop owner=guest take-nonparty",
    "wave 124 turn 1: replay guest crossed cmd:124:1 through real public COMMAND=opened",
    "wave 124 turn 1: host SWITCH -> party[2]",
    "wave 124: host slot move=53 guest slot move=247",
    "wave 124 turn 1: guest SWITCH -> party[3]",
    "wave 124 turn 1: progress enemyHp=[452:259/259,450:315/315] playerHp=[890:2065/2065,150:1580/1725]",
    "wave 124 turn 2: replay guest crossed cmd:124:2 through real public COMMAND=opened",
    "wave 124: reward shop owner=host leave",
    "wave 124: drained 1 milestone reward continuation(s)",
    "wave 125 turn 1: replay guest crossed cmd:125:1 through real public COMMAND=opened",
    "wave 125: host slot move=53 guest slot move=53",
    "wave 125 turn 1: progress enemyHp=[947:0/265,331:0/224] playerHp=[890:2065/2065,150:1366/1725]",
    "wave 125: reward shop owner=guest take-nonparty",
    "wave 125: host chose Crossroads Leave through public UI",
    "wave 125: host drove World Map via public UI=true and both consumed 1831432606170045:0:BIOME_PICK:9700148",
    "wave 126 turn 1: replay guest crossed cmd:126:1 through real public COMMAND=opened",
    "wave 126: BIOME 14->22",
    "wave 126: host slot move=34 guest slot move=247",
    "wave 126 turn 1: progress enemyHp=[344:0/264,178:0/281] playerHp=[890:2065/2065,150:1366/1725]",
    "wave 126: reward shop owner=guest take-nonparty",
    "wave 127 turn 1: replay guest crossed cmd:127:1 through real public COMMAND=opened",
    "wave 127 turn 1: host SWITCH -> party[2]",
    "wave 127: host slot move=53 guest slot move=34",
    "wave 127 turn 1: progress enemyHp=[65:255/255,325:0/255] playerHp=[493:1865/1865,150:1350/1725]",
    "wave 127 turn 2: replay guest crossed cmd:127:2 through real public COMMAND=opened",
    "wave 127 turn 2: host SWITCH -> party[2]",
    "wave 127: reward shop owner=host take-nonparty",
    "wave 128 turn 1: replay guest crossed cmd:128:1 through real public COMMAND=opened",
    "wave 128: host slot move=247 guest slot move=85",
    "wave 128 turn 1: guest SWITCH -> party[3]",
    "wave 128 turn 1: progress enemyHp=[959:286/286,97:334/334] playerHp=[890:2065/2065,384:1715/1715]",
    "wave 128 turn 2: replay guest crossed cmd:128:2 through real public COMMAND=opened",
    "wave 128: reward shop owner=guest leave",
    "wave 129 turn 1: replay guest crossed cmd:129:1 through real public COMMAND=opened",
    "wave 129 turn 1: host SWITCH -> party[2]",
    "wave 129: host slot move=34 guest slot move=34",
    "wave 129 turn 1: progress enemyHp=[201:269/269,344:0/259] playerHp=[493:1865/1865,384:1715/1715]",
    "wave 129 turn 2: replay guest crossed cmd:129:2 through real public COMMAND=opened",
    "wave 129: reward shop owner=host leave",
    "wave 130 turn 1: replay guest crossed cmd:130:1 through real public COMMAND=opened",
    "wave 130 turn 1: host SWITCH -> party[2]",
    "wave 130: host slot move=85 guest slot move=247",
    "wave 130 turn 1: progress enemyHp=[561:296/296,178:0/340] playerHp=[890:2065/2065,384:1697/1715]",
    "wave 130 turn 2: replay guest crossed cmd:130:2 through real public COMMAND=opened",
    "wave 130: biome market owner=guest leave",
    "wave 130: drained 1 milestone reward continuation(s)",
    "wave 130: host chose Crossroads Leave through public UI",
    "wave 130: host drove World Map via public UI=true and both consumed 1831432606170045:0:BIOME_PICK:9700154",
    "wave 131 turn 1: replay guest crossed cmd:131:1 through real public COMMAND=opened",
    "wave 131: BIOME 22->11",
    "wave 131: host slot move=53 guest slot move=34",
    "wave 131 turn 1: progress enemyHp=[430:0/357,218:0/212] playerHp=[890:2065/2065,384:1715/1715]",
    "wave 131: reward shop owner=guest leave",
    "wave 132 turn 1: replay guest crossed cmd:132:1 through real public COMMAND=opened",
    "wave 132: host slot move=247 guest slot move=85",
    "wave 132 turn 1: guest SWITCH -> party[3]",
    "wave 132 turn 1: progress enemyHp=[178:0/302,178:325/325] playerHp=[890:2065/2065,150:1725/1725]",
    "wave 132 turn 2: replay guest crossed cmd:132:2 through real public COMMAND=opened",
    "wave 132: reward shop owner=host leave",
    "wave 133 turn 1: replay guest crossed cmd:133:1 through real public COMMAND=opened",
    "wave 133: TRAINER (random)",
    "wave 133 turn 1: host SWITCH -> party[2]",
    "wave 133: host slot move=53 guest slot move=247",
    "wave 133 turn 1: progress enemyHp=[264:318/334,10074:0/395] playerHp=[493:1865/1865,150:1676/1725]",
    "wave 133 turn 2: replay guest crossed cmd:133:2 through real public COMMAND=opened",
    "wave 133: reward shop owner=guest take-nonparty",
    "wave 134 turn 1: replay guest crossed cmd:134:1 through real public COMMAND=opened",
    "wave 134: host slot move=85 guest slot move=53",
    "wave 134 turn 1: progress enemyHp=[526:1/304,18:0/307] playerHp=[493:1749/1865,150:1569/1725]",
    "wave 134 turn 2: replay guest crossed cmd:134:2 through real public COMMAND=opened",
    "wave 134: reward shop owner=host take-nonparty",
    "wave 135 turn 1: replay guest crossed cmd:135:1 through real public COMMAND=opened",
    "wave 135: host slot move=85 guest slot move=85",
    "wave 135 turn 1: guest SWITCH -> party[3]",
    "wave 135 turn 1: progress enemyHp=[21:0/218,18:293/312] playerHp=[493:1508/1865,384:1561/1715]",
    "wave 135 turn 2: replay guest crossed cmd:135:2 through real public COMMAND=opened",
    "wave 135 turn 2: host SWITCH -> party[2]",
    "wave 135: reward shop owner=guest leave",
    "wave 135: host chose Crossroads Leave through public UI",
    "wave 135: host drove World Map via public UI=true and both consumed 1831432606170045:0:BIOME_PICK:9700160",
    "wave 136 turn 1: replay guest crossed cmd:136:1 through real public COMMAND=opened",
    "wave 136: BIOME 11->18",
    "wave 136: host slot move=34 guest slot move=34",
    "wave 136 turn 1: progress enemyHp=[514:0/316,323:0/333] playerHp=[890:2059/2065,384:1454/1715]",
    "wave 136: reward shop owner=guest leave",
    "wave 136: drained 1 milestone reward continuation(s)",
    "wave 137 turn 1: replay guest crossed cmd:137:1 through real public COMMAND=opened",
    "wave 137: host slot move=247 guest slot move=85"
  ]
}