{
  "invariant": "no-park",
  "seed": 20470487,
  "wave": 200,
  "detail": "wave crossing threw (strand/stall): client phase drive to guest command 200:1 HANG on CoopReplayTurnPhase; queued=[CommandPhase,TurnStartPhase], ui=MESSAGE",
  "replay": "SOAK_SEED=20470487",
  "phaseState": {
    "hostPhase": "CommandPhase",
    "guestPhase": "CoopReplayTurnPhase",
    "hostInteractionCounter": 231,
    "guestInteractionCounter": 231,
    "hostWave": 200,
    "hostBattleType": 0,
    "hostPlayerField": [
      {
        "id": 4166933940,
        "battlerIndex": -1,
        "speciesId": 890,
        "speciesName": "Eternatus",
        "hp": 1953,
        "maxHp": 2065,
        "fainted": false,
        "status": 0,
        "statStages": [
          0,
          0,
          2,
          0,
          0,
          0,
          0
        ],
        "moves": [
          {
            "id": 34,
            "ppUsed": 0
          },
          {
            "id": 247,
            "ppUsed": 0
          },
          {
            "id": 53,
            "ppUsed": 1
          },
          {
            "id": 85,
            "ppUsed": 0
          }
        ],
        "coopOwner": "host"
      }
    ],
    "hostEnemyField": [
      {
        "id": 3092115751,
        "battlerIndex": -1,
        "speciesId": 890,
        "speciesName": "Eternatus",
        "hp": 832,
        "maxHp": 832,
        "fainted": false,
        "status": 0,
        "statStages": [
          0,
          0,
          0,
          0,
          0,
          0,
          0
        ],
        "moves": [
          {
            "id": 795,
            "ppUsed": 0
          },
          {
            "id": 188,
            "ppUsed": 0
          },
          {
            "id": 53,
            "ppUsed": 0
          },
          {
            "id": 322,
            "ppUsed": 0
          }
        ]
      }
    ],
    "guestPlayerField": [
      {
        "id": 4166933940,
        "battlerIndex": 0,
        "speciesId": 890,
        "speciesName": "Eternatus",
        "hp": 1953,
        "maxHp": 2065,
        "fainted": false,
        "status": 0,
        "statStages": [
          0,
          0,
          2,
          0,
          0,
          0,
          0
        ],
        "moves": [
          {
            "id": 34,
            "ppUsed": 0
          },
          {
            "id": 247,
            "ppUsed": 0
          },
          {
            "id": 53,
            "ppUsed": 1
          },
          {
            "id": 85,
            "ppUsed": 0
          }
        ],
        "coopOwner": "host"
      }
    ],
    "guestEnemyField": [
      {
        "id": 3092115751,
        "battlerIndex": 2,
        "speciesId": 890,
        "speciesName": "Eternatus",
        "hp": 832,
        "maxHp": 832,
        "fainted": false,
        "status": 0,
        "statStages": [
          0,
          0,
          0,
          0,
          0,
          0,
          0
        ],
        "moves": [
          {
            "id": 795,
            "ppUsed": 0
          },
          {
            "id": 188,
            "ppUsed": 0
          },
          {
            "id": 53,
            "ppUsed": 0
          },
          {
            "id": 322,
            "ppUsed": 0
          }
        ]
      }
    ]
  },
  "actionScript": [
    "SKIP mysteryEncounterDisabledV1",
    "content seed=coop-soak-20470487 preseeded=false",
    "wave 1 turn 1: replay guest crossed cmd:1:1 through real public COMMAND=opened",
    "wave 1: host slot move=53 guest slot move=34",
    "wave 1 turn 1: guest SWITCH -> party[3]",
    "wave 1 turn 1: progress enemyHp=[16:0/14,263:14/14] playerHp=[890:2065/2065,150:1723/1725]",
    "wave 1 turn 2: replay guest crossed cmd:1:2 through real public COMMAND=opened",
    "wave 1 turn 2: guest SWITCH -> party[3]",
    "wave 1: reward shop owner=host leave",
    "wave 2 turn 1: replay guest crossed cmd:2:1 through real public COMMAND=opened",
    "wave 2 turn 1: host SWITCH -> party[2]",
    "wave 2: host slot move=34 guest slot move=247",
    "wave 2 turn 1: progress enemyHp=[661:16/16,23:0/17] playerHp=[493:1863/1865,384:1713/1715]",
    "wave 2 turn 2: replay guest crossed cmd:2:2 through real public COMMAND=opened",
    "wave 2: reward shop owner=guest take-nonparty",
    "wave 3 turn 1: replay guest crossed cmd:3:1 through real public COMMAND=opened",
    "wave 3: host slot move=53 guest slot move=85",
    "wave 3 turn 1: progress enemyHp=[824:15/15,283:16/16] playerHp=[493:1863/1865,384:1713/1715]",
    "wave 3 turn 2: replay guest crossed cmd:3:2 through real public COMMAND=opened",
    "wave 3: reward shop owner=host take-nonparty",
    "wave 4 turn 1: replay guest crossed cmd:4:1 through real public COMMAND=opened",
    "wave 4: host slot move=34 guest slot move=85",
    "wave 4 turn 1: progress enemyHp=[831:0/18,263:0/18] playerHp=[493:1863/1865,384:1713/1715]",
    "wave 4: reward shop owner=guest leave",
    "wave 5 turn 1: replay guest crossed cmd:5:1 through real public COMMAND=opened",
    "wave 5: TRAINER (fixed)",
    "wave 5: host slot move=53 guest slot move=53",
    "wave 5 turn 1: guest SWITCH -> party[3]",
    "wave 5 turn 1: progress enemyHp=[263:0/18,13:18/18] playerHp=[493:1863/1865,150:1725/1725]",
    "wave 5 turn 2: replay guest crossed cmd:5:2 through real public COMMAND=opened",
    "wave 5: reward shop owner=host leave",
    "wave 5: guest chose Crossroads Leave through public UI",
    "wave 5: guest drove World Map via public UI=true and both consumed 1828050700909171:1:BIOME_PICK:9700005",
    "wave 6 turn 1: replay guest crossed cmd:6:1 through real public COMMAND=opened",
    "wave 6: BIOME 0->1",
    "wave 6: host slot move=34 guest slot move=34",
    "wave 6 turn 1: progress enemyHp=[263:0/18,819:0/23] playerHp=[493:1863/1865,150:1725/1725]",
    "wave 6: reward shop owner=host take-nonparty",
    "wave 7 turn 1: replay guest crossed cmd:7:1 through real public COMMAND=opened",
    "wave 7 turn 1: host SWITCH -> party[2]",
    "wave 7: host slot move=53 guest slot move=85",
    "wave 7 turn 1: guest SWITCH -> party[3]",
    "wave 7 turn 1: progress enemyHp=[921:21/21,399:26/26] playerHp=[890:2065/2065,384:1713/1715]",
    "wave 7 turn 2: replay guest crossed cmd:7:2 through real public COMMAND=opened",
    "wave 7: reward shop owner=guest take-nonparty",
    "wave 8 turn 1: replay guest crossed cmd:8:1 through real public COMMAND=opened",
    "wave 8: TRAINER (fixed)",
    "wave 8: host slot move=247 guest slot move=247",
    "wave 8 turn 1: progress enemyHp=[653:0/24,940:0/22] playerHp=[890:2065/2065,384:1711/1715]",
    "wave 8: reward shop owner=host take-nonparty",
    "wave 9 turn 1: replay guest crossed cmd:9:1 through real public COMMAND=opened",
    "wave 9: host slot move=53 guest slot move=34",
    "wave 9 turn 1: progress enemyHp=[396:24/24,399:0/26] playerHp=[890:2065/2065,384:1711/1715]",
    "wave 9 turn 2: replay guest crossed cmd:9:2 through real public COMMAND=opened",
    "wave 9: reward shop owner=guest leave",
    "wave 10 turn 1: replay guest crossed cmd:10:1 through real public COMMAND=opened",
    "wave 10: host slot move=34 guest slot move=53",
    "wave 10 turn 1: progress enemyHp=[915:0/26,446:0/38] playerHp=[890:2057/2065,384:1711/1715]",
    "wave 10: biome market owner=host leave",
    "wave 10: drained 1 milestone reward continuation(s)",
    "wave 10: guest chose Crossroads Leave through public UI",
    "wave 10: guest drove World Map via public UI=true and both consumed 1828050700909171:1:BIOME_PICK:9700011",
    "wave 11 turn 1: replay guest crossed cmd:11:1 through real public COMMAND=opened",
    "wave 11: BIOME 1->2",
    "wave 11: host slot move=53 guest slot move=34",
    "wave 11 turn 1: guest SWITCH -> party[3]",
    "wave 11 turn 1: progress enemyHp=[187:0/24,546:26/26] playerHp=[890:2065/2065,150:1725/1725]",
    "wave 11 turn 2: replay guest crossed cmd:11:2 through real public COMMAND=opened",
    "wave 11: reward shop owner=host leave",
    "wave 12 turn 1: replay guest crossed cmd:12:1 through real public COMMAND=opened",
    "wave 12 turn 1: host SWITCH -> party[2]",
    "wave 12: host slot move=247 guest slot move=85",
    "wave 12 turn 1: progress enemyHp=[543:25/25,543:0/25] playerHp=[493:1865/1865,150:1725/1725]",
    "wave 12 turn 2: replay guest crossed cmd:12:2 through real public COMMAND=opened",
    "wave 12 turn 2: guest SWITCH -> party[3]",
    "wave 12: reward shop owner=guest leave",
    "wave 13 turn 1: replay guest crossed cmd:13:1 through real public COMMAND=opened",
    "wave 13: host slot move=34 guest slot move=53",
    "wave 13 turn 1: progress enemyHp=[187:0/28,590:0/34] playerHp=[493:1865/1865,384:1715/1715]",
    "wave 13: reward shop owner=host leave",
    "wave 14 turn 1: replay guest crossed cmd:14:1 through real public COMMAND=opened",
    "wave 14: host slot move=85 guest slot move=247",
    "wave 14 turn 1: progress enemyHp=[543:0/27,546:0/28] playerHp=[493:1865/1865,384:1715/1715]",
    "wave 14: reward shop owner=guest leave",
    "wave 15 turn 1: replay guest crossed cmd:15:1 through real public COMMAND=opened",
    "wave 15: TRAINER (random)",
    "wave 15 turn 1: host SWITCH -> party[2]",
    "wave 15: host slot move=53 guest slot move=34",
    "wave 15 turn 1: progress enemyHp=[438:30/30,240:0/29] playerHp=[890:2065/2065,384:1715/1715]",
    "wave 15 turn 2: replay guest crossed cmd:15:2 through real public COMMAND=opened",
    "wave 15 turn 3: replay guest crossed cmd:15:3 through real public COMMAND=opened",
    "wave 15: reward shop owner=host leave",
    "wave 15: guest chose Crossroads Leave through public UI",
    "wave 15: guest drove World Map via public UI=true and both consumed 1828050700909171:1:BIOME_PICK:9700017",
    "wave 16 turn 1: replay guest crossed cmd:16:1 through real public COMMAND=opened",
    "wave 16: BIOME 2->3",
    "wave 16 turn 1: host SWITCH -> party[2]",
    "wave 16: host slot move=247 guest slot move=85",
    "wave 16 turn 1: progress enemyHp=[665:34/34,48:0/37] playerHp=[493:1865/1865,384:1713/1715]",
    "wave 16 turn 2: replay guest crossed cmd:16:2 through real public COMMAND=opened",
    "wave 16: reward shop owner=host take-nonparty",
    "wave 17 turn 1: replay guest crossed cmd:17:1 through real public COMMAND=opened",
    "wave 17: host slot move=34 guest slot move=53",
    "wave 17 turn 1: progress enemyHp=[753:0/33,761:0/31] playerHp=[493:1865/1865,384:1713/1715]",
    "wave 17: reward shop owner=guest leave",
    "wave 18 turn 1: replay guest crossed cmd:18:1 through real public COMMAND=opened",
    "wave 18: host slot move=85 guest slot move=247",
    "wave 18 turn 1: progress enemyHp=[48:0/40,919:0/33] playerHp=[493:1865/1865,384:1713/1715]",
    "wave 18: reward shop owner=host take-nonparty",
    "wave 19 turn 1: replay guest crossed cmd:19:1 through real public COMMAND=opened",
    "wave 19: host slot move=53 guest slot move=34",
    "wave 19 turn 1: progress enemyHp=[176:0/42,753:0/33] playerHp=[493:1865/1865,384:1713/1715]",
    "wave 19: reward shop owner=guest leave",
    "wave 20 turn 1: replay guest crossed cmd:20:1 through real public COMMAND=opened",
    "wave 20: TRAINER (random)",
    "wave 20: host slot move=247 guest slot move=34",
    "wave 20 turn 1: guest SWITCH -> party[3]",
    "wave 20 turn 1: progress enemyHp=[283:0/37,664:38/38] playerHp=[493:1865/1865,150:1719/1725]",
    "wave 20 turn 2: replay guest crossed cmd:20:2 through real public COMMAND=opened",
    "wave 20 turn 2: guest SWITCH -> party[3]",
    "wave 20: biome market owner=host leave",
    "wave 20: drained 1 milestone reward continuation(s)",
    "wave 20: guest chose Crossroads Leave through public UI",
    "wave 20: guest drove World Map via public UI=true and both consumed 1828050700909171:1:BIOME_PICK:9700023",
    "wave 21 turn 1: replay guest crossed cmd:21:1 through real public COMMAND=opened",
    "wave 21: BIOME 3->5",
    "wave 21: host slot move=34 guest slot move=53",
    "wave 21 turn 1: progress enemyHp=[722:0/44,665:0/36] playerHp=[493:1865/1865,384:1715/1715]",
    "wave 21: reward shop owner=host take-nonparty",
    "wave 22 turn 1: replay guest crossed cmd:22:1 through real public COMMAND=opened",
    "wave 22: host slot move=85 guest slot move=247",
    "wave 22 turn 1: progress enemyHp=[919:39/39,919:0/37] playerHp=[493:1865/1865,384:1715/1715]",
    "wave 22 turn 2: replay guest crossed cmd:22:2 through real public COMMAND=opened",
    "wave 22: reward shop owner=guest leave",
    "wave 23 turn 1: replay guest crossed cmd:23:1 through real public COMMAND=opened",
    "wave 23 turn 1: host SWITCH -> party[2]",
    "wave 23: host slot move=53 guest slot move=34",
    "wave 23 turn 1: progress enemyHp=[315:40/40,548:0/43] playerHp=[890:2065/2065,384:1714/1715]",
    "wave 23 turn 2: replay guest crossed cmd:23:2 through real public COMMAND=opened",
    "wave 23: reward shop owner=host leave",
    "wave 24 turn 1: replay guest crossed cmd:24:1 through real public COMMAND=opened",
    "wave 24: host slot move=247 guest slot move=85",
    "wave 24 turn 1: progress enemyHp=[588:0/46,616:0/46] playerHp=[890:2065/2065,384:1714/1715]",
    "wave 24: reward shop owner=guest leave",
    "wave 25 turn 1: replay guest crossed cmd:25:1 through real public COMMAND=opened",
    "wave 25: TRAINER (fixed)",
    "wave 25: host slot move=34 guest slot move=53",
    "wave 25 turn 1: progress enemyHp=[654:0/54,940:0/45] playerHp=[890:2065/2065,384:1714/1715]",
    "wave 25 turn 2: replay guest crossed cmd:25:2 through real public COMMAND=opened",
    "wave 25 turn 2: host SWITCH -> party[2]",
    "wave 25: reward shop owner=host leave",
    "wave 25: guest chose Crossroads Leave through public UI",
    "wave 25: guest drove World Map via public UI=true and both consumed 1828050700909171:1:BIOME_PICK:9700029",
    "wave 26 turn 1: replay guest crossed cmd:26:1 through real public COMMAND=opened",
    "wave 26: BIOME 5->27",
    "wave 26: host slot move=85 guest slot move=247",
    "wave 26 turn 1: progress enemyHp=[511:0/56,595:0/56] playerHp=[493:1865/1865,384:1714/1715]",
    "wave 26: reward shop owner=host leave",
    "wave 27 turn 1: replay guest crossed cmd:27:1 through real public COMMAND=opened",
    "wave 27: host slot move=85 guest slot move=85",
    "wave 27 turn 1: progress enemyHp=[190:0/58,190:0/58] playerHp=[493:1865/1865,384:1714/1715]",
    "wave 27: reward shop owner=guest take-nonparty",
    "wave 28 turn 1: replay guest crossed cmd:28:1 through real public COMMAND=opened",
    "wave 28 turn 1: host SWITCH -> party[2]",
    "wave 28: host slot move=247 guest slot move=53",
    "wave 28 turn 1: progress enemyHp=[285:60/60,190:0/55] playerHp=[890:2065/2065,384:1714/1715]",
    "wave 28 turn 2: replay guest crossed cmd:28:2 through real public COMMAND=opened",
    "wave 28: reward shop owner=host leave",
    "wave 29 turn 1: replay guest crossed cmd:29:1 through real public COMMAND=opened",
    "wave 29: host slot move=34 guest slot move=85",
    "wave 29 turn 1: progress enemyHp=[590:0/63,732:0/60] playerHp=[890:2065/2065,384:1714/1715]",
    "wave 29: reward shop owner=guest take-nonparty",
    "wave 30 turn 1: replay guest crossed cmd:30:1 through real public COMMAND=opened",
    "wave 30: host slot move=53 guest slot move=85",
    "wave 30 turn 1: guest SWITCH -> party[3]",
    "wave 30 turn 1: progress enemyHp=[190:0/70,667:61/61] playerHp=[890:2065/2065,150:1722/1725]",
    "wave 30 turn 2: replay guest crossed cmd:30:2 through real public COMMAND=opened",
    "wave 30: biome market owner=host leave",
    "wave 30: drained 1 milestone reward continuation(s)",
    "wave 30: guest chose Crossroads Leave through public UI",
    "wave 30: guest drove World Map via public UI=true and both consumed 1828050700909171:1:BIOME_PICK:9700035",
    "wave 31 turn 1: replay guest crossed cmd:31:1 through real public COMMAND=opened",
    "wave 31: BIOME 27->29",
    "wave 31: host slot move=247 guest slot move=85",
    "wave 31 turn 1: progress enemyHp=[622:0/62,355:0/44] playerHp=[890:2065/2065,150:1723/1725]",
    "wave 31: reward shop owner=host take-nonparty",
    "wave 32 turn 1: replay guest crossed cmd:32:1 through real public COMMAND=opened",
    "wave 32: host slot move=247 guest slot move=85",
    "wave 32 turn 1: progress enemyHp=[104:0/53,607:0/53] playerHp=[890:2065/2065,150:1723/1725]",
    "wave 32: reward shop owner=guest take-nonparty",
    "wave 33 turn 1: replay guest crossed cmd:33:1 through real public COMMAND=opened",
    "wave 33: host slot move=34 guest slot move=34",
    "wave 33 turn 1: guest SWITCH -> party[3]",
    "wave 33 turn 1: progress enemyHp=[343:0/60,343:56/56] playerHp=[890:2065/2065,384:1715/1715]",
    "wave 33 turn 2: replay guest crossed cmd:33:2 through real public COMMAND=opened",
    "wave 33 turn 2: host SWITCH -> party[2]",
    "wave 33: reward shop owner=host leave",
    "wave 34 turn 1: replay guest crossed cmd:34:1 through real public COMMAND=opened",
    "wave 34 turn 1: host SWITCH -> party[2]",
    "wave 34: host slot move=53 guest slot move=247",
    "wave 34 turn 1: guest SWITCH -> party[3]",
    "wave 34 turn 1: progress enemyHp=[679:56/56,177:52/52] playerHp=[890:2065/2065,150:1725/1725]",
    "wave 34 turn 2: replay guest crossed cmd:34:2 through real public COMMAND=opened",
    "wave 34: reward shop owner=guest leave",
    "wave 35 turn 1: replay guest crossed cmd:35:1 through real public COMMAND=opened",
    "wave 35: TRAINER (fixed)",
    "wave 35: host slot move=53 guest slot move=34",
    "wave 35 turn 1: progress enemyHp=[568:0/65,510:54/72] playerHp=[890:2065/2065,150:1723/1725]",
    "wave 35 turn 2: replay guest crossed cmd:35:2 through real public COMMAND=opened",
    "wave 35: reward shop owner=host leave",
    "wave 35: guest chose Crossroads Leave through public UI",
    "wave 35: guest drove World Map via public UI=true and both consumed 1828050700909171:1:BIOME_PICK:9700041",
    "wave 36 turn 1: replay guest crossed cmd:36:1 through real public COMMAND=opened",
    "wave 36: BIOME 29->14",
    "wave 36: host slot move=247 guest slot move=247",
    "wave 36 turn 1: progress enemyHp=[551:0/60,587:0/70] playerHp=[890:2046/2065,150:1616/1725]",
    "wave 36: reward shop owner=host take-nonparty",
    "wave 37 turn 1: replay guest crossed cmd:37:1 through real public COMMAND=opened",
    "wave 37: host slot move=34 guest slot move=53",
    "wave 37 turn 1: progress enemyHp=[953:0/61,205:0/77] playerHp=[890:2026/2065,150:1509/1725]",
    "wave 37: reward shop owner=guest leave",
    "wave 38 turn 1: replay guest crossed cmd:38:1 through real public COMMAND=opened",
    "wave 38: host slot move=53 guest slot move=247",
    "wave 38 turn 1: progress enemyHp=[451:0/70,451:0/72] playerHp=[890:2003/2065,150:1402/1725]",
    "wave 38: reward shop owner=host take-nonparty",
    "wave 39 turn 1: replay guest crossed cmd:39:1 through real public COMMAND=opened",
    "wave 39: host slot move=247 guest slot move=34",
    "wave 39 turn 1: progress enemyHp=[207:0/77,345:0/77] playerHp=[890:1978/2065,150:1295/1725]",
    "wave 39: reward shop owner=guest leave",
    "wave 39: drained 1 milestone reward continuation(s)",
    "wave 40 turn 1: replay guest crossed cmd:40:1 through real public COMMAND=opened",
    "wave 40: host slot move=247 guest slot move=85",
    "wave 40 turn 1: progress enemyHp=[554:0/80,331:0/74] playerHp=[890:1952/2065,150:1295/1725]",
    "wave 40: biome market owner=host leave",
    "wave 40: drained 1 milestone reward continuation(s)",
    "wave 40: guest chose Crossroads Leave through public UI",
    "wave 40: guest drove World Map via public UI=true and both consumed 1828050700909171:1:BIOME_PICK:9700047",
    "wave 41 turn 1: replay guest crossed cmd:41:1 through real public COMMAND=opened",
    "wave 41: BIOME 14->22",
    "wave 41: host slot move=53 guest slot move=53",
    "wave 41 turn 1: progress enemyHp=[201:0/76,605:0/75] playerHp=[890:2065/2065,150:1725/1725]",
    "wave 41: reward shop owner=host leave",
    "wave 42 turn 1: replay guest crossed cmd:42:1 through real public COMMAND=opened",
    "wave 42: host slot move=85 guest slot move=247",
    "wave 42 turn 1: progress enemyHp=[605:0/80,96:0/77] playerHp=[890:2065/2065,150:1725/1725]",
    "wave 42: reward shop owner=guest take-nonparty",
    "wave 43 turn 1: replay guest crossed cmd:43:1 through real public COMMAND=opened",
    "wave 43: host slot move=53 guest slot move=34",
    "wave 43 turn 1: progress enemyHp=[97:0/96,958:0/83] playerHp=[890:2065/2065,150:1716/1725]",
    "wave 43: reward shop owner=host leave",
    "wave 43: drained 1 milestone reward continuation(s)",
    "wave 44 turn 1: replay guest crossed cmd:44:1 through real public COMMAND=opened",
    "wave 44: host slot move=247 guest slot move=85",
    "wave 44 turn 1: progress enemyHp=[325:0/85,97:0/106] playerHp=[890:2065/2065,150:1716/1725]",
    "wave 44: reward shop owner=guest take-nonparty",
    "wave 45 turn 1: replay guest crossed cmd:45:1 through real public COMMAND=opened",
    "wave 45 turn 1: host SWITCH -> party[2]",
    "wave 45: host slot move=85 guest slot move=53",
    "wave 45 turn 1: progress enemyHp=[958:85/85,177:0/71] playerHp=[493:1865/1865,150:1716/1725]",
    "wave 45 turn 2: replay guest crossed cmd:45:2 through real public COMMAND=opened",
    "wave 45 turn 2: host SWITCH -> party[2]",
    "wave 45: reward shop owner=host take-nonparty",
    "wave 45: guest chose Crossroads Leave through public UI",
    "wave 45: guest drove World Map via public UI=true and both consumed 1828050700909171:1:BIOME_PICK:9700053",
    "wave 46 turn 1: replay guest crossed cmd:46:1 through real public COMMAND=opened",
    "wave 46: BIOME 22->11",
    "wave 46: host slot move=85 guest slot move=34",
    "wave 46 turn 1: progress enemyHp=[333:0/74,333:0/74] playerHp=[890:2065/2065,150:1716/1725]",
    "wave 46: reward shop owner=host take-nonparty",
    "wave 47 turn 1: replay guest crossed cmd:47:1 through real public COMMAND=opened",
    "wave 47: TRAINER (random)",
    "wave 47: host slot move=53 guest slot move=34",
    "wave 47 turn 1: progress enemyHp=[10285:0/94,774:0/80] playerHp=[890:2065/2065,150:1716/1725]",
    "wave 47 turn 2: replay guest crossed cmd:47:2 through real public COMMAND=opened",
    "wave 47: reward shop owner=guest take-nonparty",
    "wave 48 turn 1: replay guest crossed cmd:48:1 through real public COMMAND=opened",
    "wave 48: host slot move=247 guest slot move=85",
    "wave 48 turn 1: progress enemyHp=[962:0/99,672:0/96] playerHp=[890:2065/2065,150:1716/1725]",
    "wave 48: reward shop owner=host take-nonparty",
    "wave 49 turn 1: replay guest crossed cmd:49:1 through real public COMMAND=opened",
    "wave 49: host slot move=34 guest slot move=247",
    "wave 49 turn 1: progress enemyHp=[933:47/92,111:0/105] playerHp=[890:2065/2065,150:1716/1725]",
    "wave 49 turn 2: replay guest crossed cmd:49:2 through real public COMMAND=opened",
    "wave 49: reward shop owner=guest take-nonparty",
    "wave 50 turn 1: replay guest crossed cmd:50:1 through real public COMMAND=opened",
    "wave 50: TRAINER (random)",
    "wave 50: host slot move=85 guest slot move=247",
    "wave 50 turn 1: guest SWITCH -> party[3]",
    "wave 50 turn 1: progress enemyHp=[627:0/102,528:105/105] playerHp=[890:2065/2065,384:1711/1715]",
    "wave 50 turn 2: replay guest crossed cmd:50:2 through real public COMMAND=opened",
    "wave 50: biome market owner=host leave",
    "wave 50: drained 1 milestone reward continuation(s)",
    "wave 50: guest chose Crossroads Leave through public UI",
    "wave 50: guest drove World Map via public UI=true and both consumed 1828050700909171:1:BIOME_PICK:9700059",
    "wave 51 turn 1: replay guest crossed cmd:51:1 through real public COMMAND=opened",
    "wave 51: BIOME 11->18",
    "wave 51 turn 1: host SWITCH -> party[2]",
    "wave 51: host slot move=53 guest slot move=34",
    "wave 51 turn 1: progress enemyHp=[325:95/95,838:0/111] playerHp=[493:1749/1865,384:1715/1715]",
    "wave 51 turn 2: replay guest crossed cmd:51:2 through real public COMMAND=opened",
    "wave 51: reward shop owner=host leave",
    "wave 52 turn 1: replay guest crossed cmd:52:1 through real public COMMAND=opened",
    "wave 52: host slot move=247 guest slot move=85",
    "wave 52 turn 1: progress enemyHp=[307:73/73,838:0/108] playerHp=[493:1517/1865,384:1715/1715]",
    "wave 52 turn 2: replay guest crossed cmd:52:2 through real public COMMAND=opened",
    "wave 52: reward shop owner=guest leave",
    "wave 53 turn 1: replay guest crossed cmd:53:1 through real public COMMAND=opened",
    "wave 53: host slot move=247 guest slot move=53",
    "wave 53 turn 1: progress enemyHp=[636:0/91,631:0/109] playerHp=[493:1285/1865,384:1711/1715]",
    "wave 53: reward shop owner=host leave",
    "wave 53: drained 1 milestone reward continuation(s)",
    "wave 54 turn 1: replay guest crossed cmd:54:1 through real public COMMAND=opened",
    "wave 54: host slot move=247 guest slot move=247",
    "wave 54 turn 1: guest SWITCH -> party[3]",
    "wave 54 turn 1: progress enemyHp=[323:0/125,758:108/108] playerHp=[493:1169/1865,150:1719/1725]",
    "wave 54 turn 2: replay guest crossed cmd:54:2 through real public COMMAND=opened",
    "wave 54: reward shop owner=guest leave",
    "wave 54: drained 1 milestone reward continuation(s)",
    "wave 55 turn 1: replay guest crossed cmd:55:1 through real public COMMAND=opened",
    "wave 55: TRAINER (fixed)",
    "wave 55: host slot move=53 guest slot move=53",
    "wave 55 turn 1: progress enemyHp=[655:0/125,941:0/112] playerHp=[493:471/1865,150:1719/1725]",
    "wave 55 turn 2: replay guest crossed cmd:55:2 through real public COMMAND=opened",
    "wave 55 turn 2: host SWITCH -> party[2]",
    "wave 55 turn 3: replay guest crossed cmd:55:3 through real public COMMAND=opened",
    "wave 55 turn 3: host SWITCH -> party[2]",
    "wave 55: reward shop owner=host take-nonparty",
    "wave 55: guest chose Crossroads Leave through public UI",
    "wave 55: guest drove World Map via public UI=true and both consumed 1828050700909171:1:BIOME_PICK:9700065",
    "wave 56 turn 1: replay guest crossed cmd:56:1 through real public COMMAND=opened",
    "wave 56: host slot move=247 guest slot move=53",
    "wave 56 turn 1: progress enemyHp=[514:0/105,323:0/125] playerHp=[493:1865/1865,150:1711/1725]",
    "wave 56: reward shop owner=host leave",
    "wave 56: drained 1 milestone reward continuation(s)",
    "wave 57 turn 1: replay guest crossed cmd:57:1 through real public COMMAND=opened",
    "wave 57: host slot move=34 guest slot move=53",
    "wave 57 turn 1: progress enemyHp=[839:0/150,262:0/115] playerHp=[493:1865/1865,150:1711/1725]",
    "wave 57: reward shop owner=guest take-nonparty",
    "wave 58 turn 1: replay guest crossed cmd:58:1 through real public COMMAND=opened",
    "wave 58: host slot move=247 guest slot move=247",
    "wave 58 turn 1: progress enemyHp=[78:0/133,334:0/116] playerHp=[493:1865/1865,150:1711/1725]",
    "wave 58: reward shop owner=host leave",
    "wave 59 turn 1: replay guest crossed cmd:59:1 through real public COMMAND=opened",
    "wave 59 turn 1: host SWITCH -> party[2]",
    "wave 59: host slot move=247 guest slot move=34",
    "wave 59 turn 1: progress enemyHp=[78:127/127,326:0/120] playerHp=[890:2065/2065,150:1708/1725]",
    "wave 59 turn 2: replay guest crossed cmd:59:2 through real public COMMAND=opened",
    "wave 59: reward shop owner=guest leave",
    "wave 60 turn 1: replay guest crossed cmd:60:1 through real public COMMAND=opened",
    "wave 60: host slot move=34 guest slot move=247",
    "wave 60 turn 1: progress enemyHp=[323:0/140,2051:0/100] playerHp=[890:2019/2065,150:1708/1725]",
    "wave 60: biome market owner=host leave",
    "wave 60: drained 1 milestone reward continuation(s)",
    "wave 60: guest chose Crossroads Leave through public UI",
    "wave 60: guest drove World Map via public UI=true and both consumed 1828050700909171:1:BIOME_PICK:9700071",
    "wave 61 turn 1: replay guest crossed cmd:61:1 through real public COMMAND=opened",
    "wave 61: BIOME 18->8",
    "wave 61: host slot move=34 guest slot move=53",
    "wave 61 turn 1: progress enemyHp=[121:0/120,748:133/133] playerHp=[890:2065/2065,150:1725/1725]",
    "wave 61 turn 2: replay guest crossed cmd:61:2 through real public COMMAND=opened",
    "wave 61 turn 2: guest SWITCH -> party[3]",
    "wave 61: reward shop owner=host leave",
    "wave 62 turn 1: replay guest crossed cmd:62:1 through real public COMMAND=opened",
    "wave 62: TRAINER (fixed)",
    "wave 62: host slot move=85 guest slot move=247",
    "wave 62 turn 1: guest SWITCH -> party[3]",
    "wave 62 turn 1: progress enemyHp=[528:0/123,601:123/123] playerHp=[890:1982/2065,150:1719/1725]",
    "wave 62 turn 2: replay guest crossed cmd:62:2 through real public COMMAND=opened",
    "wave 62 turn 3: replay guest crossed cmd:62:3 through real public COMMAND=opened",
    "wave 62: reward shop owner=guest leave",
    "wave 63 turn 1: replay guest crossed cmd:63:1 through real public COMMAND=opened",
    "wave 63: host slot move=53 guest slot move=34",
    "wave 63 turn 1: progress enemyHp=[121:0/115,558:1/118] playerHp=[890:2065/2065,150:1713/1725]",
    "wave 63 turn 2: replay guest crossed cmd:63:2 through real public COMMAND=opened",
    "wave 63: reward shop owner=host leave",
    "wave 64 turn 1: replay guest crossed cmd:64:1 through real public COMMAND=opened",
    "wave 64: TRAINER (fixed)",
    "wave 64: host slot move=53 guest slot move=85",
    "wave 64 turn 1: guest SWITCH -> party[3]",
    "wave 64 turn 1: progress enemyHp=[622:0/122,528:129/129] playerHp=[890:2065/2065,384:1715/1715]",
    "wave 64 turn 2: replay guest crossed cmd:64:2 through real public COMMAND=opened",
    "wave 64 turn 2: host SWITCH -> party[2]",
    "wave 64 turn 3: replay guest crossed cmd:64:3 through real public COMMAND=opened",
    "wave 64: reward shop owner=guest leave",
    "wave 65 turn 1: replay guest crossed cmd:65:1 through real public COMMAND=opened",
    "wave 65: host slot move=34 guest slot move=53",
    "wave 65 turn 1: progress enemyHp=[99:0/135,978:0/130] playerHp=[493:1865/1865,384:1706/1715]",
    "wave 65: reward shop owner=host leave",
    "wave 66 turn 1: replay guest crossed cmd:66:1 through real public COMMAND=opened",
    "wave 66: TRAINER (fixed)",
    "wave 66: host slot move=85 guest slot move=247",
    "wave 66 turn 1: progress enemyHp=[233:0/151,476:0/127] playerHp=[493:1865/1865,384:1706/1715]",
    "wave 66 turn 2: replay guest crossed cmd:66:2 through real public COMMAND=opened",
    "wave 66 turn 3: replay guest crossed cmd:66:3 through real public COMMAND=opened",
    "wave 66 turn 3: host SWITCH -> party[2]",
    "wave 66 turn 4: replay guest crossed cmd:66:4 through real public COMMAND=opened",
    "wave 66 turn 4: host SWITCH -> party[2]",
    "wave 66 turn 5: replay guest crossed cmd:66:5 through real public COMMAND=opened",
    "wave 66 turn 5: host SWITCH -> party[2]",
    "wave 66: reward shop owner=guest take-nonparty",
    "wave 67 turn 1: replay guest crossed cmd:67:1 through real public COMMAND=opened",
    "wave 67: host slot move=53 guest slot move=34",
    "wave 67 turn 1: progress enemyHp=[960:0/80,342:0/125] playerHp=[890:2065/2065,384:1254/1715]",
    "wave 67: reward shop owner=host leave",
    "wave 68 turn 1: replay guest crossed cmd:68:1 through real public COMMAND=opened",
    "wave 68: host slot move=247 guest slot move=85",
    "wave 68 turn 1: progress enemyHp=[413:130/130,90:1/94] playerHp=[890:2065/2065,384:1039/1715]",
    "wave 68 turn 2: replay guest crossed cmd:68:2 through real public COMMAND=opened",
    "wave 68: reward shop owner=guest leave",
    "wave 69 turn 1: replay guest crossed cmd:69:1 through real public COMMAND=opened",
    "wave 69: host slot move=247 guest slot move=53",
    "wave 69 turn 1: progress enemyHp=[769:0/125,978:0/124] playerHp=[890:2065/2065,384:1039/1715]",
    "wave 69: reward shop owner=host leave",
    "wave 70 turn 1: replay guest crossed cmd:70:1 through real public COMMAND=opened",
    "wave 70: host slot move=53 guest slot move=247",
    "wave 70 turn 1: progress enemyHp=[413:127/127,376:0/154] playerHp=[890:2065/2065,384:1039/1715]",
    "wave 70 turn 2: replay guest crossed cmd:70:2 through real public COMMAND=opened",
    "wave 70: biome market owner=guest leave",
    "wave 70: drained 1 milestone reward continuation(s)",
    "wave 70: host chose Crossroads Leave through public UI",
    "wave 70: host drove World Map via public UI=true and both consumed 1828050700909171:0:BIOME_PICK:9700082",
    "wave 71 turn 1: replay guest crossed cmd:71:1 through real public COMMAND=opened",
    "wave 71: BIOME 8->6",
    "wave 71: host slot move=53 guest slot move=34",
    "wave 71 turn 1: progress enemyHp=[199:0/160,687:0/149] playerHp=[890:2065/2065,384:1715/1715]",
    "wave 71: reward shop owner=guest take-nonparty",
    "wave 72 turn 1: replay guest crossed cmd:72:1 through real public COMMAND=opened",
    "wave 72: TRAINER (random)",
    "wave 72: host slot move=53 guest slot move=85",
    "wave 72 turn 1: progress enemyHp=[10813:0/161,691:0/166] playerHp=[890:2065/2065,384:1715/1715]",
    "wave 72: reward shop owner=host leave",
    "wave 73 turn 1: replay guest crossed cmd:73:1 through real public COMMAND=opened",
    "wave 73: host slot move=34 guest slot move=53",
    "wave 73 turn 1: guest SWITCH -> party[3]",
    "wave 73 turn 1: progress enemyHp=[73:0/152,565:150/157] playerHp=[890:2065/2065,150:1702/1725]",
    "wave 73 turn 2: replay guest crossed cmd:73:2 through real public COMMAND=opened",
    "wave 73 turn 2: host SWITCH -> party[2]",
    "wave 73: reward shop owner=guest leave",
    "wave 74 turn 1: replay guest crossed cmd:74:1 through real public COMMAND=opened",
    "wave 74: host slot move=85 guest slot move=247",
    "wave 74 turn 1: progress enemyHp=[516:0/192,117:0/145] playerHp=[493:1865/1865,150:1702/1725]",
    "wave 74: reward shop owner=host leave",
    "wave 75 turn 1: replay guest crossed cmd:75:1 through real public COMMAND=opened",
    "wave 75: host slot move=34 guest slot move=34",
    "wave 75 turn 1: progress enemyHp=[941:0/150,80:0/183] playerHp=[493:1865/1865,150:1702/1725]",
    "wave 75: reward shop owner=guest leave",
    "wave 75: host chose Crossroads Leave through public UI",
    "wave 75: host drove World Map via public UI=true and both consumed 1828050700909171:0:BIOME_PICK:9700088",
    "wave 76 turn 1: replay guest crossed cmd:76:1 through real public COMMAND=opened",
    "wave 76: BIOME 6->10",
    "wave 76: host slot move=247 guest slot move=85",
    "wave 76 turn 1: progress enemyHp=[976:0/190,593:0/206] playerHp=[493:1865/1865,150:1702/1725]",
    "wave 76: reward shop owner=guest take-nonparty",
    "wave 77 turn 1: replay guest crossed cmd:77:1 through real public COMMAND=opened",
    "wave 77: host slot move=34 guest slot move=53",
    "wave 77 turn 1: guest SWITCH -> party[3]",
    "wave 77 turn 1: progress enemyHp=[691:0/178,977:255/255] playerHp=[493:1865/1865,384:1708/1715]",
    "wave 77 turn 2: replay guest crossed cmd:77:2 through real public COMMAND=opened",
    "wave 77: reward shop owner=host leave",
    "wave 77: drained 1 milestone reward continuation(s)",
    "wave 78 turn 1: replay guest crossed cmd:78:1 through real public COMMAND=opened",
    "wave 78 turn 1: host SWITCH -> party[2]",
    "wave 78: host slot move=85 guest slot move=247",
    "wave 78 turn 1: progress enemyHp=[977:251/251,847:0/149] playerHp=[890:2065/2065,384:1698/1715]",
    "wave 78 turn 2: replay guest crossed cmd:78:2 through real public COMMAND=opened",
    "wave 78: reward shop owner=guest leave",
    "wave 79 turn 1: replay guest crossed cmd:79:1 through real public COMMAND=opened",
    "wave 79: host slot move=34 guest slot move=34",
    "wave 79 turn 1: progress enemyHp=[171:0/230,224:0/156] playerHp=[890:2065/2065,384:1698/1715]",
    "wave 79: reward shop owner=host leave",
    "wave 80 turn 1: replay guest crossed cmd:80:1 through real public COMMAND=opened",
    "wave 80: TRAINER (random)",
    "wave 80: host slot move=247 guest slot move=247",
    "wave 80 turn 1: guest SWITCH -> party[3]",
    "wave 80 turn 1: progress enemyHp=[10045:0/201,340:242/247] playerHp=[890:2065/2065,150:1705/1725]",
    "wave 80 turn 2: replay guest crossed cmd:80:2 through real public COMMAND=opened",
    "wave 80 turn 3: replay guest crossed cmd:80:3 through real public COMMAND=opened",
    "wave 80: biome market owner=guest leave",
    "wave 80: drained 1 milestone reward continuation(s)",
    "wave 80: host chose Crossroads Leave through public UI",
    "wave 80: host drove World Map via public UI=true and both consumed 1828050700909171:0:BIOME_PICK:9700094",
    "wave 81 turn 1: replay guest crossed cmd:81:1 through real public COMMAND=opened",
    "wave 81: BIOME 10->13",
    "wave 81: DIGEST mismatch @wave-start class=unexpected fields=[field] -> one-heal resync",
    "wave 81: host slot move=34 guest slot move=53",
    "wave 81 turn 1: progress enemyHp=[480:0/161,768:0/172] playerHp=[890:2065/2065,150:1725/1725]",
    "wave 81: reward shop owner=guest leave",
    "wave 81: drained 1 milestone reward continuation(s)",
    "wave 82 turn 1: replay guest crossed cmd:82:1 through real public COMMAND=opened",
    "wave 82: host slot move=85 guest slot move=247",
    "wave 82 turn 1: progress enemyHp=[42:0/167,42:0/161] playerHp=[890:2065/2065,150:1725/1725]",
    "wave 82: reward shop owner=host take-nonparty",
    "wave 83 turn 1: replay guest crossed cmd:83:1 through real public COMMAND=opened",
    "wave 83: host slot move=53 guest slot move=34",
    "wave 83 turn 1: progress enemyHp=[42:0/175,296:164/164] playerHp=[890:2065/2065,150:1725/1725]",
    "wave 83 turn 2: replay guest crossed cmd:83:2 through real public COMMAND=opened",
    "wave 83: reward shop owner=guest leave",
    "wave 84 turn 1: replay guest crossed cmd:84:1 through real public COMMAND=opened",
    "wave 84: host slot move=53 guest slot move=85",
    "wave 84 turn 1: progress enemyHp=[660:0/196,42:0/181] playerHp=[890:2065/2065,150:1725/1725]",
    "wave 84: reward shop owner=host take-nonparty",
    "wave 85 turn 1: replay guest crossed cmd:85:1 through real public COMMAND=opened",
    "wave 85: host slot move=53 guest slot move=34",
    "wave 85 turn 1: progress enemyHp=[295:0/261,660:0/190] playerHp=[890:2065/2065,150:1725/1725]",
    "wave 85: reward shop owner=guest leave",
    "wave 85: host chose Crossroads Leave through public UI",
    "wave 85: host drove World Map via public UI=true and both consumed 1828050700909171:0:BIOME_PICK:9700100",
    "wave 86 turn 1: replay guest crossed cmd:86:1 through real public COMMAND=opened",
    "wave 86: BIOME 13->12",
    "wave 86: host slot move=34 guest slot move=53",
    "wave 86 turn 1: guest SWITCH -> party[3]",
    "wave 86 turn 1: progress enemyHp=[75:1/144,750:218/218] playerHp=[890:2018/2065,384:1599/1715]",
    "wave 86 turn 2: replay guest crossed cmd:86:2 through real public COMMAND=opened",
    "wave 86 turn 2: host SWITCH -> party[2]",
    "wave 86 turn 3: replay guest crossed cmd:86:3 through real public COMMAND=opened",
    "wave 86: reward shop owner=guest take-nonparty",
    "wave 87 turn 1: replay guest crossed cmd:87:1 through real public COMMAND=opened",
    "wave 87: host slot move=53 guest slot move=34",
    "wave 87 turn 1: progress enemyHp=[879:0/235,232:0/205] playerHp=[493:1517/1865,384:1278/1715]",
    "wave 87: reward shop owner=host leave",
    "wave 87: drained 1 milestone reward continuation(s)",
    "wave 88 turn 1: replay guest crossed cmd:88:1 through real public COMMAND=opened",
    "wave 88 turn 1: host SWITCH -> party[2]",
    "wave 88: host slot move=53 guest slot move=247",
    "wave 88 turn 1: guest SWITCH -> party[3]",
    "wave 88 turn 1: progress enemyHp=[28:230/230,112:214/214] playerHp=[890:2065/2065,150:1585/1725]",
    "wave 88 turn 2: replay guest crossed cmd:88:2 through real public COMMAND=opened",
    "wave 88: reward shop owner=guest take-nonparty",
    "wave 89 turn 1: replay guest crossed cmd:89:1 through real public COMMAND=opened",
    "wave 89: host slot move=247 guest slot move=53",
    "wave 89 turn 1: progress enemyHp=[232:0/215,526:1/211] playerHp=[890:1920/2065,150:1371/1725]",
    "wave 89 turn 2: replay guest crossed cmd:89:2 through real public COMMAND=opened",
    "wave 89: reward shop owner=host take-nonparty",
    "wave 90 turn 1: replay guest crossed cmd:90:1 through real public COMMAND=opened",
    "wave 90: host slot move=247 guest slot move=247",
    "wave 90 turn 1: progress enemyHp=[720:0/236,232:0/243] playerHp=[890:1823/2065,150:1264/1725]",
    "wave 90: biome market owner=guest leave",
    "wave 90: drained 1 milestone reward continuation(s)",
    "wave 90: host chose Crossroads Leave through public UI",
    "wave 90: host drove World Map via public UI=true and both consumed 1828050700909171:0:BIOME_PICK:9700106",
    "wave 91 turn 1: replay guest crossed cmd:91:1 through real public COMMAND=opened",
    "wave 91: BIOME 12->14",
    "wave 91 turn 1: host SWITCH -> party[2]",
    "wave 91: host slot move=247 guest slot move=34",
    "wave 91 turn 1: progress enemyHp=[553:212/212,556:0/178] playerHp=[493:1731/1865,150:1403/1725]",
    "wave 91 turn 2: replay guest crossed cmd:91:2 through real public COMMAND=opened",
    "wave 91: reward shop owner=guest leave",
    "wave 91: drained 1 milestone reward continuation(s)",
    "wave 92 turn 1: replay guest crossed cmd:92:1 through real public COMMAND=opened",
    "wave 92 turn 1: host SWITCH -> party[2]",
    "wave 92: host slot move=53 guest slot move=85",
    "wave 92 turn 1: guest SWITCH -> party[3]",
    "wave 92 turn 1: progress enemyHp=[947:171/171,954:189/201] playerHp=[890:2055/2065,384:1608/1715]",
    "wave 92 turn 2: replay guest crossed cmd:92:2 through real public COMMAND=opened",
    "wave 92: reward shop owner=host leave",
    "wave 93 turn 1: replay guest crossed cmd:93:1 through real public COMMAND=opened",
    "wave 93 turn 1: host SWITCH -> party[2]",
    "wave 93: host slot move=247 guest slot move=34",
    "wave 93 turn 1: progress enemyHp=[947:184/184,330:0/199] playerHp=[493:1749/1865,384:1392/1715]",
    "wave 93 turn 2: replay guest crossed cmd:93:2 through real public COMMAND=opened",
    "wave 93: reward shop owner=guest leave",
    "wave 94 turn 1: replay guest crossed cmd:94:1 through real public COMMAND=opened",
    "wave 94: host slot move=34 guest slot move=34",
    "wave 94 turn 1: guest SWITCH -> party[3]",
    "wave 94 turn 1: progress enemyHp=[28:0/234,330:204/204] playerHp=[493:1517/1865,150:1597/1725]",
    "wave 94 turn 2: replay guest crossed cmd:94:2 through real public COMMAND=opened",
    "wave 94 turn 2: host SWITCH -> party[2]",
    "wave 94: reward shop owner=host take-nonparty",
    "wave 95 turn 1: replay guest crossed cmd:95:1 through real public COMMAND=opened",
    "wave 95: TRAINER (fixed)",
    "wave 95: host slot move=53 guest slot move=53",
    "wave 95 turn 1: progress enemyHp=[655:0/246,941:0/207] playerHp=[890:1481/2065,150:1383/1725]",
    "wave 95 turn 2: replay guest crossed cmd:95:2 through real public COMMAND=opened",
    "wave 95 turn 3: replay guest crossed cmd:95:3 through real public COMMAND=opened",
    "wave 95 turn 3: host SWITCH -> party[2]",
    "wave 95: reward shop owner=guest take-nonparty",
    "wave 95: host chose Crossroads Leave through public UI",
    "wave 95: host drove World Map via public UI=true and both consumed 1828050700909171:0:BIOME_PICK:9700112",
    "wave 96 turn 1: replay guest crossed cmd:96:1 through real public COMMAND=opened",
    "wave 96: BIOME 14->22",
    "wave 96: host slot move=247 guest slot move=53",
    "wave 96 turn 1: progress enemyHp=[325:0/190,344:0/191] playerHp=[493:1749/1865,150:1169/1725]",
    "wave 96: reward shop owner=guest take-nonparty",
    "wave 97 turn 1: replay guest crossed cmd:97:1 through real public COMMAND=opened",
    "wave 97: host slot move=34 guest slot move=53",
    "wave 97 turn 1: progress enemyHp=[178:0/225,325:0/175] playerHp=[493:1749/1865,150:1169/1725]",
    "wave 97: reward shop owner=host leave",
    "wave 98 turn 1: replay guest crossed cmd:98:1 through real public COMMAND=opened",
    "wave 98: host slot move=85 guest slot move=247",
    "wave 98 turn 1: progress enemyHp=[326:0/222,959:0/211] playerHp=[493:1749/1865,150:1169/1725]",
    "wave 98: reward shop owner=guest leave",
    "wave 98: drained 1 milestone reward continuation(s)",
    "wave 99 turn 1: replay guest crossed cmd:99:1 through real public COMMAND=opened",
    "wave 99 turn 1: host SWITCH -> party[2]",
    "wave 99: host slot move=53 guest slot move=53",
    "wave 99 turn 1: progress enemyHp=[325:183/183,344:0/213] playerHp=[890:2065/2065,150:1169/1725]",
    "wave 99 turn 2: replay guest crossed cmd:99:2 through real public COMMAND=opened",
    "wave 99: reward shop owner=host leave",
    "wave 100 turn 1: replay guest crossed cmd:100:1 through real public COMMAND=opened",
    "wave 100: host slot move=247 guest slot move=85",
    "wave 100 turn 1: progress enemyHp=[326:0/239,606:0/243] playerHp=[890:1471/2065,150:1169/1725]",
    "wave 100: biome market owner=guest leave",
    "wave 100: drained 1 milestone reward continuation(s)",
    "wave 100: host chose Crossroads Leave through public UI",
    "wave 100: host drove World Map via public UI=true and both consumed 1828050700909171:0:BIOME_PICK:9700118",
    "wave 101 turn 1: replay guest crossed cmd:101:1 through real public COMMAND=opened",
    "wave 101: BIOME 22->11",
    "wave 101: host slot move=34 guest slot move=34",
    "wave 101 turn 1: guest SWITCH -> party[3]",
    "wave 101 turn 1: progress enemyHp=[277:193/193,112:272/272] playerHp=[890:2065/2065,384:1715/1715]",
    "wave 101 turn 2: replay guest crossed cmd:101:2 through real public COMMAND=opened",
    "wave 101: reward shop owner=guest take-nonparty",
    "wave 102 turn 1: replay guest crossed cmd:102:1 through real public COMMAND=opened",
    "wave 102: host slot move=34 guest slot move=247",
    "wave 102 turn 1: progress enemyHp=[521:0/241,663:0/230] playerHp=[890:2065/2065,384:1501/1715]",
    "wave 102: reward shop owner=host leave",
    "wave 103 turn 1: replay guest crossed cmd:103:1 through real public COMMAND=opened",
    "wave 103: host slot move=85 guest slot move=85",
    "wave 103 turn 1: guest SWITCH -> party[3]",
    "wave 103 turn 1: progress enemyHp=[21:0/174,521:258/258] playerHp=[890:2008/2065,150:1725/1725]",
    "wave 103 turn 2: replay guest crossed cmd:103:2 through real public COMMAND=opened",
    "wave 103: reward shop owner=guest leave",
    "wave 104 turn 1: replay guest crossed cmd:104:1 through real public COMMAND=opened",
    "wave 104: host slot move=247 guest slot move=85",
    "wave 104 turn 1: progress enemyHp=[334:0/226,334:0/212] playerHp=[890:1978/2065,150:1725/1725]",
    "wave 104: reward shop owner=host leave",
    "wave 105 turn 1: replay guest crossed cmd:105:1 through real public COMMAND=opened",
    "wave 105: host slot move=34 guest slot move=53",
    "wave 105 turn 1: progress enemyHp=[526:1/244,630:0/287] playerHp=[890:2027/2065,150:1725/1725]",
    "wave 105 turn 2: replay guest crossed cmd:105:2 through real public COMMAND=opened",
    "wave 105 turn 2: host SWITCH -> party[2]",
    "wave 105: reward shop owner=guest leave",
    "wave 105: host chose Crossroads Leave through public UI",
    "wave 105: host drove World Map via public UI=true and both consumed 1828050700909171:0:BIOME_PICK:9700124",
    "wave 106 turn 1: replay guest crossed cmd:106:1 through real public COMMAND=opened",
    "wave 106: BIOME 11->18",
    "wave 106: host slot move=85 guest slot move=53",
    "wave 106 turn 1: guest SWITCH -> party[3]",
    "wave 106 turn 1: progress enemyHp=[325:0/205,323:237/237] playerHp=[493:1632/1865,384:1715/1715]",
    "wave 106 turn 2: replay guest crossed cmd:106:2 through real public COMMAND=opened",
    "wave 106 turn 2: host SWITCH -> party[2]",
    "wave 106 turn 2: guest SWITCH -> party[3]",
    "wave 106 turn 3: replay guest crossed cmd:106:3 through real public COMMAND=opened",
    "wave 106: reward shop owner=guest take-nonparty",
    "wave 107 turn 1: replay guest crossed cmd:107:1 through real public COMMAND=opened",
    "wave 107: host slot move=53 guest slot move=34",
    "wave 107 turn 1: progress enemyHp=[334:0/217,308:0/195] playerHp=[890:2065/2065,150:1725/1725]",
    "wave 107: reward shop owner=host take-nonparty",
    "wave 108 turn 1: replay guest crossed cmd:108:1 through real public COMMAND=opened",
    "wave 108: host slot move=247 guest slot move=85",
    "wave 108 turn 1: progress enemyHp=[758:0/234,721:0/236] playerHp=[890:2065/2065,150:1725/1725]",
    "wave 108: reward shop owner=guest leave",
    "wave 108: drained 1 milestone reward continuation(s)",
    "wave 109 turn 1: replay guest crossed cmd:109:1 through real public COMMAND=opened",
    "wave 109: host slot move=247 guest slot move=53",
    "wave 109 turn 1: progress enemyHp=[467:0/248,59:0/268] playerHp=[890:2065/2065,150:1700/1725]",
    "wave 109: reward shop owner=host leave",
    "wave 109: drained 1 milestone reward continuation(s)",
    "wave 110 turn 1: replay guest crossed cmd:110:1 through real public COMMAND=opened",
    "wave 110: TRAINER (random)",
    "wave 110: host slot move=85 guest slot move=85",
    "wave 110 turn 1: progress enemyHp=[10787:0/276,38:0/256] playerHp=[890:1974/2065,150:1593/1725]",
    "wave 110 turn 2: replay guest crossed cmd:110:2 through real public COMMAND=opened",
    "wave 110 turn 3: replay guest crossed cmd:110:3 through real public COMMAND=opened",
    "wave 110: biome market owner=guest leave",
    "wave 110: drained 1 milestone reward continuation(s)",
    "wave 110: host chose Crossroads Leave through public UI",
    "wave 110: host drove World Map via public UI=true and both consumed 1828050700909171:0:BIOME_PICK:9700130",
    "wave 111 turn 1: replay guest crossed cmd:111:1 through real public COMMAND=opened",
    "wave 111: BIOME 18->8",
    "wave 111: host slot move=53 guest slot move=34",
    "wave 111 turn 1: progress enemyHp=[565:0/235,692:0/228] playerHp=[890:2065/2065,150:1725/1725]",
    "wave 111: reward shop owner=guest leave",
    "wave 112 turn 1: replay guest crossed cmd:112:1 through real public COMMAND=opened",
    "wave 112: TRAINER (fixed)",
    "wave 112: host slot move=34 guest slot move=85",
    "wave 112 turn 1: progress enemyHp=[508:0/283,584:0/258] playerHp=[890:1972/2065,150:1618/1725]",
    "wave 112 turn 2: replay guest crossed cmd:112:2 through real public COMMAND=opened",
    "wave 112 turn 3: replay guest crossed cmd:112:3 through real public COMMAND=opened",
    "wave 112: reward shop owner=host take-nonparty",
    "wave 113 turn 1: replay guest crossed cmd:113:1 through real public COMMAND=opened",
    "wave 113: host slot move=34 guest slot move=53",
    "wave 113 turn 1: guest SWITCH -> party[3]",
    "wave 113 turn 1: progress enemyHp=[91:201/201,748:223/237] playerHp=[890:1491/2065,384:1608/1715]",
    "wave 113 turn 2: replay guest crossed cmd:113:2 through real public COMMAND=opened",
    "wave 113 turn 2: guest SWITCH -> party[3]",
    "wave 113 turn 3: replay guest crossed cmd:113:3 through real public COMMAND=opened",
    "wave 113 turn 4: replay guest crossed cmd:113:4 through real public COMMAND=opened",
    "wave 113: reward shop owner=guest take-nonparty",
    "wave 114 turn 1: replay guest crossed cmd:114:1 through real public COMMAND=opened",
    "wave 114: TRAINER (fixed)",
    "wave 114: DIGEST mismatch @wave-start class=unexpected fields=[field] -> one-heal resync",
    "wave 114: host slot move=85 guest slot move=247",
    "wave 114 turn 1: progress enemyHp=[4555:0/345,571:0/243] playerHp=[890:1182/2065,150:1404/1725]",
    "wave 114 turn 2: replay guest crossed cmd:114:2 through real public COMMAND=opened",
    "wave 114 turn 3: replay guest crossed cmd:114:3 through real public COMMAND=opened",
    "wave 114: reward shop owner=host leave",
    "wave 115 turn 1: replay guest crossed cmd:115:1 through real public COMMAND=opened",
    "wave 115: TRAINER (fixed)",
    "wave 115: host slot move=247 guest slot move=34",
    "wave 115 turn 1: guest SWITCH -> party[3]",
    "wave 115 turn 1: progress enemyHp=[563:0/279,537:330/330] playerHp=[890:1262/2065,384:1707/1715]",
    "wave 115 turn 2: replay guest crossed cmd:115:2 through real public COMMAND=opened",
    "wave 115 turn 2: host SWITCH -> party[2]",
    "wave 115 turn 3: replay guest crossed cmd:115:3 through real public COMMAND=opened",
    "wave 115 turn 4: replay guest crossed cmd:115:4 through real public COMMAND=opened",
    "wave 115: reward shop owner=guest leave",
    "wave 115: host chose Crossroads Leave through public UI",
    "wave 115: host drove World Map via public UI=true and both consumed 1828050700909171:0:BIOME_PICK:9700136",
    "wave 116 turn 1: replay guest crossed cmd:116:1 through real public COMMAND=opened",
    "wave 116: BIOME 8->6",
    "wave 116: host slot move=247 guest slot move=85",
    "wave 116 turn 1: progress enemyHp=[321:0/393,321:0/411] playerHp=[493:1865/1865,384:1589/1715]",
    "wave 116: reward shop owner=guest take-nonparty",
    "wave 117 turn 1: replay guest crossed cmd:117:1 through real public COMMAND=opened",
    "wave 117 turn 1: host SWITCH -> party[2]",
    "wave 117: host slot move=34 guest slot move=53",
    "wave 117 turn 1: progress enemyHp=[456:209/209,687:0/291] playerHp=[890:2065/2065,384:1589/1715]",
    "wave 117 turn 2: replay guest crossed cmd:117:2 through real public COMMAND=opened",
    "wave 117 turn 2: guest SWITCH -> party[3]",
    "wave 117: reward shop owner=host take-nonparty",
    "wave 118 turn 1: replay guest crossed cmd:118:1 through real public COMMAND=opened",
    "wave 118 turn 1: host SWITCH -> party[2]",
    "wave 118: host slot move=85 guest slot move=247",
    "wave 118 turn 1: progress enemyHp=[62:299/299,72:0/189] playerHp=[493:1865/1865,150:1725/1725]",
    "wave 118 turn 2: replay guest crossed cmd:118:2 through real public COMMAND=opened",
    "wave 118: reward shop owner=guest take-nonparty",
    "wave 119 turn 1: replay guest crossed cmd:119:1 through real public COMMAND=opened",
    "wave 119: host slot move=53 guest slot move=34",
    "wave 119 turn 1: progress enemyHp=[319:0/259,130:0/302] playerHp=[493:1865/1865,150:1725/1725]",
    "wave 119: reward shop owner=host leave",
    "wave 120 turn 1: replay guest crossed cmd:120:1 through real public COMMAND=opened",
    "wave 120: host slot move=247 guest slot move=85",
    "wave 120 turn 1: progress enemyHp=[516:0/382,457:0/292] playerHp=[493:1865/1865,150:1725/1725]",
    "wave 120: biome market owner=guest leave",
    "wave 120: drained 1 milestone reward continuation(s)",
    "wave 120: host chose Crossroads Leave through public UI",
    "wave 120: host drove World Map via public UI=true and both consumed 1828050700909171:0:BIOME_PICK:9700142",
    "wave 121 turn 1: replay guest crossed cmd:121:1 through real public COMMAND=opened",
    "wave 121: BIOME 6->10",
    "wave 121: DIGEST mismatch @wave-start class=unexpected fields=[field] -> one-heal resync",
    "wave 121: host slot move=34 guest slot move=53",
    "wave 121 turn 1: guest SWITCH -> party[3]",
    "wave 121 turn 1: progress enemyHp=[382:0/308,224:248/248] playerHp=[493:1839/1865,384:1699/1715]",
    "wave 121 turn 2: replay guest crossed cmd:121:2 through real public COMMAND=opened",
    "wave 121 turn 2: host SWITCH -> party[2]",
    "wave 121: reward shop owner=guest leave",
    "wave 121: drained 1 milestone reward continuation(s)",
    "wave 122 turn 1: replay guest crossed cmd:122:1 through real public COMMAND=opened",
    "wave 122: host slot move=85 guest slot move=247",
    "wave 122 turn 1: progress enemyHp=[370:0/237,977:0/419] playerHp=[890:2065/2065,384:1699/1715]",
    "wave 122: reward shop owner=host leave",
    "wave 123 turn 1: replay guest crossed cmd:123:1 through real public COMMAND=opened",
    "wave 123 turn 1: host SWITCH -> party[2]",
    "wave 123: host slot move=53 guest slot move=247",
    "wave 123 turn 1: progress enemyHp=[321:451/451,593:0/351] playerHp=[493:1865/1865,384:1668/1715]",
    "wave 123 turn 2: replay guest crossed cmd:123:2 through real public COMMAND=opened",
    "wave 123: reward shop owner=guest leave",
    "wave 123: drained 1 milestone reward continuation(s)",
    "wave 124 turn 1: replay guest crossed cmd:124:1 through real public COMMAND=opened",
    "wave 124 turn 1: host SWITCH -> party[2]",
    "wave 124: host slot move=247 guest slot move=85",
    "wave 124 turn 1: progress enemyHp=[847:263/263,977:0/393] playerHp=[890:2065/2065,384:1668/1715]",
    "wave 124 turn 2: replay guest crossed cmd:124:2 through real public COMMAND=opened",
    "wave 124: reward shop owner=host take-nonparty",
    "wave 125 turn 1: replay guest crossed cmd:125:1 through real public COMMAND=opened",
    "wave 125: host slot move=34 guest slot move=53",
    "wave 125 turn 1: progress enemyHp=[847:0/242,350:105/331] playerHp=[890:2065/2065,384:1668/1715]",
    "wave 125 turn 2: replay guest crossed cmd:125:2 through real public COMMAND=opened",
    "wave 125 turn 2: guest SWITCH -> party[3]",
    "wave 125: reward shop owner=guest leave",
    "wave 125: host chose Crossroads Leave through public UI",
    "wave 125: host drove World Map via public UI=true and both consumed 1828050700909171:0:BIOME_PICK:9700148",
    "wave 126 turn 1: replay guest crossed cmd:126:1 through real public COMMAND=opened",
    "wave 126: BIOME 10->13",
    "wave 126: host slot move=53 guest slot move=53",
    "wave 126 turn 1: progress enemyHp=[660:0/280,217:0/293] playerHp=[890:2065/2065,150:1725/1725]",
    "wave 126: reward shop owner=guest leave",
    "wave 127 turn 1: replay guest crossed cmd:127:1 through real public COMMAND=opened",
    "wave 127: host slot move=53 guest slot move=34",
    "wave 127 turn 1: progress enemyHp=[217:0/305,660:0/298] playerHp=[890:2065/2065,150:1725/1725]",
    "wave 127: reward shop owner=host leave",
    "wave 128 turn 1: replay guest crossed cmd:128:1 through real public COMMAND=opened",
    "wave 128: host slot move=247 guest slot move=53",
    "wave 128 turn 1: guest SWITCH -> party[3]",
    "wave 128 turn 1: progress enemyHp=[213:243/243,660:304/304] playerHp=[890:2065/2065,384:1696/1715]",
    "wave 128 turn 2: replay guest crossed cmd:128:2 through real public COMMAND=opened",
    "wave 128: reward shop owner=guest leave",
    "wave 128: drained 1 milestone reward continuation(s)",
    "wave 129 turn 1: replay guest crossed cmd:129:1 through real public COMMAND=opened",
    "wave 129: host slot move=34 guest slot move=53",
    "wave 129 turn 1: progress enemyHp=[768:0/282,715:0/317] playerHp=[890:2065/2065,384:1696/1715]",
    "wave 129: reward shop owner=host leave",
    "wave 129: drained 1 milestone reward continuation(s)",
    "wave 130 turn 1: replay guest crossed cmd:130:1 through real public COMMAND=opened",
    "wave 130: host slot move=53 guest slot move=247",
    "wave 130 turn 1: progress enemyHp=[901:0/420,480:0/305] playerHp=[890:1927/2065,384:1696/1715]",
    "wave 130: biome market owner=guest leave",
    "wave 130: drained 1 milestone reward continuation(s)",
    "wave 130: host chose Crossroads Leave through public UI",
    "wave 130: host drove World Map via public UI=true and both consumed 1828050700909171:0:BIOME_PICK:9700154",
    "wave 131 turn 1: replay guest crossed cmd:131:1 through real public COMMAND=opened",
    "wave 131: BIOME 13->12",
    "wave 131: host slot move=247 guest slot move=247",
    "wave 131 turn 1: progress enemyHp=[232:0/327,750:0/354] playerHp=[890:1958/2065,384:1608/1715]",
    "wave 131: reward shop owner=guest take-nonparty",
    "wave 132 turn 1: replay guest crossed cmd:132:1 through real public COMMAND=opened",
    "wave 132: host slot move=247 guest slot move=247",
    "wave 132 turn 1: progress enemyHp=[50:0/173,529:0/253] playerHp=[890:1901/2065,384:1501/1715]",
    "wave 132: reward shop owner=host leave",
    "wave 133 turn 1: replay guest crossed cmd:133:1 through real public COMMAND=opened",
    "wave 133: host slot move=34 guest slot move=247",
    "wave 133 turn 1: progress enemyHp=[50:0/162,76:1/333] playerHp=[890:1848/2065,384:1394/1715]",
    "wave 133 turn 2: replay guest crossed cmd:133:2 through real public COMMAND=opened",
    "wave 133: reward shop owner=guest leave",
    "wave 134 turn 1: replay guest crossed cmd:134:1 through real public COMMAND=opened",
    "wave 134: host slot move=53 guest slot move=53",
    "wave 134 turn 1: progress enemyHp=[645:0/340,232:0/321] playerHp=[890:1735/2065,384:1180/1715]",
    "wave 134: reward shop owner=host leave",
    "wave 134: drained 1 milestone reward continuation(s)",
    "wave 135 turn 1: replay guest crossed cmd:135:1 through real public COMMAND=opened",
    "wave 135: host slot move=247 guest slot move=247",
    "wave 135 turn 1: progress enemyHp=[208:0/307,750:0/350] playerHp=[890:1634/2065,384:1073/1715]",
    "wave 135: reward shop owner=guest leave",
    "wave 135: drained 1 milestone reward continuation(s)",
    "wave 135: host chose Crossroads Leave through public UI",
    "wave 135: host drove World Map via public UI=true and both consumed 1828050700909171:0:BIOME_PICK:9700160",
    "wave 136 turn 1: replay guest crossed cmd:136:1 through real public COMMAND=opened",
    "wave 136: BIOME 12->14",
    "wave 136: DIGEST mismatch @wave-start class=unexpected fields=[field] -> one-heal resync",
    "wave 136: host slot move=247 guest slot move=34",
    "wave 136 turn 1: progress enemyHp=[346:0/368,28:0/356] playerHp=[890:1506/2065,384:966/1715]",
    "wave 136: reward shop owner=guest leave",
    "wave 136: drained 1 milestone reward continuation(s)",
    "wave 137 turn 1: replay guest crossed cmd:137:1 through real public COMMAND=opened",
    "wave 137: host slot move=34 guest slot move=34",
    "wave 137 turn 1: progress enemyHp=[85:0/345,695:0/272] playerHp=[890:1393/2065,384:859/1715]",
    "wave 137: reward shop owner=host leave",
    "wave 137: drained 1 milestone reward continuation(s)",
    "wave 138 turn 1: replay guest crossed cmd:138:1 through real public COMMAND=opened",
    "wave 138: host slot move=247 guest slot move=53",
    "wave 138 turn 1: guest SWITCH -> party[3]",
    "wave 138 turn 1: progress enemyHp=[968:0/313,330:338/338] playerHp=[890:1290/2065,150:1589/1725]",
    "wave 138 turn 2: replay guest crossed cmd:138:2 through real public COMMAND=opened",
    "wave 138: reward shop owner=guest take-nonparty",
    "wave 139 turn 1: replay guest crossed cmd:139:1 through real public COMMAND=opened",
    "wave 139: host slot move=247 guest slot move=247",
    "wave 139 turn 1: progress enemyHp=[28:0/347,452:0/286] playerHp=[890:1176/2065,150:1375/1725]",
    "wave 139: reward shop owner=host leave",
    "wave 139: drained 1 milestone reward continuation(s)",
    "wave 140 turn 1: replay guest crossed cmd:140:1 through real public COMMAND=opened",
    "wave 140: TRAINER (random)",
    "wave 140: host slot move=247 guest slot move=85",
    "wave 140 turn 1: progress enemyHp=[10001:1/386,10361:0/328] playerHp=[890:1049/2065,150:1210/1725]",
    "wave 140 turn 2: replay guest crossed cmd:140:2 through real public COMMAND=opened",
    "wave 140 turn 2: host SWITCH -> party[2]",
    "wave 140 turn 3: replay guest crossed cmd:140:3 through real public COMMAND=opened",
    "wave 140 turn 4: replay guest crossed cmd:140:4 through real public COMMAND=opened",
    "wave 140: biome market owner=guest leave",
    "wave 140: drained 1 milestone reward continuation(s)",
    "wave 140: host chose Crossroads Leave through public UI",
    "wave 140: host drove World Map via public UI=true and both consumed 1828050700909171:0:BIOME_PICK:9700166",
    "wave 141 turn 1: replay guest crossed cmd:141:1 through real public COMMAND=opened",
    "wave 141: BIOME 14->22",
    "wave 141 turn 1: host SWITCH -> party[2]",
    "wave 141: host slot move=34 guest slot move=34",
    "wave 141 turn 1: progress enemyHp=[201:289/289,344:0/308] playerHp=[890:2065/2065,150:1725/1725]",
    "wave 141 turn 2: replay guest crossed cmd:141:2 through real public COMMAND=opened",
    "wave 141 turn 2: guest SWITCH -> party[3]",
    "wave 141: reward shop owner=guest take-nonparty",
    "wave 142 turn 1: replay guest crossed cmd:142:1 through real public COMMAND=opened",
    "wave 142: host slot move=85 guest slot move=247",
    "wave 142 turn 1: progress enemyHp=[178:0/349,202:0/572] playerHp=[890:2065/2065,384:1143/1715]",
    "wave 142: reward shop owner=host leave",
    "wave 142: drained 1 milestone reward continuation(s)",
    "wave 143 turn 1: replay guest crossed cmd:143:1 through real public COMMAND=opened",
    "wave 143: host slot move=53 guest slot move=34",
    "wave 143 turn 1: progress enemyHp=[202:0/577,178:0/325] playerHp=[890:1427/2065,384:1143/1715]",
    "wave 143: reward shop owner=guest leave",
    "wave 143: drained 1 milestone reward continuation(s)",
    "wave 144 turn 1: replay guest crossed cmd:144:1 through real public COMMAND=opened",
    "wave 144: host slot move=85 guest slot move=85",
    "wave 144 turn 1: progress enemyHp=[97:0/379,178:0/349] playerHp=[890:1431/2065,384:1143/1715]",
    "wave 144: reward shop owner=host take-nonparty",
    "wave 145 turn 1: replay guest crossed cmd:145:1 through real public COMMAND=opened",
    "wave 145: TRAINER (fixed)",
    "wave 145: host slot move=34 guest slot move=53",
    "wave 145 turn 1: progress enemyHp=[655:0/372,941:0/354] playerHp=[890:928/2065,384:715/1715]",
    "wave 145 turn 2: replay guest crossed cmd:145:2 through real public COMMAND=opened",
    "wave 145 turn 2: host SWITCH -> party[2]",
    "wave 145 turn 2: guest SWITCH -> party[3]",
    "wave 145 turn 3: replay guest crossed cmd:145:3 through real public COMMAND=opened",
    "wave 145 turn 4: replay guest crossed cmd:145:4 through real public COMMAND=opened",
    "wave 145: reward shop owner=guest leave",
    "wave 145: drained 1 milestone reward continuation(s)",
    "wave 145: host chose Crossroads Leave through public UI",
    "wave 145: host drove World Map via public UI=true and both consumed 1828050700909171:0:BIOME_PICK:9700172",
    "wave 146 turn 1: replay guest crossed cmd:146:1 through real public COMMAND=opened",
    "wave 146: BIOME 22->11",
    "wave 146: host slot move=34 guest slot move=247",
    "wave 146 turn 1: progress enemyHp=[21:0/239,306:0/318] playerHp=[493:1865/1865,150:1562/1725]",
    "wave 146: reward shop owner=guest leave",
    "wave 147 turn 1: replay guest crossed cmd:147:1 through real public COMMAND=opened",
    "wave 147: host slot move=53 guest slot move=34",
    "wave 147 turn 1: guest SWITCH -> party[3]",
    "wave 147 turn 1: progress enemyHp=[464:0/432,257:341/341] playerHp=[493:1865/1865,384:1697/1715]",
    "wave 147 turn 2: replay guest crossed cmd:147:2 through real public COMMAND=opened",
    "wave 147: reward shop owner=host leave",
    "wave 148 turn 1: replay guest crossed cmd:148:1 through real public COMMAND=opened",
    "wave 148: host slot move=247 guest slot move=85",
    "wave 148 turn 1: progress enemyHp=[218:0/263,18:0/357] playerHp=[493:1865/1865,384:1697/1715]",
    "wave 148: reward shop owner=guest take-nonparty",
    "wave 149 turn 1: replay guest crossed cmd:149:1 through real public COMMAND=opened",
    "wave 149: host slot move=34 guest slot move=53",
    "wave 149 turn 1: progress enemyHp=[18:0/363,526:179/356] playerHp=[493:1865/1865,384:1697/1715]",
    "wave 149 turn 2: replay guest crossed cmd:149:2 through real public COMMAND=opened",
    "wave 149: reward shop owner=host take-nonparty",
    "wave 150 turn 1: replay guest crossed cmd:150:1 through real public COMMAND=opened",
    "wave 150: host slot move=85 guest slot move=247",
    "wave 150 turn 1: progress enemyHp=[306:0/411,630:268/535] playerHp=[493:1865/1865,384:1697/1715]",
    "wave 150 turn 2: replay guest crossed cmd:150:2 through real public COMMAND=opened",
    "wave 150: biome market owner=guest leave",
    "wave 150: drained 1 milestone reward continuation(s)",
    "wave 150: host drove World Map via public UI=true and both consumed 1828050700909171:0:BIOME_PICK:9700178",
    "wave 151 turn 1: replay guest crossed cmd:151:1 through real public COMMAND=opened",
    "wave 151: BIOME 11->18",
    "wave 151: host slot move=247 guest slot move=34",
    "wave 151 turn 1: guest SWITCH -> party[3]",
    "wave 151 turn 1: progress enemyHp=[936:0/359,146:401/401] playerHp=[493:1865/1865,150:1725/1725]",
    "wave 151 turn 2: replay guest crossed cmd:151:2 through real public COMMAND=opened",
    "wave 151: reward shop owner=guest leave",
    "wave 151: drained 1 milestone reward continuation(s)",
    "wave 152 turn 1: replay guest crossed cmd:152:1 through real public COMMAND=opened",
    "wave 152: host slot move=247 guest slot move=85",
    "wave 152 turn 1: guest SWITCH -> party[3]",
    "wave 152 turn 1: progress enemyHp=[839:448/448,776:331/331] playerHp=[493:1865/1865,384:1715/1715]",
    "wave 152 turn 2: replay guest crossed cmd:152:2 through real public COMMAND=opened",
    "wave 152 turn 2: guest SWITCH -> party[3]",
    "wave 152 turn 3: replay guest crossed cmd:152:3 through real public COMMAND=opened",
    "wave 152: reward shop owner=host leave",
    "wave 153 turn 1: replay guest crossed cmd:153:1 through real public COMMAND=opened",
    "wave 153: host slot move=34 guest slot move=53",
    "wave 153 turn 1: progress enemyHp=[776:0/308,631:0/383] playerHp=[493:1632/1865,150:1404/1725]",
    "wave 153: reward shop owner=guest leave",
    "wave 153: drained 1 milestone reward continuation(s)",
    "wave 154 turn 1: replay guest crossed cmd:154:1 through real public COMMAND=opened",
    "wave 154: host slot move=85 guest slot move=247",
    "wave 154 turn 1: guest SWITCH -> party[3]",
    "wave 154 turn 1: progress enemyHp=[839:0/469,637:374/374] playerHp=[493:1632/1865,384:1673/1715]",
    "wave 154 turn 2: replay guest crossed cmd:154:2 through real public COMMAND=opened",
    "wave 154 turn 2: guest SWITCH -> party[3]",
    "wave 154: reward shop owner=host leave",
    "wave 154: drained 1 milestone reward continuation(s)",
    "wave 155 turn 1: replay guest crossed cmd:155:1 through real public COMMAND=opened",
    "wave 155: host slot move=247 guest slot move=34",
    "wave 155 turn 1: progress enemyHp=[219:0/306,1004:0/313] playerHp=[493:1632/1865,150:1511/1725]",
    "wave 155: reward shop owner=guest leave",
    "wave 155: drained 1 milestone reward continuation(s)",
    "wave 156 turn 1: replay guest crossed cmd:156:1 through real public COMMAND=opened",
    "wave 156: host slot move=247 guest slot move=34",
    "wave 156 turn 1: progress enemyHp=[59:0/389,485:204/407] playerHp=[493:1632/1865,150:1272/1725]",
    "wave 156 turn 2: replay guest crossed cmd:156:2 through real public COMMAND=opened",
    "wave 156: reward shop owner=host leave",
    "wave 156: drained 1 milestone reward continuation(s)",
    "wave 157 turn 1: replay guest crossed cmd:157:1 through real public COMMAND=opened",
    "wave 157 turn 1: host SWITCH -> party[2]",
    "wave 157: host slot move=34 guest slot move=34",
    "wave 157 turn 1: guest SWITCH -> party[3]",
    "wave 157 turn 1: progress enemyHp=[631:398/398,219:323/323] playerHp=[890:2065/2065,384:1649/1715]",
    "wave 157 turn 2: replay guest crossed cmd:157:2 through real public COMMAND=opened",
    "wave 157: reward shop owner=guest leave",
    "wave 157: drained 1 milestone reward continuation(s)",
    "wave 158 turn 1: replay guest crossed cmd:158:1 through real public COMMAND=opened",
    "wave 158: host slot move=85 guest slot move=247",
    "wave 158 turn 1: progress enemyHp=[324:0/370,325:0/341] playerHp=[890:2065/2065,384:1649/1715]",
    "wave 158: reward shop owner=host take-nonparty",
    "wave 159 turn 1: replay guest crossed cmd:159:1 through real public COMMAND=opened",
    "wave 159: host slot move=53 guest slot move=34",
    "wave 159 turn 1: guest SWITCH -> party[3]",
    "wave 159 turn 1: progress enemyHp=[261:0/281,325:341/341] playerHp=[890:2065/2065,150:1725/1725]",
    "wave 159 turn 2: replay guest crossed cmd:159:2 through real public COMMAND=opened",
    "wave 159 turn 2: host SWITCH -> party[2]",
    "wave 159: reward shop owner=guest leave",
    "wave 160 turn 1: replay guest crossed cmd:160:1 through real public COMMAND=opened",
    "wave 160: host slot move=247 guest slot move=85",
    "wave 160 turn 1: progress enemyHp=[6059:0/467,776:0/411] playerHp=[493:1865/1865,150:1725/1725]",
    "wave 160: biome market owner=host leave",
    "wave 160: drained 1 milestone reward continuation(s)",
    "wave 160: guest drove World Map via public UI=true and both consumed 1828050700909171:1:BIOME_PICK:9700189",
    "wave 161 turn 1: replay guest crossed cmd:161:1 through real public COMMAND=opened",
    "wave 161: BIOME 18->8",
    "wave 161: host slot move=34 guest slot move=53",
    "wave 161 turn 1: progress enemyHp=[693:0/407,693:0/429] playerHp=[493:1865/1865,150:1725/1725]",
    "wave 161: reward shop owner=host take-nonparty",
    "wave 162 turn 1: replay guest crossed cmd:162:1 through real public COMMAND=opened",
    "wave 162: host slot move=85 guest slot move=53",
    "wave 162 turn 1: progress enemyHp=[689:0/356,769:0/344] playerHp=[493:1865/1865,150:1725/1725]",
    "wave 162: reward shop owner=guest leave",
    "wave 163 turn 1: replay guest crossed cmd:163:1 through real public COMMAND=opened",
    "wave 163: host slot move=53 guest slot move=34",
    "wave 163 turn 1: progress enemyHp=[960:0/232,978:0/365] playerHp=[493:1865/1865,150:1725/1725]",
    "wave 163: reward shop owner=host take-nonparty",
    "wave 164 turn 1: replay guest crossed cmd:164:1 through real public COMMAND=opened",
    "wave 164: TRAINER (fixed)",
    "wave 164: host slot move=247 guest slot move=85",
    "wave 164 turn 1: progress enemyHp=[474:0/482,476:0/401] playerHp=[493:1865/1865,150:1725/1725]",
    "wave 164 turn 2: replay guest crossed cmd:164:2 through real public COMMAND=opened",
    "wave 164 turn 2: host SWITCH -> party[2]",
    "wave 164 turn 3: replay guest crossed cmd:164:3 through real public COMMAND=opened",
    "wave 164 turn 4: replay guest crossed cmd:164:4 through real public COMMAND=opened",
    "wave 164: reward shop owner=guest take-nonparty",
    "wave 165 turn 1: replay guest crossed cmd:165:1 through real public COMMAND=opened",
    "wave 165: TRAINER (fixed)",
    "wave 165: host slot move=247 guest slot move=247",
    "wave 165 turn 1: progress enemyHp=[867:0/387,593:0/566] playerHp=[890:1532/2065,150:1725/1725]",
    "wave 165 turn 2: replay guest crossed cmd:165:2 through real public COMMAND=opened",
    "wave 165 turn 2: guest SWITCH -> party[3]",
    "wave 165 turn 3: replay guest crossed cmd:165:3 through real public COMMAND=opened",
    "wave 165 turn 4: replay guest crossed cmd:165:4 through real public COMMAND=opened",
    "wave 165: reward shop owner=host leave",
    "wave 165: drained 1 milestone reward continuation(s)",
    "wave 166 turn 1: replay guest crossed cmd:166:1 through real public COMMAND=opened",
    "wave 166: host slot move=85 guest slot move=247",
    "wave 166 turn 1: progress enemyHp=[414:0/364,414:0/385] playerHp=[493:1865/1865,384:1715/1715]",
    "wave 166: reward shop owner=guest take-nonparty",
    "wave 167 turn 1: replay guest crossed cmd:167:1 through real public COMMAND=opened",
    "wave 167: host slot move=53 guest slot move=34",
    "wave 167 turn 1: progress enemyHp=[692:0/405,121:0/341] playerHp=[493:1865/1865,384:1711/1715]",
    "wave 167: reward shop owner=host take-nonparty",
    "wave 168 turn 1: replay guest crossed cmd:168:1 through real public COMMAND=opened",
    "wave 168: host slot move=247 guest slot move=85",
    "wave 168 turn 1: progress enemyHp=[121:0/343,558:0/392] playerHp=[493:1865/1865,384:1711/1715]",
    "wave 168: reward shop owner=guest leave",
    "wave 169 turn 1: replay guest crossed cmd:169:1 through real public COMMAND=opened",
    "wave 169: host slot move=247 guest slot move=53",
    "wave 169 turn 1: progress enemyHp=[769:0/354,558:0/389] playerHp=[493:1865/1865,384:1711/1715]",
    "wave 169: reward shop owner=host take-nonparty",
    "wave 170 turn 1: replay guest crossed cmd:170:1 through real public COMMAND=opened",
    "wave 170: TRAINER (random)",
    "wave 170: host slot move=85 guest slot move=247",
    "wave 170 turn 1: progress enemyHp=[10421:0/526,230:0/448] playerHp=[493:1865/1865,384:1711/1715]",
    "wave 170 turn 2: replay guest crossed cmd:170:2 through real public COMMAND=opened",
    "wave 170 turn 3: replay guest crossed cmd:170:3 through real public COMMAND=opened",
    "wave 170: biome market owner=guest leave",
    "wave 170: drained 1 milestone reward continuation(s)",
    "wave 170: host drove World Map via public UI=true and both consumed 1828050700909171:0:BIOME_PICK:9700200",
    "wave 171 turn 1: replay guest crossed cmd:171:1 through real public COMMAND=opened",
    "wave 171: BIOME 8->6",
    "wave 171: host slot move=53 guest slot move=34",
    "wave 171 turn 1: guest SWITCH -> party[3]",
    "wave 171 turn 1: progress enemyHp=[279:0/383,321:627/627] playerHp=[493:1865/1865,150:1679/1725]",
    "wave 171 turn 2: replay guest crossed cmd:171:2 through real public COMMAND=opened",
    "wave 171 turn 2: host SWITCH -> party[2]",
    "wave 171 turn 2: guest SWITCH -> party[3]",
    "wave 171 turn 3: replay guest crossed cmd:171:3 through real public COMMAND=opened",
    "wave 171: reward shop owner=guest leave",
    "wave 172 turn 1: replay guest crossed cmd:172:1 through real public COMMAND=opened",
    "wave 172: TRAINER (random)",
    "wave 172: DIGEST mismatch @wave-start class=unexpected fields=[field] -> one-heal resync",
    "wave 172: host slot move=247 guest slot move=85",
    "wave 172 turn 1: progress enemyHp=[70003:0/504,771:0/552] playerHp=[890:2065/2065,384:1145/1715]",
    "wave 172: reward shop owner=host take-nonparty",
    "wave 173 turn 1: replay guest crossed cmd:173:1 through real public COMMAND=opened",
    "wave 173: host slot move=34 guest slot move=53",
    "wave 173 turn 1: progress enemyHp=[565:134/411,130:37/478] playerHp=[890:2065/2065,384:1080/1715]",
    "wave 173 turn 2: replay guest crossed cmd:173:2 through real public COMMAND=opened",
    "wave 173 turn 2: guest SWITCH -> party[3]",
    "wave 173 turn 3: replay guest crossed cmd:173:3 through real public COMMAND=opened",
    "wave 173: reward shop owner=guest leave",
    "wave 174 turn 1: replay guest crossed cmd:174:1 through real public COMMAND=opened",
    "wave 174: host slot move=85 guest slot move=247",
    "wave 174 turn 1: progress enemyHp=[131:0/592,199:0/462] playerHp=[890:1870/2065,150:1618/1725]",
    "wave 174: reward shop owner=host take-nonparty",
    "wave 175 turn 1: replay guest crossed cmd:175:1 through real public COMMAND=opened",
    "wave 175: host slot move=53 guest slot move=34",
    "wave 175 turn 1: progress enemyHp=[230:288/406,963:0/400] playerHp=[890:1773/2065,150:1511/1725]",
    "wave 175 turn 2: replay guest crossed cmd:175:2 through real public COMMAND=opened",
    "wave 175: reward shop owner=guest leave",
    "wave 176 turn 1: replay guest crossed cmd:176:1 through real public COMMAND=opened",
    "wave 176 turn 1: host SWITCH -> party[2]",
    "wave 176: host slot move=247 guest slot move=85",
    "wave 176 turn 1: progress enemyHp=[72:300/320,80:0/462] playerHp=[493:1734/1865,150:1297/1725]",
    "wave 176 turn 2: replay guest crossed cmd:176:2 through real public COMMAND=opened",
    "wave 176: reward shop owner=host take-nonparty",
    "wave 177 turn 1: replay guest crossed cmd:177:1 through real public COMMAND=opened",
    "wave 177: host slot move=34 guest slot move=53",
    "wave 177 turn 1: progress enemyHp=[321:0/704,963:0/432] playerHp=[493:1502/1865,150:1083/1725]",
    "wave 177: reward shop owner=guest leave",
    "wave 178 turn 1: replay guest crossed cmd:178:1 through real public COMMAND=opened",
    "wave 178: TRAINER (random)",
    "wave 178: host slot move=85 guest slot move=247",
    "wave 178 turn 1: progress enemyHp=[226:0/488,365:0/568] playerHp=[493:1502/1865,150:1083/1725]",
    "wave 178 turn 2: replay guest crossed cmd:178:2 through real public COMMAND=opened",
    "wave 178: reward shop owner=host take-nonparty",
    "wave 179 turn 1: replay guest crossed cmd:179:1 through real public COMMAND=opened",
    "wave 179: host slot move=53 guest slot move=247",
    "wave 179 turn 1: progress enemyHp=[845:0/453,941:0/435] playerHp=[493:1502/1865,150:1083/1725]",
    "wave 179: reward shop owner=guest leave",
    "wave 180 turn 1: replay guest crossed cmd:180:1 through real public COMMAND=opened",
    "wave 180: host slot move=247 guest slot move=85",
    "wave 180 turn 1: progress enemyHp=[964:0/609,419:0/488] playerHp=[493:1502/1865,150:1083/1725]",
    "wave 180: biome market owner=host leave",
    "wave 180: drained 1 milestone reward continuation(s)",
    "wave 180: guest drove World Map via public UI=true and both consumed 1828050700909171:1:BIOME_PICK:9700211",
    "wave 181 turn 1: replay guest crossed cmd:181:1 through real public COMMAND=opened",
    "wave 181: BIOME 6->10",
    "wave 181: host slot move=34 guest slot move=53",
    "wave 181 turn 1: progress enemyHp=[321:0/686,211:0/432] playerHp=[493:1865/1865,150:1725/1725]",
    "wave 181: reward shop owner=host leave",
    "wave 181: drained 1 milestone reward continuation(s)",
    "wave 182 turn 1: replay guest crossed cmd:182:1 through real public COMMAND=opened",
    "wave 182: TRAINER (fixed)",
    "wave 182 turn 1: host SWITCH -> party[2]",
    "wave 182: host slot move=85 guest slot move=247",
    "wave 182 turn 1: progress enemyHp=[479:422/422,103:0/568] playerHp=[890:2065/2065,150:1655/1725]",
    "wave 182 turn 2: replay guest crossed cmd:182:2 through real public COMMAND=opened",
    "wave 182 turn 3: replay guest crossed cmd:182:3 through real public COMMAND=opened",
    "wave 182 turn 4: replay guest crossed cmd:182:4 through real public COMMAND=opened",
    "wave 182: reward shop owner=guest take-nonparty",
    "wave 183 turn 1: replay guest crossed cmd:183:1 through real public COMMAND=opened",
    "wave 183: host slot move=53 guest slot move=34",
    "wave 183 turn 1: progress enemyHp=[367:1/398,72:0/343] playerHp=[890:2063/2065,150:1571/1725]",
    "wave 183 turn 2: replay guest crossed cmd:183:2 through real public COMMAND=opened",
    "wave 183: reward shop owner=host leave",
    "wave 184 turn 1: replay guest crossed cmd:184:1 through real public COMMAND=opened",
    "wave 184: TRAINER (fixed)",
    "wave 184: host slot move=247 guest slot move=85",
    "wave 184 turn 1: progress enemyHp=[227:0/523,579:0/631] playerHp=[890:2022/2065,150:1571/1725]",
    "wave 184 turn 2: replay guest crossed cmd:184:2 through real public COMMAND=opened",
    "wave 184 turn 3: replay guest crossed cmd:184:3 through real public COMMAND=opened",
    "wave 184: reward shop owner=guest take-nonparty",
    "wave 185 turn 1: replay guest crossed cmd:185:1 through real public COMMAND=opened",
    "wave 185 turn 1: host SWITCH -> party[2]",
    "wave 185: host slot move=34 guest slot move=53",
    "wave 185 turn 1: progress enemyHp=[224:465/465,977:127/686] playerHp=[493:1865/1865,150:1571/1725]",
    "wave 185 turn 2: replay guest crossed cmd:185:2 through real public COMMAND=opened",
    "wave 185: reward shop owner=host take-nonparty",
    "wave 186 turn 1: replay guest crossed cmd:186:1 through real public COMMAND=opened",
    "wave 186: TRAINER (fixed)",
    "wave 186 turn 1: host SWITCH -> party[2]",
    "wave 186: host slot move=85 guest slot move=247",
    "wave 186 turn 1: progress enemyHp=[547:525/525,730:0/533] playerHp=[890:2065/2065,150:1480/1725]",
    "wave 186 turn 2: replay guest crossed cmd:186:2 through real public COMMAND=opened",
    "wave 186 turn 2: host SWITCH -> party[2]",
    "wave 186 turn 3: replay guest crossed cmd:186:3 through real public COMMAND=opened",
    "wave 186 turn 4: replay guest crossed cmd:186:4 through real public COMMAND=opened",
    "wave 186 turn 4: guest SWITCH -> party[3]",
    "wave 186 turn 5: replay guest crossed cmd:186:5 through real public COMMAND=opened",
    "wave 186 turn 6: replay guest crossed cmd:186:6 through real public COMMAND=opened",
    "wave 186: reward shop owner=guest take-nonparty",
    "wave 187 turn 1: replay guest crossed cmd:187:1 through real public COMMAND=opened",
    "wave 187: host slot move=53 guest slot move=34",
    "wave 187 turn 1: progress enemyHp=[369:365/592,367:107/426] playerHp=[493:1612/1865,384:1555/1715]",
    "wave 187 turn 2: replay guest crossed cmd:187:2 through real public COMMAND=opened",
    "wave 187 turn 2: guest SWITCH -> party[3]",
    "wave 187 turn 3: replay guest crossed cmd:187:3 through real public COMMAND=opened",
    "wave 187 turn 3: host SWITCH -> party[2]",
    "wave 187 turn 4: replay guest crossed cmd:187:4 through real public COMMAND=opened",
    "wave 187: reward shop owner=host leave",
    "wave 187: drained 1 milestone reward continuation(s)",
    "wave 188 turn 1: replay guest crossed cmd:188:1 through real public COMMAND=opened",
    "wave 188: TRAINER (fixed)",
    "wave 188 turn 1: host SWITCH -> party[2]",
    "wave 188: host slot move=247 guest slot move=85",
    "wave 188 turn 1: progress enemyHp=[149:570/570,254:0/503] playerHp=[493:1865/1865,150:1430/1725]",
    "wave 188 turn 2: replay guest crossed cmd:188:2 through real public COMMAND=opened",
    "wave 188 turn 2: guest SWITCH -> party[3]",
    "wave 188 turn 3: replay guest crossed cmd:188:3 through real public COMMAND=opened",
    "wave 188 turn 3: host SWITCH -> party[2]",
    "wave 188 turn 4: replay guest crossed cmd:188:4 through real public COMMAND=opened",
    "wave 188 turn 4: host SWITCH -> party[2]",
    "wave 188 turn 5: replay guest crossed cmd:188:5 through real public COMMAND=opened",
    "wave 188 turn 6: replay guest crossed cmd:188:6 through real public COMMAND=opened",
    "wave 188: reward shop owner=guest take-nonparty",
    "wave 189 turn 1: replay guest crossed cmd:189:1 through real public COMMAND=opened",
    "wave 189: host slot move=34 guest slot move=53",
    "wave 189 turn 1: progress enemyHp=[691:0/500,367:1/422] playerHp=[493:1798/1865,384:1389/1715]",
    "wave 189 turn 2: replay guest crossed cmd:189:2 through real public COMMAND=opened",
    "wave 189: reward shop owner=host take-nonparty",
    "wave 190 turn 1: replay guest crossed cmd:190:1 through real public COMMAND=opened",
    "wave 190: TRAINER (fixed)",
    "wave 190: host slot move=85 guest slot move=247",
    "wave 190 turn 1: progress enemyHp=[861:0/637,62:0/651] playerHp=[493:1798/1865,384:1389/1715]",
    "wave 190 turn 2: replay guest crossed cmd:190:2 through real public COMMAND=opened",
    "wave 190 turn 3: replay guest crossed cmd:190:3 through real public COMMAND=opened",
    "wave 190 turn 4: replay guest crossed cmd:190:4 through real public COMMAND=opened",
    "wave 190 turn 4: host SWITCH -> party[2]",
    "wave 190 turn 5: replay guest crossed cmd:190:5 through real public COMMAND=opened",
    "wave 190 turn 6: replay guest crossed cmd:190:6 through real public COMMAND=opened",
    "wave 190 turn 6: host SWITCH -> party[2]",
    "wave 190 turn 7: replay guest crossed cmd:190:7 through real public COMMAND=opened",
    "wave 190 turn 8: replay guest crossed cmd:190:8 through real public COMMAND=opened",
    "wave 190: biome market owner=guest leave",
    "wave 190: drained 1 milestone reward continuation(s)",
    "wave 190: host drove World Map via public UI=false and both consumed 1828050700909171:0:BIOME_PICK:9800191",
    "wave 191 turn 1: replay guest crossed cmd:191:1 through real public COMMAND=opened",
    "wave 191: BIOME 10->50",
    "wave 191: host slot move=85 guest slot move=34",
    "wave 191 turn 1: progress enemyHp=[987:0/405,1006:495/495] playerHp=[493:1399/1865,384:1715/1715]",
    "wave 191 turn 2: replay guest crossed cmd:191:2 through real public COMMAND=opened",
    "wave 191: reward shop owner=host leave",
    "wave 192 turn 1: replay guest crossed cmd:192:1 through real public COMMAND=opened",
    "wave 192: host slot move=85 guest slot move=34",
    "wave 192 turn 1: progress enemyHp=[993:0/555,989:0/503] playerHp=[493:467/1865,384:1715/1715]",
    "wave 192: reward shop owner=guest take-nonparty",
    "wave 193 turn 1: replay guest crossed cmd:193:1 through real public COMMAND=opened",
    "wave 193: host slot move=247 guest slot move=53",
    "wave 193 turn 1: guest SWITCH -> party[3]",
    "wave 193 turn 1: progress enemyHp=[991:0/430,1005:576/576] playerHp=[493:1/1865,150:1725/1725]",
    "wave 193 turn 2: replay guest crossed cmd:193:2 through real public COMMAND=opened",
    "wave 193: reward shop owner=host leave",
    "wave 194 turn 1: replay guest crossed cmd:194:1 through real public COMMAND=opened",
    "wave 194: host slot move=85 guest slot move=247",
    "wave 194 turn 1: progress enemyHp=[1005:0/552,987:0/393] playerHp=[890:2012/2065,150:1294/1725]",
    "wave 194: reward shop owner=guest leave",
    "wave 195 turn 1: replay guest crossed cmd:195:1 through real public COMMAND=opened",
    "wave 195: TRAINER (fixed)",
    "wave 195: host slot move=53 guest slot move=53",
    "wave 195 turn 1: progress enemyHp=[655:192/576,941:0/522] playerHp=[890:1177/2065,150:1222/1725]",
    "wave 195 turn 2: replay guest crossed cmd:195:2 through real public COMMAND=opened",
    "wave 195 turn 2: host SWITCH -> party[2]",
    "wave 195 turn 3: replay guest crossed cmd:195:3 through real public COMMAND=opened",
    "wave 195 turn 3: host SWITCH -> party[2]",
    "wave 195 turn 4: replay guest crossed cmd:195:4 through real public COMMAND=opened",
    "wave 195 turn 5: replay guest crossed cmd:195:5 through real public COMMAND=opened",
    "wave 195 turn 6: replay guest crossed cmd:195:6 through real public COMMAND=opened",
    "wave 195: reward shop owner=host leave",
    "wave 195: drained 1 milestone reward continuation(s)",
    "wave 196 turn 1: replay guest crossed cmd:196:1 through real public COMMAND=opened",
    "wave 196 turn 1: host SWITCH -> party[2]",
    "wave 196: host slot move=247 guest slot move=85",
    "wave 196 turn 1: progress enemyHp=[994:527/527,1005:79/582] playerHp=[493:1865/1865,150:342/1725]",
    "wave 196 turn 2: replay guest crossed cmd:196:2 through real public COMMAND=opened",
    "wave 196: reward shop owner=guest leave",
    "wave 197 turn 1: replay guest crossed cmd:197:1 through real public COMMAND=opened",
    "wave 197: host slot move=34 guest slot move=85",
    "wave 197 turn 1: progress enemyHp=[1021:0/627,987:0/414] playerHp=[493:1865/1865,150:0/1725]",
    "wave 197: reward shop owner=host leave",
    "wave 197: guest drove retained replacement party[3] through public PARTY UI",
    "wave 198 turn 1: replay guest crossed cmd:198:1 through real public COMMAND=opened",
    "wave 198: host slot move=34 guest slot move=53",
    "wave 198 turn 1: guest SWITCH -> party[5]",
    "wave 198 turn 1: progress enemyHp=[984:620/620,984:609/609] playerHp=[493:1854/1865,888:1559/1585]",
    "wave 198 turn 2: replay guest crossed cmd:198:2 through real public COMMAND=opened",
    "wave 198 turn 2: host SWITCH -> party[2]",
    "wave 198 turn 3: replay guest crossed cmd:198:3 through real public COMMAND=opened",
    "wave 198 turn 3: guest SWITCH -> party[3]",
    "wave 198: reward shop owner=guest leave",
    "wave 199 turn 1: replay guest crossed cmd:199:1 through real public COMMAND=opened",
    "wave 199: host slot move=53 guest slot move=247",
    "wave 199 turn 1: progress enemyHp=[988:0/506,989:0/527] playerHp=[890:1953/2065,150:1725/1725]",
    "wave 199: reward shop owner=host leave"
  ]
}