{
  "invariant": "no-park",
  "seed": 20365457,
  "wave": 200,
  "detail": "wave crossing threw (strand/stall): client phase drive to guest command 200:1 HANG on CoopReplayTurnPhase; queued=[], ui=MESSAGE",
  "replay": "SOAK_SEED=20365457",
  "phaseState": {
    "hostPhase": "CommandPhase",
    "guestPhase": "CoopReplayTurnPhase",
    "hostInteractionCounter": 231,
    "guestInteractionCounter": 231,
    "hostWave": 200,
    "hostBattleType": 0,
    "hostPlayerField": [
      {
        "id": 2114419324,
        "battlerIndex": -1,
        "speciesId": 890,
        "speciesName": "Eternatus",
        "hp": 2065,
        "maxHp": 2065,
        "fainted": false,
        "status": 0,
        "statStages": [
          0,
          0,
          0,
          0,
          0,
          0,
          0
        ],
        "moves": [
          {
            "id": 34,
            "ppUsed": 0
          },
          {
            "id": 247,
            "ppUsed": 0
          },
          {
            "id": 53,
            "ppUsed": 0
          },
          {
            "id": 85,
            "ppUsed": 0
          }
        ],
        "coopOwner": "host"
      }
    ],
    "hostEnemyField": [
      {
        "id": 424610049,
        "battlerIndex": -1,
        "speciesId": 890,
        "speciesName": "Eternatus",
        "hp": 832,
        "maxHp": 832,
        "fainted": false,
        "status": 0,
        "statStages": [
          0,
          0,
          0,
          0,
          0,
          0,
          0
        ],
        "moves": [
          {
            "id": 795,
            "ppUsed": 0
          },
          {
            "id": 188,
            "ppUsed": 0
          },
          {
            "id": 53,
            "ppUsed": 0
          },
          {
            "id": 322,
            "ppUsed": 0
          }
        ]
      }
    ],
    "guestPlayerField": [
      {
        "id": 2114419324,
        "battlerIndex": 0,
        "speciesId": 890,
        "speciesName": "Eternatus",
        "hp": 2065,
        "maxHp": 2065,
        "fainted": false,
        "status": 0,
        "statStages": [
          0,
          0,
          0,
          0,
          0,
          0,
          0
        ],
        "moves": [
          {
            "id": 34,
            "ppUsed": 0
          },
          {
            "id": 247,
            "ppUsed": 0
          },
          {
            "id": 53,
            "ppUsed": 0
          },
          {
            "id": 85,
            "ppUsed": 0
          }
        ],
        "coopOwner": "host"
      }
    ],
    "guestEnemyField": [
      {
        "id": 424610049,
        "battlerIndex": 2,
        "speciesId": 890,
        "speciesName": "Eternatus",
        "hp": 832,
        "maxHp": 832,
        "fainted": false,
        "status": 0,
        "statStages": [
          0,
          0,
          0,
          0,
          0,
          0,
          0
        ],
        "moves": [
          {
            "id": 795,
            "ppUsed": 0
          },
          {
            "id": 188,
            "ppUsed": 0
          },
          {
            "id": 53,
            "ppUsed": 0
          },
          {
            "id": 322,
            "ppUsed": 0
          }
        ]
      }
    ]
  },
  "actionScript": [
    "SKIP mysteryEncounterDisabledV1",
    "content seed=coop-soak-20365457 preseeded=false",
    "wave 1 turn 1: replay guest crossed cmd:1:1 through real public COMMAND=opened",
    "wave 1: host slot move=85 guest slot move=85",
    "wave 1 turn 1: guest SWITCH -> party[3]",
    "wave 1 turn 1: progress enemyHp=[16:0/14,263:14/14] playerHp=[890:2065/2065,150:1723/1725]",
    "wave 1 turn 2: replay guest crossed cmd:1:2 through real public COMMAND=opened",
    "wave 1: reward shop owner=host leave",
    "wave 2 turn 1: replay guest crossed cmd:2:1 through real public COMMAND=opened",
    "wave 2: host slot move=53 guest slot move=85",
    "wave 2 turn 1: guest SWITCH -> party[3]",
    "wave 2 turn 1: progress enemyHp=[915:0/14,440:16/16] playerHp=[890:2065/2065,384:1715/1715]",
    "wave 2 turn 2: replay guest crossed cmd:2:2 through real public COMMAND=opened",
    "wave 2: reward shop owner=guest leave",
    "wave 3 turn 1: replay guest crossed cmd:3:1 through real public COMMAND=opened",
    "wave 3: host slot move=34 guest slot move=85",
    "wave 3 turn 1: progress enemyHp=[21:0/16,16:0/16] playerHp=[890:2065/2065,384:1715/1715]",
    "wave 3: reward shop owner=host leave",
    "wave 4 turn 1: replay guest crossed cmd:4:1 through real public COMMAND=opened",
    "wave 4 turn 1: host SWITCH -> party[2]",
    "wave 4: host slot move=85 guest slot move=247",
    "wave 4 turn 1: progress enemyHp=[420:18/18,265:0/16] playerHp=[493:1865/1865,384:1715/1715]",
    "wave 4 turn 2: replay guest crossed cmd:4:2 through real public COMMAND=opened",
    "wave 4: reward shop owner=guest take-nonparty",
    "wave 5 turn 1: replay guest crossed cmd:5:1 through real public COMMAND=opened",
    "wave 5: TRAINER (fixed)",
    "wave 5: host slot move=53 guest slot move=53",
    "wave 5 turn 1: progress enemyHp=[265:0/18,263:0/18] playerHp=[493:1865/1865,384:1715/1715]",
    "wave 5: reward shop owner=host take-nonparty",
    "wave 5: guest chose Crossroads Leave through public UI",
    "wave 5: guest drove World Map via public UI=true and both consumed 1828056961360246:1:BIOME_PICK:9700005",
    "wave 6 turn 1: replay guest crossed cmd:6:1 through real public COMMAND=opened",
    "wave 6: BIOME 0->1",
    "wave 6: host slot move=53 guest slot move=53",
    "wave 6 turn 1: progress enemyHp=[734:0/21,519:0/20] playerHp=[493:1865/1865,384:1715/1715]",
    "wave 6: reward shop owner=host leave",
    "wave 7 turn 1: replay guest crossed cmd:7:1 through real public COMMAND=opened",
    "wave 7: host slot move=53 guest slot move=34",
    "wave 7 turn 1: progress enemyHp=[263:0/20,915:0/21] playerHp=[493:1865/1865,384:1715/1715]",
    "wave 7: reward shop owner=guest leave",
    "wave 8 turn 1: replay guest crossed cmd:8:1 through real public COMMAND=opened",
    "wave 8: TRAINER (fixed)",
    "wave 8: host slot move=85 guest slot move=85",
    "wave 8 turn 1: progress enemyHp=[906:0/24,16:0/22] playerHp=[493:1865/1865,384:1715/1715]",
    "wave 8: reward shop owner=host leave",
    "wave 9 turn 1: replay guest crossed cmd:9:1 through real public COMMAND=opened",
    "wave 9 turn 1: host SWITCH -> party[2]",
    "wave 9: host slot move=34 guest slot move=34",
    "wave 9 turn 1: progress enemyHp=[819:28/28,915:0/26] playerHp=[890:2065/2065,384:1715/1715]",
    "wave 9 turn 2: replay guest crossed cmd:9:2 through real public COMMAND=opened",
    "wave 9 turn 2: guest SWITCH -> party[3]",
    "wave 9: reward shop owner=guest take-nonparty",
    "wave 10 turn 1: replay guest crossed cmd:10:1 through real public COMMAND=opened",
    "wave 10: host slot move=53 guest slot move=85",
    "wave 10 turn 1: progress enemyHp=[427:0/29,744:0/23] playerHp=[890:2065/2065,150:1725/1725]",
    "wave 10: biome market owner=host leave",
    "wave 10: drained 1 milestone reward continuation(s)",
    "wave 10: guest chose Crossroads Leave through public UI",
    "wave 10: guest drove World Map via public UI=true and both consumed 1828056961360246:1:BIOME_PICK:9700011",
    "wave 11 turn 1: replay guest crossed cmd:11:1 through real public COMMAND=opened",
    "wave 11: BIOME 1->2",
    "wave 11: host slot move=34 guest slot move=53",
    "wave 11 turn 1: progress enemyHp=[543:0/23,590:0/28] playerHp=[890:2065/2065,150:1725/1725]",
    "wave 11: reward shop owner=host take-nonparty",
    "wave 12 turn 1: replay guest crossed cmd:12:1 through real public COMMAND=opened",
    "wave 12: host slot move=85 guest slot move=247",
    "wave 12 turn 1: guest SWITCH -> party[3]",
    "wave 12 turn 1: progress enemyHp=[548:0/27,420:27/27] playerHp=[890:2065/2065,384:1715/1715]",
    "wave 12 turn 2: replay guest crossed cmd:12:2 through real public COMMAND=opened",
    "wave 12 turn 2: host SWITCH -> party[2]",
    "wave 12: reward shop owner=guest take-nonparty",
    "wave 13 turn 1: replay guest crossed cmd:13:1 through real public COMMAND=opened",
    "wave 13: host slot move=53 guest slot move=34",
    "wave 13 turn 1: progress enemyHp=[285:0/30,590:0/34] playerHp=[493:1865/1865,384:1715/1715]",
    "wave 13: reward shop owner=host leave",
    "wave 14 turn 1: replay guest crossed cmd:14:1 through real public COMMAND=opened",
    "wave 14: host slot move=34 guest slot move=85",
    "wave 14 turn 1: progress enemyHp=[108:0/37,285:0/30] playerHp=[493:1865/1865,384:1715/1715]",
    "wave 14: reward shop owner=guest take-nonparty",
    "wave 15 turn 1: replay guest crossed cmd:15:1 through real public COMMAND=opened",
    "wave 15: host slot move=34 guest slot move=53",
    "wave 15 turn 1: progress enemyHp=[268:0/30,302:0/34] playerHp=[493:1865/1865,384:1715/1715]",
    "wave 15: reward shop owner=host take-nonparty",
    "wave 15: guest chose Crossroads Leave through public UI",
    "wave 15: guest drove World Map via public UI=true and both consumed 1828056961360246:1:BIOME_PICK:9700017",
    "wave 16 turn 1: replay guest crossed cmd:16:1 through real public COMMAND=opened",
    "wave 16: BIOME 2->3",
    "wave 16 turn 1: host SWITCH -> party[2]",
    "wave 16: host slot move=85 guest slot move=247",
    "wave 16 turn 1: progress enemyHp=[919:31/31,753:0/31] playerHp=[890:2065/2065,384:1715/1715]",
    "wave 16 turn 2: replay guest crossed cmd:16:2 through real public COMMAND=opened",
    "wave 16 turn 2: host SWITCH -> party[2]",
    "wave 16: reward shop owner=host take-nonparty",
    "wave 17 turn 1: replay guest crossed cmd:17:1 through real public COMMAND=opened",
    "wave 17: host slot move=53 guest slot move=34",
    "wave 17 turn 1: progress enemyHp=[665:0/34,167:0/31] playerHp=[493:1865/1865,384:1715/1715]",
    "wave 17: reward shop owner=guest leave",
    "wave 18 turn 1: replay guest crossed cmd:18:1 through real public COMMAND=opened",
    "wave 18: host slot move=247 guest slot move=247",
    "wave 18 turn 1: progress enemyHp=[919:33/33,290:31/31] playerHp=[493:1865/1865,384:1715/1715]",
    "wave 18 turn 2: replay guest crossed cmd:18:2 through real public COMMAND=opened",
    "wave 18 turn 2: guest SWITCH -> party[3]",
    "wave 18 turn 3: replay guest crossed cmd:18:3 through real public COMMAND=opened",
    "wave 18: reward shop owner=host leave",
    "wave 19 turn 1: replay guest crossed cmd:19:1 through real public COMMAND=opened",
    "wave 19 turn 1: host SWITCH -> party[2]",
    "wave 19: host slot move=34 guest slot move=53",
    "wave 19 turn 1: progress enemyHp=[919:33/33,665:0/38] playerHp=[890:2065/2065,150:1719/1725]",
    "wave 19 turn 2: replay guest crossed cmd:19:2 through real public COMMAND=opened",
    "wave 19: reward shop owner=guest leave",
    "wave 20 turn 1: replay guest crossed cmd:20:1 through real public COMMAND=opened",
    "wave 20: host slot move=85 guest slot move=247",
    "wave 20 turn 1: progress enemyHp=[964:0/53,290:0/35] playerHp=[890:2065/2065,150:1719/1725]",
    "wave 20: biome market owner=host leave",
    "wave 20: drained 1 milestone reward continuation(s)",
    "wave 20: guest chose Crossroads Leave through public UI",
    "wave 20: guest drove World Map via public UI=true and both consumed 1828056961360246:1:BIOME_PICK:9700023",
    "wave 21 turn 1: replay guest crossed cmd:21:1 through real public COMMAND=opened",
    "wave 21: BIOME 3->5",
    "wave 21: host slot move=85 guest slot move=34",
    "wave 21 turn 1: progress enemyHp=[412:0/41,204:42/42] playerHp=[890:2065/2065,150:1618/1725]",
    "wave 21 turn 2: replay guest crossed cmd:21:2 through real public COMMAND=opened",
    "wave 21: reward shop owner=host leave",
    "wave 22 turn 1: replay guest crossed cmd:22:1 through real public COMMAND=opened",
    "wave 22 turn 1: host SWITCH -> party[2]",
    "wave 22: host slot move=247 guest slot move=85",
    "wave 22 turn 1: progress enemyHp=[543:36/36,917:0/38] playerHp=[493:1865/1865,150:1404/1725]",
    "wave 22 turn 2: replay guest crossed cmd:22:2 through real public COMMAND=opened",
    "wave 22: reward shop owner=guest take-nonparty",
    "wave 23 turn 1: replay guest crossed cmd:23:1 through real public COMMAND=opened",
    "wave 23: host slot move=34 guest slot move=53",
    "wave 23 turn 1: progress enemyHp=[917:0/36,917:0/42] playerHp=[493:1865/1865,150:1190/1725]",
    "wave 23: reward shop owner=host take-nonparty",
    "wave 24 turn 1: replay guest crossed cmd:24:1 through real public COMMAND=opened",
    "wave 24: host slot move=85 guest slot move=247",
    "wave 24 turn 1: progress enemyHp=[944:0/43,412:0/48] playerHp=[493:1862/1865,150:1083/1725]",
    "wave 24: reward shop owner=guest leave",
    "wave 25 turn 1: replay guest crossed cmd:25:1 through real public COMMAND=opened",
    "wave 25: TRAINER (fixed)",
    "wave 25: host slot move=53 guest slot move=53",
    "wave 25 turn 1: progress enemyHp=[907:0/57,17:0/53] playerHp=[493:1862/1865,150:976/1725]",
    "wave 25 turn 2: replay guest crossed cmd:25:2 through real public COMMAND=opened",
    "wave 25 turn 2: guest SWITCH -> party[3]",
    "wave 25: reward shop owner=host take-nonparty",
    "wave 25: guest chose Crossroads Leave through public UI",
    "wave 25: guest drove World Map via public UI=true and both consumed 1828056961360246:1:BIOME_PICK:9700029",
    "wave 26 turn 1: replay guest crossed cmd:26:1 through real public COMMAND=opened",
    "wave 26: BIOME 5->27",
    "wave 26 turn 1: host SWITCH -> party[2]",
    "wave 26: host slot move=247 guest slot move=85",
    "wave 26 turn 1: progress enemyHp=[15:56/56,590:0/55] playerHp=[890:2065/2065,384:1713/1715]",
    "wave 26 turn 2: replay guest crossed cmd:26:2 through real public COMMAND=opened",
    "wave 26: reward shop owner=host leave",
    "wave 27 turn 1: replay guest crossed cmd:27:1 through real public COMMAND=opened",
    "wave 27: host slot move=34 guest slot move=34",
    "wave 27 turn 1: progress enemyHp=[870:0/59,586:0/62] playerHp=[890:2065/2065,384:1713/1715]",
    "wave 27: reward shop owner=guest leave",
    "wave 27: drained 1 milestone reward continuation(s)",
    "wave 28 turn 1: replay guest crossed cmd:28:1 through real public COMMAND=opened",
    "wave 28 turn 1: host SWITCH -> party[2]",
    "wave 28: host slot move=85 guest slot move=247",
    "wave 28 turn 1: progress enemyHp=[509:54/54,511:0/58] playerHp=[493:1865/1865,384:1713/1715]",
    "wave 28 turn 2: replay guest crossed cmd:28:2 through real public COMMAND=opened",
    "wave 28 turn 2: host SWITCH -> party[2]",
    "wave 28: reward shop owner=host take-nonparty",
    "wave 29 turn 1: replay guest crossed cmd:29:1 through real public COMMAND=opened",
    "wave 29: host slot move=53 guest slot move=34",
    "wave 29 turn 1: progress enemyHp=[114:0/62,515:0/70] playerHp=[890:2065/2065,384:1713/1715]",
    "wave 29: reward shop owner=guest take-nonparty",
    "wave 30 turn 1: replay guest crossed cmd:30:1 through real public COMMAND=opened",
    "wave 30: TRAINER (random)",
    "wave 30: host slot move=247 guest slot move=85",
    "wave 30 turn 1: progress enemyHp=[69:0/64,188:0/60] playerHp=[890:2065/2065,384:1713/1715]",
    "wave 30 turn 2: replay guest crossed cmd:30:2 through real public COMMAND=opened",
    "wave 30: biome market owner=host leave",
    "wave 30: drained 1 milestone reward continuation(s)",
    "wave 30: guest chose Crossroads Leave through public UI",
    "wave 30: guest drove World Map via public UI=true and both consumed 1828056961360246:1:BIOME_PICK:9700035",
    "wave 31 turn 1: replay guest crossed cmd:31:1 through real public COMMAND=opened",
    "wave 31: BIOME 27->29",
    "wave 31 turn 1: host SWITCH -> party[2]",
    "wave 31: host slot move=247 guest slot move=85",
    "wave 31 turn 1: progress enemyHp=[999:61/61,999:0/62] playerHp=[493:1865/1865,384:1713/1715]",
    "wave 31 turn 2: replay guest crossed cmd:31:2 through real public COMMAND=opened",
    "wave 31 turn 2: guest SWITCH -> party[3]",
    "wave 31: reward shop owner=host leave",
    "wave 31: drained 1 milestone reward continuation(s)",
    "wave 32 turn 1: replay guest crossed cmd:32:1 through real public COMMAND=opened",
    "wave 32: host slot move=85 guest slot move=34",
    "wave 32 turn 1: guest SWITCH -> party[3]",
    "wave 32 turn 1: progress enemyHp=[355:0/43,451:60/60] playerHp=[493:1865/1865,384:1715/1715]",
    "wave 32 turn 2: replay guest crossed cmd:32:2 through real public COMMAND=opened",
    "wave 32: reward shop owner=guest leave",
    "wave 33 turn 1: replay guest crossed cmd:33:1 through real public COMMAND=opened",
    "wave 33: host slot move=53 guest slot move=247",
    "wave 33 turn 1: progress enemyHp=[679:0/58,622:0/62] playerHp=[493:1863/1865,384:1713/1715]",
    "wave 33: reward shop owner=host leave",
    "wave 33: drained 1 milestone reward continuation(s)",
    "wave 34 turn 1: replay guest crossed cmd:34:1 through real public COMMAND=opened",
    "wave 34: host slot move=53 guest slot move=247",
    "wave 34 turn 1: progress enemyHp=[622:0/67,999:67/67] playerHp=[493:1863/1865,384:1710/1715]",
    "wave 34 turn 2: replay guest crossed cmd:34:2 through real public COMMAND=opened",
    "wave 34: reward shop owner=guest leave",
    "wave 34: drained 1 milestone reward continuation(s)",
    "wave 35 turn 1: replay guest crossed cmd:35:1 through real public COMMAND=opened",
    "wave 35: TRAINER (fixed)",
    "wave 35: host slot move=34 guest slot move=34",
    "wave 35 turn 1: progress enemyHp=[262:0/75,343:0/65] playerHp=[493:1863/1865,384:1706/1715]",
    "wave 35: reward shop owner=host take-nonparty",
    "wave 35: guest chose Crossroads Leave through public UI",
    "wave 35: guest drove World Map via public UI=true and both consumed 1828056961360246:1:BIOME_PICK:9700041",
    "wave 36 turn 1: replay guest crossed cmd:36:1 through real public COMMAND=opened",
    "wave 36: BIOME 29->14",
    "wave 36 turn 1: host SWITCH -> party[2]",
    "wave 36: host slot move=247 guest slot move=85",
    "wave 36 turn 1: progress enemyHp=[843:64/64,694:0/60] playerHp=[890:2065/2065,384:1599/1715]",
    "wave 36 turn 2: replay guest crossed cmd:36:2 through real public COMMAND=opened",
    "wave 36: reward shop owner=host take-nonparty",
    "wave 37 turn 1: replay guest crossed cmd:37:1 through real public COMMAND=opened",
    "wave 37: host slot move=53 guest slot move=247",
    "wave 37 turn 1: progress enemyHp=[556:0/77,451:0/70] playerHp=[890:2065/2065,384:1383/1715]",
    "wave 37: reward shop owner=guest leave",
    "wave 37: drained 1 milestone reward continuation(s)",
    "wave 38 turn 1: replay guest crossed cmd:38:1 through real public COMMAND=opened",
    "wave 38: host slot move=247 guest slot move=34",
    "wave 38 turn 1: progress enemyHp=[451:0/67,843:0/68] playerHp=[890:2065/2065,384:1276/1715]",
    "wave 38: reward shop owner=host take-nonparty",
    "wave 39 turn 1: replay guest crossed cmd:39:1 through real public COMMAND=opened",
    "wave 39: host slot move=34 guest slot move=247",
    "wave 39 turn 1: progress enemyHp=[329:0/67,946:0/72] playerHp=[890:2065/2065,384:1169/1715]",
    "wave 39: reward shop owner=guest leave",
    "wave 39: drained 1 milestone reward continuation(s)",
    "wave 40 turn 1: replay guest crossed cmd:40:1 through real public COMMAND=opened",
    "wave 40: host slot move=85 guest slot move=34",
    "wave 40 turn 1: progress enemyHp=[561:0/95,28:0/93] playerHp=[890:2065/2065,384:1169/1715]",
    "wave 40: biome market owner=host leave",
    "wave 40: drained 1 milestone reward continuation(s)",
    "wave 40: guest chose Crossroads Leave through public UI",
    "wave 40: guest drove World Map via public UI=true and both consumed 1828056961360246:1:BIOME_PICK:9700047",
    "wave 41 turn 1: replay guest crossed cmd:41:1 through real public COMMAND=opened",
    "wave 41: BIOME 14->22",
    "wave 41: host slot move=247 guest slot move=34",
    "wave 41 turn 1: progress enemyHp=[343:0/67,605:0/80] playerHp=[890:2065/2065,384:1715/1715]",
    "wave 41: reward shop owner=host take-nonparty",
    "wave 42 turn 1: replay guest crossed cmd:42:1 through real public COMMAND=opened",
    "wave 42: host slot move=247 guest slot move=53",
    "wave 42 turn 1: progress enemyHp=[325:0/72,343:0/72] playerHp=[890:2065/2065,384:1715/1715]",
    "wave 42: reward shop owner=guest take-nonparty",
    "wave 43 turn 1: replay guest crossed cmd:43:1 through real public COMMAND=opened",
    "wave 43: host slot move=34 guest slot move=53",
    "wave 43 turn 1: progress enemyHp=[343:0/76,343:0/72] playerHp=[890:2065/2065,384:1715/1715]",
    "wave 43: reward shop owner=host take-nonparty",
    "wave 44 turn 1: replay guest crossed cmd:44:1 through real public COMMAND=opened",
    "wave 44: TRAINER (random)",
    "wave 44: host slot move=34 guest slot move=247",
    "wave 44 turn 1: progress enemyHp=[529:0/85,369:0/115] playerHp=[890:2065/2065,384:1715/1715]",
    "wave 44: reward shop owner=guest leave",
    "wave 45 turn 1: replay guest crossed cmd:45:1 through real public COMMAND=opened",
    "wave 45: host slot move=53 guest slot move=34",
    "wave 45 turn 1: progress enemyHp=[343:0/81,958:0/80] playerHp=[890:2065/2065,384:1715/1715]",
    "wave 45: reward shop owner=host leave",
    "wave 45: guest chose Crossroads Leave through public UI",
    "wave 45: guest drove World Map via public UI=true and both consumed 1828056961360246:1:BIOME_PICK:9700053",
    "wave 46 turn 1: replay guest crossed cmd:46:1 through real public COMMAND=opened",
    "wave 46: BIOME 22->11",
    "wave 46: host slot move=247 guest slot move=85",
    "wave 46 turn 1: progress enemyHp=[525:0/88,22:0/85] playerHp=[890:2065/2065,384:1715/1715]",
    "wave 46: reward shop owner=host leave",
    "wave 47 turn 1: replay guest crossed cmd:47:1 through real public COMMAND=opened",
    "wave 47: host slot move=53 guest slot move=85",
    "wave 47 turn 1: progress enemyHp=[277:92/92,520:0/95] playerHp=[890:2065/2065,384:1715/1715]",
    "wave 47 turn 2: replay guest crossed cmd:47:2 through real public COMMAND=opened",
    "wave 47: reward shop owner=guest take-nonparty",
    "wave 48 turn 1: replay guest crossed cmd:48:1 through real public COMMAND=opened",
    "wave 48: host slot move=34 guest slot move=34",
    "wave 48 turn 1: guest SWITCH -> party[3]",
    "wave 48 turn 1: progress enemyHp=[111:0/100,627:99/99] playerHp=[890:1936/2065,150:1724/1725]",
    "wave 48 turn 2: replay guest crossed cmd:48:2 through real public COMMAND=opened",
    "wave 48: reward shop owner=host leave",
    "wave 49 turn 1: replay guest crossed cmd:49:1 through real public COMMAND=opened",
    "wave 49: host slot move=85 guest slot move=53",
    "wave 49 turn 1: progress enemyHp=[17:0/84,277:85/85] playerHp=[890:2065/2065,150:1724/1725]",
    "wave 49 turn 2: replay guest crossed cmd:49:2 through real public COMMAND=opened",
    "wave 49 turn 2: host SWITCH -> party[2]",
    "wave 49: reward shop owner=guest leave",
    "wave 50 turn 1: replay guest crossed cmd:50:1 through real public COMMAND=opened",
    "wave 50: host slot move=247 guest slot move=85",
    "wave 50 turn 1: progress enemyHp=[227:0/99,662:0/91] playerHp=[493:1865/1865,150:1724/1725]",
    "wave 50: biome market owner=host leave",
    "wave 50: drained 1 milestone reward continuation(s)",
    "wave 50: guest chose Crossroads Leave through public UI",
    "wave 50: guest drove World Map via public UI=true and both consumed 1828056961360246:1:BIOME_PICK:9700059",
    "wave 51 turn 1: replay guest crossed cmd:51:1 through real public COMMAND=opened",
    "wave 51: BIOME 11->18",
    "wave 51: host slot move=34 guest slot move=53",
    "wave 51 turn 1: progress enemyHp=[636:0/89,324:0/96] playerHp=[493:1865/1865,150:1725/1725]",
    "wave 51: reward shop owner=host leave",
    "wave 51: drained 1 milestone reward continuation(s)",
    "wave 52 turn 1: replay guest crossed cmd:52:1 through real public COMMAND=opened",
    "wave 52: TRAINER (random)",
    "wave 52: host slot move=85 guest slot move=247",
    "wave 52 turn 1: progress enemyHp=[528:0/92,75:22/84] playerHp=[493:1865/1865,150:1720/1725]",
    "wave 52 turn 2: replay guest crossed cmd:52:2 through real public COMMAND=opened",
    "wave 52 turn 3: replay guest crossed cmd:52:3 through real public COMMAND=opened",
    "wave 52: reward shop owner=guest take-nonparty",
    "wave 53 turn 1: replay guest crossed cmd:53:1 through real public COMMAND=opened",
    "wave 53: host slot move=53 guest slot move=34",
    "wave 53 turn 1: guest SWITCH -> party[3]",
    "wave 53 turn 1: progress enemyHp=[757:0/93,307:76/76] playerHp=[493:1865/1865,384:1715/1715]",
    "wave 53 turn 2: replay guest crossed cmd:53:2 through real public COMMAND=opened",
    "wave 53: reward shop owner=host take-nonparty",
    "wave 54 turn 1: replay guest crossed cmd:54:1 through real public COMMAND=opened",
    "wave 54: host slot move=247 guest slot move=34",
    "wave 54 turn 1: progress enemyHp=[307:78/78,322:0/106] playerHp=[493:1865/1865,384:1715/1715]",
    "wave 54 turn 2: replay guest crossed cmd:54:2 through real public COMMAND=opened",
    "wave 54: reward shop owner=guest take-nonparty",
    "wave 55 turn 1: replay guest crossed cmd:55:1 through real public COMMAND=opened",
    "wave 55: TRAINER (fixed)",
    "wave 55 turn 1: host SWITCH -> party[2]",
    "wave 55: host slot move=34 guest slot move=53",
    "wave 55 turn 1: guest SWITCH -> party[3]",
    "wave 55 turn 1: progress enemyHp=[908:130/130,18:122/122] playerHp=[890:2065/2065,150:1718/1725]",
    "wave 55 turn 2: replay guest crossed cmd:55:2 through real public COMMAND=opened",
    "wave 55 turn 3: replay guest crossed cmd:55:3 through real public COMMAND=opened",
    "wave 55: reward shop owner=host take-nonparty",
    "wave 55: guest chose Crossroads Leave through public UI",
    "wave 55: guest drove World Map via public UI=true and both consumed 1828056961360246:1:BIOME_PICK:9700065",
    "wave 56 turn 1: replay guest crossed cmd:56:1 through real public COMMAND=opened",
    "wave 56: BIOME 18->8",
    "wave 56: host slot move=85 guest slot move=247",
    "wave 56 turn 1: progress enemyHp=[99:0/123,747:100/100] playerHp=[890:2065/2065,150:1718/1725]",
    "wave 56 turn 2: replay guest crossed cmd:56:2 through real public COMMAND=opened",
    "wave 56: reward shop owner=host leave",
    "wave 57 turn 1: replay guest crossed cmd:57:1 through real public COMMAND=opened",
    "wave 57: host slot move=53 guest slot move=34",
    "wave 57 turn 1: progress enemyHp=[978:0/103,99:0/111] playerHp=[890:2065/2065,150:1718/1725]",
    "wave 57: reward shop owner=guest leave",
    "wave 58 turn 1: replay guest crossed cmd:58:1 through real public COMMAND=opened",
    "wave 58: host slot move=247 guest slot move=85",
    "wave 58 turn 1: progress enemyHp=[692:0/108,90:1/84] playerHp=[890:2065/2065,150:1718/1725]",
    "wave 58 turn 2: replay guest crossed cmd:58:2 through real public COMMAND=opened",
    "wave 58 turn 2: host SWITCH -> party[2]",
    "wave 58 turn 2: guest SWITCH -> party[3]",
    "wave 58 turn 3: replay guest crossed cmd:58:3 through real public COMMAND=opened",
    "wave 58 turn 3: host SWITCH -> party[2]",
    "wave 58: reward shop owner=host take-nonparty",
    "wave 59 turn 1: replay guest crossed cmd:59:1 through real public COMMAND=opened",
    "wave 59: host slot move=34 guest slot move=53",
    "wave 59 turn 1: progress enemyHp=[689:0/114,99:0/123] playerHp=[890:2065/2065,384:1715/1715]",
    "wave 59: reward shop owner=guest take-nonparty",
    "wave 60 turn 1: replay guest crossed cmd:60:1 through real public COMMAND=opened",
    "wave 60: TRAINER (random)",
    "wave 60: host slot move=85 guest slot move=247",
    "wave 60 turn 1: progress enemyHp=[279:0/115,10075:0/123] playerHp=[890:2065/2065,384:1715/1715]",
    "wave 60 turn 2: replay guest crossed cmd:60:2 through real public COMMAND=opened",
    "wave 60: biome market owner=host leave",
    "wave 60: drained 1 milestone reward continuation(s)",
    "wave 60: guest chose Crossroads Leave through public UI",
    "wave 60: guest drove World Map via public UI=true and both consumed 1828056961360246:1:BIOME_PICK:9700071",
    "wave 61 turn 1: replay guest crossed cmd:61:1 through real public COMMAND=opened",
    "wave 61: BIOME 8->6",
    "wave 61: host slot move=53 guest slot move=34",
    "wave 61 turn 1: progress enemyHp=[687:0/131,73:0/132] playerHp=[890:2065/2065,384:1715/1715]",
    "wave 61: reward shop owner=host leave",
    "wave 62 turn 1: replay guest crossed cmd:62:1 through real public COMMAND=opened",
    "wave 62: TRAINER (fixed)",
    "wave 62 turn 1: host SWITCH -> party[2]",
    "wave 62: host slot move=247 guest slot move=85",
    "wave 62 turn 1: progress enemyHp=[324:126/126,262:0/126] playerHp=[493:1865/1865,384:1710/1715]",
    "wave 62 turn 2: replay guest crossed cmd:62:2 through real public COMMAND=opened",
    "wave 62: reward shop owner=guest leave",
    "wave 63 turn 1: replay guest crossed cmd:63:1 through real public COMMAND=opened",
    "wave 63: host slot move=34 guest slot move=53",
    "wave 63 turn 1: progress enemyHp=[687:0/143,73:0/123] playerHp=[493:1865/1865,384:1710/1715]",
    "wave 63: reward shop owner=host leave",
    "wave 64 turn 1: replay guest crossed cmd:64:1 through real public COMMAND=opened",
    "wave 64: TRAINER (fixed)",
    "wave 64 turn 1: host SWITCH -> party[2]",
    "wave 64: host slot move=247 guest slot move=53",
    "wave 64 turn 1: progress enemyHp=[344:131/131,264:0/139] playerHp=[890:2065/2065,384:1706/1715]",
    "wave 64 turn 2: replay guest crossed cmd:64:2 through real public COMMAND=opened",
    "wave 64: reward shop owner=guest leave",
    "wave 65 turn 1: replay guest crossed cmd:65:1 through real public COMMAND=opened",
    "wave 65: host slot move=53 guest slot move=34",
    "wave 65 turn 1: progress enemyHp=[320:0/170,687:0/143] playerHp=[890:2065/2065,384:1698/1715]",
    "wave 65: reward shop owner=host leave",
    "wave 66 turn 1: replay guest crossed cmd:66:1 through real public COMMAND=opened",
    "wave 66: TRAINER (fixed)",
    "wave 66: host slot move=247 guest slot move=34",
    "wave 66 turn 1: progress enemyHp=[232:0/164,851:0/174] playerHp=[890:2065/2065,384:1698/1715]",
    "wave 66 turn 2: replay guest crossed cmd:66:2 through real public COMMAND=opened",
    "wave 66 turn 3: replay guest crossed cmd:66:3 through real public COMMAND=opened",
    "wave 66 turn 3: host SWITCH -> party[2]",
    "wave 66 turn 4: replay guest crossed cmd:66:4 through real public COMMAND=opened",
    "wave 66: reward shop owner=guest take-nonparty",
    "wave 67 turn 1: replay guest crossed cmd:67:1 through real public COMMAND=opened",
    "wave 67 turn 1: host SWITCH -> party[2]",
    "wave 67: host slot move=34 guest slot move=53",
    "wave 67 turn 1: progress enemyHp=[395:141/141,129:0/86] playerHp=[890:2065/2065,384:1692/1715]",
    "wave 67 turn 2: replay guest crossed cmd:67:2 through real public COMMAND=opened",
    "wave 67: reward shop owner=host leave",
    "wave 68 turn 1: replay guest crossed cmd:68:1 through real public COMMAND=opened",
    "wave 68: host slot move=85 guest slot move=247",
    "wave 68 turn 1: guest SWITCH -> party[3]",
    "wave 68 turn 1: progress enemyHp=[73:0/135,321:208/208] playerHp=[890:2065/2065,150:1725/1725]",
    "wave 68 turn 2: replay guest crossed cmd:68:2 through real public COMMAND=opened",
    "wave 68: reward shop owner=guest take-nonparty",
    "wave 69 turn 1: replay guest crossed cmd:69:1 through real public COMMAND=opened",
    "wave 69: host slot move=53 guest slot move=34",
    "wave 69 turn 1: progress enemyHp=[73:0/152,321:0/217] playerHp=[890:2065/2065,150:1725/1725]",
    "wave 69: reward shop owner=host leave",
    "wave 70 turn 1: replay guest crossed cmd:70:1 through real public COMMAND=opened",
    "wave 70: host slot move=247 guest slot move=85",
    "wave 70 turn 1: progress enemyHp=[395:0/171,419:0/181] playerHp=[890:2065/2065,150:1725/1725]",
    "wave 70: biome market owner=guest leave",
    "wave 70: drained 1 milestone reward continuation(s)",
    "wave 70: host chose Crossroads Leave through public UI",
    "wave 70: host drove World Map via public UI=true and both consumed 1828056961360246:0:BIOME_PICK:9700082",
    "wave 71 turn 1: replay guest crossed cmd:71:1 through real public COMMAND=opened",
    "wave 71: BIOME 6->10",
    "wave 71: host slot move=34 guest slot move=53",
    "wave 71 turn 1: progress enemyHp=[224:0/139,224:0/150] playerHp=[890:2065/2065,150:1725/1725]",
    "wave 71: reward shop owner=guest take-nonparty",
    "wave 72 turn 1: replay guest crossed cmd:72:1 through real public COMMAND=opened",
    "wave 72: host slot move=85 guest slot move=247",
    "wave 72 turn 1: progress enemyHp=[224:0/139,367:130/130] playerHp=[890:2065/2065,150:1725/1725]",
    "wave 72 turn 2: replay guest crossed cmd:72:2 through real public COMMAND=opened",
    "wave 72: reward shop owner=host leave",
    "wave 73 turn 1: replay guest crossed cmd:73:1 through real public COMMAND=opened",
    "wave 73: host slot move=53 guest slot move=34",
    "wave 73 turn 1: progress enemyHp=[224:0/150,691:0/166] playerHp=[890:2065/2065,150:1725/1725]",
    "wave 73: reward shop owner=guest leave",
    "wave 74 turn 1: replay guest crossed cmd:74:1 through real public COMMAND=opened",
    "wave 74: host slot move=53 guest slot move=85",
    "wave 74 turn 1: progress enemyHp=[984:0/197,367:1/125] playerHp=[890:2065/2065,150:1503/1725]",
    "wave 74 turn 2: replay guest crossed cmd:74:2 through real public COMMAND=opened",
    "wave 74: reward shop owner=host leave",
    "wave 74: drained 1 milestone reward continuation(s)",
    "wave 75 turn 1: replay guest crossed cmd:75:1 through real public COMMAND=opened",
    "wave 75 turn 1: host SWITCH -> party[2]",
    "wave 75: host slot move=34 guest slot move=85",
    "wave 75 turn 1: progress enemyHp=[224:158/158,593:0/191] playerHp=[493:1865/1865,150:1503/1725]",
    "wave 75 turn 2: replay guest crossed cmd:75:2 through real public COMMAND=opened",
    "wave 75: reward shop owner=guest take-nonparty",
    "wave 75: host chose Crossroads Leave through public UI",
    "wave 75: host drove World Map via public UI=true and both consumed 1828056961360246:0:BIOME_PICK:9700088",
    "wave 76 turn 1: replay guest crossed cmd:76:1 through real public COMMAND=opened",
    "wave 76: BIOME 10->13",
    "wave 76: TRAINER (random)",
    "wave 76: host slot move=34 guest slot move=247",
    "wave 76 turn 1: progress enemyHp=[10072:0/184,68:0/184] playerHp=[493:1865/1865,150:1503/1725]",
    "wave 76: reward shop owner=guest leave",
    "wave 77 turn 1: replay guest crossed cmd:77:1 through real public COMMAND=opened",
    "wave 77: host slot move=53 guest slot move=34",
    "wave 77 turn 1: progress enemyHp=[525:0/150,526:41/163] playerHp=[493:1865/1865,150:1503/1725]",
    "wave 77 turn 2: replay guest crossed cmd:77:2 through real public COMMAND=opened",
    "wave 77: reward shop owner=host take-nonparty",
    "wave 78 turn 1: replay guest crossed cmd:78:1 through real public COMMAND=opened",
    "wave 78: host slot move=247 guest slot move=85",
    "wave 78 turn 1: guest SWITCH -> party[3]",
    "wave 78 turn 1: progress enemyHp=[715:0/181,598:157/157] playerHp=[493:1865/1865,384:1287/1715]",
    "wave 78 turn 2: replay guest crossed cmd:78:2 through real public COMMAND=opened",
    "wave 78: reward shop owner=guest leave",
    "wave 79 turn 1: replay guest crossed cmd:79:1 through real public COMMAND=opened",
    "wave 79: host slot move=34 guest slot move=53",
    "wave 79 turn 1: progress enemyHp=[217:0/181,213:0/127] playerHp=[493:1865/1865,384:1287/1715]",
    "wave 79: reward shop owner=host leave",
    "wave 79: drained 1 milestone reward continuation(s)",
    "wave 80 turn 1: replay guest crossed cmd:80:1 through real public COMMAND=opened",
    "wave 80: host slot move=85 guest slot move=247",
    "wave 80 turn 1: progress enemyHp=[476:0/155,598:0/196] playerHp=[493:1865/1865,384:1287/1715]",
    "wave 80: biome market owner=guest leave",
    "wave 80: drained 1 milestone reward continuation(s)",
    "wave 80: host chose Crossroads Leave through public UI",
    "wave 80: host drove World Map via public UI=true and both consumed 1828056961360246:0:BIOME_PICK:9700094",
    "wave 81 turn 1: replay guest crossed cmd:81:1 through real public COMMAND=opened",
    "wave 81: BIOME 13->12",
    "wave 81: host slot move=34 guest slot move=34",
    "wave 81 turn 1: progress enemyHp=[112:0/197,526:1/169] playerHp=[493:1516/1865,384:1608/1715]",
    "wave 81 turn 2: replay guest crossed cmd:81:2 through real public COMMAND=opened",
    "wave 81: reward shop owner=guest take-nonparty",
    "wave 82 turn 1: replay guest crossed cmd:82:1 through real public COMMAND=opened",
    "wave 82: host slot move=53 guest slot move=53",
    "wave 82 turn 1: progress enemyHp=[208:0/164,208:0/172] playerHp=[493:1284/1865,384:1394/1715]",
    "wave 82: reward shop owner=host leave",
    "wave 82: drained 1 milestone reward continuation(s)",
    "wave 83 turn 1: replay guest crossed cmd:83:1 through real public COMMAND=opened",
    "wave 83 turn 1: host SWITCH -> party[2]",
    "wave 83: host slot move=34 guest slot move=247",
    "wave 83 turn 1: progress enemyHp=[750:205/205,529:0/160] playerHp=[890:2065/2065,384:1287/1715]",
    "wave 83 turn 2: replay guest crossed cmd:83:2 through real public COMMAND=opened",
    "wave 83: reward shop owner=guest leave",
    "wave 84 turn 1: replay guest crossed cmd:84:1 through real public COMMAND=opened",
    "wave 84: host slot move=53 guest slot move=34",
    "wave 84 turn 1: progress enemyHp=[208:0/184,750:0/201] playerHp=[890:2065/2065,384:1073/1715]",
    "wave 84: reward shop owner=host leave",
    "wave 84: drained 1 milestone reward continuation(s)",
    "wave 85 turn 1: replay guest crossed cmd:85:1 through real public COMMAND=opened",
    "wave 85: host slot move=247 guest slot move=34",
    "wave 85 turn 1: progress enemyHp=[232:0/184,1014:0/184] playerHp=[890:2065/2065,384:966/1715]",
    "wave 85: reward shop owner=guest leave",
    "wave 85: drained 1 milestone reward continuation(s)",
    "wave 85: host chose Crossroads Leave through public UI",
    "wave 85: host drove World Map via public UI=true and both consumed 1828056961360246:0:BIOME_PICK:9700100",
    "wave 86 turn 1: replay guest crossed cmd:86:1 through real public COMMAND=opened",
    "wave 86: BIOME 12->14",
    "wave 86: host slot move=34 guest slot move=85",
    "wave 86 turn 1: progress enemyHp=[28:212/212,555:0/224] playerHp=[890:1807/2065,384:859/1715]",
    "wave 86 turn 2: replay guest crossed cmd:86:2 through real public COMMAND=opened",
    "wave 86: reward shop owner=guest take-nonparty",
    "wave 87 turn 1: replay guest crossed cmd:87:1 through real public COMMAND=opened",
    "wave 87: host slot move=34 guest slot move=247",
    "wave 87 turn 1: progress enemyHp=[694:0/145,844:0/177] playerHp=[890:1807/2065,384:645/1715]",
    "wave 87: reward shop owner=host take-nonparty",
    "wave 88 turn 1: replay guest crossed cmd:88:1 through real public COMMAND=opened",
    "wave 88: host slot move=53 guest slot move=34",
    "wave 88 turn 1: progress enemyHp=[695:0/163,452:0/183] playerHp=[890:1807/2065,384:538/1715]",
    "wave 88: reward shop owner=guest leave",
    "wave 88: drained 1 milestone reward continuation(s)",
    "wave 89 turn 1: replay guest crossed cmd:89:1 through real public COMMAND=opened",
    "wave 89: host slot move=53 guest slot move=53",
    "wave 89 turn 1: progress enemyHp=[28:0/199,450:0/239] playerHp=[890:1807/2065,384:431/1715]",
    "wave 89: reward shop owner=host leave",
    "wave 89: drained 1 milestone reward continuation(s)",
    "wave 90 turn 1: replay guest crossed cmd:90:1 through real public COMMAND=opened",
    "wave 90: TRAINER (random)",
    "wave 90: host slot move=247 guest slot move=85",
    "wave 90 turn 1: progress enemyHp=[565:0/202,248:0/238] playerHp=[890:1807/2065,384:324/1715]",
    "wave 90 turn 2: replay guest crossed cmd:90:2 through real public COMMAND=opened",
    "wave 90 turn 3: replay guest crossed cmd:90:3 through real public COMMAND=opened",
    "wave 90 turn 4: replay guest crossed cmd:90:4 through real public COMMAND=opened",
    "wave 90: biome market owner=guest leave",
    "wave 90: drained 1 milestone reward continuation(s)",
    "wave 90: host chose Crossroads Leave through public UI",
    "wave 90: host drove World Map via public UI=true and both consumed 1828056961360246:0:BIOME_PICK:9700106",
    "wave 91 turn 1: replay guest crossed cmd:91:1 through real public COMMAND=opened",
    "wave 91: BIOME 14->22",
    "wave 91: host slot move=34 guest slot move=53",
    "wave 91 turn 1: progress enemyHp=[201:0/158,178:0/207] playerHp=[890:2065/2065,384:1715/1715]",
    "wave 91: reward shop owner=guest take-nonparty",
    "wave 92 turn 1: replay guest crossed cmd:92:1 through real public COMMAND=opened",
    "wave 92: host slot move=85 guest slot move=247",
    "wave 92 turn 1: progress enemyHp=[576:0/204,959:0/193] playerHp=[890:2065/2065,384:1715/1715]",
    "wave 92: reward shop owner=host leave",
    "wave 92: drained 1 milestone reward continuation(s)",
    "wave 93 turn 1: replay guest crossed cmd:93:1 through real public COMMAND=opened",
    "wave 93 turn 1: host SWITCH -> party[2]",
    "wave 93: host slot move=53 guest slot move=34",
    "wave 93 turn 1: progress enemyHp=[201:182/182,201:0/175] playerHp=[493:1865/1865,384:1715/1715]",
    "wave 93 turn 2: replay guest crossed cmd:93:2 through real public COMMAND=opened",
    "wave 93 turn 2: guest SWITCH -> party[3]",
    "wave 93: reward shop owner=guest take-nonparty",
    "wave 94 turn 1: replay guest crossed cmd:94:1 through real public COMMAND=opened",
    "wave 94: host slot move=247 guest slot move=85",
    "wave 94 turn 1: progress enemyHp=[959:0/202,874:0/218] playerHp=[493:1865/1865,150:1725/1725]",
    "wave 94: reward shop owner=host take-nonparty",
    "wave 95 turn 1: replay guest crossed cmd:95:1 through real public COMMAND=opened",
    "wave 95: TRAINER (fixed)",
    "wave 95: host slot move=34 guest slot move=85",
    "wave 95 turn 1: progress enemyHp=[908:0/232,18:0/226] playerHp=[493:1865/1865,150:1725/1725]",
    "wave 95 turn 2: replay guest crossed cmd:95:2 through real public COMMAND=opened",
    "wave 95 turn 3: replay guest crossed cmd:95:3 through real public COMMAND=opened",
    "wave 95: reward shop owner=guest leave",
    "wave 95: host chose Crossroads Leave through public UI",
    "wave 95: host drove World Map via public UI=true and both consumed 1828056961360246:0:BIOME_PICK:9700112",
    "wave 96 turn 1: replay guest crossed cmd:96:1 through real public COMMAND=opened",
    "wave 96: BIOME 22->11",
    "wave 96: host slot move=85 guest slot move=34",
    "wave 96 turn 1: progress enemyHp=[526:112/223,18:0/206] playerHp=[493:1633/1865,150:1511/1725]",
    "wave 96 turn 2: replay guest crossed cmd:96:2 through real public COMMAND=opened",
    "wave 96 turn 2: guest SWITCH -> party[3]",
    "wave 96: reward shop owner=guest take-nonparty",
    "wave 97 turn 1: replay guest crossed cmd:97:1 through real public COMMAND=opened",
    "wave 97: host slot move=53 guest slot move=53",
    "wave 97 turn 1: progress enemyHp=[526:1/229,112:0/252] playerHp=[493:1633/1865,384:1715/1715]",
    "wave 97 turn 2: replay guest crossed cmd:97:2 through real public COMMAND=opened",
    "wave 97: reward shop owner=host leave",
    "wave 98 turn 1: replay guest crossed cmd:98:1 through real public COMMAND=opened",
    "wave 98 turn 1: host SWITCH -> party[2]",
    "wave 98: host slot move=53 guest slot move=85",
    "wave 98 turn 1: progress enemyHp=[18:223/223,218:0/159] playerHp=[890:2065/2065,384:1715/1715]",
    "wave 98 turn 2: replay guest crossed cmd:98:2 through real public COMMAND=opened",
    "wave 98: reward shop owner=guest leave",
    "wave 99 turn 1: replay guest crossed cmd:99:1 through real public COMMAND=opened",
    "wave 99 turn 1: host SWITCH -> party[2]",
    "wave 99: host slot move=34 guest slot move=53",
    "wave 99 turn 1: progress enemyHp=[306:199/199,673:0/296] playerHp=[493:1865/1865,384:1715/1715]",
    "wave 99 turn 2: replay guest crossed cmd:99:2 through real public COMMAND=opened",
    "wave 99: reward shop owner=host leave",
    "wave 100 turn 1: replay guest crossed cmd:100:1 through real public COMMAND=opened",
    "wave 100: host slot move=85 guest slot move=247",
    "wave 100 turn 1: progress enemyHp=[630:0/283,306:0/234] playerHp=[493:1865/1865,384:1715/1715]",
    "wave 100: biome market owner=guest leave",
    "wave 100: drained 1 milestone reward continuation(s)",
    "wave 100: host chose Crossroads Leave through public UI",
    "wave 100: host drove World Map via public UI=true and both consumed 1828056961360246:0:BIOME_PICK:9700118",
    "wave 101 turn 1: replay guest crossed cmd:101:1 through real public COMMAND=opened",
    "wave 101: BIOME 11->18",
    "wave 101: host slot move=53 guest slot move=34",
    "wave 101 turn 1: progress enemyHp=[59:0/246,323:0/227] playerHp=[493:1865/1865,384:1715/1715]",
    "wave 101: reward shop owner=guest take-nonparty",
    "wave 102 turn 1: replay guest crossed cmd:102:1 through real public COMMAND=opened",
    "wave 102: host slot move=53 guest slot move=247",
    "wave 102 turn 1: progress enemyHp=[323:0/243,936:0/238] playerHp=[493:1865/1865,384:1715/1715]",
    "wave 102: reward shop owner=host leave",
    "wave 102: drained 1 milestone reward continuation(s)",
    "wave 103 turn 1: replay guest crossed cmd:103:1 through real public COMMAND=opened",
    "wave 103: host slot move=34 guest slot move=53",
    "wave 103 turn 1: progress enemyHp=[776:0/195,325:0/200] playerHp=[493:1632/1865,384:1715/1715]",
    "wave 103: reward shop owner=guest leave",
    "wave 104 turn 1: replay guest crossed cmd:104:1 through real public COMMAND=opened",
    "wave 104 turn 1: host SWITCH -> party[2]",
    "wave 104: host slot move=247 guest slot move=34",
    "wave 104 turn 1: guest SWITCH -> party[3]",
    "wave 104 turn 1: progress enemyHp=[323:237/237,514:231/231] playerHp=[890:2065/2065,150:1664/1725]",
    "wave 104 turn 2: replay guest crossed cmd:104:2 through real public COMMAND=opened",
    "wave 104: reward shop owner=host leave",
    "wave 104: drained 1 milestone reward continuation(s)",
    "wave 105 turn 1: replay guest crossed cmd:105:1 through real public COMMAND=opened",
    "wave 105: host slot move=53 guest slot move=34",
    "wave 105 turn 1: progress enemyHp=[727:0/261,839:0/294] playerHp=[890:2065/2065,150:1664/1725]",
    "wave 105: reward shop owner=guest leave",
    "wave 105: drained 1 milestone reward continuation(s)",
    "wave 105: host chose Crossroads Leave through public UI",
    "wave 105: host drove World Map via public UI=true and both consumed 1828056961360246:0:BIOME_PICK:9700124",
    "wave 106 turn 1: replay guest crossed cmd:106:1 through real public COMMAND=opened",
    "wave 106: BIOME 18->8",
    "wave 106: host slot move=247 guest slot move=85",
    "wave 106 turn 1: progress enemyHp=[99:0/225,748:0/215] playerHp=[890:2065/2065,150:1664/1725]",
    "wave 106: reward shop owner=guest take-nonparty",
    "wave 107 turn 1: replay guest crossed cmd:107:1 through real public COMMAND=opened",
    "wave 107: host slot move=34 guest slot move=53",
    "wave 107 turn 1: guest SWITCH -> party[3]",
    "wave 107 turn 1: progress enemyHp=[748:234/234,748:237/237] playerHp=[890:2065/2065,384:1715/1715]",
    "wave 107 turn 2: replay guest crossed cmd:107:2 through real public COMMAND=opened",
    "wave 107: reward shop owner=host take-nonparty",
    "wave 108 turn 1: replay guest crossed cmd:108:1 through real public COMMAND=opened",
    "wave 108: TRAINER (random)",
    "wave 108: host slot move=85 guest slot move=247",
    "wave 108 turn 1: progress enemyHp=[121:0/205,121:0/205] playerHp=[890:2065/2065,384:1715/1715]",
    "wave 108 turn 2: replay guest crossed cmd:108:2 through real public COMMAND=opened",
    "wave 108: reward shop owner=guest leave",
    "wave 109 turn 1: replay guest crossed cmd:109:1 through real public COMMAND=opened",
    "wave 109: host slot move=53 guest slot move=34",
    "wave 109 turn 1: progress enemyHp=[565:0/233,960:0/132] playerHp=[890:2065/2065,384:1715/1715]",
    "wave 109: reward shop owner=host leave",
    "wave 110 turn 1: replay guest crossed cmd:110:1 through real public COMMAND=opened",
    "wave 110 turn 1: host SWITCH -> party[2]",
    "wave 110: host slot move=247 guest slot move=85",
    "wave 110 turn 1: progress enemyHp=[558:256/256,565:0/269] playerHp=[493:1865/1865,384:1273/1715]",
    "wave 110 turn 2: replay guest crossed cmd:110:2 through real public COMMAND=opened",
    "wave 110: biome market owner=guest leave",
    "wave 110: drained 1 milestone reward continuation(s)",
    "wave 110: host chose Crossroads Leave through public UI",
    "wave 110: host drove World Map via public UI=true and both consumed 1828056961360246:0:BIOME_PICK:9700130",
    "wave 111 turn 1: replay guest crossed cmd:111:1 through real public COMMAND=opened",
    "wave 111: BIOME 8->6",
    "wave 111: host slot move=34 guest slot move=53",
    "wave 111 turn 1: progress enemyHp=[279:0/210,72:0/191] playerHp=[493:1865/1865,384:1715/1715]",
    "wave 111: reward shop owner=guest take-nonparty",
    "wave 112 turn 1: replay guest crossed cmd:112:1 through real public COMMAND=opened",
    "wave 112: TRAINER (fixed)",
    "wave 112: host slot move=53 guest slot move=247",
    "wave 112 turn 1: progress enemyHp=[323:0/293,10072:0/293] playerHp=[493:1865/1865,384:1715/1715]",
    "wave 112 turn 2: replay guest crossed cmd:112:2 through real public COMMAND=opened",
    "wave 112 turn 3: replay guest crossed cmd:112:3 through real public COMMAND=opened",
    "wave 112: reward shop owner=host leave",
    "wave 113 turn 1: replay guest crossed cmd:113:1 through real public COMMAND=opened",
    "wave 113: host slot move=53 guest slot move=34",
    "wave 113 turn 1: progress enemyHp=[321:0/402,418:0/219] playerHp=[493:1633/1865,384:1501/1715]",
    "wave 113: reward shop owner=guest leave",
    "wave 114 turn 1: replay guest crossed cmd:114:1 through real public COMMAND=opened",
    "wave 114: TRAINER (fixed)",
    "wave 114: host slot move=53 guest slot move=34",
    "wave 114 turn 1: progress enemyHp=[232:0/299,851:0/317] playerHp=[493:1633/1865,384:1501/1715]",
    "wave 114 turn 2: replay guest crossed cmd:114:2 through real public COMMAND=opened",
    "wave 114 turn 3: replay guest crossed cmd:114:3 through real public COMMAND=opened",
    "wave 114 turn 4: replay guest crossed cmd:114:4 through real public COMMAND=opened",
    "wave 114: reward shop owner=host take-nonparty",
    "wave 115 turn 1: replay guest crossed cmd:115:1 through real public COMMAND=opened",
    "wave 115: TRAINER (fixed)",
    "wave 115 turn 1: host SWITCH -> party[2]",
    "wave 115: host slot move=34 guest slot move=53",
    "wave 115 turn 1: guest SWITCH -> party[3]",
    "wave 115 turn 1: progress enemyHp=[324:283/283,338:302/302] playerHp=[890:2065/2065,150:1684/1725]",
    "wave 115 turn 2: replay guest crossed cmd:115:2 through real public COMMAND=opened",
    "wave 115 turn 2: guest SWITCH -> party[3]",
    "wave 115 turn 3: replay guest crossed cmd:115:3 through real public COMMAND=opened",
    "wave 115 turn 3: guest SWITCH -> party[3]",
    "wave 115 turn 4: replay guest crossed cmd:115:4 through real public COMMAND=opened",
    "wave 115 turn 5: replay guest crossed cmd:115:5 through real public COMMAND=opened",
    "wave 115 turn 6: replay guest crossed cmd:115:6 through real public COMMAND=opened",
    "wave 115: reward shop owner=guest take-nonparty",
    "wave 115: host chose Crossroads Leave through public UI",
    "wave 115: host drove World Map via public UI=true and both consumed 1828056961360246:0:BIOME_PICK:9700136",
    "wave 116 turn 1: replay guest crossed cmd:116:1 through real public COMMAND=opened",
    "wave 116: BIOME 6->10",
    "wave 116: host slot move=85 guest slot move=247",
    "wave 116 turn 1: progress enemyHp=[847:0/214,847:0/235] playerHp=[890:2065/2065,150:1700/1725]",
    "wave 116: reward shop owner=guest take-nonparty",
    "wave 117 turn 1: replay guest crossed cmd:117:1 through real public COMMAND=opened",
    "wave 117 turn 1: host SWITCH -> party[2]",
    "wave 117: host slot move=53 guest slot move=34",
    "wave 117 turn 1: progress enemyHp=[594:438/438,771:0/313] playerHp=[493:1865/1865,150:1387/1725]",
    "wave 117 turn 2: replay guest crossed cmd:117:2 through real public COMMAND=opened",
    "wave 117 turn 3: replay guest crossed cmd:117:3 through real public COMMAND=opened",
    "wave 117: reward shop owner=host leave",
    "wave 117: drained 1 milestone reward continuation(s)",
    "wave 118 turn 1: replay guest crossed cmd:118:1 through real public COMMAND=opened",
    "wave 118: host slot move=247 guest slot move=85",
    "wave 118 turn 1: progress enemyHp=[224:0/251,224:0/254] playerHp=[493:1865/1865,150:1373/1725]",
    "wave 118: reward shop owner=guest leave",
    "wave 119 turn 1: replay guest crossed cmd:119:1 through real public COMMAND=opened",
    "wave 119: host slot move=34 guest slot move=53",
    "wave 119 turn 1: progress enemyHp=[976:0/298,368:0/231] playerHp=[493:1865/1865,150:1373/1725]",
    "wave 119: reward shop owner=host leave",
    "wave 120 turn 1: replay guest crossed cmd:120:1 through real public COMMAND=opened",
    "wave 120: TRAINER (random)",
    "wave 120: host slot move=85 guest slot move=247",
    "wave 120 turn 1: progress enemyHp=[9:0/306,10273:0/319] playerHp=[493:1865/1865,150:1373/1725]",
    "wave 120 turn 2: replay guest crossed cmd:120:2 through real public COMMAND=opened",
    "wave 120 turn 3: replay guest crossed cmd:120:3 through real public COMMAND=opened",
    "wave 120: biome market owner=guest leave",
    "wave 120: drained 1 milestone reward continuation(s)",
    "wave 120: host chose Crossroads Leave through public UI",
    "wave 120: host drove World Map via public UI=true and both consumed 1828056961360246:0:BIOME_PICK:9700142",
    "wave 121 turn 1: replay guest crossed cmd:121:1 through real public COMMAND=opened",
    "wave 121: BIOME 10->13",
    "wave 121: host slot move=53 guest slot move=247",
    "wave 121 turn 1: progress enemyHp=[528:0/237,47:0/274] playerHp=[493:1865/1865,150:1725/1725]",
    "wave 121: reward shop owner=guest take-nonparty",
    "wave 122 turn 1: replay guest crossed cmd:122:1 through real public COMMAND=opened",
    "wave 122: host slot move=247 guest slot move=34",
    "wave 122 turn 1: progress enemyHp=[526:1/277,76:0/286] playerHp=[493:1865/1865,150:1725/1725]",
    "wave 122 turn 2: replay guest crossed cmd:122:2 through real public COMMAND=opened",
    "wave 122 turn 2: host SWITCH -> party[2]",
    "wave 122: reward shop owner=host leave",
    "wave 123 turn 1: replay guest crossed cmd:123:1 through real public COMMAND=opened",
    "wave 123: host slot move=34 guest slot move=53",
    "wave 123 turn 1: guest SWITCH -> party[3]",
    "wave 123 turn 1: progress enemyHp=[528:0/264,768:268/268] playerHp=[890:2065/2065,384:1715/1715]",
    "wave 123 turn 2: replay guest crossed cmd:123:2 through real public COMMAND=opened",
    "wave 123: reward shop owner=guest take-nonparty",
    "wave 124 turn 1: replay guest crossed cmd:124:1 through real public COMMAND=opened",
    "wave 124: host slot move=85 guest slot move=247",
    "wave 124 turn 1: progress enemyHp=[213:0/236,480:0/271] playerHp=[890:2065/2065,384:1715/1715]",
    "wave 124: reward shop owner=host leave",
    "wave 124: drained 1 milestone reward continuation(s)",
    "wave 125 turn 1: replay guest crossed cmd:125:1 through real public COMMAND=opened",
    "wave 125: host slot move=34 guest slot move=34",
    "wave 125 turn 1: guest SWITCH -> party[3]",
    "wave 125 turn 1: progress enemyHp=[660:0/295,296:274/274] playerHp=[890:2065/2065,150:1716/1725]",
    "wave 125 turn 2: replay guest crossed cmd:125:2 through real public COMMAND=opened",
    "wave 125: reward shop owner=guest leave",
    "wave 125: host chose Crossroads Leave through public UI",
    "wave 125: host drove World Map via public UI=true and both consumed 1828056961360246:0:BIOME_PICK:9700148",
    "wave 126 turn 1: replay guest crossed cmd:126:1 through real public COMMAND=opened",
    "wave 126: BIOME 13->12",
    "wave 126: host slot move=34 guest slot move=34",
    "wave 126 turn 1: progress enemyHp=[232:0/317,529:0/235] playerHp=[890:2065/2065,150:1609/1725]",
    "wave 126: reward shop owner=guest leave",
    "wave 127 turn 1: replay guest crossed cmd:127:1 through real public COMMAND=opened",
    "wave 127 turn 1: host SWITCH -> party[2]",
    "wave 127: host slot move=247 guest slot move=53",
    "wave 127 turn 1: guest SWITCH -> party[3]",
    "wave 127 turn 1: progress enemyHp=[232:314/314,526:295/295] playerHp=[493:1749/1865,384:1608/1715]",
    "wave 127 turn 2: replay guest crossed cmd:127:2 through real public COMMAND=opened",
    "wave 127 turn 3: replay guest crossed cmd:127:3 through real public COMMAND=opened",
    "wave 127: reward shop owner=host take-nonparty",
    "wave 128 turn 1: replay guest crossed cmd:128:1 through real public COMMAND=opened",
    "wave 128: host slot move=34 guest slot move=247",
    "wave 128 turn 1: progress enemyHp=[232:0/317,529:0/240] playerHp=[493:1401/1865,384:1287/1715]",
    "wave 128: reward shop owner=guest leave",
    "wave 129 turn 1: replay guest crossed cmd:129:1 through real public COMMAND=opened",
    "wave 129: host slot move=53 guest slot move=247",
    "wave 129 turn 1: progress enemyHp=[879:0/370,323:0/305] playerHp=[493:1285/1865,384:1180/1715]",
    "wave 129: reward shop owner=host take-nonparty",
    "wave 130 turn 1: replay guest crossed cmd:130:1 through real public COMMAND=opened",
    "wave 130: host slot move=34 guest slot move=34",
    "wave 130 turn 1: progress enemyHp=[472:0/305,851:0/354] playerHp=[493:1052/1865,384:1180/1715]",
    "wave 130: biome market owner=guest leave",
    "wave 130: drained 1 milestone reward continuation(s)",
    "wave 130: host chose Crossroads Leave through public UI",
    "wave 130: host drove World Map via public UI=true and both consumed 1828056961360246:0:BIOME_PICK:9700154",
    "wave 131 turn 1: replay guest crossed cmd:131:1 through real public COMMAND=opened",
    "wave 131: BIOME 12->14",
    "wave 131 turn 1: host SWITCH -> party[2]",
    "wave 131: host slot move=85 guest slot move=34",
    "wave 131 turn 1: progress enemyHp=[947:278/278,553:0/347] playerHp=[890:2065/2065,384:1608/1715]",
    "wave 131 turn 2: replay guest crossed cmd:131:2 through real public COMMAND=opened",
    "wave 131 turn 2: host SWITCH -> party[2]",
    "wave 131: reward shop owner=guest take-nonparty",
    "wave 132 turn 1: replay guest crossed cmd:132:1 through real public COMMAND=opened",
    "wave 132: TRAINER (random)",
    "wave 132: host slot move=85 guest slot move=247",
    "wave 132 turn 1: guest SWITCH -> party[3]",
    "wave 132 turn 1: progress enemyHp=[101:0/291,4110:326/347] playerHp=[493:1601/1865,150:1618/1725]",
    "wave 132 turn 2: replay guest crossed cmd:132:2 through real public COMMAND=opened",
    "wave 132: reward shop owner=host take-nonparty",
    "wave 133 turn 1: replay guest crossed cmd:133:1 through real public COMMAND=opened",
    "wave 133: host slot move=53 guest slot move=34",
    "wave 133 turn 1: progress enemyHp=[795:0/291,561:0/296] playerHp=[493:1369/1865,150:1404/1725]",
    "wave 133: reward shop owner=guest leave",
    "wave 133: drained 1 milestone reward continuation(s)",
    "wave 134 turn 1: replay guest crossed cmd:134:1 through real public COMMAND=opened",
    "wave 134 turn 1: host SWITCH -> party[2]",
    "wave 134: host slot move=53 guest slot move=85",
    "wave 134 turn 1: progress enemyHp=[450:377/377,563:0/285] playerHp=[890:2065/2065,150:1278/1725]",
    "wave 134 turn 2: replay guest crossed cmd:134:2 through real public COMMAND=opened",
    "wave 134: reward shop owner=host leave",
    "wave 135 turn 1: replay guest crossed cmd:135:1 through real public COMMAND=opened",
    "wave 135: host slot move=34 guest slot move=53",
    "wave 135 turn 1: progress enemyHp=[452:0/291,28:0/356] playerHp=[890:2065/2065,150:1064/1725]",
    "wave 135: reward shop owner=guest leave",
    "wave 135: host chose Crossroads Leave through public UI",
    "wave 135: host drove World Map via public UI=true and both consumed 1828056961360246:0:BIOME_PICK:9700160",
    "wave 136 turn 1: replay guest crossed cmd:136:1 through real public COMMAND=opened",
    "wave 136: BIOME 14->22",
    "wave 136: host slot move=85 guest slot move=247",
    "wave 136 turn 1: progress enemyHp=[201:0/259,97:0/334] playerHp=[890:2065/2065,150:1064/1725]",
    "wave 136: reward shop owner=guest take-nonparty",
    "wave 137 turn 1: replay guest crossed cmd:137:1 through real public COMMAND=opened",
    "wave 137: host slot move=247 guest slot move=34",
    "wave 137 turn 1: progress enemyHp=[567:0/293,1016:0/305] playerHp=[890:2065/2065,150:1064/1725]",
    "wave 137: reward shop owner=host leave",
    "wave 137: drained 1 milestone reward continuation(s)",
    "wave 138 turn 1: replay guest crossed cmd:138:1 through real public COMMAND=opened",
    "wave 138: host slot move=85 guest slot move=85",
    "wave 138 turn 1: progress enemyHp=[959:0/320,561:0/290] playerHp=[890:2065/2065,150:1064/1725]",
    "wave 138: reward shop owner=guest leave",
    "wave 138: drained 1 milestone reward continuation(s)",
    "wave 139 turn 1: replay guest crossed cmd:139:1 through real public COMMAND=opened",
    "wave 139: host slot move=247 guest slot move=53",
    "wave 139 turn 1: progress enemyHp=[325:0/281,97:0/343] playerHp=[890:2065/2065,150:1064/1725]",
    "wave 139: reward shop owner=host leave",
    "wave 140 turn 1: replay guest crossed cmd:140:1 through real public COMMAND=opened",
    "wave 140: host slot move=34 guest slot move=247",
    "wave 140 turn 1: progress enemyHp=[122:0/248,65:0/332] playerHp=[890:2065/2065,150:1064/1725]",
    "wave 140: biome market owner=guest leave",
    "wave 140: drained 1 milestone reward continuation(s)",
    "wave 140: host chose Crossroads Leave through public UI",
    "wave 140: host drove World Map via public UI=true and both consumed 1828056961360246:0:BIOME_PICK:9700166",
    "wave 141 turn 1: replay guest crossed cmd:141:1 through real public COMMAND=opened",
    "wave 141: BIOME 22->11",
    "wave 141: host slot move=53 guest slot move=34",
    "wave 141 turn 1: progress enemyHp=[526:174/347,218:0/250] playerHp=[890:2065/2065,150:1725/1725]",
    "wave 141 turn 2: replay guest crossed cmd:141:2 through real public COMMAND=opened",
    "wave 141: reward shop owner=guest take-nonparty",
    "wave 142 turn 1: replay guest crossed cmd:142:1 through real public COMMAND=opened",
    "wave 142: host slot move=247 guest slot move=85",
    "wave 142 turn 1: progress enemyHp=[673:0/424,178:0/358] playerHp=[890:2065/2065,150:1725/1725]",
    "wave 142: reward shop owner=host take-nonparty",
    "wave 143 turn 1: replay guest crossed cmd:143:1 through real public COMMAND=opened",
    "wave 143: host slot move=85 guest slot move=53",
    "wave 143 turn 1: progress enemyHp=[18:0/333,306:0/310] playerHp=[890:2065/2065,150:1725/1725]",
    "wave 143: reward shop owner=guest take-nonparty",
    "wave 144 turn 1: replay guest crossed cmd:144:1 through real public COMMAND=opened",
    "wave 144: host slot move=85 guest slot move=247",
    "wave 144 turn 1: progress enemyHp=[526:1/362,630:0/389] playerHp=[890:2065/2065,150:1725/1725]",
    "wave 144 turn 2: replay guest crossed cmd:144:2 through real public COMMAND=opened",
    "wave 144: reward shop owner=host take-nonparty",
    "wave 145 turn 1: replay guest crossed cmd:145:1 through real public COMMAND=opened",
    "wave 145: TRAINER (fixed)",
    "wave 145: host slot move=53 guest slot move=85",
    "wave 145 turn 1: progress enemyHp=[908:0/387,18:0/407] playerHp=[890:2065/2065,150:1725/1725]",
    "wave 145 turn 2: replay guest crossed cmd:145:2 through real public COMMAND=opened",
    "wave 145 turn 3: replay guest crossed cmd:145:3 through real public COMMAND=opened",
    "wave 145 turn 3: guest SWITCH -> party[3]",
    "wave 145 turn 4: replay guest crossed cmd:145:4 through real public COMMAND=opened",
    "wave 145: reward shop owner=guest leave",
    "wave 145: drained 1 milestone reward continuation(s)",
    "wave 145: host chose Crossroads Leave through public UI",
    "wave 145: host drove World Map via public UI=true and both consumed 1828056961360246:0:BIOME_PICK:9700172",
    "wave 146 turn 1: replay guest crossed cmd:146:1 through real public COMMAND=opened",
    "wave 146: BIOME 11->18",
    "wave 146: host slot move=247 guest slot move=34",
    "wave 146 turn 1: progress enemyHp=[218:0/242,2050:0/174] playerHp=[890:2065/2065,384:1604/1715]",
    "wave 146: reward shop owner=guest take-nonparty",
    "wave 147 turn 1: replay guest crossed cmd:147:1 through real public COMMAND=opened",
    "wave 147: host slot move=34 guest slot move=53",
    "wave 147 turn 1: progress enemyHp=[839:427/427,59:0/370] playerHp=[890:2065/2065,384:1604/1715]",
    "wave 147 turn 2: replay guest crossed cmd:147:2 through real public COMMAND=opened",
    "wave 147: reward shop owner=host leave",
    "wave 148 turn 1: replay guest crossed cmd:148:1 through real public COMMAND=opened",
    "wave 148: host slot move=85 guest slot move=247",
    "wave 148 turn 1: progress enemyHp=[38:0/331,59:0/367] playerHp=[890:2065/2065,384:1604/1715]",
    "wave 148: reward shop owner=guest take-nonparty",
    "wave 149 turn 1: replay guest crossed cmd:149:1 through real public COMMAND=opened",
    "wave 149: host slot move=53 guest slot move=53",
    "wave 149 turn 1: guest SWITCH -> party[3]",
    "wave 149 turn 1: progress enemyHp=[776:293/293,323:380/380] playerHp=[890:2065/2065,150:1618/1725]",
    "wave 149 turn 2: replay guest crossed cmd:149:2 through real public COMMAND=opened",
    "wave 149 turn 2: host SWITCH -> party[2]",
    "wave 149 turn 3: replay guest crossed cmd:149:3 through real public COMMAND=opened",
    "wave 149 turn 4: replay guest crossed cmd:149:4 through real public COMMAND=opened",
    "wave 149: reward shop owner=host take-nonparty",
    "wave 150 turn 1: replay guest crossed cmd:150:1 through real public COMMAND=opened",
    "wave 150: TRAINER (random)",
    "wave 150: host slot move=247 guest slot move=85",
    "wave 150 turn 1: guest SWITCH -> party[3]",
    "wave 150 turn 1: progress enemyHp=[10845:0/460,10538:432/433] playerHp=[493:1399/1865,384:1251/1715]",
    "wave 150 turn 2: replay guest crossed cmd:150:2 through real public COMMAND=opened",
    "wave 150 turn 2: host SWITCH -> party[2]",
    "wave 150 turn 3: replay guest crossed cmd:150:3 through real public COMMAND=opened",
    "wave 150 turn 4: replay guest crossed cmd:150:4 through real public COMMAND=opened",
    "wave 150: biome market owner=guest leave",
    "wave 150: drained 1 milestone reward continuation(s)",
    "wave 150: host drove World Map via public UI=true and both consumed 1828056961360246:0:BIOME_PICK:9700178",
    "wave 151 turn 1: replay guest crossed cmd:151:1 through real public COMMAND=opened",
    "wave 151: BIOME 18->8",
    "wave 151: host slot move=34 guest slot move=53",
    "wave 151 turn 1: progress enemyHp=[341:0/276,565:0/333] playerHp=[890:2065/2065,384:1715/1715]",
    "wave 151: reward shop owner=guest take-nonparty",
    "wave 152 turn 1: replay guest crossed cmd:152:1 through real public COMMAND=opened",
    "wave 152: host slot move=85 guest slot move=247",
    "wave 152 turn 1: progress enemyHp=[558:0/318,99:0/373] playerHp=[890:2065/2065,384:1715/1715]",
    "wave 152: reward shop owner=host leave",
    "wave 153 turn 1: replay guest crossed cmd:153:1 through real public COMMAND=opened",
    "wave 153: host slot move=53 guest slot move=247",
    "wave 153 turn 1: guest SWITCH -> party[3]",
    "wave 153 turn 1: progress enemyHp=[341:0/276,769:328/328] playerHp=[890:2065/2065,150:1698/1725]",
    "wave 153 turn 2: replay guest crossed cmd:153:2 through real public COMMAND=opened",
    "wave 153: reward shop owner=guest take-nonparty",
    "wave 154 turn 1: replay guest crossed cmd:154:1 through real public COMMAND=opened",
    "wave 154: host slot move=247 guest slot move=85",
    "wave 154 turn 1: guest SWITCH -> party[3]",
    "wave 154 turn 1: progress enemyHp=[692:0/367,558:348/348] playerHp=[890:2065/2065,384:1715/1715]",
    "wave 154 turn 2: replay guest crossed cmd:154:2 through real public COMMAND=opened",
    "wave 154 turn 2: guest SWITCH -> party[3]",
    "wave 154 turn 3: replay guest crossed cmd:154:3 through real public COMMAND=opened",
    "wave 154: reward shop owner=host leave",
    "wave 155 turn 1: replay guest crossed cmd:155:1 through real public COMMAND=opened",
    "wave 155: host slot move=34 guest slot move=53",
    "wave 155 turn 1: progress enemyHp=[558:0/340,121:0/306] playerHp=[890:2065/2065,150:1233/1725]",
    "wave 155: reward shop owner=guest leave",
    "wave 156 turn 1: replay guest crossed cmd:156:1 through real public COMMAND=opened",
    "wave 156: host slot move=85 guest slot move=247",
    "wave 156 turn 1: progress enemyHp=[121:0/341,748:347/347] playerHp=[890:2065/2065,150:1233/1725]",
    "wave 156 turn 2: replay guest crossed cmd:156:2 through real public COMMAND=opened",
    "wave 156 turn 2: guest SWITCH -> party[3]",
    "wave 156: reward shop owner=host take-nonparty",
    "wave 157 turn 1: replay guest crossed cmd:157:1 through real public COMMAND=opened",
    "wave 157: host slot move=247 guest slot move=34",
    "wave 157 turn 1: progress enemyHp=[769:0/332,693:0/397] playerHp=[890:2065/2065,384:1715/1715]",
    "wave 157: reward shop owner=guest take-nonparty",
    "wave 158 turn 1: replay guest crossed cmd:158:1 through real public COMMAND=opened",
    "wave 158: TRAINER (random)",
    "wave 158 turn 1: host SWITCH -> party[2]",
    "wave 158: host slot move=53 guest slot move=85",
    "wave 158 turn 1: progress enemyHp=[10051:565/565,462:0/367] playerHp=[493:1865/1865,384:1620/1715]",
    "wave 158 turn 2: replay guest crossed cmd:158:2 through real public COMMAND=opened",
    "wave 158 turn 3: replay guest crossed cmd:158:3 through real public COMMAND=opened",
    "wave 158 turn 4: replay guest crossed cmd:158:4 through real public COMMAND=opened",
    "wave 158 turn 4: host SWITCH -> party[2]",
    "wave 158 turn 4: guest SWITCH -> party[3]",
    "wave 158 turn 5: replay guest crossed cmd:158:5 through real public COMMAND=opened",
    "wave 158: reward shop owner=host leave",
    "wave 159 turn 1: replay guest crossed cmd:159:1 through real public COMMAND=opened",
    "wave 159: host slot move=34 guest slot move=53",
    "wave 159 turn 1: progress enemyHp=[341:0/285,692:0/359] playerHp=[890:2065/2065,150:1685/1725]",
    "wave 159: reward shop owner=guest leave",
    "wave 160 turn 1: replay guest crossed cmd:160:1 through real public COMMAND=opened",
    "wave 160: host slot move=53 guest slot move=247",
    "wave 160 turn 1: progress enemyHp=[770:0/470,914:0/494] playerHp=[890:2065/2065,150:1685/1725]",
    "wave 160: biome market owner=host leave",
    "wave 160: drained 1 milestone reward continuation(s)",
    "wave 160: guest drove World Map via public UI=true and both consumed 1828056961360246:1:BIOME_PICK:9700189",
    "wave 161 turn 1: replay guest crossed cmd:161:1 through real public COMMAND=opened",
    "wave 161: BIOME 8->6",
    "wave 161: host slot move=53 guest slot move=34",
    "wave 161 turn 1: progress enemyHp=[62:0/432,418:0/335] playerHp=[890:2065/2065,150:1725/1725]",
    "wave 161: reward shop owner=host leave",
    "wave 162 turn 1: replay guest crossed cmd:162:1 through real public COMMAND=opened",
    "wave 162 turn 1: host SWITCH -> party[2]",
    "wave 162: host slot move=247 guest slot move=85",
    "wave 162 turn 1: progress enemyHp=[321:618/618,279:0/365] playerHp=[493:1865/1865,150:1725/1725]",
    "wave 162 turn 2: replay guest crossed cmd:162:2 through real public COMMAND=opened",
    "wave 162 turn 2: guest SWITCH -> party[3]",
    "wave 162: reward shop owner=guest take-nonparty",
    "wave 163 turn 1: replay guest crossed cmd:163:1 through real public COMMAND=opened",
    "wave 163: host slot move=34 guest slot move=53",
    "wave 163 turn 1: guest SWITCH -> party[3]",
    "wave 163 turn 1: progress enemyHp=[516:0/501,845:397/397] playerHp=[493:1865/1865,150:1725/1725]",
    "wave 163 turn 2: replay guest crossed cmd:163:2 through real public COMMAND=opened",
    "wave 163 turn 2: guest SWITCH -> party[3]",
    "wave 163: reward shop owner=host leave",
    "wave 164 turn 1: replay guest crossed cmd:164:1 through real public COMMAND=opened",
    "wave 164: TRAINER (fixed)",
    "wave 164: host slot move=53 guest slot move=34",
    "wave 164 turn 1: progress enemyHp=[232:302/500,851:0/503] playerHp=[493:1865/1865,384:1715/1715]",
    "wave 164 turn 2: replay guest crossed cmd:164:2 through real public COMMAND=opened",
    "wave 164 turn 3: replay guest crossed cmd:164:3 through real public COMMAND=opened",
    "wave 164 turn 3: host SWITCH -> party[2]",
    "wave 164 turn 4: replay guest crossed cmd:164:4 through real public COMMAND=opened",
    "wave 164 turn 5: replay guest crossed cmd:164:5 through real public COMMAND=opened",
    "wave 164: reward shop owner=guest leave",
    "wave 165 turn 1: replay guest crossed cmd:165:1 through real public COMMAND=opened",
    "wave 165: TRAINER (fixed)",
    "wave 165: host slot move=53 guest slot move=247",
    "wave 165 turn 1: progress enemyHp=[338:136/540,38:0/446] playerHp=[890:1956/2065,384:1423/1715]",
    "wave 165 turn 2: replay guest crossed cmd:165:2 through real public COMMAND=opened",
    "wave 165 turn 3: replay guest crossed cmd:165:3 through real public COMMAND=opened",
    "wave 165 turn 4: replay guest crossed cmd:165:4 through real public COMMAND=opened",
    "wave 165 turn 4: guest SWITCH -> party[3]",
    "wave 165 turn 5: replay guest crossed cmd:165:5 through real public COMMAND=opened",
    "wave 165: reward shop owner=host leave",
    "wave 165: drained 1 milestone reward continuation(s)",
    "wave 166 turn 1: replay guest crossed cmd:166:1 through real public COMMAND=opened",
    "wave 166: host slot move=247 guest slot move=85",
    "wave 166 turn 1: guest SWITCH -> party[3]",
    "wave 166 turn 1: progress enemyHp=[72:0/314,121:368/368] playerHp=[890:1619/2065,384:1715/1715]",
    "wave 166 turn 2: replay guest crossed cmd:166:2 through real public COMMAND=opened",
    "wave 166: reward shop owner=guest take-nonparty",
    "wave 167 turn 1: replay guest crossed cmd:167:1 through real public COMMAND=opened",
    "wave 167: host slot move=34 guest slot move=53",
    "wave 167 turn 1: progress enemyHp=[845:0/383,72:0/288] playerHp=[890:1619/2065,384:1715/1715]",
    "wave 167: reward shop owner=host leave",
    "wave 168 turn 1: replay guest crossed cmd:168:1 through real public COMMAND=opened",
    "wave 168: host slot move=85 guest slot move=247",
    "wave 168 turn 1: progress enemyHp=[80:0/430,279:0/348] playerHp=[890:1619/2065,384:1715/1715]",
    "wave 168: reward shop owner=guest take-nonparty",
    "wave 169 turn 1: replay guest crossed cmd:169:1 through real public COMMAND=opened",
    "wave 169: host slot move=53 guest slot move=34",
    "wave 169 turn 1: guest SWITCH -> party[3]",
    "wave 169 turn 1: progress enemyHp=[72:0/299,80:474/474] playerHp=[890:1619/2065,150:1725/1725]",
    "wave 169 turn 2: replay guest crossed cmd:169:2 through real public COMMAND=opened",
    "wave 169 turn 2: host SWITCH -> party[2]",
    "wave 169 turn 2: guest SWITCH -> party[3]",
    "wave 169 turn 3: replay guest crossed cmd:169:3 through real public COMMAND=opened",
    "wave 169: reward shop owner=host leave",
    "wave 170 turn 1: replay guest crossed cmd:170:1 through real public COMMAND=opened",
    "wave 170: host slot move=247 guest slot move=85",
    "wave 170 turn 1: progress enemyHp=[395:0/449,845:0/423] playerHp=[493:1865/1865,384:1715/1715]",
    "wave 170: biome market owner=guest leave",
    "wave 170: drained 1 milestone reward continuation(s)",
    "wave 170: host drove World Map via public UI=true and both consumed 1828056961360246:0:BIOME_PICK:9700200",
    "wave 171 turn 1: replay guest crossed cmd:171:1 through real public COMMAND=opened",
    "wave 171: BIOME 6->10",
    "wave 171: host slot move=34 guest slot move=53",
    "wave 171 turn 1: progress enemyHp=[847:0/371,847:0/351] playerHp=[493:1865/1865,384:1715/1715]",
    "wave 171: reward shop owner=guest leave",
    "wave 172 turn 1: replay guest crossed cmd:172:1 through real public COMMAND=opened",
    "wave 172: host slot move=85 guest slot move=247",
    "wave 172 turn 1: progress enemyHp=[370:0/348,976:0/509] playerHp=[493:1865/1865,384:1715/1715]",
    "wave 172: reward shop owner=host take-nonparty",
    "wave 173 turn 1: replay guest crossed cmd:173:1 through real public COMMAND=opened",
    "wave 173: host slot move=247 guest slot move=34",
    "wave 173 turn 1: progress enemyHp=[593:0/529,171:0/562] playerHp=[493:1865/1865,384:1715/1715]",
    "wave 173: reward shop owner=guest take-nonparty",
    "wave 174 turn 1: replay guest crossed cmd:174:1 through real public COMMAND=opened",
    "wave 174: host slot move=247 guest slot move=34",
    "wave 174 turn 1: progress enemyHp=[350:0/491,871:0/425] playerHp=[493:1865/1865,384:1715/1715]",
    "wave 174: reward shop owner=host leave",
    "wave 175 turn 1: replay guest crossed cmd:175:1 through real public COMMAND=opened",
    "wave 175: host slot move=34 guest slot move=53",
    "wave 175 turn 1: progress enemyHp=[91:351/351,321:0/659] playerHp=[493:1749/1865,384:1715/1715]",
    "wave 175 turn 2: replay guest crossed cmd:175:2 through real public COMMAND=opened",
    "wave 175: reward shop owner=guest take-nonparty",
    "wave 176 turn 1: replay guest crossed cmd:176:1 through real public COMMAND=opened",
    "wave 176: host slot move=85 guest slot move=247",
    "wave 176 turn 1: progress enemyHp=[370:0/379,211:0/411] playerHp=[493:1517/1865,384:1285/1715]",
    "wave 176: reward shop owner=host leave",
    "wave 176: drained 1 milestone reward continuation(s)",
    "wave 177 turn 1: replay guest crossed cmd:177:1 through real public COMMAND=opened",
    "wave 177 turn 1: host SWITCH -> party[2]",
    "wave 177: host slot move=53 guest slot move=34",
    "wave 177 turn 1: progress enemyHp=[691:443/443,423:0/525] playerHp=[890:2065/2065,384:1285/1715]",
    "wave 177 turn 2: replay guest crossed cmd:177:2 through real public COMMAND=opened",
    "wave 177: reward shop owner=guest leave",
    "wave 178 turn 1: replay guest crossed cmd:178:1 through real public COMMAND=opened",
    "wave 178: host slot move=247 guest slot move=85",
    "wave 178 turn 1: progress enemyHp=[72:0/341,370:0/351] playerHp=[890:2065/2065,384:1285/1715]",
    "wave 178: reward shop owner=host take-nonparty",
    "wave 179 turn 1: replay guest crossed cmd:179:1 through real public COMMAND=opened",
    "wave 179: host slot move=53 guest slot move=53",
    "wave 179 turn 1: progress enemyHp=[171:566/566,222:0/437] playerHp=[890:2065/2065,384:1274/1715]",
    "wave 179 turn 2: replay guest crossed cmd:179:2 through real public COMMAND=opened",
    "wave 179: reward shop owner=guest leave",
    "wave 180 turn 1: replay guest crossed cmd:180:1 through real public COMMAND=opened",
    "wave 180: TRAINER (random)",
    "wave 180: host slot move=85 guest slot move=247",
    "wave 180 turn 1: progress enemyHp=[9:0/542,10273:0/538] playerHp=[890:2065/2065,384:1263/1715]",
    "wave 180 turn 2: replay guest crossed cmd:180:2 through real public COMMAND=opened",
    "wave 180 turn 2: guest SWITCH -> party[3]",
    "wave 180 turn 3: replay guest crossed cmd:180:3 through real public COMMAND=opened",
    "wave 180 turn 4: replay guest crossed cmd:180:4 through real public COMMAND=opened",
    "wave 180: biome market owner=host leave",
    "wave 180: drained 1 milestone reward continuation(s)",
    "wave 180: guest drove World Map via public UI=true and both consumed 1828056961360246:1:BIOME_PICK:9700211",
    "wave 181 turn 1: replay guest crossed cmd:181:1 through real public COMMAND=opened",
    "wave 181: BIOME 10->13",
    "wave 181 turn 1: host SWITCH -> party[2]",
    "wave 181: host slot move=53 guest slot move=247",
    "wave 181 turn 1: progress enemyHp=[169:458/458,47:0/440] playerHp=[493:1865/1865,150:1725/1725]",
    "wave 181 turn 2: replay guest crossed cmd:181:2 through real public COMMAND=opened",
    "wave 181: reward shop owner=host take-nonparty",
    "wave 182 turn 1: replay guest crossed cmd:182:1 through real public COMMAND=opened",
    "wave 182: TRAINER (fixed)",
    "wave 182: host slot move=247 guest slot move=85",
    "wave 182 turn 1: progress enemyHp=[262:0/497,862:0/561] playerHp=[493:1835/1865,150:1725/1725]",
    "wave 182 turn 2: replay guest crossed cmd:182:2 through real public COMMAND=opened",
    "wave 182 turn 3: replay guest crossed cmd:182:3 through real public COMMAND=opened",
    "wave 182 turn 3: guest SWITCH -> party[3]",
    "wave 182 turn 4: replay guest crossed cmd:182:4 through real public COMMAND=opened",
    "wave 182 turn 5: replay guest crossed cmd:182:5 through real public COMMAND=opened",
    "wave 182: reward shop owner=guest leave",
    "wave 183 turn 1: replay guest crossed cmd:183:1 through real public COMMAND=opened",
    "wave 183: host slot move=34 guest slot move=53",
    "wave 183 turn 1: progress enemyHp=[660:0/455,526:1/482] playerHp=[493:1629/1865,384:1463/1715]",
    "wave 183 turn 2: replay guest crossed cmd:183:2 through real public COMMAND=opened",
    "wave 183 turn 2: host SWITCH -> party[2]",
    "wave 183: reward shop owner=host take-nonparty",
    "wave 184 turn 1: replay guest crossed cmd:184:1 through real public COMMAND=opened",
    "wave 184: TRAINER (fixed)",
    "wave 184: host slot move=247 guest slot move=85",
    "wave 184 turn 1: progress enemyHp=[302:0/530,354:0/627] playerHp=[890:2065/2065,384:928/1715]",
    "wave 184 turn 2: replay guest crossed cmd:184:2 through real public COMMAND=opened",
    "wave 184 turn 3: replay guest crossed cmd:184:3 through real public COMMAND=opened",
    "wave 184 turn 3: guest SWITCH -> party[3]",
    "wave 184 turn 4: replay guest crossed cmd:184:4 through real public COMMAND=opened",
    "wave 184: reward shop owner=guest take-nonparty",
    "wave 185 turn 1: replay guest crossed cmd:185:1 through real public COMMAND=opened",
    "wave 185 turn 1: host SWITCH -> party[2]",
    "wave 185: host slot move=53 guest slot move=34",
    "wave 185 turn 1: progress enemyHp=[169:512/512,528:0/423] playerHp=[493:1865/1865,150:1301/1725]",
    "wave 185 turn 2: replay guest crossed cmd:185:2 through real public COMMAND=opened",
    "wave 185 turn 2: host SWITCH -> party[2]",
    "wave 185: reward shop owner=host take-nonparty",
    "wave 186 turn 1: replay guest crossed cmd:186:1 through real public COMMAND=opened",
    "wave 186: TRAINER (fixed)",
    "wave 186: host slot move=247 guest slot move=85",
    "wave 186 turn 1: progress enemyHp=[460:0/560,362:1/533] playerHp=[890:2065/2065,150:870/1725]",
    "wave 186 turn 2: replay guest crossed cmd:186:2 through real public COMMAND=opened",
    "wave 186 turn 3: replay guest crossed cmd:186:3 through real public COMMAND=opened",
    "wave 186 turn 3: guest SWITCH -> party[3]",
    "wave 186 turn 4: replay guest crossed cmd:186:4 through real public COMMAND=opened",
    "wave 186 turn 5: replay guest crossed cmd:186:5 through real public COMMAND=opened",
    "wave 186 turn 5: guest SWITCH -> party[3]",
    "wave 186: reward shop owner=guest leave",
    "wave 187 turn 1: replay guest crossed cmd:187:1 through real public COMMAND=opened",
    "wave 187: host slot move=34 guest slot move=53",
    "wave 187 turn 1: progress enemyHp=[768:0/439,526:1/470] playerHp=[890:1631/2065,150:1511/1725]",
    "wave 187 turn 2: replay guest crossed cmd:187:2 through real public COMMAND=opened",
    "wave 187: reward shop owner=host leave",
    "wave 188 turn 1: replay guest crossed cmd:188:1 through real public COMMAND=opened",
    "wave 188: TRAINER (fixed)",
    "wave 188 turn 1: host SWITCH -> party[2]",
    "wave 188: host slot move=85 guest slot move=53",
    "wave 188 turn 1: progress enemyHp=[334:538/538,781:0/528] playerHp=[493:1865/1865,150:1277/1725]",
    "wave 188 turn 2: replay guest crossed cmd:188:2 through real public COMMAND=opened",
    "wave 188 turn 3: replay guest crossed cmd:188:3 through real public COMMAND=opened",
    "wave 188 turn 4: replay guest crossed cmd:188:4 through real public COMMAND=opened",
    "wave 188 turn 4: host SWITCH -> party[2]",
    "wave 188 turn 5: replay guest crossed cmd:188:5 through real public COMMAND=opened",
    "wave 188: reward shop owner=guest leave",
    "wave 189 turn 1: replay guest crossed cmd:189:1 through real public COMMAND=opened",
    "wave 189: host slot move=34 guest slot move=34",
    "wave 189 turn 1: progress enemyHp=[295:0/668,660:0/494] playerHp=[890:2065/2065,150:1029/1725]",
    "wave 189: reward shop owner=host take-nonparty",
    "wave 190 turn 1: replay guest crossed cmd:190:1 through real public COMMAND=opened",
    "wave 190: TRAINER (fixed)",
    "wave 190: host slot move=247 guest slot move=85",
    "wave 190 turn 1: progress enemyHp=[279:0/474,272:0/548] playerHp=[890:2065/2065,150:1029/1725]",
    "wave 190 turn 2: replay guest crossed cmd:190:2 through real public COMMAND=opened",
    "wave 190 turn 3: replay guest crossed cmd:190:3 through real public COMMAND=opened",
    "wave 190 turn 4: replay guest crossed cmd:190:4 through real public COMMAND=opened",
    "wave 190: biome market owner=guest leave",
    "wave 190: drained 1 milestone reward continuation(s)",
    "wave 190: host drove World Map via public UI=false and both consumed 1828056961360246:0:BIOME_PICK:9800191",
    "wave 191 turn 1: replay guest crossed cmd:191:1 through real public COMMAND=opened",
    "wave 191: BIOME 13->50",
    "wave 191 turn 1: host SWITCH -> party[2]",
    "wave 191: host slot move=34 guest slot move=53",
    "wave 191 turn 1: progress enemyHp=[993:539/539,984:616/616] playerHp=[493:1858/1865,150:1716/1725]",
    "wave 191 turn 2: replay guest crossed cmd:191:2 through real public COMMAND=opened",
    "wave 191 turn 2: guest SWITCH -> party[3]",
    "wave 191 turn 3: replay guest crossed cmd:191:3 through real public COMMAND=opened",
    "wave 191: reward shop owner=host take-nonparty",
    "wave 192 turn 1: replay guest crossed cmd:192:1 through real public COMMAND=opened",
    "wave 192: host slot move=85 guest slot move=34",
    "wave 192 turn 1: progress enemyHp=[991:0/430,989:0/491] playerHp=[493:1858/1865,384:1715/1715]",
    "wave 192: reward shop owner=guest take-nonparty",
    "wave 193 turn 1: replay guest crossed cmd:193:1 through real public COMMAND=opened",
    "wave 193: host slot move=53 guest slot move=53",
    "wave 193 turn 1: progress enemyHp=[986:0/617,987:0/417] playerHp=[493:1858/1865,384:1287/1715]",
    "wave 193: reward shop owner=host leave",
    "wave 194 turn 1: replay guest crossed cmd:194:1 through real public COMMAND=opened",
    "wave 194: host slot move=247 guest slot move=85",
    "wave 194 turn 1: progress enemyHp=[1005:189/596,991:0/435] playerHp=[493:1784/1865,384:859/1715]",
    "wave 194 turn 2: replay guest crossed cmd:194:2 through real public COMMAND=opened",
    "wave 194 turn 2: guest SWITCH -> party[3]",
    "wave 194: reward shop owner=guest leave",
    "wave 195 turn 1: replay guest crossed cmd:195:1 through real public COMMAND=opened",
    "wave 195: TRAINER (fixed)",
    "wave 195: host slot move=34 guest slot move=85",
    "wave 195 turn 1: progress enemyHp=[908:0/572,18:0/631] playerHp=[493:1784/1865,150:1725/1725]",
    "wave 195 turn 2: replay guest crossed cmd:195:2 through real public COMMAND=opened",
    "wave 195 turn 3: replay guest crossed cmd:195:3 through real public COMMAND=opened",
    "wave 195 turn 3: guest SWITCH -> party[3]",
    "wave 195 turn 4: replay guest crossed cmd:195:4 through real public COMMAND=opened",
    "wave 195: reward shop owner=host leave",
    "wave 195: drained 1 milestone reward continuation(s)",
    "wave 196 turn 1: replay guest crossed cmd:196:1 through real public COMMAND=opened",
    "wave 196: host slot move=85 guest slot move=247",
    "wave 196 turn 1: progress enemyHp=[988:0/500,995:0/572] playerHp=[493:1581/1865,384:1689/1715]",
    "wave 196: reward shop owner=guest leave",
    "wave 197 turn 1: replay guest crossed cmd:197:1 through real public COMMAND=opened",
    "wave 197: host slot move=247 guest slot move=34",
    "wave 197 turn 1: progress enemyHp=[987:0/446,985:0/594] playerHp=[493:1581/1865,384:1689/1715]",
    "wave 197: reward shop owner=host leave",
    "wave 198 turn 1: replay guest crossed cmd:198:1 through real public COMMAND=opened",
    "wave 198: host slot move=85 guest slot move=85",
    "wave 198 turn 1: progress enemyHp=[985:0/605,993:0/549] playerHp=[493:1581/1865,384:1689/1715]",
    "wave 198: reward shop owner=guest leave",
    "wave 199 turn 1: replay guest crossed cmd:199:1 through real public COMMAND=opened",
    "wave 199: host slot move=53 guest slot move=53",
    "wave 199 turn 1: progress enemyHp=[984:634/634,1006:481/481] playerHp=[493:1561/1865,384:1644/1715]",
    "wave 199 turn 2: replay guest crossed cmd:199:2 through real public COMMAND=opened",
    "wave 199 turn 3: replay guest crossed cmd:199:3 through real public COMMAND=opened",
    "wave 199 turn 3: host SWITCH -> party[2]",
    "wave 199: reward shop owner=host leave"
  ]
}