===== COOP SOAK RESULT =====
profile: level
verdict: FAIL
waves_requested: 55
run_mode: calibrated-release
calibration_id: level-55-faint
target_sha: 000fae3cf7575681bd95101bcbd686e3bf34da48
checked_out_sha: 000fae3cf7575681bd95101bcbd686e3bf34da48
base_seed: 20260728
campaign_seed: 20260728
run: 30326953423 (workflow source 000fae3cf7575681bd95101bcbd686e3bf34da48)
timestamp: 2026-07-28T03-56-09Z

----- driver lines -----
[22m[39m[coop-soak] SEED=20260728 WAVES=55 - replay this run with:  SOAK_SEED=20260728 SOAK_WAVES=55 ER_SCENARIO=1 npx vitest run test/tests/elite-redux/coop/coop-soak.test.ts
[22m[39m[coop-soak] PRE-HEAL unexpected wave=31 where=wave-start fields=[field] :: field:host=[{"bi":0,"partyIndex":0,"speciesId":143,"hp":303,"maxHp":303,"status":0,"statStages":[0,0,0,0,0,0,0],"fainted":false,"abilityId":5031,"formIndex":0,"isTerastallized":false,"teraType":0,"bossSegments":0,"bossSegmentIndex":0,"moves":[[153,0],[247,0],[53,0],[85,0]],"tags":["ER_ITEM_DISABLED"],"transformSpeciesId":0,"transformFormIndex":0},{"bi":1,"partyIndex":1,"speciesId":94,"hp":179,"maxHp":179,"status":0,"statStages":[0,0,0,0,0,0,0],"fainted":false,"abilityId":5014,"formIndex":0,"isTerastallized":false,"teraType":7,"bossSegments":0,"bossSegmentIndex":0,"moves":[[153,0],[247,0],[53,0],[85,0]],"tags":["ER_ITEM_DISABLED"],"transformSpeciesId":0,"transformFormIndex":0},{"bi":2,"partyIndex":0,"speciesId":433,"hp":51,"maxHp":51,"status":0,"statStages":[0,0,0,0,0,0,0],"fainted":false,"abilityId":5025,"formIndex":0,"isTerastallized":false,"teraType":13,"bossSegments":1,"bossSegmentIndex":0,"moves":[[93,0],[281,0],[35,0],[215,0]],"tags":[],"transformSpeciesId":0,"transformFormIndex":0},{"bi":3,"partyIndex":1,"speciesId":679,"hp":58,"maxHp":58,"status":0,"statStages":[0,0,0,0,0,0,0],"fainted":false,"abilityId":119,"formIndex":0,"isTerastallized":false,"teraType":8,"bossSegments":2,"bossSegmentIndex":1,"moves":[[360,0],[159,0],[5041,0],[280,0]],"tags":[],"transformSpeciesId":0,"transformFormIndex":0}]/guest=[{"bi":0,"partyIndex":0,"speciesId":143,"hp":303,"maxHp":303,"status":0,"statStages":[0,0,0,0,0,0,0],"fainted":false,"abilityId":5031,"formIndex":0,"isTerastallized":false,"teraType":0,"bossSegments":0,"bossSegmentIndex":0,"moves":[[153,0],[247,0],[53,0],[85,0]],"tags":["ER_ITEM_DISABLED"],"transformSpeciesId":0,"transformFormIndex":0},{"bi":1,"partyIndex":1,"speciesId":94,"hp":179,"maxHp":179,"status":0,"statStages":[0,0,0,0,0,0,0],"fainted":false,"abilityId":5014,"formIndex":0,"isTerastallized":false,"teraType":7,"bossSegments":0,"bossSegmentIndex":0,"moves":[[153,0],[247,0],[53,0],[85,0]],"tags":["ER_ITEM_DISABLED"],"transformSpeciesId":0,"transformFormIndex":0},{"bi":2,"partyIndex":0,"speciesId":433,"hp":51,"maxHp":51,"status":0,"statStages":[0,0,0,0,0,0,0],"fainted":false,"abilityId":5025,"formIndex":0,"isTerastallized":false,"teraType":13,"bossSegments":1,"bossSegmentIndex":0,"moves":[[93,0],[281,0],[35,0],[215,0]],"tags":[],"transformSpeciesId":0,"transformFormIndex":0},{"bi":3,"partyIndex":1,"speciesId":679,"hp":56,"maxHp":56,"status":0,"statStages":[0,0,0,0,0,0,0],"fainted":false,"abilityId":119,"formIndex":0,"isTerastallized":false,"teraType":8,"bossSegments":2,"bossSegmentIndex":1,"moves":[[360,0],[159,0],[5041,0],[280,0]],"tags":[],"transformSpeciesId":0,"transformFormIndex":0}]
[22m[39m[coop-soak] FINDING wave 31 @wave-start (seed 20260728): persistent DIGEST divergence [field] - field: host=[{"bi":0,"partyIndex":0,"speciesId":143,"hp":303,"maxHp":303,"status":0,"statStages":[0,0,0,0,0,0,0],"fainted":false,"abilityId":5031,"formIndex":0,"isTerastallized":false,"teraType":0,"bossSegments":0,"bossSegmentIndex":0,"moves":[[153,0],[247,0],[53,0],[85,0]],"tags":["ER_ITEM_DISABLED"],"transformSpeciesId":0,"transformFormIndex":0},{"bi":1,"partyIndex":1,"speciesId":94,"hp":179,"maxHp":179,"status":0,"statStages":[0,0,0,0,0,0,0],"fainted":false,"abilityId":5014,"formIndex":0,"isTerastallized":false,"teraType":7,"bossSegments":0,"bossSegmentIndex":0,"moves":[[153,0],[247,0],[53,0],[85,0]],"tags":["ER_ITEM_DISABLED"],"transformSpeciesId":0,"transformFormIndex":0},{"bi":2,"partyIndex":0,"speciesId":433,"hp":51,"maxHp":51,"status":0,"statStages":[0,0,0,0,0,0,0],"fainted":false,"abilityId":5025,"formIndex":0,"isTerastallized":false,"teraType":13,"bossSegments":1,"bossSegmentIndex":0,"moves":[[93,0],[281,0],[35,0],[215,0]],"tags":[],"transformSpeciesId":0,"transformFormIndex":0},{"bi":3,"partyIndex":1,"speciesId":679,"hp":58,"maxHp":58,"status":0,"statStages":[0,0,0,0,0,0,0],"fainted":false,"abilityId":119,"formIndex":0,"isTerastallized":false,"teraType":8,"bossSegments":2,"bossSegmentIndex":1,"moves":[[360,0],[159,0],[5041,0],[280,0]],"tags":[],"transformSpeciesId":0,"transformFormIndex":0}] guest=[{"bi":0,"partyIndex":0,"speciesId":143,"hp":303,"maxHp":303,"status":0,"statStages":[0,0,0,0,0,0,0],"fainted":false,"abilityId":5031,"formIndex":0,"isTerastallized":false,"teraType":0,"bossSegments":0,"bossSegmentIndex":0,"moves":[[153,0],[247,0],[53,0],[85,0]],"tags":["ER_ITEM_DISABLED"],"transformSpeciesId":0,"transformFormIndex":0},{"bi":1,"partyIndex":1,"speciesId":94,"hp":179,"maxHp":179,"status":0,"statStages":[0,0,0,0,0,0,0],"fainted":false,"abilityId":5014,"formIndex":0,"isTerastallized":false,"teraType":7,"bossSegments":0,"bossSegmentIndex":0,"moves":[[153,0],[247,0],[53,0],[85,0]],"tags":["ER_ITEM_DISABLED"],"transformSpeciesId":0,"transformFormIndex":0},{"bi":2,"partyIndex":0,"speciesId":433,"hp":51,"maxHp":51,"status":0,"statStages":[0,0,0,0,0,0,0],"fainted":false,"abilityId":5025,"formIndex":0,"isTerastallized":false,"teraType":13,"bossSegments":1,"bossSegmentIndex":0,"moves":[[93,0],[281,0],[35,0],[215,0]],"tags":[],"transformSpeciesId":0,"transformFormIndex":0},{"bi":3,"partyIndex":1,"speciesId":679,"hp":56,"maxHp":56,"status":0,"statStages":[0,0,0,0,0,0,0],"fainted":false,"abilityId":119,"formIndex":0,"isTerastallized":false,"teraType":8,"bossSegments":2,"bossSegmentIndex":1,"moves":[[360,0],[159,0],[5041,0],[280,0]],"tags":[],"transformSpeciesId":0,"transformFormIndex":0}]
[22m[39m[coop-soak] DONE seed=20260728 waves=55/55 resyncHeals=1 assertions=0 findings=1 trainerWaves=6 (fixed=5 random=1) skips={"mysteryEncounterDisabledV1":1} elapsedMs=222702
[coop-soak] FINDING [field] waves 31-31 x1 :: field: host=[{"bi":0,"partyIndex":0,"speciesId":143,"hp":303,"maxHp":303,"status":0,"statStages":[0,0,0,0,0,0,0],"fainted":false,"abilityId":5031,"formIndex":0,"isTerastallized":false,"teraType":0,"bossSegments":0,"bossSegmentIndex":0,"moves":[[153,0],[247,0],[53,0],[85,0]],"tags":["ER_ITEM_DISABLED"],"transformSpeciesId":0,"transformFormIndex":0},{"bi":1,"partyIndex":1,"speciesId":94,"hp":179,"maxHp":179,"status":0,"statStages":[0,0,0,0,0,0,0],"fainted":false,"abilityId":5014,"formIndex":0,"isTerastallized":false,"teraType":7,"bossSegments":0,"bossSegmentIndex":0,"moves":[[153,0],[247,0],[53,0],[85,0]],"tags":["ER_ITEM_DISABLED"],"transformSpeciesId":0,"transformFormIndex":0},{"bi":2,"partyIndex":0,"speciesId":433,"hp":51,"maxHp":51,"status":0,"statStages":[0,0,0,0,0,0,0],"fainted":false,"abilityId":5025,"formIndex":0,"isTerastallized":false,"teraType":13,"bossSegments":1,"bossSegmentIndex":0,"moves":[[93,0],[281,0],[35,0],[215,0]],"tags":[],"transformSpeciesId":0,"transformFormIndex":0},{"bi":3,"partyIndex":1,"speciesId":679,"hp":58,"maxHp":58,"status":0,"statStages":[0,0,0,0,0,0,0],"fainted":false,"abilityId":119,"formIndex":0,"isTerastallized":false,"teraType":8,"bossSegments":2,"bossSegmentIndex":1,"moves":[[360,0],[159,0],[5041,0],[280,0]],"tags":[],"transformSpeciesId":0,"transformFormIndex":0}] guest=[{"bi":0,"partyIndex":0,"speciesId":143,"hp":303,"maxHp":303,"status":0,"statStages":[0,0,0,0,0,0,0],"fainted":false,"abilityId":5031,"formIndex":0,"isTerastallized":false,"teraType":0,"bossSegments":0,"bossSegmentIndex":0,"moves":[[153,0],[247,0],[53,0],[85,0]],"tags":["ER_ITEM_DISABLED"],"transformSpeciesId":0,"transformFormIndex":0},{"bi":1,"partyIndex":1,"speciesId":94,"hp":179,"maxHp":179,"status":0,"statStages":[0,0,0,0,0,0,0],"fainted":false,"abilityId":5014,"formIndex":0,"isTerastallized":false,"teraType":7,"bossSegments":0,"bossSegmentIndex":0,"moves":[[153,0],[247,0],[53,0],[85,0]],"tags":["ER_ITEM_DISABLED"],"transformSpeciesId":0,"transformFormIndex":0},{"bi":2,"partyIndex":0,"speciesId":433,"hp":51,"maxHp":51,"status":0,"statStages":[0,0,0,0,0,0,0],"fainted":false,"abilityId":5025,"formIndex":0,"isTerastallized":false,"teraType":13,"bossSegments":1,"bossSegmentIndex":0,"moves":[[93,0],[281,0],[35,0],[215,0]],"tags":[],"transformSpeciesId":0,"transformFormIndex":0},{"bi":3,"partyIndex":1,"speciesId":679,"hp":56,"maxHp":56,"status":0,"statStages":[0,0,0,0,0,0,0],"fainted":false,"abilityId":119,"formIndex":0,"isTerastallized":false,"teraType":8,"bossSegments":2,"bossSegmentIndex":1,"moves":[[360,0],[159,0],[5041,0],[280,0]],"tags":[],"transformSpeciesId":0,"transformFormIndex":0}]

----- vitest result tail -----
    Result: [32m[1m✓ Passed[22m[39m [2min[22m [33m16978[39m[2mms[22m
    File: [38;2;210;155;14melite-redux/test/tests/elite-redux/coop/coop-soak.test.ts:297:3[39m

[33m[39m[32m·[39m

[31m⎯⎯⎯⎯⎯⎯⎯[39m[1m[41m Failed Tests 1 [49m[22m[31m⎯⎯⎯⎯⎯⎯⎯[39m

[41m[1m FAIL [22m[49m [30m[45m main [49m[39m test/tests/elite-redux/coop/coop-soak.test.ts[2m:165:3[22m[2m > [22mNIGHTLY co-op SOAK: seeded randomized two-engine run (#841)[2m > [22mplays a seeded randomized co-op run asserting DIGEST/LOCKSTEP/NO-PARK/TEARDOWN each wave
[31m[1mAssertionError[22m: soak found 1 unhealed DIGEST desync(s) (replay SOAK_SEED=20260728): [field]@31: expected [ { fields: 'field', …(4) } ] to deeply equal [][39m

[32m- Expected[39m
[31m+ Received[39m

[32m- [][39m
[31m+ [[39m
[31m+   {[39m
[31m+     "fields": "field",[39m
[31m+     "firstWave": 31,[39m
[31m+     "lastWave": 31,[39m
[31m+     "occurrences": 1,[39m
[31m+     "sample": "field: host=[{\"bi\":0,\"partyIndex\":0,\"speciesId\":143,\"hp\":303,\"maxHp\":303,\"status\":0,\"statStages\":[0,0,0,0,0,0,0],\"fainted\":false,\"abilityId\":5031,\"formIndex\":0,\"isTerastallized\":false,\"teraType\":0,\"bossSegments\":0,\"bossSegmentIndex\":0,\"moves\":[[153,0],[247,0],[53,0],[85,0]],\"tags\":[\"ER_ITEM_DISABLED\"],\"transformSpeciesId\":0,\"transformFormIndex\":0},{\"bi\":1,\"partyIndex\":1,\"speciesId\":94,\"hp\":179,\"maxHp\":179,\"status\":0,\"statStages\":[0,0,0,0,0,0,0],\"fainted\":false,\"abilityId\":5014,\"formIndex\":0,\"isTerastallized\":false,\"teraType\":7,\"bossSegments\":0,\"bossSegmentIndex\":0,\"moves\":[[153,0],[247,0],[53,0],[85,0]],\"tags\":[\"ER_ITEM_DISABLED\"],\"transformSpeciesId\":0,\"transformFormIndex\":0},{\"bi\":2,\"partyIndex\":0,\"speciesId\":433,\"hp\":51,\"maxHp\":51,\"status\":0,\"statStages\":[0,0,0,0,0,0,0],\"fainted\":false,\"abilityId\":5025,\"formIndex\":0,\"isTerastallized\":false,\"teraType\":13,\"bossSegments\":1,\"bossSegmentIndex\":0,\"moves\":[[93,0],[281,0],[35,0],[215,0]],\"tags\":[],\"transformSpeciesId\":0,\"transformFormIndex\":0},{\"bi\":3,\"partyIndex\":1,\"speciesId\":679,\"hp\":58,\"maxHp\":58,\"status\":0,\"statStages\":[0,0,0,0,0,0,0],\"fainted\":false,\"abilityId\":119,\"formIndex\":0,\"isTerastallized\":false,\"teraType\":8,\"bossSegments\":2,\"bossSegmentIndex\":1,\"moves\":[[360,0],[159,0],[5041,0],[280,0]],\"tags\":[],\"transformSpeciesId\":0,\"transformFormIndex\":0}] guest=[{\"bi\":0,\"partyIndex\":0,\"speciesId\":143,\"hp\":303,\"maxHp\":303,\"status\":0,\"statStages\":[0,0,0,0,0,0,0],\"fainted\":false,\"abilityId\":5031,\"formIndex\":0,\"isTerastallized\":false,\"teraType\":0,\"bossSegments\":0,\"bossSegmentIndex\":0,\"moves\":[[153,0],[247,0],[53,0],[85,0]],\"tags\":[\"ER_ITEM_DISABLED\"],\"transformSpeciesId\":0,\"transformFormIndex\":0},{\"bi\":1,\"partyIndex\":1,\"speciesId\":94,\"hp\":179,\"maxHp\":179,\"status\":0,\"statStages\":[0,0,0,0,0,0,0],\"fainted\":false,\"abilityId\":5014,\"formIndex\":0,\"isTerastallized\":false,\"teraType\":7,\"bossSegments\":0,\"bossSegmentIndex\":0,\"moves\":[[153,0],[247,0],[53,0],[85,0]],\"tags\":[\"ER_ITEM_DISABLED\"],\"transformSpeciesId\":0,\"transformFormIndex\":0},{\"bi\":2,\"partyIndex\":0,\"speciesId\":433,\"hp\":51,\"maxHp\":51,\"status\":0,\"statStages\":[0,0,0,0,0,0,0],\"fainted\":false,\"abilityId\":5025,\"formIndex\":0,\"isTerastallized\":false,\"teraType\":13,\"bossSegments\":1,\"bossSegmentIndex\":0,\"moves\":[[93,0],[281,0],[35,0],[215,0]],\"tags\":[],\"transformSpeciesId\":0,\"transformFormIndex\":0},{\"bi\":3,\"partyIndex\":1,\"speciesId\":679,\"hp\":56,\"maxHp\":56,\"status\":0,\"statStages\":[0,0,0,0,0,0,0],\"fainted\":false,\"abilityId\":119,\"formIndex\":0,\"isTerastallized\":false,\"teraType\":8,\"bossSegments\":2,\"bossSegmentIndex\":1,\"moves\":[[360,0],[159,0],[5041,0],[280,0]],\"tags\":[],\"transformSpeciesId\":0,\"transformFormIndex\":0}]",[39m
[31m+   },[39m
[31m+ ][39m

[36m [2m❯[22m test/tests/elite-redux/coop/coop-soak.test.ts:[2m256:9[22m[39m
    [90m254|[39m         `soak found ${result.findings.length} unhealed DIGEST desync(s…
    [90m255|[39m           + result.findings.map(f => `[${f.fields}]@${f.firstWave}`).j…
    [90m256|[39m       )[33m.[39m[34mtoEqual[39m([])[33m;[39m
    [90m   |[39m         [31m^[39m
    [90m257|[39m
    [90m258|[39m       // A successful recovery snapshot must never turn a causal repli…

[31m[2m⎯⎯⎯⎯⎯⎯⎯⎯⎯⎯⎯⎯⎯⎯⎯⎯⎯⎯⎯⎯⎯⎯⎯⎯[1/1]⎯[22m[39m


[2m Test Files [22m [1m[31m1 failed[39m[22m[90m (1)[39m
[2m      Tests [22m [1m[31m1 failed[39m[22m[2m | [22m[1m[32m1 passed[39m[22m[90m (2)[39m
[2m   Start at [22m 03:51:41
[2m   Duration [22m 267.69s[2m (transform 20.80s, setup 25.14s, import 356ms, tests 241.19s, environment 828ms)[22m

