{
  "invariant": "no-park",
  "seed": 20260728,
  "wave": 144,
  "detail": "wave crossing threw (strand/stall): [coop-soak] DESYNC invariant breached at wave 143 (seed 20260728): World Map pin diverged host=-1 guest=170. Artifact + both logs: /home/runner/work/elite-redux/elite-redux/dev-logs/coop-soak/2026-07-28T08-04-54-576Z__seed-20260728__wave-143. Replay: SOAK_SEED=20260728",
  "replay": "SOAK_SEED=20260728",
  "phaseState": {
    "hostPhase": "SelectBiomePhase",
    "guestPhase": "SelectBiomePhase",
    "hostInteractionCounter": 170,
    "guestInteractionCounter": 170,
    "hostWave": 143,
    "hostBattleType": 0,
    "hostPlayerField": [
      {
        "id": 1923931112,
        "battlerIndex": -1,
        "speciesId": 382,
        "speciesName": "Kyogre",
        "hp": 1249,
        "maxHp": 1665,
        "fainted": false,
        "status": 0,
        "statStages": [
          0,
          0,
          0,
          0,
          0,
          0,
          0
        ],
        "moves": [
          {
            "id": 34,
            "ppUsed": 0
          },
          {
            "id": 247,
            "ppUsed": 1
          },
          {
            "id": 53,
            "ppUsed": 0
          },
          {
            "id": 85,
            "ppUsed": 1
          }
        ],
        "coopOwner": "host"
      },
      {
        "id": 2483165185,
        "battlerIndex": -1,
        "speciesId": 150,
        "speciesName": "Mewtwo",
        "hp": 1511,
        "maxHp": 1725,
        "fainted": false,
        "status": 0,
        "statStages": [
          0,
          0,
          0,
          0,
          0,
          0,
          0
        ],
        "moves": [
          {
            "id": 34,
            "ppUsed": 0
          },
          {
            "id": 247,
            "ppUsed": 0
          },
          {
            "id": 53,
            "ppUsed": 0
          },
          {
            "id": 85,
            "ppUsed": 15
          }
        ],
        "coopOwner": "guest"
      }
    ],
    "hostEnemyField": [
      {
        "id": 2987917624,
        "battlerIndex": -1,
        "speciesId": 323,
        "speciesName": "Camerupt",
        "hp": 0,
        "maxHp": 355,
        "fainted": true,
        "status": 7,
        "statStages": [
          0,
          0,
          0,
          0,
          0,
          0,
          0
        ],
        "moves": [
          {
            "id": 815,
            "ppUsed": 0
          },
          {
            "id": 255,
            "ppUsed": 0
          },
          {
            "id": 896,
            "ppUsed": 0
          },
          {
            "id": 256,
            "ppUsed": 0
          }
        ]
      },
      {
        "id": 2931292379,
        "battlerIndex": -1,
        "speciesId": 2105,
        "speciesName": "Marowak",
        "hp": 0,
        "maxHp": 327,
        "fainted": true,
        "status": 7,
        "statStages": [
          0,
          0,
          0,
          0,
          0,
          0,
          0
        ],
        "moves": [
          {
            "id": 915,
            "ppUsed": 0
          },
          {
            "id": 809,
            "ppUsed": 1
          },
          {
            "id": 195,
            "ppUsed": 0
          },
          {
            "id": 279,
            "ppUsed": 0
          }
        ]
      }
    ],
    "guestPlayerField": [
      {
        "id": 1923931112,
        "battlerIndex": 0,
        "speciesId": 382,
        "speciesName": "Kyogre",
        "hp": 1249,
        "maxHp": 1665,
        "fainted": false,
        "status": 0,
        "statStages": [
          0,
          0,
          0,
          0,
          0,
          0,
          0
        ],
        "moves": [
          {
            "id": 34,
            "ppUsed": 0
          },
          {
            "id": 247,
            "ppUsed": 1
          },
          {
            "id": 53,
            "ppUsed": 0
          },
          {
            "id": 85,
            "ppUsed": 1
          }
        ],
        "coopOwner": "host"
      },
      {
        "id": 2483165185,
        "battlerIndex": 1,
        "speciesId": 150,
        "speciesName": "Mewtwo",
        "hp": 1511,
        "maxHp": 1725,
        "fainted": false,
        "status": 0,
        "statStages": [
          0,
          0,
          0,
          0,
          0,
          0,
          0
        ],
        "moves": [
          {
            "id": 34,
            "ppUsed": 0
          },
          {
            "id": 247,
            "ppUsed": 0
          },
          {
            "id": 53,
            "ppUsed": 0
          },
          {
            "id": 85,
            "ppUsed": 15
          }
        ],
        "coopOwner": "guest"
      }
    ],
    "guestEnemyField": [
      {
        "id": 2987917624,
        "battlerIndex": 2,
        "speciesId": 323,
        "speciesName": "Camerupt",
        "hp": 0,
        "maxHp": 355,
        "fainted": true,
        "status": 7,
        "statStages": [
          0,
          0,
          0,
          0,
          0,
          0,
          0
        ],
        "moves": [
          {
            "id": 815,
            "ppUsed": 0
          },
          {
            "id": 255,
            "ppUsed": 0
          },
          {
            "id": 896,
            "ppUsed": 0
          },
          {
            "id": 256,
            "ppUsed": 0
          }
        ]
      },
      {
        "id": 2931292379,
        "battlerIndex": 3,
        "speciesId": 2105,
        "speciesName": "Marowak",
        "hp": 0,
        "maxHp": 327,
        "fainted": true,
        "status": 7,
        "statStages": [
          0,
          0,
          0,
          0,
          0,
          0,
          0
        ],
        "moves": [
          {
            "id": 915,
            "ppUsed": 0
          },
          {
            "id": 809,
            "ppUsed": 1
          },
          {
            "id": 195,
            "ppUsed": 0
          },
          {
            "id": 279,
            "ppUsed": 0
          }
        ]
      }
    ]
  },
  "actionScript": [
    "SKIP mysteryEncounterDisabledV1",
    "content seed=coop-soak-20260728 preseeded=false",
    "wave 1 turn 1: replay guest crossed cmd:1:1 through real public COMMAND=opened",
    "wave 1: host slot move=34 guest slot move=85",
    "wave 1 turn 1: progress enemyHp=[16:0/14,263:0/14] playerHp=[890:2065/2065,384:1715/1715]",
    "wave 1: reward shop owner=host leave",
    "wave 2 turn 1: replay guest crossed cmd:2:1 through real public COMMAND=opened",
    "wave 2 turn 1: host SWITCH -> party[2]",
    "wave 2: host slot move=53 guest slot move=34",
    "wave 2 turn 1: guest SWITCH -> party[3]",
    "wave 2 turn 1: progress enemyHp=[10:14/14,69:18/18] playerHp=[493:1632/1865,150:1723/1725]",
    "wave 2 turn 2: replay guest crossed cmd:2:2 through real public COMMAND=opened",
    "wave 2: reward shop owner=guest leave",
    "wave 3 turn 1: replay guest crossed cmd:3:1 through real public COMMAND=opened",
    "wave 3: host slot move=34 guest slot move=34",
    "wave 3 turn 1: progress enemyHp=[16:0/16,263:0/16] playerHp=[493:1166/1865,150:1723/1725]",
    "wave 3: reward shop owner=host take-nonparty",
    "wave 4 turn 1: replay guest crossed cmd:4:1 through real public COMMAND=opened",
    "wave 4: host slot move=34 guest slot move=53",
    "wave 4 turn 1: guest SWITCH -> party[3]",
    "wave 4 turn 1: progress enemyHp=[270:0/18,191:17/17] playerHp=[493:933/1865,384:1715/1715]",
    "wave 4 turn 2: replay guest crossed cmd:4:2 through real public COMMAND=opened",
    "wave 4 turn 2: guest SWITCH -> party[3]",
    "wave 4: reward shop owner=guest leave",
    "wave 5 turn 1: replay guest crossed cmd:5:1 through real public COMMAND=opened",
    "wave 5: TRAINER (fixed)",
    "wave 5: host slot move=247 guest slot move=85",
    "wave 5 turn 1: progress enemyHp=[265:0/18,263:0/18] playerHp=[493:467/1865,150:1725/1725]",
    "wave 5: reward shop owner=host take-nonparty",
    "wave 5: guest chose Crossroads Leave through public UI",
    "wave 5: guest drove World Map via public UI=true and both consumed 1828070237563102:1:BIOME_PICK:9700005",
    "wave 6 turn 1: replay guest crossed cmd:6:1 through real public COMMAND=opened",
    "wave 6: BIOME 0->1",
    "wave 6: host slot move=85 guest slot move=85",
    "wave 6 turn 1: progress enemyHp=[519:0/20,819:0/20] playerHp=[493:231/1865,150:1725/1725]",
    "wave 6: reward shop owner=host leave",
    "wave 7 turn 1: replay guest crossed cmd:7:1 through real public COMMAND=opened",
    "wave 7 turn 1: host SWITCH -> party[2]",
    "wave 7: host slot move=34 guest slot move=53",
    "wave 7 turn 1: progress enemyHp=[734:21/21,915:0/21] playerHp=[890:2065/2065,150:1725/1725]",
    "wave 7 turn 2: replay guest crossed cmd:7:2 through real public COMMAND=opened",
    "wave 7: reward shop owner=guest leave",
    "wave 8 turn 1: replay guest crossed cmd:8:1 through real public COMMAND=opened",
    "wave 8: TRAINER (fixed)",
    "wave 8: host slot move=34 guest slot move=53",
    "wave 8 turn 1: progress enemyHp=[155:0/25,731:22/22] playerHp=[890:2065/2065,150:1717/1725]",
    "wave 8 turn 2: replay guest crossed cmd:8:2 through real public COMMAND=opened",
    "wave 8: reward shop owner=host take-nonparty",
    "wave 9 turn 1: replay guest crossed cmd:9:1 through real public COMMAND=opened",
    "wave 9: host slot move=85 guest slot move=53",
    "wave 9 turn 1: progress enemyHp=[263:0/22,519:28/28] playerHp=[890:2065/2065,150:1717/1725]",
    "wave 9 turn 2: replay guest crossed cmd:9:2 through real public COMMAND=opened",
    "wave 9 turn 2: guest SWITCH -> party[3]",
    "wave 9: reward shop owner=guest take-nonparty",
    "wave 10 turn 1: replay guest crossed cmd:10:1 through real public COMMAND=opened",
    "wave 10 turn 1: host SWITCH -> party[2]",
    "wave 10: host slot move=53 guest slot move=53",
    "wave 10 turn 1: progress enemyHp=[744:25/25,263:0/26] playerHp=[493:1862/1865,384:1715/1715]",
    "wave 10 turn 2: replay guest crossed cmd:10:2 through real public COMMAND=opened",
    "wave 10: biome market owner=host leave",
    "wave 10: drained 1 milestone reward continuation(s)",
    "wave 10: guest chose Crossroads Leave through public UI",
    "wave 10: guest drove World Map via public UI=true and both consumed 1828070237563102:1:BIOME_PICK:9700011",
    "wave 11 turn 1: replay guest crossed cmd:11:1 through real public COMMAND=opened",
    "wave 11: BIOME 1->2",
    "wave 11: host slot move=85 guest slot move=247",
    "wave 11 turn 1: progress enemyHp=[543:0/25,548:0/27] playerHp=[493:1865/1865,384:1715/1715]",
    "wave 11: reward shop owner=host take-nonparty",
    "wave 12 turn 1: replay guest crossed cmd:12:1 through real public COMMAND=opened",
    "wave 12: host slot move=34 guest slot move=53",
    "wave 12 turn 1: progress enemyHp=[268:0/28,268:0/28] playerHp=[493:1865/1865,384:1715/1715]",
    "wave 12: reward shop owner=guest take-nonparty",
    "wave 13 turn 1: replay guest crossed cmd:13:1 through real public COMMAND=opened",
    "wave 13: host slot move=247 guest slot move=85",
    "wave 13 turn 1: progress enemyHp=[285:0/30,548:0/27] playerHp=[493:1865/1865,384:1715/1715]",
    "wave 13: reward shop owner=host take-nonparty",
    "wave 14 turn 1: replay guest crossed cmd:14:1 through real public COMMAND=opened",
    "wave 14: host slot move=53 guest slot move=34",
    "wave 14 turn 1: guest SWITCH -> party[3]",
    "wave 14 turn 1: progress enemyHp=[543:0/27,108:34/34] playerHp=[493:1865/1865,150:1725/1725]",
    "wave 14 turn 2: replay guest crossed cmd:14:2 through real public COMMAND=opened",
    "wave 14: reward shop owner=guest take-nonparty",
    "wave 15 turn 1: replay guest crossed cmd:15:1 through real public COMMAND=opened",
    "wave 15: host slot move=85 guest slot move=247",
    "wave 15 turn 1: progress enemyHp=[548:0/32,543:0/29] playerHp=[493:1865/1865,150:1725/1725]",
    "wave 15: reward shop owner=host leave",
    "wave 15: guest chose Crossroads Leave through public UI",
    "wave 15: guest drove World Map via public UI=true and both consumed 1828070237563102:1:BIOME_PICK:9700017",
    "wave 16 turn 1: replay guest crossed cmd:16:1 through real public COMMAND=opened",
    "wave 16: BIOME 2->3",
    "wave 16: host slot move=34 guest slot move=247",
    "wave 16 turn 1: progress enemyHp=[753:0/33,37:0/32] playerHp=[493:1865/1865,150:1725/1725]",
    "wave 16: reward shop owner=host leave",
    "wave 17 turn 1: replay guest crossed cmd:17:1 through real public COMMAND=opened",
    "wave 17: host slot move=247 guest slot move=34",
    "wave 17 turn 1: guest SWITCH -> party[3]",
    "wave 17 turn 1: progress enemyHp=[665:0/34,401:34/34] playerHp=[493:1865/1865,384:1713/1715]",
    "wave 17 turn 2: replay guest crossed cmd:17:2 through real public COMMAND=opened",
    "wave 17 turn 2: guest SWITCH -> party[3]",
    "wave 17: reward shop owner=guest leave",
    "wave 18 turn 1: replay guest crossed cmd:18:1 through real public COMMAND=opened",
    "wave 18 turn 1: host SWITCH -> party[2]",
    "wave 18: host slot move=53 guest slot move=85",
    "wave 18 turn 1: progress enemyHp=[46:34/34,401:0/32] playerHp=[890:2065/2065,150:1725/1725]",
    "wave 18 turn 2: replay guest crossed cmd:18:2 through real public COMMAND=opened",
    "wave 18: reward shop owner=host leave",
    "wave 19 turn 1: replay guest crossed cmd:19:1 through real public COMMAND=opened",
    "wave 19: host slot move=85 guest slot move=247",
    "wave 19 turn 1: progress enemyHp=[665:0/34,919:0/31] playerHp=[890:2065/2065,150:1725/1725]",
    "wave 19: reward shop owner=guest take-nonparty",
    "wave 20 turn 1: replay guest crossed cmd:20:1 through real public COMMAND=opened",
    "wave 20: host slot move=34 guest slot move=53",
    "wave 20 turn 1: progress enemyHp=[402:0/49,820:0/58] playerHp=[890:2065/2065,150:1725/1725]",
    "wave 20: biome market owner=host leave",
    "wave 20: drained 1 milestone reward continuation(s)",
    "wave 20: guest chose Crossroads Leave through public UI",
    "wave 20: guest drove World Map via public UI=true and both consumed 1828070237563102:1:BIOME_PICK:9700023",
    "wave 21 turn 1: replay guest crossed cmd:21:1 through real public COMMAND=opened",
    "wave 21: BIOME 3->5",
    "wave 21 turn 1: host SWITCH -> party[2]",
    "wave 21: host slot move=247 guest slot move=85",
    "wave 21 turn 1: progress enemyHp=[917:36/36,163:0/42] playerHp=[493:1865/1865,150:1725/1725]",
    "wave 21 turn 2: replay guest crossed cmd:21:2 through real public COMMAND=opened",
    "wave 21: reward shop owner=host take-nonparty",
    "wave 22 turn 1: replay guest crossed cmd:22:1 through real public COMMAND=opened",
    "wave 22: host slot move=247 guest slot move=34",
    "wave 22 turn 1: progress enemyHp=[412:0/43,543:0/36] playerHp=[493:1865/1865,150:1725/1725]",
    "wave 22: reward shop owner=guest leave",
    "wave 23 turn 1: replay guest crossed cmd:23:1 through real public COMMAND=opened",
    "wave 23: host slot move=85 guest slot move=247",
    "wave 23 turn 1: progress enemyHp=[543:0/38,273:0/41] playerHp=[493:1865/1865,150:1725/1725]",
    "wave 23: reward shop owner=host leave",
    "wave 24 turn 1: replay guest crossed cmd:24:1 through real public COMMAND=opened",
    "wave 24: host slot move=34 guest slot move=85",
    "wave 24 turn 1: progress enemyHp=[919:0/41,216:0/47] playerHp=[493:1865/1865,150:1725/1725]",
    "wave 24: reward shop owner=guest take-nonparty",
    "wave 25 turn 1: replay guest crossed cmd:25:1 through real public COMMAND=opened",
    "wave 25: TRAINER (fixed)",
    "wave 25 turn 1: host SWITCH -> party[2]",
    "wave 25: host slot move=34 guest slot move=53",
    "wave 25 turn 1: progress enemyHp=[156:56/56,732:0/50] playerHp=[890:2065/2065,150:1722/1725]",
    "wave 25 turn 2: replay guest crossed cmd:25:2 through real public COMMAND=opened",
    "wave 25: reward shop owner=host leave",
    "wave 25: guest chose Crossroads Leave through public UI",
    "wave 25: guest drove World Map via public UI=true and both consumed 1828070237563102:1:BIOME_PICK:9700029",
    "wave 26 turn 1: replay guest crossed cmd:26:1 through real public COMMAND=opened",
    "wave 26: BIOME 5->27",
    "wave 26: host slot move=53 guest slot move=34",
    "wave 26 turn 1: progress enemyHp=[114:0/56,674:0/57] playerHp=[890:2065/2065,150:1725/1725]",
    "wave 26: reward shop owner=host leave",
    "wave 26: drained 1 milestone reward continuation(s)",
    "wave 27 turn 1: replay guest crossed cmd:27:1 through real public COMMAND=opened",
    "wave 27: host slot move=85 guest slot move=85",
    "wave 27 turn 1: guest SWITCH -> party[3]",
    "wave 27 turn 1: progress enemyHp=[509:0/48,190:58/58] playerHp=[890:2065/2065,384:1715/1715]",
    "wave 27 turn 2: replay guest crossed cmd:27:2 through real public COMMAND=opened",
    "wave 27: reward shop owner=guest take-nonparty",
    "wave 28 turn 1: replay guest crossed cmd:28:1 through real public COMMAND=opened",
    "wave 28: host slot move=34 guest slot move=53",
    "wave 28 turn 1: progress enemyHp=[513:0/53,167:0/52] playerHp=[890:2065/2065,384:1715/1715]",
    "wave 28: reward shop owner=host leave",
    "wave 29 turn 1: replay guest crossed cmd:29:1 through real public COMMAND=opened",
    "wave 29: host slot move=247 guest slot move=85",
    "wave 29 turn 1: progress enemyHp=[510:0/64,509:0/52] playerHp=[890:2065/2065,384:1715/1715]",
    "wave 29: reward shop owner=guest leave",
    "wave 30 turn 1: replay guest crossed cmd:30:1 through real public COMMAND=opened",
    "wave 30: TRAINER (random)",
    "wave 30: host slot move=53 guest slot move=34",
    "wave 30 turn 1: progress enemyHp=[69:0/64,188:0/60] playerHp=[890:2065/2065,384:1715/1715]",
    "wave 30 turn 2: replay guest crossed cmd:30:2 through real public COMMAND=opened",
    "wave 30 turn 2: guest SWITCH -> party[3]",
    "wave 30: biome market owner=host leave",
    "wave 30: drained 1 milestone reward continuation(s)",
    "wave 30: guest chose Crossroads Leave through public UI",
    "wave 30: guest drove World Map via public UI=true and both consumed 1828070237563102:1:BIOME_PICK:9700035",
    "wave 31 turn 1: replay guest crossed cmd:31:1 through real public COMMAND=opened",
    "wave 31: BIOME 27->29",
    "wave 31: host slot move=247 guest slot move=247",
    "wave 31 turn 1: progress enemyHp=[562:0/49,433:0/56] playerHp=[890:2065/2065,150:1725/1725]",
    "wave 31: reward shop owner=host leave",
    "wave 31: drained 1 milestone reward continuation(s)",
    "wave 32 turn 1: replay guest crossed cmd:32:1 through real public COMMAND=opened",
    "wave 32: host slot move=53 guest slot move=247",
    "wave 32 turn 1: progress enemyHp=[679:0/56,622:0/57] playerHp=[890:2065/2065,150:1725/1725]",
    "wave 32: reward shop owner=guest leave",
    "wave 32: drained 1 milestone reward continuation(s)",
    "wave 33 turn 1: replay guest crossed cmd:33:1 through real public COMMAND=opened",
    "wave 33: host slot move=53 guest slot move=247",
    "wave 33 turn 1: progress enemyHp=[355:0/44,104:0/60] playerHp=[890:2065/2065,150:1725/1725]",
    "wave 33: reward shop owner=host take-nonparty",
    "wave 34 turn 1: replay guest crossed cmd:34:1 through real public COMMAND=opened",
    "wave 34: host slot move=53 guest slot move=34",
    "wave 34 turn 1: progress enemyHp=[999:0/70,433:0/56] playerHp=[890:2062/2065,150:1719/1725]",
    "wave 34: reward shop owner=guest leave",
    "wave 34: drained 1 milestone reward continuation(s)",
    "wave 35 turn 1: replay guest crossed cmd:35:1 through real public COMMAND=opened",
    "wave 35: TRAINER (fixed)",
    "wave 35: host slot move=85 guest slot move=247",
    "wave 35 turn 1: progress enemyHp=[677:0/78,665:0/63] playerHp=[890:2062/2065,150:1719/1725]",
    "wave 35: reward shop owner=host leave",
    "wave 35: guest chose Crossroads Leave through public UI",
    "wave 35: guest drove World Map via public UI=true and both consumed 1828070237563102:1:BIOME_PICK:9700041",
    "wave 36 turn 1: replay guest crossed cmd:36:1 through real public COMMAND=opened",
    "wave 36: BIOME 29->14",
    "wave 36: host slot move=85 guest slot move=34",
    "wave 36 turn 1: guest SWITCH -> party[3]",
    "wave 36 turn 1: progress enemyHp=[694:0/55,551:60/60] playerHp=[890:1933/2065,384:1605/1715]",
    "wave 36 turn 2: replay guest crossed cmd:36:2 through real public COMMAND=opened",
    "wave 36 turn 2: host SWITCH -> party[2]",
    "wave 36: reward shop owner=host leave",
    "wave 36: drained 1 milestone reward continuation(s)",
    "wave 37 turn 1: replay guest crossed cmd:37:1 through real public COMMAND=opened",
    "wave 37: host slot move=247 guest slot move=53",
    "wave 37 turn 1: progress enemyHp=[551:0/67,449:0/74] playerHp=[493:1633/1865,384:1391/1715]",
    "wave 37: reward shop owner=guest take-nonparty",
    "wave 38 turn 1: replay guest crossed cmd:38:1 through real public COMMAND=opened",
    "wave 38: host slot move=34 guest slot move=247",
    "wave 38 turn 1: progress enemyHp=[84:0/75,449:0/76] playerHp=[493:1517/1865,384:1284/1715]",
    "wave 38: reward shop owner=host leave",
    "wave 38: drained 1 milestone reward continuation(s)",
    "wave 39 turn 1: replay guest crossed cmd:39:1 through real public COMMAND=opened",
    "wave 39 turn 1: host SWITCH -> party[2]",
    "wave 39: host slot move=247 guest slot move=34",
    "wave 39 turn 1: guest SWITCH -> party[3]",
    "wave 39 turn 1: progress enemyHp=[451:70/70,28:93/93] playerHp=[890:1936/2065,150:1618/1725]",
    "wave 39 turn 2: replay guest crossed cmd:39:2 through real public COMMAND=opened",
    "wave 39: reward shop owner=guest leave",
    "wave 40 turn 1: replay guest crossed cmd:40:1 through real public COMMAND=opened",
    "wave 40 turn 1: host SWITCH -> party[2]",
    "wave 40: host slot move=34 guest slot move=34",
    "wave 40 turn 1: progress enemyHp=[554:80/85,84:0/80] playerHp=[493:1745/1865,150:1404/1725]",
    "wave 40 turn 2: replay guest crossed cmd:40:2 through real public COMMAND=opened",
    "wave 40 turn 2: host SWITCH -> party[2]",
    "wave 40: biome market owner=host leave",
    "wave 40: drained 1 milestone reward continuation(s)",
    "wave 40: guest chose Crossroads Leave through public UI",
    "wave 40: guest drove World Map via public UI=true and both consumed 1828070237563102:1:BIOME_PICK:9700047",
    "wave 41 turn 1: replay guest crossed cmd:41:1 through real public COMMAND=opened",
    "wave 41: BIOME 14->22",
    "wave 41: host slot move=247 guest slot move=85",
    "wave 41 turn 1: progress enemyHp=[958:0/80,64:0/64] playerHp=[890:2065/2065,150:1725/1725]",
    "wave 41: reward shop owner=host leave",
    "wave 41: drained 1 milestone reward continuation(s)",
    "wave 42 turn 1: replay guest crossed cmd:42:1 through real public COMMAND=opened",
    "wave 42: host slot move=53 guest slot move=85",
    "wave 42 turn 1: progress enemyHp=[201:0/74,201:0/76] playerHp=[890:2065/2065,150:1725/1725]",
    "wave 42: reward shop owner=guest leave",
    "wave 43 turn 1: replay guest crossed cmd:43:1 through real public COMMAND=opened",
    "wave 43: host slot move=85 guest slot move=247",
    "wave 43 turn 1: progress enemyHp=[201:0/76,64:0/66] playerHp=[890:2065/2065,150:1725/1725]",
    "wave 43: reward shop owner=host leave",
    "wave 44 turn 1: replay guest crossed cmd:44:1 through real public COMMAND=opened",
    "wave 44: host slot move=34 guest slot move=53",
    "wave 44 turn 1: progress enemyHp=[177:0/73,605:0/88] playerHp=[890:2065/2065,150:1725/1725]",
    "wave 44: reward shop owner=guest take-nonparty",
    "wave 45 turn 1: replay guest crossed cmd:45:1 through real public COMMAND=opened",
    "wave 45: host slot move=85 guest slot move=85",
    "wave 45 turn 1: progress enemyHp=[177:0/71,97:0/109] playerHp=[890:2065/2065,150:1725/1725]",
    "wave 45: reward shop owner=host leave",
    "wave 45: guest chose Crossroads Leave through public UI",
    "wave 45: guest drove World Map via public UI=true and both consumed 1828070237563102:1:BIOME_PICK:9700053",
    "wave 46 turn 1: replay guest crossed cmd:46:1 through real public COMMAND=opened",
    "wave 46: BIOME 22->11",
    "wave 46: host slot move=85 guest slot move=34",
    "wave 46 turn 1: progress enemyHp=[397:0/84,277:80/80] playerHp=[890:2065/2065,150:1725/1725]",
    "wave 46 turn 2: replay guest crossed cmd:46:2 through real public COMMAND=opened",
    "wave 46: reward shop owner=host take-nonparty",
    "wave 47 turn 1: replay guest crossed cmd:47:1 through real public COMMAND=opened",
    "wave 47: host slot move=85 guest slot move=34",
    "wave 47 turn 1: progress enemyHp=[17:0/81,22:0/93] playerHp=[890:2065/2065,150:1725/1725]",
    "wave 47: reward shop owner=guest take-nonparty",
    "wave 48 turn 1: replay guest crossed cmd:48:1 through real public COMMAND=opened",
    "wave 48: host slot move=34 guest slot move=34",
    "wave 48 turn 1: progress enemyHp=[662:0/91,277:90/90] playerHp=[890:2065/2065,150:1725/1725]",
    "wave 48 turn 2: replay guest crossed cmd:48:2 through real public COMMAND=opened",
    "wave 48: reward shop owner=host leave",
    "wave 49 turn 1: replay guest crossed cmd:49:1 through real public COMMAND=opened",
    "wave 49: host slot move=53 guest slot move=247",
    "wave 49 turn 1: progress enemyHp=[22:98/98,111:0/106] playerHp=[890:2065/2065,150:1725/1725]",
    "wave 49 turn 2: replay guest crossed cmd:49:2 through real public COMMAND=opened",
    "wave 49: reward shop owner=guest leave",
    "wave 50 turn 1: replay guest crossed cmd:50:1 through real public COMMAND=opened",
    "wave 50: host slot move=53 guest slot move=34",
    "wave 50 turn 1: progress enemyHp=[257:0/127,933:0/102] playerHp=[890:2065/2065,150:1725/1725]",
    "wave 50: biome market owner=host leave",
    "wave 50: drained 1 milestone reward continuation(s)",
    "wave 50: guest chose Crossroads Leave through public UI",
    "wave 50: guest drove World Map via public UI=true and both consumed 1828070237563102:1:BIOME_PICK:9700059",
    "wave 51 turn 1: replay guest crossed cmd:51:1 through real public COMMAND=opened",
    "wave 51: BIOME 11->18",
    "wave 51: host slot move=247 guest slot move=53",
    "wave 51 turn 1: guest SWITCH -> party[3]",
    "wave 51 turn 1: progress enemyHp=[156:0/89,333:87/87] playerHp=[890:2065/2065,384:1715/1715]",
    "wave 51 turn 2: replay guest crossed cmd:51:2 through real public COMMAND=opened",
    "wave 51: reward shop owner=host leave",
    "wave 52 turn 1: replay guest crossed cmd:52:1 through real public COMMAND=opened",
    "wave 52: host slot move=247 guest slot move=53",
    "wave 52 turn 1: progress enemyHp=[38:0/106,324:0/107] playerHp=[890:2065/2065,384:1715/1715]",
    "wave 52: reward shop owner=guest leave",
    "wave 52: drained 1 milestone reward continuation(s)",
    "wave 53 turn 1: replay guest crossed cmd:53:1 through real public COMMAND=opened",
    "wave 53: host slot move=247 guest slot move=85",
    "wave 53 turn 1: progress enemyHp=[219:0/97,78:0/121] playerHp=[890:2065/2065,384:1715/1715]",
    "wave 53: reward shop owner=host leave",
    "wave 53: drained 1 milestone reward continuation(s)",
    "wave 54 turn 1: replay guest crossed cmd:54:1 through real public COMMAND=opened",
    "wave 54 turn 1: host SWITCH -> party[2]",
    "wave 54: host slot move=53 guest slot move=85",
    "wave 54 turn 1: progress enemyHp=[776:105/105,78:0/121] playerHp=[493:1865/1865,384:1702/1715]",
    "wave 54 turn 2: replay guest crossed cmd:54:2 through real public COMMAND=opened",
    "wave 54: reward shop owner=guest leave",
    "wave 54: drained 1 milestone reward continuation(s)",
    "wave 55 turn 1: replay guest crossed cmd:55:1 through real public COMMAND=opened",
    "wave 55: TRAINER (fixed)",
    "wave 55: host slot move=53 guest slot move=85",
    "wave 55 turn 1: guest SWITCH -> party[3]",
    "wave 55 turn 1: progress enemyHp=[157:0/127,733:120/120] playerHp=[493:1865/1865,150:1700/1725]",
    "wave 55 turn 2: replay guest crossed cmd:55:2 through real public COMMAND=opened",
    "wave 55 turn 3: replay guest crossed cmd:55:3 through real public COMMAND=opened",
    "wave 55: reward shop owner=host take-nonparty",
    "wave 55: guest chose Crossroads Leave through public UI",
    "wave 55: guest drove World Map via public UI=true and both consumed 1828070237563102:1:BIOME_PICK:9700065",
    "wave 56 turn 1: replay guest crossed cmd:56:1 through real public COMMAND=opened",
    "wave 56: BIOME 18->8",
    "wave 56: host slot move=34 guest slot move=53",
    "wave 56 turn 1: progress enemyHp=[689:0/111,747:0/97] playerHp=[493:1865/1865,150:1700/1725]",
    "wave 56: reward shop owner=host leave",
    "wave 57 turn 1: replay guest crossed cmd:57:1 through real public COMMAND=opened",
    "wave 57: host slot move=247 guest slot move=85",
    "wave 57 turn 1: progress enemyHp=[961:0/80,90:1/80] playerHp=[493:1865/1865,150:1695/1725]",
    "wave 57 turn 2: replay guest crossed cmd:57:2 through real public COMMAND=opened",
    "wave 57: reward shop owner=guest leave",
    "wave 58 turn 1: replay guest crossed cmd:58:1 through real public COMMAND=opened",
    "wave 58: host slot move=53 guest slot move=34",
    "wave 58 turn 1: progress enemyHp=[978:0/108,99:0/123] playerHp=[493:1865/1865,150:1695/1725]",
    "wave 58: reward shop owner=host take-nonparty",
    "wave 59 turn 1: replay guest crossed cmd:59:1 through real public COMMAND=opened",
    "wave 59: host slot move=85 guest slot move=247",
    "wave 59 turn 1: guest SWITCH -> party[3]",
    "wave 59 turn 1: progress enemyHp=[689:0/122,961:86/86] playerHp=[493:1865/1865,384:1711/1715]",
    "wave 59 turn 2: replay guest crossed cmd:59:2 through real public COMMAND=opened",
    "wave 59: reward shop owner=guest leave",
    "wave 60 turn 1: replay guest crossed cmd:60:1 through real public COMMAND=opened",
    "wave 60: TRAINER (random)",
    "wave 60: host slot move=34 guest slot move=34",
    "wave 60 turn 1: progress enemyHp=[131:0/185,195:0/160] playerHp=[493:1749/1865,384:1604/1715]",
    "wave 60 turn 2: replay guest crossed cmd:60:2 through real public COMMAND=opened",
    "wave 60 turn 2: host SWITCH -> party[2]",
    "wave 60 turn 2: guest SWITCH -> party[3]",
    "wave 60 turn 3: replay guest crossed cmd:60:3 through real public COMMAND=opened",
    "wave 60: biome market owner=host leave",
    "wave 60: drained 1 milestone reward continuation(s)",
    "wave 60: guest chose Crossroads Leave through public UI",
    "wave 60: guest drove World Map via public UI=true and both consumed 1828070237563102:1:BIOME_PICK:9700071",
    "wave 61 turn 1: replay guest crossed cmd:61:1 through real public COMMAND=opened",
    "wave 61: BIOME 8->6",
    "wave 61: host slot move=247 guest slot move=85",
    "wave 61 turn 1: progress enemyHp=[320:0/166,73:0/117] playerHp=[890:2065/2065,150:1618/1725]",
    "wave 61: reward shop owner=host take-nonparty",
    "wave 62 turn 1: replay guest crossed cmd:62:1 through real public COMMAND=opened",
    "wave 62: TRAINER (fixed)",
    "wave 62 turn 1: host SWITCH -> party[2]",
    "wave 62: host slot move=34 guest slot move=34",
    "wave 62 turn 1: progress enemyHp=[660:139/139,687:0/140] playerHp=[493:1865/1865,150:1609/1725]",
    "wave 62 turn 2: replay guest crossed cmd:62:2 through real public COMMAND=opened",
    "wave 62: reward shop owner=guest leave",
    "wave 63 turn 1: replay guest crossed cmd:63:1 through real public COMMAND=opened",
    "wave 63: host slot move=85 guest slot move=247",
    "wave 63 turn 1: progress enemyHp=[230:0/136,457:0/122] playerHp=[493:1865/1865,150:1605/1725]",
    "wave 63: reward shop owner=host leave",
    "wave 64 turn 1: replay guest crossed cmd:64:1 through real public COMMAND=opened",
    "wave 64: TRAINER (fixed)",
    "wave 64: host slot move=34 guest slot move=53",
    "wave 64 turn 1: progress enemyHp=[2053:127/127,302:0/131] playerHp=[493:1856/1865,150:1605/1725]",
    "wave 64 turn 2: replay guest crossed cmd:64:2 through real public COMMAND=opened",
    "wave 64: reward shop owner=guest take-nonparty",
    "wave 65 turn 1: replay guest crossed cmd:65:1 through real public COMMAND=opened",
    "wave 65: host slot move=247 guest slot move=85",
    "wave 65 turn 1: progress enemyHp=[687:0/143,687:0/146] playerHp=[493:1856/1865,150:1605/1725]",
    "wave 65: reward shop owner=host leave",
    "wave 66 turn 1: replay guest crossed cmd:66:1 through real public COMMAND=opened",
    "wave 66: TRAINER (fixed)",
    "wave 66: host slot move=53 guest slot move=34",
    "wave 66 turn 1: progress enemyHp=[689:0/139,695:0/129] playerHp=[493:1856/1865,150:1605/1725]",
    "wave 66 turn 2: replay guest crossed cmd:66:2 through real public COMMAND=opened",
    "wave 66 turn 3: replay guest crossed cmd:66:3 through real public COMMAND=opened",
    "wave 66 turn 3: guest SWITCH -> party[3]",
    "wave 66 turn 4: replay guest crossed cmd:66:4 through real public COMMAND=opened",
    "wave 66: reward shop owner=guest leave",
    "wave 67 turn 1: replay guest crossed cmd:67:1 through real public COMMAND=opened",
    "wave 67: host slot move=85 guest slot move=247",
    "wave 67 turn 1: progress enemyHp=[687:0/149,199:0/164] playerHp=[493:1849/1865,384:1712/1715]",
    "wave 67: reward shop owner=host leave",
    "wave 68 turn 1: replay guest crossed cmd:68:1 through real public COMMAND=opened",
    "wave 68: host slot move=34 guest slot move=53",
    "wave 68 turn 1: progress enemyHp=[130:0/160,117:0/135] playerHp=[493:1849/1865,384:1712/1715]",
    "wave 68: reward shop owner=guest leave",
    "wave 69 turn 1: replay guest crossed cmd:69:1 through real public COMMAND=opened",
    "wave 69: host slot move=34 guest slot move=85",
    "wave 69 turn 1: guest SWITCH -> party[3]",
    "wave 69 turn 1: progress enemyHp=[941:0/143,319:137/137] playerHp=[493:1849/1865,150:1725/1725]",
    "wave 69 turn 2: replay guest crossed cmd:69:2 through real public COMMAND=opened",
    "wave 69 turn 2: host SWITCH -> party[2]",
    "wave 69: reward shop owner=host leave",
    "wave 70 turn 1: replay guest crossed cmd:70:1 through real public COMMAND=opened",
    "wave 70: host slot move=53 guest slot move=34",
    "wave 70 turn 1: progress enemyHp=[941:0/167,395:0/162] playerHp=[890:2065/2065,150:1725/1725]",
    "wave 70: biome market owner=guest leave",
    "wave 70: drained 1 milestone reward continuation(s)",
    "wave 70: host chose Crossroads Leave through public UI",
    "wave 70: host drove World Map via public UI=true and both consumed 1828070237563102:0:BIOME_PICK:9700082",
    "wave 71 turn 1: replay guest crossed cmd:71:1 through real public COMMAND=opened",
    "wave 71: BIOME 6->10",
    "wave 71: host slot move=85 guest slot move=247",
    "wave 71 turn 1: progress enemyHp=[847:0/128,691:0/163] playerHp=[890:2065/2065,150:1725/1725]",
    "wave 71: reward shop owner=guest leave",
    "wave 71: drained 1 milestone reward continuation(s)",
    "wave 72 turn 1: replay guest crossed cmd:72:1 through real public COMMAND=opened",
    "wave 72: host slot move=34 guest slot move=85",
    "wave 72 turn 1: guest SWITCH -> party[3]",
    "wave 72 turn 1: progress enemyHp=[458:0/113,593:202/202] playerHp=[890:2056/2065,384:1715/1715]",
    "wave 72 turn 2: replay guest crossed cmd:72:2 through real public COMMAND=opened",
    "wave 72: reward shop owner=host leave",
    "wave 73 turn 1: replay guest crossed cmd:73:1 through real public COMMAND=opened",
    "wave 73: host slot move=247 guest slot move=85",
    "wave 73 turn 1: progress enemyHp=[847:0/141,593:0/184] playerHp=[890:2056/2065,384:1715/1715]",
    "wave 73: reward shop owner=guest take-nonparty",
    "wave 74 turn 1: replay guest crossed cmd:74:1 through real public COMMAND=opened",
    "wave 74: host slot move=53 guest slot move=34",
    "wave 74 turn 1: progress enemyHp=[691:0/157,976:0/170] playerHp=[890:2056/2065,384:1715/1715]",
    "wave 74: reward shop owner=host take-nonparty",
    "wave 75 turn 1: replay guest crossed cmd:75:1 through real public COMMAND=opened",
    "wave 75 turn 1: host SWITCH -> party[2]",
    "wave 75: host slot move=85 guest slot move=247",
    "wave 75 turn 1: progress enemyHp=[976:174/174,366:112/112] playerHp=[493:1865/1865,384:1707/1715]",
    "wave 75 turn 2: replay guest crossed cmd:75:2 through real public COMMAND=opened",
    "wave 75: reward shop owner=guest take-nonparty",
    "wave 75: host chose Crossroads Leave through public UI",
    "wave 75: host drove World Map via public UI=true and both consumed 1828070237563102:0:BIOME_PICK:9700088",
    "wave 76 turn 1: replay guest crossed cmd:76:1 through real public COMMAND=opened",
    "wave 76: BIOME 10->13",
    "wave 76: host slot move=34 guest slot move=53",
    "wave 76 turn 1: guest SWITCH -> party[3]",
    "wave 76 turn 1: progress enemyHp=[703:0/139,528:139/139] playerHp=[493:1865/1865,150:1725/1725]",
    "wave 76 turn 2: replay guest crossed cmd:76:2 through real public COMMAND=opened",
    "wave 76 turn 2: host SWITCH -> party[2]",
    "wave 76: reward shop owner=guest leave",
    "wave 77 turn 1: replay guest crossed cmd:77:1 through real public COMMAND=opened",
    "wave 77: host slot move=53 guest slot move=53",
    "wave 77 turn 1: progress enemyHp=[47:167/167,660:0/160] playerHp=[890:1543/2065,150:1510/1725]",
    "wave 77 turn 2: replay guest crossed cmd:77:2 through real public COMMAND=opened",
    "wave 77: reward shop owner=host leave",
    "wave 78 turn 1: replay guest crossed cmd:78:1 through real public COMMAND=opened",
    "wave 78: host slot move=53 guest slot move=85",
    "wave 78 turn 1: progress enemyHp=[42:164/164,47:0/161] playerHp=[890:1021/2065,150:1510/1725]",
    "wave 78 turn 2: replay guest crossed cmd:78:2 through real public COMMAND=opened",
    "wave 78: reward shop owner=guest take-nonparty",
    "wave 79 turn 1: replay guest crossed cmd:79:1 through real public COMMAND=opened",
    "wave 79: host slot move=34 guest slot move=247",
    "wave 79 turn 1: progress enemyHp=[294:0/182,598:0/155] playerHp=[890:505/2065,150:1510/1725]",
    "wave 79: reward shop owner=host leave",
    "wave 79: drained 1 milestone reward continuation(s)",
    "wave 80 turn 1: replay guest crossed cmd:80:1 through real public COMMAND=opened",
    "wave 80: host slot move=34 guest slot move=53",
    "wave 80 turn 1: progress enemyHp=[213:147/147,934:0/225] playerHp=[890:0/2065,150:1510/1725]",
    "wave 80 turn 2: replay guest crossed cmd:80:2 through real public COMMAND=opened",
    "wave 80 turn 2: host SWITCH -> party[4]",
    "wave 80: biome market owner=guest leave",
    "wave 80: drained 1 milestone reward continuation(s)",
    "wave 80: host chose Crossroads Leave through public UI",
    "wave 80: host drove World Map via public UI=true and both consumed 1828070237563102:0:BIOME_PICK:9700094",
    "wave 81 turn 1: replay guest crossed cmd:81:1 through real public COMMAND=opened",
    "wave 81: BIOME 13->12",
    "wave 81: host slot move=247 guest slot move=85",
    "wave 81 turn 1: progress enemyHp=[645:0/173,952:0/153] playerHp=[382:1561/1665,150:1618/1725]",
    "wave 81: reward shop owner=guest leave",
    "wave 81: drained 1 milestone reward continuation(s)",
    "wave 82 turn 1: replay guest crossed cmd:82:1 through real public COMMAND=opened",
    "wave 82: host slot move=53 guest slot move=34",
    "wave 82 turn 1: progress enemyHp=[28:0/192,50:0/93] playerHp=[382:1457/1665,150:1511/1725]",
    "wave 82: reward shop owner=host leave",
    "wave 83 turn 1: replay guest crossed cmd:83:1 through real public COMMAND=opened",
    "wave 83: host slot move=85 guest slot move=53",
    "wave 83 turn 1: guest SWITCH -> party[3]",
    "wave 83 turn 1: progress enemyHp=[879:0/216,232:177/177] playerHp=[382:1344/1665,384:1608/1715]",
    "wave 83 turn 2: replay guest crossed cmd:83:2 through real public COMMAND=opened",
    "wave 83 turn 2: host SWITCH -> party[2]",
    "wave 83: reward shop owner=guest take-nonparty",
    "wave 84 turn 1: replay guest crossed cmd:84:1 through real public COMMAND=opened",
    "wave 84: host slot move=34 guest slot move=247",
    "wave 84 turn 1: progress enemyHp=[50:0/100,232:0/205] playerHp=[890:1807/2065,384:1394/1715]",
    "wave 84: reward shop owner=host take-nonparty",
    "wave 85 turn 1: replay guest crossed cmd:85:1 through real public COMMAND=opened",
    "wave 85: host slot move=34 guest slot move=247",
    "wave 85 turn 1: guest SWITCH -> party[3]",
    "wave 85 turn 1: progress enemyHp=[232:0/193,529:158/158] playerHp=[890:1678/2065,150:1601/1725]",
    "wave 85 turn 2: replay guest crossed cmd:85:2 through real public COMMAND=opened",
    "wave 85: reward shop owner=guest leave",
    "wave 85: host chose Crossroads Leave through public UI",
    "wave 85: host drove World Map via public UI=true and both consumed 1828070237563102:0:BIOME_PICK:9700100",
    "wave 86 turn 1: replay guest crossed cmd:86:1 through real public COMMAND=opened",
    "wave 86: BIOME 12->14",
    "wave 86: host slot move=247 guest slot move=53",
    "wave 86 turn 1: progress enemyHp=[844:0/172,947:0/158] playerHp=[890:1420/2065,150:1387/1725]",
    "wave 86: reward shop owner=guest leave",
    "wave 87 turn 1: replay guest crossed cmd:87:1 through real public COMMAND=opened",
    "wave 87: host slot move=53 guest slot move=34",
    "wave 87 turn 1: progress enemyHp=[330:0/199,28:209/209] playerHp=[890:1291/2065,150:1173/1725]",
    "wave 87 turn 2: replay guest crossed cmd:87:2 through real public COMMAND=opened",
    "wave 87 turn 2: guest SWITCH -> party[3]",
    "wave 87: reward shop owner=host leave",
    "wave 88 turn 1: replay guest crossed cmd:88:1 through real public COMMAND=opened",
    "wave 88 turn 1: host SWITCH -> party[2]",
    "wave 88: host slot move=34 guest slot move=53",
    "wave 88 turn 1: progress enemyHp=[844:172/172,556:0/181] playerHp=[382:1561/1665,384:1501/1715]",
    "wave 88 turn 2: replay guest crossed cmd:88:2 through real public COMMAND=opened",
    "wave 88: reward shop owner=guest leave",
    "wave 88: drained 1 milestone reward continuation(s)",
    "wave 89 turn 1: replay guest crossed cmd:89:1 through real public COMMAND=opened",
    "wave 89 turn 1: host SWITCH -> party[2]",
    "wave 89: host slot move=247 guest slot move=53",
    "wave 89 turn 1: guest SWITCH -> party[3]",
    "wave 89 turn 1: progress enemyHp=[954:165/175,452:183/183] playerHp=[890:1928/2065,150:1511/1725]",
    "wave 89 turn 2: replay guest crossed cmd:89:2 through real public COMMAND=opened",
    "wave 89: reward shop owner=host take-nonparty",
    "wave 90 turn 1: replay guest crossed cmd:90:1 through real public COMMAND=opened",
    "wave 90: TRAINER (random)",
    "wave 90: host slot move=85 guest slot move=34",
    "wave 90 turn 1: progress enemyHp=[10002:0/237,248:0/238] playerHp=[890:1670/2065,150:1078/1725]",
    "wave 90 turn 2: replay guest crossed cmd:90:2 through real public COMMAND=opened",
    "wave 90 turn 3: replay guest crossed cmd:90:3 through real public COMMAND=opened",
    "wave 90 turn 3: host SWITCH -> party[2]",
    "wave 90: biome market owner=guest leave",
    "wave 90: drained 1 milestone reward continuation(s)",
    "wave 90: host chose Crossroads Leave through public UI",
    "wave 90: host drove World Map via public UI=true and both consumed 1828070237563102:0:BIOME_PICK:9700106",
    "wave 91 turn 1: replay guest crossed cmd:91:1 through real public COMMAND=opened",
    "wave 91: BIOME 14->22",
    "wave 91: host slot move=34 guest slot move=247",
    "wave 91 turn 1: progress enemyHp=[344:0/196,202:0/357] playerHp=[382:1665/1665,150:1342/1725]",
    "wave 91: reward shop owner=guest leave",
    "wave 91: drained 1 milestone reward continuation(s)",
    "wave 92 turn 1: replay guest crossed cmd:92:1 through real public COMMAND=opened",
    "wave 92: host slot move=247 guest slot move=53",
    "wave 92 turn 1: progress enemyHp=[567:0/198,97:0/228] playerHp=[382:1665/1665,150:1342/1725]",
    "wave 92: reward shop owner=host leave",
    "wave 92: drained 1 milestone reward continuation(s)",
    "wave 93 turn 1: replay guest crossed cmd:93:1 through real public COMMAND=opened",
    "wave 93 turn 1: host SWITCH -> party[2]",
    "wave 93: host slot move=53 guest slot move=85",
    "wave 93 turn 1: guest SWITCH -> party[3]",
    "wave 93 turn 1: progress enemyHp=[344:196/196,325:168/168] playerHp=[890:2065/2065,384:1715/1715]",
    "wave 93 turn 2: replay guest crossed cmd:93:2 through real public COMMAND=opened",
    "wave 93: reward shop owner=guest leave",
    "wave 94 turn 1: replay guest crossed cmd:94:1 through real public COMMAND=opened",
    "wave 94 turn 1: host SWITCH -> party[2]",
    "wave 94: host slot move=53 guest slot move=34",
    "wave 94 turn 1: progress enemyHp=[959:217/217,959:0/208] playerHp=[382:1665/1665,384:1665/1715]",
    "wave 94 turn 2: replay guest crossed cmd:94:2 through real public COMMAND=opened",
    "wave 94: reward shop owner=host leave",
    "wave 94: drained 1 milestone reward continuation(s)",
    "wave 95 turn 1: replay guest crossed cmd:95:1 through real public COMMAND=opened",
    "wave 95: TRAINER (fixed)",
    "wave 95: host slot move=34 guest slot move=53",
    "wave 95 turn 1: progress enemyHp=[157:0/238,733:0/234] playerHp=[382:1665/1665,384:1665/1715]",
    "wave 95 turn 2: replay guest crossed cmd:95:2 through real public COMMAND=opened",
    "wave 95 turn 2: host SWITCH -> party[2]",
    "wave 95 turn 3: replay guest crossed cmd:95:3 through real public COMMAND=opened",
    "wave 95: reward shop owner=guest take-nonparty",
    "wave 95: host chose Crossroads Leave through public UI",
    "wave 95: host drove World Map via public UI=true and both consumed 1828070237563102:0:BIOME_PICK:9700112",
    "wave 96 turn 1: replay guest crossed cmd:96:1 through real public COMMAND=opened",
    "wave 96: BIOME 22->11",
    "wave 96: host slot move=34 guest slot move=34",
    "wave 96 turn 1: guest SWITCH -> party[3]",
    "wave 96 turn 1: progress enemyHp=[630:0/252,21:147/147] playerHp=[890:2022/2065,150:1704/1725]",
    "wave 96 turn 2: replay guest crossed cmd:96:2 through real public COMMAND=opened",
    "wave 96: reward shop owner=guest leave",
    "wave 97 turn 1: replay guest crossed cmd:97:1 through real public COMMAND=opened",
    "wave 97: host slot move=34 guest slot move=53",
    "wave 97 turn 1: progress enemyHp=[112:0/248,112:0/255] playerHp=[890:1764/2065,150:1704/1725]",
    "wave 97: reward shop owner=host take-nonparty",
    "wave 98 turn 1: replay guest crossed cmd:98:1 through real public COMMAND=opened",
    "wave 98: host slot move=53 guest slot move=85",
    "wave 98 turn 1: guest SWITCH -> party[3]",
    "wave 98 turn 1: progress enemyHp=[673:0/292,18:223/223] playerHp=[890:1764/2065,384:1715/1715]",
    "wave 98 turn 2: replay guest crossed cmd:98:2 through real public COMMAND=opened",
    "wave 98: reward shop owner=guest leave",
    "wave 99 turn 1: replay guest crossed cmd:99:1 through real public COMMAND=opened",
    "wave 99: host slot move=85 guest slot move=247",
    "wave 99 turn 1: progress enemyHp=[934:0/254,257:0/211] playerHp=[890:1764/2065,384:1715/1715]",
    "wave 99: reward shop owner=host take-nonparty",
    "wave 100 turn 1: replay guest crossed cmd:100:1 through real public COMMAND=opened",
    "wave 100: host slot move=34 guest slot move=53",
    "wave 100 turn 1: progress enemyHp=[227:0/215,306:0/226] playerHp=[890:1764/2065,384:1715/1715]",
    "wave 100: biome market owner=guest leave",
    "wave 100: drained 1 milestone reward continuation(s)",
    "wave 100: host chose Crossroads Leave through public UI",
    "wave 100: host drove World Map via public UI=true and both consumed 1828070237563102:0:BIOME_PICK:9700118",
    "wave 101 turn 1: replay guest crossed cmd:101:1 through real public COMMAND=opened",
    "wave 101: BIOME 11->18",
    "wave 101: host slot move=34 guest slot move=85",
    "wave 101 turn 1: progress enemyHp=[323:0/230,839:0/283] playerHp=[890:2065/2065,384:1715/1715]",
    "wave 101: reward shop owner=guest take-nonparty",
    "wave 102 turn 1: replay guest crossed cmd:102:1 through real public COMMAND=opened",
    "wave 102 turn 1: host SWITCH -> party[2]",
    "wave 102: host slot move=53 guest slot move=85",
    "wave 102 turn 1: progress enemyHp=[6059:229/246,514:0/217] playerHp=[382:1527/1665,384:1715/1715]",
    "wave 102 turn 2: replay guest crossed cmd:102:2 through real public COMMAND=opened",
    "wave 102: reward shop owner=host leave",
    "wave 102: drained 1 milestone reward continuation(s)",
    "wave 103 turn 1: replay guest crossed cmd:103:1 through real public COMMAND=opened",
    "wave 103: host slot move=247 guest slot move=247",
    "wave 103 turn 1: progress enemyHp=[78:0/220,59:0/249] playerHp=[382:1319/1665,384:1715/1715]",
    "wave 103: reward shop owner=guest leave",
    "wave 104 turn 1: replay guest crossed cmd:104:1 through real public COMMAND=opened",
    "wave 104: host slot move=247 guest slot move=53",
    "wave 104 turn 1: progress enemyHp=[146:0/243,59:0/258] playerHp=[382:1215/1665,384:1715/1715]",
    "wave 104: reward shop owner=host leave",
    "wave 104: drained 1 milestone reward continuation(s)",
    "wave 105 turn 1: replay guest crossed cmd:105:1 through real public COMMAND=opened",
    "wave 105: host slot move=247 guest slot move=85",
    "wave 105 turn 1: progress enemyHp=[758:0/223,467:0/223] playerHp=[382:1111/1665,384:1715/1715]",
    "wave 105: reward shop owner=guest leave",
    "wave 105: drained 1 milestone reward continuation(s)",
    "wave 105: host chose Crossroads Leave through public UI",
    "wave 105: host drove World Map via public UI=true and both consumed 1828070237563102:0:BIOME_PICK:9700124",
    "wave 106 turn 1: replay guest crossed cmd:106:1 through real public COMMAND=opened",
    "wave 106: BIOME 18->8",
    "wave 106: host slot move=53 guest slot move=34",
    "wave 106 turn 1: progress enemyHp=[693:0/278,960:0/142] playerHp=[382:1007/1665,384:1715/1715]",
    "wave 106: reward shop owner=guest leave",
    "wave 107 turn 1: replay guest crossed cmd:107:1 through real public COMMAND=opened",
    "wave 107: host slot move=85 guest slot move=247",
    "wave 107 turn 1: progress enemyHp=[558:61/240,558:0/226] playerHp=[382:903/1665,384:1715/1715]",
    "wave 107 turn 2: replay guest crossed cmd:107:2 through real public COMMAND=opened",
    "wave 107: reward shop owner=host take-nonparty",
    "wave 108 turn 1: replay guest crossed cmd:108:1 through real public COMMAND=opened",
    "wave 108: host slot move=34 guest slot move=53",
    "wave 108 turn 1: progress enemyHp=[558:57/224,91:192/192] playerHp=[382:695/1665,384:1715/1715]",
    "wave 108 turn 2: replay guest crossed cmd:108:2 through real public COMMAND=opened",
    "wave 108 turn 2: host SWITCH -> party[2]",
    "wave 108 turn 3: replay guest crossed cmd:108:3 through real public COMMAND=opened",
    "wave 108: reward shop owner=guest take-nonparty",
    "wave 109 turn 1: replay guest crossed cmd:109:1 through real public COMMAND=opened",
    "wave 109: host slot move=247 guest slot move=85",
    "wave 109 turn 1: progress enemyHp=[748:226/226,748:231/231] playerHp=[890:2065/2065,384:1715/1715]",
    "wave 109 turn 2: replay guest crossed cmd:109:2 through real public COMMAND=opened",
    "wave 109: reward shop owner=host take-nonparty",
    "wave 110 turn 1: replay guest crossed cmd:110:1 through real public COMMAND=opened",
    "wave 110: host slot move=53 guest slot move=34",
    "wave 110 turn 1: progress enemyHp=[91:1/217,558:0/240] playerHp=[890:2033/2065,384:1715/1715]",
    "wave 110 turn 2: replay guest crossed cmd:110:2 through real public COMMAND=opened",
    "wave 110 turn 2: host SWITCH -> party[2]",
    "wave 110: biome market owner=guest leave",
    "wave 110: drained 1 milestone reward continuation(s)",
    "wave 110: host chose Crossroads Leave through public UI",
    "wave 110: host drove World Map via public UI=true and both consumed 1828070237563102:0:BIOME_PICK:9700130",
    "wave 111 turn 1: replay guest crossed cmd:111:1 through real public COMMAND=opened",
    "wave 111: BIOME 8->6",
    "wave 111: host slot move=85 guest slot move=247",
    "wave 111 turn 1: guest SWITCH -> party[3]",
    "wave 111 turn 1: progress enemyHp=[279:0/200,279:210/210] playerHp=[382:1665/1665,150:1725/1725]",
    "wave 111 turn 2: replay guest crossed cmd:111:2 through real public COMMAND=opened",
    "wave 111 turn 2: guest SWITCH -> party[3]",
    "wave 111: reward shop owner=guest take-nonparty",
    "wave 112 turn 1: replay guest crossed cmd:112:1 through real public COMMAND=opened",
    "wave 112: TRAINER (fixed)",
    "wave 112 turn 1: host SWITCH -> party[2]",
    "wave 112: host slot move=53 guest slot move=247",
    "wave 112 turn 1: progress enemyHp=[310:256/256,10018:0/331] playerHp=[890:2065/2065,384:1276/1715]",
    "wave 112 turn 2: replay guest crossed cmd:112:2 through real public COMMAND=opened",
    "wave 112 turn 2: guest SWITCH -> party[3]",
    "wave 112 turn 3: replay guest crossed cmd:112:3 through real public COMMAND=opened",
    "wave 112 turn 4: replay guest crossed cmd:112:4 through real public COMMAND=opened",
    "wave 112: reward shop owner=host leave",
    "wave 113 turn 1: replay guest crossed cmd:113:1 through real public COMMAND=opened",
    "wave 113: host slot move=247 guest slot move=85",
    "wave 113 turn 1: progress enemyHp=[941:0/221,72:0/193] playerHp=[890:2053/2065,150:1499/1725]",
    "wave 113: reward shop owner=guest take-nonparty",
    "wave 114 turn 1: replay guest crossed cmd:114:1 through real public COMMAND=opened",
    "wave 114: TRAINER (fixed)",
    "wave 114: host slot move=53 guest slot move=34",
    "wave 114 turn 1: progress enemyHp=[713:97/308,359:0/252] playerHp=[890:2017/2065,150:1481/1725]",
    "wave 114 turn 2: replay guest crossed cmd:114:2 through real public COMMAND=opened",
    "wave 114 turn 3: replay guest crossed cmd:114:3 through real public COMMAND=opened",
    "wave 114 turn 4: replay guest crossed cmd:114:4 through real public COMMAND=opened",
    "wave 114: reward shop owner=host take-nonparty",
    "wave 115 turn 1: replay guest crossed cmd:115:1 through real public COMMAND=opened",
    "wave 115: TRAINER (fixed)",
    "wave 115 turn 1: host SWITCH -> party[2]",
    "wave 115: host slot move=85 guest slot move=247",
    "wave 115 turn 1: progress enemyHp=[620:272/272,430:0/321] playerHp=[382:1665/1665,150:1458/1725]",
    "wave 115 turn 2: replay guest crossed cmd:115:2 through real public COMMAND=opened",
    "wave 115 turn 3: replay guest crossed cmd:115:3 through real public COMMAND=opened",
    "wave 115 turn 3: guest SWITCH -> party[3]",
    "wave 115 turn 4: replay guest crossed cmd:115:4 through real public COMMAND=opened",
    "wave 115: reward shop owner=guest take-nonparty",
    "wave 115: host chose Crossroads Leave through public UI",
    "wave 115: host drove World Map via public UI=true and both consumed 1828070237563102:0:BIOME_PICK:9700136",
    "wave 116 turn 1: replay guest crossed cmd:116:1 through real public COMMAND=opened",
    "wave 116: host slot move=34 guest slot move=53",
    "wave 116 turn 1: guest SWITCH -> party[3]",
    "wave 116 turn 1: progress enemyHp=[279:0/233,395:273/273] playerHp=[382:1665/1665,150:1677/1725]",
    "wave 116 turn 2: replay guest crossed cmd:116:2 through real public COMMAND=opened",
    "wave 116 turn 2: guest SWITCH -> party[3]",
    "wave 116: reward shop owner=guest take-nonparty",
    "wave 117 turn 1: replay guest crossed cmd:117:1 through real public COMMAND=opened",
    "wave 117: host slot move=247 guest slot move=85",
    "wave 117 turn 1: progress enemyHp=[963:0/240,845:0/246] playerHp=[382:1665/1665,384:1715/1715]",
    "wave 117: reward shop owner=host take-nonparty",
    "wave 118 turn 1: replay guest crossed cmd:118:1 through real public COMMAND=opened",
    "wave 118: host slot move=53 guest slot move=34",
    "wave 118 turn 1: guest SWITCH -> party[3]",
    "wave 118 turn 1: progress enemyHp=[129:0/151,230:257/257] playerHp=[382:1665/1665,150:1725/1725]",
    "wave 118 turn 2: replay guest crossed cmd:118:2 through real public COMMAND=opened",
    "wave 118 turn 2: host SWITCH -> party[2]",
    "wave 118 turn 3: replay guest crossed cmd:118:3 through real public COMMAND=opened",
    "wave 118: reward shop owner=guest leave",
    "wave 119 turn 1: replay guest crossed cmd:119:1 through real public COMMAND=opened",
    "wave 119: host slot move=85 guest slot move=247",
    "wave 119 turn 1: progress enemyHp=[186:0/322,72:0/199] playerHp=[890:2065/2065,150:1710/1725]",
    "wave 119: reward shop owner=host take-nonparty",
    "wave 120 turn 1: replay guest crossed cmd:120:1 through real public COMMAND=opened",
    "wave 120: TRAINER (random)",
    "wave 120: host slot move=85 guest slot move=53",
    "wave 120 turn 1: progress enemyHp=[10529:0/377,284:0/292] playerHp=[890:2065/2065,150:1710/1725]",
    "wave 120 turn 2: replay guest crossed cmd:120:2 through real public COMMAND=opened",
    "wave 120 turn 2: guest SWITCH -> party[3]",
    "wave 120 turn 3: replay guest crossed cmd:120:3 through real public COMMAND=opened",
    "wave 120 turn 4: replay guest crossed cmd:120:4 through real public COMMAND=opened",
    "wave 120 turn 4: guest SWITCH -> party[3]",
    "wave 120: biome market owner=guest leave",
    "wave 120: drained 1 milestone reward continuation(s)",
    "wave 120: host chose Crossroads Leave through public UI",
    "wave 120: host drove World Map via public UI=true and both consumed 1828070237563102:0:BIOME_PICK:9700142",
    "wave 121 turn 1: replay guest crossed cmd:121:1 through real public COMMAND=opened",
    "wave 121: BIOME 6->10",
    "wave 121 turn 1: host SWITCH -> party[2]",
    "wave 121: host slot move=247 guest slot move=85",
    "wave 121 turn 1: progress enemyHp=[977:402/402,604:0/301] playerHp=[382:1665/1665,150:1720/1725]",
    "wave 121 turn 2: replay guest crossed cmd:121:2 through real public COMMAND=opened",
    "wave 121: reward shop owner=guest leave",
    "wave 122 turn 1: replay guest crossed cmd:122:1 through real public COMMAND=opened",
    "wave 122: host slot move=53 guest slot move=34",
    "wave 122 turn 1: progress enemyHp=[793:0/317,211:0/242] playerHp=[382:1665/1665,150:1720/1725]",
    "wave 122: reward shop owner=host leave",
    "wave 122: drained 1 milestone reward continuation(s)",
    "wave 123 turn 1: replay guest crossed cmd:123:1 through real public COMMAND=opened",
    "wave 123: TRAINER (random)",
    "wave 123: host slot move=85 guest slot move=247",
    "wave 123 turn 1: progress enemyHp=[121:0/240,321:0/424] playerHp=[382:1665/1665,150:1720/1725]",
    "wave 123: reward shop owner=guest leave",
    "wave 124 turn 1: replay guest crossed cmd:124:1 through real public COMMAND=opened",
    "wave 124: host slot move=34 guest slot move=85",
    "wave 124 turn 1: guest SWITCH -> party[3]",
    "wave 124 turn 1: progress enemyHp=[91:1/227,902:369/369] playerHp=[382:1650/1665,384:1715/1715]",
    "wave 124 turn 2: replay guest crossed cmd:124:2 through real public COMMAND=opened",
    "wave 124 turn 2: host SWITCH -> party[2]",
    "wave 124 turn 3: replay guest crossed cmd:124:3 through real public COMMAND=opened",
    "wave 124: reward shop owner=host leave",
    "wave 125 turn 1: replay guest crossed cmd:125:1 through real public COMMAND=opened",
    "wave 125: host slot move=247 guest slot move=85",
    "wave 125 turn 1: progress enemyHp=[224:0/279,550:0/259] playerHp=[890:2065/2065,384:1715/1715]",
    "wave 125: reward shop owner=guest leave",
    "wave 125: host chose Crossroads Leave through public UI",
    "wave 125: host drove World Map via public UI=true and both consumed 1828070237563102:0:BIOME_PICK:9700148",
    "wave 126 turn 1: replay guest crossed cmd:126:1 through real public COMMAND=opened",
    "wave 126: host slot move=53 guest slot move=34",
    "wave 126 turn 1: progress enemyHp=[370:0/225,847:0/260] playerHp=[890:2065/2065,384:1715/1715]",
    "wave 126: reward shop owner=guest leave",
    "wave 127 turn 1: replay guest crossed cmd:127:1 through real public COMMAND=opened",
    "wave 127: host slot move=85 guest slot move=53",
    "wave 127 turn 1: progress enemyHp=[224:0/282,171:0/371] playerHp=[890:2065/2065,384:1715/1715]",
    "wave 127: reward shop owner=host leave",
    "wave 128 turn 1: replay guest crossed cmd:128:1 through real public COMMAND=opened",
    "wave 128: host slot move=247 guest slot move=53",
    "wave 128 turn 1: progress enemyHp=[902:0/388,593:0/358] playerHp=[890:2065/2065,384:1715/1715]",
    "wave 128: reward shop owner=guest take-nonparty",
    "wave 129 turn 1: replay guest crossed cmd:129:1 through real public COMMAND=opened",
    "wave 129: host slot move=247 guest slot move=85",
    "wave 129 turn 1: progress enemyHp=[321:0/433,594:0/452] playerHp=[890:2065/2065,384:1715/1715]",
    "wave 129: reward shop owner=host leave",
    "wave 129: drained 1 milestone reward continuation(s)",
    "wave 130 turn 1: replay guest crossed cmd:130:1 through real public COMMAND=opened",
    "wave 130: host slot move=53 guest slot move=34",
    "wave 130 turn 1: progress enemyHp=[369:103/410,211:0/307] playerHp=[890:1968/2065,384:1715/1715]",
    "wave 130 turn 2: replay guest crossed cmd:130:2 through real public COMMAND=opened",
    "wave 130: biome market owner=guest leave",
    "wave 130: drained 1 milestone reward continuation(s)",
    "wave 130: host chose Crossroads Leave through public UI",
    "wave 130: host drove World Map via public UI=true and both consumed 1828070237563102:0:BIOME_PICK:9700154",
    "wave 131 turn 1: replay guest crossed cmd:131:1 through real public COMMAND=opened",
    "wave 131: BIOME 10->13",
    "wave 131: host slot move=85 guest slot move=247",
    "wave 131 turn 1: progress enemyHp=[598:0/302,480:0/310] playerHp=[890:2065/2065,384:1715/1715]",
    "wave 131: reward shop owner=guest leave",
    "wave 131: drained 1 milestone reward continuation(s)",
    "wave 132 turn 1: replay guest crossed cmd:132:1 through real public COMMAND=opened",
    "wave 132: host slot move=34 guest slot move=53",
    "wave 132 turn 1: progress enemyHp=[970:0/324,768:0/291] playerHp=[890:2065/2065,384:1715/1715]",
    "wave 132: reward shop owner=host leave",
    "wave 132: drained 1 milestone reward continuation(s)",
    "wave 133 turn 1: replay guest crossed cmd:133:1 through real public COMMAND=opened",
    "wave 133: host slot move=247 guest slot move=85",
    "wave 133 turn 1: guest SWITCH -> party[3]",
    "wave 133 turn 1: progress enemyHp=[526:88/349,745:279/279] playerHp=[890:2047/2065,150:1492/1725]",
    "wave 133 turn 2: replay guest crossed cmd:133:2 through real public COMMAND=opened",
    "wave 133: reward shop owner=guest leave",
    "wave 133: drained 1 milestone reward continuation(s)",
    "wave 134 turn 1: replay guest crossed cmd:134:1 through real public COMMAND=opened",
    "wave 134: host slot move=53 guest slot move=34",
    "wave 134 turn 1: progress enemyHp=[528:0/288,296:0/276] playerHp=[890:2047/2065,150:1062/1725]",
    "wave 134: reward shop owner=host leave",
    "wave 135 turn 1: replay guest crossed cmd:135:1 through real public COMMAND=opened",
    "wave 135: host slot move=53 guest slot move=85",
    "wave 135 turn 1: progress enemyHp=[901:0/440,217:0/352] playerHp=[890:2047/2065,150:847/1725]",
    "wave 135: reward shop owner=guest leave",
    "wave 135: host chose Crossroads Leave through public UI",
    "wave 135: host drove World Map via public UI=true and both consumed 1828070237563102:0:BIOME_PICK:9700160",
    "wave 136 turn 1: replay guest crossed cmd:136:1 through real public COMMAND=opened",
    "wave 136: TRAINER (random)",
    "wave 136 turn 1: host SWITCH -> party[2]",
    "wave 136: host slot move=34 guest slot move=247",
    "wave 136 turn 1: progress enemyHp=[437:320/320,563:0/338] playerHp=[382:1665/1665,150:588/1725]",
    "wave 136 turn 2: replay guest crossed cmd:136:2 through real public COMMAND=opened",
    "wave 136 turn 2: guest SWITCH -> party[3]",
    "wave 136: reward shop owner=guest take-nonparty",
    "wave 137 turn 1: replay guest crossed cmd:137:1 through real public COMMAND=opened",
    "wave 137: host slot move=247 guest slot move=53",
    "wave 137 turn 1: progress enemyHp=[169:0/358,95:1/291] playerHp=[382:1637/1665,384:1715/1715]",
    "wave 137 turn 2: replay guest crossed cmd:137:2 through real public COMMAND=opened",
    "wave 137 turn 2: host SWITCH -> party[2]",
    "wave 137: reward shop owner=host leave",
    "wave 137: drained 1 milestone reward continuation(s)",
    "wave 138 turn 1: replay guest crossed cmd:138:1 through real public COMMAND=opened",
    "wave 138: host slot move=34 guest slot move=34",
    "wave 138 turn 1: progress enemyHp=[660:0/314,660:0/344] playerHp=[890:2065/2065,384:1715/1715]",
    "wave 138: reward shop owner=guest leave",
    "wave 139 turn 1: replay guest crossed cmd:139:1 through real public COMMAND=opened",
    "wave 139 turn 1: host SWITCH -> party[2]",
    "wave 139: host slot move=85 guest slot move=247",
    "wave 139 turn 1: progress enemyHp=[598:305/305,480:0/319] playerHp=[382:1665/1665,384:1469/1715]",
    "wave 139 turn 2: replay guest crossed cmd:139:2 through real public COMMAND=opened",
    "wave 139: reward shop owner=host leave",
    "wave 139: drained 1 milestone reward continuation(s)",
    "wave 140 turn 1: replay guest crossed cmd:140:1 through real public COMMAND=opened",
    "wave 140: host slot move=34 guest slot move=53",
    "wave 140 turn 1: progress enemyHp=[768:193/386,1024:446/446] playerHp=[382:1624/1665,384:1385/1715]",
    "wave 140 turn 2: replay guest crossed cmd:140:2 through real public COMMAND=opened",
    "wave 140 turn 3: replay guest crossed cmd:140:3 through real public COMMAND=opened",
    "wave 140: biome market owner=guest leave",
    "wave 140: drained 1 milestone reward continuation(s)",
    "wave 140: host chose Crossroads Leave through public UI",
    "wave 140: host drove World Map via public UI=true and both consumed 1828070237563102:0:BIOME_PICK:9700166",
    "wave 141 turn 1: replay guest crossed cmd:141:1 through real public COMMAND=opened",
    "wave 141: BIOME 13->12",
    "wave 141: host slot move=34 guest slot move=247",
    "wave 141 turn 1: progress enemyHp=[105:0/313,2105:0/319] playerHp=[382:1561/1665,384:1608/1715]",
    "wave 141: reward shop owner=guest leave",
    "wave 142 turn 1: replay guest crossed cmd:142:1 through real public COMMAND=opened",
    "wave 142: host slot move=53 guest slot move=247",
    "wave 142 turn 1: progress enemyHp=[1013:0/318,208:0/327] playerHp=[382:1457/1665,384:1501/1715]",
    "wave 142: reward shop owner=host leave",
    "wave 142: drained 1 milestone reward continuation(s)",
    "wave 143 turn 1: replay guest crossed cmd:143:1 through real public COMMAND=opened",
    "wave 143: host slot move=247 guest slot move=85",
    "wave 143 turn 1: guest SWITCH -> party[3]",
    "wave 143 turn 1: progress enemyHp=[323:0/355,2105:307/327] playerHp=[382:1353/1665,150:1618/1725]",
    "wave 143 turn 2: replay guest crossed cmd:143:2 through real public COMMAND=opened",
    "wave 143: reward shop owner=guest leave"
  ]
}