===== COOP SOAK RESULT =====
profile: god-a
verdict: FAIL
waves_requested: 200
run_mode: calibrated-release
calibration_id: god-200
target_sha: 000fae3cf7575681bd95101bcbd686e3bf34da48
checked_out_sha: 000fae3cf7575681bd95101bcbd686e3bf34da48
base_seed: 20260728
campaign_seed: 20260728
run: 30326953423 (workflow source 000fae3cf7575681bd95101bcbd686e3bf34da48)
timestamp: 2026-07-28T04-07-25Z

----- driver lines -----
[22m[39m[coop-soak] SEED=20260728 WAVES=200 - replay this run with:  SOAK_SEED=20260728 SOAK_WAVES=200 ER_SCENARIO=1 npx vitest run test/tests/elite-redux/coop/coop-soak.test.ts
[22m[39m[coop-soak] PRE-HEAL unexpected wave=91 where=wave-start fields=[field] :: field:host=[{"bi":0,"partyIndex":0,"speciesId":382,"hp":1665,"maxHp":1665,"status":0,"statStages":[0,0,0,0,0,0,0],"fainted":false,"abilityId":33,"formIndex":0,"isTerastallized":false,"teraType":10,"bossSegments":0,"bossSegmentIndex":0,"moves":[[34,0],[247,0],[53,0],[85,0]],"tags":[],"transformSpeciesId":0,"transformFormIndex":0},{"bi":1,"partyIndex":1,"speciesId":150,"hp":1725,"maxHp":1725,"status":0,"statStages":[0,0,0,0,0,0,0],"fainted":false,"abilityId":5025,"formIndex":0,"isTerastallized":false,"teraType":13,"bossSegments":0,"bossSegmentIndex":0,"moves":[[34,0],[247,0],[53,0],[85,0]],"tags":[],"transformSpeciesId":0,"transformFormIndex":0},{"bi":2,"partyIndex":0,"speciesId":344,"hp":196,"maxHp":196,"status":0,"statStages":[0,0,0,0,0,0,0],"fainted":false,"abilityId":5213,"formIndex":0,"isTerastallized":false,"teraType":13,"bossSegments":2,"bossSegmentIndex":1,"moves":[[797,0],[598,0],[134,0],[133,0]],"tags":[],"transformSpeciesId":0,"transformFormIndex":0},{"bi":3,"partyIndex":1,"speciesId":202,"hp":383,"maxHp":383,"status":0,"statStages":[0,0,0,0,0,0,0],"fainted":false,"abilityId":5070,"formIndex":0,"isTerastallized":false,"teraType":13,"bossSegments":1,"bossSegmentIndex":0,"moves":[[194,0],[227,0]],"tags":[],"transformSpeciesId":0,"transformFormIndex":0}]/guest=[{"bi":0,"partyIndex":0,"speciesId":382,"hp":1665,"maxHp":1665,"status":0,"statStages":[0,0,0,0,0,0,0],"fainted":false,"abilityId":33,"formIndex":0,"isTerastallized":false,"teraType":10,"bossSegments":0,"bossSegmentIndex":0,"moves":[[34,0],[247,0],[53,0],[85,0]],"tags":[],"transformSpeciesId":0,"transformFormIndex":0},{"bi":1,"partyIndex":1,"speciesId":150,"hp":1725,"maxHp":1725,"status":0,"statStages":[0,0,0,0,0,0,0],"fainted":false,"abilityId":5025,"formIndex":0,"isTerastallized":false,"teraType":13,"bossSegments":0,"bossSegmentIndex":0,"moves":[[34,0],[247,0],[53,0],[85,0]],"tags":[],"transformSpeciesId":0,"transformFormIndex":0},{"bi":2,"partyIndex":0,"speciesId":344,"hp":196,"maxHp":196,"status":0,"statStages":[0,0,0,0,0,0,0],"fainted":false,"abilityId":5213,"formIndex":0,"isTerastallized":false,"teraType":13,"bossSegments":2,"bossSegmentIndex":1,"moves":[[797,0],[598,0],[134,0],[133,0]],"tags":[],"transformSpeciesId":0,"transformFormIndex":0},{"bi":3,"partyIndex":1,"speciesId":202,"hp":357,"maxHp":357,"status":0,"statStages":[0,0,0,0,0,0,0],"fainted":false,"abilityId":5070,"formIndex":0,"isTerastallized":false,"teraType":13,"bossSegments":1,"bossSegmentIndex":0,"moves":[[194,0],[227,0]],"tags":[],"transformSpeciesId":0,"transformFormIndex":0}]
[22m[39m[coop-soak] FINDING wave 91 @wave-start (seed 20260728): persistent DIGEST divergence [field] - field: host=[{"bi":0,"partyIndex":0,"speciesId":382,"hp":1665,"maxHp":1665,"status":0,"statStages":[0,0,0,0,0,0,0],"fainted":false,"abilityId":33,"formIndex":0,"isTerastallized":false,"teraType":10,"bossSegments":0,"bossSegmentIndex":0,"moves":[[34,0],[247,0],[53,0],[85,0]],"tags":[],"transformSpeciesId":0,"transformFormIndex":0},{"bi":1,"partyIndex":1,"speciesId":150,"hp":1725,"maxHp":1725,"status":0,"statStages":[0,0,0,0,0,0,0],"fainted":false,"abilityId":5025,"formIndex":0,"isTerastallized":false,"teraType":13,"bossSegments":0,"bossSegmentIndex":0,"moves":[[34,0],[247,0],[53,0],[85,0]],"tags":[],"transformSpeciesId":0,"transformFormIndex":0},{"bi":2,"partyIndex":0,"speciesId":344,"hp":196,"maxHp":196,"status":0,"statStages":[0,0,0,0,0,0,0],"fainted":false,"abilityId":5213,"formIndex":0,"isTerastallized":false,"teraType":13,"bossSegments":2,"bossSegmentIndex":1,"moves":[[797,0],[598,0],[134,0],[133,0]],"tags":[],"transformSpeciesId":0,"transformFormIndex":0},{"bi":3,"partyIndex":1,"speciesId":202,"hp":383,"maxHp":383,"status":0,"statStages":[0,0,0,0,0,0,0],"fainted":false,"abilityId":5070,"formIndex":0,"isTerastallized":false,"teraType":13,"bossSegments":1,"bossSegmentIndex":0,"moves":[[194,0],[227,0]],"tags":[],"transformSpeciesId":0,"transformFormIndex":0}] guest=[{"bi":0,"partyIndex":0,"speciesId":382,"hp":1665,"maxHp":1665,"status":0,"statStages":[0,0,0,0,0,0,0],"fainted":false,"abilityId":33,"formIndex":0,"isTerastallized":false,"teraType":10,"bossSegments":0,"bossSegmentIndex":0,"moves":[[34,0],[247,0],[53,0],[85,0]],"tags":[],"transformSpeciesId":0,"transformFormIndex":0},{"bi":1,"partyIndex":1,"speciesId":150,"hp":1725,"maxHp":1725,"status":0,"statStages":[0,0,0,0,0,0,0],"fainted":false,"abilityId":5025,"formIndex":0,"isTerastallized":false,"teraType":13,"bossSegments":0,"bossSegmentIndex":0,"moves":[[34,0],[247,0],[53,0],[85,0]],"tags":[],"transformSpeciesId":0,"transformFormIndex":0},{"bi":2,"partyIndex":0,"speciesId":344,"hp":196,"maxHp":196,"status":0,"statStages":[0,0,0,0,0,0,0],"fainted":false,"abilityId":5213,"formIndex":0,"isTerastallized":false,"teraType":13,"bossSegments":2,"bossSegmentIndex":1,"moves":[[797,0],[598,0],[134,0],[133,0]],"tags":[],"transformSpeciesId":0,"transformFormIndex":0},{"bi":3,"partyIndex":1,"speciesId":202,"hp":357,"maxHp":357,"status":0,"statStages":[0,0,0,0,0,0,0],"fainted":false,"abilityId":5070,"formIndex":0,"isTerastallized":false,"teraType":13,"bossSegments":1,"bossSegmentIndex":0,"moves":[[194,0],[227,0]],"tags":[],"transformSpeciesId":0,"transformFormIndex":0}]

----- vitest result tail -----

[90mstdout[2m | test/tests/elite-redux/coop/coop-soak.test.ts[2m:165:3[22m[2m[2m > [22m[2mNIGHTLY co-op SOAK: seeded randomized two-engine run (#841)[2m > [22m[2mplays a seeded randomized co-op run asserting DIGEST/LOCKSTEP/NO-PARK/TEARDOWN each wave
[22m[39m[32mStart Phase: CheckInterludePhase[39m

[90mstdout[2m | test/tests/elite-redux/coop/coop-soak.test.ts[2m:165:3[22m[2m[2m > [22m[2mNIGHTLY co-op SOAK: seeded randomized two-engine run (#841)[2m > [22m[2mplays a seeded randomized co-op run asserting DIGEST/LOCKSTEP/NO-PARK/TEARDOWN each wave
[22m[39m[32mStart Phase: WeatherEffectPhase[39m
[34mThe downpour continues.[39m

[90mstdout[2m | test/tests/elite-redux/coop/coop-soak.test.ts[2m:165:3[22m[2m[2m > [22m[2mNIGHTLY co-op SOAK: seeded randomized two-engine run (#841)[2m > [22m[2mplays a seeded randomized co-op run asserting DIGEST/LOCKSTEP/NO-PARK/TEARDOWN each wave
[22m[39m[32mStart Phase: PositionalTagPhase[39m

[90mstdout[2m | test/tests/elite-redux/coop/coop-soak.test.ts[2m:165:3[22m[2m[2m > [22m[2mNIGHTLY co-op SOAK: seeded randomized two-engine run (#841)[2m > [22m[2mplays a seeded randomized co-op run asserting DIGEST/LOCKSTEP/NO-PARK/TEARDOWN each wave
[22m[39m[32mStart Phase: BerryPhase[39m

[90mstdout[2m | test/tests/elite-redux/coop/coop-soak.test.ts[2m:165:3[22m[2m[2m > [22m[2mNIGHTLY co-op SOAK: seeded randomized two-engine run (#841)[2m > [22m[2mplays a seeded randomized co-op run asserting DIGEST/LOCKSTEP/NO-PARK/TEARDOWN each wave
[22m[39m[32mStart Phase: CheckStatusEffectPhase[39m

[90mstdout[2m | test/tests/elite-redux/coop/coop-soak.test.ts[2m:165:3[22m[2m[2m > [22m[2mNIGHTLY co-op SOAK: seeded randomized two-engine run (#841)[2m > [22m[2mplays a seeded randomized co-op run asserting DIGEST/LOCKSTEP/NO-PARK/TEARDOWN each wave
[22m[39m[32mStart Phase: TurnEndPhase[39m

[90mstdout[2m | test/tests/elite-redux/coop/coop-soak.test.ts[2m:165:3[22m[2m[2m > [22m[2mNIGHTLY co-op SOAK: seeded randomized two-engine run (#841)[2m > [22m[2mplays a seeded randomized co-op run asserting DIGEST/LOCKSTEP/NO-PARK/TEARDOWN each wave
[22m[39m[32mStart Phase: CoopTurnCommitPhase[39m
[coop:turn] host recorder: finalize turn=1 events=9 seq=9
[coop:checkpoint] build field=4 weather=2/4 terrain=0/0 arenaTags=0 money=77960 mons=[bi0:sp890/hp2005-2065/st0/fnt0 bi1:sp384/hp1335-1715/st0/fnt0 bi2:sp72/hp0-290/st7/fnt1 bi3:sp279/hp0-338/st7/fnt1]
[coop:checkpoint] host capture field=4 weather=2 terrain=0 money=77960 arenaTags=0 mons=[bi0:sp890/hp2005-2065/st0/fnt0 bi1:sp384/hp1335-1715/st0/fnt0 bi2:sp72/hp0-290/st7/fnt1 bi3:sp279/hp0-338/st7/fnt1]
[coop:interaction] interactionCounter() read -> 197 (role=host)
[coop:replay] host SEND turnResolution e=1828055770440400 wave=168 turn=1 rev=3501 events=9 checksum=bb1b88a5aaecbb6b
[coop:transport] send host t=authorityEntry t=authorityEntry
[coop:v2-shadow] PARITY kind=TURN_COMMIT rev=1074 match=true field=- successor=none-non-command-boundary
[coop:transport] send host t=turnResolution e=1828055770440400 wave=168 turn=1 rev=3501 events=9 checksum=bb1b88a5aaecbb6b
[coop:runtime] send waveResolved wave=168 outcome=win (host)
[coop:replay] host SEND waveResolved wave=168 outcome=win transition=WAVE_VICTORY/next169/biome0/egg1/wild
[coop:transport] send host t=waveResolved wave=168 outcome=win captureParty=- cap=-
[coop:transport] recv guest t=authorityEntry t=authorityEntry handlers=1
[coop:transport] recv guest t=turnResolution e=1828055770440400 wave=168 turn=1 rev=3501 events=9 checksum=bb1b88a5aaecbb6b handlers=1
[coop:transport] recv guest t=waveResolved wave=168 outcome=win captureParty=- cap=- handlers=1

[90mstdout[2m | test/tests/elite-redux/coop/coop-soak.test.ts[2m:165:3[22m[2m[2m > [22m[2mNIGHTLY co-op SOAK: seeded randomized two-engine run (#841)[2m > [22m[2mplays a seeded randomized co-op run asserting DIGEST/LOCKSTEP/NO-PARK/TEARDOWN each wave
[22m[39m[38;2;255;127;80mPhaseInterceptor.to: Stopping on completion of CoopTurnCommitPhase[39m

