{
  "invariant": "digest",
  "seed": 20365457,
  "wave": 76,
  "detail": "field - field: host=[{\"bi\":0,\"partyIndex\":0,\"speciesId\":493,\"hp\":1865,\"maxHp\":1865,\"status\":0,\"statStages\":[0,0,0,0,0,0,0],\"fainted\":false,\"abilityId\":121,\"formIndex\":0,\"isTerastallized\":false,\"teraType\":0,\"bossSegments\":0,\"bossSegmentIndex\":0,\"moves\":[[34,0],[247,0],[53,0],[85,0]],\"tags\":[],\"transformSpeciesId\":0,\"transformFormIndex\":0},{\"bi\":1,\"partyIndex\":1,\"speciesId\":150,\"hp\":1503,\"maxHp\":1725,\"status\":0,\"statStages\":[0,0,0,0,0,0,0],\"fainted\":false,\"abilityId\":227,\"formIndex\":0,\"isTerastallized\":false,\"teraType\":13,\"bossSegments\":0,\"bossSegmentIndex\":0,\"moves\":[[34,0],[247,0],[53,0],[85,0]],\"tags\":[],\"transformSpeciesId\":0,\"transformFormIndex\":0},{\"bi\":2,\"partyIndex\":0,\"speciesId\":10072,\"hp\":194,\"maxHp\":194,\"status\":0,\"statStages\":[0,0,0,0,0,0,0],\"fainted\":false,\"abilityId\":192,\"formIndex\":0,\"isTerastallized\":false,\"teraType\":4,\"bossSegments\":0,\"bossSegmentIndex\":0,\"moves\":[[838,0],[444,0],[163,0],[446,0]],\"tags\":[],\"transformSpeciesId\":0,\"transformFormIndex\":0},{\"bi\":3,\"partyIndex\":1,\"speciesId\":68,\"hp\":184,\"maxHp\":184,\"status\":0,\"statStages\":[0,0,0,0,0,0,0],\"fainted\":false,\"abilityId\":5011,\"formIndex\":0,\"isTerastallized\":false,\"teraType\":1,\"bossSegments\":0,\"bossSegmentIndex\":0,\"moves\":[[223,0],[70,0],[469,0],[90,0]],\"tags\":[],\"transformSpeciesId\":0,\"transformFormIndex\":0}] guest=[{\"bi\":0,\"partyIndex\":0,\"speciesId\":493,\"hp\":1865,\"maxHp\":1865,\"status\":0,\"statStages\":[0,0,0,0,0,0,0],\"fainted\":false,\"abilityId\":121,\"formIndex\":0,\"isTerastallized\":false,\"teraType\":0,\"bossSegments\":0,\"bossSegmentIndex\":0,\"moves\":[[34,0],[247,0],[53,0],[85,0]],\"tags\":[],\"transformSpeciesId\":0,\"transformFormIndex\":0},{\"bi\":1,\"partyIndex\":1,\"speciesId\":150,\"hp\":1503,\"maxHp\":1725,\"status\":0,\"statStages\":[0,0,0,0,0,0,0],\"fainted\":false,\"abilityId\":227,\"formIndex\":0,\"isTerastallized\":false,\"teraType\":13,\"bossSegments\":0,\"bossSegmentIndex\":0,\"moves\":[[34,0],[247,0],[53,0],[85,0]],\"tags\":[],\"transformSpeciesId\":0,\"transformFormIndex\":0},{\"bi\":2,\"partyIndex\":0,\"speciesId\":10072,\"hp\":184,\"maxHp\":184,\"status\":0,\"statStages\":[0,0,0,0,0,0,0],\"fainted\":false,\"abilityId\":192,\"formIndex\":0,\"isTerastallized\":false,\"teraType\":4,\"bossSegments\":0,\"bossSegmentIndex\":0,\"moves\":[[838,0],[444,0],[163,0],[446,0]],\"tags\":[],\"transformSpeciesId\":0,\"transformFormIndex\":0},{\"bi\":3,\"partyIndex\":1,\"speciesId\":68,\"hp\":184,\"maxHp\":184,\"status\":0,\"statStages\":[0,0,0,0,0,0,0],\"fainted\":false,\"abilityId\":5011,\"formIndex\":0,\"isTerastallized\":false,\"teraType\":1,\"bossSegments\":0,\"bossSegmentIndex\":0,\"moves\":[[223,0],[70,0],[469,0],[90,0]],\"tags\":[],\"transformSpeciesId\":0,\"transformFormIndex\":0}]",
  "replay": "SOAK_SEED=20365457",
  "phaseState": null,
  "actionScript": [
    "SKIP mysteryEncounterDisabledV1",
    "content seed=coop-soak-20365457 preseeded=false",
    "wave 1 turn 1: replay guest crossed cmd:1:1 through real public COMMAND=opened",
    "wave 1: host slot move=85 guest slot move=85",
    "wave 1 turn 1: guest SWITCH -> party[3]",
    "wave 1 turn 1: progress enemyHp=[16:0/14,263:14/14] playerHp=[890:2065/2065,150:1723/1725]",
    "wave 1 turn 2: replay guest crossed cmd:1:2 through real public COMMAND=opened",
    "wave 1: reward shop owner=host leave",
    "wave 2 turn 1: replay guest crossed cmd:2:1 through real public COMMAND=opened",
    "wave 2: host slot move=53 guest slot move=85",
    "wave 2 turn 1: guest SWITCH -> party[3]",
    "wave 2 turn 1: progress enemyHp=[915:0/14,440:16/16] playerHp=[890:2065/2065,384:1715/1715]",
    "wave 2 turn 2: replay guest crossed cmd:2:2 through real public COMMAND=opened",
    "wave 2: reward shop owner=guest leave",
    "wave 3 turn 1: replay guest crossed cmd:3:1 through real public COMMAND=opened",
    "wave 3: host slot move=34 guest slot move=85",
    "wave 3 turn 1: progress enemyHp=[21:0/16,16:0/16] playerHp=[890:2065/2065,384:1715/1715]",
    "wave 3: reward shop owner=host leave",
    "wave 4 turn 1: replay guest crossed cmd:4:1 through real public COMMAND=opened",
    "wave 4 turn 1: host SWITCH -> party[2]",
    "wave 4: host slot move=85 guest slot move=247",
    "wave 4 turn 1: progress enemyHp=[420:18/18,265:0/16] playerHp=[493:1865/1865,384:1715/1715]",
    "wave 4 turn 2: replay guest crossed cmd:4:2 through real public COMMAND=opened",
    "wave 4: reward shop owner=guest take-nonparty",
    "wave 5 turn 1: replay guest crossed cmd:5:1 through real public COMMAND=opened",
    "wave 5: TRAINER (fixed)",
    "wave 5: host slot move=53 guest slot move=53",
    "wave 5 turn 1: progress enemyHp=[265:0/18,263:0/18] playerHp=[493:1865/1865,384:1715/1715]",
    "wave 5: reward shop owner=host take-nonparty",
    "wave 5: guest chose Crossroads Leave through public UI",
    "wave 5: guest drove World Map via public UI=true and both consumed 1828055780043031:1:BIOME_PICK:9700005",
    "wave 6 turn 1: replay guest crossed cmd:6:1 through real public COMMAND=opened",
    "wave 6: BIOME 0->1",
    "wave 6: host slot move=53 guest slot move=53",
    "wave 6 turn 1: progress enemyHp=[734:0/21,519:0/20] playerHp=[493:1865/1865,384:1715/1715]",
    "wave 6: reward shop owner=host leave",
    "wave 7 turn 1: replay guest crossed cmd:7:1 through real public COMMAND=opened",
    "wave 7: host slot move=53 guest slot move=34",
    "wave 7 turn 1: progress enemyHp=[263:0/20,915:0/21] playerHp=[493:1865/1865,384:1715/1715]",
    "wave 7: reward shop owner=guest leave",
    "wave 8 turn 1: replay guest crossed cmd:8:1 through real public COMMAND=opened",
    "wave 8: TRAINER (fixed)",
    "wave 8: host slot move=85 guest slot move=85",
    "wave 8 turn 1: progress enemyHp=[906:0/24,16:0/22] playerHp=[493:1865/1865,384:1715/1715]",
    "wave 8: reward shop owner=host leave",
    "wave 9 turn 1: replay guest crossed cmd:9:1 through real public COMMAND=opened",
    "wave 9 turn 1: host SWITCH -> party[2]",
    "wave 9: host slot move=34 guest slot move=34",
    "wave 9 turn 1: progress enemyHp=[819:28/28,915:0/26] playerHp=[890:2065/2065,384:1715/1715]",
    "wave 9 turn 2: replay guest crossed cmd:9:2 through real public COMMAND=opened",
    "wave 9 turn 2: guest SWITCH -> party[3]",
    "wave 9: reward shop owner=guest take-nonparty",
    "wave 10 turn 1: replay guest crossed cmd:10:1 through real public COMMAND=opened",
    "wave 10: host slot move=53 guest slot move=85",
    "wave 10 turn 1: progress enemyHp=[427:0/29,744:0/23] playerHp=[890:2065/2065,150:1725/1725]",
    "wave 10: biome market owner=host leave",
    "wave 10: drained 1 milestone reward continuation(s)",
    "wave 10: guest chose Crossroads Leave through public UI",
    "wave 10: guest drove World Map via public UI=true and both consumed 1828055780043031:1:BIOME_PICK:9700011",
    "wave 11 turn 1: replay guest crossed cmd:11:1 through real public COMMAND=opened",
    "wave 11: BIOME 1->2",
    "wave 11: host slot move=34 guest slot move=53",
    "wave 11 turn 1: progress enemyHp=[303:0/28,548:0/25] playerHp=[890:2065/2065,150:1725/1725]",
    "wave 11: reward shop owner=host take-nonparty",
    "wave 12 turn 1: replay guest crossed cmd:12:1 through real public COMMAND=opened",
    "wave 12: host slot move=85 guest slot move=247",
    "wave 12 turn 1: guest SWITCH -> party[3]",
    "wave 12 turn 1: progress enemyHp=[548:0/27,420:27/27] playerHp=[890:2065/2065,384:1715/1715]",
    "wave 12 turn 2: replay guest crossed cmd:12:2 through real public COMMAND=opened",
    "wave 12 turn 2: host SWITCH -> party[2]",
    "wave 12: reward shop owner=guest take-nonparty",
    "wave 13 turn 1: replay guest crossed cmd:13:1 through real public COMMAND=opened",
    "wave 13: host slot move=53 guest slot move=34",
    "wave 13 turn 1: progress enemyHp=[285:0/30,590:0/34] playerHp=[493:1865/1865,384:1715/1715]",
    "wave 13: reward shop owner=host leave",
    "wave 14 turn 1: replay guest crossed cmd:14:1 through real public COMMAND=opened",
    "wave 14: host slot move=34 guest slot move=85",
    "wave 14 turn 1: progress enemyHp=[108:0/37,285:0/30] playerHp=[493:1865/1865,384:1715/1715]",
    "wave 14: reward shop owner=guest take-nonparty",
    "wave 15 turn 1: replay guest crossed cmd:15:1 through real public COMMAND=opened",
    "wave 15: host slot move=34 guest slot move=53",
    "wave 15 turn 1: progress enemyHp=[268:0/30,302:0/34] playerHp=[493:1865/1865,384:1715/1715]",
    "wave 15: reward shop owner=host take-nonparty",
    "wave 15: guest chose Crossroads Leave through public UI",
    "wave 15: guest drove World Map via public UI=true and both consumed 1828055780043031:1:BIOME_PICK:9700017",
    "wave 16 turn 1: replay guest crossed cmd:16:1 through real public COMMAND=opened",
    "wave 16: BIOME 2->3",
    "wave 16 turn 1: host SWITCH -> party[2]",
    "wave 16: host slot move=85 guest slot move=247",
    "wave 16 turn 1: progress enemyHp=[919:31/31,753:0/31] playerHp=[890:2065/2065,384:1715/1715]",
    "wave 16 turn 2: replay guest crossed cmd:16:2 through real public COMMAND=opened",
    "wave 16 turn 2: host SWITCH -> party[2]",
    "wave 16: reward shop owner=host take-nonparty",
    "wave 17 turn 1: replay guest crossed cmd:17:1 through real public COMMAND=opened",
    "wave 17: host slot move=53 guest slot move=34",
    "wave 17 turn 1: progress enemyHp=[665:0/34,167:0/31] playerHp=[493:1865/1865,384:1715/1715]",
    "wave 17: reward shop owner=guest leave",
    "wave 18 turn 1: replay guest crossed cmd:18:1 through real public COMMAND=opened",
    "wave 18: host slot move=247 guest slot move=247",
    "wave 18 turn 1: progress enemyHp=[919:33/33,290:31/31] playerHp=[493:1865/1865,384:1715/1715]",
    "wave 18 turn 2: replay guest crossed cmd:18:2 through real public COMMAND=opened",
    "wave 18 turn 2: guest SWITCH -> party[3]",
    "wave 18 turn 3: replay guest crossed cmd:18:3 through real public COMMAND=opened",
    "wave 18: reward shop owner=host leave",
    "wave 19 turn 1: replay guest crossed cmd:19:1 through real public COMMAND=opened",
    "wave 19 turn 1: host SWITCH -> party[2]",
    "wave 19: host slot move=34 guest slot move=53",
    "wave 19 turn 1: progress enemyHp=[919:33/33,665:0/38] playerHp=[890:2065/2065,150:1719/1725]",
    "wave 19 turn 2: replay guest crossed cmd:19:2 through real public COMMAND=opened",
    "wave 19: reward shop owner=guest leave",
    "wave 20 turn 1: replay guest crossed cmd:20:1 through real public COMMAND=opened",
    "wave 20: host slot move=85 guest slot move=247",
    "wave 20 turn 1: progress enemyHp=[964:0/53,290:0/35] playerHp=[890:2065/2065,150:1719/1725]",
    "wave 20: biome market owner=host leave",
    "wave 20: drained 1 milestone reward continuation(s)",
    "wave 20: guest chose Crossroads Leave through public UI",
    "wave 20: guest drove World Map via public UI=true and both consumed 1828055780043031:1:BIOME_PICK:9700023",
    "wave 21 turn 1: replay guest crossed cmd:21:1 through real public COMMAND=opened",
    "wave 21: BIOME 3->5",
    "wave 21: host slot move=53 guest slot move=34",
    "wave 21 turn 1: progress enemyHp=[919:35/35,917:0/38] playerHp=[890:2065/2065,150:1725/1725]",
    "wave 21 turn 2: replay guest crossed cmd:21:2 through real public COMMAND=opened",
    "wave 21: reward shop owner=host leave",
    "wave 22 turn 1: replay guest crossed cmd:22:1 through real public COMMAND=opened",
    "wave 22 turn 1: host SWITCH -> party[2]",
    "wave 22: host slot move=247 guest slot move=85",
    "wave 22 turn 1: progress enemyHp=[543:36/36,917:0/38] playerHp=[493:1865/1865,150:1725/1725]",
    "wave 22 turn 2: replay guest crossed cmd:22:2 through real public COMMAND=opened",
    "wave 22: reward shop owner=guest take-nonparty",
    "wave 23 turn 1: replay guest crossed cmd:23:1 through real public COMMAND=opened",
    "wave 23: host slot move=85 guest slot move=53",
    "wave 23 turn 1: progress enemyHp=[917:0/36,917:0/42] playerHp=[493:1865/1865,150:1725/1725]",
    "wave 23: reward shop owner=host take-nonparty",
    "wave 24 turn 1: replay guest crossed cmd:24:1 through real public COMMAND=opened",
    "wave 24: host slot move=53 guest slot move=247",
    "wave 24 turn 1: progress enemyHp=[944:0/43,412:0/48] playerHp=[493:1862/1865,150:1725/1725]",
    "wave 24: reward shop owner=guest leave",
    "wave 25 turn 1: replay guest crossed cmd:25:1 through real public COMMAND=opened",
    "wave 25: TRAINER (fixed)",
    "wave 25: host slot move=53 guest slot move=53",
    "wave 25 turn 1: progress enemyHp=[907:0/57,17:0/53] playerHp=[493:1862/1865,150:1725/1725]",
    "wave 25 turn 2: replay guest crossed cmd:25:2 through real public COMMAND=opened",
    "wave 25 turn 2: guest SWITCH -> party[3]",
    "wave 25: reward shop owner=host take-nonparty",
    "wave 25: guest chose Crossroads Leave through public UI",
    "wave 25: guest drove World Map via public UI=true and both consumed 1828055780043031:1:BIOME_PICK:9700029",
    "wave 26 turn 1: replay guest crossed cmd:26:1 through real public COMMAND=opened",
    "wave 26: BIOME 5->27",
    "wave 26 turn 1: host SWITCH -> party[2]",
    "wave 26: host slot move=247 guest slot move=85",
    "wave 26 turn 1: progress enemyHp=[15:56/56,590:0/55] playerHp=[890:2065/2065,384:1713/1715]",
    "wave 26 turn 2: replay guest crossed cmd:26:2 through real public COMMAND=opened",
    "wave 26: reward shop owner=host leave",
    "wave 27 turn 1: replay guest crossed cmd:27:1 through real public COMMAND=opened",
    "wave 27: host slot move=34 guest slot move=34",
    "wave 27 turn 1: progress enemyHp=[870:0/59,586:0/62] playerHp=[890:2065/2065,384:1713/1715]",
    "wave 27: reward shop owner=guest leave",
    "wave 27: drained 1 milestone reward continuation(s)",
    "wave 28 turn 1: replay guest crossed cmd:28:1 through real public COMMAND=opened",
    "wave 28 turn 1: host SWITCH -> party[2]",
    "wave 28: host slot move=85 guest slot move=247",
    "wave 28 turn 1: progress enemyHp=[509:54/54,511:0/58] playerHp=[493:1865/1865,384:1713/1715]",
    "wave 28 turn 2: replay guest crossed cmd:28:2 through real public COMMAND=opened",
    "wave 28 turn 2: host SWITCH -> party[2]",
    "wave 28: reward shop owner=host take-nonparty",
    "wave 29 turn 1: replay guest crossed cmd:29:1 through real public COMMAND=opened",
    "wave 29: host slot move=53 guest slot move=34",
    "wave 29 turn 1: progress enemyHp=[114:0/62,515:0/70] playerHp=[890:2065/2065,384:1713/1715]",
    "wave 29: reward shop owner=guest take-nonparty",
    "wave 30 turn 1: replay guest crossed cmd:30:1 through real public COMMAND=opened",
    "wave 30: TRAINER (random)",
    "wave 30: host slot move=247 guest slot move=85",
    "wave 30 turn 1: progress enemyHp=[69:0/64,188:0/60] playerHp=[890:2065/2065,384:1713/1715]",
    "wave 30 turn 2: replay guest crossed cmd:30:2 through real public COMMAND=opened",
    "wave 30: biome market owner=host leave",
    "wave 30: drained 1 milestone reward continuation(s)",
    "wave 30: guest chose Crossroads Leave through public UI",
    "wave 30: guest drove World Map via public UI=true and both consumed 1828055780043031:1:BIOME_PICK:9700035",
    "wave 31 turn 1: replay guest crossed cmd:31:1 through real public COMMAND=opened",
    "wave 31: BIOME 27->29",
    "wave 31 turn 1: host SWITCH -> party[2]",
    "wave 31: host slot move=247 guest slot move=85",
    "wave 31 turn 1: progress enemyHp=[562:49/49,999:0/62] playerHp=[493:1865/1865,384:1713/1715]",
    "wave 31 turn 2: replay guest crossed cmd:31:2 through real public COMMAND=opened",
    "wave 31 turn 2: guest SWITCH -> party[3]",
    "wave 31: reward shop owner=host leave",
    "wave 31: drained 1 milestone reward continuation(s)",
    "wave 32 turn 1: replay guest crossed cmd:32:1 through real public COMMAND=opened",
    "wave 32: host slot move=85 guest slot move=34",
    "wave 32 turn 1: guest SWITCH -> party[3]",
    "wave 32 turn 1: progress enemyHp=[355:0/43,451:60/60] playerHp=[493:1865/1865,384:1715/1715]",
    "wave 32 turn 2: replay guest crossed cmd:32:2 through real public COMMAND=opened",
    "wave 32: reward shop owner=guest leave",
    "wave 33 turn 1: replay guest crossed cmd:33:1 through real public COMMAND=opened",
    "wave 33: host slot move=53 guest slot move=247",
    "wave 33 turn 1: progress enemyHp=[679:0/58,622:0/62] playerHp=[493:1863/1865,384:1713/1715]",
    "wave 33: reward shop owner=host leave",
    "wave 33: drained 1 milestone reward continuation(s)",
    "wave 34 turn 1: replay guest crossed cmd:34:1 through real public COMMAND=opened",
    "wave 34: host slot move=53 guest slot move=247",
    "wave 34 turn 1: progress enemyHp=[622:0/67,999:67/67] playerHp=[493:1863/1865,384:1710/1715]",
    "wave 34 turn 2: replay guest crossed cmd:34:2 through real public COMMAND=opened",
    "wave 34: reward shop owner=guest leave",
    "wave 34: drained 1 milestone reward continuation(s)",
    "wave 35 turn 1: replay guest crossed cmd:35:1 through real public COMMAND=opened",
    "wave 35: TRAINER (fixed)",
    "wave 35: host slot move=34 guest slot move=34",
    "wave 35 turn 1: progress enemyHp=[262:0/75,343:0/65] playerHp=[493:1863/1865,384:1706/1715]",
    "wave 35: reward shop owner=host take-nonparty",
    "wave 35: guest chose Crossroads Leave through public UI",
    "wave 35: guest drove World Map via public UI=true and both consumed 1828055780043031:1:BIOME_PICK:9700041",
    "wave 36 turn 1: replay guest crossed cmd:36:1 through real public COMMAND=opened",
    "wave 36: BIOME 29->14",
    "wave 36 turn 1: host SWITCH -> party[2]",
    "wave 36: host slot move=247 guest slot move=85",
    "wave 36 turn 1: progress enemyHp=[843:64/64,694:0/60] playerHp=[890:2065/2065,384:1599/1715]",
    "wave 36 turn 2: replay guest crossed cmd:36:2 through real public COMMAND=opened",
    "wave 36: reward shop owner=host take-nonparty",
    "wave 37 turn 1: replay guest crossed cmd:37:1 through real public COMMAND=opened",
    "wave 37: host slot move=53 guest slot move=247",
    "wave 37 turn 1: progress enemyHp=[556:0/77,451:0/70] playerHp=[890:2065/2065,384:1383/1715]",
    "wave 37: reward shop owner=guest leave",
    "wave 37: drained 1 milestone reward continuation(s)",
    "wave 38 turn 1: replay guest crossed cmd:38:1 through real public COMMAND=opened",
    "wave 38: host slot move=247 guest slot move=34",
    "wave 38 turn 1: progress enemyHp=[451:0/67,843:0/68] playerHp=[890:2065/2065,384:1276/1715]",
    "wave 38: reward shop owner=host take-nonparty",
    "wave 39 turn 1: replay guest crossed cmd:39:1 through real public COMMAND=opened",
    "wave 39: host slot move=34 guest slot move=247",
    "wave 39 turn 1: progress enemyHp=[329:0/67,946:0/72] playerHp=[890:2065/2065,384:1169/1715]",
    "wave 39: reward shop owner=guest leave",
    "wave 39: drained 1 milestone reward continuation(s)",
    "wave 40 turn 1: replay guest crossed cmd:40:1 through real public COMMAND=opened",
    "wave 40: host slot move=85 guest slot move=34",
    "wave 40 turn 1: progress enemyHp=[561:0/95,28:0/93] playerHp=[890:2065/2065,384:1169/1715]",
    "wave 40: biome market owner=host leave",
    "wave 40: drained 1 milestone reward continuation(s)",
    "wave 40: guest chose Crossroads Leave through public UI",
    "wave 40: guest drove World Map via public UI=true and both consumed 1828055780043031:1:BIOME_PICK:9700047",
    "wave 41 turn 1: replay guest crossed cmd:41:1 through real public COMMAND=opened",
    "wave 41: BIOME 14->22",
    "wave 41: host slot move=53 guest slot move=34",
    "wave 41 turn 1: progress enemyHp=[96:0/77,958:0/80] playerHp=[890:2065/2065,384:1715/1715]",
    "wave 41: reward shop owner=host take-nonparty",
    "wave 42 turn 1: replay guest crossed cmd:42:1 through real public COMMAND=opened",
    "wave 42: host slot move=85 guest slot move=53",
    "wave 42 turn 1: progress enemyHp=[325:0/72,343:0/72] playerHp=[890:2065/2065,384:1715/1715]",
    "wave 42: reward shop owner=guest take-nonparty",
    "wave 43 turn 1: replay guest crossed cmd:43:1 through real public COMMAND=opened",
    "wave 43: host slot move=34 guest slot move=53",
    "wave 43 turn 1: progress enemyHp=[343:0/76,343:0/72] playerHp=[890:2065/2065,384:1715/1715]",
    "wave 43: reward shop owner=host take-nonparty",
    "wave 44 turn 1: replay guest crossed cmd:44:1 through real public COMMAND=opened",
    "wave 44: TRAINER (random)",
    "wave 44: host slot move=34 guest slot move=247",
    "wave 44 turn 1: progress enemyHp=[529:0/85,369:0/115] playerHp=[890:2065/2065,384:1715/1715]",
    "wave 44: reward shop owner=guest leave",
    "wave 45 turn 1: replay guest crossed cmd:45:1 through real public COMMAND=opened",
    "wave 45: host slot move=53 guest slot move=34",
    "wave 45 turn 1: progress enemyHp=[343:0/81,958:0/80] playerHp=[890:2065/2065,384:1715/1715]",
    "wave 45: reward shop owner=host leave",
    "wave 45: guest chose Crossroads Leave through public UI",
    "wave 45: guest drove World Map via public UI=true and both consumed 1828055780043031:1:BIOME_PICK:9700053",
    "wave 46 turn 1: replay guest crossed cmd:46:1 through real public COMMAND=opened",
    "wave 46: BIOME 22->11",
    "wave 46: host slot move=247 guest slot move=85",
    "wave 46 turn 1: progress enemyHp=[525:0/88,22:0/85] playerHp=[890:2065/2065,384:1715/1715]",
    "wave 46: reward shop owner=host leave",
    "wave 47 turn 1: replay guest crossed cmd:47:1 through real public COMMAND=opened",
    "wave 47: host slot move=53 guest slot move=85",
    "wave 47 turn 1: progress enemyHp=[277:92/92,520:0/95] playerHp=[890:2065/2065,384:1715/1715]",
    "wave 47 turn 2: replay guest crossed cmd:47:2 through real public COMMAND=opened",
    "wave 47: reward shop owner=guest take-nonparty",
    "wave 48 turn 1: replay guest crossed cmd:48:1 through real public COMMAND=opened",
    "wave 48: host slot move=34 guest slot move=34",
    "wave 48 turn 1: guest SWITCH -> party[3]",
    "wave 48 turn 1: progress enemyHp=[111:0/100,627:99/99] playerHp=[890:1936/2065,150:1724/1725]",
    "wave 48 turn 2: replay guest crossed cmd:48:2 through real public COMMAND=opened",
    "wave 48: reward shop owner=host leave",
    "wave 49 turn 1: replay guest crossed cmd:49:1 through real public COMMAND=opened",
    "wave 49: host slot move=85 guest slot move=53",
    "wave 49 turn 1: progress enemyHp=[17:0/84,277:85/85] playerHp=[890:2065/2065,150:1724/1725]",
    "wave 49 turn 2: replay guest crossed cmd:49:2 through real public COMMAND=opened",
    "wave 49 turn 2: host SWITCH -> party[2]",
    "wave 49: reward shop owner=guest leave",
    "wave 50 turn 1: replay guest crossed cmd:50:1 through real public COMMAND=opened",
    "wave 50: host slot move=247 guest slot move=85",
    "wave 50 turn 1: progress enemyHp=[227:0/99,662:0/91] playerHp=[493:1865/1865,150:1724/1725]",
    "wave 50: biome market owner=host leave",
    "wave 50: drained 1 milestone reward continuation(s)",
    "wave 50: guest chose Crossroads Leave through public UI",
    "wave 50: guest drove World Map via public UI=true and both consumed 1828055780043031:1:BIOME_PICK:9700059",
    "wave 51 turn 1: replay guest crossed cmd:51:1 through real public COMMAND=opened",
    "wave 51: BIOME 11->18",
    "wave 51: host slot move=34 guest slot move=53",
    "wave 51 turn 1: progress enemyHp=[636:0/89,499:0/110] playerHp=[493:1865/1865,150:1725/1725]",
    "wave 51: reward shop owner=host leave",
    "wave 51: drained 1 milestone reward continuation(s)",
    "wave 52 turn 1: replay guest crossed cmd:52:1 through real public COMMAND=opened",
    "wave 52: TRAINER (random)",
    "wave 52: host slot move=85 guest slot move=247",
    "wave 52 turn 1: progress enemyHp=[528:0/92,75:22/84] playerHp=[493:1865/1865,150:1720/1725]",
    "wave 52 turn 2: replay guest crossed cmd:52:2 through real public COMMAND=opened",
    "wave 52 turn 3: replay guest crossed cmd:52:3 through real public COMMAND=opened",
    "wave 52: reward shop owner=guest take-nonparty",
    "wave 53 turn 1: replay guest crossed cmd:53:1 through real public COMMAND=opened",
    "wave 53: host slot move=53 guest slot move=34",
    "wave 53 turn 1: guest SWITCH -> party[3]",
    "wave 53 turn 1: progress enemyHp=[757:0/93,307:76/76] playerHp=[493:1865/1865,384:1715/1715]",
    "wave 53 turn 2: replay guest crossed cmd:53:2 through real public COMMAND=opened",
    "wave 53: reward shop owner=host take-nonparty",
    "wave 54 turn 1: replay guest crossed cmd:54:1 through real public COMMAND=opened",
    "wave 54: host slot move=247 guest slot move=34",
    "wave 54 turn 1: progress enemyHp=[307:78/78,322:0/106] playerHp=[493:1865/1865,384:1715/1715]",
    "wave 54 turn 2: replay guest crossed cmd:54:2 through real public COMMAND=opened",
    "wave 54: reward shop owner=guest take-nonparty",
    "wave 55 turn 1: replay guest crossed cmd:55:1 through real public COMMAND=opened",
    "wave 55: TRAINER (fixed)",
    "wave 55 turn 1: host SWITCH -> party[2]",
    "wave 55: host slot move=34 guest slot move=53",
    "wave 55 turn 1: guest SWITCH -> party[3]",
    "wave 55 turn 1: progress enemyHp=[908:130/130,18:122/122] playerHp=[890:2065/2065,150:1718/1725]",
    "wave 55 turn 2: replay guest crossed cmd:55:2 through real public COMMAND=opened",
    "wave 55 turn 3: replay guest crossed cmd:55:3 through real public COMMAND=opened",
    "wave 55: reward shop owner=host take-nonparty",
    "wave 55: guest chose Crossroads Leave through public UI",
    "wave 55: guest drove World Map via public UI=true and both consumed 1828055780043031:1:BIOME_PICK:9700065",
    "wave 56 turn 1: replay guest crossed cmd:56:1 through real public COMMAND=opened",
    "wave 56: BIOME 18->8",
    "wave 56: host slot move=85 guest slot move=247",
    "wave 56 turn 1: progress enemyHp=[99:0/123,747:100/100] playerHp=[890:2065/2065,150:1718/1725]",
    "wave 56 turn 2: replay guest crossed cmd:56:2 through real public COMMAND=opened",
    "wave 56: reward shop owner=host leave",
    "wave 57 turn 1: replay guest crossed cmd:57:1 through real public COMMAND=opened",
    "wave 57: host slot move=53 guest slot move=34",
    "wave 57 turn 1: progress enemyHp=[978:0/103,99:0/111] playerHp=[890:2065/2065,150:1718/1725]",
    "wave 57: reward shop owner=guest leave",
    "wave 58 turn 1: replay guest crossed cmd:58:1 through real public COMMAND=opened",
    "wave 58: host slot move=247 guest slot move=85",
    "wave 58 turn 1: progress enemyHp=[692:0/108,90:1/84] playerHp=[890:2065/2065,150:1718/1725]",
    "wave 58 turn 2: replay guest crossed cmd:58:2 through real public COMMAND=opened",
    "wave 58 turn 2: host SWITCH -> party[2]",
    "wave 58 turn 2: guest SWITCH -> party[3]",
    "wave 58 turn 3: replay guest crossed cmd:58:3 through real public COMMAND=opened",
    "wave 58 turn 3: host SWITCH -> party[2]",
    "wave 58: reward shop owner=host take-nonparty",
    "wave 59 turn 1: replay guest crossed cmd:59:1 through real public COMMAND=opened",
    "wave 59: host slot move=34 guest slot move=53",
    "wave 59 turn 1: progress enemyHp=[689:0/114,99:0/123] playerHp=[890:2065/2065,384:1715/1715]",
    "wave 59: reward shop owner=guest take-nonparty",
    "wave 60 turn 1: replay guest crossed cmd:60:1 through real public COMMAND=opened",
    "wave 60: TRAINER (random)",
    "wave 60: host slot move=85 guest slot move=247",
    "wave 60 turn 1: progress enemyHp=[279:0/115,10075:0/123] playerHp=[890:2065/2065,384:1715/1715]",
    "wave 60 turn 2: replay guest crossed cmd:60:2 through real public COMMAND=opened",
    "wave 60: biome market owner=host leave",
    "wave 60: drained 1 milestone reward continuation(s)",
    "wave 60: guest chose Crossroads Leave through public UI",
    "wave 60: guest drove World Map via public UI=true and both consumed 1828055780043031:1:BIOME_PICK:9700071",
    "wave 61 turn 1: replay guest crossed cmd:61:1 through real public COMMAND=opened",
    "wave 61: BIOME 8->6",
    "wave 61: host slot move=53 guest slot move=34",
    "wave 61 turn 1: progress enemyHp=[687:0/131,73:0/132] playerHp=[890:2065/2065,384:1715/1715]",
    "wave 61: reward shop owner=host leave",
    "wave 62 turn 1: replay guest crossed cmd:62:1 through real public COMMAND=opened",
    "wave 62: TRAINER (fixed)",
    "wave 62 turn 1: host SWITCH -> party[2]",
    "wave 62: host slot move=247 guest slot move=85",
    "wave 62 turn 1: progress enemyHp=[324:126/126,262:0/126] playerHp=[493:1865/1865,384:1710/1715]",
    "wave 62 turn 2: replay guest crossed cmd:62:2 through real public COMMAND=opened",
    "wave 62: reward shop owner=guest leave",
    "wave 63 turn 1: replay guest crossed cmd:63:1 through real public COMMAND=opened",
    "wave 63: host slot move=34 guest slot move=53",
    "wave 63 turn 1: progress enemyHp=[687:0/143,73:0/123] playerHp=[493:1865/1865,384:1710/1715]",
    "wave 63: reward shop owner=host leave",
    "wave 64 turn 1: replay guest crossed cmd:64:1 through real public COMMAND=opened",
    "wave 64: TRAINER (fixed)",
    "wave 64 turn 1: host SWITCH -> party[2]",
    "wave 64: host slot move=247 guest slot move=53",
    "wave 64 turn 1: progress enemyHp=[344:131/131,264:0/139] playerHp=[890:2065/2065,384:1706/1715]",
    "wave 64 turn 2: replay guest crossed cmd:64:2 through real public COMMAND=opened",
    "wave 64: reward shop owner=guest leave",
    "wave 65 turn 1: replay guest crossed cmd:65:1 through real public COMMAND=opened",
    "wave 65: host slot move=53 guest slot move=34",
    "wave 65 turn 1: progress enemyHp=[320:0/170,687:0/143] playerHp=[890:2065/2065,384:1698/1715]",
    "wave 65: reward shop owner=host leave",
    "wave 66 turn 1: replay guest crossed cmd:66:1 through real public COMMAND=opened",
    "wave 66: TRAINER (fixed)",
    "wave 66: host slot move=247 guest slot move=34",
    "wave 66 turn 1: progress enemyHp=[232:0/164,851:0/174] playerHp=[890:2065/2065,384:1698/1715]",
    "wave 66 turn 2: replay guest crossed cmd:66:2 through real public COMMAND=opened",
    "wave 66 turn 3: replay guest crossed cmd:66:3 through real public COMMAND=opened",
    "wave 66 turn 3: host SWITCH -> party[2]",
    "wave 66 turn 4: replay guest crossed cmd:66:4 through real public COMMAND=opened",
    "wave 66: reward shop owner=guest take-nonparty",
    "wave 67 turn 1: replay guest crossed cmd:67:1 through real public COMMAND=opened",
    "wave 67 turn 1: host SWITCH -> party[2]",
    "wave 67: host slot move=34 guest slot move=53",
    "wave 67 turn 1: progress enemyHp=[395:141/141,129:0/86] playerHp=[890:2065/2065,384:1692/1715]",
    "wave 67 turn 2: replay guest crossed cmd:67:2 through real public COMMAND=opened",
    "wave 67: reward shop owner=host leave",
    "wave 68 turn 1: replay guest crossed cmd:68:1 through real public COMMAND=opened",
    "wave 68: host slot move=85 guest slot move=247",
    "wave 68 turn 1: guest SWITCH -> party[3]",
    "wave 68 turn 1: progress enemyHp=[73:0/135,321:208/208] playerHp=[890:2065/2065,150:1725/1725]",
    "wave 68 turn 2: replay guest crossed cmd:68:2 through real public COMMAND=opened",
    "wave 68: reward shop owner=guest take-nonparty",
    "wave 69 turn 1: replay guest crossed cmd:69:1 through real public COMMAND=opened",
    "wave 69: host slot move=53 guest slot move=34",
    "wave 69 turn 1: progress enemyHp=[73:0/152,321:0/217] playerHp=[890:2065/2065,150:1725/1725]",
    "wave 69: reward shop owner=host leave",
    "wave 70 turn 1: replay guest crossed cmd:70:1 through real public COMMAND=opened",
    "wave 70: host slot move=247 guest slot move=85",
    "wave 70 turn 1: progress enemyHp=[395:0/171,419:0/181] playerHp=[890:2065/2065,150:1725/1725]",
    "wave 70: biome market owner=guest leave",
    "wave 70: drained 1 milestone reward continuation(s)",
    "wave 70: host chose Crossroads Leave through public UI",
    "wave 70: host drove World Map via public UI=true and both consumed 1828055780043031:0:BIOME_PICK:9700082",
    "wave 71 turn 1: replay guest crossed cmd:71:1 through real public COMMAND=opened",
    "wave 71: BIOME 6->10",
    "wave 71: host slot move=34 guest slot move=53",
    "wave 71 turn 1: progress enemyHp=[222:10/148,224:0/150] playerHp=[890:2065/2065,150:1725/1725]",
    "wave 71 turn 2: replay guest crossed cmd:71:2 through real public COMMAND=opened",
    "wave 71: reward shop owner=guest take-nonparty",
    "wave 72 turn 1: replay guest crossed cmd:72:1 through real public COMMAND=opened",
    "wave 72: host slot move=85 guest slot move=247",
    "wave 72 turn 1: progress enemyHp=[224:0/139,367:130/130] playerHp=[890:2065/2065,150:1725/1725]",
    "wave 72 turn 2: replay guest crossed cmd:72:2 through real public COMMAND=opened",
    "wave 72: reward shop owner=host leave",
    "wave 73 turn 1: replay guest crossed cmd:73:1 through real public COMMAND=opened",
    "wave 73: host slot move=53 guest slot move=34",
    "wave 73 turn 1: progress enemyHp=[224:0/150,691:0/166] playerHp=[890:2065/2065,150:1725/1725]",
    "wave 73: reward shop owner=guest leave",
    "wave 74 turn 1: replay guest crossed cmd:74:1 through real public COMMAND=opened",
    "wave 74: host slot move=53 guest slot move=85",
    "wave 74 turn 1: progress enemyHp=[984:0/197,367:1/125] playerHp=[890:2065/2065,150:1503/1725]",
    "wave 74 turn 2: replay guest crossed cmd:74:2 through real public COMMAND=opened",
    "wave 74: reward shop owner=host leave",
    "wave 74: drained 1 milestone reward continuation(s)",
    "wave 75 turn 1: replay guest crossed cmd:75:1 through real public COMMAND=opened",
    "wave 75 turn 1: host SWITCH -> party[2]",
    "wave 75: host slot move=34 guest slot move=85",
    "wave 75 turn 1: progress enemyHp=[224:158/158,593:0/191] playerHp=[493:1865/1865,150:1503/1725]",
    "wave 75 turn 2: replay guest crossed cmd:75:2 through real public COMMAND=opened",
    "wave 75: reward shop owner=guest take-nonparty",
    "wave 75: host chose Crossroads Leave through public UI",
    "wave 75: host drove World Map via public UI=true and both consumed 1828055780043031:0:BIOME_PICK:9700088",
    "wave 76 turn 1: replay guest crossed cmd:76:1 through real public COMMAND=opened",
    "wave 76: BIOME 10->13",
    "wave 76: TRAINER (random)",
    "wave 76: DIGEST mismatch @wave-start class=unexpected fields=[field] -> one-heal resync"
  ]
}