{
  "invariant": "digest",
  "seed": 20260728,
  "wave": 31,
  "detail": "field - field: host=[{\"bi\":0,\"partyIndex\":0,\"speciesId\":143,\"hp\":303,\"maxHp\":303,\"status\":0,\"statStages\":[0,0,0,0,0,0,0],\"fainted\":false,\"abilityId\":5031,\"formIndex\":0,\"isTerastallized\":false,\"teraType\":0,\"bossSegments\":0,\"bossSegmentIndex\":0,\"moves\":[[153,0],[247,0],[53,0],[85,0]],\"tags\":[\"ER_ITEM_DISABLED\"],\"transformSpeciesId\":0,\"transformFormIndex\":0},{\"bi\":1,\"partyIndex\":1,\"speciesId\":94,\"hp\":179,\"maxHp\":179,\"status\":0,\"statStages\":[0,0,0,0,0,0,0],\"fainted\":false,\"abilityId\":5014,\"formIndex\":0,\"isTerastallized\":false,\"teraType\":7,\"bossSegments\":0,\"bossSegmentIndex\":0,\"moves\":[[153,0],[247,0],[53,0],[85,0]],\"tags\":[\"ER_ITEM_DISABLED\"],\"transformSpeciesId\":0,\"transformFormIndex\":0},{\"bi\":2,\"partyIndex\":0,\"speciesId\":433,\"hp\":51,\"maxHp\":51,\"status\":0,\"statStages\":[0,0,0,0,0,0,0],\"fainted\":false,\"abilityId\":5025,\"formIndex\":0,\"isTerastallized\":false,\"teraType\":13,\"bossSegments\":1,\"bossSegmentIndex\":0,\"moves\":[[93,0],[281,0],[35,0],[215,0]],\"tags\":[],\"transformSpeciesId\":0,\"transformFormIndex\":0},{\"bi\":3,\"partyIndex\":1,\"speciesId\":679,\"hp\":58,\"maxHp\":58,\"status\":0,\"statStages\":[0,0,0,0,0,0,0],\"fainted\":false,\"abilityId\":119,\"formIndex\":0,\"isTerastallized\":false,\"teraType\":8,\"bossSegments\":2,\"bossSegmentIndex\":1,\"moves\":[[360,0],[159,0],[5041,0],[280,0]],\"tags\":[],\"transformSpeciesId\":0,\"transformFormIndex\":0}] guest=[{\"bi\":0,\"partyIndex\":0,\"speciesId\":143,\"hp\":303,\"maxHp\":303,\"status\":0,\"statStages\":[0,0,0,0,0,0,0],\"fainted\":false,\"abilityId\":5031,\"formIndex\":0,\"isTerastallized\":false,\"teraType\":0,\"bossSegments\":0,\"bossSegmentIndex\":0,\"moves\":[[153,0],[247,0],[53,0],[85,0]],\"tags\":[\"ER_ITEM_DISABLED\"],\"transformSpeciesId\":0,\"transformFormIndex\":0},{\"bi\":1,\"partyIndex\":1,\"speciesId\":94,\"hp\":179,\"maxHp\":179,\"status\":0,\"statStages\":[0,0,0,0,0,0,0],\"fainted\":false,\"abilityId\":5014,\"formIndex\":0,\"isTerastallized\":false,\"teraType\":7,\"bossSegments\":0,\"bossSegmentIndex\":0,\"moves\":[[153,0],[247,0],[53,0],[85,0]],\"tags\":[\"ER_ITEM_DISABLED\"],\"transformSpeciesId\":0,\"transformFormIndex\":0},{\"bi\":2,\"partyIndex\":0,\"speciesId\":433,\"hp\":51,\"maxHp\":51,\"status\":0,\"statStages\":[0,0,0,0,0,0,0],\"fainted\":false,\"abilityId\":5025,\"formIndex\":0,\"isTerastallized\":false,\"teraType\":13,\"bossSegments\":1,\"bossSegmentIndex\":0,\"moves\":[[93,0],[281,0],[35,0],[215,0]],\"tags\":[],\"transformSpeciesId\":0,\"transformFormIndex\":0},{\"bi\":3,\"partyIndex\":1,\"speciesId\":679,\"hp\":56,\"maxHp\":56,\"status\":0,\"statStages\":[0,0,0,0,0,0,0],\"fainted\":false,\"abilityId\":119,\"formIndex\":0,\"isTerastallized\":false,\"teraType\":8,\"bossSegments\":2,\"bossSegmentIndex\":1,\"moves\":[[360,0],[159,0],[5041,0],[280,0]],\"tags\":[],\"transformSpeciesId\":0,\"transformFormIndex\":0}]",
  "replay": "SOAK_SEED=20260728",
  "phaseState": null,
  "actionScript": [
    "SKIP mysteryEncounterDisabledV1",
    "content seed=coop-soak-20260728 preseeded=false",
    "wave 1 turn 1: replay guest crossed cmd:1:1 through real public COMMAND=opened",
    "wave 1: host slot move=85 guest slot move=85",
    "wave 1 turn 1: progress enemyHp=[16:0/14,263:0/14] playerHp=[143:303/303,94:179/179]",
    "wave 1: reward shop owner=host leave",
    "wave 2 turn 1: replay guest crossed cmd:2:1 through real public COMMAND=opened",
    "wave 2 turn 1: staged guest-owned lead at 1 HP on both engines",
    "wave 2 turn 1: host SWITCH -> party[2]",
    "wave 2: host slot move=85 guest slot move=85",
    "wave 2 turn 1: forced-faint guest EXPLOSION self-KO",
    "wave 2 turn 1: progress enemyHp=[10:0/14,69:0/18] playerHp=[149:135/213,94:0/179]",
    "wave 2: reward shop owner=guest leave",
    "wave 2: guest drove retained replacement party[3] through public PARTY UI",
    "wave 3 turn 1: replay guest crossed cmd:3:1 through real public COMMAND=opened",
    "wave 3: host slot move=85 guest slot move=85",
    "wave 3 turn 1: progress enemyHp=[16:0/16,263:0/16] playerHp=[149:135/213,248:225/225]",
    "wave 3: reward shop owner=host take-nonparty",
    "wave 4 turn 1: replay guest crossed cmd:4:1 through real public COMMAND=opened",
    "wave 4: host slot move=53 guest slot move=247",
    "wave 4 turn 1: guest SWITCH -> party[5]",
    "wave 4 turn 1: progress enemyHp=[270:0/18,191:17/17] playerHp=[149:135/213,445:235/235]",
    "wave 4 turn 2: replay guest crossed cmd:4:2 through real public COMMAND=opened",
    "wave 4 turn 2: guest SWITCH -> party[5]",
    "wave 4: reward shop owner=guest leave",
    "wave 5 turn 1: replay guest crossed cmd:5:1 through real public COMMAND=opened",
    "wave 5: TRAINER (fixed)",
    "wave 5: host slot move=247 guest slot move=85",
    "wave 5 turn 1: progress enemyHp=[265:0/18,263:0/18] playerHp=[149:135/213,248:225/225]",
    "wave 5: reward shop owner=host take-nonparty",
    "wave 5: guest chose Crossroads Leave through public UI",
    "wave 5: guest drove World Map via public UI=true and both consumed 1828055788029604:1:BIOME_PICK:9700005",
    "wave 6 turn 1: replay guest crossed cmd:6:1 through real public COMMAND=opened",
    "wave 6: BIOME 0->1",
    "wave 6: host slot move=53 guest slot move=53",
    "wave 6 turn 1: progress enemyHp=[519:0/20,819:0/20] playerHp=[149:132/213,248:225/225]",
    "wave 6: reward shop owner=host leave",
    "wave 7 turn 1: replay guest crossed cmd:7:1 through real public COMMAND=opened",
    "wave 7 turn 1: host SWITCH -> party[2]",
    "wave 7: host slot move=85 guest slot move=85",
    "wave 7 turn 1: progress enemyHp=[734:21/21,915:0/21] playerHp=[143:152/303,248:225/225]",
    "wave 7 turn 2: replay guest crossed cmd:7:2 through real public COMMAND=opened",
    "wave 7: reward shop owner=guest leave",
    "wave 8 turn 1: replay guest crossed cmd:8:1 through real public COMMAND=opened",
    "wave 8: TRAINER (fixed)",
    "wave 8: host slot move=53 guest slot move=53",
    "wave 8 turn 1: progress enemyHp=[155:0/25,731:0/22] playerHp=[143:150/303,248:225/225]",
    "wave 8: reward shop owner=host take-nonparty",
    "wave 9 turn 1: replay guest crossed cmd:9:1 through real public COMMAND=opened",
    "wave 9: host slot move=85 guest slot move=85",
    "wave 9 turn 1: progress enemyHp=[263:0/22,519:0/28] playerHp=[143:150/303,248:225/225]",
    "wave 9: reward shop owner=guest take-nonparty",
    "wave 10 turn 1: replay guest crossed cmd:10:1 through real public COMMAND=opened",
    "wave 10 turn 1: host SWITCH -> party[2]",
    "wave 10: host slot move=85 guest slot move=53",
    "wave 10 turn 1: progress enemyHp=[744:25/25,263:0/26] playerHp=[149:132/213,248:221/225]",
    "wave 10 turn 2: replay guest crossed cmd:10:2 through real public COMMAND=opened",
    "wave 10: biome market owner=host leave",
    "wave 10: drained 1 milestone reward continuation(s)",
    "wave 10: guest chose Crossroads Leave through public UI",
    "wave 10: guest drove World Map via public UI=true and both consumed 1828055788029604:1:BIOME_PICK:9700011",
    "wave 11 turn 1: replay guest crossed cmd:11:1 through real public COMMAND=opened",
    "wave 11: BIOME 1->2",
    "wave 11: host slot move=53 guest slot move=85",
    "wave 11 turn 1: progress enemyHp=[543:0/25,548:0/27] playerHp=[149:213/213,248:225/225]",
    "wave 11: reward shop owner=host take-nonparty",
    "wave 12 turn 1: replay guest crossed cmd:12:1 through real public COMMAND=opened",
    "wave 12: host slot move=53 guest slot move=247",
    "wave 12 turn 1: progress enemyHp=[268:0/28,268:0/28] playerHp=[149:213/213,248:225/225]",
    "wave 12: reward shop owner=guest take-nonparty",
    "wave 13 turn 1: replay guest crossed cmd:13:1 through real public COMMAND=opened",
    "wave 13: host slot move=53 guest slot move=53",
    "wave 13 turn 1: progress enemyHp=[285:0/30,548:0/27] playerHp=[149:213/213,248:225/225]",
    "wave 13: reward shop owner=host take-nonparty",
    "wave 14 turn 1: replay guest crossed cmd:14:1 through real public COMMAND=opened",
    "wave 14: host slot move=85 guest slot move=53",
    "wave 14 turn 1: guest SWITCH -> party[3]",
    "wave 14 turn 1: progress enemyHp=[543:0/27,108:34/34] playerHp=[149:213/213,94:179/179]",
    "wave 14 turn 2: replay guest crossed cmd:14:2 through real public COMMAND=opened",
    "wave 14: reward shop owner=guest take-nonparty",
    "wave 15 turn 1: replay guest crossed cmd:15:1 through real public COMMAND=opened",
    "wave 15: host slot move=247 guest slot move=53",
    "wave 15 turn 1: progress enemyHp=[548:0/32,543:0/29] playerHp=[149:213/213,94:179/179]",
    "wave 15: reward shop owner=host leave",
    "wave 15: guest chose Crossroads Leave through public UI",
    "wave 15: guest drove World Map via public UI=true and both consumed 1828055788029604:1:BIOME_PICK:9700017",
    "wave 16 turn 1: replay guest crossed cmd:16:1 through real public COMMAND=opened",
    "wave 16: BIOME 2->3",
    "wave 16: host slot move=53 guest slot move=247",
    "wave 16 turn 1: progress enemyHp=[753:0/33,37:0/32] playerHp=[149:212/213,94:179/179]",
    "wave 16: reward shop owner=host leave",
    "wave 17 turn 1: replay guest crossed cmd:17:1 through real public COMMAND=opened",
    "wave 17: host slot move=247 guest slot move=85",
    "wave 17 turn 1: guest SWITCH -> party[3]",
    "wave 17 turn 1: progress enemyHp=[665:0/34,401:34/34] playerHp=[149:212/213,248:225/225]",
    "wave 17 turn 2: replay guest crossed cmd:17:2 through real public COMMAND=opened",
    "wave 17 turn 2: guest SWITCH -> party[3]",
    "wave 17: reward shop owner=guest leave",
    "wave 18 turn 1: replay guest crossed cmd:18:1 through real public COMMAND=opened",
    "wave 18 turn 1: host SWITCH -> party[2]",
    "wave 18: host slot move=85 guest slot move=53",
    "wave 18 turn 1: progress enemyHp=[46:34/34,401:0/32] playerHp=[143:303/303,94:179/179]",
    "wave 18 turn 2: replay guest crossed cmd:18:2 through real public COMMAND=opened",
    "wave 18: reward shop owner=host leave",
    "wave 19 turn 1: replay guest crossed cmd:19:1 through real public COMMAND=opened",
    "wave 19: host slot move=247 guest slot move=247",
    "wave 19 turn 1: progress enemyHp=[665:0/34,919:0/31] playerHp=[143:303/303,94:179/179]",
    "wave 19: reward shop owner=guest take-nonparty",
    "wave 20 turn 1: replay guest crossed cmd:20:1 through real public COMMAND=opened",
    "wave 20: host slot move=53 guest slot move=53",
    "wave 20 turn 1: progress enemyHp=[402:0/49,820:0/58] playerHp=[143:303/303,94:179/179]",
    "wave 20: biome market owner=host leave",
    "wave 20: drained 1 milestone reward continuation(s)",
    "wave 20: guest chose Crossroads Leave through public UI",
    "wave 20: guest drove World Map via public UI=true and both consumed 1828055788029604:1:BIOME_PICK:9700023",
    "wave 21 turn 1: replay guest crossed cmd:21:1 through real public COMMAND=opened",
    "wave 21: BIOME 3->5",
    "wave 21 turn 1: host SWITCH -> party[2]",
    "wave 21: host slot move=247 guest slot move=247",
    "wave 21 turn 1: progress enemyHp=[917:36/36,163:0/42] playerHp=[149:213/213,94:179/179]",
    "wave 21 turn 2: replay guest crossed cmd:21:2 through real public COMMAND=opened",
    "wave 21: reward shop owner=host take-nonparty",
    "wave 22 turn 1: replay guest crossed cmd:22:1 through real public COMMAND=opened",
    "wave 22: host slot move=247 guest slot move=247",
    "wave 22 turn 1: progress enemyHp=[412:0/43,543:0/36] playerHp=[149:213/213,94:179/179]",
    "wave 22: reward shop owner=guest leave",
    "wave 23 turn 1: replay guest crossed cmd:23:1 through real public COMMAND=opened",
    "wave 23: host slot move=85 guest slot move=85",
    "wave 23 turn 1: progress enemyHp=[543:0/38,273:0/41] playerHp=[149:213/213,94:179/179]",
    "wave 23: reward shop owner=host leave",
    "wave 24 turn 1: replay guest crossed cmd:24:1 through real public COMMAND=opened",
    "wave 24: host slot move=85 guest slot move=53",
    "wave 24 turn 1: progress enemyHp=[919:41/41,216:0/47] playerHp=[149:213/213,94:179/179]",
    "wave 24 turn 2: replay guest crossed cmd:24:2 through real public COMMAND=opened",
    "wave 24: reward shop owner=guest take-nonparty",
    "wave 25 turn 1: replay guest crossed cmd:25:1 through real public COMMAND=opened",
    "wave 25: TRAINER (fixed)",
    "wave 25 turn 1: host SWITCH -> party[2]",
    "wave 25: host slot move=53 guest slot move=85",
    "wave 25 turn 1: progress enemyHp=[156:56/56,732:0/50] playerHp=[143:295/303,94:179/179]",
    "wave 25 turn 2: replay guest crossed cmd:25:2 through real public COMMAND=opened",
    "wave 25: reward shop owner=host leave",
    "wave 25: guest chose Crossroads Leave through public UI",
    "wave 25: guest drove World Map via public UI=true and both consumed 1828055788029604:1:BIOME_PICK:9700029",
    "wave 26 turn 1: replay guest crossed cmd:26:1 through real public COMMAND=opened",
    "wave 26: BIOME 5->27",
    "wave 26: host slot move=53 guest slot move=85",
    "wave 26 turn 1: progress enemyHp=[114:0/56,674:0/57] playerHp=[143:303/303,94:179/179]",
    "wave 26: reward shop owner=host take-nonparty",
    "wave 27 turn 1: replay guest crossed cmd:27:1 through real public COMMAND=opened",
    "wave 27: host slot move=53 guest slot move=85",
    "wave 27 turn 1: guest SWITCH -> party[3]",
    "wave 27 turn 1: progress enemyHp=[509:0/48,190:58/58] playerHp=[143:303/303,248:225/225]",
    "wave 27 turn 2: replay guest crossed cmd:27:2 through real public COMMAND=opened",
    "wave 27: reward shop owner=guest leave",
    "wave 28 turn 1: replay guest crossed cmd:28:1 through real public COMMAND=opened",
    "wave 28: host slot move=247 guest slot move=85",
    "wave 28 turn 1: progress enemyHp=[513:0/53,167:0/52] playerHp=[143:303/303,248:225/225]",
    "wave 28: reward shop owner=host leave",
    "wave 29 turn 1: replay guest crossed cmd:29:1 through real public COMMAND=opened",
    "wave 29: host slot move=53 guest slot move=247",
    "wave 29 turn 1: progress enemyHp=[510:0/64,509:0/52] playerHp=[143:303/303,248:225/225]",
    "wave 29: reward shop owner=guest take-nonparty",
    "wave 30 turn 1: replay guest crossed cmd:30:1 through real public COMMAND=opened",
    "wave 30: TRAINER (random)",
    "wave 30: host slot move=85 guest slot move=85",
    "wave 30 turn 1: progress enemyHp=[69:0/64,188:0/60] playerHp=[143:303/303,248:225/225]",
    "wave 30 turn 2: replay guest crossed cmd:30:2 through real public COMMAND=opened",
    "wave 30 turn 2: guest SWITCH -> party[3]",
    "wave 30: biome market owner=host leave",
    "wave 30: drained 1 milestone reward continuation(s)",
    "wave 30: guest chose Crossroads Leave through public UI",
    "wave 30: guest drove World Map via public UI=true and both consumed 1828055788029604:1:BIOME_PICK:9700035",
    "wave 31 turn 1: replay guest crossed cmd:31:1 through real public COMMAND=opened",
    "wave 31: BIOME 27->29",
    "wave 31: DIGEST mismatch @wave-start class=unexpected fields=[field] -> one-heal resync"
  ]
}