===== COOP SOAK RESULT =====
profile: god-c
verdict: FAIL
waves_requested: 200
run_mode: calibrated-release
calibration_id: god-200
target_sha: f505383c4ff57b4192b4afd6514962bd1688f2a3
checked_out_sha: f505383c4ff57b4192b4afd6514962bd1688f2a3
base_seed: 20260728
campaign_seed: 20470487
run: 30327843809 (workflow source f505383c4ff57b4192b4afd6514962bd1688f2a3)
timestamp: 2026-07-28T04-27-03Z

----- driver lines -----
[22m[39m[coop-soak] SEED=20470487 WAVES=200 - replay this run with:  SOAK_SEED=20470487 SOAK_WAVES=200 ER_SCENARIO=1 npx vitest run test/tests/elite-redux/coop/coop-soak.test.ts
[22m[39m[coop-soak] PRE-HEAL unexpected wave=114 where=wave-start fields=[field] :: field:host=[{"bi":0,"partyIndex":0,"speciesId":890,"hp":1599,"maxHp":2065,"status":0,"statStages":[0,0,0,0,-1,0,0],"fainted":false,"abilityId":5258,"formIndex":0,"isTerastallized":false,"teraType":3,"bossSegments":0,"bossSegmentIndex":0,"moves":[[34,0],[247,0],[53,0],[85,0]],"tags":["ER_ENRAGE"],"transformSpeciesId":0,"transformFormIndex":0},{"bi":1,"partyIndex":1,"speciesId":384,"hp":1608,"maxHp":1715,"status":0,"statStages":[0,0,0,0,0,0,0],"fainted":false,"abilityId":5144,"formIndex":0,"isTerastallized":false,"teraType":15,"bossSegments":0,"bossSegmentIndex":0,"moves":[[34,0],[247,0],[53,0],[85,0]],"tags":[],"transformSpeciesId":0,"transformFormIndex":0},{"bi":2,"partyIndex":0,"speciesId":4555,"hp":345,"maxHp":345,"status":0,"statStages":[-1,0,-1,0,-1,0,0],"fainted":false,"abilityId":46,"formIndex":0,"isTerastallized":false,"teraType":14,"bossSegments":0,"bossSegmentIndex":0,"moves":[[665,0],[5100,0],[227,0],[881,0]],"tags":[],"transformSpeciesId":0,"transformFormIndex":0},{"bi":3,"partyIndex":1,"speciesId":571,"hp":243,"maxHp":243,"status":0,"statStages":[-1,0,-1,0,3,0,0],"fainted":false,"abilityId":194,"formIndex":0,"isTerastallized":false,"teraType":16,"bossSegments":0,"bossSegmentIndex":0,"moves":[[808,0],[585,0],[184,0],[252,0]],"tags":[],"transformSpeciesId":0,"transformFormIndex":0}]/guest=[{"bi":0,"partyIndex":0,"speciesId":890,"hp":1599,"maxHp":2065,"status":0,"statStages":[0,0,2,0,-1,0,0],"fainted":false,"abilityId":5258,"formIndex":0,"isTerastallized":false,"teraType":3,"bossSegments":0,"bossSegmentIndex":0,"moves":[[34,0],[247,0],[53,0],[85,0]],"tags":["ER_ENRAGE"],"transformSpeciesId":0,"transformFormIndex":0},{"bi":1,"partyIndex":1,"speciesId":384,"hp":1608,"maxHp":1715,"status":0,"statStages":[0,0,0,0,0,0,0],"fainted":false,"abilityId":5144,"formIndex":0,"isTerastallized":false,"teraType":15,"bossSegments":0,"bossSegmentIndex":0,"moves":[[34,0],[247,0],[53,0],[85,0]],"tags":[],"transformSpeciesId":0,"transformFormIndex":0},{"bi":2,"partyIndex":0,"speciesId":4555,"hp":345,"maxHp":345,"status":0,"statStages":[-1,0,-1,0,-1,0,0],"fainted":false,"abilityId":46,"formIndex":0,"isTerastallized":false,"teraType":14,"bossSegments":0,"bossSegmentIndex":0,"moves":[[665,0],[5100,0],[227,0],[881,0]],"tags":[],"transformSpeciesId":0,"transformFormIndex":0},{"bi":3,"partyIndex":1,"speciesId":571,"hp":243,"maxHp":243,"status":0,"statStages":[-1,0,-1,0,3,0,0],"fainted":false,"abilityId":194,"formIndex":0,"isTerastallized":false,"teraType":16,"bossSegments":0,"bossSegmentIndex":0,"moves":[[808,0],[585,0],[184,0],[252,0]],"tags":[],"transformSpeciesId":0,"transformFormIndex":0}]
[22m[39m[coop-soak] FINDING wave 114 @wave-start (seed 20470487): persistent DIGEST divergence [field] - field: host=[{"bi":0,"partyIndex":0,"speciesId":890,"hp":1599,"maxHp":2065,"status":0,"statStages":[0,0,0,0,-1,0,0],"fainted":false,"abilityId":5258,"formIndex":0,"isTerastallized":false,"teraType":3,"bossSegments":0,"bossSegmentIndex":0,"moves":[[34,0],[247,0],[53,0],[85,0]],"tags":["ER_ENRAGE"],"transformSpeciesId":0,"transformFormIndex":0},{"bi":1,"partyIndex":1,"speciesId":384,"hp":1608,"maxHp":1715,"status":0,"statStages":[0,0,0,0,0,0,0],"fainted":false,"abilityId":5144,"formIndex":0,"isTerastallized":false,"teraType":15,"bossSegments":0,"bossSegmentIndex":0,"moves":[[34,0],[247,0],[53,0],[85,0]],"tags":[],"transformSpeciesId":0,"transformFormIndex":0},{"bi":2,"partyIndex":0,"speciesId":4555,"hp":345,"maxHp":345,"status":0,"statStages":[-1,0,-1,0,-1,0,0],"fainted":false,"abilityId":46,"formIndex":0,"isTerastallized":false,"teraType":14,"bossSegments":0,"bossSegmentIndex":0,"moves":[[665,0],[5100,0],[227,0],[881,0]],"tags":[],"transformSpeciesId":0,"transformFormIndex":0},{"bi":3,"partyIndex":1,"speciesId":571,"hp":243,"maxHp":243,"status":0,"statStages":[-1,0,-1,0,3,0,0],"fainted":false,"abilityId":194,"formIndex":0,"isTerastallized":false,"teraType":16,"bossSegments":0,"bossSegmentIndex":0,"moves":[[808,0],[585,0],[184,0],[252,0]],"tags":[],"transformSpeciesId":0,"transformFormIndex":0}] guest=[{"bi":0,"partyIndex":0,"speciesId":890,"hp":1599,"maxHp":2065,"status":0,"statStages":[0,0,2,0,-1,0,0],"fainted":false,"abilityId":5258,"formIndex":0,"isTerastallized":false,"teraType":3,"bossSegments":0,"bossSegmentIndex":0,"moves":[[34,0],[247,0],[53,0],[85,0]],"tags":["ER_ENRAGE"],"transformSpeciesId":0,"transformFormIndex":0},{"bi":1,"partyIndex":1,"speciesId":384,"hp":1608,"maxHp":1715,"status":0,"statStages":[0,0,0,0,0,0,0],"fainted":false,"abilityId":5144,"formIndex":0,"isTerastallized":false,"teraType":15,"bossSegments":0,"bossSegmentIndex":0,"moves":[[34,0],[247,0],[53,0],[85,0]],"tags":[],"transformSpeciesId":0,"transformFormIndex":0},{"bi":2,"partyIndex":0,"speciesId":4555,"hp":345,"maxHp":345,"status":0,"statStages":[-1,0,-1,0,-1,0,0],"fainted":false,"abilityId":46,"formIndex":0,"isTerastallized":false,"teraType":14,"bossSegments":0,"bossSegmentIndex":0,"moves":[[665,0],[5100,0],[227,0],[881,0]],"tags":[],"transformSpeciesId":0,"transformFormIndex":0},{"bi":3,"partyIndex":1,"speciesId":571,"hp":243,"maxHp":243,"status":0,"statStages":[-1,0,-1,0,3,0,0],"fainted":false,"abilityId":194,"formIndex":0,"isTerastallized":false,"teraType":16,"bossSegments":0,"bossSegmentIndex":0,"moves":[[808,0],[585,0],[184,0],[252,0]],"tags":[],"transformSpeciesId":0,"transformFormIndex":0}]
[31m[1mSoakInvariantError[22m: [coop-soak] NO-PARK invariant breached at wave 140 (seed 20470487): wave crossing threw (strand/stall): Maximum call stack size exceeded. Artifact + both logs: /home/runner/work/elite-redux/elite-redux/dev-logs/coop-soak/2026-07-28T04-26-35-432Z__seed-20470487__wave-140. Replay: SOAK_SEED=20470487[39m

----- vitest result tail -----
[90m [2m❯[22m PlayerPokemon.getActiveAbilitySources src/field/pokemon.ts:[2m2902:17[22m[39m
[90m [2m❯[22m PlayerPokemon.hasAbilityWithAttr src/field/pokemon.ts:[2m3483:37[22m[39m
[90m [2m❯[22m src/field/pokemon.ts:[2m3404:18[22m[39m
[90m [2m❯[22m EnemyPokemon.canApplyAbility src/field/pokemon.ts:[2m3400:10[22m[39m

[31mThis error originated in "[1mtest/tests/elite-redux/coop/coop-soak.test.ts[22m" test file. It doesn't mean the error was thrown inside the file itself, but while it was running.[39m
[31mThe latest test that might've caused the error is "[1mplays a seeded randomized co-op run asserting DIGEST/LOCKSTEP/NO-PARK/TEARDOWN each wave[22m". It might mean one of the following:
- The error was thrown, while Vitest was running this test.
- If the error occurred after the test had been completed, this was the last documented test before it was thrown.[39m

[31m⎯⎯⎯⎯⎯[39m[1m[41m Uncaught Exception [49m[22m[31m⎯⎯⎯⎯⎯[39m
[31m[1mRangeError[22m: Maximum call stack size exceeded[39m
[36m [2m❯[22m EnemyPokemon.hasAbilityWithAttr src/field/pokemon.ts:[2m3482:10[22m[39m
    [90m3480|[39m    * @returns Whether this Pokemon has an ability with the given {@lin…
    [90m3481|[39m    */
    [90m3482|[39m   public hasAbilityWithAttr(attrType: AbAttrString, canApply = true, i…
    [90m   |[39m          [31m^[39m
    [90m3483|[39m     const sources = canApply ? this.getActiveAbilitySources(ignoreOver…
    [90m3484|[39m     return sources.some(source => source.ability.hasAttr(attrType));
[90m [2m❯[22m src/field/pokemon.ts:[2m3404:18[22m[39m
[90m [2m❯[22m PlayerPokemon.canApplyAbility src/field/pokemon.ts:[2m3400:10[22m[39m
[90m [2m❯[22m PlayerPokemon.collectAbilitySources src/field/pokemon.ts:[2m2858:29[22m[39m
[90m [2m❯[22m PlayerPokemon.getActiveAbilitySources src/field/pokemon.ts:[2m2902:17[22m[39m
[90m [2m❯[22m PlayerPokemon.hasAbilityWithAttr src/field/pokemon.ts:[2m3483:37[22m[39m
[90m [2m❯[22m src/field/pokemon.ts:[2m3404:18[22m[39m
[90m [2m❯[22m EnemyPokemon.canApplyAbility src/field/pokemon.ts:[2m3400:10[22m[39m

[31mThis error originated in "[1mtest/tests/elite-redux/coop/coop-soak.test.ts[22m" test file. It doesn't mean the error was thrown inside the file itself, but while it was running.[39m
[31mThe latest test that might've caused the error is "[1mplays a seeded randomized co-op run asserting DIGEST/LOCKSTEP/NO-PARK/TEARDOWN each wave[22m". It might mean one of the following:
- The error was thrown, while Vitest was running this test.
- If the error occurred after the test had been completed, this was the last documented test before it was thrown.[39m
[31m⎯⎯⎯⎯⎯⎯⎯⎯⎯⎯⎯⎯⎯⎯⎯⎯⎯⎯⎯⎯⎯⎯⎯⎯⎯⎯⎯⎯⎯⎯[39m


[2m Test Files [22m [1m[31m1 failed[39m[22m[90m (1)[39m
[2m      Tests [22m [1m[31m1 failed[39m[22m[2m | [22m[1m[32m1 passed[39m[22m[90m (2)[39m
[2m     Errors [22m [1m[31m5 errors[39m[22m
[2m   Start at [22m 04:10:50
[2m   Duration [22m 972.99s[2m (transform 21.44s, setup 25.96s, import 337ms, tests 945.84s, environment 695ms)[22m

