===== COOP SOAK RESULT =====
profile: god-c
verdict: FAIL
waves_requested: 200
run_mode: calibrated-release
calibration_id: god-200
target_sha: 5a3cd401243eb3f5f3f0d8e7b20588996741d7d9
checked_out_sha: 5a3cd401243eb3f5f3f0d8e7b20588996741d7d9
base_seed: 20260728
campaign_seed: 20470487
run: 30335798920 (workflow source 5a3cd401243eb3f5f3f0d8e7b20588996741d7d9)
timestamp: 2026-07-28T06-50-05Z

----- driver lines -----
[22m[39m[coop-soak] SEED=20470487 WAVES=200 - replay this run with:  SOAK_SEED=20470487 SOAK_WAVES=200 ER_SCENARIO=1 npx vitest run test/tests/elite-redux/coop/coop-soak.test.ts

----- vitest result tail -----
[38;2;0;60;189mUI mode changed from FIGHT (=3) to MESSAGE (=0)![39m

[90mstdout[2m | test/tests/elite-redux/coop/coop-soak.test.ts[2m:165:3[22m[2m[2m > [22m[2mNIGHTLY co-op SOAK: seeded randomized two-engine run (#841)[2m > [22m[2mplays a seeded randomized co-op run asserting DIGEST/LOCKSTEP/NO-PARK/TEARDOWN each wave
[22m[39m[32mStart Phase: SelectTargetPhase[39m
[38;2;0;60;189mUI mode changed from MESSAGE (=0) to TARGET_SELECT (=5)![39m

[90mstdout[2m | test/tests/elite-redux/coop/coop-soak.test.ts[2m:165:3[22m[2m[2m > [22m[2mNIGHTLY co-op SOAK: seeded randomized two-engine run (#841)[2m > [22m[2mplays a seeded randomized co-op run asserting DIGEST/LOCKSTEP/NO-PARK/TEARDOWN each wave
[22m[39m[38;2;0;60;189mUI mode changed from TARGET_SELECT (=5) to MESSAGE (=0)![39m
[coop:owner] broadcast own-slot fi=0 turn=1 role=host cmd=0
[coop:relay] broadcastLocalCommand SEND fieldIndex=0 owner=host turn=1 command=0 cursor=2 moveId=53 targets=[2]
[coop:transport] send host t=command fi=0 owner=host turn=1 cmd=0 cursor=2 move=53

[90mstdout[2m | test/tests/elite-redux/coop/coop-soak.test.ts[2m:165:3[22m[2m[2m > [22m[2mNIGHTLY co-op SOAK: seeded randomized two-engine run (#841)[2m > [22m[2mplays a seeded randomized co-op run asserting DIGEST/LOCKSTEP/NO-PARK/TEARDOWN each wave
[22m[39m[coop:transport] recv guest t=command fi=0 owner=host turn=1 cmd=0 cursor=2 move=53 handlers=1
[coop:relay] recv command fieldIndex=0 turn=1 command=0 -> BUFFERED (no awaiter yet)

[90mstdout[2m | test/tests/elite-redux/coop/coop-soak.test.ts[2m:165:3[22m[2m[2m > [22m[2mNIGHTLY co-op SOAK: seeded randomized two-engine run (#841)[2m > [22m[2mplays a seeded randomized co-op run asserting DIGEST/LOCKSTEP/NO-PARK/TEARDOWN each wave
[22m[39m[32mStart Phase: CommandPhase[39m
[coop:transport] send host t=enemyPartySync wave=49 enemies=2 battleType=0
[coop:replay] host RE-BROADCAST wave-start authority wave=49 after post-summon boundary stateChanged=true presentation=4 (#920)
[coop:battle] CommandPhase slot=1 turn=1 owner=guest role=host -> partner path
[38;2;0;60;189mUI mode changed from MESSAGE (=0) to MESSAGE (=0)![39m
[34mYour partner is choosing a move...[39m
[coop:relay] host requestPartnerCommand SEND fieldIndex=1 turn=1 moveSlots=[0,1,2,3] (awaiting peer)
[coop:transport] send host t=commandRequest fi=1 owner=guest turn=1 slots=4
[coop:transport] recv guest t=enemyPartySync wave=49 enemies=2 battleType=0 handlers=1
[coop:transport] recv guest t=commandRequest fi=1 owner=guest turn=1 slots=4 handlers=1
[coop:relay] peer recv commandRequest fieldIndex=1 owner=guest turn=1 moveSlots=[0,1,2,3] -> reply command=0 cursor=2 moveId=53
[coop:transport] send guest t=command fi=1 owner=guest turn=1 cmd=0 cursor=2 move=53

[90mstdout[2m | test/tests/elite-redux/coop/coop-soak.test.ts[2m:165:3[22m[2m[2m > [22m[2mNIGHTLY co-op SOAK: seeded randomized two-engine run (#841)[2m > [22m[2mplays a seeded randomized co-op run asserting DIGEST/LOCKSTEP/NO-PARK/TEARDOWN each wave
[22m[39m[coop:transport] recv host t=command fi=1 owner=guest turn=1 cmd=0 cursor=2 move=53 handlers=1
[coop:relay] recv command fieldIndex=1 turn=1 command=0 -> resolved awaiting request

[90mstdout[2m | test/tests/elite-redux/coop/coop-soak.test.ts[2m:165:3[22m[2m[2m > [22m[2mNIGHTLY co-op SOAK: seeded randomized two-engine run (#841)[2m > [22m[2mplays a seeded randomized co-op run asserting DIGEST/LOCKSTEP/NO-PARK/TEARDOWN each wave
[22m[39m[coop:ai] applyWiredPartnerCommand partner=150 wiredMoveId=53 cursor=2 -> moveId=53 moveIndex=2 tera=false targets=[3] targetsFrom=wire-verbatim useMode=1
Move: FLAMETHROWER Move targets: { multiple: false, targets: [ 3 ] } 
Player Pokemon: Mewtwo
[38;2;0;60;189mUI mode changed from MESSAGE (=0) to MESSAGE (=0)![39m

