{
  "invariant": "no-park",
  "seed": 206780945,
  "wave": 4,
  "detail": "wave crossing threw (strand/stall): [coop-soak] NO-PARK invariant breached at wave 4 (seed 206780945): replica did not retain authoritative command source 4:1 (kind=awaiting-source). Artifact + both logs: /home/runner/work/elite-redux/elite-redux/dev-logs/coop-soak/2026-07-28T07-42-19-263Z__seed-206780945__wave-4. Replay: SOAK_SEED=206780945",
  "replay": "SOAK_SEED=206780945",
  "phaseState": {
    "hostPhase": "CommandPhase",
    "guestPhase": "NewBattlePhase",
    "hostInteractionCounter": 3,
    "guestInteractionCounter": 3,
    "hostWave": 4,
    "hostBattleType": 0,
    "hostPlayerField": [
      {
        "id": 4002179179,
        "battlerIndex": -1,
        "speciesId": 493,
        "speciesName": "Arceus",
        "hp": 1865,
        "maxHp": 1865,
        "fainted": false,
        "status": 0,
        "statStages": [
          -1,
          0,
          0,
          0,
          0,
          0,
          0
        ],
        "moves": [
          {
            "id": 153,
            "ppUsed": 0
          },
          {
            "id": 247,
            "ppUsed": 0
          },
          {
            "id": 53,
            "ppUsed": 0
          },
          {
            "id": 85,
            "ppUsed": 0
          }
        ],
        "coopOwner": "host"
      },
      {
        "id": 2802075046,
        "battlerIndex": -1,
        "speciesId": 384,
        "speciesName": "Rayquaza",
        "hp": 675,
        "maxHp": 1715,
        "fainted": false,
        "status": 0,
        "statStages": [
          -1,
          0,
          0,
          0,
          0,
          0,
          0
        ],
        "moves": [
          {
            "id": 153,
            "ppUsed": 0
          },
          {
            "id": 247,
            "ppUsed": 0
          },
          {
            "id": 53,
            "ppUsed": 1
          },
          {
            "id": 85,
            "ppUsed": 0
          }
        ],
        "coopOwner": "guest"
      }
    ],
    "hostEnemyField": [
      {
        "id": 3596935181,
        "battlerIndex": -1,
        "speciesId": 509,
        "speciesName": "Purrloin",
        "hp": 18,
        "maxHp": 18,
        "fainted": false,
        "status": 0,
        "statStages": [
          0,
          0,
          0,
          0,
          0,
          0,
          0
        ],
        "moves": [
          {
            "id": 252,
            "ppUsed": 0
          },
          {
            "id": 98,
            "ppUsed": 0
          },
          {
            "id": 468,
            "ppUsed": 0
          },
          {
            "id": 495,
            "ppUsed": 0
          }
        ]
      },
      {
        "id": 3214907769,
        "battlerIndex": -1,
        "speciesId": 261,
        "speciesName": "Poochyena",
        "hp": 16,
        "maxHp": 16,
        "fainted": false,
        "status": 0,
        "statStages": [
          0,
          0,
          0,
          0,
          0,
          0,
          0
        ],
        "moves": [
          {
            "id": 46,
            "ppUsed": 0
          },
          {
            "id": 336,
            "ppUsed": 0
          },
          {
            "id": 316,
            "ppUsed": 0
          },
          {
            "id": 158,
            "ppUsed": 0
          }
        ]
      }
    ],
    "guestPlayerField": [
      {
        "id": 1139362077,
        "battlerIndex": 0,
        "speciesId": 890,
        "speciesName": "Eternatus",
        "hp": 0,
        "maxHp": 2065,
        "fainted": true,
        "status": 7,
        "statStages": [
          0,
          0,
          0,
          0,
          0,
          0,
          0
        ],
        "moves": [
          {
            "id": 153,
            "ppUsed": 1
          },
          {
            "id": 247,
            "ppUsed": 0
          },
          {
            "id": 53,
            "ppUsed": 0
          },
          {
            "id": 85,
            "ppUsed": 0
          }
        ],
        "coopOwner": "host"
      },
      {
        "id": 2802075046,
        "battlerIndex": 1,
        "speciesId": 384,
        "speciesName": "Rayquaza",
        "hp": 675,
        "maxHp": 1715,
        "fainted": false,
        "status": 0,
        "statStages": [
          0,
          0,
          0,
          0,
          0,
          0,
          0
        ],
        "moves": [
          {
            "id": 153,
            "ppUsed": 0
          },
          {
            "id": 247,
            "ppUsed": 0
          },
          {
            "id": 53,
            "ppUsed": 1
          },
          {
            "id": 85,
            "ppUsed": 0
          }
        ],
        "coopOwner": "guest"
      }
    ],
    "guestEnemyField": [
      {
        "id": 3852470198,
        "battlerIndex": 2,
        "speciesId": 167,
        "speciesName": "Spinarak",
        "hp": 0,
        "maxHp": 16,
        "fainted": true,
        "status": 7,
        "statStages": [
          0,
          0,
          0,
          0,
          0,
          0,
          0
        ],
        "moves": [
          {
            "id": 40,
            "ppUsed": 1
          },
          {
            "id": 49,
            "ppUsed": 0
          },
          {
            "id": 672,
            "ppUsed": 0
          },
          {
            "id": 884,
            "ppUsed": 0
          }
        ]
      },
      {
        "id": 4095202391,
        "battlerIndex": 3,
        "speciesId": 43,
        "speciesName": "Oddish",
        "hp": 0,
        "maxHp": 16,
        "fainted": true,
        "status": 7,
        "statStages": [
          0,
          0,
          0,
          0,
          0,
          0,
          0
        ],
        "moves": [
          {
            "id": 51,
            "ppUsed": 0
          },
          {
            "id": 72,
            "ppUsed": 0
          },
          {
            "id": 78,
            "ppUsed": 0
          },
          {
            "id": 230,
            "ppUsed": 0
          }
        ]
      }
    ]
  },
  "actionScript": [
    "SKIP mysteryEncounterDisabledV1",
    "content seed=coop-soak-206780945 preseeded=false",
    "wave 1 turn 1: replay guest crossed cmd:1:1 through real public COMMAND=opened",
    "wave 1: host slot move=85 guest slot move=85",
    "wave 1 turn 1: progress enemyHp=[16:0/14,263:0/14] playerHp=[890:2061/2065,384:1715/1715]",
    "wave 1: reward shop owner=host take-nonparty",
    "wave 2 turn 1: replay guest crossed cmd:2:1 through real public COMMAND=opened",
    "wave 2: host slot move=247 guest slot move=53",
    "wave 2 turn 1: progress enemyHp=[13:0/14,19:0/15] playerHp=[890:2056/2065,384:1715/1715]",
    "wave 2: reward shop owner=guest leave",
    "wave 3 turn 1: replay guest crossed cmd:3:1 through real public COMMAND=opened",
    "wave 3: host slot move=153 guest slot move=53",
    "wave 3 turn 1: progress enemyHp=[167:0/16,43:0/16] playerHp=[890:0/2065,384:675/1715]",
    "wave 3: reward shop owner=host leave"
  ]
}