===== COOP SOAK RESULT =====
profile: journey
verdict: FAIL
waves_requested: 45
run_mode: calibrated-release
calibration_id: journey-45-thirteen-event
target_sha: 07b823176f6ceba80a2f8446f10d68eda9113899
checked_out_sha: 07b823176f6ceba80a2f8446f10d68eda9113899
base_seed: 20260728
campaign_seed: fixed-in-test (matrix candidate 20260728 not consumed)
run: 30339318987 (workflow source 07b823176f6ceba80a2f8446f10d68eda9113899)
timestamp: 2026-07-28T07-44-51Z

----- driver lines -----
[coop-soak] ME DRIVEN wave 12 (seed 828633): DEPARTMENT_STORE_SALE [guest-owned]
[coop-soak] ME DRIVEN wave 14 (seed 828633): ER_HOT_SPRING [guest-owned]
[coop-soak] ME DRIVEN wave 16 (seed 828633): BERRIES_ABOUND [guest-owned]
[coop-soak] ME DRIVEN wave 18 (seed 828633): ER_PICNIC [guest-owned]
[coop-soak] ME DRIVEN wave 24 (seed 828633): FIELD_TRIP [host-owned]
[coop-soak] ME DRIVEN wave 26 (seed 828633): ER_TOWN_RAFFLE [host-owned]
[coop-soak] ME DRIVEN wave 28 (seed 828633): ER_FORTUNE_TELLER [host-owned]
[coop-soak] ME DRIVEN wave 32 (seed 828633): TELEPORTING_HIJINKS [battle-handoff]
[coop-soak] ME DRIVEN wave 34 (seed 828633): ER_STILL_WATERS [guest-owned]
[coop-soak] ME DRIVEN wave 36 (seed 828633): WEIRD_DREAM [guest-owned]

----- vitest result tail -----
[90mstdout[2m | test/tests/elite-redux/coop/coop-soak-journey.test.ts[2m:107:3[22m[2m[2m > [22m[2mco-op continuous journey: many mystery events plus biome transitions[2m > [22m[2mplays through thirteen heterogeneous events, later battles, and repeated world-map boundaries without drift
[22m[39m[38;2;0;60;189mUI mode changed from TARGET_SELECT (=5) to MESSAGE (=0)![39m
[coop:owner] broadcast own-slot fi=0 turn=7 role=host cmd=0
[coop:relay] broadcastLocalCommand SEND fieldIndex=0 owner=host turn=7 command=0 cursor=3 moveId=85 targets=[2]
[coop:transport] send host t=command fi=0 owner=host turn=7 cmd=0 cursor=3 move=85

[90mstdout[2m | test/tests/elite-redux/coop/coop-soak-journey.test.ts[2m:107:3[22m[2m[2m > [22m[2mco-op continuous journey: many mystery events plus biome transitions[2m > [22m[2mplays through thirteen heterogeneous events, later battles, and repeated world-map boundaries without drift
[22m[39m[coop:transport] recv guest t=command fi=0 owner=host turn=7 cmd=0 cursor=3 move=85 handlers=1
[coop:relay] recv command fieldIndex=0 turn=7 command=0 -> BUFFERED (no awaiter yet)

[90mstdout[2m | test/tests/elite-redux/coop/coop-soak-journey.test.ts[2m:107:3[22m[2m[2m > [22m[2mco-op continuous journey: many mystery events plus biome transitions[2m > [22m[2mplays through thirteen heterogeneous events, later battles, and repeated world-map boundaries without drift
[22m[39m[32mStart Phase: CommandPhase[39m
[coop:battle] CommandPhase slot=1 turn=7 owner=guest role=host -> partner path
[38;2;0;60;189mUI mode changed from MESSAGE (=0) to MESSAGE (=0)![39m
[34mYour partner is choosing a move...[39m
[coop:relay] host requestPartnerCommand SEND fieldIndex=1 turn=7 moveSlots=[0,1,2,3] (awaiting peer)
[coop:transport] send host t=commandRequest fi=1 owner=guest turn=7 slots=4

[90mstdout[2m | test/tests/elite-redux/coop/coop-soak-journey.test.ts[2m:107:3[22m[2m[2m > [22m[2mco-op continuous journey: many mystery events plus biome transitions[2m > [22m[2mplays through thirteen heterogeneous events, later battles, and repeated world-map boundaries without drift
[22m[39m[coop:transport] recv guest t=commandRequest fi=1 owner=guest turn=7 slots=4 handlers=1
[coop:relay] peer recv commandRequest fieldIndex=1 owner=guest turn=7 moveSlots=[0,1,2,3] -> reply command=0 cursor=3 moveId=85
[coop:transport] send guest t=command fi=1 owner=guest turn=7 cmd=0 cursor=3 move=85

[90mstdout[2m | test/tests/elite-redux/coop/coop-soak-journey.test.ts[2m:107:3[22m[2m[2m > [22m[2mco-op continuous journey: many mystery events plus biome transitions[2m > [22m[2mplays through thirteen heterogeneous events, later battles, and repeated world-map boundaries without drift
[22m[39m[coop:transport] recv host t=command fi=1 owner=guest turn=7 cmd=0 cursor=3 move=85 handlers=1
[coop:relay] recv command fieldIndex=1 turn=7 command=0 -> resolved awaiting request

[90mstdout[2m | test/tests/elite-redux/coop/coop-soak-journey.test.ts[2m:107:3[22m[2m[2m > [22m[2mco-op continuous journey: many mystery events plus biome transitions[2m > [22m[2mplays through thirteen heterogeneous events, later battles, and repeated world-map boundaries without drift
[22m[39m[coop:ai] applyWiredPartnerCommand partner=384 wiredMoveId=85 cursor=3 -> moveId=85 moveIndex=3 tera=false targets=[2] targetsFrom=wire-verbatim useMode=1
Move: THUNDERBOLT Move targets: { multiple: false, targets: [ 2 ] } 
Player Pokemon: Rayquaza
[38;2;0;60;189mUI mode changed from MESSAGE (=0) to MESSAGE (=0)![39m

[90mstdout[2m | test/tests/elite-redux/coop/coop-soak-journey.test.ts[2m:107:3[22m[2m[2m > [22m[2mco-op continuous journey: many mystery events plus biome transitions[2m > [22m[2mplays through thirteen heterogeneous events, later battles, and repeated world-map boundaries without drift
[22m[39m[32mStart Phase: EnemyCommandPhase[39m
Move Pool: [ 'Confusion', 'Infestation', 'Ally Switch', 'Skitter Smack' ]
Move Scores: [ 22.5, 8.25, 0, 9.75 ]
Sorted Move Pool: [ 'Confusion', 'Skitter Smack', 'Infestation', 'Ally Switch' ]
Chosen Move: Ally Switch

