===== COOP SOAK RESULT =====
profile: me-asym
verdict: PASS
waves_requested: fixed
run_mode: calibrated-release
calibration_id: me-host-guest-asym-double-faint
target_sha: 16f25490c8049b32bc00695ff12df68b8858bb05
checked_out_sha: 16f25490c8049b32bc00695ff12df68b8858bb05
base_seed: 20260728
campaign_seed: fixed-in-test (matrix candidate 20260728 not consumed)
run: 30339649481 (workflow source 16f25490c8049b32bc00695ff12df68b8858bb05)
timestamp: 2026-07-28T07-50-52Z

----- driver lines -----
[22m[39m[coop-soak] SEED=828633 WAVES=15 - replay this run with:  SOAK_SEED=828633 SOAK_WAVES=15 ER_SCENARIO=1 npx vitest run test/tests/elite-redux/coop/coop-soak.test.ts
[coop-soak] ME DRIVEN wave 15 (seed 828633): DEPARTMENT_STORE_SALE [host-owned]
[22m[39m[coop-soak] SEED=828633 WAVES=17 - replay this run with:  SOAK_SEED=828633 SOAK_WAVES=17 ER_SCENARIO=1 npx vitest run test/tests/elite-redux/coop/coop-soak.test.ts
[coop-soak] ME DRIVEN wave 15 (seed 828633): DEPARTMENT_STORE_SALE [host-owned]
[22m[39m[coop-soak] SEED=828633 WAVES=13 - replay this run with:  SOAK_SEED=828633 SOAK_WAVES=13 ER_SCENARIO=1 npx vitest run test/tests/elite-redux/coop/coop-soak.test.ts
[coop-soak] ME DRIVEN wave 12 (seed 828633): DEPARTMENT_STORE_SALE [guest-owned]

----- vitest result tail -----
[coop:turn] host recorder: CLEAR (null-out) live emitter (was=true)
[coop:session] coopAuthoritativeGuestPredicate CLEARED (-> solo/host/lockstep reads false)

[90mstderr[2m | test/tests/elite-redux/coop/coop-soak-me.test.ts[2m:224:3[22m[2m[2m > [22m[2mNIGHTLY co-op SOAK: mid-run mystery-encounter continuation (#633 BUILD 1)[2m > [22m[2mdrives a GUEST-OWNED ME inline (counter parity), then surveys past it, findings=0
[22m[39m[33m[coop:runtime] partner channel disconnected -> entering membership recovery (shared waits retained)[39m
[33m[coop:runtime] shared session terminal requested: Your partner disconnected and no authenticated rejoin path is available.[39m

[90mstdout[2m | test/tests/elite-redux/coop/coop-soak-me.test.ts[2m:224:3[22m[2m[2m > [22m[2mNIGHTLY co-op SOAK: mid-run mystery-encounter continuation (#633 BUILD 1)[2m > [22m[2mdrives a GUEST-OWNED ME inline (counter parity), then surveys past it, findings=0
[22m[39m[coop-soak-me] GUEST-OWNED-ME DONE seed=828633 waves=13/13 findings=0 MEs=[{"wave":12,"type":"DEPARTMENT_STORE_SALE","path":"guest-owned"}] skips={}

[90mstdout[2m | test/tests/elite-redux/coop/coop-soak-me.test.ts[2m:224:3[22m[2m[2m > [22m[2mNIGHTLY co-op SOAK: mid-run mystery-encounter continuation (#633 BUILD 1)[2m > [22m[2mdrives a GUEST-OWNED ME inline (counter parity), then surveys past it, findings=0
[22m[39m[coop:session] coopAuthoritativeGuestPredicate INSTALLED
[coop:launch] clearCoopRuntime role=guest netcode=authoritative gen->8
[coop:stream] streamer DISPOSE: cancel pending(turns=0 enemyParty=0 meBattle=0 stateSync=0) + null-out all handlers
[coop:relay] dispose() (no in-flight waiters)
[coop:pump] end session { seq: -1, termSeq: -1, wasOwner: false }
[coop:turn] host recorder: CLEAR (null-out) live emitter (was=false)
[coop:session] coopAuthoritativeGuestPredicate CLEARED (-> solo/host/lockstep reads false)
[coop:session] coopAuthoritativeGuestPredicate INSTALLED
[coop:launch] clearCoopRuntime role=host netcode=authoritative gen->9
[coop:stream] streamer DISPOSE: cancel pending(turns=0 enemyParty=0 meBattle=0 stateSync=0) + null-out all handlers
[coop:relay] dispose() (no in-flight waiters)
[coop:pump] end session { seq: 8_000_013, termSeq: -1, wasOwner: false }
[coop:transport] state host disconnected -> closed
[coop:turn] host recorder: CLEAR (null-out) live emitter (was=false)
[coop:session] coopAuthoritativeGuestPredicate CLEARED (-> solo/host/lockstep reads false)

[90mstdout[2m | test/tests/elite-redux/coop/coop-soak-me.test.ts[2m:224:3[22m[2m[2m > [22m[2mNIGHTLY co-op SOAK: mid-run mystery-encounter continuation (#633 BUILD 1)[2m > [22m[2mdrives a GUEST-OWNED ME inline (counter parity), then surveys past it, findings=0
[22m[39m[2m> [22m[30m[48;2;193;98;222m Test finished! [49m[39m
    Name: [38;2;0;136;134mNIGHTLY co-op SOAK: mid-run mystery-encounter continuation (#633 BUILD 1) > drives a GUEST-OWNED ME inline (counter parity), then surveys past it, findings=0[39m
    Result: [32m[1m✓ Passed[22m[39m [2min[22m [33m56958[39m[2mms[22m
    File: [38;2;210;155;14melite-redux/test/tests/elite-redux/coop/coop-soak-me.test.ts:224:3[39m

[33m[39m[32m·[39m

[2m Test Files [22m [1m[32m3 passed[39m[22m[90m (3)[39m
[2m      Tests [22m [1m[32m6 passed[39m[22m[90m (6)[39m
[2m   Start at [22m 07:46:48
[2m   Duration [22m 243.56s[2m (transform 59.19s, setup 87.04s, import 1.06s, tests 240.09s, environment 3.51s)[22m

