===== COOP SOAK RESULT =====
profile: god-a
verdict: FAIL
waves_requested: 200
run_mode: calibrated-release
calibration_id: god-200
target_sha: 948fe40fcda8e17c5030638653381b6bc914e19c
checked_out_sha: 948fe40fcda8e17c5030638653381b6bc914e19c
base_seed: 20260728
campaign_seed: 20260728
run: 30323074721 (workflow source 948fe40fcda8e17c5030638653381b6bc914e19c)
timestamp: 2026-07-28T02-38-32Z

----- driver lines -----
[22m[39m[coop-soak] SEED=20260728 WAVES=200 - replay this run with:  SOAK_SEED=20260728 SOAK_WAVES=200 ER_SCENARIO=1 npx vitest run test/tests/elite-redux/coop/coop-soak.test.ts
[22m[39m[coop-soak] PRE-HEAL unexpected wave=91 where=wave-start fields=[field] :: field:host=[{"bi":0,"partyIndex":0,"speciesId":382,"hp":1665,"maxHp":1665,"status":0,"statStages":[0,0,0,0,0,0,0],"fainted":false,"abilityId":33,"formIndex":0,"isTerastallized":false,"teraType":10,"bossSegments":0,"bossSegmentIndex":0,"moves":[[34,0],[247,0],[53,0],[85,0]],"tags":[],"transformSpeciesId":0,"transformFormIndex":0},{"bi":1,"partyIndex":1,"speciesId":150,"hp":1725,"maxHp":1725,"status":0,"statStages":[0,0,0,0,0,0,0],"fainted":false,"abilityId":5025,"formIndex":0,"isTerastallized":false,"teraType":13,"bossSegments":0,"bossSegmentIndex":0,"moves":[[34,0],[247,0],[53,0],[85,0]],"tags":[],"transformSpeciesId":0,"transformFormIndex":0},{"bi":2,"partyIndex":0,"speciesId":344,"hp":196,"maxHp":196,"status":0,"statStages":[0,0,0,0,0,0,0],"fainted":false,"abilityId":5213,"formIndex":0,"isTerastallized":false,"teraType":13,"bossSegments":2,"bossSegmentIndex":1,"moves":[[797,0],[598,0],[134,0],[133,0]],"tags":[],"transformSpeciesId":0,"transformFormIndex":0},{"bi":3,"partyIndex":1,"speciesId":202,"hp":383,"maxHp":383,"status":0,"statStages":[0,0,0,0,0,0,0],"fainted":false,"abilityId":5070,"formIndex":0,"isTerastallized":false,"teraType":13,"bossSegments":1,"bossSegmentIndex":0,"moves":[[194,0],[227,0]],"tags":[],"transformSpeciesId":0,"transformFormIndex":0}]/guest=[{"bi":0,"partyIndex":0,"speciesId":382,"hp":1665,"maxHp":1665,"status":0,"statStages":[0,0,0,0,0,0,0],"fainted":false,"abilityId":33,"formIndex":0,"isTerastallized":false,"teraType":10,"bossSegments":0,"bossSegmentIndex":0,"moves":[[34,0],[247,0],[53,0],[85,0]],"tags":[],"transformSpeciesId":0,"transformFormIndex":0},{"bi":1,"partyIndex":1,"speciesId":150,"hp":1725,"maxHp":1725,"status":0,"statStages":[0,0,0,0,0,0,0],"fainted":false,"abilityId":5025,"formIndex":0,"isTerastallized":false,"teraType":13,"bossSegments":0,"bossSegmentIndex":0,"moves":[[34,0],[247,0],[53,0],[85,0]],"tags":[],"transformSpeciesId":0,"transformFormIndex":0},{"bi":2,"partyIndex":0,"speciesId":344,"hp":196,"maxHp":196,"status":0,"statStages":[0,0,0,0,0,0,0],"fainted":false,"abilityId":5213,"formIndex":0,"isTerastallized":false,"teraType":13,"bossSegments":2,"bossSegmentIndex":1,"moves":[[797,0],[598,0],[134,0],[133,0]],"tags":[],"transformSpeciesId":0,"transformFormIndex":0},{"bi":3,"partyIndex":1,"speciesId":202,"hp":357,"maxHp":357,"status":0,"statStages":[0,0,0,0,0,0,0],"fainted":false,"abilityId":5070,"formIndex":0,"isTerastallized":false,"teraType":13,"bossSegments":1,"bossSegmentIndex":0,"moves":[[194,0],[227,0]],"tags":[],"transformSpeciesId":0,"transformFormIndex":0}]
[22m[39m[coop-soak] RUN ENDED at wave 115 (seed 20260728): host at terminal phase TitlePhase. Survey stops here.
[22m[39m[coop-soak] DONE seed=20260728 waves=114/200 resyncHeals=1 assertions=0 findings=0 trainerWaves=15 (fixed=12 random=3) skips={"mysteryEncounterDisabledV1":1} elapsedMs=534459
[coop-soak] RUN ENDED at wave 115 (seed 20260728) [TitlePhase]: host at terminal phase TitlePhase. Surveyed 114/200 waves under all invariants before the terminal.

----- vitest result tail -----
[90mstdout[2m | test/tests/elite-redux/coop/coop-soak.test.ts[2m:297:3[22m[2m[2m > [22m[2mNIGHTLY co-op SOAK: seeded randomized two-engine run (#841)[2m > [22m[2mretained wave boundary keeps one X Attack exact on both clients through natural expiry without recovery
[22m[39m[2m> [22m[30m[48;2;193;98;222m Test finished! [49m[39m
    Name: [38;2;0;136;134mNIGHTLY co-op SOAK: seeded randomized two-engine run (#841) > retained wave boundary keeps one X Attack exact on both clients through natural expiry without recovery[39m
    Result: [32m[1m✓ Passed[22m[39m [2min[22m [33m26127[39m[2mms[22m
    File: [38;2;210;155;14melite-redux/test/tests/elite-redux/coop/coop-soak.test.ts:297:3[39m

[33m[39m[32m·[39m

[31m⎯⎯⎯⎯⎯⎯⎯[39m[1m[41m Failed Tests 1 [49m[22m[31m⎯⎯⎯⎯⎯⎯⎯[39m

[41m[1m FAIL [22m[49m [30m[45m main [49m[39m test/tests/elite-redux/coop/coop-soak.test.ts[2m:165:3[22m[2m > [22mNIGHTLY co-op SOAK: seeded randomized two-engine run (#841)[2m > [22mplays a seeded randomized co-op run asserting DIGEST/LOCKSTEP/NO-PARK/TEARDOWN each wave
[31m[1mAssertionError[22m: the god profile is the start-to-finish carrier and may not stop before wave 200: expected { wave: 115, …(3) } to be undefined[39m

[32m- Expected:[39m
undefined

[31m+ Received:[39m
{
  "kind": "verified-terminal",
  "phase": "TitlePhase",
  "reason": "host at terminal phase TitlePhase",
  "wave": 115,
}

[36m [2m❯[22m test/tests/elite-redux/coop/coop-soak.test.ts:[2m245:11[22m[39m
    [90m243|[39m           result[33m.[39mrunEnded[33m,[39m
    [90m244|[39m           `the god profile is the start-to-finish carrier and may not …
    [90m245|[39m         )[33m.[39m[34mtoBeUndefined[39m()[33m;[39m
    [90m   |[39m           [31m^[39m
    [90m246|[39m         expect(result.wavesCompleted, "the god profile completed the r…
    [90m247|[39m       }

[31m[2m⎯⎯⎯⎯⎯⎯⎯⎯⎯⎯⎯⎯⎯⎯⎯⎯⎯⎯⎯⎯⎯⎯⎯⎯[1/1]⎯[22m[39m


[2m Test Files [22m [1m[31m1 failed[39m[22m[90m (1)[39m
[2m      Tests [22m [1m[31m1 failed[39m[22m[2m | [22m[1m[32m1 passed[39m[22m[90m (2)[39m
[2m   Start at [22m 02:28:41
[2m   Duration [22m 590.45s[2m (transform 22.28s, setup 27.07s, import 357ms, tests 562.14s, environment 720ms)[22m

