{
  "invariant": "digest",
  "seed": 20470487,
  "wave": 71,
  "detail": "field - field: host=[{\"bi\":0,\"partyIndex\":0,\"speciesId\":890,\"hp\":2065,\"maxHp\":2065,\"status\":0,\"statStages\":[0,0,2,0,0,0,0],\"fainted\":false,\"abilityId\":5258,\"formIndex\":0,\"isTerastallized\":false,\"teraType\":3,\"bossSegments\":0,\"bossSegmentIndex\":0,\"moves\":[[34,0],[247,0],[53,0],[85,0]],\"tags\":[\"ER_ENRAGE\"],\"transformSpeciesId\":0,\"transformFormIndex\":0},{\"bi\":1,\"partyIndex\":1,\"speciesId\":150,\"hp\":1725,\"maxHp\":1725,\"status\":0,\"statStages\":[0,0,0,0,0,0,0],\"fainted\":false,\"abilityId\":227,\"formIndex\":0,\"isTerastallized\":false,\"teraType\":13,\"bossSegments\":0,\"bossSegmentIndex\":0,\"moves\":[[34,0],[247,0],[53,0],[85,0]],\"tags\":[],\"transformSpeciesId\":0,\"transformFormIndex\":0},{\"bi\":2,\"partyIndex\":0,\"speciesId\":864,\"hp\":133,\"maxHp\":133,\"status\":0,\"statStages\":[0,0,0,0,0,0,0],\"fainted\":false,\"abilityId\":5357,\"formIndex\":0,\"isTerastallized\":false,\"teraType\":7,\"bossSegments\":2,\"bossSegmentIndex\":1,\"moves\":[[809,0],[668,0],[202,0],[886,0]],\"tags\":[],\"transformSpeciesId\":0,\"transformFormIndex\":0},{\"bi\":3,\"partyIndex\":1,\"speciesId\":370,\"hp\":119,\"maxHp\":119,\"status\":0,\"statStages\":[0,0,0,0,0,0,0],\"fainted\":false,\"abilityId\":93,\"formIndex\":0,\"isTerastallized\":false,\"teraType\":17,\"bossSegments\":1,\"bossSegmentIndex\":0,\"moves\":[[445,0],[266,0],[850,0],[381,0]],\"tags\":[],\"transformSpeciesId\":0,\"transformFormIndex\":0}] guest=[{\"bi\":0,\"partyIndex\":0,\"speciesId\":890,\"hp\":2065,\"maxHp\":2065,\"status\":0,\"statStages\":[0,0,2,0,0,0,0],\"fainted\":false,\"abilityId\":5258,\"formIndex\":0,\"isTerastallized\":false,\"teraType\":3,\"bossSegments\":0,\"bossSegmentIndex\":0,\"moves\":[[34,0],[247,0],[53,0],[85,0]],\"tags\":[\"ER_ENRAGE\"],\"transformSpeciesId\":0,\"transformFormIndex\":0},{\"bi\":1,\"partyIndex\":1,\"speciesId\":150,\"hp\":1725,\"maxHp\":1725,\"status\":0,\"statStages\":[0,0,0,0,0,0,0],\"fainted\":false,\"abilityId\":227,\"formIndex\":0,\"isTerastallized\":false,\"teraType\":13,\"bossSegments\":0,\"bossSegmentIndex\":0,\"moves\":[[34,0],[247,0],[53,0],[85,0]],\"tags\":[],\"transformSpeciesId\":0,\"transformFormIndex\":0},{\"bi\":2,\"partyIndex\":0,\"speciesId\":864,\"hp\":127,\"maxHp\":127,\"status\":0,\"statStages\":[0,0,0,0,0,0,0],\"fainted\":false,\"abilityId\":5357,\"formIndex\":0,\"isTerastallized\":false,\"teraType\":7,\"bossSegments\":2,\"bossSegmentIndex\":1,\"moves\":[[809,0],[668,0],[202,0],[886,0]],\"tags\":[],\"transformSpeciesId\":0,\"transformFormIndex\":0},{\"bi\":3,\"partyIndex\":1,\"speciesId\":370,\"hp\":119,\"maxHp\":119,\"status\":0,\"statStages\":[0,0,0,0,0,0,0],\"fainted\":false,\"abilityId\":93,\"formIndex\":0,\"isTerastallized\":false,\"teraType\":17,\"bossSegments\":1,\"bossSegmentIndex\":0,\"moves\":[[445,0],[266,0],[850,0],[381,0]],\"tags\":[],\"transformSpeciesId\":0,\"transformFormIndex\":0}]",
  "replay": "SOAK_SEED=20470487",
  "phaseState": null,
  "actionScript": [
    "SKIP mysteryEncounterDisabledV1",
    "content seed=coop-soak-20470487 preseeded=false",
    "wave 1 turn 1: replay guest crossed cmd:1:1 through real public COMMAND=opened",
    "wave 1: host slot move=53 guest slot move=34",
    "wave 1 turn 1: guest SWITCH -> party[3]",
    "wave 1 turn 1: progress enemyHp=[16:0/14,263:14/14] playerHp=[890:2065/2065,150:1723/1725]",
    "wave 1 turn 2: replay guest crossed cmd:1:2 through real public COMMAND=opened",
    "wave 1 turn 2: guest SWITCH -> party[3]",
    "wave 1: reward shop owner=host leave",
    "wave 2 turn 1: replay guest crossed cmd:2:1 through real public COMMAND=opened",
    "wave 2 turn 1: host SWITCH -> party[2]",
    "wave 2: host slot move=34 guest slot move=247",
    "wave 2 turn 1: progress enemyHp=[661:16/16,23:0/17] playerHp=[493:1863/1865,384:1713/1715]",
    "wave 2 turn 2: replay guest crossed cmd:2:2 through real public COMMAND=opened",
    "wave 2: reward shop owner=guest take-nonparty",
    "wave 3 turn 1: replay guest crossed cmd:3:1 through real public COMMAND=opened",
    "wave 3: host slot move=53 guest slot move=85",
    "wave 3 turn 1: progress enemyHp=[824:15/15,283:16/16] playerHp=[493:1863/1865,384:1713/1715]",
    "wave 3 turn 2: replay guest crossed cmd:3:2 through real public COMMAND=opened",
    "wave 3: reward shop owner=host take-nonparty",
    "wave 4 turn 1: replay guest crossed cmd:4:1 through real public COMMAND=opened",
    "wave 4: host slot move=34 guest slot move=85",
    "wave 4 turn 1: progress enemyHp=[831:0/18,263:0/18] playerHp=[493:1863/1865,384:1713/1715]",
    "wave 4: reward shop owner=guest leave",
    "wave 5 turn 1: replay guest crossed cmd:5:1 through real public COMMAND=opened",
    "wave 5: TRAINER (fixed)",
    "wave 5: host slot move=53 guest slot move=53",
    "wave 5 turn 1: guest SWITCH -> party[3]",
    "wave 5 turn 1: progress enemyHp=[263:0/18,13:18/18] playerHp=[493:1863/1865,150:1725/1725]",
    "wave 5 turn 2: replay guest crossed cmd:5:2 through real public COMMAND=opened",
    "wave 5: reward shop owner=host leave",
    "wave 5: guest chose Crossroads Leave through public UI",
    "wave 5: guest drove World Map via public UI=true and both consumed 1828055794419831:1:BIOME_PICK:9700005",
    "wave 6 turn 1: replay guest crossed cmd:6:1 through real public COMMAND=opened",
    "wave 6: BIOME 0->1",
    "wave 6: host slot move=34 guest slot move=34",
    "wave 6 turn 1: progress enemyHp=[263:0/18,819:0/23] playerHp=[493:1863/1865,150:1725/1725]",
    "wave 6: reward shop owner=host take-nonparty",
    "wave 7 turn 1: replay guest crossed cmd:7:1 through real public COMMAND=opened",
    "wave 7 turn 1: host SWITCH -> party[2]",
    "wave 7: host slot move=53 guest slot move=85",
    "wave 7 turn 1: guest SWITCH -> party[3]",
    "wave 7 turn 1: progress enemyHp=[921:21/21,399:26/26] playerHp=[890:2065/2065,384:1713/1715]",
    "wave 7 turn 2: replay guest crossed cmd:7:2 through real public COMMAND=opened",
    "wave 7: reward shop owner=guest take-nonparty",
    "wave 8 turn 1: replay guest crossed cmd:8:1 through real public COMMAND=opened",
    "wave 8: TRAINER (fixed)",
    "wave 8: host slot move=247 guest slot move=247",
    "wave 8 turn 1: progress enemyHp=[653:0/24,940:0/22] playerHp=[890:2065/2065,384:1711/1715]",
    "wave 8: reward shop owner=host take-nonparty",
    "wave 9 turn 1: replay guest crossed cmd:9:1 through real public COMMAND=opened",
    "wave 9: host slot move=53 guest slot move=34",
    "wave 9 turn 1: progress enemyHp=[396:24/24,399:0/26] playerHp=[890:2065/2065,384:1711/1715]",
    "wave 9 turn 2: replay guest crossed cmd:9:2 through real public COMMAND=opened",
    "wave 9: reward shop owner=guest leave",
    "wave 10 turn 1: replay guest crossed cmd:10:1 through real public COMMAND=opened",
    "wave 10: host slot move=34 guest slot move=53",
    "wave 10 turn 1: progress enemyHp=[915:0/26,446:0/38] playerHp=[890:2057/2065,384:1711/1715]",
    "wave 10: biome market owner=host leave",
    "wave 10: drained 1 milestone reward continuation(s)",
    "wave 10: guest chose Crossroads Leave through public UI",
    "wave 10: guest drove World Map via public UI=true and both consumed 1828055794419831:1:BIOME_PICK:9700011",
    "wave 11 turn 1: replay guest crossed cmd:11:1 through real public COMMAND=opened",
    "wave 11: BIOME 1->2",
    "wave 11: host slot move=53 guest slot move=34",
    "wave 11 turn 1: guest SWITCH -> party[3]",
    "wave 11 turn 1: progress enemyHp=[187:0/24,546:26/26] playerHp=[890:2065/2065,150:1725/1725]",
    "wave 11 turn 2: replay guest crossed cmd:11:2 through real public COMMAND=opened",
    "wave 11: reward shop owner=host leave",
    "wave 12 turn 1: replay guest crossed cmd:12:1 through real public COMMAND=opened",
    "wave 12 turn 1: host SWITCH -> party[2]",
    "wave 12: host slot move=247 guest slot move=85",
    "wave 12 turn 1: progress enemyHp=[543:25/25,543:0/25] playerHp=[493:1865/1865,150:1725/1725]",
    "wave 12 turn 2: replay guest crossed cmd:12:2 through real public COMMAND=opened",
    "wave 12 turn 2: guest SWITCH -> party[3]",
    "wave 12: reward shop owner=guest leave",
    "wave 13 turn 1: replay guest crossed cmd:13:1 through real public COMMAND=opened",
    "wave 13: host slot move=34 guest slot move=53",
    "wave 13 turn 1: progress enemyHp=[187:0/28,590:0/34] playerHp=[493:1865/1865,384:1715/1715]",
    "wave 13: reward shop owner=host leave",
    "wave 14 turn 1: replay guest crossed cmd:14:1 through real public COMMAND=opened",
    "wave 14: host slot move=85 guest slot move=247",
    "wave 14 turn 1: progress enemyHp=[543:0/27,546:0/28] playerHp=[493:1865/1865,384:1715/1715]",
    "wave 14: reward shop owner=guest leave",
    "wave 15 turn 1: replay guest crossed cmd:15:1 through real public COMMAND=opened",
    "wave 15: TRAINER (random)",
    "wave 15 turn 1: host SWITCH -> party[2]",
    "wave 15: host slot move=53 guest slot move=34",
    "wave 15 turn 1: progress enemyHp=[438:30/30,240:0/29] playerHp=[890:2065/2065,384:1715/1715]",
    "wave 15 turn 2: replay guest crossed cmd:15:2 through real public COMMAND=opened",
    "wave 15 turn 3: replay guest crossed cmd:15:3 through real public COMMAND=opened",
    "wave 15: reward shop owner=host leave",
    "wave 15: guest chose Crossroads Leave through public UI",
    "wave 15: guest drove World Map via public UI=true and both consumed 1828055794419831:1:BIOME_PICK:9700017",
    "wave 16 turn 1: replay guest crossed cmd:16:1 through real public COMMAND=opened",
    "wave 16: BIOME 2->3",
    "wave 16 turn 1: host SWITCH -> party[2]",
    "wave 16: host slot move=247 guest slot move=85",
    "wave 16 turn 1: progress enemyHp=[665:34/34,48:0/37] playerHp=[493:1865/1865,384:1713/1715]",
    "wave 16 turn 2: replay guest crossed cmd:16:2 through real public COMMAND=opened",
    "wave 16: reward shop owner=host take-nonparty",
    "wave 17 turn 1: replay guest crossed cmd:17:1 through real public COMMAND=opened",
    "wave 17: host slot move=34 guest slot move=53",
    "wave 17 turn 1: progress enemyHp=[753:0/33,761:0/31] playerHp=[493:1865/1865,384:1713/1715]",
    "wave 17: reward shop owner=guest leave",
    "wave 18 turn 1: replay guest crossed cmd:18:1 through real public COMMAND=opened",
    "wave 18: host slot move=85 guest slot move=247",
    "wave 18 turn 1: progress enemyHp=[48:0/40,919:0/33] playerHp=[493:1865/1865,384:1713/1715]",
    "wave 18: reward shop owner=host take-nonparty",
    "wave 19 turn 1: replay guest crossed cmd:19:1 through real public COMMAND=opened",
    "wave 19: host slot move=53 guest slot move=34",
    "wave 19 turn 1: progress enemyHp=[176:0/42,753:0/33] playerHp=[493:1865/1865,384:1713/1715]",
    "wave 19: reward shop owner=guest leave",
    "wave 20 turn 1: replay guest crossed cmd:20:1 through real public COMMAND=opened",
    "wave 20: TRAINER (random)",
    "wave 20: host slot move=247 guest slot move=34",
    "wave 20 turn 1: guest SWITCH -> party[3]",
    "wave 20 turn 1: progress enemyHp=[283:0/37,664:38/38] playerHp=[493:1865/1865,150:1719/1725]",
    "wave 20 turn 2: replay guest crossed cmd:20:2 through real public COMMAND=opened",
    "wave 20 turn 2: guest SWITCH -> party[3]",
    "wave 20: biome market owner=host leave",
    "wave 20: drained 1 milestone reward continuation(s)",
    "wave 20: guest chose Crossroads Leave through public UI",
    "wave 20: guest drove World Map via public UI=true and both consumed 1828055794419831:1:BIOME_PICK:9700023",
    "wave 21 turn 1: replay guest crossed cmd:21:1 through real public COMMAND=opened",
    "wave 21: BIOME 3->5",
    "wave 21: host slot move=34 guest slot move=53",
    "wave 21 turn 1: progress enemyHp=[722:0/44,665:0/36] playerHp=[493:1865/1865,384:1715/1715]",
    "wave 21: reward shop owner=host take-nonparty",
    "wave 22 turn 1: replay guest crossed cmd:22:1 through real public COMMAND=opened",
    "wave 22: host slot move=85 guest slot move=247",
    "wave 22 turn 1: progress enemyHp=[919:39/39,919:0/37] playerHp=[493:1865/1865,384:1715/1715]",
    "wave 22 turn 2: replay guest crossed cmd:22:2 through real public COMMAND=opened",
    "wave 22: reward shop owner=guest leave",
    "wave 23 turn 1: replay guest crossed cmd:23:1 through real public COMMAND=opened",
    "wave 23 turn 1: host SWITCH -> party[2]",
    "wave 23: host slot move=53 guest slot move=34",
    "wave 23 turn 1: progress enemyHp=[315:40/40,548:0/43] playerHp=[890:2065/2065,384:1714/1715]",
    "wave 23 turn 2: replay guest crossed cmd:23:2 through real public COMMAND=opened",
    "wave 23: reward shop owner=host leave",
    "wave 24 turn 1: replay guest crossed cmd:24:1 through real public COMMAND=opened",
    "wave 24: host slot move=247 guest slot move=85",
    "wave 24 turn 1: progress enemyHp=[588:0/46,616:0/46] playerHp=[890:2065/2065,384:1714/1715]",
    "wave 24: reward shop owner=guest leave",
    "wave 25 turn 1: replay guest crossed cmd:25:1 through real public COMMAND=opened",
    "wave 25: TRAINER (fixed)",
    "wave 25: host slot move=34 guest slot move=53",
    "wave 25 turn 1: progress enemyHp=[654:0/54,940:0/45] playerHp=[890:2065/2065,384:1714/1715]",
    "wave 25 turn 2: replay guest crossed cmd:25:2 through real public COMMAND=opened",
    "wave 25 turn 2: host SWITCH -> party[2]",
    "wave 25: reward shop owner=host leave",
    "wave 25: guest chose Crossroads Leave through public UI",
    "wave 25: guest drove World Map via public UI=true and both consumed 1828055794419831:1:BIOME_PICK:9700029",
    "wave 26 turn 1: replay guest crossed cmd:26:1 through real public COMMAND=opened",
    "wave 26: BIOME 5->27",
    "wave 26: host slot move=85 guest slot move=247",
    "wave 26 turn 1: progress enemyHp=[511:0/56,595:0/56] playerHp=[493:1865/1865,384:1714/1715]",
    "wave 26: reward shop owner=host leave",
    "wave 27 turn 1: replay guest crossed cmd:27:1 through real public COMMAND=opened",
    "wave 27: host slot move=85 guest slot move=85",
    "wave 27 turn 1: progress enemyHp=[190:0/58,190:0/58] playerHp=[493:1865/1865,384:1714/1715]",
    "wave 27: reward shop owner=guest take-nonparty",
    "wave 28 turn 1: replay guest crossed cmd:28:1 through real public COMMAND=opened",
    "wave 28 turn 1: host SWITCH -> party[2]",
    "wave 28: host slot move=247 guest slot move=53",
    "wave 28 turn 1: progress enemyHp=[285:60/60,190:0/55] playerHp=[890:2065/2065,384:1714/1715]",
    "wave 28 turn 2: replay guest crossed cmd:28:2 through real public COMMAND=opened",
    "wave 28: reward shop owner=host leave",
    "wave 29 turn 1: replay guest crossed cmd:29:1 through real public COMMAND=opened",
    "wave 29: host slot move=34 guest slot move=85",
    "wave 29 turn 1: progress enemyHp=[590:0/63,732:0/60] playerHp=[890:2065/2065,384:1714/1715]",
    "wave 29: reward shop owner=guest take-nonparty",
    "wave 30 turn 1: replay guest crossed cmd:30:1 through real public COMMAND=opened",
    "wave 30: host slot move=53 guest slot move=85",
    "wave 30 turn 1: guest SWITCH -> party[3]",
    "wave 30 turn 1: progress enemyHp=[190:0/70,667:61/61] playerHp=[890:2065/2065,150:1722/1725]",
    "wave 30 turn 2: replay guest crossed cmd:30:2 through real public COMMAND=opened",
    "wave 30: biome market owner=host leave",
    "wave 30: drained 1 milestone reward continuation(s)",
    "wave 30: guest chose Crossroads Leave through public UI",
    "wave 30: guest drove World Map via public UI=true and both consumed 1828055794419831:1:BIOME_PICK:9700035",
    "wave 31 turn 1: replay guest crossed cmd:31:1 through real public COMMAND=opened",
    "wave 31: BIOME 27->29",
    "wave 31: host slot move=247 guest slot move=85",
    "wave 31 turn 1: progress enemyHp=[622:0/62,355:0/44] playerHp=[890:2065/2065,150:1723/1725]",
    "wave 31: reward shop owner=host take-nonparty",
    "wave 32 turn 1: replay guest crossed cmd:32:1 through real public COMMAND=opened",
    "wave 32: host slot move=247 guest slot move=85",
    "wave 32 turn 1: progress enemyHp=[104:0/53,607:0/53] playerHp=[890:2065/2065,150:1723/1725]",
    "wave 32: reward shop owner=guest take-nonparty",
    "wave 33 turn 1: replay guest crossed cmd:33:1 through real public COMMAND=opened",
    "wave 33: host slot move=34 guest slot move=34",
    "wave 33 turn 1: guest SWITCH -> party[3]",
    "wave 33 turn 1: progress enemyHp=[343:0/60,343:56/56] playerHp=[890:2065/2065,384:1715/1715]",
    "wave 33 turn 2: replay guest crossed cmd:33:2 through real public COMMAND=opened",
    "wave 33 turn 2: host SWITCH -> party[2]",
    "wave 33: reward shop owner=host leave",
    "wave 34 turn 1: replay guest crossed cmd:34:1 through real public COMMAND=opened",
    "wave 34 turn 1: host SWITCH -> party[2]",
    "wave 34: host slot move=53 guest slot move=247",
    "wave 34 turn 1: guest SWITCH -> party[3]",
    "wave 34 turn 1: progress enemyHp=[679:56/56,177:52/52] playerHp=[890:2065/2065,150:1725/1725]",
    "wave 34 turn 2: replay guest crossed cmd:34:2 through real public COMMAND=opened",
    "wave 34: reward shop owner=guest leave",
    "wave 35 turn 1: replay guest crossed cmd:35:1 through real public COMMAND=opened",
    "wave 35: TRAINER (fixed)",
    "wave 35: host slot move=53 guest slot move=34",
    "wave 35 turn 1: progress enemyHp=[568:0/65,510:54/72] playerHp=[890:2065/2065,150:1723/1725]",
    "wave 35 turn 2: replay guest crossed cmd:35:2 through real public COMMAND=opened",
    "wave 35: reward shop owner=host leave",
    "wave 35: guest chose Crossroads Leave through public UI",
    "wave 35: guest drove World Map via public UI=true and both consumed 1828055794419831:1:BIOME_PICK:9700041",
    "wave 36 turn 1: replay guest crossed cmd:36:1 through real public COMMAND=opened",
    "wave 36: BIOME 29->14",
    "wave 36: host slot move=247 guest slot move=247",
    "wave 36 turn 1: progress enemyHp=[551:0/60,587:0/70] playerHp=[890:2046/2065,150:1616/1725]",
    "wave 36: reward shop owner=host take-nonparty",
    "wave 37 turn 1: replay guest crossed cmd:37:1 through real public COMMAND=opened",
    "wave 37: host slot move=34 guest slot move=53",
    "wave 37 turn 1: progress enemyHp=[953:0/61,205:0/77] playerHp=[890:2026/2065,150:1509/1725]",
    "wave 37: reward shop owner=guest leave",
    "wave 38 turn 1: replay guest crossed cmd:38:1 through real public COMMAND=opened",
    "wave 38: host slot move=53 guest slot move=247",
    "wave 38 turn 1: progress enemyHp=[451:0/70,451:0/72] playerHp=[890:2003/2065,150:1402/1725]",
    "wave 38: reward shop owner=host take-nonparty",
    "wave 39 turn 1: replay guest crossed cmd:39:1 through real public COMMAND=opened",
    "wave 39: host slot move=247 guest slot move=34",
    "wave 39 turn 1: progress enemyHp=[207:0/77,345:0/77] playerHp=[890:1978/2065,150:1295/1725]",
    "wave 39: reward shop owner=guest leave",
    "wave 39: drained 1 milestone reward continuation(s)",
    "wave 40 turn 1: replay guest crossed cmd:40:1 through real public COMMAND=opened",
    "wave 40: host slot move=247 guest slot move=85",
    "wave 40 turn 1: progress enemyHp=[554:0/80,331:0/74] playerHp=[890:1952/2065,150:1295/1725]",
    "wave 40: biome market owner=host leave",
    "wave 40: drained 1 milestone reward continuation(s)",
    "wave 40: guest chose Crossroads Leave through public UI",
    "wave 40: guest drove World Map via public UI=true and both consumed 1828055794419831:1:BIOME_PICK:9700047",
    "wave 41 turn 1: replay guest crossed cmd:41:1 through real public COMMAND=opened",
    "wave 41: BIOME 14->22",
    "wave 41: host slot move=53 guest slot move=53",
    "wave 41 turn 1: progress enemyHp=[201:0/76,605:0/75] playerHp=[890:2065/2065,150:1725/1725]",
    "wave 41: reward shop owner=host leave",
    "wave 42 turn 1: replay guest crossed cmd:42:1 through real public COMMAND=opened",
    "wave 42: host slot move=85 guest slot move=247",
    "wave 42 turn 1: progress enemyHp=[605:0/80,96:0/77] playerHp=[890:2065/2065,150:1725/1725]",
    "wave 42: reward shop owner=guest take-nonparty",
    "wave 43 turn 1: replay guest crossed cmd:43:1 through real public COMMAND=opened",
    "wave 43: host slot move=53 guest slot move=34",
    "wave 43 turn 1: progress enemyHp=[97:0/96,958:0/83] playerHp=[890:2065/2065,150:1716/1725]",
    "wave 43: reward shop owner=host leave",
    "wave 43: drained 1 milestone reward continuation(s)",
    "wave 44 turn 1: replay guest crossed cmd:44:1 through real public COMMAND=opened",
    "wave 44: host slot move=247 guest slot move=85",
    "wave 44 turn 1: progress enemyHp=[325:0/85,97:0/106] playerHp=[890:2065/2065,150:1716/1725]",
    "wave 44: reward shop owner=guest take-nonparty",
    "wave 45 turn 1: replay guest crossed cmd:45:1 through real public COMMAND=opened",
    "wave 45 turn 1: host SWITCH -> party[2]",
    "wave 45: host slot move=85 guest slot move=53",
    "wave 45 turn 1: progress enemyHp=[958:85/85,177:0/71] playerHp=[493:1865/1865,150:1716/1725]",
    "wave 45 turn 2: replay guest crossed cmd:45:2 through real public COMMAND=opened",
    "wave 45 turn 2: host SWITCH -> party[2]",
    "wave 45: reward shop owner=host take-nonparty",
    "wave 45: guest chose Crossroads Leave through public UI",
    "wave 45: guest drove World Map via public UI=true and both consumed 1828055794419831:1:BIOME_PICK:9700053",
    "wave 46 turn 1: replay guest crossed cmd:46:1 through real public COMMAND=opened",
    "wave 46: BIOME 22->11",
    "wave 46: host slot move=85 guest slot move=34",
    "wave 46 turn 1: progress enemyHp=[333:0/74,333:0/74] playerHp=[890:2065/2065,150:1716/1725]",
    "wave 46: reward shop owner=host take-nonparty",
    "wave 47 turn 1: replay guest crossed cmd:47:1 through real public COMMAND=opened",
    "wave 47: TRAINER (random)",
    "wave 47: host slot move=53 guest slot move=34",
    "wave 47 turn 1: progress enemyHp=[10285:0/94,774:0/80] playerHp=[890:2065/2065,150:1716/1725]",
    "wave 47 turn 2: replay guest crossed cmd:47:2 through real public COMMAND=opened",
    "wave 47: reward shop owner=guest take-nonparty",
    "wave 48 turn 1: replay guest crossed cmd:48:1 through real public COMMAND=opened",
    "wave 48: host slot move=247 guest slot move=85",
    "wave 48 turn 1: progress enemyHp=[962:0/99,672:0/96] playerHp=[890:2065/2065,150:1716/1725]",
    "wave 48: reward shop owner=host take-nonparty",
    "wave 49 turn 1: replay guest crossed cmd:49:1 through real public COMMAND=opened",
    "wave 49: host slot move=34 guest slot move=247",
    "wave 49 turn 1: progress enemyHp=[933:47/92,111:0/105] playerHp=[890:2065/2065,150:1716/1725]",
    "wave 49 turn 2: replay guest crossed cmd:49:2 through real public COMMAND=opened",
    "wave 49: reward shop owner=guest take-nonparty",
    "wave 50 turn 1: replay guest crossed cmd:50:1 through real public COMMAND=opened",
    "wave 50: TRAINER (random)",
    "wave 50: host slot move=85 guest slot move=247",
    "wave 50 turn 1: guest SWITCH -> party[3]",
    "wave 50 turn 1: progress enemyHp=[627:0/102,528:105/105] playerHp=[890:2065/2065,384:1711/1715]",
    "wave 50 turn 2: replay guest crossed cmd:50:2 through real public COMMAND=opened",
    "wave 50: biome market owner=host leave",
    "wave 50: drained 1 milestone reward continuation(s)",
    "wave 50: guest chose Crossroads Leave through public UI",
    "wave 50: guest drove World Map via public UI=true and both consumed 1828055794419831:1:BIOME_PICK:9700059",
    "wave 51 turn 1: replay guest crossed cmd:51:1 through real public COMMAND=opened",
    "wave 51: BIOME 11->18",
    "wave 51 turn 1: host SWITCH -> party[2]",
    "wave 51: host slot move=85 guest slot move=34",
    "wave 51 turn 1: progress enemyHp=[37:80/80,37:0/82] playerHp=[493:1865/1865,384:1715/1715]",
    "wave 51 turn 2: replay guest crossed cmd:51:2 through real public COMMAND=opened",
    "wave 51: reward shop owner=host leave",
    "wave 52 turn 1: replay guest crossed cmd:52:1 through real public COMMAND=opened",
    "wave 52: host slot move=247 guest slot move=85",
    "wave 52 turn 1: progress enemyHp=[307:73/73,838:0/108] playerHp=[493:1865/1865,384:1715/1715]",
    "wave 52 turn 2: replay guest crossed cmd:52:2 through real public COMMAND=opened",
    "wave 52: reward shop owner=guest leave",
    "wave 53 turn 1: replay guest crossed cmd:53:1 through real public COMMAND=opened",
    "wave 53: host slot move=247 guest slot move=53",
    "wave 53 turn 1: progress enemyHp=[636:0/91,631:0/109] playerHp=[493:1865/1865,384:1711/1715]",
    "wave 53: reward shop owner=host leave",
    "wave 53: drained 1 milestone reward continuation(s)",
    "wave 54 turn 1: replay guest crossed cmd:54:1 through real public COMMAND=opened",
    "wave 54: host slot move=247 guest slot move=247",
    "wave 54 turn 1: guest SWITCH -> party[3]",
    "wave 54 turn 1: progress enemyHp=[323:0/125,758:108/108] playerHp=[493:1865/1865,150:1719/1725]",
    "wave 54 turn 2: replay guest crossed cmd:54:2 through real public COMMAND=opened",
    "wave 54: reward shop owner=guest leave",
    "wave 54: drained 1 milestone reward continuation(s)",
    "wave 55 turn 1: replay guest crossed cmd:55:1 through real public COMMAND=opened",
    "wave 55: TRAINER (fixed)",
    "wave 55: host slot move=53 guest slot move=53",
    "wave 55 turn 1: progress enemyHp=[655:0/125,941:0/112] playerHp=[493:1399/1865,150:1719/1725]",
    "wave 55 turn 2: replay guest crossed cmd:55:2 through real public COMMAND=opened",
    "wave 55 turn 2: host SWITCH -> party[2]",
    "wave 55 turn 3: replay guest crossed cmd:55:3 through real public COMMAND=opened",
    "wave 55 turn 3: host SWITCH -> party[2]",
    "wave 55: reward shop owner=host take-nonparty",
    "wave 55: guest chose Crossroads Leave through public UI",
    "wave 55: guest drove World Map via public UI=true and both consumed 1828055794419831:1:BIOME_PICK:9700065",
    "wave 56 turn 1: replay guest crossed cmd:56:1 through real public COMMAND=opened",
    "wave 56: BIOME 18->8",
    "wave 56: host slot move=247 guest slot move=85",
    "wave 56 turn 1: progress enemyHp=[689:0/103,961:0/84] playerHp=[493:1865/1865,150:1711/1725]",
    "wave 56: reward shop owner=host take-nonparty",
    "wave 57 turn 1: replay guest crossed cmd:57:1 through real public COMMAND=opened",
    "wave 57: host slot move=34 guest slot move=53",
    "wave 57 turn 1: progress enemyHp=[121:0/110,558:0/115] playerHp=[493:1865/1865,150:1711/1725]",
    "wave 57: reward shop owner=guest leave",
    "wave 58 turn 1: replay guest crossed cmd:58:1 through real public COMMAND=opened",
    "wave 58: host slot move=85 guest slot move=247",
    "wave 58 turn 1: progress enemyHp=[342:0/115,99:0/120] playerHp=[493:1865/1865,150:1711/1725]",
    "wave 58: reward shop owner=host leave",
    "wave 59 turn 1: replay guest crossed cmd:59:1 through real public COMMAND=opened",
    "wave 59 turn 1: host SWITCH -> party[2]",
    "wave 59: host slot move=53 guest slot move=34",
    "wave 59 turn 1: progress enemyHp=[342:110/110,120:0/84] playerHp=[890:2065/2065,150:1711/1725]",
    "wave 59 turn 2: replay guest crossed cmd:59:2 through real public COMMAND=opened",
    "wave 59: reward shop owner=guest leave",
    "wave 60 turn 1: replay guest crossed cmd:60:1 through real public COMMAND=opened",
    "wave 60: host slot move=247 guest slot move=85",
    "wave 60 turn 1: progress enemyHp=[413:115/115,121:0/122] playerHp=[890:2065/2065,150:1709/1725]",
    "wave 60 turn 2: replay guest crossed cmd:60:2 through real public COMMAND=opened",
    "wave 60: biome market owner=host leave",
    "wave 60: drained 1 milestone reward continuation(s)",
    "wave 60: guest chose Crossroads Leave through public UI",
    "wave 60: guest drove World Map via public UI=true and both consumed 1828055794419831:1:BIOME_PICK:9700071",
    "wave 61 turn 1: replay guest crossed cmd:61:1 through real public COMMAND=opened",
    "wave 61: BIOME 8->6",
    "wave 61: host slot move=34 guest slot move=53",
    "wave 61 turn 1: progress enemyHp=[964:0/155,279:0/120] playerHp=[890:2065/2065,150:1725/1725]",
    "wave 61: reward shop owner=host leave",
    "wave 62 turn 1: replay guest crossed cmd:62:1 through real public COMMAND=opened",
    "wave 62: TRAINER (fixed)",
    "wave 62: host slot move=85 guest slot move=247",
    "wave 62 turn 1: guest SWITCH -> party[3]",
    "wave 62 turn 1: progress enemyHp=[528:0/123,601:123/123] playerHp=[890:2065/2065,384:1709/1715]",
    "wave 62 turn 2: replay guest crossed cmd:62:2 through real public COMMAND=opened",
    "wave 62 turn 3: replay guest crossed cmd:62:3 through real public COMMAND=opened",
    "wave 62: reward shop owner=guest leave",
    "wave 63 turn 1: replay guest crossed cmd:63:1 through real public COMMAND=opened",
    "wave 63: host slot move=53 guest slot move=34",
    "wave 63 turn 1: progress enemyHp=[964:0/149,80:0/138] playerHp=[890:2065/2065,384:1703/1715]",
    "wave 63: reward shop owner=host leave",
    "wave 64 turn 1: replay guest crossed cmd:64:1 through real public COMMAND=opened",
    "wave 64: TRAINER (fixed)",
    "wave 64: host slot move=53 guest slot move=85",
    "wave 64 turn 1: guest SWITCH -> party[3]",
    "wave 64 turn 1: progress enemyHp=[622:0/122,528:129/129] playerHp=[890:2065/2065,150:1722/1725]",
    "wave 64 turn 2: replay guest crossed cmd:64:2 through real public COMMAND=opened",
    "wave 64 turn 2: host SWITCH -> party[2]",
    "wave 64 turn 3: replay guest crossed cmd:64:3 through real public COMMAND=opened",
    "wave 64: reward shop owner=guest leave",
    "wave 65 turn 1: replay guest crossed cmd:65:1 through real public COMMAND=opened",
    "wave 65: host slot move=34 guest slot move=53",
    "wave 65 turn 1: progress enemyHp=[73:0/135,73:0/140] playerHp=[493:1743/1865,150:1615/1725]",
    "wave 65: reward shop owner=host take-nonparty",
    "wave 66 turn 1: replay guest crossed cmd:66:1 through real public COMMAND=opened",
    "wave 66: TRAINER (fixed)",
    "wave 66: host slot move=85 guest slot move=247",
    "wave 66 turn 1: progress enemyHp=[233:0/151,476:0/127] playerHp=[493:1743/1865,150:1615/1725]",
    "wave 66 turn 2: replay guest crossed cmd:66:2 through real public COMMAND=opened",
    "wave 66 turn 3: replay guest crossed cmd:66:3 through real public COMMAND=opened",
    "wave 66 turn 3: host SWITCH -> party[2]",
    "wave 66 turn 4: replay guest crossed cmd:66:4 through real public COMMAND=opened",
    "wave 66 turn 4: host SWITCH -> party[2]",
    "wave 66 turn 5: replay guest crossed cmd:66:5 through real public COMMAND=opened",
    "wave 66 turn 5: host SWITCH -> party[2]",
    "wave 66: reward shop owner=guest leave",
    "wave 67 turn 1: replay guest crossed cmd:67:1 through real public COMMAND=opened",
    "wave 67: host slot move=53 guest slot move=34",
    "wave 67 turn 1: progress enemyHp=[687:0/143,73:0/140] playerHp=[890:2065/2065,150:1579/1725]",
    "wave 67: reward shop owner=host leave",
    "wave 68 turn 1: replay guest crossed cmd:68:1 through real public COMMAND=opened",
    "wave 68: host slot move=247 guest slot move=85",
    "wave 68 turn 1: progress enemyHp=[62:0/159,90:1/94] playerHp=[890:2065/2065,150:1579/1725]",
    "wave 68 turn 2: replay guest crossed cmd:68:2 through real public COMMAND=opened",
    "wave 68: reward shop owner=guest leave",
    "wave 69 turn 1: replay guest crossed cmd:69:1 through real public COMMAND=opened",
    "wave 69: host slot move=34 guest slot move=53",
    "wave 69 turn 1: progress enemyHp=[199:0/164,117:0/122] playerHp=[890:2065/2065,150:1579/1725]",
    "wave 69: reward shop owner=host take-nonparty",
    "wave 70 turn 1: replay guest crossed cmd:70:1 through real public COMMAND=opened",
    "wave 70: host slot move=85 guest slot move=247",
    "wave 70 turn 1: progress enemyHp=[419:0/151,73:0/146] playerHp=[890:2006/2065,150:1579/1725]",
    "wave 70: biome market owner=guest leave",
    "wave 70: drained 1 milestone reward continuation(s)",
    "wave 70: host chose Crossroads Leave through public UI",
    "wave 70: host drove World Map via public UI=true and both consumed 1828055794419831:0:BIOME_PICK:9700082",
    "wave 71 turn 1: replay guest crossed cmd:71:1 through real public COMMAND=opened",
    "wave 71: BIOME 6->10",
    "wave 71: DIGEST mismatch @wave-start class=unexpected fields=[field] -> one-heal resync"
  ]
}