{
  "invariant": "no-park",
  "seed": 20260822,
  "wave": 7,
  "detail": "wave driving threw (strand/stall): guest reward WATCH HANG: watcher neither left nor advanced past interaction 7 after 32 drains (owner terminal never arrived) - see dev-logs/coop-duo/",
  "replay": "SOAK_SEED=20260822",
  "phaseState": {
    "hostPhase": "SelectModifierPhase",
    "guestPhase": "SelectModifierPhase",
    "hostInteractionCounter": 7,
    "guestInteractionCounter": 7,
    "hostWave": 7,
    "hostBattleType": 0,
    "hostPlayerField": [
      {
        "id": 210724713,
        "battlerIndex": 0,
        "speciesId": 143,
        "speciesName": "Snorlax",
        "hp": 303,
        "maxHp": 303,
        "fainted": false,
        "status": 0,
        "statStages": [
          0,
          1,
          0,
          0,
          0,
          0,
          0
        ],
        "moves": [
          {
            "id": 262,
            "ppUsed": 0
          },
          {
            "id": 247,
            "ppUsed": 0
          },
          {
            "id": 53,
            "ppUsed": 0
          },
          {
            "id": 85,
            "ppUsed": 0
          }
        ],
        "coopOwner": "host"
      },
      {
        "id": 3133411822,
        "battlerIndex": 1,
        "speciesId": 445,
        "speciesName": "Garchomp",
        "hp": 235,
        "maxHp": 235,
        "fainted": false,
        "status": 0,
        "statStages": [
          0,
          0,
          0,
          0,
          0,
          0,
          0
        ],
        "moves": [
          {
            "id": 262,
            "ppUsed": 0
          },
          {
            "id": 247,
            "ppUsed": 0
          },
          {
            "id": 53,
            "ppUsed": 0
          },
          {
            "id": 85,
            "ppUsed": 0
          }
        ],
        "coopOwner": "guest"
      }
    ],
    "hostEnemyField": [
      {
        "id": 2981945644,
        "battlerIndex": 2,
        "speciesId": 63,
        "speciesName": "Abra",
        "hp": 0,
        "maxHp": 19,
        "fainted": true,
        "status": 7,
        "statStages": [
          0,
          0,
          0,
          0,
          0,
          0,
          0
        ],
        "moves": [
          {
            "id": 93,
            "ppUsed": 0
          },
          {
            "id": 383,
            "ppUsed": 0
          },
          {
            "id": 511,
            "ppUsed": 0
          },
          {
            "id": 502,
            "ppUsed": 1
          }
        ]
      },
      {
        "id": 3657201856,
        "battlerIndex": 3,
        "speciesId": 56,
        "speciesName": "Mankey",
        "hp": 0,
        "maxHp": 20,
        "fainted": true,
        "status": 7,
        "statStages": [
          0,
          0,
          0,
          0,
          0,
          0,
          0
        ],
        "moves": [
          {
            "id": 249,
            "ppUsed": 0
          },
          {
            "id": 43,
            "ppUsed": 0
          },
          {
            "id": 197,
            "ppUsed": 2
          },
          {
            "id": 116,
            "ppUsed": 0
          }
        ]
      }
    ],
    "guestPlayerField": [
      {
        "id": 210724713,
        "battlerIndex": -1,
        "speciesId": 143,
        "speciesName": "Snorlax",
        "hp": 303,
        "maxHp": 303,
        "fainted": false,
        "status": 0,
        "statStages": [
          0,
          1,
          0,
          0,
          0,
          0,
          0
        ],
        "moves": [
          {
            "id": 262,
            "ppUsed": 0
          },
          {
            "id": 247,
            "ppUsed": 0
          },
          {
            "id": 53,
            "ppUsed": 0
          },
          {
            "id": 85,
            "ppUsed": 0
          }
        ],
        "coopOwner": "host"
      },
      {
        "id": 3133411822,
        "battlerIndex": -1,
        "speciesId": 445,
        "speciesName": "Garchomp",
        "hp": 235,
        "maxHp": 235,
        "fainted": false,
        "status": 0,
        "statStages": [
          0,
          0,
          0,
          0,
          0,
          0,
          0
        ],
        "moves": [
          {
            "id": 262,
            "ppUsed": 0
          },
          {
            "id": 247,
            "ppUsed": 0
          },
          {
            "id": 53,
            "ppUsed": 0
          },
          {
            "id": 85,
            "ppUsed": 0
          }
        ],
        "coopOwner": "guest"
      }
    ],
    "guestEnemyField": [
      {
        "id": 2981945644,
        "battlerIndex": -1,
        "speciesId": 63,
        "speciesName": "Abra",
        "hp": 0,
        "maxHp": 19,
        "fainted": true,
        "status": 7,
        "statStages": [
          0,
          0,
          0,
          0,
          0,
          0,
          0
        ],
        "moves": [
          {
            "id": 93,
            "ppUsed": 0
          },
          {
            "id": 383,
            "ppUsed": 0
          },
          {
            "id": 511,
            "ppUsed": 0
          },
          {
            "id": 502,
            "ppUsed": 1
          }
        ]
      },
      {
        "id": 3657201856,
        "battlerIndex": -1,
        "speciesId": 56,
        "speciesName": "Mankey",
        "hp": 0,
        "maxHp": 20,
        "fainted": true,
        "status": 7,
        "statStages": [
          0,
          0,
          0,
          0,
          0,
          0,
          0
        ],
        "moves": [
          {
            "id": 249,
            "ppUsed": 0
          },
          {
            "id": 43,
            "ppUsed": 0
          },
          {
            "id": 197,
            "ppUsed": 2
          },
          {
            "id": 116,
            "ppUsed": 0
          }
        ]
      }
    ]
  },
  "actionScript": [
    "SKIP mysteryEncounterDisabledV1",
    "content seed=coop-soak-20260822 preseeded=false",
    "wave 1 turn 1: committed frontier omitted seat 1; guest remained a replay spectator until host action",
    "wave 1: host slot move=85 guest slot move=0",
    "wave 1 turn 1: progress enemyHp=[16:0/14] playerHp=[143:303/303]",
    "wave 1: reward shop owner=host leave",
    "wave 2 turn 1: replay guest crossed cmd:2:1 through real public COMMAND=opened",
    "wave 2 turn 1: staged guest-owned lead at 1 HP on both engines",
    "wave 2: host slot move=53 guest slot move=53",
    "wave 2 turn 1: forced-faint guest MEMENTO self-KO",
    "wave 2 turn 1: progress enemyHp=[399:0/18,265:14/14] playerHp=[143:303/303,94:0/179]",
    "wave 2 turn 2: replay guest crossed cmd:2:2 through real public COMMAND=opened",
    "wave 2: reward shop owner=guest leave",
    "wave 3 turn 1: replay guest crossed cmd:3:1 through real public COMMAND=opened",
    "wave 3: host slot move=85 guest slot move=85",
    "wave 3 turn 1: progress enemyHp=[506:0/16,21:16/16] playerHp=[143:303/303,248:225/225]",
    "wave 3 turn 2: replay guest crossed cmd:3:2 through real public COMMAND=opened",
    "wave 3 turn 2: guest SWITCH -> party[5]",
    "wave 3: reward shop owner=host take-nonparty",
    "wave 4 turn 1: replay guest crossed cmd:4:1 through real public COMMAND=opened",
    "wave 4: host slot move=53 guest slot move=53",
    "wave 4 turn 1: progress enemyHp=[263:0/16,831:0/18] playerHp=[143:303/303,445:235/235]",
    "wave 4: reward shop owner=guest leave",
    "wave 5 turn 1: replay guest crossed cmd:5:1 through real public COMMAND=opened",
    "wave 5: TRAINER (fixed)",
    "wave 5: host slot move=85 guest slot move=85",
    "wave 5 turn 1: progress enemyHp=[19:0/17,504:0/18] playerHp=[143:303/303,445:235/235]",
    "wave 5: reward shop owner=host leave",
    "wave 5: guest chose Crossroads Leave through public UI",
    "wave 5: guest drove World Map via public UI=true and both consumed 1830268107873932:1:BIOME_PICK:9700005",
    "wave 6 turn 1: replay guest crossed cmd:6:1 through real public COMMAND=opened",
    "wave 6: BIOME 0->1",
    "wave 6: host slot move=53 guest slot move=85",
    "wave 6 turn 1: progress enemyHp=[41:0/18,41:0/18] playerHp=[143:303/303,445:235/235]",
    "wave 6: reward shop owner=host leave",
    "wave 7 turn 1: replay guest crossed cmd:7:1 through real public COMMAND=opened",
    "wave 7: host slot move=85 guest slot move=85",
    "wave 7 turn 1: progress enemyHp=[63:0/19,56:20/20] playerHp=[143:303/303,445:235/235]",
    "wave 7 turn 2: replay guest crossed cmd:7:2 through real public COMMAND=opened"
  ]
}