{
  "invariant": "no-park",
  "seed": 20260810,
  "wave": 76,
  "detail": "wave driving threw (strand/stall): guest replay HANG: stuck on CoopGuestFaintSwitchPhase - see dev-logs/coop-duo/",
  "replay": "SOAK_SEED=20260810",
  "phaseState": {
    "hostPhase": "EggLapsePhase",
    "guestPhase": "CoopGuestFaintSwitchPhase",
    "hostInteractionCounter": 89,
    "guestInteractionCounter": 89,
    "hostWave": 76,
    "hostBattleType": 0,
    "hostPlayerField": [
      {
        "id": 943403758,
        "battlerIndex": 0,
        "speciesId": 493,
        "speciesName": "Arceus",
        "hp": 1865,
        "maxHp": 1865,
        "fainted": false,
        "status": 0,
        "statStages": [
          0,
          0,
          0,
          0,
          0,
          0,
          0
        ],
        "moves": [
          {
            "id": 34,
            "ppUsed": 0
          },
          {
            "id": 247,
            "ppUsed": 0
          },
          {
            "id": 53,
            "ppUsed": 0
          },
          {
            "id": 85,
            "ppUsed": 0
          }
        ],
        "coopOwner": "host"
      },
      {
        "id": 1227116847,
        "battlerIndex": 1,
        "speciesId": 384,
        "speciesName": "Rayquaza",
        "hp": 0,
        "maxHp": 1715,
        "fainted": true,
        "status": 7,
        "statStages": [
          0,
          0,
          0,
          0,
          0,
          0,
          0
        ],
        "moves": [
          {
            "id": 34,
            "ppUsed": 2
          },
          {
            "id": 247,
            "ppUsed": 0
          },
          {
            "id": 53,
            "ppUsed": 0
          },
          {
            "id": 85,
            "ppUsed": 0
          }
        ],
        "coopOwner": "guest"
      }
    ],
    "hostEnemyField": [
      {
        "id": 168795535,
        "battlerIndex": 2,
        "speciesId": 715,
        "speciesName": "Noivern",
        "hp": 0,
        "maxHp": 169,
        "fainted": true,
        "status": 7,
        "statStages": [
          0,
          0,
          0,
          0,
          0,
          0,
          0
        ],
        "moves": [
          {
            "id": 143,
            "ppUsed": 0
          },
          {
            "id": 236,
            "ppUsed": 0
          },
          {
            "id": 200,
            "ppUsed": 0
          },
          {
            "id": 586,
            "ppUsed": 0
          }
        ]
      },
      {
        "id": 2641474446,
        "battlerIndex": 3,
        "speciesId": 75,
        "speciesName": "Graveler",
        "hp": 0,
        "maxHp": 137,
        "fainted": true,
        "status": 7,
        "statStages": [
          0,
          0,
          0,
          0,
          0,
          0,
          0
        ],
        "moves": [
          {
            "id": 838,
            "ppUsed": 0
          },
          {
            "id": 5167,
            "ppUsed": 0
          },
          {
            "id": 707,
            "ppUsed": 1
          },
          {
            "id": 397,
            "ppUsed": 0
          }
        ]
      }
    ],
    "guestPlayerField": [
      {
        "id": 943403758,
        "battlerIndex": -1,
        "speciesId": 493,
        "speciesName": "Arceus",
        "hp": 1865,
        "maxHp": 1865,
        "fainted": false,
        "status": 0,
        "statStages": [
          0,
          0,
          0,
          0,
          0,
          0,
          0
        ],
        "moves": [
          {
            "id": 34,
            "ppUsed": 0
          },
          {
            "id": 247,
            "ppUsed": 0
          },
          {
            "id": 53,
            "ppUsed": 0
          },
          {
            "id": 85,
            "ppUsed": 0
          }
        ],
        "coopOwner": "host"
      },
      {
        "id": 1227116847,
        "battlerIndex": -1,
        "speciesId": 384,
        "speciesName": "Rayquaza",
        "hp": 0,
        "maxHp": 1715,
        "fainted": true,
        "status": 7,
        "statStages": [
          0,
          0,
          0,
          0,
          0,
          0,
          0
        ],
        "moves": [
          {
            "id": 34,
            "ppUsed": 1
          },
          {
            "id": 247,
            "ppUsed": 0
          },
          {
            "id": 53,
            "ppUsed": 0
          },
          {
            "id": 85,
            "ppUsed": 0
          }
        ],
        "coopOwner": "guest"
      }
    ],
    "guestEnemyField": [
      {
        "id": 168795535,
        "battlerIndex": -1,
        "speciesId": 715,
        "speciesName": "Noivern",
        "hp": 0,
        "maxHp": 169,
        "fainted": true,
        "status": 7,
        "statStages": [
          0,
          0,
          0,
          0,
          0,
          0,
          0
        ],
        "moves": [
          {
            "id": 143,
            "ppUsed": 0
          },
          {
            "id": 236,
            "ppUsed": 0
          },
          {
            "id": 200,
            "ppUsed": 0
          },
          {
            "id": 586,
            "ppUsed": 0
          }
        ]
      },
      {
        "id": 2641474446,
        "battlerIndex": -1,
        "speciesId": 75,
        "speciesName": "Graveler",
        "hp": 0,
        "maxHp": 137,
        "fainted": true,
        "status": 7,
        "statStages": [
          0,
          0,
          0,
          0,
          0,
          0,
          0
        ],
        "moves": [
          {
            "id": 838,
            "ppUsed": 0
          },
          {
            "id": 5167,
            "ppUsed": 0
          },
          {
            "id": 707,
            "ppUsed": 1
          },
          {
            "id": 397,
            "ppUsed": 0
          }
        ]
      }
    ]
  },
  "actionScript": [
    "SKIP mysteryEncounterDisabledV1",
    "content seed=coop-soak-20260810 preseeded=false",
    "wave 1 turn 1: replay guest crossed cmd:1:1 through real public COMMAND=opened",
    "wave 1: host slot move=34 guest slot move=53",
    "wave 1 turn 1: progress enemyHp=[16:0/14,263:0/14] playerHp=[890:2065/2065,384:1715/1715]",
    "wave 1: reward shop owner=host leave",
    "wave 2 turn 1: replay guest crossed cmd:2:1 through real public COMMAND=opened",
    "wave 2: host slot move=85 guest slot move=53",
    "wave 2 turn 1: progress enemyHp=[401:0/16,293:0/18] playerHp=[890:2065/2065,384:1715/1715]",
    "wave 2: reward shop owner=guest leave",
    "wave 3 turn 1: replay guest crossed cmd:3:1 through real public COMMAND=opened",
    "wave 3 turn 1: host SWITCH -> party[2]",
    "wave 3: host slot move=85 guest slot move=85",
    "wave 3 turn 1: progress enemyHp=[824:15/15,399:0/18] playerHp=[493:1865/1865,384:1715/1715]",
    "wave 3 turn 2: replay guest crossed cmd:3:2 through real public COMMAND=opened",
    "wave 3 turn 2: guest SWITCH -> party[3]",
    "wave 3: reward shop owner=host take-nonparty",
    "wave 4 turn 1: replay guest crossed cmd:4:1 through real public COMMAND=opened",
    "wave 4: host slot move=53 guest slot move=34",
    "wave 4 turn 1: progress enemyHp=[543:0/17,399:0/20] playerHp=[493:1865/1865,150:1725/1725]",
    "wave 4: reward shop owner=guest take-nonparty",
    "wave 5 turn 1: replay guest crossed cmd:5:1 through real public COMMAND=opened",
    "wave 5: TRAINER (fixed)",
    "wave 5: host slot move=34 guest slot move=247",
    "wave 5 turn 1: progress enemyHp=[506:0/18,13:0/18] playerHp=[493:1865/1865,150:1725/1725]",
    "wave 5: reward shop owner=host leave",
    "wave 5: guest chose Crossroads Leave through public UI",
    "wave 5: guest drove World Map via public UI=true and both consumed 1829209189972980:1:BIOME_PICK:9700005",
    "wave 6 turn 1: replay guest crossed cmd:6:1 through real public COMMAND=opened",
    "wave 6: BIOME 0->1",
    "wave 6 turn 1: host SWITCH -> party[2]",
    "wave 6: host slot move=34 guest slot move=34",
    "wave 6 turn 1: progress enemyHp=[261:20/20,263:0/20] playerHp=[890:2065/2065,150:1725/1725]",
    "wave 6 turn 2: replay guest crossed cmd:6:2 through real public COMMAND=opened",
    "wave 6: reward shop owner=host take-nonparty",
    "wave 7 turn 1: replay guest crossed cmd:7:1 through real public COMMAND=opened",
    "wave 7 turn 1: host SWITCH -> party[2]",
    "wave 7: host slot move=247 guest slot move=85",
    "wave 7 turn 1: progress enemyHp=[56:22/22,63:0/20] playerHp=[493:1865/1865,150:1725/1725]",
    "wave 7 turn 2: replay guest crossed cmd:7:2 through real public COMMAND=opened",
    "wave 7: reward shop owner=guest take-nonparty",
    "wave 8 turn 1: replay guest crossed cmd:8:1 through real public COMMAND=opened",
    "wave 8: TRAINER (fixed)",
    "wave 8: host slot move=53 guest slot move=34",
    "wave 8 turn 1: progress enemyHp=[4:0/25,163:0/25] playerHp=[493:1865/1865,150:1725/1725]",
    "wave 8: reward shop owner=host take-nonparty",
    "wave 9 turn 1: replay guest crossed cmd:9:1 through real public COMMAND=opened",
    "wave 9: host slot move=85 guest slot move=85",
    "wave 9 turn 1: progress enemyHp=[399:0/26,52:0/22] playerHp=[493:1865/1865,150:1725/1725]",
    "wave 9: reward shop owner=guest leave",
    "wave 10 turn 1: replay guest crossed cmd:10:1 through real public COMMAND=opened",
    "wave 10 turn 1: host SWITCH -> party[2]",
    "wave 10: host slot move=34 guest slot move=85",
    "wave 10 turn 1: progress enemyHp=[915:26/26,399:0/28] playerHp=[890:2065/2065,150:1719/1725]",
    "wave 10 turn 2: replay guest crossed cmd:10:2 through real public COMMAND=opened",
    "wave 10 turn 2: host SWITCH -> party[2]",
    "wave 10: biome market owner=host leave",
    "wave 10: drained 1 milestone reward continuation(s)",
    "wave 10: guest chose Crossroads Leave through public UI",
    "wave 10: guest drove World Map via public UI=true and both consumed 1829209189972980:1:BIOME_PICK:9700011",
    "wave 11 turn 1: replay guest crossed cmd:11:1 through real public COMMAND=opened",
    "wave 11: BIOME 1->2",
    "wave 11: host slot move=247 guest slot move=85",
    "wave 11 turn 1: progress enemyHp=[285:0/27,303:0/31] playerHp=[493:1865/1865,150:1725/1725]",
    "wave 11: reward shop owner=host leave",
    "wave 12 turn 1: replay guest crossed cmd:12:1 through real public COMMAND=opened",
    "wave 12: host slot move=53 guest slot move=34",
    "wave 12 turn 1: progress enemyHp=[546:0/26,268:0/28] playerHp=[493:1865/1865,150:1725/1725]",
    "wave 12: reward shop owner=guest leave",
    "wave 13 turn 1: replay guest crossed cmd:13:1 through real public COMMAND=opened",
    "wave 13: host slot move=85 guest slot move=247",
    "wave 13 turn 1: progress enemyHp=[546:0/28,44:0/30] playerHp=[493:1865/1865,150:1725/1725]",
    "wave 13: reward shop owner=host leave",
    "wave 14 turn 1: replay guest crossed cmd:14:1 through real public COMMAND=opened",
    "wave 14 turn 1: host SWITCH -> party[2]",
    "wave 14: host slot move=34 guest slot move=53",
    "wave 14 turn 1: progress enemyHp=[420:32/32,285:0/32] playerHp=[890:2065/2065,150:1725/1725]",
    "wave 14 turn 2: replay guest crossed cmd:14:2 through real public COMMAND=opened",
    "wave 14: reward shop owner=guest take-nonparty",
    "wave 15 turn 1: replay guest crossed cmd:15:1 through real public COMMAND=opened",
    "wave 15: host slot move=247 guest slot move=85",
    "wave 15 turn 1: progress enemyHp=[285:0/32,415:0/31] playerHp=[890:2065/2065,150:1725/1725]",
    "wave 15: reward shop owner=host leave",
    "wave 15: guest chose Crossroads Leave through public UI",
    "wave 15: guest drove World Map via public UI=true and both consumed 1829209189972980:1:BIOME_PICK:9700017",
    "wave 16 turn 1: replay guest crossed cmd:16:1 through real public COMMAND=opened",
    "wave 16: BIOME 2->3",
    "wave 16: host slot move=53 guest slot move=34",
    "wave 16 turn 1: progress enemyHp=[48:0/35,665:0/32] playerHp=[890:2065/2065,150:1725/1725]",
    "wave 16: reward shop owner=host take-nonparty",
    "wave 17 turn 1: replay guest crossed cmd:17:1 through real public COMMAND=opened",
    "wave 17: host slot move=85 guest slot move=85",
    "wave 17 turn 1: progress enemyHp=[46:0/34,302:37/37] playerHp=[890:2065/2065,150:1725/1725]",
    "wave 17 turn 2: replay guest crossed cmd:17:2 through real public COMMAND=opened",
    "wave 17 turn 2: guest SWITCH -> party[3]",
    "wave 17: reward shop owner=guest leave",
    "wave 18 turn 1: replay guest crossed cmd:18:1 through real public COMMAND=opened",
    "wave 18: host slot move=34 guest slot move=53",
    "wave 18 turn 1: progress enemyHp=[756:0/40,29:0/38] playerHp=[890:2065/2065,384:1715/1715]",
    "wave 18: reward shop owner=host leave",
    "wave 19 turn 1: replay guest crossed cmd:19:1 through real public COMMAND=opened",
    "wave 19: host slot move=247 guest slot move=85",
    "wave 19 turn 1: progress enemyHp=[37:0/34,29:0/36] playerHp=[890:2054/2065,384:1714/1715]",
    "wave 19: reward shop owner=guest take-nonparty",
    "wave 20 turn 1: replay guest crossed cmd:20:1 through real public COMMAND=opened",
    "wave 20: TRAINER (random)",
    "wave 20: host slot move=53 guest slot move=34",
    "wave 20 turn 1: progress enemyHp=[723:0/47,10019:0/42] playerHp=[890:2039/2065,384:1714/1715]",
    "wave 20: biome market owner=host leave",
    "wave 20: drained 1 milestone reward continuation(s)",
    "wave 20: guest chose Crossroads Leave through public UI",
    "wave 20: guest drove World Map via public UI=true and both consumed 1829209189972980:1:BIOME_PICK:9700023",
    "wave 21 turn 1: replay guest crossed cmd:21:1 through real public COMMAND=opened",
    "wave 21: BIOME 3->5",
    "wave 21: host slot move=85 guest slot move=247",
    "wave 21 turn 1: progress enemyHp=[665:0/38,69:0/45] playerHp=[890:2065/2065,384:1715/1715]",
    "wave 21: reward shop owner=host leave",
    "wave 22 turn 1: replay guest crossed cmd:22:1 through real public COMMAND=opened",
    "wave 22: host slot move=34 guest slot move=53",
    "wave 22 turn 1: progress enemyHp=[415:0/39,267:0/46] playerHp=[890:2065/2065,384:1715/1715]",
    "wave 22: reward shop owner=guest leave",
    "wave 23 turn 1: replay guest crossed cmd:23:1 through real public COMMAND=opened",
    "wave 23 turn 1: host SWITCH -> party[2]",
    "wave 23: host slot move=247 guest slot move=34",
    "wave 23 turn 1: progress enemyHp=[548:43/43,944:0/42] playerHp=[493:1865/1865,384:1715/1715]",
    "wave 23 turn 2: replay guest crossed cmd:23:2 through real public COMMAND=opened",
    "wave 23 turn 2: host SWITCH -> party[2]",
    "wave 23: reward shop owner=host take-nonparty",
    "wave 24 turn 1: replay guest crossed cmd:24:1 through real public COMMAND=opened",
    "wave 24 turn 1: host SWITCH -> party[2]",
    "wave 24: host slot move=53 guest slot move=34",
    "wave 24 turn 1: progress enemyHp=[540:43/43,216:0/45] playerHp=[493:1865/1865,384:1715/1715]",
    "wave 24 turn 2: replay guest crossed cmd:24:2 through real public COMMAND=opened",
    "wave 24: reward shop owner=guest take-nonparty",
    "wave 25 turn 1: replay guest crossed cmd:25:1 through real public COMMAND=opened",
    "wave 25: TRAINER (fixed)",
    "wave 25: host slot move=85 guest slot move=247",
    "wave 25 turn 1: progress enemyHp=[5:0/56,163:0/52] playerHp=[493:1865/1865,384:1715/1715]",
    "wave 25 turn 2: replay guest crossed cmd:25:2 through real public COMMAND=opened",
    "wave 25 turn 2: guest SWITCH -> party[3]",
    "wave 25: reward shop owner=host take-nonparty",
    "wave 25: guest chose Crossroads Leave through public UI",
    "wave 25: guest drove World Map via public UI=true and both consumed 1829209189972980:1:BIOME_PICK:9700029",
    "wave 26 turn 1: replay guest crossed cmd:26:1 through real public COMMAND=opened",
    "wave 26: BIOME 5->27",
    "wave 26: host slot move=34 guest slot move=34",
    "wave 26 turn 1: progress enemyHp=[420:0/51,190:0/55] playerHp=[493:1865/1865,150:1725/1725]",
    "wave 26: reward shop owner=host leave",
    "wave 27 turn 1: replay guest crossed cmd:27:1 through real public COMMAND=opened",
    "wave 27 turn 1: host SWITCH -> party[2]",
    "wave 27: host slot move=53 guest slot move=85",
    "wave 27 turn 1: guest SWITCH -> party[3]",
    "wave 27 turn 1: progress enemyHp=[732:55/55,357:75/75] playerHp=[890:2065/2065,384:1715/1715]",
    "wave 27 turn 2: replay guest crossed cmd:27:2 through real public COMMAND=opened",
    "wave 27: reward shop owner=guest take-nonparty",
    "wave 28 turn 1: replay guest crossed cmd:28:1 through real public COMMAND=opened",
    "wave 28: TRAINER (random)",
    "wave 28: host slot move=53 guest slot move=34",
    "wave 28 turn 1: progress enemyHp=[613:0/58,831:0/53] playerHp=[890:2065/2065,384:1702/1715]",
    "wave 28: reward shop owner=host leave",
    "wave 29 turn 1: replay guest crossed cmd:29:1 through real public COMMAND=opened",
    "wave 29: host slot move=85 guest slot move=247",
    "wave 29 turn 1: progress enemyHp=[541:58/58,4077:58/58] playerHp=[890:2065/2065,384:1699/1715]",
    "wave 29 turn 2: replay guest crossed cmd:29:2 through real public COMMAND=opened",
    "wave 29: reward shop owner=guest leave",
    "wave 29: drained 1 milestone reward continuation(s)",
    "wave 30 turn 1: replay guest crossed cmd:30:1 through real public COMMAND=opened",
    "wave 30: host slot move=34 guest slot move=53",
    "wave 30 turn 1: progress enemyHp=[357:0/88,336:0/68] playerHp=[890:2036/2065,384:1696/1715]",
    "wave 30: biome market owner=host leave",
    "wave 30: drained 1 milestone reward continuation(s)",
    "wave 30: guest chose Crossroads Leave through public UI",
    "wave 30: guest drove World Map via public UI=true and both consumed 1829209189972980:1:BIOME_PICK:9700035",
    "wave 31 turn 1: replay guest crossed cmd:31:1 through real public COMMAND=opened",
    "wave 31: BIOME 27->29",
    "wave 31: host slot move=85 guest slot move=85",
    "wave 31 turn 1: guest SWITCH -> party[3]",
    "wave 31 turn 1: progress enemyHp=[999:0/59,92:50/50] playerHp=[890:2065/2065,150:1725/1725]",
    "wave 31 turn 2: replay guest crossed cmd:31:2 through real public COMMAND=opened",
    "wave 31 turn 2: guest SWITCH -> party[3]",
    "wave 31: reward shop owner=host leave",
    "wave 32 turn 1: replay guest crossed cmd:32:1 through real public COMMAND=opened",
    "wave 32: host slot move=247 guest slot move=34",
    "wave 32 turn 1: progress enemyHp=[92:0/46,177:0/52] playerHp=[890:1260/2065,384:1715/1715]",
    "wave 32: reward shop owner=guest leave",
    "wave 33 turn 1: replay guest crossed cmd:33:1 through real public COMMAND=opened",
    "wave 33: host slot move=85 guest slot move=53",
    "wave 33 turn 1: guest SWITCH -> party[3]",
    "wave 33 turn 1: progress enemyHp=[433:0/54,622:64/64] playerHp=[890:856/2065,150:1721/1725]",
    "wave 33 turn 2: replay guest crossed cmd:33:2 through real public COMMAND=opened",
    "wave 33: reward shop owner=host leave",
    "wave 34 turn 1: replay guest crossed cmd:34:1 through real public COMMAND=opened",
    "wave 34: host slot move=85 guest slot move=53",
    "wave 34 turn 1: progress enemyHp=[355:0/45,92:0/52] playerHp=[890:0/2065,150:1290/1725]",
    "wave 34: reward shop owner=guest leave",
    "wave 35 turn 1: replay guest crossed cmd:35:1 through real public COMMAND=opened",
    "wave 35: TRAINER (fixed)",
    "wave 35: host slot move=247 guest slot move=85",
    "wave 35 turn 1: guest SWITCH -> party[3]",
    "wave 35 turn 1: progress enemyHp=[262:0/75,674:73/73] playerHp=[493:1865/1865,384:1712/1715]",
    "wave 35 turn 2: replay guest crossed cmd:35:2 through real public COMMAND=opened",
    "wave 35: reward shop owner=host take-nonparty",
    "wave 35: guest chose Crossroads Leave through public UI",
    "wave 35: guest drove World Map via public UI=true and both consumed 1829209189972980:1:BIOME_PICK:9700041",
    "wave 36 turn 1: replay guest crossed cmd:36:1 through real public COMMAND=opened",
    "wave 36: BIOME 29->14",
    "wave 36: host slot move=34 guest slot move=247",
    "wave 36 turn 1: progress enemyHp=[843:0/64,843:0/64] playerHp=[493:1749/1865,384:1605/1715]",
    "wave 36: reward shop owner=host leave",
    "wave 37 turn 1: replay guest crossed cmd:37:1 through real public COMMAND=opened",
    "wave 37: host slot move=34 guest slot move=247",
    "wave 37 turn 1: progress enemyHp=[968:0/72,449:0/74] playerHp=[493:1633/1865,384:1498/1715]",
    "wave 37: reward shop owner=guest take-nonparty",
    "wave 38 turn 1: replay guest crossed cmd:38:1 through real public COMMAND=opened",
    "wave 38: host slot move=34 guest slot move=247",
    "wave 38 turn 1: progress enemyHp=[554:0/72,843:0/66] playerHp=[493:1517/1865,384:1391/1715]",
    "wave 38: reward shop owner=host leave",
    "wave 39 turn 1: replay guest crossed cmd:39:1 through real public COMMAND=opened",
    "wave 39 turn 1: host SWITCH -> party[2]",
    "wave 39: host slot move=85 guest slot move=53",
    "wave 39 turn 1: progress enemyHp=[562:58/61,207:0/80] playerHp=[890:2063/2065,384:1284/1715]",
    "wave 39 turn 2: replay guest crossed cmd:39:2 through real public COMMAND=opened",
    "wave 39 turn 2: guest SWITCH -> party[3]",
    "wave 39: reward shop owner=guest leave",
    "wave 39: drained 1 milestone reward continuation(s)",
    "wave 40 turn 1: replay guest crossed cmd:40:1 through real public COMMAND=opened",
    "wave 40: host slot move=34 guest slot move=247",
    "wave 40 turn 1: progress enemyHp=[28:0/106,947:0/88] playerHp=[890:2010/2065,150:1618/1725]",
    "wave 40: biome market owner=host leave",
    "wave 40: drained 1 milestone reward continuation(s)",
    "wave 40: guest chose Crossroads Leave through public UI",
    "wave 40: guest drove World Map via public UI=true and both consumed 1829209189972980:1:BIOME_PICK:9700047",
    "wave 41 turn 1: replay guest crossed cmd:41:1 through real public COMMAND=opened",
    "wave 41: BIOME 14->22",
    "wave 41: host slot move=85 guest slot move=247",
    "wave 41 turn 1: progress enemyHp=[958:0/77,605:0/83] playerHp=[890:2065/2065,150:1725/1725]",
    "wave 41: reward shop owner=host take-nonparty",
    "wave 42 turn 1: replay guest crossed cmd:42:1 through real public COMMAND=opened",
    "wave 42: host slot move=34 guest slot move=53",
    "wave 42 turn 1: progress enemyHp=[561:0/87,325:0/77] playerHp=[890:2065/2065,150:1725/1725]",
    "wave 42: reward shop owner=guest take-nonparty",
    "wave 43 turn 1: replay guest crossed cmd:43:1 through real public COMMAND=opened",
    "wave 43: host slot move=247 guest slot move=85",
    "wave 43 turn 1: progress enemyHp=[202:0/142,605:0/85] playerHp=[890:2006/2065,150:1725/1725]",
    "wave 43: reward shop owner=host leave",
    "wave 43: drained 1 milestone reward continuation(s)",
    "wave 44 turn 1: replay guest crossed cmd:44:1 through real public COMMAND=opened",
    "wave 44: host slot move=53 guest slot move=34",
    "wave 44 turn 1: guest SWITCH -> party[3]",
    "wave 44 turn 1: progress enemyHp=[177:0/71,605:88/88] playerHp=[890:2065/2065,384:1715/1715]",
    "wave 44 turn 2: replay guest crossed cmd:44:2 through real public COMMAND=opened",
    "wave 44 turn 2: host SWITCH -> party[2]",
    "wave 44: reward shop owner=guest take-nonparty",
    "wave 45 turn 1: replay guest crossed cmd:45:1 through real public COMMAND=opened",
    "wave 45: host slot move=34 guest slot move=247",
    "wave 45 turn 1: guest SWITCH -> party[3]",
    "wave 45 turn 1: progress enemyHp=[201:0/79,325:80/80] playerHp=[493:1865/1865,150:1725/1725]",
    "wave 45 turn 2: replay guest crossed cmd:45:2 through real public COMMAND=opened",
    "wave 45 turn 2: guest SWITCH -> party[3]",
    "wave 45: reward shop owner=host leave",
    "wave 45: guest chose Crossroads Leave through public UI",
    "wave 45: guest drove World Map via public UI=true and both consumed 1829209189972980:1:BIOME_PICK:9700053",
    "wave 46 turn 1: replay guest crossed cmd:46:1 through real public COMMAND=opened",
    "wave 46: BIOME 22->11",
    "wave 46: host slot move=34 guest slot move=53",
    "wave 46 turn 1: progress enemyHp=[67:0/97,22:0/93] playerHp=[493:1865/1865,384:1715/1715]",
    "wave 46: reward shop owner=host leave",
    "wave 47 turn 1: replay guest crossed cmd:47:1 through real public COMMAND=opened",
    "wave 47: host slot move=247 guest slot move=85",
    "wave 47 turn 1: progress enemyHp=[525:0/91,304:1/83] playerHp=[493:1865/1865,384:1715/1715]",
    "wave 47 turn 2: replay guest crossed cmd:47:2 through real public COMMAND=opened",
    "wave 47: reward shop owner=guest take-nonparty",
    "wave 48 turn 1: replay guest crossed cmd:48:1 through real public COMMAND=opened",
    "wave 48 turn 1: host SWITCH -> party[2]",
    "wave 48: host slot move=85 guest slot move=34",
    "wave 48 turn 1: progress enemyHp=[17:84/84,75:1/89] playerHp=[890:2065/2065,384:1710/1715]",
    "wave 48 turn 2: replay guest crossed cmd:48:2 through real public COMMAND=opened",
    "wave 48 turn 2: guest SWITCH -> party[3]",
    "wave 48 turn 3: replay guest crossed cmd:48:3 through real public COMMAND=opened",
    "wave 48 turn 3: host SWITCH -> party[2]",
    "wave 48 turn 3: guest SWITCH -> party[3]",
    "wave 48 turn 4: replay guest crossed cmd:48:4 through real public COMMAND=opened",
    "wave 48: reward shop owner=host leave",
    "wave 49 turn 1: replay guest crossed cmd:49:1 through real public COMMAND=opened",
    "wave 49: host slot move=53 guest slot move=34",
    "wave 49 turn 1: progress enemyHp=[111:0/100,111:0/103] playerHp=[493:1865/1865,384:1501/1715]",
    "wave 49: reward shop owner=guest take-nonparty",
    "wave 50 turn 1: replay guest crossed cmd:50:1 through real public COMMAND=opened",
    "wave 50: TRAINER (random)",
    "wave 50: host slot move=34 guest slot move=34",
    "wave 50 turn 1: progress enemyHp=[962:0/106,989:0/118] playerHp=[493:1865/1865,384:1501/1715]",
    "wave 50 turn 2: replay guest crossed cmd:50:2 through real public COMMAND=opened",
    "wave 50 turn 2: host SWITCH -> party[2]",
    "wave 50: biome market owner=host leave",
    "wave 50: drained 1 milestone reward continuation(s)",
    "wave 50: guest chose Crossroads Leave through public UI",
    "wave 50: guest drove World Map via public UI=true and both consumed 1829209189972980:1:BIOME_PICK:9700059",
    "wave 51 turn 1: replay guest crossed cmd:51:1 through real public COMMAND=opened",
    "wave 51: BIOME 11->18",
    "wave 51: host slot move=247 guest slot move=85",
    "wave 51 turn 1: progress enemyHp=[324:0/96,326:0/111] playerHp=[890:2065/2065,384:1715/1715]",
    "wave 51: reward shop owner=host take-nonparty",
    "wave 52 turn 1: replay guest crossed cmd:52:1 through real public COMMAND=opened",
    "wave 52 turn 1: host SWITCH -> party[2]",
    "wave 52: host slot move=53 guest slot move=85",
    "wave 52 turn 1: progress enemyHp=[776:90/90,513:0/88] playerHp=[493:1865/1865,384:1715/1715]",
    "wave 52 turn 2: replay guest crossed cmd:52:2 through real public COMMAND=opened",
    "wave 52: reward shop owner=guest leave",
    "wave 53 turn 1: replay guest crossed cmd:53:1 through real public COMMAND=opened",
    "wave 53: host slot move=85 guest slot move=247",
    "wave 53 turn 1: progress enemyHp=[776:0/100,156:0/97] playerHp=[493:1865/1865,384:1715/1715]",
    "wave 53: reward shop owner=host leave",
    "wave 53: drained 1 milestone reward continuation(s)",
    "wave 54 turn 1: replay guest crossed cmd:54:1 through real public COMMAND=opened",
    "wave 54: host slot move=34 guest slot move=53",
    "wave 54 turn 1: progress enemyHp=[839:0/139,839:0/136] playerHp=[493:1865/1865,384:1715/1715]",
    "wave 54: reward shop owner=guest leave",
    "wave 54: drained 1 milestone reward continuation(s)",
    "wave 55 turn 1: replay guest crossed cmd:55:1 through real public COMMAND=opened",
    "wave 55: TRAINER (fixed)",
    "wave 55: host slot move=247 guest slot move=85",
    "wave 55 turn 1: progress enemyHp=[6:0/128,164:0/135] playerHp=[493:1865/1865,384:1715/1715]",
    "wave 55 turn 2: replay guest crossed cmd:55:2 through real public COMMAND=opened",
    "wave 55: reward shop owner=host leave",
    "wave 55: guest chose Crossroads Leave through public UI",
    "wave 55: guest drove World Map via public UI=true and both consumed 1829209189972980:1:BIOME_PICK:9700065",
    "wave 56 turn 1: replay guest crossed cmd:56:1 through real public COMMAND=opened",
    "wave 56: BIOME 18->8",
    "wave 56: host slot move=53 guest slot move=247",
    "wave 56 turn 1: progress enemyHp=[342:0/107,770:0/121] playerHp=[493:1865/1865,384:1715/1715]",
    "wave 56: reward shop owner=host take-nonparty",
    "wave 57 turn 1: replay guest crossed cmd:57:1 through real public COMMAND=opened",
    "wave 57: host slot move=53 guest slot move=53",
    "wave 57 turn 1: progress enemyHp=[770:0/124,978:0/108] playerHp=[493:1865/1865,384:1715/1715]",
    "wave 57: reward shop owner=guest take-nonparty",
    "wave 58 turn 1: replay guest crossed cmd:58:1 through real public COMMAND=opened",
    "wave 58 turn 1: host SWITCH -> party[2]",
    "wave 58: host slot move=85 guest slot move=85",
    "wave 58 turn 1: progress enemyHp=[342:107/107,978:0/111] playerHp=[890:2065/2065,384:1715/1715]",
    "wave 58 turn 2: replay guest crossed cmd:58:2 through real public COMMAND=opened",
    "wave 58 turn 2: guest SWITCH -> party[3]",
    "wave 58: reward shop owner=host leave",
    "wave 59 turn 1: replay guest crossed cmd:59:1 through real public COMMAND=opened",
    "wave 59: host slot move=247 guest slot move=85",
    "wave 59 turn 1: progress enemyHp=[693:0/142,342:0/115] playerHp=[890:1984/2065,150:1725/1725]",
    "wave 59: reward shop owner=guest take-nonparty",
    "wave 60 turn 1: replay guest crossed cmd:60:1 through real public COMMAND=opened",
    "wave 60 turn 1: host SWITCH -> party[2]",
    "wave 60: host slot move=53 guest slot move=34",
    "wave 60 turn 1: progress enemyHp=[693:171/171,689:0/131] playerHp=[493:1862/1865,150:1722/1725]",
    "wave 60 turn 2: replay guest crossed cmd:60:2 through real public COMMAND=opened",
    "wave 60 turn 2: host SWITCH -> party[2]",
    "wave 60: biome market owner=host leave",
    "wave 60: drained 1 milestone reward continuation(s)",
    "wave 60: guest chose Crossroads Leave through public UI",
    "wave 60: guest drove World Map via public UI=true and both consumed 1829209189972980:1:BIOME_PICK:9700071",
    "wave 61 turn 1: replay guest crossed cmd:61:1 through real public COMMAND=opened",
    "wave 61: BIOME 8->6",
    "wave 61: host slot move=85 guest slot move=247",
    "wave 61 turn 1: guest SWITCH -> party[3]",
    "wave 61 turn 1: progress enemyHp=[73:0/129,845:125/125] playerHp=[890:2023/2065,384:1715/1715]",
    "wave 61 turn 2: replay guest crossed cmd:61:2 through real public COMMAND=opened",
    "wave 61: reward shop owner=host leave",
    "wave 62 turn 1: replay guest crossed cmd:62:1 through real public COMMAND=opened",
    "wave 62: TRAINER (fixed)",
    "wave 62 turn 1: host SWITCH -> party[2]",
    "wave 62: host slot move=34 guest slot move=53",
    "wave 62 turn 1: progress enemyHp=[42:130/130,560:0/122] playerHp=[493:1865/1865,384:1715/1715]",
    "wave 62 turn 2: replay guest crossed cmd:62:2 through real public COMMAND=opened",
    "wave 62 turn 3: replay guest crossed cmd:62:3 through real public COMMAND=opened",
    "wave 62 turn 3: host SWITCH -> party[2]",
    "wave 62: reward shop owner=guest leave",
    "wave 63 turn 1: replay guest crossed cmd:63:1 through real public COMMAND=opened",
    "wave 63: host slot move=247 guest slot move=85",
    "wave 63 turn 1: progress enemyHp=[845:0/130,79:0/137] playerHp=[890:2023/2065,384:1707/1715]",
    "wave 63: reward shop owner=host leave",
    "wave 64 turn 1: replay guest crossed cmd:64:1 through real public COMMAND=opened",
    "wave 64: TRAINER (fixed)",
    "wave 64: host slot move=53 guest slot move=34",
    "wave 64 turn 1: progress enemyHp=[693:0/155,687:0/146] playerHp=[890:1972/2065,384:1707/1715]",
    "wave 64 turn 2: replay guest crossed cmd:64:2 through real public COMMAND=opened",
    "wave 64 turn 2: host SWITCH -> party[2]",
    "wave 64: reward shop owner=guest take-nonparty",
    "wave 65 turn 1: replay guest crossed cmd:65:1 through real public COMMAND=opened",
    "wave 65: host slot move=85 guest slot move=247",
    "wave 65 turn 1: progress enemyHp=[964:0/149,964:0/155] playerHp=[493:1865/1865,384:1707/1715]",
    "wave 65: reward shop owner=host leave",
    "wave 66 turn 1: replay guest crossed cmd:66:1 through real public COMMAND=opened",
    "wave 66: TRAINER (fixed)",
    "wave 66: host slot move=34 guest slot move=247",
    "wave 66 turn 1: progress enemyHp=[678:0/150,608:0/127] playerHp=[493:1865/1865,384:1707/1715]",
    "wave 66 turn 2: replay guest crossed cmd:66:2 through real public COMMAND=opened",
    "wave 66 turn 3: replay guest crossed cmd:66:3 through real public COMMAND=opened",
    "wave 66 turn 3: host SWITCH -> party[2]",
    "wave 66 turn 4: replay guest crossed cmd:66:4 through real public COMMAND=opened",
    "wave 66 turn 4: host SWITCH -> party[2]",
    "wave 66: reward shop owner=guest take-nonparty",
    "wave 67 turn 1: replay guest crossed cmd:67:1 through real public COMMAND=opened",
    "wave 67: host slot move=247 guest slot move=85",
    "wave 67 turn 1: progress enemyHp=[845:0/144,73:0/135] playerHp=[493:1749/1865,384:1697/1715]",
    "wave 67: reward shop owner=host leave",
    "wave 68 turn 1: replay guest crossed cmd:68:1 through real public COMMAND=opened",
    "wave 68: host slot move=53 guest slot move=34",
    "wave 68 turn 1: progress enemyHp=[321:0/221,279:0/127] playerHp=[493:1633/1865,384:1697/1715]",
    "wave 68: reward shop owner=guest leave",
    "wave 69 turn 1: replay guest crossed cmd:69:1 through real public COMMAND=opened",
    "wave 69: host slot move=85 guest slot move=247",
    "wave 69 turn 1: progress enemyHp=[279:0/135,845:0/139] playerHp=[493:1517/1865,384:1697/1715]",
    "wave 69: reward shop owner=host take-nonparty",
    "wave 70 turn 1: replay guest crossed cmd:70:1 through real public COMMAND=opened",
    "wave 70: host slot move=34 guest slot move=53",
    "wave 70 turn 1: progress enemyHp=[130:0/180,516:0/181] playerHp=[493:1517/1865,384:1697/1715]",
    "wave 70: biome market owner=guest leave",
    "wave 70: drained 1 milestone reward continuation(s)",
    "wave 70: host chose Crossroads Leave through public UI",
    "wave 70: host drove World Map via public UI=true and both consumed 1829209189972980:0:BIOME_PICK:9700082",
    "wave 71 turn 1: replay guest crossed cmd:71:1 through real public COMMAND=opened",
    "wave 71: BIOME 6->10",
    "wave 71: host slot move=247 guest slot move=85",
    "wave 71 turn 1: progress enemyHp=[370:0/128,211:130/130] playerHp=[493:1865/1865,384:1715/1715]",
    "wave 71 turn 2: replay guest crossed cmd:71:2 through real public COMMAND=opened",
    "wave 71: reward shop owner=guest leave",
    "wave 72 turn 1: replay guest crossed cmd:72:1 through real public COMMAND=opened",
    "wave 72: host slot move=53 guest slot move=34",
    "wave 72 turn 1: progress enemyHp=[603:0/137,211:132/132] playerHp=[493:1735/1865,384:1501/1715]",
    "wave 72 turn 2: replay guest crossed cmd:72:2 through real public COMMAND=opened",
    "wave 72: reward shop owner=host leave",
    "wave 73 turn 1: replay guest crossed cmd:73:1 through real public COMMAND=opened",
    "wave 73: TRAINER (random)",
    "wave 73: host slot move=85 guest slot move=247",
    "wave 73 turn 1: progress enemyHp=[224:0/156,693:0/177] playerHp=[493:1735/1865,384:1073/1715]",
    "wave 73: reward shop owner=guest leave",
    "wave 74 turn 1: replay guest crossed cmd:74:1 through real public COMMAND=opened",
    "wave 74: host slot move=34 guest slot move=53",
    "wave 74 turn 1: progress enemyHp=[883:0/174,847:0/133] playerHp=[493:1735/1865,384:859/1715]",
    "wave 74: reward shop owner=host leave",
    "wave 74: drained 1 milestone reward continuation(s)",
    "wave 75 turn 1: replay guest crossed cmd:75:1 through real public COMMAND=opened",
    "wave 75 turn 1: host SWITCH -> party[2]",
    "wave 75: host slot move=247 guest slot move=85",
    "wave 75 turn 1: progress enemyHp=[976:184/184,847:140/141] playerHp=[890:2065/2065,384:636/1715]",
    "wave 75 turn 2: replay guest crossed cmd:75:2 through real public COMMAND=opened",
    "wave 75: reward shop owner=guest leave",
    "wave 75: host chose Crossroads Leave through public UI",
    "wave 75: host drove World Map via public UI=true and both consumed 1829209189972980:0:BIOME_PICK:9700088",
    "wave 76 turn 1: replay guest crossed cmd:76:1 through real public COMMAND=opened",
    "wave 76: BIOME 10->13",
    "wave 76: host slot move=53 guest slot move=34",
    "wave 76 turn 1: progress enemyHp=[715:0/169,75:1/137] playerHp=[890:1950/2065,384:208/1715]",
    "wave 76 turn 2: replay guest crossed cmd:76:2 through real public COMMAND=opened",
    "wave 76 turn 2: host SWITCH -> party[2]"
  ]
}