{
  "invariant": "no-park",
  "seed": 20260810,
  "wave": 3,
  "detail": "wave driving threw (strand/stall): guest reward WATCH HANG: watcher neither left nor advanced past interaction 2 after 32 drains (owner terminal never arrived) - see dev-logs/coop-duo/",
  "replay": "SOAK_SEED=20260810",
  "phaseState": {
    "hostPhase": "SelectModifierPhase",
    "guestPhase": "SelectModifierPhase",
    "hostInteractionCounter": 2,
    "guestInteractionCounter": 2,
    "hostWave": 3,
    "hostBattleType": 0,
    "hostPlayerField": [
      {
        "id": 3660319965,
        "battlerIndex": -1,
        "speciesId": 149,
        "speciesName": "Dragonite",
        "hp": 213,
        "maxHp": 213,
        "fainted": false,
        "status": 0,
        "statStages": [
          0,
          0,
          0,
          0,
          0,
          0,
          0
        ],
        "moves": [
          {
            "id": 262,
            "ppUsed": 0
          },
          {
            "id": 247,
            "ppUsed": 0
          },
          {
            "id": 53,
            "ppUsed": 0
          },
          {
            "id": 85,
            "ppUsed": 1
          }
        ],
        "coopOwner": "host"
      },
      {
        "id": 1586796736,
        "battlerIndex": -1,
        "speciesId": 445,
        "speciesName": "Garchomp",
        "hp": 235,
        "maxHp": 235,
        "fainted": false,
        "status": 0,
        "statStages": [
          0,
          0,
          0,
          0,
          0,
          0,
          0
        ],
        "moves": [
          {
            "id": 262,
            "ppUsed": 0
          },
          {
            "id": 247,
            "ppUsed": 0
          },
          {
            "id": 53,
            "ppUsed": 0
          },
          {
            "id": 85,
            "ppUsed": 0
          }
        ],
        "coopOwner": "guest"
      }
    ],
    "hostEnemyField": [
      {
        "id": 762143357,
        "battlerIndex": -1,
        "speciesId": 824,
        "speciesName": "Blipbug",
        "hp": 0,
        "maxHp": 15,
        "fainted": true,
        "status": 7,
        "statStages": [
          0,
          0,
          0,
          0,
          0,
          0,
          0
        ],
        "moves": [
          {
            "id": 679,
            "ppUsed": 0
          },
          {
            "id": 502,
            "ppUsed": 2
          },
          {
            "id": 611,
            "ppUsed": 0
          }
        ]
      },
      {
        "id": 1520437989,
        "battlerIndex": -1,
        "speciesId": 399,
        "speciesName": "Bidoof",
        "hp": 0,
        "maxHp": 18,
        "fainted": true,
        "status": 7,
        "statStages": [
          0,
          0,
          0,
          0,
          0,
          0,
          0
        ],
        "moves": [
          {
            "id": 158,
            "ppUsed": 0
          },
          {
            "id": 300,
            "ppUsed": 0
          },
          {
            "id": 70,
            "ppUsed": 0
          },
          {
            "id": 111,
            "ppUsed": 0
          }
        ]
      }
    ],
    "guestPlayerField": [
      {
        "id": 3660319965,
        "battlerIndex": 0,
        "speciesId": 149,
        "speciesName": "Dragonite",
        "hp": 213,
        "maxHp": 213,
        "fainted": false,
        "status": 0,
        "statStages": [
          0,
          0,
          0,
          0,
          0,
          0,
          0
        ],
        "moves": [
          {
            "id": 262,
            "ppUsed": 0
          },
          {
            "id": 247,
            "ppUsed": 0
          },
          {
            "id": 53,
            "ppUsed": 0
          },
          {
            "id": 85,
            "ppUsed": 1
          }
        ],
        "coopOwner": "host"
      },
      {
        "id": 1586796736,
        "battlerIndex": 1,
        "speciesId": 445,
        "speciesName": "Garchomp",
        "hp": 235,
        "maxHp": 235,
        "fainted": false,
        "status": 0,
        "statStages": [
          0,
          0,
          0,
          0,
          0,
          0,
          0
        ],
        "moves": [
          {
            "id": 262,
            "ppUsed": 0
          },
          {
            "id": 247,
            "ppUsed": 0
          },
          {
            "id": 53,
            "ppUsed": 0
          },
          {
            "id": 85,
            "ppUsed": 0
          }
        ],
        "coopOwner": "guest"
      }
    ],
    "guestEnemyField": [
      {
        "id": 762143357,
        "battlerIndex": 2,
        "speciesId": 824,
        "speciesName": "Blipbug",
        "hp": 0,
        "maxHp": 15,
        "fainted": true,
        "status": 7,
        "statStages": [
          0,
          0,
          0,
          0,
          0,
          0,
          0
        ],
        "moves": [
          {
            "id": 679,
            "ppUsed": 0
          },
          {
            "id": 502,
            "ppUsed": 2
          },
          {
            "id": 611,
            "ppUsed": 0
          }
        ]
      },
      {
        "id": 1520437989,
        "battlerIndex": 3,
        "speciesId": 399,
        "speciesName": "Bidoof",
        "hp": 0,
        "maxHp": 18,
        "fainted": true,
        "status": 7,
        "statStages": [
          0,
          0,
          0,
          0,
          0,
          0,
          0
        ],
        "moves": [
          {
            "id": 158,
            "ppUsed": 0
          },
          {
            "id": 300,
            "ppUsed": 0
          },
          {
            "id": 70,
            "ppUsed": 0
          },
          {
            "id": 111,
            "ppUsed": 0
          }
        ]
      }
    ]
  },
  "actionScript": [
    "SKIP mysteryEncounterDisabledV1",
    "content seed=coop-soak-20260810 preseeded=false",
    "wave 1 turn 1: replay guest crossed cmd:1:1 through real public COMMAND=opened",
    "wave 1: host slot move=85 guest slot move=85",
    "wave 1 turn 1: progress enemyHp=[16:0/14,263:0/14] playerHp=[143:303/303,94:179/179]",
    "wave 1: reward shop owner=host leave",
    "wave 2 turn 1: replay guest crossed cmd:2:1 through real public COMMAND=opened",
    "wave 2 turn 1: staged guest-owned lead at 1 HP on both engines",
    "wave 2: host slot move=53 guest slot move=53",
    "wave 2 turn 1: forced-faint guest MEMENTO self-KO",
    "wave 2 turn 1: progress enemyHp=[401:0/16,293:18/18] playerHp=[143:303/303,94:0/179]",
    "wave 2 turn 2: replay guest crossed cmd:2:2 through real public COMMAND=opened",
    "wave 2: reward shop owner=guest leave",
    "wave 3 turn 1: replay guest crossed cmd:3:1 through real public COMMAND=opened",
    "wave 3 turn 1: host SWITCH -> party[2]",
    "wave 3: host slot move=85 guest slot move=85",
    "wave 3 turn 1: progress enemyHp=[824:15/15,399:0/18] playerHp=[149:213/213,248:225/225]",
    "wave 3 turn 2: replay guest crossed cmd:3:2 through real public COMMAND=opened",
    "wave 3 turn 2: guest SWITCH -> party[5]"
  ]
}