{
  "invariant": "no-park",
  "seed": 20260921,
  "wave": 70,
  "detail": "wave driving threw (strand/stall): guest retained wave 70 did not reach continuationReady within 24 destination pumps (current=NewBattlePhase authority=legacy dataApplied=true continuationReady=false)",
  "replay": "SOAK_SEED=20260921",
  "phaseState": {
    "hostPhase": "NewBattlePhase",
    "guestPhase": "NewBattlePhase",
    "hostInteractionCounter": 83,
    "guestInteractionCounter": 83,
    "hostWave": 70,
    "hostBattleType": 0,
    "hostPlayerField": [
      {
        "id": 4125208555,
        "battlerIndex": -1,
        "speciesId": 890,
        "speciesName": "Eternatus",
        "hp": 2073,
        "maxHp": 2073,
        "fainted": false,
        "status": 0,
        "statStages": [
          0,
          0,
          0,
          0,
          0,
          0,
          0
        ],
        "moves": [
          {
            "id": 34,
            "ppUsed": 0
          },
          {
            "id": 247,
            "ppUsed": 0
          },
          {
            "id": 53,
            "ppUsed": 0
          },
          {
            "id": 85,
            "ppUsed": 0
          }
        ],
        "coopOwner": "host"
      },
      {
        "id": 2884759200,
        "battlerIndex": -1,
        "speciesId": 384,
        "speciesName": "Rayquaza",
        "hp": 1721,
        "maxHp": 1721,
        "fainted": false,
        "status": 0,
        "statStages": [
          0,
          0,
          0,
          0,
          0,
          0,
          0
        ],
        "moves": [
          {
            "id": 34,
            "ppUsed": 0
          },
          {
            "id": 247,
            "ppUsed": 0
          },
          {
            "id": 53,
            "ppUsed": 0
          },
          {
            "id": 85,
            "ppUsed": 0
          }
        ],
        "coopOwner": "guest"
      }
    ],
    "hostEnemyField": [
      {
        "id": 2561121452,
        "battlerIndex": -1,
        "speciesId": 576,
        "speciesName": "Gothitelle",
        "hp": 0,
        "maxHp": 178,
        "fainted": true,
        "status": 7,
        "statStages": [
          0,
          0,
          0,
          0,
          0,
          0,
          0
        ],
        "moves": [
          {
            "id": 354,
            "ppUsed": 1
          },
          {
            "id": 170,
            "ppUsed": 0
          },
          {
            "id": 100,
            "ppUsed": 0
          },
          {
            "id": 750,
            "ppUsed": 0
          }
        ]
      },
      {
        "id": 1839975573,
        "battlerIndex": -1,
        "speciesId": 178,
        "speciesName": "Xatu",
        "hp": 0,
        "maxHp": 163,
        "fainted": true,
        "status": 7,
        "statStages": [
          0,
          0,
          0,
          0,
          0,
          0,
          0
        ],
        "moves": [
          {
            "id": 5131,
            "ppUsed": 1
          },
          {
            "id": 382,
            "ppUsed": 0
          },
          {
            "id": 100,
            "ppUsed": 0
          },
          {
            "id": 385,
            "ppUsed": 0
          }
        ]
      }
    ],
    "guestPlayerField": [
      {
        "id": 4125208555,
        "battlerIndex": 0,
        "speciesId": 890,
        "speciesName": "Eternatus",
        "hp": 2073,
        "maxHp": 2073,
        "fainted": false,
        "status": 0,
        "statStages": [
          0,
          0,
          0,
          0,
          0,
          0,
          0
        ],
        "moves": [
          {
            "id": 34,
            "ppUsed": 0
          },
          {
            "id": 247,
            "ppUsed": 0
          },
          {
            "id": 53,
            "ppUsed": 0
          },
          {
            "id": 85,
            "ppUsed": 0
          }
        ],
        "coopOwner": "host"
      },
      {
        "id": 2884759200,
        "battlerIndex": 1,
        "speciesId": 384,
        "speciesName": "Rayquaza",
        "hp": 1721,
        "maxHp": 1721,
        "fainted": false,
        "status": 0,
        "statStages": [
          0,
          0,
          0,
          0,
          0,
          0,
          0
        ],
        "moves": [
          {
            "id": 34,
            "ppUsed": 0
          },
          {
            "id": 247,
            "ppUsed": 0
          },
          {
            "id": 53,
            "ppUsed": 0
          },
          {
            "id": 85,
            "ppUsed": 0
          }
        ],
        "coopOwner": "guest"
      }
    ],
    "guestEnemyField": [
      {
        "id": 2561121452,
        "battlerIndex": 2,
        "speciesId": 576,
        "speciesName": "Gothitelle",
        "hp": 0,
        "maxHp": 178,
        "fainted": true,
        "status": 7,
        "statStages": [
          0,
          0,
          0,
          0,
          0,
          0,
          0
        ],
        "moves": [
          {
            "id": 354,
            "ppUsed": 1
          },
          {
            "id": 170,
            "ppUsed": 0
          },
          {
            "id": 100,
            "ppUsed": 0
          },
          {
            "id": 750,
            "ppUsed": 0
          }
        ]
      },
      {
        "id": 1839975573,
        "battlerIndex": 3,
        "speciesId": 178,
        "speciesName": "Xatu",
        "hp": 0,
        "maxHp": 163,
        "fainted": true,
        "status": 7,
        "statStages": [
          0,
          0,
          0,
          0,
          0,
          0,
          0
        ],
        "moves": [
          {
            "id": 5131,
            "ppUsed": 1
          },
          {
            "id": 382,
            "ppUsed": 0
          },
          {
            "id": 100,
            "ppUsed": 0
          },
          {
            "id": 385,
            "ppUsed": 0
          }
        ]
      }
    ]
  },
  "actionScript": [
    "SKIP mysteryEncounterDisabledV1",
    "content seed=coop-soak-20260921 preseeded=false",
    "wave 1 turn 1: committed frontier omitted seat 1; guest remained a replay spectator until host action",
    "wave 1: host slot move=85 guest slot move=0",
    "wave 1 turn 1: progress enemyHp=[16:0/14] playerHp=[890:2065/2065]",
    "wave 1: reward shop owner=host take-nonparty",
    "wave 2 turn 1: replay guest crossed cmd:2:1 through real public COMMAND=opened",
    "wave 2: host slot move=53 guest slot move=85",
    "wave 2 turn 1: progress enemyHp=[43:0/14,276:0/14] playerHp=[890:2065/2065,384:1715/1715]",
    "wave 2: reward shop owner=guest take-nonparty",
    "wave 3 turn 1: replay guest crossed cmd:3:1 through real public COMMAND=opened",
    "wave 3 turn 1: host SWITCH -> party[2]",
    "wave 3: host slot move=85 guest slot move=247",
    "wave 3 turn 1: progress enemyHp=[543:15/15,821:0/16] playerHp=[493:1865/1865,384:1715/1715]",
    "wave 3 turn 2: replay guest crossed cmd:3:2 through real public COMMAND=opened",
    "wave 3 turn 2: host SWITCH -> party[2]",
    "wave 3: reward shop owner=host leave",
    "wave 4 turn 1: replay guest crossed cmd:4:1 through real public COMMAND=opened",
    "wave 4: host slot move=34 guest slot move=85",
    "wave 4 turn 1: progress enemyHp=[261:0/18,504:0/18] playerHp=[890:2065/2065,384:1715/1715]",
    "wave 4: reward shop owner=guest take-nonparty",
    "wave 5 turn 1: replay guest crossed cmd:5:1 through real public COMMAND=opened",
    "wave 5: TRAINER (fixed)",
    "wave 5 turn 1: host SWITCH -> party[2]",
    "wave 5: host slot move=247 guest slot move=85",
    "wave 5 turn 1: progress enemyHp=[10:18/18,19:0/17] playerHp=[493:1865/1865,384:1711/1715]",
    "wave 5 turn 2: replay guest crossed cmd:5:2 through real public COMMAND=opened",
    "wave 5: reward shop owner=host take-nonparty",
    "wave 5: guest chose Crossroads Leave through public UI",
    "wave 5: guest drove World Map via public UI=true and both consumed 1832939995405045:1:BIOME_PICK:9700005",
    "wave 6 turn 1: replay guest crossed cmd:6:1 through real public COMMAND=opened",
    "wave 6: BIOME 0->1",
    "wave 6: host slot move=53 guest slot move=53",
    "wave 6 turn 1: progress enemyHp=[263:0/20,52:0/18] playerHp=[493:1865/1865,384:1711/1715]",
    "wave 6: reward shop owner=host take-nonparty",
    "wave 7 turn 1: replay guest crossed cmd:7:1 through real public COMMAND=opened",
    "wave 7: host slot move=34 guest slot move=85",
    "wave 7 turn 1: progress enemyHp=[399:0/23,21:20/20] playerHp=[493:1865/1865,384:1711/1715]",
    "wave 7 turn 2: replay guest crossed cmd:7:2 through real public COMMAND=opened",
    "wave 7: reward shop owner=guest leave",
    "wave 8 turn 1: replay guest crossed cmd:8:1 through real public COMMAND=opened",
    "wave 8: TRAINER (fixed)",
    "wave 8: host slot move=34 guest slot move=247",
    "wave 8 turn 1: progress enemyHp=[722:0/28,940:0/22] playerHp=[493:1865/1865,384:1711/1715]",
    "wave 8: reward shop owner=host take-nonparty",
    "wave 9 turn 1: replay guest crossed cmd:9:1 through real public COMMAND=opened",
    "wave 9 turn 1: host SWITCH -> party[2]",
    "wave 9: host slot move=247 guest slot move=85",
    "wave 9 turn 1: progress enemyHp=[63:22/22,41:0/24] playerHp=[890:2065/2065,384:1711/1715]",
    "wave 9 turn 2: replay guest crossed cmd:9:2 through real public COMMAND=opened",
    "wave 9: reward shop owner=guest take-nonparty",
    "wave 10 turn 1: replay guest crossed cmd:10:1 through real public COMMAND=opened",
    "wave 10: host slot move=34 guest slot move=34",
    "wave 10 turn 1: progress enemyHp=[399:0/28,83:0/24] playerHp=[890:2065/2065,384:1711/1715]",
    "wave 10: biome market owner=host leave",
    "wave 10: drained 1 milestone reward continuation(s)",
    "wave 10: guest chose Crossroads Leave through public UI",
    "wave 10: guest drove World Map via public UI=true and both consumed 1832939995405045:1:BIOME_PICK:9700011",
    "wave 11 turn 1: replay guest crossed cmd:11:1 through real public COMMAND=opened",
    "wave 11: BIOME 1->2",
    "wave 11: host slot move=85 guest slot move=34",
    "wave 11 turn 1: progress enemyHp=[543:0/23,108:0/31] playerHp=[890:2065/2065,384:1715/1715]",
    "wave 11: reward shop owner=host take-nonparty",
    "wave 12 turn 1: replay guest crossed cmd:12:1 through real public COMMAND=opened",
    "wave 12: host slot move=34 guest slot move=34",
    "wave 12 turn 1: progress enemyHp=[548:0/27,387:0/29] playerHp=[890:2065/2065,384:1715/1715]",
    "wave 12: reward shop owner=guest take-nonparty",
    "wave 13 turn 1: replay guest crossed cmd:13:1 through real public COMMAND=opened",
    "wave 13: host slot move=247 guest slot move=85",
    "wave 13 turn 1: progress enemyHp=[370:0/31,285:0/30] playerHp=[890:2065/2065,384:1715/1715]",
    "wave 13: reward shop owner=host leave",
    "wave 14 turn 1: replay guest crossed cmd:14:1 through real public COMMAND=opened",
    "wave 14: host slot move=53 guest slot move=34",
    "wave 14 turn 1: progress enemyHp=[268:0/33,546:0/28] playerHp=[890:2065/2065,384:1715/1715]",
    "wave 14: reward shop owner=guest take-nonparty",
    "wave 15 turn 1: replay guest crossed cmd:15:1 through real public COMMAND=opened",
    "wave 15 turn 1: host SWITCH -> party[2]",
    "wave 15: host slot move=85 guest slot move=247",
    "wave 15 turn 1: progress enemyHp=[543:27/27,543:0/29] playerHp=[493:1865/1865,384:1715/1715]",
    "wave 15 turn 2: replay guest crossed cmd:15:2 through real public COMMAND=opened",
    "wave 15: reward shop owner=host take-nonparty",
    "wave 15: guest chose Crossroads Leave through public UI",
    "wave 15: guest drove World Map via public UI=true and both consumed 1832939995405045:1:BIOME_PICK:9700017",
    "wave 16 turn 1: replay guest crossed cmd:16:1 through real public COMMAND=opened",
    "wave 16: host slot move=34 guest slot move=53",
    "wave 16 turn 1: progress enemyHp=[273:0/33,543:25/31] playerHp=[493:1865/1865,384:1714/1715]",
    "wave 16 turn 2: replay guest crossed cmd:16:2 through real public COMMAND=opened",
    "wave 16: reward shop owner=host leave",
    "wave 17 turn 1: replay guest crossed cmd:17:1 through real public COMMAND=opened",
    "wave 17: host slot move=247 guest slot move=85",
    "wave 17 turn 1: progress enemyHp=[202:0/66,548:0/32] playerHp=[493:1865/1865,384:1714/1715]",
    "wave 17: reward shop owner=guest take-nonparty",
    "wave 18 turn 1: replay guest crossed cmd:18:1 through real public COMMAND=opened",
    "wave 18: host slot move=53 guest slot move=34",
    "wave 18 turn 1: guest SWITCH -> party[3]",
    "wave 18 turn 1: progress enemyHp=[285:0/40,590:39/39] playerHp=[493:1865/1865,150:1725/1725]",
    "wave 18 turn 2: replay guest crossed cmd:18:2 through real public COMMAND=opened",
    "wave 18 turn 2: host SWITCH -> party[2]",
    "wave 18: reward shop owner=host leave",
    "wave 19 turn 1: replay guest crossed cmd:19:1 through real public COMMAND=opened",
    "wave 19: host slot move=85 guest slot move=247",
    "wave 19 turn 1: progress enemyHp=[546:0/37,268:0/37] playerHp=[890:2065/2065,150:1725/1725]",
    "wave 19: reward shop owner=guest leave",
    "wave 20 turn 1: replay guest crossed cmd:20:1 through real public COMMAND=opened",
    "wave 20: host slot move=34 guest slot move=53",
    "wave 20 turn 1: progress enemyHp=[548:0/40,714:0/37] playerHp=[890:2065/2065,150:1725/1725]",
    "wave 20: biome market owner=host leave",
    "wave 20: drained 1 milestone reward continuation(s)",
    "wave 20: guest chose Crossroads Leave through public UI",
    "wave 20: guest drove World Map via public UI=true and both consumed 1832939995405045:1:BIOME_PICK:9700023",
    "wave 21 turn 1: replay guest crossed cmd:21:1 through real public COMMAND=opened",
    "wave 21: BIOME 2->3",
    "wave 21: host slot move=247 guest slot move=85",
    "wave 21 turn 1: progress enemyHp=[32:0/38,665:0/38] playerHp=[890:2065/2065,150:1725/1725]",
    "wave 21: reward shop owner=host take-nonparty",
    "wave 22 turn 1: replay guest crossed cmd:22:1 through real public COMMAND=opened",
    "wave 22: host slot move=53 guest slot move=34",
    "wave 22 turn 1: progress enemyHp=[761:0/37,919:0/39] playerHp=[890:2065/2065,150:1725/1725]",
    "wave 22: reward shop owner=guest take-nonparty",
    "wave 23 turn 1: replay guest crossed cmd:23:1 through real public COMMAND=opened",
    "wave 23: host slot move=85 guest slot move=247",
    "wave 23 turn 1: progress enemyHp=[624:0/40,753:0/39] playerHp=[890:2065/2065,150:1725/1725]",
    "wave 23: reward shop owner=host leave",
    "wave 24 turn 1: replay guest crossed cmd:24:1 through real public COMMAND=opened",
    "wave 24: host slot move=34 guest slot move=53",
    "wave 24 turn 1: progress enemyHp=[46:0/43,29:0/43] playerHp=[890:2065/2065,150:1725/1725]",
    "wave 24: reward shop owner=guest take-nonparty",
    "wave 25 turn 1: replay guest crossed cmd:25:1 through real public COMMAND=opened",
    "wave 25: TRAINER (fixed)",
    "wave 25: host slot move=247 guest slot move=34",
    "wave 25 turn 1: progress enemyHp=[723:0/61,940:0/45] playerHp=[890:2065/2065,150:1725/1725]",
    "wave 25 turn 2: replay guest crossed cmd:25:2 through real public COMMAND=opened",
    "wave 25 turn 2: host SWITCH -> party[2]",
    "wave 25: reward shop owner=host take-nonparty",
    "wave 25: guest chose Crossroads Leave through public UI",
    "wave 25: guest drove World Map via public UI=true and both consumed 1832939995405045:1:BIOME_PICK:9700029",
    "wave 26 turn 1: replay guest crossed cmd:26:1 through real public COMMAND=opened",
    "wave 26: host slot move=53 guest slot move=34",
    "wave 26 turn 1: progress enemyHp=[665:0/47,32:0/45] playerHp=[493:1872/1872,150:1731/1731]",
    "wave 26: reward shop owner=host take-nonparty",
    "wave 27 turn 1: replay guest crossed cmd:27:1 through real public COMMAND=opened",
    "wave 27: host slot move=85 guest slot move=247",
    "wave 27 turn 1: progress enemyHp=[919:45/45,761:0/44] playerHp=[493:1872/1872,150:1731/1731]",
    "wave 27 turn 2: replay guest crossed cmd:27:2 through real public COMMAND=opened",
    "wave 27: reward shop owner=guest leave",
    "wave 28 turn 1: replay guest crossed cmd:28:1 through real public COMMAND=opened",
    "wave 28: host slot move=85 guest slot move=53",
    "wave 28 turn 1: progress enemyHp=[586:0/62,753:0/47] playerHp=[493:1872/1872,150:1731/1731]",
    "wave 28: reward shop owner=host leave",
    "wave 29 turn 1: replay guest crossed cmd:29:1 through real public COMMAND=opened",
    "wave 29: host slot move=247 guest slot move=85",
    "wave 29 turn 1: progress enemyHp=[665:0/51,46:0/49] playerHp=[493:1872/1872,150:1731/1731]",
    "wave 29: reward shop owner=guest leave",
    "wave 30 turn 1: replay guest crossed cmd:30:1 through real public COMMAND=opened",
    "wave 30: TRAINER (random)",
    "wave 30: host slot move=53 guest slot move=34",
    "wave 30 turn 1: progress enemyHp=[10287:0/70,767:48/48] playerHp=[493:1870/1872,150:1726/1731]",
    "wave 30 turn 2: replay guest crossed cmd:30:2 through real public COMMAND=opened",
    "wave 30: biome market owner=host leave",
    "wave 30: drained 1 milestone reward continuation(s)",
    "wave 30: guest chose Crossroads Leave through public UI",
    "wave 30: guest drove World Map via public UI=true and both consumed 1832939995405045:1:BIOME_PICK:9700035",
    "wave 31 turn 1: replay guest crossed cmd:31:1 through real public COMMAND=opened",
    "wave 31: BIOME 3->5",
    "wave 31: host slot move=85 guest slot move=247",
    "wave 31 turn 1: progress enemyHp=[69:0/64,918:0/75] playerHp=[493:1872/1872,150:1731/1731]",
    "wave 31: reward shop owner=host leave",
    "wave 32 turn 1: replay guest crossed cmd:32:1 through real public COMMAND=opened",
    "wave 32: host slot move=34 guest slot move=53",
    "wave 32 turn 1: progress enemyHp=[415:0/52,548:0/51] playerHp=[493:1872/1872,150:1731/1731]",
    "wave 32: reward shop owner=guest take-nonparty",
    "wave 33 turn 1: replay guest crossed cmd:33:1 through real public COMMAND=opened",
    "wave 33: host slot move=85 guest slot move=85",
    "wave 33 turn 1: guest SWITCH -> party[3]",
    "wave 33 turn 1: progress enemyHp=[944:0/50,267:62/62] playerHp=[493:1868/1872,384:1720/1721]",
    "wave 33 turn 2: replay guest crossed cmd:33:2 through real public COMMAND=opened",
    "wave 33 turn 2: guest SWITCH -> party[3]",
    "wave 33: reward shop owner=host take-nonparty",
    "wave 34 turn 1: replay guest crossed cmd:34:1 through real public COMMAND=opened",
    "wave 34: host slot move=53 guest slot move=34",
    "wave 34 turn 1: progress enemyHp=[511:0/60,665:0/58] playerHp=[493:1868/1872,150:1731/1731]",
    "wave 34: reward shop owner=guest leave",
    "wave 35 turn 1: replay guest crossed cmd:35:1 through real public COMMAND=opened",
    "wave 35: TRAINER (fixed)",
    "wave 35: host slot move=85 guest slot move=247",
    "wave 35 turn 1: guest SWITCH -> party[3]",
    "wave 35 turn 1: progress enemyHp=[44:0/70,109:60/60] playerHp=[493:1865/1872,384:1718/1721]",
    "wave 35 turn 2: replay guest crossed cmd:35:2 through real public COMMAND=opened",
    "wave 35 turn 2: guest SWITCH -> party[3]",
    "wave 35: reward shop owner=host take-nonparty",
    "wave 35: guest chose Crossroads Leave through public UI",
    "wave 35: guest drove World Map via public UI=true and both consumed 1832939995405045:1:BIOME_PICK:9700041",
    "wave 36 turn 1: replay guest crossed cmd:36:1 through real public COMMAND=opened",
    "wave 36 turn 1: host SWITCH -> party[2]",
    "wave 36: host slot move=34 guest slot move=53",
    "wave 36 turn 1: guest SWITCH -> party[3]",
    "wave 36 turn 1: progress enemyHp=[585:70/70,70:82/82] playerHp=[890:2073/2073,384:1721/1721]",
    "wave 36 turn 2: replay guest crossed cmd:36:2 through real public COMMAND=opened",
    "wave 36: reward shop owner=host leave",
    "wave 37 turn 1: replay guest crossed cmd:37:1 through real public COMMAND=opened",
    "wave 37: host slot move=247 guest slot move=85",
    "wave 37 turn 1: progress enemyHp=[919:0/57,918:0/78] playerHp=[890:2073/2073,384:1721/1721]",
    "wave 37: reward shop owner=guest take-nonparty",
    "wave 38 turn 1: replay guest crossed cmd:38:1 through real public COMMAND=opened",
    "wave 38: host slot move=53 guest slot move=34",
    "wave 38 turn 1: guest SWITCH -> party[3]",
    "wave 38 turn 1: progress enemyHp=[10229:0/67,267:70/70] playerHp=[890:2073/2073,150:1731/1731]",
    "wave 38 turn 2: replay guest crossed cmd:38:2 through real public COMMAND=opened",
    "wave 38 turn 2: host SWITCH -> party[2]",
    "wave 38: reward shop owner=host leave",
    "wave 39 turn 1: replay guest crossed cmd:39:1 through real public COMMAND=opened",
    "wave 39: TRAINER (random)",
    "wave 39: host slot move=85 guest slot move=247",
    "wave 39 turn 1: progress enemyHp=[315:0/70,665:0/67] playerHp=[493:1872/1872,150:1731/1731]",
    "wave 39: reward shop owner=guest take-nonparty",
    "wave 40 turn 1: replay guest crossed cmd:40:1 through real public COMMAND=opened",
    "wave 40: host slot move=34 guest slot move=53",
    "wave 40 turn 1: progress enemyHp=[944:0/60,253:0/65] playerHp=[493:1869/1872,150:1731/1731]",
    "wave 40: biome market owner=host leave",
    "wave 40: drained 1 milestone reward continuation(s)",
    "wave 40: guest chose Crossroads Leave through public UI",
    "wave 40: guest drove World Map via public UI=true and both consumed 1832939995405045:1:BIOME_PICK:9700047",
    "wave 41 turn 1: replay guest crossed cmd:41:1 through real public COMMAND=opened",
    "wave 41: BIOME 5->27",
    "wave 41: host slot move=247 guest slot move=53",
    "wave 41 turn 1: progress enemyHp=[286:0/80,190:0/82] playerHp=[493:1872/1872,150:1731/1731]",
    "wave 41: reward shop owner=host take-nonparty",
    "wave 42 turn 1: replay guest crossed cmd:42:1 through real public COMMAND=opened",
    "wave 42: host slot move=53 guest slot move=34",
    "wave 42 turn 1: guest SWITCH -> party[3]",
    "wave 42 turn 1: progress enemyHp=[168:0/83,595:76/76] playerHp=[493:1872/1872,384:1721/1721]",
    "wave 42 turn 2: replay guest crossed cmd:42:2 through real public COMMAND=opened",
    "wave 42: reward shop owner=guest take-nonparty",
    "wave 43 turn 1: replay guest crossed cmd:43:1 through real public COMMAND=opened",
    "wave 43: host slot move=85 guest slot move=34",
    "wave 43 turn 1: progress enemyHp=[674:0/84,523:0/103] playerHp=[493:1872/1872,384:1721/1721]",
    "wave 43: reward shop owner=host take-nonparty",
    "wave 44 turn 1: replay guest crossed cmd:44:1 through real public COMMAND=opened",
    "wave 44: host slot move=34 guest slot move=53",
    "wave 44 turn 1: progress enemyHp=[515:0/94,590:0/88] playerHp=[493:1872/1872,384:1721/1721]",
    "wave 44: reward shop owner=guest leave",
    "wave 45 turn 1: replay guest crossed cmd:45:1 through real public COMMAND=opened",
    "wave 45: host slot move=247 guest slot move=85",
    "wave 45 turn 1: progress enemyHp=[510:0/92,510:0/92] playerHp=[493:1872/1872,384:1721/1721]",
    "wave 45: reward shop owner=host leave",
    "wave 45: guest chose Crossroads Leave through public UI",
    "wave 45: guest drove World Map via public UI=true and both consumed 1832939995405045:1:BIOME_PICK:9700053",
    "wave 46 turn 1: replay guest crossed cmd:46:1 through real public COMMAND=opened",
    "wave 46: BIOME 27->29",
    "wave 46: host slot move=247 guest slot move=34",
    "wave 46 turn 1: guest SWITCH -> party[3]",
    "wave 46 turn 1: progress enemyHp=[622:0/89,451:77/77] playerHp=[493:1872/1872,150:1727/1731]",
    "wave 46 turn 2: replay guest crossed cmd:46:2 through real public COMMAND=opened",
    "wave 46: reward shop owner=host leave",
    "wave 47 turn 1: replay guest crossed cmd:47:1 through real public COMMAND=opened",
    "wave 47: host slot move=85 guest slot move=53",
    "wave 47 turn 1: progress enemyHp=[177:0/75,93:0/74] playerHp=[493:1872/1872,150:1727/1731]",
    "wave 47: reward shop owner=guest take-nonparty",
    "wave 48 turn 1: replay guest crossed cmd:48:1 through real public COMMAND=opened",
    "wave 48: host slot move=85 guest slot move=53",
    "wave 48 turn 1: progress enemyHp=[679:0/78,93:0/82] playerHp=[493:1872/1872,150:1727/1731]",
    "wave 48: reward shop owner=host leave",
    "wave 49 turn 1: replay guest crossed cmd:49:1 through real public COMMAND=opened",
    "wave 49: host slot move=85 guest slot move=85",
    "wave 49 turn 1: progress enemyHp=[93:0/80,93:0/82] playerHp=[493:1872/1872,150:1727/1731]",
    "wave 49: reward shop owner=guest leave",
    "wave 50 turn 1: replay guest crossed cmd:50:1 through real public COMMAND=opened",
    "wave 50: host slot move=247 guest slot move=34",
    "wave 50 turn 1: progress enemyHp=[679:0/80,358:0/103] playerHp=[493:1872/1872,150:1727/1731]",
    "wave 50: biome market owner=host leave",
    "wave 50: drained 1 milestone reward continuation(s)",
    "wave 50: guest chose Crossroads Leave through public UI",
    "wave 50: guest drove World Map via public UI=true and both consumed 1832939995405045:1:BIOME_PICK:9700059",
    "wave 51 turn 1: replay guest crossed cmd:51:1 through real public COMMAND=opened",
    "wave 51: BIOME 29->14",
    "wave 51: host slot move=85 guest slot move=53",
    "wave 51 turn 1: guest SWITCH -> party[3]",
    "wave 51 turn 1: progress enemyHp=[332:0/107,947:88/93] playerHp=[493:1755/1872,384:1614/1721]",
    "wave 51 turn 2: replay guest crossed cmd:51:2 through real public COMMAND=opened",
    "wave 51: reward shop owner=host take-nonparty",
    "wave 52 turn 1: replay guest crossed cmd:52:1 through real public COMMAND=opened",
    "wave 52: host slot move=53 guest slot move=53",
    "wave 52 turn 1: progress enemyHp=[552:0/92,844:0/109] playerHp=[493:1521/1872,384:1400/1721]",
    "wave 52: reward shop owner=guest leave",
    "wave 52: drained 1 milestone reward continuation(s)",
    "wave 53 turn 1: replay guest crossed cmd:53:1 through real public COMMAND=opened",
    "wave 53: host slot move=247 guest slot move=247",
    "wave 53 turn 1: progress enemyHp=[563:0/105,552:0/100] playerHp=[493:1404/1872,384:1293/1721]",
    "wave 53: reward shop owner=host leave",
    "wave 53: drained 1 milestone reward continuation(s)",
    "wave 54 turn 1: replay guest crossed cmd:54:1 through real public COMMAND=opened",
    "wave 54: host slot move=34 guest slot move=53",
    "wave 54 turn 1: progress enemyHp=[843:0/99,450:0/138] playerHp=[493:1287/1872,384:1186/1721]",
    "wave 54: reward shop owner=guest leave",
    "wave 55 turn 1: replay guest crossed cmd:55:1 through real public COMMAND=opened",
    "wave 55: TRAINER (fixed)",
    "wave 55 turn 1: host SWITCH -> party[2]",
    "wave 55: host slot move=85 guest slot move=34",
    "wave 55 turn 1: progress enemyHp=[724:120/127,941:0/112] playerHp=[890:2073/2073,384:1079/1721]",
    "wave 55 turn 2: replay guest crossed cmd:55:2 through real public COMMAND=opened",
    "wave 55 turn 3: replay guest crossed cmd:55:3 through real public COMMAND=opened",
    "wave 55: reward shop owner=host take-nonparty",
    "wave 55: guest chose Crossroads Leave through public UI",
    "wave 55: guest drove World Map via public UI=true and both consumed 1832939995405045:1:BIOME_PICK:9700065",
    "wave 56 turn 1: replay guest crossed cmd:56:1 through real public COMMAND=opened",
    "wave 56: host slot move=247 guest slot move=247",
    "wave 56 turn 1: progress enemyHp=[552:0/100,472:0/119] playerHp=[890:2073/2073,384:758/1721]",
    "wave 56: reward shop owner=host leave",
    "wave 56: drained 1 milestone reward continuation(s)",
    "wave 57 turn 1: replay guest crossed cmd:57:1 through real public COMMAND=opened",
    "wave 57: host slot move=53 guest slot move=34",
    "wave 57 turn 1: progress enemyHp=[947:0/109,28:0/131] playerHp=[890:2073/2073,384:651/1721]",
    "wave 57: reward shop owner=guest leave",
    "wave 58 turn 1: replay guest crossed cmd:58:1 through real public COMMAND=opened",
    "wave 58: host slot move=34 guest slot move=34",
    "wave 58 turn 1: progress enemyHp=[552:0/100,844:0/120] playerHp=[890:2073/2073,384:544/1721]",
    "wave 58: reward shop owner=host leave",
    "wave 58: drained 1 milestone reward continuation(s)",
    "wave 59 turn 1: replay guest crossed cmd:59:1 through real public COMMAND=opened",
    "wave 59: host slot move=34 guest slot move=247",
    "wave 59 turn 1: progress enemyHp=[451:0/107,332:0/112] playerHp=[890:2073/2073,384:437/1721]",
    "wave 59: reward shop owner=guest leave",
    "wave 60 turn 1: replay guest crossed cmd:60:1 through real public COMMAND=opened",
    "wave 60: TRAINER (random)",
    "wave 60: host slot move=34 guest slot move=53",
    "wave 60 turn 1: progress enemyHp=[106:0/132,70035:0/157] playerHp=[890:2073/2073,384:330/1721]",
    "wave 60 turn 2: replay guest crossed cmd:60:2 through real public COMMAND=opened",
    "wave 60 turn 3: replay guest crossed cmd:60:3 through real public COMMAND=opened",
    "wave 60: biome market owner=host leave",
    "wave 60: drained 1 milestone reward continuation(s)",
    "wave 60: guest chose Crossroads Leave through public UI",
    "wave 60: guest drove World Map via public UI=true and both consumed 1832939995405045:1:BIOME_PICK:9700071",
    "wave 61 turn 1: replay guest crossed cmd:61:1 through real public COMMAND=opened",
    "wave 61: BIOME 14->22",
    "wave 61: host slot move=247 guest slot move=85",
    "wave 61 turn 1: progress enemyHp=[959:0/127,178:0/136] playerHp=[890:2073/2073,384:1721/1721]",
    "wave 61: reward shop owner=host leave",
    "wave 62 turn 1: replay guest crossed cmd:62:1 through real public COMMAND=opened",
    "wave 62: TRAINER (fixed)",
    "wave 62: host slot move=53 guest slot move=34",
    "wave 62 turn 1: progress enemyHp=[199:0/148,75:0/113] playerHp=[890:2073/2073,384:1709/1721]",
    "wave 62 turn 2: replay guest crossed cmd:62:2 through real public COMMAND=opened",
    "wave 62: reward shop owner=guest leave",
    "wave 63 turn 1: replay guest crossed cmd:63:1 through real public COMMAND=opened",
    "wave 63: host slot move=85 guest slot move=247",
    "wave 63 turn 1: progress enemyHp=[959:0/133,64:0/98] playerHp=[890:2073/2073,384:1709/1721]",
    "wave 63: reward shop owner=host take-nonparty",
    "wave 64 turn 1: replay guest crossed cmd:64:1 through real public COMMAND=opened",
    "wave 64: TRAINER (fixed)",
    "wave 64: host slot move=53 guest slot move=247",
    "wave 64 turn 1: progress enemyHp=[28:0/154,93:0/109] playerHp=[890:2073/2073,384:1709/1721]",
    "wave 64 turn 2: replay guest crossed cmd:64:2 through real public COMMAND=opened",
    "wave 64: reward shop owner=guest leave",
    "wave 65 turn 1: replay guest crossed cmd:65:1 through real public COMMAND=opened",
    "wave 65: host slot move=247 guest slot move=85",
    "wave 65 turn 1: progress enemyHp=[122:0/109,97:0/151] playerHp=[890:2073/2073,384:1709/1721]",
    "wave 65: reward shop owner=host leave",
    "wave 65: drained 1 milestone reward continuation(s)",
    "wave 66 turn 1: replay guest crossed cmd:66:1 through real public COMMAND=opened",
    "wave 66: TRAINER (fixed)",
    "wave 66: host slot move=53 guest slot move=34",
    "wave 66 turn 1: progress enemyHp=[10015:0/169,4110:0/160] playerHp=[890:2073/2073,384:1709/1721]",
    "wave 66 turn 2: replay guest crossed cmd:66:2 through real public COMMAND=opened",
    "wave 66 turn 3: replay guest crossed cmd:66:3 through real public COMMAND=opened",
    "wave 66: reward shop owner=guest take-nonparty",
    "wave 66: host drove World Map via public UI=true and both consumed 1832939995405045:0:BIOME_PICK:9700078",
    "wave 67 turn 1: replay guest crossed cmd:67:1 through real public COMMAND=opened",
    "wave 67: host slot move=34 guest slot move=247",
    "wave 67 turn 1: progress enemyHp=[344:0/131,326:0/140] playerHp=[890:2073/2073,384:1709/1721]",
    "wave 67: reward shop owner=guest leave",
    "wave 67: drained 1 milestone reward continuation(s)",
    "wave 68 turn 1: replay guest crossed cmd:68:1 through real public COMMAND=opened",
    "wave 68: host slot move=34 guest slot move=53",
    "wave 68 turn 1: progress enemyHp=[606:0/144,561:0/139] playerHp=[890:1696/2073,384:1709/1721]",
    "wave 68: reward shop owner=host take-nonparty",
    "wave 69 turn 1: replay guest crossed cmd:69:1 through real public COMMAND=opened",
    "wave 69: host slot move=247 guest slot move=53",
    "wave 69 turn 1: progress enemyHp=[97:0/160,201:0/131] playerHp=[890:1837/2073,384:1709/1721]",
    "wave 69: reward shop owner=guest leave",
    "wave 70 turn 1: replay guest crossed cmd:70:1 through real public COMMAND=opened",
    "wave 70: host slot move=85 guest slot move=34",
    "wave 70 turn 1: progress enemyHp=[576:0/178,178:0/163] playerHp=[890:1837/2073,384:1685/1721]"
  ]
}