{
  "invariant": "digest",
  "seed": 206780945,
  "wave": 6,
  "detail": "postShopScalarOverGrant - money host=0 guest=110 (guest OVER-grant)",
  "replay": "SOAK_SEED=206780945",
  "phaseState": null,
  "actionScript": [
    "SKIP mysteryEncounterDisabledV1",
    "content seed=coop-soak-206780945 preseeded=false",
    "wave 1 turn 1: committed frontier omitted seat 1; guest remained a replay spectator until host action",
    "wave 1: host slot move=85 guest slot move=0",
    "wave 1 turn 1: progress enemyHp=[16:0/14] playerHp=[890:2065/2065]",
    "wave 1: reward shop owner=host take-nonparty",
    "wave 2 turn 1: replay guest crossed cmd:2:1 through real public COMMAND=opened",
    "wave 2: host slot move=247 guest slot move=53",
    "wave 2 turn 1: progress enemyHp=[13:0/14,21:0/16] playerHp=[890:2060/2065,384:1715/1715]",
    "wave 2: reward shop owner=guest leave",
    "wave 3 turn 1: replay guest crossed cmd:3:1 through real public COMMAND=opened",
    "wave 3: host slot move=34 guest slot move=53",
    "wave 3 turn 1: progress enemyHp=[167:0/16,43:0/16] playerHp=[890:2055/2065,384:1715/1715]",
    "wave 3: reward shop owner=host leave",
    "wave 4 turn 1: replay guest crossed cmd:4:1 through real public COMMAND=opened",
    "wave 4: host slot move=85 guest slot move=247",
    "wave 4 turn 1: progress enemyHp=[509:18/18,261:0/16] playerHp=[890:2065/2065,384:1715/1715]",
    "wave 4: reward shop owner=guest leave",
    "wave 5 turn 1: replay guest crossed cmd:5:1 through real public COMMAND=opened",
    "wave 5: TRAINER (fixed)",
    "wave 5: host slot move=53 guest slot move=85",
    "wave 5 turn 1: progress enemyHp=[265:0/18,161:0/18] playerHp=[890:2060/2065,384:1715/1715]",
    "wave 5: reward shop owner=host leave",
    "wave 5: guest chose Crossroads Leave through public UI",
    "wave 5: guest drove World Map via public UI=true and both consumed 1831344644950610:1:BIOME_PICK:9700005",
    "wave 6 turn 1: replay guest crossed cmd:6:1 through real public COMMAND=opened",
    "wave 6: BIOME 0->1",
    "wave 6: host slot move=247 guest slot move=34",
    "wave 6 turn 1: progress enemyHp=[41:0/20,915:0/19] playerHp=[890:2065/2065,384:1715/1715]",
    "wave 6: reward shop owner=host leave"
  ]
}