===== COOP SOAK RESULT =====
profile: god
verdict: FAIL
waves_requested: 150
run: 33730687449 (main)
timestamp: 2026-09-03T08-02-02Z

----- driver lines -----
[22m[39m[coop-soak] SEED=20260903 WAVES=150 - replay this run with:  SOAK_SEED=20260903 SOAK_WAVES=150 ER_SCENARIO=1 npx vitest run test/tests/elite-redux/coop/coop-soak.test.ts
[22m[39m[coop-soak] FINDING wave 6 @post-shop (seed 206780945): guest scalar OVER-grant - money host=0 guest=110 (guest OVER-grant)
[31m[1mSoakInvariantError[22m: [coop-soak] NO-PARK invariant breached at wave 74 (seed 20260903): wave driving threw (strand/stall): guest replay HANG: stuck on CoopGuestFaintSwitchPhase - see dev-logs/coop-duo/. Artifact + both logs: /home/runner/work/elite-redux/elite-redux/dev-logs/coop-soak/2026-09-03T08-01-44-268Z__seed-20260903__wave-74. Replay: SOAK_SEED=20260903[39m

----- vitest result tail -----
[31m⎯⎯⎯⎯⎯⎯⎯[39m[1m[41m Failed Tests 2 [49m[22m[31m⎯⎯⎯⎯⎯⎯⎯[39m

[41m[1m FAIL [22m[49m [30m[45m main [49m[39m test/tests/elite-redux/coop/coop-soak.test.ts[2m:165:3[22m[2m > [22mNIGHTLY co-op SOAK: seeded randomized two-engine run (#841)[2m > [22mplays a seeded randomized co-op run asserting DIGEST/LOCKSTEP/NO-PARK/TEARDOWN each wave
[31m[1mSoakInvariantError[22m: [coop-soak] NO-PARK invariant breached at wave 74 (seed 20260903): wave driving threw (strand/stall): guest replay HANG: stuck on CoopGuestFaintSwitchPhase - see dev-logs/coop-duo/. Artifact + both logs: /home/runner/work/elite-redux/elite-redux/dev-logs/coop-soak/2026-09-03T08-01-44-268Z__seed-20260903__wave-74. Replay: SOAK_SEED=20260903[39m
[36m [2m❯[22m fail test/tools/coop-soak-driver.ts:[2m1791:11[22m[39m
    [90m1789|[39m       phaseState: phaseStateDump(rig),
    [90m1790|[39m     });
    [90m1791|[39m     throw new SoakInvariantError(invariant, seed, wave, detail, dir);
    [90m   |[39m           [31m^[39m
    [90m1792|[39m   };
    [90m1793|[39m
[90m [2m❯[22m runCoopSoak test/tools/coop-soak-driver.ts:[2m5386:7[22m[39m
[90m [2m❯[22m test/tests/elite-redux/coop/coop-soak.test.ts:[2m184:22[22m[39m

[31m[2m⎯⎯⎯⎯⎯⎯⎯⎯⎯⎯⎯⎯⎯⎯⎯⎯⎯⎯⎯⎯⎯⎯⎯⎯[1/2]⎯[22m[39m

[41m[1m FAIL [22m[49m [30m[45m main [49m[39m test/tests/elite-redux/coop/coop-soak.test.ts[2m:297:3[22m[2m > [22mNIGHTLY co-op SOAK: seeded randomized two-engine run (#841)[2m > [22mretained wave boundary keeps one X Attack exact on both clients through natural expiry without recovery
[31m[1mTypeError[22m: Cannot read properties of null (reading 'waveIndex')[39m
[36m [2m❯[22m GameData.getSessionSaveData src/system/game-data.ts:[2m2046:44[22m[39m
    [90m2044|[39m       money: Math.floor(globalScene.money),
    [90m2045|[39m       score: globalScene.score,
    [90m2046|[39m       waveIndex: globalScene.currentBattle.waveIndex,
    [90m   |[39m                                            [31m^[39m
    [90m2047|[39m       battleType: globalScene.currentBattle.battleType,
    [90m2048|[39m       battleFormat: globalScene.currentBattle.format.id,
[90m [2m❯[22m captureCoopSaveDataNormalized src/data/elite-redux/coop/coop-battle-engine.ts:[2m2231:40[22m[39m
[90m [2m❯[22m test/tools/coop-soak-driver.ts:[2m5195:27[22m[39m
[90m [2m❯[22m withClient test/tools/coop-duo-harness.ts:[2m757:18[22m[39m
[90m [2m❯[22m modifiersFor test/tools/coop-soak-driver.ts:[2m5194:7[22m[39m
[90m [2m❯[22m capturePostWaveState test/tools/coop-soak-driver.ts:[2m5210:34[22m[39m
[90m [2m❯[22m runCoopSoak test/tools/coop-soak-driver.ts:[2m5389:5[22m[39m

[31m[2m⎯⎯⎯⎯⎯⎯⎯⎯⎯⎯⎯⎯⎯⎯⎯⎯⎯⎯⎯⎯⎯⎯⎯⎯[2/2]⎯[22m[39m


[2m Test Files [22m [1m[31m1 failed[39m[22m[90m (1)[39m
[2m      Tests [22m [1m[31m2 failed[39m[22m[90m (2)[39m
[2m   Start at [22m 07:56:48
[2m   Duration [22m 313.51s[2m (transform 22.87s, setup 27.40s, import 338ms, tests 284.94s, environment 687ms)[22m

